E.......F.........EEEE..F...FFFFFF..EE............EEE.EE.......EEEEEEEEE [ 52%]
F.............................................F..F...EEEE...E....        [100%]
==================================== ERRORS ====================================
__________________ ERROR at setup of test_admin_notifications __________________

    @pytest.fixture
    def token():
        # Créer un utilisateur de test unique
        base_url = "http://127.0.0.1:8000"
        username = "testuser_" + ''.join(random.choices(string.ascii_lowercase + string.digits, k=6))
        email = username + "@example.com"
        password = "TestUser1234!"
        register_data = {
            "username": username,
            "email": email,
            "password": password,
            "password2": password,
            "user_type": "client",
            "first_name": "Test",
            "last_name": "User",
            "address": "Test Address",
            "phone_number": "+22500000000"
        }
        # Inscription
        requests.post(f"{base_url}/users/register/", json=register_data)
        # Connexion
        login_data = {"email": email, "password": password}
        resp = requests.post(f"{base_url}/users/login/", json=login_data)
>       assert resp.status_code == 200, f"Échec de la connexion test: {resp.text}"
E       AssertionError: Échec de la connexion test: <!DOCTYPE html>
E         <html lang="en">
E         <head>
E           <meta http-equiv="content-type" content="text/html; charset=utf-8">
E           <meta name="robots" content="NONE,NOARCHIVE">
E           <title>IntegrityError
E                   at /users/login/</title>
E           <style>
E             html * { padding:0; margin:0; }
E             body * { padding:10px 20px; }
E             body * * { padding:0; }
E             body { font-family: sans-serif; background-color:#fff; color:#000; }
E             body > :where(header, main, footer) { border-bottom:1px solid #ddd; }
E             h1 { font-weight:normal; }
E             h2 { margin-bottom:.8em; }
E             h3 { margin:1em 0 .5em 0; }
E             h4 { margin:0 0 .5em 0; font-weight: normal; }
E             code, pre { font-size: 100%; white-space: pre-wrap; word-break: break-word; }
E             summary { cursor: pointer; }
E             table { border:1px solid #ccc; border-collapse: collapse; width:100%; background:white; }
E             tbody td, tbody th { vertical-align:top; padding:2px 3px; }
E             thead th {
E               padding:1px 6px 1px 3px; background:#fefefe; text-align:left;
E               font-weight:normal; font-size: 0.6875rem; border:1px solid #ddd;
E             }
E             tbody th { width:12em; text-align:right; color:#666; padding-right:.5em; }
E             table.vars { margin:5px 10px 2px 40px; width: auto; }
E             table.vars td, table.req td { font-family:monospace; }
E             table td.code { width:100%; }
E             table td.code pre { overflow:hidden; }
E             table.source th { color:#666; }
E             table.source td { font-family:monospace; white-space:pre; border-bottom:1px solid #eee; }
E             ul.traceback { list-style-type:none; color: #222; }
E             ul.traceback li.cause { word-break: break-word; }
E             ul.traceback li.frame { padding-bottom:1em; color:#4f4f4f; }
E             ul.traceback li.user { background-color:#e0e0e0; color:#000 }
E             div.context { padding:10px 0; overflow:hidden; }
E             div.context ol { padding-left:30px; margin:0 10px; list-style-position: inside; }
E             div.context ol li { font-family:monospace; white-space:pre; color:#777; cursor:pointer; padding-left: 2px; }
E             div.context ol li pre { display:inline; }
E             div.context ol.context-line li { color:#464646; background-color:#dfdfdf; padding: 3px 2px; }
E             div.context ol.context-line li span { position:absolute; right:32px; }
E             .user div.context ol.context-line li { background-color:#bbb; color:#000; }
E             .user div.context ol li { color:#666; }
E             div.commands, summary.commands { margin-left: 40px; }
E             div.commands a, summary.commands { color:#555; text-decoration:none; }
E             .user div.commands a { color: black; }
E             #summary { background: #ffc; }
E             #summary h2 { font-weight: normal; color: #666; }
E             #info { padding: 0; }
E             #info > * { padding:10px 20px; }
E             #explanation { background:#eee; }
E             #template, #template-not-exist { background:#f6f6f6; }
E             #template-not-exist ul { margin: 0 0 10px 20px; }
E             #template-not-exist .postmortem-section { margin-bottom: 3px; }
E             #unicode-hint { background:#eee; }
E             #traceback { background:#eee; }
E             #requestinfo { background:#f6f6f6; padding-left:120px; }
E             #summary table { border:none; background:transparent; }
E             #requestinfo h2, #requestinfo h3 { position:relative; margin-left:-100px; }
E             #requestinfo h3 { margin-bottom:-1em; }
E             .error { background: #ffc; }
E             .specific { color:#cc3300; font-weight:bold; }
E             h2 span.commands { font-size: 0.7rem; font-weight:normal; }
E             span.commands a:link {color:#5E5694;}
E             pre.exception_value { font-family: sans-serif; color: #575757; font-size: 1.5rem; margin: 10px 0 10px 0; }
E             .append-bottom { margin-bottom: 10px; }
E             .fname { user-select: all; }
E           </style>
E           
E           <script>
E             function hideAll(elems) {
E               for (var e = 0; e < elems.length; e++) {
E                 elems[e].style.display = 'none';
E               }
E             }
E             window.onload = function() {
E               hideAll(document.querySelectorAll('ol.pre-context'));
E               hideAll(document.querySelectorAll('ol.post-context'));
E               hideAll(document.querySelectorAll('div.pastebin'));
E             }
E             function toggle() {
E               for (var i = 0; i < arguments.length; i++) {
E                 var e = document.getElementById(arguments[i]);
E                 if (e) {
E                   e.style.display = e.style.display == 'none' ? 'block': 'none';
E                 }
E               }
E               return false;
E             }
E             function switchPastebinFriendly(link) {
E               s1 = "Switch to copy-and-paste view";
E               s2 = "Switch back to interactive view";
E               link.textContent = link.textContent.trim() == s1 ? s2: s1;
E               toggle('browserTraceback', 'pastebinTraceback');
E               return false;
E             }
E           </script>
E           
E         </head>
E         <body>
E         <header id="summary">
E           <h1>IntegrityError
E                at /users/login/</h1>
E           <pre class="exception_value">FOREIGN KEY constraint failed</pre>
E           <table class="meta">
E         
E             <tr>
E               <th scope="row">Request Method:</th>
E               <td>POST</td>
E             </tr>
E             <tr>
E               <th scope="row">Request URL:</th>
E               <td>http://127.0.0.1:8000/users/login/</td>
E             </tr>
E         
E             <tr>
E               <th scope="row">Django Version:</th>
E               <td>5.2.4</td>
E             </tr>
E         
E             <tr>
E               <th scope="row">Exception Type:</th>
E               <td>IntegrityError</td>
E             </tr>
E         
E         
E             <tr>
E               <th scope="row">Exception Value:</th>
E               <td><pre>FOREIGN KEY constraint failed</pre></td>
E             </tr>
E         
E         
E             <tr>
E               <th scope="row">Exception Location:</th>
E               <td><span class="fname">/Users/mohamedbechirdiarra/Downloads/prototypeGamma/Backend/venv/lib/python3.13/site-packages/django/db/utils.py</span>, line 98, in inner</td>
E             </tr>
E         
E         
E             <tr>
E               <th scope="row">Raised during:</th>
E               <td>users.views.UserViewSet</td>
E             </tr>
E         
E             <tr>
E               <th scope="row">Python Executable:</th>
E               <td>/Users/mohamedbechirdiarra/Downloads/prototypeGamma/Backend/venv/bin/python3.13</td>
E             </tr>
E             <tr>
E               <th scope="row">Python Version:</th>
E               <td>3.13.5</td>
E             </tr>
E             <tr>
E               <th scope="row">Python Path:</th>
E               <td><pre><code>[&#x27;.&#x27;,
E          &#x27;/Users/mohamedbechirdiarra/Downloads/prototypeGamma/Backend/venv/bin&#x27;,
E          &#x27;/Users/mohamedbechirdiarra/Downloads/prototypeGamma&#x27;,
E          &#x27;/Users/mohamedbechirdiarra/Downloads/prototypeGamma/Backend&#x27;,
E          &#x27;/opt/homebrew/Cellar/python@3.13/3.13.5/Frameworks/Python.framework/Versions/3.13/lib/python313.zip&#x27;,
E          &#x27;/opt/homebrew/Cellar/python@3.13/3.13.5/Frameworks/Python.framework/Versions/3.13/lib/python3.13&#x27;,
E          &#x27;/opt/homebrew/Cellar/python@3.13/3.13.5/Frameworks/Python.framework/Versions/3.13/lib/python3.13/lib-dynload&#x27;,
E          &#x27;/Users/mohamedbechirdiarra/Downloads/prototypeGamma/Backend/venv/lib/python3.13/site-packages&#x27;]</code></pre></td>
E             </tr>
E             <tr>
E               <th scope="row">Server time:</th>
E               <td>Mon, 14 Jul 2025 11:43:11 +0000</td>
E             </tr>
E           </table>
E         </header>
E         
E         <main id="info">
E         
E         
E         
E         
E         <div id="traceback">
E           <h2>Traceback <span class="commands"><a href="#" role="button" onclick="return switchPastebinFriendly(this);">
E             Switch to copy-and-paste view</a></span>
E           </h2>
E           <div id="browserTraceback">
E             <ul class="traceback">
E               
E                 
E                 <li class="frame django">
E                   
E                     <code class="fname">/Users/mohamedbechirdiarra/Downloads/prototypeGamma/Backend/venv/lib/python3.13/site-packages/django/db/utils.py</code>, line 98, in inner
E                   
E         
E                   
E                     <div class="context" id="c4436604480">
E                       
E                         <ol start="91" class="pre-context" id="pre4436604480">
E                         
E                           <li onclick="toggle('pre4436604480', 'post4436604480')"><pre>                raise dj_exc_value.with_traceback(traceback) from exc_value</pre></li>
E                         
E                           <li onclick="toggle('pre4436604480', 'post4436604480')"><pre></pre></li>
E                         
E                           <li onclick="toggle('pre4436604480', 'post4436604480')"><pre>    def __call__(self, func):</pre></li>
E                         
E                           <li onclick="toggle('pre4436604480', 'post4436604480')"><pre>        # Note that we are intentionally not using @wraps here for performance</pre></li>
E                         
E                           <li onclick="toggle('pre4436604480', 'post4436604480')"><pre>        # reasons. Refs #21109.</pre></li>
E                         
E                           <li onclick="toggle('pre4436604480', 'post4436604480')"><pre>        def inner(*args, **kwargs):</pre></li>
E                         
E                           <li onclick="toggle('pre4436604480', 'post4436604480')"><pre>            with self:</pre></li>
E                         
E                         </ol>
E                       
E                       <ol start="98" class="context-line">
E                         <li onclick="toggle('pre4436604480', 'post4436604480')"><pre>                return func(*args, **kwargs)
E                                    ^^^^^^^^^^^^^^^^^^^^^</pre> <span>…</span></li>
E                       </ol>
E                       
E                         <ol start='99' class="post-context" id="post4436604480">
E                           
E                           <li onclick="toggle('pre4436604480', 'post4436604480')"><pre></pre></li>
E                           
E                           <li onclick="toggle('pre4436604480', 'post4436604480')"><pre>        return inner</pre></li>
E                           
E                           <li onclick="toggle('pre4436604480', 'post4436604480')"><pre></pre></li>
E                           
E                           <li onclick="toggle('pre4436604480', 'post4436604480')"><pre></pre></li>
E                           
E                           <li onclick="toggle('pre4436604480', 'post4436604480')"><pre>def load_backend(backend_name):</pre></li>
E                           
E                           <li onclick="toggle('pre4436604480', 'post4436604480')"><pre>    &quot;&quot;&quot;</pre></li>
E                           
E                       </ol>
E                       
E                     </div>
E                   
E         
E                   
E                     
E                       <details>
E                         <summary class="commands">Local vars</summary>
E                     
E                     <table class="vars" id="v4436604480">
E                       <thead>
E                         <tr>
E                           <th scope="col">Variable</th>
E                           <th scope="col">Value</th>
E                         </tr>
E                       </thead>
E                       <tbody>
E                         
E                           <tr>
E                             <td>args</td>
E                             <td class="code"><pre>()</pre></td>
E                           </tr>
E                         
E                           <tr>
E                             <td>func</td>
E                             <td class="code"><pre>&lt;built-in method fetchone of SQLiteCursorWrapper object at 0x108445010&gt;</pre></td>
E                           </tr>
E                         
E                           <tr>
E                             <td>kwargs</td>
E                             <td class="code"><pre>{}</pre></td>
E                           </tr>
E                         
E                           <tr>
E                             <td>self</td>
E                             <td class="code"><pre>&lt;django.db.utils.DatabaseErrorWrapper object at 0x10887b750&gt;</pre></td>
E                           </tr>
E                         
E                       </tbody>
E                     </table>
E                     </details>
E                   
E                 </li>
E               
E                 
E                   <li class="cause"><h3>
E                   
E                     The above exception (FOREIGN KEY constraint failed) was the direct cause of the following exception:
E                   
E                 </h3></li>
E                 
E                 <li class="frame django">
E                   
E                     <code class="fname">/Users/mohamedbechirdiarra/Downloads/prototypeGamma/Backend/venv/lib/python3.13/site-packages/django/core/handlers/exception.py</code>, line 42, in inner
E                   
E         
E                   
E                     <div class="context" id="c4436864640">
E                       
E                         <ol start="35" class="pre-context" id="pre4436864640">
E                         
E                           <li onclick="toggle('pre4436864640', 'post4436864640')"><pre>    can rely on getting a response instead of an exception.</pre></li>
E                         
E                           <li onclick="toggle('pre4436864640', 'post4436864640')"><pre>    &quot;&quot;&quot;</pre></li>
E                         
E                           <li onclick="toggle('pre4436864640', 'post4436864640')"><pre>    if iscoroutinefunction(get_response):</pre></li>
E                         
E                           <li onclick="toggle('pre4436864640', 'post4436864640')"><pre></pre></li>
E                         
E                           <li onclick="toggle('pre4436864640', 'post4436864640')"><pre>        @wraps(get_response)</pre></li>
E                         
E                           <li onclick="toggle('pre4436864640', 'post4436864640')"><pre>        async def inner(request):</pre></li>
E                         
E                           <li onclick="toggle('pre4436864640', 'post4436864640')"><pre>            try:</pre></li>
E                         
E                         </ol>
E                       
E                       <ol start="42" class="context-line">
E                         <li onclick="toggle('pre4436864640', 'post4436864640')"><pre>                response = await get_response(request)
E                                        ^^^^^^^^^^^^^^^^^^^^^^^^^^^</pre> <span>…</span></li>
E                       </ol>
E                       
E                         <ol start='43' class="post-context" id="post4436864640">
E                           
E                           <li onclick="toggle('pre4436864640', 'post4436864640')"><pre>            except Exception as exc:</pre></li>
E                           
E                           <li onclick="toggle('pre4436864640', 'post4436864640')"><pre>                response = await sync_to_async(</pre></li>
E                           
E                           <li onclick="toggle('pre4436864640', 'post4436864640')"><pre>                    response_for_exception, thread_sensitive=False</pre></li>
E                           
E                           <li onclick="toggle('pre4436864640', 'post4436864640')"><pre>                )(request, exc)</pre></li>
E                           
E                           <li onclick="toggle('pre4436864640', 'post4436864640')"><pre>            return response</pre></li>
E                           
E                           <li onclick="toggle('pre4436864640', 'post4436864640')"><pre></pre></li>
E                           
E                       </ol>
E                       
E                     </div>
E                   
E         
E                   
E                     
E                       <details>
E                         <summary class="commands">Local vars</summary>
E                     
E                     <table class="vars" id="v4436864640">
E                       <thead>
E                         <tr>
E                           <th scope="col">Variable</th>
E                           <th scope="col">Value</th>
E                         </tr>
E                       </thead>
E                       <tbody>
E                         
E                           <tr>
E                             <td>exc</td>
E                             <td class="code"><pre>IntegrityError(&#x27;FOREIGN KEY constraint failed&#x27;)</pre></td>
E                           </tr>
E                         
E                           <tr>
E                             <td>get_response</td>
E                             <td class="code"><pre>&lt;bound method BaseHandler._get_response_async of &lt;django.core.handlers.asgi.ASGIHandler object at 0x107235940&gt;&gt;</pre></td>
E                           </tr>
E                         
E                           <tr>
E                             <td>request</td>
E                             <td class="code"><pre>&lt;ASGIRequest: POST &#x27;/users/login/&#x27;&gt;</pre></td>
E                           </tr>
E                         
E                       </tbody>
E                     </table>
E                     </details>
E                   
E                 </li>
E               
E                 
E                 <li class="frame django">
E                   
E                     <code class="fname">/Users/mohamedbechirdiarra/Downloads/prototypeGamma/Backend/venv/lib/python3.13/site-packages/django/core/handlers/base.py</code>, line 253, in _get_response_async
E                   
E         
E                   
E                     <div class="context" id="c4437510720">
E                       
E                         <ol start="246" class="pre-context" id="pre4437510720">
E                         
E                           <li onclick="toggle('pre4437510720', 'post4437510720')"><pre>            wrapped_callback = self.make_view_atomic(callback)</pre></li>
E                         
E                           <li onclick="toggle('pre4437510720', 'post4437510720')"><pre>            # If it is a synchronous view, run it in a subthread</pre></li>
E                         
E                           <li onclick="toggle('pre4437510720', 'post4437510720')"><pre>            if not iscoroutinefunction(wrapped_callback):</pre></li>
E                         
E                           <li onclick="toggle('pre4437510720', 'post4437510720')"><pre>                wrapped_callback = sync_to_async(</pre></li>
E                         
E                           <li onclick="toggle('pre4437510720', 'post4437510720')"><pre>                    wrapped_callback, thread_sensitive=True</pre></li>
E                         
E                           <li onclick="toggle('pre4437510720', 'post4437510720')"><pre>                )</pre></li>
E                         
E                           <li onclick="toggle('pre4437510720', 'post4437510720')"><pre>            try:</pre></li>
E                         
E                         </ol>
E                       
E                       <ol start="253" class="context-line">
E                         <li onclick="toggle('pre4437510720', 'post4437510720')"><pre>                response = await wrapped_callback(
E                                         </pre> <span>…</span></li>
E                       </ol>
E                       
E                         <ol start='254' class="post-context" id="post4437510720">
E                           
E                           <li onclick="toggle('pre4437510720', 'post4437510720')"><pre>                    request, *callback_args, **callback_kwargs</pre></li>
E                           
E                           <li onclick="toggle('pre4437510720', 'post4437510720')"><pre>                )</pre></li>
E                           
E                           <li onclick="toggle('pre4437510720', 'post4437510720')"><pre>            except Exception as e:</pre></li>
E                           
E                           <li onclick="toggle('pre4437510720', 'post4437510720')"><pre>                response = await sync_to_async(</pre></li>
E                           
E                           <li onclick="toggle('pre4437510720', 'post4437510720')"><pre>                    self.process_exception_by_middleware,</pre></li>
E                           
E                           <li onclick="toggle('pre4437510720', 'post4437510720')"><pre>                    thread_sensitive=True,</pre></li>
E                           
E                       </ol>
E                       
E                     </div>
E                   
E         
E                   
E                     
E                       <details>
E                         <summary class="commands">Local vars</summary>
E                     
E                     <table class="vars" id="v4437510720">
E                       <thead>
E                         <tr>
E                           <th scope="col">Variable</th>
E                           <th scope="col">Value</th>
E                         </tr>
E                       </thead>
E                       <tbody>
E                         
E                           <tr>
E                             <td>callback</td>
E                             <td class="code"><pre>&lt;function UserViewSet at 0x107747c40&gt;</pre></td>
E                           </tr>
E                         
E                           <tr>
E                             <td>callback_args</td>
E                             <td class="code"><pre>()</pre></td>
E                           </tr>
E                         
E                           <tr>
E                             <td>callback_kwargs</td>
E                             <td class="code"><pre>{}</pre></td>
E                           </tr>
E                         
E                           <tr>
E                             <td>middleware_method</td>
E                             <td class="code"><pre>&lt;asgiref.sync.SyncToAsync object at 0x10727f8c0&gt;</pre></td>
E                           </tr>
E                         
E                           <tr>
E                             <td>request</td>
E                             <td class="code"><pre>&lt;ASGIRequest: POST &#x27;/users/login/&#x27;&gt;</pre></td>
E                           </tr>
E                         
E                           <tr>
E                             <td>response</td>
E                             <td class="code"><pre>None</pre></td>
E                           </tr>
E                         
E                           <tr>
E                             <td>self</td>
E                             <td class="code"><pre>&lt;django.core.handlers.asgi.ASGIHandler object at 0x107235940&gt;</pre></td>
E                           </tr>
E                         
E                           <tr>
E                             <td>wrapped_callback</td>
E                             <td class="code"><pre>&lt;asgiref.sync.SyncToAsync object at 0x10877e030&gt;</pre></td>
E                           </tr>
E                         
E                       </tbody>
E                     </table>
E                     </details>
E                   
E                 </li>
E               
E                 
E                 <li class="frame django">
E                   
E                     <code class="fname">/Users/mohamedbechirdiarra/Downloads/prototypeGamma/Backend/venv/lib/python3.13/site-packages/django/views/decorators/csrf.py</code>, line 65, in _view_wrapper
E                   
E         
E                   
E                     <div class="context" id="c4436854208">
E                       
E                         <ol start="58" class="pre-context" id="pre4436854208">
E                         
E                           <li onclick="toggle('pre4436854208', 'post4436854208')"><pre></pre></li>
E                         
E                           <li onclick="toggle('pre4436854208', 'post4436854208')"><pre>        async def _view_wrapper(request, *args, **kwargs):</pre></li>
E                         
E                           <li onclick="toggle('pre4436854208', 'post4436854208')"><pre>            return await view_func(request, *args, **kwargs)</pre></li>
E                         
E                           <li onclick="toggle('pre4436854208', 'post4436854208')"><pre></pre></li>
E                         
E                           <li onclick="toggle('pre4436854208', 'post4436854208')"><pre>    else:</pre></li>
E                         
E                           <li onclick="toggle('pre4436854208', 'post4436854208')"><pre></pre></li>
E                         
E                           <li onclick="toggle('pre4436854208', 'post4436854208')"><pre>        def _view_wrapper(request, *args, **kwargs):</pre></li>
E                         
E                         </ol>
E                       
E                       <ol start="65" class="context-line">
E                         <li onclick="toggle('pre4436854208', 'post4436854208')"><pre>            return view_func(request, *args, **kwargs)
E                                ^^^^^^^^^^^^^^^^^^^^^^^^^^^^^^^^^^^</pre> <span>…</span></li>
E                       </ol>
E                       
E                         <ol start='66' class="post-context" id="post4436854208">
E                           
E                           <li onclick="toggle('pre4436854208', 'post4436854208')"><pre></pre></li>
E                           
E                           <li onclick="toggle('pre4436854208', 'post4436854208')"><pre>    _view_wrapper.csrf_exempt = True</pre></li>
E                           
E                           <li onclick="toggle('pre4436854208', 'post4436854208')"><pre></pre></li>
E                           
E                           <li onclick="toggle('pre4436854208', 'post4436854208')"><pre>    return wraps(view_func)(_view_wrapper)</pre></li>
E                           
E                       </ol>
E                       
E                     </div>
E                   
E         
E                   
E                     
E                       <details>
E                         <summary class="commands">Local vars</summary>
E                     
E                     <table class="vars" id="v4436854208">
E                       <thead>
E                         <tr>
E                           <th scope="col">Variable</th>
E                           <th scope="col">Value</th>
E                         </tr>
E                       </thead>
E                       <tbody>
E                         
E                           <tr>
E                             <td>args</td>
E                             <td class="code"><pre>()</pre></td>
E                           </tr>
E                         
E                           <tr>
E                             <td>kwargs</td>
E                             <td class="code"><pre>{}</pre></td>
E                           </tr>
E                         
E                           <tr>
E                             <td>request</td>
E                             <td class="code"><pre>&lt;ASGIRequest: POST &#x27;/users/login/&#x27;&gt;</pre></td>
E                           </tr>
E                         
E                           <tr>
E                             <td>view_func</td>
E                             <td class="code"><pre>&lt;function UserViewSet at 0x107747ba0&gt;</pre></td>
E                           </tr>
E                         
E                       </tbody>
E                     </table>
E                     </details>
E                   
E                 </li>
E               
E                 
E                 <li class="frame user">
E                   
E                     <code class="fname">/Users/mohamedbechirdiarra/Downloads/prototypeGamma/Backend/venv/lib/python3.13/site-packages/rest_framework/viewsets.py</code>, line 125, in view
E                   
E         
E                   
E                     <div class="context" id="c4437518528">
E                       
E                         <ol start="118" class="pre-context" id="pre4437518528">
E                         
E                           <li onclick="toggle('pre4437518528', 'post4437518528')"><pre>                setattr(self, method, handler)</pre></li>
E                         
E                           <li onclick="toggle('pre4437518528', 'post4437518528')"><pre></pre></li>
E                         
E                           <li onclick="toggle('pre4437518528', 'post4437518528')"><pre>            self.request = request</pre></li>
E                         
E                           <li onclick="toggle('pre4437518528', 'post4437518528')"><pre>            self.args = args</pre></li>
E                         
E                           <li onclick="toggle('pre4437518528', 'post4437518528')"><pre>            self.kwargs = kwargs</pre></li>
E                         
E                           <li onclick="toggle('pre4437518528', 'post4437518528')"><pre></pre></li>
E                         
E                           <li onclick="toggle('pre4437518528', 'post4437518528')"><pre>            # And continue as usual</pre></li>
E                         
E                         </ol>
E                       
E                       <ol start="125" class="context-line">
E                         <li onclick="toggle('pre4437518528', 'post4437518528')"><pre>            return self.dispatch(request, *args, **kwargs)
E                                 ^^^^^^^^^^^^^^^^^^^^^^^^^^^^^^^^^^^^^^^</pre> <span>…</span></li>
E                       </ol>
E                       
E                         <ol start='126' class="post-context" id="post4437518528">
E                           
E                           <li onclick="toggle('pre4437518528', 'post4437518528')"><pre></pre></li>
E                           
E                           <li onclick="toggle('pre4437518528', 'post4437518528')"><pre>        # take name and docstring from class</pre></li>
E                           
E                           <li onclick="toggle('pre4437518528', 'post4437518528')"><pre>        update_wrapper(view, cls, updated=())</pre></li>
E                           
E                           <li onclick="toggle('pre4437518528', 'post4437518528')"><pre></pre></li>
E                           
E                           <li onclick="toggle('pre4437518528', 'post4437518528')"><pre>        # and possible attributes set by decorators</pre></li>
E                           
E                           <li onclick="toggle('pre4437518528', 'post4437518528')"><pre>        # like csrf_exempt from dispatch</pre></li>
E                           
E                       </ol>
E                       
E                     </div>
E                   
E         
E                   
E                     
E                       <details>
E                         <summary class="commands">Local vars</summary>
E                     
E                     <table class="vars" id="v4437518528">
E                       <thead>
E                         <tr>
E                           <th scope="col">Variable</th>
E                           <th scope="col">Value</th>
E                         </tr>
E                       </thead>
E                       <tbody>
E                         
E                           <tr>
E                             <td>action</td>
E                             <td class="code"><pre>&#x27;login&#x27;</pre></td>
E                           </tr>
E                         
E                           <tr>
E                             <td>actions</td>
E                             <td class="code"><pre>{&#x27;post&#x27;: &#x27;login&#x27;}</pre></td>
E                           </tr>
E                         
E                           <tr>
E                             <td>args</td>
E                             <td class="code"><pre>()</pre></td>
E                           </tr>
E                         
E                           <tr>
E                             <td>cls</td>
E                             <td class="code"><pre>&lt;class &#x27;users.views.UserViewSet&#x27;&gt;</pre></td>
E                           </tr>
E                         
E                           <tr>
E                             <td>handler</td>
E                             <td class="code"><pre>&lt;bound method UserViewSet.login of &lt;users.views.UserViewSet object at 0x1082131d0&gt;&gt;</pre></td>
E                           </tr>
E                         
E                           <tr>
E                             <td>initkwargs</td>
E                             <td class="code"><pre>{}</pre></td>
E                           </tr>
E                         
E                           <tr>
E                             <td>kwargs</td>
E                             <td class="code"><pre>{}</pre></td>
E                           </tr>
E                         
E                           <tr>
E                             <td>method</td>
E                             <td class="code"><pre>&#x27;post&#x27;</pre></td>
E                           </tr>
E                         
E                           <tr>
E                             <td>request</td>
E                             <td class="code"><pre>&lt;ASGIRequest: POST &#x27;/users/login/&#x27;&gt;</pre></td>
E                           </tr>
E                         
E                           <tr>
E                             <td>self</td>
E                             <td class="code"><pre>&lt;users.views.UserViewSet object at 0x1082131d0&gt;</pre></td>
E                           </tr>
E                         
E                       </tbody>
E                     </table>
E                     </details>
E                   
E                 </li>
E               
E                 
E                 <li class="frame user">
E                   
E                     <code class="fname">/Users/mohamedbechirdiarra/Downloads/prototypeGamma/Backend/users/views.py</code>, line 641, in dispatch
E                   
E         
E                   
E                     <div class="context" id="c4437511104">
E                       
E                         <ol start="634" class="pre-context" id="pre4437511104">
E                         
E                           <li onclick="toggle('pre4437511104', 'post4437511104')"><pre>            phone = None</pre></li>
E                         
E                           <li onclick="toggle('pre4437511104', 'post4437511104')"><pre>            if hasattr(user, &#x27;client_profile&#x27;):</pre></li>
E                         
E                           <li onclick="toggle('pre4437511104', 'post4437511104')"><pre>                phone = getattr(user.client_profile, &#x27;phone&#x27;, None)</pre></li>
E                         
E                           <li onclick="toggle('pre4437511104', 'post4437511104')"><pre>            elif hasattr(user, &#x27;technician_profile&#x27;):</pre></li>
E                         
E                           <li onclick="toggle('pre4437511104', 'post4437511104')"><pre>                phone = getattr(user.technician_profile, &#x27;phone&#x27;, None)</pre></li>
E                         
E                           <li onclick="toggle('pre4437511104', 'post4437511104')"><pre>            if not phone:</pre></li>
E                         
E                           <li onclick="toggle('pre4437511104', 'post4437511104')"><pre>                return Response({&#x27;error&#x27;: &#x27;Numéro de téléphone obligatoire. Veuillez compléter votre profil.&#x27;}, status=403)</pre></li>
E                         
E                         </ol>
E                       
E                       <ol start="641" class="context-line">
E                         <li onclick="toggle('pre4437511104', 'post4437511104')"><pre>        return super().dispatch(request, *args, **kwargs)
E                             ^^^^^^^^^^^^^^^^^^^^^^^^^^^^^^^^^^^^^^^^^^</pre> <span>…</span></li>
E                       </ol>
E                       
E                         <ol start='642' class="post-context" id="post4437511104">
E                           
E                           <li onclick="toggle('pre4437511104', 'post4437511104')"><pre></pre></li>
E                           
E                           <li onclick="toggle('pre4437511104', 'post4437511104')"><pre>class SecurityDashboardView(APIView):</pre></li>
E                           
E                           <li onclick="toggle('pre4437511104', 'post4437511104')"><pre>    permission_classes = [IsAdminUser]</pre></li>
E                           
E                           <li onclick="toggle('pre4437511104', 'post4437511104')"><pre></pre></li>
E                           
E                           <li onclick="toggle('pre4437511104', 'post4437511104')"><pre>    def get(self, request):</pre></li>
E                           
E                           <li onclick="toggle('pre4437511104', 'post4437511104')"><pre>        now = timezone.now()</pre></li>
E                           
E                       </ol>
E                       
E                     </div>
E                   
E         
E                   
E                     
E                       <details>
E                         <summary class="commands">Local vars</summary>
E                     
E                     <table class="vars" id="v4437511104">
E                       <thead>
E                         <tr>
E                           <th scope="col">Variable</th>
E                           <th scope="col">Value</th>
E                         </tr>
E                       </thead>
E                       <tbody>
E                         
E                           <tr>
E                             <td>__class__</td>
E                             <td class="code"><pre>&lt;class &#x27;users.views.UserViewSet&#x27;&gt;</pre></td>
E                           </tr>
E                         
E                           <tr>
E                             <td>action</td>
E                             <td class="code"><pre>None</pre></td>
E                           </tr>
E                         
E                           <tr>
E                             <td>args</td>
E                             <td class="code"><pre>()</pre></td>
E                           </tr>
E                         
E                           <tr>
E                             <td>exempt_actions</td>
E                             <td class="code"><pre>[&#x27;register&#x27;, &#x27;login&#x27;, &#x27;refresh_token&#x27;, &#x27;update_profile&#x27;, &#x27;me&#x27;]</pre></td>
E                           </tr>
E                         
E                           <tr>
E                             <td>kwargs</td>
E                             <td class="code"><pre>{}</pre></td>
E                           </tr>
E                         
E                           <tr>
E                             <td>request</td>
E                             <td class="code"><pre>&lt;ASGIRequest: POST &#x27;/users/login/&#x27;&gt;</pre></td>
E                           </tr>
E                         
E                           <tr>
E                             <td>self</td>
E                             <td class="code"><pre>&lt;users.views.UserViewSet object at 0x1082131d0&gt;</pre></td>
E                           </tr>
E                         
E                       </tbody>
E                     </table>
E                     </details>
E                   
E                 </li>
E               
E                 
E                 <li class="frame user">
E                   
E                     <code class="fname">/Users/mohamedbechirdiarra/Downloads/prototypeGamma/Backend/venv/lib/python3.13/site-packages/rest_framework/views.py</code>, line 515, in dispatch
E                   
E         
E                   
E                     <div class="context" id="c4436859008">
E                       
E                         <ol start="508" class="pre-context" id="pre4436859008">
E                         
E                           <li onclick="toggle('pre4436859008', 'post4436859008')"><pre>                                  self.http_method_not_allowed)</pre></li>
E                         
E                           <li onclick="toggle('pre4436859008', 'post4436859008')"><pre>            else:</pre></li>
E                         
E                           <li onclick="toggle('pre4436859008', 'post4436859008')"><pre>                handler = self.http_method_not_allowed</pre></li>
E                         
E                           <li onclick="toggle('pre4436859008', 'post4436859008')"><pre></pre></li>
E                         
E                           <li onclick="toggle('pre4436859008', 'post4436859008')"><pre>            response = handler(request, *args, **kwargs)</pre></li>
E                         
E                           <li onclick="toggle('pre4436859008', 'post4436859008')"><pre></pre></li>
E                         
E                           <li onclick="toggle('pre4436859008', 'post4436859008')"><pre>        except Exception as exc:</pre></li>
E                         
E                         </ol>
E                       
E                       <ol start="515" class="context-line">
E                         <li onclick="toggle('pre4436859008', 'post4436859008')"><pre>            response = self.handle_exception(exc)
E                                     ^^^^^^^^^^^^^^^^^^^^^^^^^^</pre> <span>…</span></li>
E                       </ol>
E                       
E                         <ol start='516' class="post-context" id="post4436859008">
E                           
E                           <li onclick="toggle('pre4436859008', 'post4436859008')"><pre></pre></li>
E                           
E                           <li onclick="toggle('pre4436859008', 'post4436859008')"><pre>        self.response = self.finalize_response(request, response, *args, **kwargs)</pre></li>
E                           
E                           <li onclick="toggle('pre4436859008', 'post4436859008')"><pre>        return self.response</pre></li>
E                           
E                           <li onclick="toggle('pre4436859008', 'post4436859008')"><pre></pre></li>
E                           
E                           <li onclick="toggle('pre4436859008', 'post4436859008')"><pre>    def options(self, request, *args, **kwargs):</pre></li>
E                           
E                           <li onclick="toggle('pre4436859008', 'post4436859008')"><pre>        &quot;&quot;&quot;</pre></li>
E                           
E                       </ol>
E                       
E                     </div>
E                   
E         
E                   
E                     
E                       <details>
E                         <summary class="commands">Local vars</summary>
E                     
E                     <table class="vars" id="v4436859008">
E                       <thead>
E                         <tr>
E                           <th scope="col">Variable</th>
E                           <th scope="col">Value</th>
E                         </tr>
E                       </thead>
E                       <tbody>
E                         
E                           <tr>
E                             <td>args</td>
E                             <td class="code"><pre>()</pre></td>
E                           </tr>
E                         
E                           <tr>
E                             <td>handler</td>
E                             <td class="code"><pre>&lt;bound method UserViewSet.login of &lt;users.views.UserViewSet object at 0x1082131d0&gt;&gt;</pre></td>
E                           </tr>
E                         
E                           <tr>
E                             <td>kwargs</td>
E                             <td class="code"><pre>{}</pre></td>
E                           </tr>
E                         
E                           <tr>
E                             <td>request</td>
E                             <td class="code"><pre>&lt;rest_framework.request.Request: POST &#x27;/users/login/&#x27;&gt;</pre></td>
E                           </tr>
E                         
E                           <tr>
E                             <td>self</td>
E                             <td class="code"><pre>&lt;users.views.UserViewSet object at 0x1082131d0&gt;</pre></td>
E                           </tr>
E                         
E                       </tbody>
E                     </table>
E                     </details>
E                   
E                 </li>
E               
E                 
E                 <li class="frame user">
E                   
E                     <code class="fname">/Users/mohamedbechirdiarra/Downloads/prototypeGamma/Backend/venv/lib/python3.13/site-packages/rest_framework/views.py</code>, line 475, in handle_exception
E                   
E         
E                   
E                     <div class="context" id="c4436856576">
E                       
E                         <ol start="468" class="pre-context" id="pre4436856576">
E                         
E                           <li onclick="toggle('pre4436856576', 'post4436856576')"><pre></pre></li>
E                         
E                           <li onclick="toggle('pre4436856576', 'post4436856576')"><pre>        exception_handler = self.get_exception_handler()</pre></li>
E                         
E                           <li onclick="toggle('pre4436856576', 'post4436856576')"><pre></pre></li>
E                         
E                           <li onclick="toggle('pre4436856576', 'post4436856576')"><pre>        context = self.get_exception_handler_context()</pre></li>
E                         
E                           <li onclick="toggle('pre4436856576', 'post4436856576')"><pre>        response = exception_handler(exc, context)</pre></li>
E                         
E                           <li onclick="toggle('pre4436856576', 'post4436856576')"><pre></pre></li>
E                         
E                           <li onclick="toggle('pre4436856576', 'post4436856576')"><pre>        if response is None:</pre></li>
E                         
E                         </ol>
E                       
E                       <ol start="475" class="context-line">
E                         <li onclick="toggle('pre4436856576', 'post4436856576')"><pre>            self.raise_uncaught_exception(exc)
E                          ^^^^^^^^^^^^^^^^^^^^^^^^^^^^^^^^^^</pre> <span>…</span></li>
E                       </ol>
E                       
E                         <ol start='476' class="post-context" id="post4436856576">
E                           
E                           <li onclick="toggle('pre4436856576', 'post4436856576')"><pre></pre></li>
E                           
E                           <li onclick="toggle('pre4436856576', 'post4436856576')"><pre>        response.exception = True</pre></li>
E                           
E                           <li onclick="toggle('pre4436856576', 'post4436856576')"><pre>        return response</pre></li>
E                           
E                           <li onclick="toggle('pre4436856576', 'post4436856576')"><pre></pre></li>
E                           
E                           <li onclick="toggle('pre4436856576', 'post4436856576')"><pre>    def raise_uncaught_exception(self, exc):</pre></li>
E                           
E                           <li onclick="toggle('pre4436856576', 'post4436856576')"><pre>        if settings.DEBUG:</pre></li>
E                           
E                       </ol>
E                       
E                     </div>
E                   
E         
E                   
E                     
E                       <details>
E                         <summary class="commands">Local vars</summary>
E                     
E                     <table class="vars" id="v4436856576">
E                       <thead>
E                         <tr>
E                           <th scope="col">Variable</th>
E                           <th scope="col">Value</th>
E                         </tr>
E                       </thead>
E                       <tbody>
E                         
E                           <tr>
E                             <td>context</td>
E                             <td class="code"><pre>{&#x27;args&#x27;: (),
E          &#x27;kwargs&#x27;: {},
E          &#x27;request&#x27;: &lt;rest_framework.request.Request: POST &#x27;/users/login/&#x27;&gt;,
E          &#x27;view&#x27;: &lt;users.views.UserViewSet object at 0x1082131d0&gt;}</pre></td>
E                           </tr>
E                         
E                           <tr>
E                             <td>exc</td>
E                             <td class="code"><pre>IntegrityError(&#x27;FOREIGN KEY constraint failed&#x27;)</pre></td>
E                           </tr>
E                         
E                           <tr>
E                             <td>exception_handler</td>
E                             <td class="code"><pre>&lt;function exception_handler at 0x10770f100&gt;</pre></td>
E                           </tr>
E                         
E                           <tr>
E                             <td>response</td>
E                             <td class="code"><pre>None</pre></td>
E                           </tr>
E                         
E                           <tr>
E                             <td>self</td>
E                             <td class="code"><pre>&lt;users.views.UserViewSet object at 0x1082131d0&gt;</pre></td>
E                           </tr>
E                         
E                       </tbody>
E                     </table>
E                     </details>
E                   
E                 </li>
E               
E                 
E                 <li class="frame user">
E                   
E                     <code class="fname">/Users/mohamedbechirdiarra/Downloads/prototypeGamma/Backend/venv/lib/python3.13/site-packages/rest_framework/views.py</code>, line 486, in raise_uncaught_exception
E                   
E         
E                   
E                     <div class="context" id="c4436853568">
E                       
E                         <ol start="479" class="pre-context" id="pre4436853568">
E                         
E                           <li onclick="toggle('pre4436853568', 'post4436853568')"><pre></pre></li>
E                         
E                           <li onclick="toggle('pre4436853568', 'post4436853568')"><pre>    def raise_uncaught_exception(self, exc):</pre></li>
E                         
E                           <li onclick="toggle('pre4436853568', 'post4436853568')"><pre>        if settings.DEBUG:</pre></li>
E                         
E                           <li onclick="toggle('pre4436853568', 'post4436853568')"><pre>            request = self.request</pre></li>
E                         
E                           <li onclick="toggle('pre4436853568', 'post4436853568')"><pre>            renderer_format = getattr(request.accepted_renderer, &#x27;format&#x27;)</pre></li>
E                         
E                           <li onclick="toggle('pre4436853568', 'post4436853568')"><pre>            use_plaintext_traceback = renderer_format not in (&#x27;html&#x27;, &#x27;api&#x27;, &#x27;admin&#x27;)</pre></li>
E                         
E                           <li onclick="toggle('pre4436853568', 'post4436853568')"><pre>            request.force_plaintext_errors(use_plaintext_traceback)</pre></li>
E                         
E                         </ol>
E                       
E                       <ol start="486" class="context-line">
E                         <li onclick="toggle('pre4436853568', 'post4436853568')"><pre>        raise exc
E                      ^^^^^^^^^</pre> <span>…</span></li>
E                       </ol>
E                       
E                         <ol start='487' class="post-context" id="post4436853568">
E                           
E                           <li onclick="toggle('pre4436853568', 'post4436853568')"><pre></pre></li>
E                           
E                           <li onclick="toggle('pre4436853568', 'post4436853568')"><pre>    # Note: Views are made CSRF exempt from within `as_view` as to prevent</pre></li>
E                           
E                           <li onclick="toggle('pre4436853568', 'post4436853568')"><pre>    # accidental removal of this exemption in cases where `dispatch` needs to</pre></li>
E                           
E                           <li onclick="toggle('pre4436853568', 'post4436853568')"><pre>    # be overridden.</pre></li>
E                           
E                           <li onclick="toggle('pre4436853568', 'post4436853568')"><pre>    def dispatch(self, request, *args, **kwargs):</pre></li>
E                           
E                           <li onclick="toggle('pre4436853568', 'post4436853568')"><pre>        &quot;&quot;&quot;</pre></li>
E                           
E                       </ol>
E                       
E                     </div>
E                   
E         
E                   
E                     
E                       <details>
E                         <summary class="commands">Local vars</summary>
E                     
E                     <table class="vars" id="v4436853568">
E                       <thead>
E                         <tr>
E                           <th scope="col">Variable</th>
E                           <th scope="col">Value</th>
E                         </tr>
E                       </thead>
E                       <tbody>
E                         
E                           <tr>
E                             <td>exc</td>
E                             <td class="code"><pre>IntegrityError(&#x27;FOREIGN KEY constraint failed&#x27;)</pre></td>
E                           </tr>
E                         
E                           <tr>
E                             <td>renderer_format</td>
E                             <td class="code"><pre>&#x27;json&#x27;</pre></td>
E                           </tr>
E                         
E                           <tr>
E                             <td>request</td>
E                             <td class="code"><pre>&lt;rest_framework.request.Request: POST &#x27;/users/login/&#x27;&gt;</pre></td>
E                           </tr>
E                         
E                           <tr>
E                             <td>self</td>
E                             <td class="code"><pre>&lt;users.views.UserViewSet object at 0x1082131d0&gt;</pre></td>
E                           </tr>
E                         
E                           <tr>
E                             <td>use_plaintext_traceback</td>
E                             <td class="code"><pre>True</pre></td>
E                           </tr>
E                         
E                       </tbody>
E                     </table>
E                     </details>
E                   
E                 </li>
E               
E                 
E                 <li class="frame user">
E                   
E                     <code class="fname">/Users/mohamedbechirdiarra/Downloads/prototypeGamma/Backend/venv/lib/python3.13/site-packages/rest_framework/views.py</code>, line 512, in dispatch
E                   
E         
E                   
E                     <div class="context" id="c4436868800">
E                       
E                         <ol start="505" class="pre-context" id="pre4436868800">
E                         
E                           <li onclick="toggle('pre4436868800', 'post4436868800')"><pre>            # Get the appropriate handler method</pre></li>
E                         
E                           <li onclick="toggle('pre4436868800', 'post4436868800')"><pre>            if request.method.lower() in self.http_method_names:</pre></li>
E                         
E                           <li onclick="toggle('pre4436868800', 'post4436868800')"><pre>                handler = getattr(self, request.method.lower(),</pre></li>
E                         
E                           <li onclick="toggle('pre4436868800', 'post4436868800')"><pre>                                  self.http_method_not_allowed)</pre></li>
E                         
E                           <li onclick="toggle('pre4436868800', 'post4436868800')"><pre>            else:</pre></li>
E                         
E                           <li onclick="toggle('pre4436868800', 'post4436868800')"><pre>                handler = self.http_method_not_allowed</pre></li>
E                         
E                           <li onclick="toggle('pre4436868800', 'post4436868800')"><pre></pre></li>
E                         
E                         </ol>
E                       
E                       <ol start="512" class="context-line">
E                         <li onclick="toggle('pre4436868800', 'post4436868800')"><pre>            response = handler(request, *args, **kwargs)
E                                     ^^^^^^^^^^^^^^^^^^^^^^^^^^^^^^^^^</pre> <span>…</span></li>
E                       </ol>
E                       
E                         <ol start='513' class="post-context" id="post4436868800">
E                           
E                           <li onclick="toggle('pre4436868800', 'post4436868800')"><pre></pre></li>
E                           
E                           <li onclick="toggle('pre4436868800', 'post4436868800')"><pre>        except Exception as exc:</pre></li>
E                           
E                           <li onclick="toggle('pre4436868800', 'post4436868800')"><pre>            response = self.handle_exception(exc)</pre></li>
E                           
E                           <li onclick="toggle('pre4436868800', 'post4436868800')"><pre></pre></li>
E                           
E                           <li onclick="toggle('pre4436868800', 'post4436868800')"><pre>        self.response = self.finalize_response(request, response, *args, **kwargs)</pre></li>
E                           
E                           <li onclick="toggle('pre4436868800', 'post4436868800')"><pre>        return self.response</pre></li>
E                           
E                       </ol>
E                       
E                     </div>
E                   
E         
E                   
E                     
E                       <details>
E                         <summary class="commands">Local vars</summary>
E                     
E                     <table class="vars" id="v4436868800">
E                       <thead>
E                         <tr>
E                           <th scope="col">Variable</th>
E                           <th scope="col">Value</th>
E                         </tr>
E                       </thead>
E                       <tbody>
E                         
E                           <tr>
E                             <td>args</td>
E                             <td class="code"><pre>()</pre></td>
E                           </tr>
E                         
E                           <tr>
E                             <td>handler</td>
E                             <td class="code"><pre>&lt;bound method UserViewSet.login of &lt;users.views.UserViewSet object at 0x1082131d0&gt;&gt;</pre></td>
E                           </tr>
E                         
E                           <tr>
E                             <td>kwargs</td>
E                             <td class="code"><pre>{}</pre></td>
E                           </tr>
E                         
E                           <tr>
E                             <td>request</td>
E                             <td class="code"><pre>&lt;rest_framework.request.Request: POST &#x27;/users/login/&#x27;&gt;</pre></td>
E                           </tr>
E                         
E                           <tr>
E                             <td>self</td>
E                             <td class="code"><pre>&lt;users.views.UserViewSet object at 0x1082131d0&gt;</pre></td>
E                           </tr>
E                         
E                       </tbody>
E                     </table>
E                     </details>
E                   
E                 </li>
E               
E                 
E                 <li class="frame user">
E                   
E                     <code class="fname">/Users/mohamedbechirdiarra/Downloads/prototypeGamma/Backend/users/views.py</code>, line 382, in login
E                   
E         
E                   
E                     <div class="context" id="c4436866048">
E                       
E                         <ol start="375" class="pre-context" id="pre4436866048">
E                         
E                           <li onclick="toggle('pre4436866048', 'post4436866048')"><pre>                            event_type=&quot;login_high_risk&quot;</pre></li>
E                         
E                           <li onclick="toggle('pre4436866048', 'post4436866048')"><pre>                        )</pre></li>
E                         
E                           <li onclick="toggle('pre4436866048', 'post4436866048')"><pre>                    return Response({</pre></li>
E                         
E                           <li onclick="toggle('pre4436866048', 'post4436866048')"><pre>                        &#x27;otp_required&#x27;: True,</pre></li>
E                         
E                           <li onclick="toggle('pre4436866048', 'post4436866048')"><pre>                        &#x27;session_uuid&#x27;: str(otp.session_uuid),</pre></li>
E                         
E                           <li onclick="toggle('pre4436866048', 'post4436866048')"><pre>                        &#x27;message&#x27;: &#x27;Un code de vérification a été envoyé à votre email.&#x27;</pre></li>
E                         
E                           <li onclick="toggle('pre4436866048', 'post4436866048')"><pre>                    }, status=200)</pre></li>
E                         
E                         </ol>
E                       
E                       <ol start="382" class="context-line">
E                         <li onclick="toggle('pre4436866048', 'post4436866048')"><pre>                log_event(request, &#x27;login&#x27;, &#x27;success&#x27;, risk_score=risk_score, metadata={}, user=user)
E                              ^^^^^^^^^^^^^^^^^^^^^^^^^^^^^^^^^^^^^^^^^^^^^^^^^^^^^^^^^^^^^^^^^^^^^^^^^^^^^^^^^^^^^</pre> <span>…</span></li>
E                       </ol>
E                       
E                         <ol start='383' class="post-context" id="post4436866048">
E                           
E                           <li onclick="toggle('pre4436866048', 'post4436866048')"><pre>                refresh = RefreshToken.for_user(user)</pre></li>
E                           
E                           <li onclick="toggle('pre4436866048', 'post4436866048')"><pre>                return Response({</pre></li>
E                           
E                           <li onclick="toggle('pre4436866048', 'post4436866048')"><pre>                    &#x27;user&#x27;: UserSerializer(user).data,</pre></li>
E                           
E                           <li onclick="toggle('pre4436866048', 'post4436866048')"><pre>                    &#x27;profile&#x27;: self.get_profile_data(user),</pre></li>
E                           
E                           <li onclick="toggle('pre4436866048', 'post4436866048')"><pre>                    &#x27;refresh&#x27;: str(refresh),</pre></li>
E                           
E                           <li onclick="toggle('pre4436866048', 'post4436866048')"><pre>                    &#x27;access&#x27;: str(refresh.access_token),</pre></li>
E                           
E                       </ol>
E                       
E                     </div>
E                   
E         
E                   
E                     
E                       <details>
E                         <summary class="commands">Local vars</summary>
E                     
E                     <table class="vars" id="v4436866048">
E                       <thead>
E                         <tr>
E                           <th scope="col">Variable</th>
E                           <th scope="col">Value</th>
E                         </tr>
E                       </thead>
E                       <tbody>
E                         
E                           <tr>
E                             <td>email</td>
E                             <td class="code"><pre>&#x27;testuser_rq1soo@example.com&#x27;</pre></td>
E                           </tr>
E                         
E                           <tr>
E                             <td>password</td>
E                             <td class="code"><pre>&#x27;TestUser1234!&#x27;</pre></td>
E                           </tr>
E                         
E                           <tr>
E                             <td>request</td>
E                             <td class="code"><pre>&lt;rest_framework.request.Request: POST &#x27;/users/login/&#x27;&gt;</pre></td>
E                           </tr>
E                         
E                           <tr>
E                             <td>risk_score</td>
E                             <td class="code"><pre>0</pre></td>
E                           </tr>
E                         
E                           <tr>
E                             <td>self</td>
E                             <td class="code"><pre>&lt;users.views.UserViewSet object at 0x1082131d0&gt;</pre></td>
E                           </tr>
E                         
E                           <tr>
E                             <td>user</td>
E                             <td class="code"><pre>&lt;User: testuser_rq1soo (Client)&gt;</pre></td>
E                           </tr>
E                         
E                       </tbody>
E                     </table>
E                     </details>
E                   
E                 </li>
E               
E                 
E                 <li class="frame user">
E                   
E                     <code class="fname">/Users/mohamedbechirdiarra/Downloads/prototypeGamma/Backend/users/utils.py</code>, line 14, in log_event
E                   
E         
E                   
E                     <div class="context" id="c4436606208">
E                       
E                         <ol start="7" class="pre-context" id="pre4436606208">
E                         
E                           <li onclick="toggle('pre4436606208', 'post4436606208')"><pre>    if user is None:</pre></li>
E                         
E                           <li onclick="toggle('pre4436606208', 'post4436606208')"><pre>        user = request.user if hasattr(request, &#x27;user&#x27;) and request.user.is_authenticated else None</pre></li>
E                         
E                           <li onclick="toggle('pre4436606208', 'post4436606208')"><pre>    ip = request.META.get(&#x27;REMOTE_ADDR&#x27;)</pre></li>
E                         
E                           <li onclick="toggle('pre4436606208', 'post4436606208')"><pre>    user_agent = request.META.get(&#x27;HTTP_USER_AGENT&#x27;, &#x27;&#x27;)</pre></li>
E                         
E                           <li onclick="toggle('pre4436606208', 'post4436606208')"><pre>    geo_country = getattr(request, &#x27;geoip_country&#x27;, &#x27;&#x27;) or request.META.get(&#x27;GEOIP_COUNTRY&#x27;, &#x27;&#x27;)</pre></li>
E                         
E                           <li onclick="toggle('pre4436606208', 'post4436606208')"><pre>    geo_city = getattr(request, &#x27;geoip_city&#x27;, &#x27;&#x27;) or request.META.get(&#x27;GEOIP_CITY&#x27;, &#x27;&#x27;)</pre></li>
E                         
E                           <li onclick="toggle('pre4436606208', 'post4436606208')"><pre>    location = get_location_from_ip(ip)</pre></li>
E                         
E                         </ol>
E                       
E                       <ol start="14" class="context-line">
E                         <li onclick="toggle('pre4436606208', 'post4436606208')"><pre>    AuditLog.objects.create(
E                 ^</pre> <span>…</span></li>
E                       </ol>
E                       
E                         <ol start='15' class="post-context" id="post4436606208">
E                           
E                           <li onclick="toggle('pre4436606208', 'post4436606208')"><pre>        user=user,</pre></li>
E                           
E                           <li onclick="toggle('pre4436606208', 'post4436606208')"><pre>        ip_address=ip,</pre></li>
E                           
E                           <li onclick="toggle('pre4436606208', 'post4436606208')"><pre>        user_agent=user_agent,</pre></li>
E                           
E                           <li onclick="toggle('pre4436606208', 'post4436606208')"><pre>        event_type=event_type,</pre></li>
E                           
E                           <li onclick="toggle('pre4436606208', 'post4436606208')"><pre>        status=status,</pre></li>
E                           
E                           <li onclick="toggle('pre4436606208', 'post4436606208')"><pre>        geo_country=geo_country,</pre></li>
E                           
E                       </ol>
E                       
E                     </div>
E                   
E         
E                   
E                     
E                       <details>
E                         <summary class="commands">Local vars</summary>
E                     
E                     <table class="vars" id="v4436606208">
E                       <thead>
E                         <tr>
E                           <th scope="col">Variable</th>
E                           <th scope="col">Value</th>
E                         </tr>
E                       </thead>
E                       <tbody>
E                         
E                           <tr>
E                             <td>event_type</td>
E                             <td class="code"><pre>&#x27;login&#x27;</pre></td>
E                           </tr>
E                         
E                           <tr>
E                             <td>geo_city</td>
E                             <td class="code"><pre>&#x27;&#x27;</pre></td>
E                           </tr>
E                         
E                           <tr>
E                             <td>geo_country</td>
E                             <td class="code"><pre>&#x27;&#x27;</pre></td>
E                           </tr>
E                         
E                           <tr>
E                             <td>ip</td>
E                             <td class="code"><pre>&#x27;127.0.0.1&#x27;</pre></td>
E                           </tr>
E                         
E                           <tr>
E                             <td>location</td>
E                             <td class="code"><pre>None</pre></td>
E                           </tr>
E                         
E                           <tr>
E                             <td>metadata</td>
E                             <td class="code"><pre>{}</pre></td>
E                           </tr>
E                         
E                           <tr>
E                             <td>request</td>
E                             <td class="code"><pre>&lt;rest_framework.request.Request: POST &#x27;/users/login/&#x27;&gt;</pre></td>
E                           </tr>
E                         
E                           <tr>
E                             <td>risk_score</td>
E                             <td class="code"><pre>0</pre></td>
E                           </tr>
E                         
E                           <tr>
E                             <td>status</td>
E                             <td class="code"><pre>&#x27;success&#x27;</pre></td>
E                           </tr>
E                         
E                           <tr>
E                             <td>user</td>
E                             <td class="code"><pre>&lt;User: testuser_rq1soo (Client)&gt;</pre></td>
E                           </tr>
E                         
E                           <tr>
E                             <td>user_agent</td>
E                             <td class="code"><pre>&#x27;python-requests/2.32.4&#x27;</pre></td>
E                           </tr>
E                         
E                       </tbody>
E                     </table>
E                     </details>
E                   
E                 </li>
E               
E                 
E                 <li class="frame django">
E                   
E                     <code class="fname">/Users/mohamedbechirdiarra/Downloads/prototypeGamma/Backend/venv/lib/python3.13/site-packages/django/db/models/manager.py</code>, line 87, in manager_method
E                   
E         
E                   
E                     <div class="context" id="c4436539008">
E                       
E                         <ol start="80" class="pre-context" id="pre4436539008">
E                         
E                           <li onclick="toggle('pre4436539008', 'post4436539008')"><pre>        return []</pre></li>
E                         
E                           <li onclick="toggle('pre4436539008', 'post4436539008')"><pre></pre></li>
E                         
E                           <li onclick="toggle('pre4436539008', 'post4436539008')"><pre>    @classmethod</pre></li>
E                         
E                           <li onclick="toggle('pre4436539008', 'post4436539008')"><pre>    def _get_queryset_methods(cls, queryset_class):</pre></li>
E                         
E                           <li onclick="toggle('pre4436539008', 'post4436539008')"><pre>        def create_method(name, method):</pre></li>
E                         
E                           <li onclick="toggle('pre4436539008', 'post4436539008')"><pre>            @wraps(method)</pre></li>
E                         
E                           <li onclick="toggle('pre4436539008', 'post4436539008')"><pre>            def manager_method(self, *args, **kwargs):</pre></li>
E                         
E                         </ol>
E                       
E                       <ol start="87" class="context-line">
E                         <li onclick="toggle('pre4436539008', 'post4436539008')"><pre>                return getattr(self.get_queryset(), name)(*args, **kwargs)
E                                    ^^^^^^^^^^^^^^^^^^^^^^^^^^^^^^^^^^^^^^^^^^^^^^^^^^^</pre> <span>…</span></li>
E                       </ol>
E                       
E                         <ol start='88' class="post-context" id="post4436539008">
E                           
E                           <li onclick="toggle('pre4436539008', 'post4436539008')"><pre></pre></li>
E                           
E                           <li onclick="toggle('pre4436539008', 'post4436539008')"><pre>            return manager_method</pre></li>
E                           
E                           <li onclick="toggle('pre4436539008', 'post4436539008')"><pre></pre></li>
E                           
E                           <li onclick="toggle('pre4436539008', 'post4436539008')"><pre>        new_methods = {}</pre></li>
E                           
E                           <li onclick="toggle('pre4436539008', 'post4436539008')"><pre>        for name, method in inspect.getmembers(</pre></li>
E                           
E                           <li onclick="toggle('pre4436539008', 'post4436539008')"><pre>            queryset_class, predicate=inspect.isfunction</pre></li>
E                           
E                       </ol>
E                       
E                     </div>
E                   
E         
E                   
E                     
E                       <details>
E                         <summary class="commands">Local vars</summary>
E                     
E                     <table class="vars" id="v4436539008">
E                       <thead>
E                         <tr>
E                           <th scope="col">Variable</th>
E                           <th scope="col">Value</th>
E                         </tr>
E                       </thead>
E                       <tbody>
E                         
E                           <tr>
E                             <td>args</td>
E                             <td class="code"><pre>()</pre></td>
E                           </tr>
E                         
E                           <tr>
E                             <td>kwargs</td>
E                             <td class="code"><pre>{&#x27;event_type&#x27;: &#x27;login&#x27;,
E          &#x27;geo_city&#x27;: &#x27;&#x27;,
E          &#x27;geo_country&#x27;: &#x27;&#x27;,
E          &#x27;ip_address&#x27;: &#x27;127.0.0.1&#x27;,
E          &#x27;location&#x27;: None,
E          &#x27;metadata&#x27;: {},
E          &#x27;risk_score&#x27;: 0,
E          &#x27;status&#x27;: &#x27;success&#x27;,
E          &#x27;user&#x27;: &lt;User: testuser_rq1soo (Client)&gt;,
E          &#x27;user_agent&#x27;: &#x27;python-requests/2.32.4&#x27;}</pre></td>
E                           </tr>
E                         
E                           <tr>
E                             <td>name</td>
E                             <td class="code"><pre>&#x27;create&#x27;</pre></td>
E                           </tr>
E                         
E                           <tr>
E                             <td>self</td>
E                             <td class="code"><pre>&lt;django.db.models.manager.Manager object at 0x10840cad0&gt;</pre></td>
E                           </tr>
E                         
E                       </tbody>
E                     </table>
E                     </details>
E                   
E                 </li>
E               
E                 
E                 <li class="frame django">
E                   
E                     <code class="fname">/Users/mohamedbechirdiarra/Downloads/prototypeGamma/Backend/venv/lib/python3.13/site-packages/django/db/models/query.py</code>, line 663, in create
E                   
E         
E                   
E                     <div class="context" id="c4436594944">
E                       
E                         <ol start="656" class="pre-context" id="pre4436594944">
E                         
E                           <li onclick="toggle('pre4436594944', 'post4436594944')"><pre>            raise ValueError(</pre></li>
E                         
E                           <li onclick="toggle('pre4436594944', 'post4436594944')"><pre>                &quot;The following fields do not exist in this model: %s&quot;</pre></li>
E                         
E                           <li onclick="toggle('pre4436594944', 'post4436594944')"><pre>                % &quot;, &quot;.join(reverse_one_to_one_fields)</pre></li>
E                         
E                           <li onclick="toggle('pre4436594944', 'post4436594944')"><pre>            )</pre></li>
E                         
E                           <li onclick="toggle('pre4436594944', 'post4436594944')"><pre></pre></li>
E                         
E                           <li onclick="toggle('pre4436594944', 'post4436594944')"><pre>        obj = self.model(**kwargs)</pre></li>
E                         
E                           <li onclick="toggle('pre4436594944', 'post4436594944')"><pre>        self._for_write = True</pre></li>
E                         
E                         </ol>
E                       
E                       <ol start="663" class="context-line">
E                         <li onclick="toggle('pre4436594944', 'post4436594944')"><pre>        obj.save(force_insert=True, using=self.db)
E                      ^^^^^^^^^^^^^^^^^^^^^^^^^^^^^^^^^^^^^^^^^^</pre> <span>…</span></li>
E                       </ol>
E                       
E                         <ol start='664' class="post-context" id="post4436594944">
E                           
E                           <li onclick="toggle('pre4436594944', 'post4436594944')"><pre>        return obj</pre></li>
E                           
E                           <li onclick="toggle('pre4436594944', 'post4436594944')"><pre></pre></li>
E                           
E                           <li onclick="toggle('pre4436594944', 'post4436594944')"><pre>    create.alters_data = True</pre></li>
E                           
E                           <li onclick="toggle('pre4436594944', 'post4436594944')"><pre></pre></li>
E                           
E                           <li onclick="toggle('pre4436594944', 'post4436594944')"><pre>    async def acreate(self, **kwargs):</pre></li>
E                           
E                           <li onclick="toggle('pre4436594944', 'post4436594944')"><pre>        return await sync_to_async(self.create)(**kwargs)</pre></li>
E                           
E                       </ol>
E                       
E                     </div>
E                   
E         
E                   
E                     
E                       <details>
E                         <summary class="commands">Local vars</summary>
E                     
E                     <table class="vars" id="v4436594944">
E                       <thead>
E                         <tr>
E                           <th scope="col">Variable</th>
E                           <th scope="col">Value</th>
E                         </tr>
E                       </thead>
E                       <tbody>
E                         
E                           <tr>
E                             <td>kwargs</td>
E                             <td class="code"><pre>{&#x27;event_type&#x27;: &#x27;login&#x27;,
E          &#x27;geo_city&#x27;: &#x27;&#x27;,
E          &#x27;geo_country&#x27;: &#x27;&#x27;,
E          &#x27;ip_address&#x27;: &#x27;127.0.0.1&#x27;,
E          &#x27;location&#x27;: None,
E          &#x27;metadata&#x27;: {},
E          &#x27;risk_score&#x27;: 0,
E          &#x27;status&#x27;: &#x27;success&#x27;,
E          &#x27;user&#x27;: &lt;User: testuser_rq1soo (Client)&gt;,
E          &#x27;user_agent&#x27;: &#x27;python-requests/2.32.4&#x27;}</pre></td>
E                           </tr>
E                         
E                           <tr>
E                             <td>obj</td>
E                             <td class="code"><pre>&lt;AuditLog: [2025-07-14 11:43:11.580568+00:00] testuser_rq1soo (Client) - login (success)&gt;</pre></td>
E                           </tr>
E                         
E                           <tr>
E                             <td>reverse_one_to_one_fields</td>
E                             <td class="code"><pre>frozenset()</pre></td>
E                           </tr>
E                         
E                           <tr>
E                             <td>self</td>
E                             <td class="code"><pre>&lt;QuerySet [&lt;AuditLog: [2025-07-14 11:20:26.143987+00:00] None - login (failure)&gt;, &lt;AuditLog: [2025-07-14 11:20:26.172163+00:00] None - login (failure)&gt;, &lt;AuditLog: [2025-07-14 11:20:26.440678+00:00] None - login (failure)&gt;, &lt;AuditLog: [2025-07-14 11:20:26.472641+00:00] None - login (failure)&gt;, &lt;AuditLog: [2025-07-14 11:20:42.818165+00:00] None - login (failure)&gt;, &lt;AuditLog: [2025-07-14 11:20:42.834927+00:00] None - login (failure)&gt;, &lt;AuditLog: [2025-07-14 11:20:42.840926+00:00] None - login (failure)&gt;, &lt;AuditLog: [2025-07-14 11:20:42.849907+00:00] None - login (failure)&gt;, &lt;AuditLog: [2025-07-14 11:20:42.855760+00:00] None - login (failure)&gt;, &lt;AuditLog: [2025-07-14 11:20:42.866003+00:00] None - login (failure)&gt;, &lt;AuditLog: [2025-07-14 11:20:42.871786+00:00] None - login (failure)&gt;, &lt;AuditLog: [2025-07-14 11:20:42.878738+00:00] None - login (failure)&gt;, &lt;AuditLog: [2025-07-14 11:20:42.887097+00:00] None - login (failure)&gt;, &lt;AuditLog: [2025-07-14 11:20:42.933562+00:00] None - login (failure)&gt;, &lt;AuditLog: [2025-07-14 11:20:42.948908+00:00] None - login (failure)&gt;, &lt;AuditLog: [2025-07-14 11:20:42.955057+00:00] None - login (failure)&gt;, &lt;AuditLog: [2025-07-14 11:20:43.030569+00:00] None - login (failure)&gt;, &lt;AuditLog: [2025-07-14 11:20:43.035801+00:00] None - login (failure)&gt;, &lt;AuditLog: [2025-07-14 11:20:43.041067+00:00] None - login (failure)&gt;, &lt;AuditLog: [2025-07-14 11:20:43.057293+00:00] None - login (failure)&gt;, &#x27;...(remaining elements truncated)...&#x27;]&gt;</pre></td>
E                           </tr>
E                         
E                       </tbody>
E                     </table>
E                     </details>
E                   
E                 </li>
E               
E                 
E                 <li class="frame django">
E                   
E                     <code class="fname">/Users/mohamedbechirdiarra/Downloads/prototypeGamma/Backend/venv/lib/python3.13/site-packages/django/db/models/base.py</code>, line 902, in save
E                   
E         
E                   
E                     <div class="context" id="c4436603968">
E                       
E                         <ol start="895" class="pre-context" id="pre4436603968">
E                         
E                           <li onclick="toggle('pre4436603968', 'post4436603968')"><pre>            for field in self._meta.concrete_fields:</pre></li>
E                         
E                           <li onclick="toggle('pre4436603968', 'post4436603968')"><pre>                if field not in pk_fields and not hasattr(field, &quot;through&quot;):</pre></li>
E                         
E                           <li onclick="toggle('pre4436603968', 'post4436603968')"><pre>                    field_names.add(field.attname)</pre></li>
E                         
E                           <li onclick="toggle('pre4436603968', 'post4436603968')"><pre>            loaded_fields = field_names.difference(deferred_non_generated_fields)</pre></li>
E                         
E                           <li onclick="toggle('pre4436603968', 'post4436603968')"><pre>            if loaded_fields:</pre></li>
E                         
E                           <li onclick="toggle('pre4436603968', 'post4436603968')"><pre>                update_fields = frozenset(loaded_fields)</pre></li>
E                         
E                           <li onclick="toggle('pre4436603968', 'post4436603968')"><pre></pre></li>
E                         
E                         </ol>
E                       
E                       <ol start="902" class="context-line">
E                         <li onclick="toggle('pre4436603968', 'post4436603968')"><pre>        self.save_base(
E                      ^</pre> <span>…</span></li>
E                       </ol>
E                       
E                         <ol start='903' class="post-context" id="post4436603968">
E                           
E                           <li onclick="toggle('pre4436603968', 'post4436603968')"><pre>            using=using,</pre></li>
E                           
E                           <li onclick="toggle('pre4436603968', 'post4436603968')"><pre>            force_insert=force_insert,</pre></li>
E                           
E                           <li onclick="toggle('pre4436603968', 'post4436603968')"><pre>            force_update=force_update,</pre></li>
E                           
E                           <li onclick="toggle('pre4436603968', 'post4436603968')"><pre>            update_fields=update_fields,</pre></li>
E                           
E                           <li onclick="toggle('pre4436603968', 'post4436603968')"><pre>        )</pre></li>
E                           
E                           <li onclick="toggle('pre4436603968', 'post4436603968')"><pre></pre></li>
E                           
E                       </ol>
E                       
E                     </div>
E                   
E         
E                   
E                     
E                       <details>
E                         <summary class="commands">Local vars</summary>
E                     
E                     <table class="vars" id="v4436603968">
E                       <thead>
E                         <tr>
E                           <th scope="col">Variable</th>
E                           <th scope="col">Value</th>
E                         </tr>
E                       </thead>
E                       <tbody>
E                         
E                           <tr>
E                             <td>args</td>
E                             <td class="code"><pre>()</pre></td>
E                           </tr>
E                         
E                           <tr>
E                             <td>deferred_non_generated_fields</td>
E                             <td class="code"><pre>set()</pre></td>
E                           </tr>
E                         
E                           <tr>
E                             <td>force_insert</td>
E                             <td class="code"><pre>True</pre></td>
E                           </tr>
E                         
E                           <tr>
E                             <td>force_update</td>
E                             <td class="code"><pre>False</pre></td>
E                           </tr>
E                         
E                           <tr>
E                             <td>self</td>
E                             <td class="code"><pre>&lt;AuditLog: [2025-07-14 11:43:11.580568+00:00] testuser_rq1soo (Client) - login (success)&gt;</pre></td>
E                           </tr>
E                         
E                           <tr>
E                             <td>update_fields</td>
E                             <td class="code"><pre>None</pre></td>
E                           </tr>
E                         
E                           <tr>
E                             <td>using</td>
E                             <td class="code"><pre>&#x27;default&#x27;</pre></td>
E                           </tr>
E                         
E                       </tbody>
E                     </table>
E                     </details>
E                   
E                 </li>
E               
E                 
E                 <li class="frame django">
E                   
E                     <code class="fname">/Users/mohamedbechirdiarra/Downloads/prototypeGamma/Backend/venv/lib/python3.13/site-packages/django/db/models/base.py</code>, line 1008, in save_base
E                   
E         
E                   
E                     <div class="context" id="c4436601536">
E                       
E                         <ol start="1001" class="pre-context" id="pre4436601536">
E                         
E                           <li onclick="toggle('pre4436601536', 'post4436601536')"><pre>            parent_inserted = False</pre></li>
E                         
E                           <li onclick="toggle('pre4436601536', 'post4436601536')"><pre>            if not raw:</pre></li>
E                         
E                           <li onclick="toggle('pre4436601536', 'post4436601536')"><pre>                # Validate force insert only when parents are inserted.</pre></li>
E                         
E                           <li onclick="toggle('pre4436601536', 'post4436601536')"><pre>                force_insert = self._validate_force_insert(force_insert)</pre></li>
E                         
E                           <li onclick="toggle('pre4436601536', 'post4436601536')"><pre>                parent_inserted = self._save_parents(</pre></li>
E                         
E                           <li onclick="toggle('pre4436601536', 'post4436601536')"><pre>                    cls, using, update_fields, force_insert</pre></li>
E                         
E                           <li onclick="toggle('pre4436601536', 'post4436601536')"><pre>                )</pre></li>
E                         
E                         </ol>
E                       
E                       <ol start="1008" class="context-line">
E                         <li onclick="toggle('pre4436601536', 'post4436601536')"><pre>            updated = self._save_table(
E                                     </pre> <span>…</span></li>
E                       </ol>
E                       
E                         <ol start='1009' class="post-context" id="post4436601536">
E                           
E                           <li onclick="toggle('pre4436601536', 'post4436601536')"><pre>                raw,</pre></li>
E                           
E                           <li onclick="toggle('pre4436601536', 'post4436601536')"><pre>                cls,</pre></li>
E                           
E                           <li onclick="toggle('pre4436601536', 'post4436601536')"><pre>                force_insert or parent_inserted,</pre></li>
E                           
E                           <li onclick="toggle('pre4436601536', 'post4436601536')"><pre>                force_update,</pre></li>
E                           
E                           <li onclick="toggle('pre4436601536', 'post4436601536')"><pre>                using,</pre></li>
E                           
E                           <li onclick="toggle('pre4436601536', 'post4436601536')"><pre>                update_fields,</pre></li>
E                           
E                       </ol>
E                       
E                     </div>
E                   
E         
E                   
E                     
E                       <details>
E                         <summary class="commands">Local vars</summary>
E                     
E                     <table class="vars" id="v4436601536">
E                       <thead>
E                         <tr>
E                           <th scope="col">Variable</th>
E                           <th scope="col">Value</th>
E                         </tr>
E                       </thead>
E                       <tbody>
E                         
E                           <tr>
E                             <td>cls</td>
E                             <td class="code"><pre>&lt;class &#x27;users.models.AuditLog&#x27;&gt;</pre></td>
E                           </tr>
E                         
E                           <tr>
E                             <td>context_manager</td>
E                             <td class="code"><pre>&lt;contextlib._GeneratorContextManager object at 0x108762200&gt;</pre></td>
E                           </tr>
E                         
E                           <tr>
E                             <td>force_insert</td>
E                             <td class="code"><pre>(&lt;class &#x27;users.models.AuditLog&#x27;&gt;,)</pre></td>
E                           </tr>
E                         
E                           <tr>
E                             <td>force_update</td>
E                             <td class="code"><pre>False</pre></td>
E                           </tr>
E                         
E                           <tr>
E                             <td>meta</td>
E                             <td class="code"><pre>&lt;Options for AuditLog&gt;</pre></td>
E                           </tr>
E                         
E                           <tr>
E                             <td>origin</td>
E                             <td class="code"><pre>&lt;class &#x27;users.models.AuditLog&#x27;&gt;</pre></td>
E                           </tr>
E                         
E                           <tr>
E                             <td>parent_inserted</td>
E                             <td class="code"><pre>False</pre></td>
E                           </tr>
E                         
E                           <tr>
E                             <td>raw</td>
E                             <td class="code"><pre>False</pre></td>
E                           </tr>
E                         
E                           <tr>
E                             <td>self</td>
E                             <td class="code"><pre>&lt;AuditLog: [2025-07-14 11:43:11.580568+00:00] testuser_rq1soo (Client) - login (success)&gt;</pre></td>
E                           </tr>
E                         
E                           <tr>
E                             <td>update_fields</td>
E                             <td class="code"><pre>None</pre></td>
E                           </tr>
E                         
E                           <tr>
E                             <td>using</td>
E                             <td class="code"><pre>&#x27;default&#x27;</pre></td>
E                           </tr>
E                         
E                       </tbody>
E                     </table>
E                     </details>
E                   
E                 </li>
E               
E                 
E                 <li class="frame django">
E                   
E                     <code class="fname">/Users/mohamedbechirdiarra/Downloads/prototypeGamma/Backend/venv/lib/python3.13/site-packages/django/db/models/base.py</code>, line 1169, in _save_table
E                   
E         
E                   
E                     <div class="context" id="c4436593088">
E                       
E                         <ol start="1162" class="pre-context" id="pre4436593088">
E                         
E                           <li onclick="toggle('pre4436593088', 'post4436593088')"><pre>                )</pre></li>
E                         
E                           <li onclick="toggle('pre4436593088', 'post4436593088')"><pre>            fields = [</pre></li>
E                         
E                           <li onclick="toggle('pre4436593088', 'post4436593088')"><pre>                f</pre></li>
E                         
E                           <li onclick="toggle('pre4436593088', 'post4436593088')"><pre>                for f in meta.local_concrete_fields</pre></li>
E                         
E                           <li onclick="toggle('pre4436593088', 'post4436593088')"><pre>                if not f.generated and (pk_set or f is not meta.auto_field)</pre></li>
E                         
E                           <li onclick="toggle('pre4436593088', 'post4436593088')"><pre>            ]</pre></li>
E                         
E                           <li onclick="toggle('pre4436593088', 'post4436593088')"><pre>            returning_fields = meta.db_returning_fields</pre></li>
E                         
E                         </ol>
E                       
E                       <ol start="1169" class="context-line">
E                         <li onclick="toggle('pre4436593088', 'post4436593088')"><pre>            results = self._do_insert(
E                                     </pre> <span>…</span></li>
E                       </ol>
E                       
E                         <ol start='1170' class="post-context" id="post4436593088">
E                           
E                           <li onclick="toggle('pre4436593088', 'post4436593088')"><pre>                cls._base_manager, using, fields, returning_fields, raw</pre></li>
E                           
E                           <li onclick="toggle('pre4436593088', 'post4436593088')"><pre>            )</pre></li>
E                           
E                           <li onclick="toggle('pre4436593088', 'post4436593088')"><pre>            if results:</pre></li>
E                           
E                           <li onclick="toggle('pre4436593088', 'post4436593088')"><pre>                for value, field in zip(results[0], returning_fields):</pre></li>
E                           
E                           <li onclick="toggle('pre4436593088', 'post4436593088')"><pre>                    setattr(self, field.attname, value)</pre></li>
E                           
E                           <li onclick="toggle('pre4436593088', 'post4436593088')"><pre>        return updated</pre></li>
E                           
E                       </ol>
E                       
E                     </div>
E                   
E         
E                   
E                     
E                       <details>
E                         <summary class="commands">Local vars</summary>
E                     
E                     <table class="vars" id="v4436593088">
E                       <thead>
E                         <tr>
E                           <th scope="col">Variable</th>
E                           <th scope="col">Value</th>
E                         </tr>
E                       </thead>
E                       <tbody>
E                         
E                           <tr>
E                             <td>cls</td>
E                             <td class="code"><pre>&lt;class &#x27;users.models.AuditLog&#x27;&gt;</pre></td>
E                           </tr>
E                         
E                           <tr>
E                             <td>fields</td>
E                             <td class="code"><pre>[&lt;django.db.models.fields.related.ForeignKey: user&gt;,
E          &lt;django.db.models.fields.GenericIPAddressField: ip_address&gt;,
E          &lt;django.db.models.fields.TextField: user_agent&gt;,
E          &lt;django.db.models.fields.CharField: event_type&gt;,
E          &lt;django.db.models.fields.CharField: status&gt;,
E          &lt;django.db.models.fields.DateTimeField: timestamp&gt;,
E          &lt;django.db.models.fields.CharField: geo_country&gt;,
E          &lt;django.db.models.fields.CharField: geo_city&gt;,
E          &lt;django.db.models.fields.CharField: location&gt;,
E          &lt;django.db.models.fields.PositiveSmallIntegerField: risk_score&gt;,
E          &lt;django.db.models.fields.json.JSONField: metadata&gt;]</pre></td>
E                           </tr>
E                         
E                           <tr>
E                             <td>force_insert</td>
E                             <td class="code"><pre>(&lt;class &#x27;users.models.AuditLog&#x27;&gt;,)</pre></td>
E                           </tr>
E                         
E                           <tr>
E                             <td>force_update</td>
E                             <td class="code"><pre>False</pre></td>
E                           </tr>
E                         
E                           <tr>
E                             <td>meta</td>
E                             <td class="code"><pre>&lt;Options for AuditLog&gt;</pre></td>
E                           </tr>
E                         
E                           <tr>
E                             <td>non_pks_non_generated</td>
E                             <td class="code"><pre>[&lt;django.db.models.fields.related.ForeignKey: user&gt;,
E          &lt;django.db.models.fields.GenericIPAddressField: ip_address&gt;,
E          &lt;django.db.models.fields.TextField: user_agent&gt;,
E          &lt;django.db.models.fields.CharField: event_type&gt;,
E          &lt;django.db.models.fields.CharField: status&gt;,
E          &lt;django.db.models.fields.DateTimeField: timestamp&gt;,
E          &lt;django.db.models.fields.CharField: geo_country&gt;,
E          &lt;django.db.models.fields.CharField: geo_city&gt;,
E          &lt;django.db.models.fields.CharField: location&gt;,
E          &lt;django.db.models.fields.PositiveSmallIntegerField: risk_score&gt;,
E          &lt;django.db.models.fields.json.JSONField: metadata&gt;]</pre></td>
E                           </tr>
E                         
E                           <tr>
E                             <td>pk_fields</td>
E                             <td class="code"><pre>[&lt;django.db.models.fields.BigAutoField: id&gt;]</pre></td>
E                           </tr>
E                         
E                           <tr>
E                             <td>pk_set</td>
E                             <td class="code"><pre>False</pre></td>
E                           </tr>
E                         
E                           <tr>
E                             <td>pk_val</td>
E                             <td class="code"><pre>None</pre></td>
E                           </tr>
E                         
E                           <tr>
E                             <td>raw</td>
E                             <td class="code"><pre>False</pre></td>
E                           </tr>
E                         
E                           <tr>
E                             <td>returning_fields</td>
E                             <td class="code"><pre>[&lt;django.db.models.fields.BigAutoField: id&gt;]</pre></td>
E                           </tr>
E                         
E                           <tr>
E                             <td>self</td>
E                             <td class="code"><pre>&lt;AuditLog: [2025-07-14 11:43:11.580568+00:00] testuser_rq1soo (Client) - login (success)&gt;</pre></td>
E                           </tr>
E                         
E                           <tr>
E                             <td>update_fields</td>
E                             <td class="code"><pre>None</pre></td>
E                           </tr>
E                         
E                           <tr>
E                             <td>updated</td>
E                             <td class="code"><pre>False</pre></td>
E                           </tr>
E                         
E                           <tr>
E                             <td>using</td>
E                             <td class="code"><pre>&#x27;default&#x27;</pre></td>
E                           </tr>
E                         
E                       </tbody>
E                     </table>
E                     </details>
E                   
E                 </li>
E               
E                 
E                 <li class="frame django">
E                   
E                     <code class="fname">/Users/mohamedbechirdiarra/Downloads/prototypeGamma/Backend/venv/lib/python3.13/site-packages/django/db/models/base.py</code>, line 1210, in _do_insert
E                   
E         
E                   
E                     <div class="context" id="c4436596480">
E                       
E                         <ol start="1203" class="pre-context" id="pre4436596480">
E                         
E                           <li onclick="toggle('pre4436596480', 'post4436596480')"><pre>        return filtered._update(values) &gt; 0</pre></li>
E                         
E                           <li onclick="toggle('pre4436596480', 'post4436596480')"><pre></pre></li>
E                         
E                           <li onclick="toggle('pre4436596480', 'post4436596480')"><pre>    def _do_insert(self, manager, using, fields, returning_fields, raw):</pre></li>
E                         
E                           <li onclick="toggle('pre4436596480', 'post4436596480')"><pre>        &quot;&quot;&quot;</pre></li>
E                         
E                           <li onclick="toggle('pre4436596480', 'post4436596480')"><pre>        Do an INSERT. If returning_fields is defined then this method should</pre></li>
E                         
E                           <li onclick="toggle('pre4436596480', 'post4436596480')"><pre>        return the newly created data for the model.</pre></li>
E                         
E                           <li onclick="toggle('pre4436596480', 'post4436596480')"><pre>        &quot;&quot;&quot;</pre></li>
E                         
E                         </ol>
E                       
E                       <ol start="1210" class="context-line">
E                         <li onclick="toggle('pre4436596480', 'post4436596480')"><pre>        return manager._insert(
E                              </pre> <span>…</span></li>
E                       </ol>
E                       
E                         <ol start='1211' class="post-context" id="post4436596480">
E                           
E                           <li onclick="toggle('pre4436596480', 'post4436596480')"><pre>            [self],</pre></li>
E                           
E                           <li onclick="toggle('pre4436596480', 'post4436596480')"><pre>            fields=fields,</pre></li>
E                           
E                           <li onclick="toggle('pre4436596480', 'post4436596480')"><pre>            returning_fields=returning_fields,</pre></li>
E                           
E                           <li onclick="toggle('pre4436596480', 'post4436596480')"><pre>            using=using,</pre></li>
E                           
E                           <li onclick="toggle('pre4436596480', 'post4436596480')"><pre>            raw=raw,</pre></li>
E                           
E                           <li onclick="toggle('pre4436596480', 'post4436596480')"><pre>        )</pre></li>
E                           
E                       </ol>
E                       
E                     </div>
E                   
E         
E                   
E                     
E                       <details>
E                         <summary class="commands">Local vars</summary>
E                     
E                     <table class="vars" id="v4436596480">
E                       <thead>
E                         <tr>
E                           <th scope="col">Variable</th>
E                           <th scope="col">Value</th>
E                         </tr>
E                       </thead>
E                       <tbody>
E                         
E                           <tr>
E                             <td>fields</td>
E                             <td class="code"><pre>[&lt;django.db.models.fields.related.ForeignKey: user&gt;,
E          &lt;django.db.models.fields.GenericIPAddressField: ip_address&gt;,
E          &lt;django.db.models.fields.TextField: user_agent&gt;,
E          &lt;django.db.models.fields.CharField: event_type&gt;,
E          &lt;django.db.models.fields.CharField: status&gt;,
E          &lt;django.db.models.fields.DateTimeField: timestamp&gt;,
E          &lt;django.db.models.fields.CharField: geo_country&gt;,
E          &lt;django.db.models.fields.CharField: geo_city&gt;,
E          &lt;django.db.models.fields.CharField: location&gt;,
E          &lt;django.db.models.fields.PositiveSmallIntegerField: risk_score&gt;,
E          &lt;django.db.models.fields.json.JSONField: metadata&gt;]</pre></td>
E                           </tr>
E                         
E                           <tr>
E                             <td>manager</td>
E                             <td class="code"><pre>&lt;django.db.models.manager.Manager object at 0x108454b50&gt;</pre></td>
E                           </tr>
E                         
E                           <tr>
E                             <td>raw</td>
E                             <td class="code"><pre>False</pre></td>
E                           </tr>
E                         
E                           <tr>
E                             <td>returning_fields</td>
E                             <td class="code"><pre>[&lt;django.db.models.fields.BigAutoField: id&gt;]</pre></td>
E                           </tr>
E                         
E                           <tr>
E                             <td>self</td>
E                             <td class="code"><pre>&lt;AuditLog: [2025-07-14 11:43:11.580568+00:00] testuser_rq1soo (Client) - login (success)&gt;</pre></td>
E                           </tr>
E                         
E                           <tr>
E                             <td>using</td>
E                             <td class="code"><pre>&#x27;default&#x27;</pre></td>
E                           </tr>
E                         
E                       </tbody>
E                     </table>
E                     </details>
E                   
E                 </li>
E               
E                 
E                 <li class="frame django">
E                   
E                     <code class="fname">/Users/mohamedbechirdiarra/Downloads/prototypeGamma/Backend/venv/lib/python3.13/site-packages/django/db/models/manager.py</code>, line 87, in manager_method
E                   
E         
E                   
E                     <div class="context" id="c4434005248">
E                       
E                         <ol start="80" class="pre-context" id="pre4434005248">
E                         
E                           <li onclick="toggle('pre4434005248', 'post4434005248')"><pre>        return []</pre></li>
E                         
E                           <li onclick="toggle('pre4434005248', 'post4434005248')"><pre></pre></li>
E                         
E                           <li onclick="toggle('pre4434005248', 'post4434005248')"><pre>    @classmethod</pre></li>
E                         
E                           <li onclick="toggle('pre4434005248', 'post4434005248')"><pre>    def _get_queryset_methods(cls, queryset_class):</pre></li>
E                         
E                           <li onclick="toggle('pre4434005248', 'post4434005248')"><pre>        def create_method(name, method):</pre></li>
E                         
E                           <li onclick="toggle('pre4434005248', 'post4434005248')"><pre>            @wraps(method)</pre></li>
E                         
E                           <li onclick="toggle('pre4434005248', 'post4434005248')"><pre>            def manager_method(self, *args, **kwargs):</pre></li>
E                         
E                         </ol>
E                       
E                       <ol start="87" class="context-line">
E                         <li onclick="toggle('pre4434005248', 'post4434005248')"><pre>                return getattr(self.get_queryset(), name)(*args, **kwargs)
E                                    ^^^^^^^^^^^^^^^^^^^^^^^^^^^^^^^^^^^^^^^^^^^^^^^^^^^</pre> <span>…</span></li>
E                       </ol>
E                       
E                         <ol start='88' class="post-context" id="post4434005248">
E                           
E                           <li onclick="toggle('pre4434005248', 'post4434005248')"><pre></pre></li>
E                           
E                           <li onclick="toggle('pre4434005248', 'post4434005248')"><pre>            return manager_method</pre></li>
E                           
E                           <li onclick="toggle('pre4434005248', 'post4434005248')"><pre></pre></li>
E                           
E                           <li onclick="toggle('pre4434005248', 'post4434005248')"><pre>        new_methods = {}</pre></li>
E                           
E                           <li onclick="toggle('pre4434005248', 'post4434005248')"><pre>        for name, method in inspect.getmembers(</pre></li>
E                           
E                           <li onclick="toggle('pre4434005248', 'post4434005248')"><pre>            queryset_class, predicate=inspect.isfunction</pre></li>
E                           
E                       </ol>
E                       
E                     </div>
E                   
E         
E                   
E                     
E                       <details>
E                         <summary class="commands">Local vars</summary>
E                     
E                     <table class="vars" id="v4434005248">
E                       <thead>
E                         <tr>
E                           <th scope="col">Variable</th>
E                           <th scope="col">Value</th>
E                         </tr>
E                       </thead>
E                       <tbody>
E                         
E                           <tr>
E                             <td>args</td>
E                             <td class="code"><pre>([&lt;AuditLog: [2025-07-14 11:43:11.580568+00:00] testuser_rq1soo (Client) - login (success)&gt;],)</pre></td>
E                           </tr>
E                         
E                           <tr>
E                             <td>kwargs</td>
E                             <td class="code"><pre>{&#x27;fields&#x27;: [&lt;django.db.models.fields.related.ForeignKey: user&gt;,
E                     &lt;django.db.models.fields.GenericIPAddressField: ip_address&gt;,
E                     &lt;django.db.models.fields.TextField: user_agent&gt;,
E                     &lt;django.db.models.fields.CharField: event_type&gt;,
E                     &lt;django.db.models.fields.CharField: status&gt;,
E                     &lt;django.db.models.fields.DateTimeField: timestamp&gt;,
E                     &lt;django.db.models.fields.CharField: geo_country&gt;,
E                     &lt;django.db.models.fields.CharField: geo_city&gt;,
E                     &lt;django.db.models.fields.CharField: location&gt;,
E                     &lt;django.db.models.fields.PositiveSmallIntegerField: risk_score&gt;,
E                     &lt;django.db.models.fields.json.JSONField: metadata&gt;],
E          &#x27;raw&#x27;: False,
E          &#x27;returning_fields&#x27;: [&lt;django.db.models.fields.BigAutoField: id&gt;],
E          &#x27;using&#x27;: &#x27;default&#x27;}</pre></td>
E                           </tr>
E                         
E                           <tr>
E                             <td>name</td>
E                             <td class="code"><pre>&#x27;_insert&#x27;</pre></td>
E                           </tr>
E                         
E                           <tr>
E                             <td>self</td>
E                             <td class="code"><pre>&lt;django.db.models.manager.Manager object at 0x108454b50&gt;</pre></td>
E                           </tr>
E                         
E                       </tbody>
E                     </table>
E                     </details>
E                   
E                 </li>
E               
E                 
E                 <li class="frame django">
E                   
E                     <code class="fname">/Users/mohamedbechirdiarra/Downloads/prototypeGamma/Backend/venv/lib/python3.13/site-packages/django/db/models/query.py</code>, line 1868, in _insert
E                   
E         
E                   
E                     <div class="context" id="c4436594560">
E                       
E                         <ol start="1861" class="pre-context" id="pre4436594560">
E                         
E                           <li onclick="toggle('pre4436594560', 'post4436594560')"><pre>        query = sql.InsertQuery(</pre></li>
E                         
E                           <li onclick="toggle('pre4436594560', 'post4436594560')"><pre>            self.model,</pre></li>
E                         
E                           <li onclick="toggle('pre4436594560', 'post4436594560')"><pre>            on_conflict=on_conflict,</pre></li>
E                         
E                           <li onclick="toggle('pre4436594560', 'post4436594560')"><pre>            update_fields=update_fields,</pre></li>
E                         
E                           <li onclick="toggle('pre4436594560', 'post4436594560')"><pre>            unique_fields=unique_fields,</pre></li>
E                         
E                           <li onclick="toggle('pre4436594560', 'post4436594560')"><pre>        )</pre></li>
E                         
E                           <li onclick="toggle('pre4436594560', 'post4436594560')"><pre>        query.insert_values(fields, objs, raw=raw)</pre></li>
E                         
E                         </ol>
E                       
E                       <ol start="1868" class="context-line">
E                         <li onclick="toggle('pre4436594560', 'post4436594560')"><pre>        return query.get_compiler(using=using).execute_sql(returning_fields)
E                              ^^^^^^^^^^^^^^^^^^^^^^^^^^^^^^^^^^^^^^^^^^^^^^^^^^^^^^^^^^^^^</pre> <span>…</span></li>
E                       </ol>
E                       
E                         <ol start='1869' class="post-context" id="post4436594560">
E                           
E                           <li onclick="toggle('pre4436594560', 'post4436594560')"><pre></pre></li>
E                           
E                           <li onclick="toggle('pre4436594560', 'post4436594560')"><pre>    _insert.alters_data = True</pre></li>
E                           
E                           <li onclick="toggle('pre4436594560', 'post4436594560')"><pre>    _insert.queryset_only = False</pre></li>
E                           
E                           <li onclick="toggle('pre4436594560', 'post4436594560')"><pre></pre></li>
E                           
E                           <li onclick="toggle('pre4436594560', 'post4436594560')"><pre>    def _batched_insert(</pre></li>
E                           
E                           <li onclick="toggle('pre4436594560', 'post4436594560')"><pre>        self,</pre></li>
E                           
E                       </ol>
E                       
E                     </div>
E                   
E         
E                   
E                     
E                       <details>
E                         <summary class="commands">Local vars</summary>
E                     
E                     <table class="vars" id="v4436594560">
E                       <thead>
E                         <tr>
E                           <th scope="col">Variable</th>
E                           <th scope="col">Value</th>
E                         </tr>
E                       </thead>
E                       <tbody>
E                         
E                           <tr>
E                             <td>fields</td>
E                             <td class="code"><pre>[&lt;django.db.models.fields.related.ForeignKey: user&gt;,
E          &lt;django.db.models.fields.GenericIPAddressField: ip_address&gt;,
E          &lt;django.db.models.fields.TextField: user_agent&gt;,
E          &lt;django.db.models.fields.CharField: event_type&gt;,
E          &lt;django.db.models.fields.CharField: status&gt;,
E          &lt;django.db.models.fields.DateTimeField: timestamp&gt;,
E          &lt;django.db.models.fields.CharField: geo_country&gt;,
E          &lt;django.db.models.fields.CharField: geo_city&gt;,
E          &lt;django.db.models.fields.CharField: location&gt;,
E          &lt;django.db.models.fields.PositiveSmallIntegerField: risk_score&gt;,
E          &lt;django.db.models.fields.json.JSONField: metadata&gt;]</pre></td>
E                           </tr>
E                         
E                           <tr>
E                             <td>objs</td>
E                             <td class="code"><pre>[&lt;AuditLog: [2025-07-14 11:43:11.580568+00:00] testuser_rq1soo (Client) - login (success)&gt;]</pre></td>
E                           </tr>
E                         
E                           <tr>
E                             <td>on_conflict</td>
E                             <td class="code"><pre>None</pre></td>
E                           </tr>
E                         
E                           <tr>
E                             <td>query</td>
E                             <td class="code"><pre>&lt;django.db.models.sql.subqueries.InsertQuery object at 0x1087dcbb0&gt;</pre></td>
E                           </tr>
E                         
E                           <tr>
E                             <td>raw</td>
E                             <td class="code"><pre>False</pre></td>
E                           </tr>
E                         
E                           <tr>
E                             <td>returning_fields</td>
E                             <td class="code"><pre>[&lt;django.db.models.fields.BigAutoField: id&gt;]</pre></td>
E                           </tr>
E                         
E                           <tr>
E                             <td>self</td>
E                             <td class="code"><pre>&lt;QuerySet [&lt;AuditLog: [2025-07-14 11:20:26.143987+00:00] None - login (failure)&gt;, &lt;AuditLog: [2025-07-14 11:20:26.172163+00:00] None - login (failure)&gt;, &lt;AuditLog: [2025-07-14 11:20:26.440678+00:00] None - login (failure)&gt;, &lt;AuditLog: [2025-07-14 11:20:26.472641+00:00] None - login (failure)&gt;, &lt;AuditLog: [2025-07-14 11:20:42.818165+00:00] None - login (failure)&gt;, &lt;AuditLog: [2025-07-14 11:20:42.834927+00:00] None - login (failure)&gt;, &lt;AuditLog: [2025-07-14 11:20:42.840926+00:00] None - login (failure)&gt;, &lt;AuditLog: [2025-07-14 11:20:42.849907+00:00] None - login (failure)&gt;, &lt;AuditLog: [2025-07-14 11:20:42.855760+00:00] None - login (failure)&gt;, &lt;AuditLog: [2025-07-14 11:20:42.866003+00:00] None - login (failure)&gt;, &lt;AuditLog: [2025-07-14 11:20:42.871786+00:00] None - login (failure)&gt;, &lt;AuditLog: [2025-07-14 11:20:42.878738+00:00] None - login (failure)&gt;, &lt;AuditLog: [2025-07-14 11:20:42.887097+00:00] None - login (failure)&gt;, &lt;AuditLog: [2025-07-14 11:20:42.933562+00:00] None - login (failure)&gt;, &lt;AuditLog: [2025-07-14 11:20:42.948908+00:00] None - login (failure)&gt;, &lt;AuditLog: [2025-07-14 11:20:42.955057+00:00] None - login (failure)&gt;, &lt;AuditLog: [2025-07-14 11:20:43.030569+00:00] None - login (failure)&gt;, &lt;AuditLog: [2025-07-14 11:20:43.035801+00:00] None - login (failure)&gt;, &lt;AuditLog: [2025-07-14 11:20:43.041067+00:00] None - login (failure)&gt;, &lt;AuditLog: [2025-07-14 11:20:43.057293+00:00] None - login (failure)&gt;, &#x27;...(remaining elements truncated)...&#x27;]&gt;</pre></td>
E                           </tr>
E                         
E                           <tr>
E                             <td>unique_fields</td>
E                             <td class="code"><pre>None</pre></td>
E                           </tr>
E                         
E                           <tr>
E                             <td>update_fields</td>
E                             <td class="code"><pre>None</pre></td>
E                           </tr>
E                         
E                           <tr>
E                             <td>using</td>
E                             <td class="code"><pre>&#x27;default&#x27;</pre></td>
E                           </tr>
E                         
E                       </tbody>
E                     </table>
E                     </details>
E                   
E                 </li>
E               
E                 
E                 <li class="frame django">
E                   
E                     <code class="fname">/Users/mohamedbechirdiarra/Downloads/prototypeGamma/Backend/venv/lib/python3.13/site-packages/django/db/models/sql/compiler.py</code>, line 1894, in execute_sql
E                   
E         
E                   
E                     <div class="context" id="c4436602816">
E                       
E                         <ol start="1887" class="pre-context" id="pre4436602816">
E                         
E                           <li onclick="toggle('pre4436602816', 'post4436602816')"><pre>                and len(self.query.objs) &gt; 1</pre></li>
E                         
E                           <li onclick="toggle('pre4436602816', 'post4436602816')"><pre>            ):</pre></li>
E                         
E                           <li onclick="toggle('pre4436602816', 'post4436602816')"><pre>                rows = self.connection.ops.fetch_returned_insert_rows(cursor)</pre></li>
E                         
E                           <li onclick="toggle('pre4436602816', 'post4436602816')"><pre>                cols = [field.get_col(opts.db_table) for field in self.returning_fields]</pre></li>
E                         
E                           <li onclick="toggle('pre4436602816', 'post4436602816')"><pre>            elif self.connection.features.can_return_columns_from_insert:</pre></li>
E                         
E                           <li onclick="toggle('pre4436602816', 'post4436602816')"><pre>                assert len(self.query.objs) == 1</pre></li>
E                         
E                           <li onclick="toggle('pre4436602816', 'post4436602816')"><pre>                rows = [</pre></li>
E                         
E                         </ol>
E                       
E                       <ol start="1894" class="context-line">
E                         <li onclick="toggle('pre4436602816', 'post4436602816')"><pre>                    self.connection.ops.fetch_returned_insert_columns(
E                                   ^</pre> <span>…</span></li>
E                       </ol>
E                       
E                         <ol start='1895' class="post-context" id="post4436602816">
E                           
E                           <li onclick="toggle('pre4436602816', 'post4436602816')"><pre>                        cursor,</pre></li>
E                           
E                           <li onclick="toggle('pre4436602816', 'post4436602816')"><pre>                        self.returning_params,</pre></li>
E                           
E                           <li onclick="toggle('pre4436602816', 'post4436602816')"><pre>                    )</pre></li>
E                           
E                           <li onclick="toggle('pre4436602816', 'post4436602816')"><pre>                ]</pre></li>
E                           
E                           <li onclick="toggle('pre4436602816', 'post4436602816')"><pre>                cols = [field.get_col(opts.db_table) for field in self.returning_fields]</pre></li>
E                           
E                           <li onclick="toggle('pre4436602816', 'post4436602816')"><pre>            elif returning_fields and isinstance(</pre></li>
E                           
E                       </ol>
E                       
E                     </div>
E                   
E         
E                   
E                     
E                       <details>
E                         <summary class="commands">Local vars</summary>
E                     
E                     <table class="vars" id="v4436602816">
E                       <thead>
E                         <tr>
E                           <th scope="col">Variable</th>
E                           <th scope="col">Value</th>
E                         </tr>
E                       </thead>
E                       <tbody>
E                         
E                           <tr>
E                             <td>cols</td>
E                             <td class="code"><pre>[]</pre></td>
E                           </tr>
E                         
E                           <tr>
E                             <td>cursor</td>
E                             <td class="code"><pre>&lt;django.db.backends.utils.CursorDebugWrapper object at 0x1088b4e30&gt;</pre></td>
E                           </tr>
E                         
E                           <tr>
E                             <td>opts</td>
E                             <td class="code"><pre>&lt;Options for AuditLog&gt;</pre></td>
E                           </tr>
E                         
E                           <tr>
E                             <td>params</td>
E                             <td class="code"><pre>(61,
E          &#x27;127.0.0.1&#x27;,
E          &#x27;python-requests/2.32.4&#x27;,
E          &#x27;login&#x27;,
E          &#x27;success&#x27;,
E          &#x27;2025-07-14 11:43:11.580568&#x27;,
E          &#x27;&#x27;,
E          &#x27;&#x27;,
E          None,
E          0,
E          &#x27;{}&#x27;)</pre></td>
E                           </tr>
E                         
E                           <tr>
E                             <td>returning_fields</td>
E                             <td class="code"><pre>[&lt;django.db.models.fields.BigAutoField: id&gt;]</pre></td>
E                           </tr>
E                         
E                           <tr>
E                             <td>self</td>
E                             <td class="code"><pre>&lt;SQLInsertCompiler model=AuditLog connection=&lt;DatabaseWrapper vendor=&#x27;sqlite&#x27; alias=&#x27;default&#x27;&gt; using=&#x27;default&#x27;&gt;</pre></td>
E                           </tr>
E                         
E                           <tr>
E                             <td>sql</td>
E                             <td class="code"><pre>(&#x27;INSERT INTO &quot;users_auditlog&quot; (&quot;user_id&quot;, &quot;ip_address&quot;, &quot;user_agent&quot;, &#x27;
E          &#x27;&quot;event_type&quot;, &quot;status&quot;, &quot;timestamp&quot;, &quot;geo_country&quot;, &quot;geo_city&quot;, &quot;location&quot;, &#x27;
E          &#x27;&quot;risk_score&quot;, &quot;metadata&quot;) VALUES (%s, %s, %s, %s, %s, %s, %s, %s, %s, %s, &#x27;
E          &#x27;%s) RETURNING &quot;users_auditlog&quot;.&quot;id&quot;&#x27;)</pre></td>
E                           </tr>
E                         
E                       </tbody>
E                     </table>
E                     </details>
E                   
E                 </li>
E               
E                 
E                 <li class="frame django">
E                   
E                     <code class="fname">/Users/mohamedbechirdiarra/Downloads/prototypeGamma/Backend/venv/lib/python3.13/site-packages/django/db/backends/base/operations.py</code>, line 215, in fetch_returned_insert_columns
E                   
E         
E                   
E                     <div class="context" id="c4436592832">
E                       
E                         <ol start="208" class="pre-context" id="pre4436592832">
E                         
E                           <li onclick="toggle('pre4436592832', 'post4436592832')"><pre>            return [&quot;DISTINCT&quot;], []</pre></li>
E                         
E                           <li onclick="toggle('pre4436592832', 'post4436592832')"><pre></pre></li>
E                         
E                           <li onclick="toggle('pre4436592832', 'post4436592832')"><pre>    def fetch_returned_insert_columns(self, cursor, returning_params):</pre></li>
E                         
E                           <li onclick="toggle('pre4436592832', 'post4436592832')"><pre>        &quot;&quot;&quot;</pre></li>
E                         
E                           <li onclick="toggle('pre4436592832', 'post4436592832')"><pre>        Given a cursor object that has just performed an INSERT...RETURNING</pre></li>
E                         
E                           <li onclick="toggle('pre4436592832', 'post4436592832')"><pre>        statement into a table, return the newly created data.</pre></li>
E                         
E                           <li onclick="toggle('pre4436592832', 'post4436592832')"><pre>        &quot;&quot;&quot;</pre></li>
E                         
E                         </ol>
E                       
E                       <ol start="215" class="context-line">
E                         <li onclick="toggle('pre4436592832', 'post4436592832')"><pre>        return cursor.fetchone()
E                             ^^^^^^^^^^^^^^^^^</pre> <span>…</span></li>
E                       </ol>
E                       
E                         <ol start='216' class="post-context" id="post4436592832">
E                           
E                           <li onclick="toggle('pre4436592832', 'post4436592832')"><pre></pre></li>
E                           
E                           <li onclick="toggle('pre4436592832', 'post4436592832')"><pre>    def field_cast_sql(self, db_type, internal_type):</pre></li>
E                           
E                           <li onclick="toggle('pre4436592832', 'post4436592832')"><pre>        &quot;&quot;&quot;</pre></li>
E                           
E                           <li onclick="toggle('pre4436592832', 'post4436592832')"><pre>        Given a column type (e.g. &#x27;BLOB&#x27;, &#x27;VARCHAR&#x27;) and an internal type</pre></li>
E                           
E                           <li onclick="toggle('pre4436592832', 'post4436592832')"><pre>        (e.g. &#x27;GenericIPAddressField&#x27;), return the SQL to cast it before using</pre></li>
E                           
E                           <li onclick="toggle('pre4436592832', 'post4436592832')"><pre>        it in a WHERE statement. The resulting string should contain a &#x27;%s&#x27;</pre></li>
E                           
E                       </ol>
E                       
E                     </div>
E                   
E         
E                   
E                     
E                       <details>
E                         <summary class="commands">Local vars</summary>
E                     
E                     <table class="vars" id="v4436592832">
E                       <thead>
E                         <tr>
E                           <th scope="col">Variable</th>
E                           <th scope="col">Value</th>
E                         </tr>
E                       </thead>
E                       <tbody>
E                         
E                           <tr>
E                             <td>cursor</td>
E                             <td class="code"><pre>&lt;django.db.backends.utils.CursorDebugWrapper object at 0x1088b4e30&gt;</pre></td>
E                           </tr>
E                         
E                           <tr>
E                             <td>returning_params</td>
E                             <td class="code"><pre>()</pre></td>
E                           </tr>
E                         
E                           <tr>
E                             <td>self</td>
E                             <td class="code"><pre>&lt;django.db.backends.sqlite3.operations.DatabaseOperations object at 0x1088b7dd0&gt;</pre></td>
E                           </tr>
E                         
E                       </tbody>
E                     </table>
E                     </details>
E                   
E                 </li>
E               
E                 
E                 <li class="frame django">
E                   
E                     <code class="fname">/Users/mohamedbechirdiarra/Downloads/prototypeGamma/Backend/venv/lib/python3.13/site-packages/django/db/utils.py</code>, line 97, in inner
E                   
E         
E                   
E                     <div class="context" id="c4436596224">
E                       
E                         <ol start="90" class="pre-context" id="pre4436596224">
E                         
E                           <li onclick="toggle('pre4436596224', 'post4436596224')"><pre>                    self.wrapper.errors_occurred = True</pre></li>
E                         
E                           <li onclick="toggle('pre4436596224', 'post4436596224')"><pre>                raise dj_exc_value.with_traceback(traceback) from exc_value</pre></li>
E                         
E                           <li onclick="toggle('pre4436596224', 'post4436596224')"><pre></pre></li>
E                         
E                           <li onclick="toggle('pre4436596224', 'post4436596224')"><pre>    def __call__(self, func):</pre></li>
E                         
E                           <li onclick="toggle('pre4436596224', 'post4436596224')"><pre>        # Note that we are intentionally not using @wraps here for performance</pre></li>
E                         
E                           <li onclick="toggle('pre4436596224', 'post4436596224')"><pre>        # reasons. Refs #21109.</pre></li>
E                         
E                           <li onclick="toggle('pre4436596224', 'post4436596224')"><pre>        def inner(*args, **kwargs):</pre></li>
E                         
E                         </ol>
E                       
E                       <ol start="97" class="context-line">
E                         <li onclick="toggle('pre4436596224', 'post4436596224')"><pre>            with self:
E                              ^^^^</pre> <span>…</span></li>
E                       </ol>
E                       
E                         <ol start='98' class="post-context" id="post4436596224">
E                           
E                           <li onclick="toggle('pre4436596224', 'post4436596224')"><pre>                return func(*args, **kwargs)</pre></li>
E                           
E                           <li onclick="toggle('pre4436596224', 'post4436596224')"><pre></pre></li>
E                           
E                           <li onclick="toggle('pre4436596224', 'post4436596224')"><pre>        return inner</pre></li>
E                           
E                           <li onclick="toggle('pre4436596224', 'post4436596224')"><pre></pre></li>
E                           
E                           <li onclick="toggle('pre4436596224', 'post4436596224')"><pre></pre></li>
E                           
E                           <li onclick="toggle('pre4436596224', 'post4436596224')"><pre>def load_backend(backend_name):</pre></li>
E                           
E                       </ol>
E                       
E                     </div>
E                   
E         
E                   
E                     
E                       <details>
E                         <summary class="commands">Local vars</summary>
E                     
E                     <table class="vars" id="v4436596224">
E                       <thead>
E                         <tr>
E                           <th scope="col">Variable</th>
E                           <th scope="col">Value</th>
E                         </tr>
E                       </thead>
E                       <tbody>
E                         
E                           <tr>
E                             <td>args</td>
E                             <td class="code"><pre>()</pre></td>
E                           </tr>
E                         
E                           <tr>
E                             <td>func</td>
E                             <td class="code"><pre>&lt;built-in method fetchone of SQLiteCursorWrapper object at 0x108445010&gt;</pre></td>
E                           </tr>
E                         
E                           <tr>
E                             <td>kwargs</td>
E                             <td class="code"><pre>{}</pre></td>
E                           </tr>
E                         
E                           <tr>
E                             <td>self</td>
E                             <td class="code"><pre>&lt;django.db.utils.DatabaseErrorWrapper object at 0x10887b750&gt;</pre></td>
E                           </tr>
E                         
E                       </tbody>
E                     </table>
E                     </details>
E                   
E                 </li>
E               
E                 
E                 <li class="frame django">
E                   
E                     <code class="fname">/Users/mohamedbechirdiarra/Downloads/prototypeGamma/Backend/venv/lib/python3.13/site-packages/django/db/utils.py</code>, line 91, in __exit__
E                   
E         
E                   
E                     <div class="context" id="c4436602240">
E                       
E                         <ol start="84" class="pre-context" id="pre4436602240">
E                         
E                           <li onclick="toggle('pre4436602240', 'post4436602240')"><pre>            db_exc_type = getattr(self.wrapper.Database, dj_exc_type.__name__)</pre></li>
E                         
E                           <li onclick="toggle('pre4436602240', 'post4436602240')"><pre>            if issubclass(exc_type, db_exc_type):</pre></li>
E                         
E                           <li onclick="toggle('pre4436602240', 'post4436602240')"><pre>                dj_exc_value = dj_exc_type(*exc_value.args)</pre></li>
E                         
E                           <li onclick="toggle('pre4436602240', 'post4436602240')"><pre>                # Only set the &#x27;errors_occurred&#x27; flag for errors that may make</pre></li>
E                         
E                           <li onclick="toggle('pre4436602240', 'post4436602240')"><pre>                # the connection unusable.</pre></li>
E                         
E                           <li onclick="toggle('pre4436602240', 'post4436602240')"><pre>                if dj_exc_type not in (DataError, IntegrityError):</pre></li>
E                         
E                           <li onclick="toggle('pre4436602240', 'post4436602240')"><pre>                    self.wrapper.errors_occurred = True</pre></li>
E                         
E                         </ol>
E                       
E                       <ol start="91" class="context-line">
E                         <li onclick="toggle('pre4436602240', 'post4436602240')"><pre>                raise dj_exc_value.with_traceback(traceback) from exc_value
E                             ^^^^^^^^^^^^^^^^^^^^^^^^^^^^^^^^^^^^^^^^^^^^^^^^^^^^^^^^^^^</pre> <span>…</span></li>
E                       </ol>
E                       
E                         <ol start='92' class="post-context" id="post4436602240">
E                           
E                           <li onclick="toggle('pre4436602240', 'post4436602240')"><pre></pre></li>
E                           
E                           <li onclick="toggle('pre4436602240', 'post4436602240')"><pre>    def __call__(self, func):</pre></li>
E                           
E                           <li onclick="toggle('pre4436602240', 'post4436602240')"><pre>        # Note that we are intentionally not using @wraps here for performance</pre></li>
E                           
E                           <li onclick="toggle('pre4436602240', 'post4436602240')"><pre>        # reasons. Refs #21109.</pre></li>
E                           
E                           <li onclick="toggle('pre4436602240', 'post4436602240')"><pre>        def inner(*args, **kwargs):</pre></li>
E                           
E                           <li onclick="toggle('pre4436602240', 'post4436602240')"><pre>            with self:</pre></li>
E                           
E                       </ol>
E                       
E                     </div>
E                   
E         
E                   
E                     
E                       <details>
E                         <summary class="commands">Local vars</summary>
E                     
E                     <table class="vars" id="v4436602240">
E                       <thead>
E                         <tr>
E                           <th scope="col">Variable</th>
E                           <th scope="col">Value</th>
E                         </tr>
E                       </thead>
E                       <tbody>
E                         
E                           <tr>
E                             <td>db_exc_type</td>
E                             <td class="code"><pre>&lt;class &#x27;sqlite3.IntegrityError&#x27;&gt;</pre></td>
E                           </tr>
E                         
E                           <tr>
E                             <td>dj_exc_type</td>
E                             <td class="code"><pre>&lt;class &#x27;django.db.utils.IntegrityError&#x27;&gt;</pre></td>
E                           </tr>
E                         
E                           <tr>
E                             <td>dj_exc_value</td>
E                             <td class="code"><pre>IntegrityError(&#x27;FOREIGN KEY constraint failed&#x27;)</pre></td>
E                           </tr>
E                         
E                           <tr>
E                             <td>exc_type</td>
E                             <td class="code"><pre>&lt;class &#x27;sqlite3.IntegrityError&#x27;&gt;</pre></td>
E                           </tr>
E                         
E                           <tr>
E                             <td>exc_value</td>
E                             <td class="code"><pre>IntegrityError(&#x27;FOREIGN KEY constraint failed&#x27;)</pre></td>
E                           </tr>
E                         
E                           <tr>
E                             <td>self</td>
E                             <td class="code"><pre>&lt;django.db.utils.DatabaseErrorWrapper object at 0x10887b750&gt;</pre></td>
E                           </tr>
E                         
E                           <tr>
E                             <td>traceback</td>
E                             <td class="code"><pre>&lt;traceback object at 0x108713640&gt;</pre></td>
E                           </tr>
E                         
E                       </tbody>
E                     </table>
E                     </details>
E                   
E                 </li>
E               
E                 
E                 <li class="frame django">
E                   
E                     <code class="fname">/Users/mohamedbechirdiarra/Downloads/prototypeGamma/Backend/venv/lib/python3.13/site-packages/django/db/utils.py</code>, line 98, in inner
E                   
E         
E                   
E                     <div class="context" id="c4436604480">
E                       
E                         <ol start="91" class="pre-context" id="pre4436604480">
E                         
E                           <li onclick="toggle('pre4436604480', 'post4436604480')"><pre>                raise dj_exc_value.with_traceback(traceback) from exc_value</pre></li>
E                         
E                           <li onclick="toggle('pre4436604480', 'post4436604480')"><pre></pre></li>
E                         
E                           <li onclick="toggle('pre4436604480', 'post4436604480')"><pre>    def __call__(self, func):</pre></li>
E                         
E                           <li onclick="toggle('pre4436604480', 'post4436604480')"><pre>        # Note that we are intentionally not using @wraps here for performance</pre></li>
E                         
E                           <li onclick="toggle('pre4436604480', 'post4436604480')"><pre>        # reasons. Refs #21109.</pre></li>
E                         
E                           <li onclick="toggle('pre4436604480', 'post4436604480')"><pre>        def inner(*args, **kwargs):</pre></li>
E                         
E                           <li onclick="toggle('pre4436604480', 'post4436604480')"><pre>            with self:</pre></li>
E                         
E                         </ol>
E                       
E                       <ol start="98" class="context-line">
E                         <li onclick="toggle('pre4436604480', 'post4436604480')"><pre>                return func(*args, **kwargs)
E                                    ^^^^^^^^^^^^^^^^^^^^^</pre> <span>…</span></li>
E                       </ol>
E                       
E                         <ol start='99' class="post-context" id="post4436604480">
E                           
E                           <li onclick="toggle('pre4436604480', 'post4436604480')"><pre></pre></li>
E                           
E                           <li onclick="toggle('pre4436604480', 'post4436604480')"><pre>        return inner</pre></li>
E                           
E                           <li onclick="toggle('pre4436604480', 'post4436604480')"><pre></pre></li>
E                           
E                           <li onclick="toggle('pre4436604480', 'post4436604480')"><pre></pre></li>
E                           
E                           <li onclick="toggle('pre4436604480', 'post4436604480')"><pre>def load_backend(backend_name):</pre></li>
E                           
E                           <li onclick="toggle('pre4436604480', 'post4436604480')"><pre>    &quot;&quot;&quot;</pre></li>
E                           
E                       </ol>
E                       
E                     </div>
E                   
E         
E                   
E                     
E                       <details>
E                         <summary class="commands">Local vars</summary>
E                     
E                     <table class="vars" id="v4436604480">
E                       <thead>
E                         <tr>
E                           <th scope="col">Variable</th>
E                           <th scope="col">Value</th>
E                         </tr>
E                       </thead>
E                       <tbody>
E                         
E                           <tr>
E                             <td>args</td>
E                             <td class="code"><pre>()</pre></td>
E                           </tr>
E                         
E                           <tr>
E                             <td>func</td>
E                             <td class="code"><pre>&lt;built-in method fetchone of SQLiteCursorWrapper object at 0x108445010&gt;</pre></td>
E                           </tr>
E                         
E                           <tr>
E                             <td>kwargs</td>
E                             <td class="code"><pre>{}</pre></td>
E                           </tr>
E                         
E                           <tr>
E                             <td>self</td>
E                             <td class="code"><pre>&lt;django.db.utils.DatabaseErrorWrapper object at 0x10887b750&gt;</pre></td>
E                           </tr>
E                         
E                       </tbody>
E                     </table>
E                     </details>
E                   
E                 </li>
E               
E             </ul>
E           </div>
E         
E           <form action="https://dpaste.com/" name="pasteform" id="pasteform" method="post">
E           <div id="pastebinTraceback" class="pastebin">
E             <input type="hidden" name="language" value="PythonConsole">
E             <input type="hidden" name="title"
E               value="IntegrityError at /users/login/">
E             <input type="hidden" name="source" value="Django Dpaste Agent">
E             <input type="hidden" name="poster" value="Django">
E             <textarea name="content" id="traceback_area" cols="140" rows="25">
E         Environment:
E         
E         
E         Request Method: POST
E         Request URL: http://127.0.0.1:8000/users/login/
E         
E         Django Version: 5.2.4
E         Python Version: 3.13.5
E         Installed Applications:
E         [&#x27;django.contrib.admin&#x27;,
E          &#x27;django.contrib.auth&#x27;,
E          &#x27;django.contrib.contenttypes&#x27;,
E          &#x27;django.contrib.sessions&#x27;,
E          &#x27;django.contrib.messages&#x27;,
E          &#x27;django.contrib.staticfiles&#x27;,
E          &#x27;rest_framework&#x27;,
E          &#x27;corsheaders&#x27;,
E          &#x27;users&#x27;,
E          &#x27;depannage&#x27;,
E          &#x27;rest_framework_simplejwt&#x27;,
E          &#x27;rest_framework_simplejwt.token_blacklist&#x27;,
E          &#x27;channels&#x27;]
E         Installed Middleware:
E         [&#x27;corsheaders.middleware.CorsMiddleware&#x27;,
E          &#x27;django.middleware.security.SecurityMiddleware&#x27;,
E          &#x27;django.contrib.sessions.middleware.SessionMiddleware&#x27;,
E          &#x27;django.middleware.common.CommonMiddleware&#x27;,
E          &#x27;django.middleware.csrf.CsrfViewMiddleware&#x27;,
E          &#x27;django.contrib.auth.middleware.AuthenticationMiddleware&#x27;,
E          &#x27;django.contrib.messages.middleware.MessageMiddleware&#x27;,
E          &#x27;django.middleware.clickjacking.XFrameOptionsMiddleware&#x27;,
E          &#x27;auth.middleware.JWTSecurityMiddleware&#x27;,
E          &#x27;auth.middleware.TokenValidationMiddleware&#x27;]
E         
E         
E         
E         Traceback (most recent call last):
E           File "/Users/mohamedbechirdiarra/Downloads/prototypeGamma/Backend/venv/lib/python3.13/site-packages/django/db/utils.py", line 98, in inner
E             return func(*args, **kwargs)
E                    ^^^^^^^^^^^^^^^^^^^^^
E         
E         The above exception (FOREIGN KEY constraint failed) was the direct cause of the following exception:
E           File "/Users/mohamedbechirdiarra/Downloads/prototypeGamma/Backend/venv/lib/python3.13/site-packages/django/core/handlers/exception.py", line 42, in inner
E             response = await get_response(request)
E                        ^^^^^^^^^^^^^^^^^^^^^^^^^^^
E           File "/Users/mohamedbechirdiarra/Downloads/prototypeGamma/Backend/venv/lib/python3.13/site-packages/django/core/handlers/base.py", line 253, in _get_response_async
E             response = await wrapped_callback(
E                        
E           File "/Users/mohamedbechirdiarra/Downloads/prototypeGamma/Backend/venv/lib/python3.13/site-packages/django/views/decorators/csrf.py", line 65, in _view_wrapper
E             return view_func(request, *args, **kwargs)
E                    ^^^^^^^^^^^^^^^^^^^^^^^^^^^^^^^^^^^
E           File "/Users/mohamedbechirdiarra/Downloads/prototypeGamma/Backend/venv/lib/python3.13/site-packages/rest_framework/viewsets.py", line 125, in view
E             return self.dispatch(request, *args, **kwargs)
E                    ^^^^^^^^^^^^^^^^^^^^^^^^^^^^^^^^^^^^^^^
E           File "/Users/mohamedbechirdiarra/Downloads/prototypeGamma/Backend/users/views.py", line 641, in dispatch
E             return super().dispatch(request, *args, **kwargs)
E                    ^^^^^^^^^^^^^^^^^^^^^^^^^^^^^^^^^^^^^^^^^^
E           File "/Users/mohamedbechirdiarra/Downloads/prototypeGamma/Backend/venv/lib/python3.13/site-packages/rest_framework/views.py", line 515, in dispatch
E             response = self.handle_exception(exc)
E                        ^^^^^^^^^^^^^^^^^^^^^^^^^^
E           File "/Users/mohamedbechirdiarra/Downloads/prototypeGamma/Backend/venv/lib/python3.13/site-packages/rest_framework/views.py", line 475, in handle_exception
E             self.raise_uncaught_exception(exc)
E             ^^^^^^^^^^^^^^^^^^^^^^^^^^^^^^^^^^
E           File "/Users/mohamedbechirdiarra/Downloads/prototypeGamma/Backend/venv/lib/python3.13/site-packages/rest_framework/views.py", line 486, in raise_uncaught_exception
E             raise exc
E             ^^^^^^^^^
E           File "/Users/mohamedbechirdiarra/Downloads/prototypeGamma/Backend/venv/lib/python3.13/site-packages/rest_framework/views.py", line 512, in dispatch
E             response = handler(request, *args, **kwargs)
E                        ^^^^^^^^^^^^^^^^^^^^^^^^^^^^^^^^^
E           File "/Users/mohamedbechirdiarra/Downloads/prototypeGamma/Backend/users/views.py", line 382, in login
E             log_event(request, &#x27;login&#x27;, &#x27;success&#x27;, risk_score=risk_score, metadata={}, user=user)
E             ^^^^^^^^^^^^^^^^^^^^^^^^^^^^^^^^^^^^^^^^^^^^^^^^^^^^^^^^^^^^^^^^^^^^^^^^^^^^^^^^^^^^^
E           File "/Users/mohamedbechirdiarra/Downloads/prototypeGamma/Backend/users/utils.py", line 14, in log_event
E             AuditLog.objects.create(
E             ^
E           File "/Users/mohamedbechirdiarra/Downloads/prototypeGamma/Backend/venv/lib/python3.13/site-packages/django/db/models/manager.py", line 87, in manager_method
E             return getattr(self.get_queryset(), name)(*args, **kwargs)
E                    ^^^^^^^^^^^^^^^^^^^^^^^^^^^^^^^^^^^^^^^^^^^^^^^^^^^
E           File "/Users/mohamedbechirdiarra/Downloads/prototypeGamma/Backend/venv/lib/python3.13/site-packages/django/db/models/query.py", line 663, in create
E             obj.save(force_insert=True, using=self.db)
E             ^^^^^^^^^^^^^^^^^^^^^^^^^^^^^^^^^^^^^^^^^^
E           File "/Users/mohamedbechirdiarra/Downloads/prototypeGamma/Backend/venv/lib/python3.13/site-packages/django/db/models/base.py", line 902, in save
E             self.save_base(
E             ^
E           File "/Users/mohamedbechirdiarra/Downloads/prototypeGamma/Backend/venv/lib/python3.13/site-packages/django/db/models/base.py", line 1008, in save_base
E             updated = self._save_table(
E                       
E           File "/Users/mohamedbechirdiarra/Downloads/prototypeGamma/Backend/venv/lib/python3.13/site-packages/django/db/models/base.py", line 1169, in _save_table
E             results = self._do_insert(
E                       
E           File "/Users/mohamedbechirdiarra/Downloads/prototypeGamma/Backend/venv/lib/python3.13/site-packages/django/db/models/base.py", line 1210, in _do_insert
E             return manager._insert(
E                    
E           File "/Users/mohamedbechirdiarra/Downloads/prototypeGamma/Backend/venv/lib/python3.13/site-packages/django/db/models/manager.py", line 87, in manager_method
E             return getattr(self.get_queryset(), name)(*args, **kwargs)
E                    ^^^^^^^^^^^^^^^^^^^^^^^^^^^^^^^^^^^^^^^^^^^^^^^^^^^
E           File "/Users/mohamedbechirdiarra/Downloads/prototypeGamma/Backend/venv/lib/python3.13/site-packages/django/db/models/query.py", line 1868, in _insert
E             return query.get_compiler(using=using).execute_sql(returning_fields)
E                    ^^^^^^^^^^^^^^^^^^^^^^^^^^^^^^^^^^^^^^^^^^^^^^^^^^^^^^^^^^^^^
E           File "/Users/mohamedbechirdiarra/Downloads/prototypeGamma/Backend/venv/lib/python3.13/site-packages/django/db/models/sql/compiler.py", line 1894, in execute_sql
E             self.connection.ops.fetch_returned_insert_columns(
E             ^
E           File "/Users/mohamedbechirdiarra/Downloads/prototypeGamma/Backend/venv/lib/python3.13/site-packages/django/db/backends/base/operations.py", line 215, in fetch_returned_insert_columns
E             return cursor.fetchone()
E                    ^^^^^^^^^^^^^^^^^
E           File "/Users/mohamedbechirdiarra/Downloads/prototypeGamma/Backend/venv/lib/python3.13/site-packages/django/db/utils.py", line 97, in inner
E             with self:
E                  ^^^^
E           File "/Users/mohamedbechirdiarra/Downloads/prototypeGamma/Backend/venv/lib/python3.13/site-packages/django/db/utils.py", line 91, in __exit__
E             raise dj_exc_value.with_traceback(traceback) from exc_value
E             ^^^^^^^^^^^^^^^^^^^^^^^^^^^^^^^^^^^^^^^^^^^^^^^^^^^^^^^^^^^
E           File "/Users/mohamedbechirdiarra/Downloads/prototypeGamma/Backend/venv/lib/python3.13/site-packages/django/db/utils.py", line 98, in inner
E             return func(*args, **kwargs)
E                    ^^^^^^^^^^^^^^^^^^^^^
E         
E         Exception Type: IntegrityError at /users/login/
E         Exception Value: FOREIGN KEY constraint failed
E         </textarea>
E           <br><br>
E           <input type="submit" value="Share this traceback on a public website">
E           </div>
E         </form>
E         
E         </div>
E         
E         
E         <div id="requestinfo">
E           <h2>Request information</h2>
E         
E         
E           
E             <h3 id="user-info">USER</h3>
E             <p>AnonymousUser</p>
E           
E         
E           <h3 id="get-info">GET</h3>
E           
E             <p>No GET data</p>
E           
E         
E           <h3 id="post-info">POST</h3>
E           
E             <p>No POST data</p>
E           
E         
E           <h3 id="files-info">FILES</h3>
E           
E             <p>No FILES data</p>
E           
E         
E           <h3 id="cookie-info">COOKIES</h3>
E           
E             <p>No cookie data</p>
E           
E         
E           <h3 id="meta-info">META</h3>
E           <table class="req">
E             <thead>
E               <tr>
E                 <th scope="col">Variable</th>
E                 <th scope="col">Value</th>
E               </tr>
E             </thead>
E             <tbody>
E               
E                 <tr>
E                   <td>CONTENT_LENGTH</td>
E                   <td class="code"><pre>&#x27;69&#x27;</pre></td>
E                 </tr>
E               
E                 <tr>
E                   <td>CONTENT_TYPE</td>
E                   <td class="code"><pre>&#x27;application/json&#x27;</pre></td>
E                 </tr>
E               
E                 <tr>
E                   <td>HTTP_ACCEPT</td>
E                   <td class="code"><pre>&#x27;*/*&#x27;</pre></td>
E                 </tr>
E               
E                 <tr>
E                   <td>HTTP_ACCEPT_ENCODING</td>
E                   <td class="code"><pre>&#x27;gzip, deflate&#x27;</pre></td>
E                 </tr>
E               
E                 <tr>
E                   <td>HTTP_CONNECTION</td>
E                   <td class="code"><pre>&#x27;keep-alive&#x27;</pre></td>
E                 </tr>
E               
E                 <tr>
E                   <td>HTTP_HOST</td>
E                   <td class="code"><pre>&#x27;127.0.0.1:8000&#x27;</pre></td>
E                 </tr>
E               
E                 <tr>
E                   <td>HTTP_USER_AGENT</td>
E                   <td class="code"><pre>&#x27;python-requests/2.32.4&#x27;</pre></td>
E                 </tr>
E               
E                 <tr>
E                   <td>PATH_INFO</td>
E                   <td class="code"><pre>&#x27;/users/login/&#x27;</pre></td>
E                 </tr>
E               
E                 <tr>
E                   <td>QUERY_STRING</td>
E                   <td class="code"><pre>&#x27;&#x27;</pre></td>
E                 </tr>
E               
E                 <tr>
E                   <td>REMOTE_ADDR</td>
E                   <td class="code"><pre>&#x27;127.0.0.1&#x27;</pre></td>
E                 </tr>
E               
E                 <tr>
E                   <td>REMOTE_HOST</td>
E                   <td class="code"><pre>&#x27;127.0.0.1&#x27;</pre></td>
E                 </tr>
E               
E                 <tr>
E                   <td>REMOTE_PORT</td>
E                   <td class="code"><pre>53670</pre></td>
E                 </tr>
E               
E                 <tr>
E                   <td>REQUEST_METHOD</td>
E                   <td class="code"><pre>&#x27;POST&#x27;</pre></td>
E                 </tr>
E               
E                 <tr>
E                   <td>SCRIPT_NAME</td>
E                   <td class="code"><pre>&#x27;&#x27;</pre></td>
E                 </tr>
E               
E                 <tr>
E                   <td>SERVER_NAME</td>
E                   <td class="code"><pre>&#x27;127.0.0.1&#x27;</pre></td>
E                 </tr>
E               
E                 <tr>
E                   <td>SERVER_PORT</td>
E                   <td class="code"><pre>&#x27;8000&#x27;</pre></td>
E                 </tr>
E               
E                 <tr>
E                   <td>wsgi.multiprocess</td>
E                   <td class="code"><pre>True</pre></td>
E                 </tr>
E               
E                 <tr>
E                   <td>wsgi.multithread</td>
E                   <td class="code"><pre>True</pre></td>
E                 </tr>
E               
E             </tbody>
E           </table>
E         
E         
E           <h3 id="settings-info">Settings</h3>
E           <h4>Using settings module <code>Backend.auth.settings</code></h4>
E           <table class="req">
E             <thead>
E               <tr>
E                 <th scope="col">Setting</th>
E                 <th scope="col">Value</th>
E               </tr>
E             </thead>
E             <tbody>
E               
E                 <tr>
E                   <td>ABSOLUTE_URL_OVERRIDES</td>
E                   <td class="code"><pre>{}</pre></td>
E                 </tr>
E               
E                 <tr>
E                   <td>ADMINS</td>
E                   <td class="code"><pre>[]</pre></td>
E                 </tr>
E               
E                 <tr>
E                   <td>ALLOWED_HOSTS</td>
E                   <td class="code"><pre>[&#x27;127.0.0.1&#x27;, &#x27;localhost&#x27;, &#x27;testserver&#x27;]</pre></td>
E                 </tr>
E               
E                 <tr>
E                   <td>APPEND_SLASH</td>
E                   <td class="code"><pre>True</pre></td>
E                 </tr>
E               
E                 <tr>
E                   <td>ASGI_APPLICATION</td>
E                   <td class="code"><pre>&#x27;auth.asgi.application&#x27;</pre></td>
E                 </tr>
E               
E                 <tr>
E                   <td>AUTHENTICATION_BACKENDS</td>
E                   <td class="code"><pre>&#x27;********************&#x27;</pre></td>
E                 </tr>
E               
E                 <tr>
E                   <td>AUTH_PASSWORD_VALIDATORS</td>
E                   <td class="code"><pre>&#x27;********************&#x27;</pre></td>
E                 </tr>
E               
E                 <tr>
E                   <td>AUTH_USER_MODEL</td>
E                   <td class="code"><pre>&#x27;********************&#x27;</pre></td>
E                 </tr>
E               
E                 <tr>
E                   <td>BASE_DIR</td>
E                   <td class="code"><pre>PosixPath(&#x27;/Users/mohamedbechirdiarra/Downloads/prototypeGamma/Backend&#x27;)</pre></td>
E                 </tr>
E               
E                 <tr>
E                   <td>BASE_URL</td>
E                   <td class="code"><pre>&#x27;http://127.0.0.1:8000&#x27;</pre></td>
E                 </tr>
E               
E                 <tr>
E                   <td>CACHES</td>
E                   <td class="code"><pre>{&#x27;default&#x27;: {&#x27;BACKEND&#x27;: &#x27;django.core.cache.backends.locmem.LocMemCache&#x27;,
E                      &#x27;LOCATION&#x27;: &#x27;unique-snowflake&#x27;,
E                      &#x27;OPTIONS&#x27;: {&#x27;MAX_ENTRIES&#x27;: 1000},
E                      &#x27;TIMEOUT&#x27;: 300}}</pre></td>
E                 </tr>
E               
E                 <tr>
E                   <td>CACHE_MIDDLEWARE_ALIAS</td>
E                   <td class="code"><pre>&#x27;default&#x27;</pre></td>
E                 </tr>
E               
E                 <tr>
E                   <td>CACHE_MIDDLEWARE_KEY_PREFIX</td>
E                   <td class="code"><pre>&#x27;********************&#x27;</pre></td>
E                 </tr>
E               
E                 <tr>
E                   <td>CACHE_MIDDLEWARE_SECONDS</td>
E                   <td class="code"><pre>600</pre></td>
E                 </tr>
E               
E                 <tr>
E                   <td>CHANNEL_LAYERS</td>
E                   <td class="code"><pre>{&#x27;default&#x27;: {&#x27;BACKEND&#x27;: &#x27;channels.layers.InMemoryChannelLayer&#x27;}}</pre></td>
E                 </tr>
E               
E                 <tr>
E                   <td>CINETPAY_API_KEY</td>
E                   <td class="code"><pre>&#x27;********************&#x27;</pre></td>
E                 </tr>
E               
E                 <tr>
E                   <td>CINETPAY_CONFIG</td>
E                   <td class="code"><pre>{&#x27;API_KEY&#x27;: &#x27;********************&#x27;,
E          &#x27;API_URL&#x27;: &#x27;********************&#x27;,
E          &#x27;CURRENCY&#x27;: &#x27;XOF&#x27;,
E          &#x27;ENVIRONMENT&#x27;: &#x27;Production&#x27;,
E          &#x27;LANG&#x27;: &#x27;fr&#x27;,
E          &#x27;MODE&#x27;: &#x27;PRODUCTION&#x27;,
E          &#x27;SECRET_KEY&#x27;: &#x27;********************&#x27;,
E          &#x27;SITE_ID&#x27;: &#x27;105899471&#x27;,
E          &#x27;USE_SIMULATOR&#x27;: False}</pre></td>
E                 </tr>
E               
E                 <tr>
E                   <td>CINETPAY_ENVIRONMENT</td>
E                   <td class="code"><pre>&#x27;Production&#x27;</pre></td>
E                 </tr>
E               
E                 <tr>
E                   <td>CINETPAY_SECRET_KEY</td>
E                   <td class="code"><pre>&#x27;********************&#x27;</pre></td>
E                 </tr>
E               
E                 <tr>
E                   <td>CINETPAY_SITE_ID</td>
E                   <td class="code"><pre>&#x27;105899471&#x27;</pre></td>
E                 </tr>
E               
E                 <tr>
E                   <td>CINETPAY_USE_SIMULATOR</td>
E                   <td class="code"><pre>False</pre></td>
E                 </tr>
E               
E                 <tr>
E                   <td>CORS_ALLOWED_HEADERS</td>
E                   <td class="code"><pre>[&#x27;Content-Type&#x27;, &#x27;Authorization&#x27;, &#x27;X-Requested-With&#x27;]</pre></td>
E                 </tr>
E               
E                 <tr>
E                   <td>CORS_ALLOWED_METHODS</td>
E                   <td class="code"><pre>[&#x27;GET&#x27;, &#x27;POST&#x27;, &#x27;PUT&#x27;, &#x27;DELETE&#x27;, &#x27;OPTIONS&#x27;]</pre></td>
E                 </tr>
E               
E                 <tr>
E                   <td>CORS_ALLOWED_ORIGINS</td>
E                   <td class="code"><pre>[&#x27;http://localhost:5173&#x27;,
E          &#x27;http://127.0.0.1:5173&#x27;,
E          &#x27;http://localhost:8000&#x27;,
E          &#x27;http://127.0.0.1:8000&#x27;]</pre></td>
E                 </tr>
E               
E                 <tr>
E                   <td>CORS_ALLOW_ALL_ORIGINS</td>
E                   <td class="code"><pre>True</pre></td>
E                 </tr>
E               
E                 <tr>
E                   <td>CORS_ALLOW_CREDENTIALS</td>
E                   <td class="code"><pre>True</pre></td>
E                 </tr>
E               
E                 <tr>
E                   <td>CSRF_COOKIE_AGE</td>
E                   <td class="code"><pre>31449600</pre></td>
E                 </tr>
E               
E                 <tr>
E                   <td>CSRF_COOKIE_DOMAIN</td>
E                   <td class="code"><pre>None</pre></td>
E                 </tr>
E               
E                 <tr>
E                   <td>CSRF_COOKIE_HTTPONLY</td>
E                   <td class="code"><pre>True</pre></td>
E                 </tr>
E               
E                 <tr>
E                   <td>CSRF_COOKIE_NAME</td>
E                   <td class="code"><pre>&#x27;csrftoken&#x27;</pre></td>
E                 </tr>
E               
E                 <tr>
E                   <td>CSRF_COOKIE_PATH</td>
E                   <td class="code"><pre>&#x27;/&#x27;</pre></td>
E                 </tr>
E               
E                 <tr>
E                   <td>CSRF_COOKIE_SAMESITE</td>
E                   <td class="code"><pre>&#x27;Lax&#x27;</pre></td>
E                 </tr>
E               
E                 <tr>
E                   <td>CSRF_COOKIE_SECURE</td>
E                   <td class="code"><pre>True</pre></td>
E                 </tr>
E               
E                 <tr>
E                   <td>CSRF_FAILURE_VIEW</td>
E                   <td class="code"><pre>&#x27;django.views.csrf.csrf_failure&#x27;</pre></td>
E                 </tr>
E               
E                 <tr>
E                   <td>CSRF_HEADER_NAME</td>
E                   <td class="code"><pre>&#x27;HTTP_X_CSRFTOKEN&#x27;</pre></td>
E                 </tr>
E               
E                 <tr>
E                   <td>CSRF_TRUSTED_ORIGINS</td>
E                   <td class="code"><pre>[&#x27;http://localhost:3000&#x27;, &#x27;http://127.0.0.1:3000&#x27;]</pre></td>
E                 </tr>
E               
E                 <tr>
E                   <td>CSRF_USE_SESSIONS</td>
E                   <td class="code"><pre>False</pre></td>
E                 </tr>
E               
E                 <tr>
E                   <td>DATABASES</td>
E                   <td class="code"><pre>{&#x27;default&#x27;: {&#x27;ATOMIC_REQUESTS&#x27;: False,
E                      &#x27;AUTOCOMMIT&#x27;: True,
E                      &#x27;CONN_HEALTH_CHECKS&#x27;: False,
E                      &#x27;CONN_MAX_AGE&#x27;: 0,
E                      &#x27;ENGINE&#x27;: &#x27;django.db.backends.sqlite3&#x27;,
E                      &#x27;HOST&#x27;: &#x27;&#x27;,
E                      &#x27;NAME&#x27;: PosixPath(&#x27;/Users/mohamedbechirdiarra/Downloads/prototypeGamma/Backend/db.sqlite3&#x27;),
E                      &#x27;OPTIONS&#x27;: {},
E                      &#x27;PASSWORD&#x27;: &#x27;********************&#x27;,
E                      &#x27;PORT&#x27;: &#x27;&#x27;,
E                      &#x27;TEST&#x27;: {&#x27;CHARSET&#x27;: None,
E                               &#x27;COLLATION&#x27;: None,
E                               &#x27;MIGRATE&#x27;: True,
E                               &#x27;MIRROR&#x27;: None,
E                               &#x27;NAME&#x27;: None},
E                      &#x27;TIME_ZONE&#x27;: None,
E                      &#x27;USER&#x27;: &#x27;&#x27;}}</pre></td>
E                 </tr>
E               
E                 <tr>
E                   <td>DATABASE_ROUTERS</td>
E                   <td class="code"><pre>[]</pre></td>
E                 </tr>
E               
E                 <tr>
E                   <td>DATA_UPLOAD_MAX_MEMORY_SIZE</td>
E                   <td class="code"><pre>2621440</pre></td>
E                 </tr>
E               
E                 <tr>
E                   <td>DATA_UPLOAD_MAX_NUMBER_FIELDS</td>
E                   <td class="code"><pre>1000</pre></td>
E                 </tr>
E               
E                 <tr>
E                   <td>DATA_UPLOAD_MAX_NUMBER_FILES</td>
E                   <td class="code"><pre>100</pre></td>
E                 </tr>
E               
E                 <tr>
E                   <td>DATETIME_FORMAT</td>
E                   <td class="code"><pre>&#x27;N j, Y, P&#x27;</pre></td>
E                 </tr>
E               
E                 <tr>
E                   <td>DATETIME_INPUT_FORMATS</td>
E                   <td class="code"><pre>[&#x27;%Y-%m-%d %H:%M:%S&#x27;,
E          &#x27;%Y-%m-%d %H:%M:%S.%f&#x27;,
E          &#x27;%Y-%m-%d %H:%M&#x27;,
E          &#x27;%m/%d/%Y %H:%M:%S&#x27;,
E          &#x27;%m/%d/%Y %H:%M:%S.%f&#x27;,
E          &#x27;%m/%d/%Y %H:%M&#x27;,
E          &#x27;%m/%d/%y %H:%M:%S&#x27;,
E          &#x27;%m/%d/%y %H:%M:%S.%f&#x27;,
E          &#x27;%m/%d/%y %H:%M&#x27;]</pre></td>
E                 </tr>
E               
E                 <tr>
E                   <td>DATE_FORMAT</td>
E                   <td class="code"><pre>&#x27;N j, Y&#x27;</pre></td>
E                 </tr>
E               
E                 <tr>
E                   <td>DATE_INPUT_FORMATS</td>
E                   <td class="code"><pre>[&#x27;%Y-%m-%d&#x27;,
E          &#x27;%m/%d/%Y&#x27;,
E          &#x27;%m/%d/%y&#x27;,
E          &#x27;%b %d %Y&#x27;,
E          &#x27;%b %d, %Y&#x27;,
E          &#x27;%d %b %Y&#x27;,
E          &#x27;%d %b, %Y&#x27;,
E          &#x27;%B %d %Y&#x27;,
E          &#x27;%B %d, %Y&#x27;,
E          &#x27;%d %B %Y&#x27;,
E          &#x27;%d %B, %Y&#x27;]</pre></td>
E                 </tr>
E               
E                 <tr>
E                   <td>DEBUG</td>
E                   <td class="code"><pre>True</pre></td>
E                 </tr>
E               
E                 <tr>
E                   <td>DEBUG_PROPAGATE_EXCEPTIONS</td>
E                   <td class="code"><pre>False</pre></td>
E                 </tr>
E               
E                 <tr>
E                   <td>DECIMAL_SEPARATOR</td>
E                   <td class="code"><pre>&#x27;.&#x27;</pre></td>
E                 </tr>
E               
E                 <tr>
E                   <td>DEFAULT_AUTO_FIELD</td>
E                   <td class="code"><pre>&#x27;django.db.models.BigAutoField&#x27;</pre></td>
E                 </tr>
E               
E                 <tr>
E                   <td>DEFAULT_CHARSET</td>
E                   <td class="code"><pre>&#x27;utf-8&#x27;</pre></td>
E                 </tr>
E               
E                 <tr>
E                   <td>DEFAULT_EXCEPTION_REPORTER</td>
E                   <td class="code"><pre>&#x27;django.views.debug.ExceptionReporter&#x27;</pre></td>
E                 </tr>
E               
E                 <tr>
E                   <td>DEFAULT_EXCEPTION_REPORTER_FILTER</td>
E                   <td class="code"><pre>&#x27;django.views.debug.SafeExceptionReporterFilter&#x27;</pre></td>
E                 </tr>
E               
E                 <tr>
E                   <td>DEFAULT_FROM_EMAIL</td>
E                   <td class="code"><pre>&#x27;webmaster@localhost&#x27;</pre></td>
E                 </tr>
E               
E                 <tr>
E                   <td>DEFAULT_INDEX_TABLESPACE</td>
E                   <td class="code"><pre>&#x27;&#x27;</pre></td>
E                 </tr>
E               
E                 <tr>
E                   <td>DEFAULT_TABLESPACE</td>
E                   <td class="code"><pre>&#x27;&#x27;</pre></td>
E                 </tr>
E               
E                 <tr>
E                   <td>DISALLOWED_USER_AGENTS</td>
E                   <td class="code"><pre>[]</pre></td>
E                 </tr>
E               
E                 <tr>
E                   <td>EMAIL_BACKEND</td>
E                   <td class="code"><pre>&#x27;django.core.mail.backends.console.EmailBackend&#x27;</pre></td>
E                 </tr>
E               
E                 <tr>
E                   <td>EMAIL_HOST</td>
E                   <td class="code"><pre>&#x27;localhost&#x27;</pre></td>
E                 </tr>
E               
E                 <tr>
E                   <td>EMAIL_HOST_PASSWORD</td>
E                   <td class="code"><pre>&#x27;********************&#x27;</pre></td>
E                 </tr>
E               
E                 <tr>
E                   <td>EMAIL_HOST_USER</td>
E                   <td class="code"><pre>&#x27;&#x27;</pre></td>
E                 </tr>
E               
E                 <tr>
E                   <td>EMAIL_PORT</td>
E                   <td class="code"><pre>1025</pre></td>
E                 </tr>
E               
E                 <tr>
E                   <td>EMAIL_SSL_CERTFILE</td>
E                   <td class="code"><pre>None</pre></td>
E                 </tr>
E               
E                 <tr>
E                   <td>EMAIL_SSL_KEYFILE</td>
E                   <td class="code"><pre>&#x27;********************&#x27;</pre></td>
E                 </tr>
E               
E                 <tr>
E                   <td>EMAIL_SUBJECT_PREFIX</td>
E                   <td class="code"><pre>&#x27;[Django] &#x27;</pre></td>
E                 </tr>
E               
E                 <tr>
E                   <td>EMAIL_TIMEOUT</td>
E                   <td class="code"><pre>None</pre></td>
E                 </tr>
E               
E                 <tr>
E                   <td>EMAIL_USE_LOCALTIME</td>
E                   <td class="code"><pre>False</pre></td>
E                 </tr>
E               
E                 <tr>
E                   <td>EMAIL_USE_SSL</td>
E                   <td class="code"><pre>False</pre></td>
E                 </tr>
E               
E                 <tr>
E                   <td>EMAIL_USE_TLS</td>
E                   <td class="code"><pre>False</pre></td>
E                 </tr>
E               
E                 <tr>
E                   <td>FILE_UPLOAD_DIRECTORY_PERMISSIONS</td>
E                   <td class="code"><pre>None</pre></td>
E                 </tr>
E               
E                 <tr>
E                   <td>FILE_UPLOAD_HANDLERS</td>
E                   <td class="code"><pre>[&#x27;django.core.files.uploadhandler.MemoryFileUploadHandler&#x27;,
E          &#x27;django.core.files.uploadhandler.TemporaryFileUploadHandler&#x27;]</pre></td>
E                 </tr>
E               
E                 <tr>
E                   <td>FILE_UPLOAD_MAX_MEMORY_SIZE</td>
E                   <td class="code"><pre>2621440</pre></td>
E                 </tr>
E               
E                 <tr>
E                   <td>FILE_UPLOAD_PERMISSIONS</td>
E                   <td class="code"><pre>420</pre></td>
E                 </tr>
E               
E                 <tr>
E                   <td>FILE_UPLOAD_TEMP_DIR</td>
E                   <td class="code"><pre>None</pre></td>
E                 </tr>
E               
E                 <tr>
E                   <td>FIRST_DAY_OF_WEEK</td>
E                   <td class="code"><pre>0</pre></td>
E                 </tr>
E               
E                 <tr>
E                   <td>FIXTURE_DIRS</td>
E                   <td class="code"><pre>[]</pre></td>
E                 </tr>
E               
E                 <tr>
E                   <td>FORCE_SCRIPT_NAME</td>
E                   <td class="code"><pre>None</pre></td>
E                 </tr>
E               
E                 <tr>
E                   <td>FORMAT_MODULE_PATH</td>
E                   <td class="code"><pre>None</pre></td>
E                 </tr>
E               
E                 <tr>
E                   <td>FORMS_URLFIELD_ASSUME_HTTPS</td>
E                   <td class="code"><pre>False</pre></td>
E                 </tr>
E               
E                 <tr>
E                   <td>FORM_RENDERER</td>
E                   <td class="code"><pre>&#x27;django.forms.renderers.DjangoTemplates&#x27;</pre></td>
E                 </tr>
E               
E                 <tr>
E                   <td>FRONTEND_URL</td>
E                   <td class="code"><pre>&#x27;http://127.0.0.1:5173&#x27;</pre></td>
E                 </tr>
E               
E                 <tr>
E                   <td>GDAL_LIBRARY_PATH</td>
E                   <td class="code"><pre>&#x27;C:\\OSGeo4W\\bin\\gdal311.dll&#x27;</pre></td>
E                 </tr>
E               
E                 <tr>
E                   <td>GEOLOCATION_SETTINGS</td>
E                   <td class="code"><pre>{&#x27;CACHE_TIMEOUT&#x27;: 3600, &#x27;DEFAULT_RADIUS_KM&#x27;: 10, &#x27;MAX_RADIUS_KM&#x27;: 50}</pre></td>
E                 </tr>
E               
E                 <tr>
E                   <td>GEOS_LIBRARY_PATH</td>
E                   <td class="code"><pre>&#x27;C:\\OSGeo4W\\bin\\geos_c.dll&#x27;</pre></td>
E                 </tr>
E               
E                 <tr>
E                   <td>IGNORABLE_404_URLS</td>
E                   <td class="code"><pre>[]</pre></td>
E                 </tr>
E               
E                 <tr>
E                   <td>INSTALLED_APPS</td>
E                   <td class="code"><pre>[&#x27;django.contrib.admin&#x27;,
E          &#x27;django.contrib.auth&#x27;,
E          &#x27;django.contrib.contenttypes&#x27;,
E          &#x27;django.contrib.sessions&#x27;,
E          &#x27;django.contrib.messages&#x27;,
E          &#x27;django.contrib.staticfiles&#x27;,
E          &#x27;rest_framework&#x27;,
E          &#x27;corsheaders&#x27;,
E          &#x27;users&#x27;,
E          &#x27;depannage&#x27;,
E          &#x27;rest_framework_simplejwt&#x27;,
E          &#x27;rest_framework_simplejwt.token_blacklist&#x27;,
E          &#x27;channels&#x27;]</pre></td>
E                 </tr>
E               
E                 <tr>
E                   <td>INTERNAL_IPS</td>
E                   <td class="code"><pre>[]</pre></td>
E                 </tr>
E               
E                 <tr>
E                   <td>LANGUAGES</td>
E                   <td class="code"><pre>[(&#x27;af&#x27;, &#x27;Afrikaans&#x27;),
E          (&#x27;ar&#x27;, &#x27;Arabic&#x27;),
E          (&#x27;ar-dz&#x27;, &#x27;Algerian Arabic&#x27;),
E          (&#x27;ast&#x27;, &#x27;Asturian&#x27;),
E          (&#x27;az&#x27;, &#x27;Azerbaijani&#x27;),
E          (&#x27;bg&#x27;, &#x27;Bulgarian&#x27;),
E          (&#x27;be&#x27;, &#x27;Belarusian&#x27;),
E          (&#x27;bn&#x27;, &#x27;Bengali&#x27;),
E          (&#x27;br&#x27;, &#x27;Breton&#x27;),
E          (&#x27;bs&#x27;, &#x27;Bosnian&#x27;),
E          (&#x27;ca&#x27;, &#x27;Catalan&#x27;),
E          (&#x27;ckb&#x27;, &#x27;Central Kurdish (Sorani)&#x27;),
E          (&#x27;cs&#x27;, &#x27;Czech&#x27;),
E          (&#x27;cy&#x27;, &#x27;Welsh&#x27;),
E          (&#x27;da&#x27;, &#x27;Danish&#x27;),
E          (&#x27;de&#x27;, &#x27;German&#x27;),
E          (&#x27;dsb&#x27;, &#x27;Lower Sorbian&#x27;),
E          (&#x27;el&#x27;, &#x27;Greek&#x27;),
E          (&#x27;en&#x27;, &#x27;English&#x27;),
E          (&#x27;en-au&#x27;, &#x27;Australian English&#x27;),
E          (&#x27;en-gb&#x27;, &#x27;British English&#x27;),
E          (&#x27;eo&#x27;, &#x27;Esperanto&#x27;),
E          (&#x27;es&#x27;, &#x27;Spanish&#x27;),
E          (&#x27;es-ar&#x27;, &#x27;Argentinian Spanish&#x27;),
E          (&#x27;es-co&#x27;, &#x27;Colombian Spanish&#x27;),
E          (&#x27;es-mx&#x27;, &#x27;Mexican Spanish&#x27;),
E          (&#x27;es-ni&#x27;, &#x27;Nicaraguan Spanish&#x27;),
E          (&#x27;es-ve&#x27;, &#x27;Venezuelan Spanish&#x27;),
E          (&#x27;et&#x27;, &#x27;Estonian&#x27;),
E          (&#x27;eu&#x27;, &#x27;Basque&#x27;),
E          (&#x27;fa&#x27;, &#x27;Persian&#x27;),
E          (&#x27;fi&#x27;, &#x27;Finnish&#x27;),
E          (&#x27;fr&#x27;, &#x27;French&#x27;),
E          (&#x27;fy&#x27;, &#x27;Frisian&#x27;),
E          (&#x27;ga&#x27;, &#x27;Irish&#x27;),
E          (&#x27;gd&#x27;, &#x27;Scottish Gaelic&#x27;),
E          (&#x27;gl&#x27;, &#x27;Galician&#x27;),
E          (&#x27;he&#x27;, &#x27;Hebrew&#x27;),
E          (&#x27;hi&#x27;, &#x27;Hindi&#x27;),
E          (&#x27;hr&#x27;, &#x27;Croatian&#x27;),
E          (&#x27;hsb&#x27;, &#x27;Upper Sorbian&#x27;),
E          (&#x27;hu&#x27;, &#x27;Hungarian&#x27;),
E          (&#x27;hy&#x27;, &#x27;Armenian&#x27;),
E          (&#x27;ia&#x27;, &#x27;Interlingua&#x27;),
E          (&#x27;id&#x27;, &#x27;Indonesian&#x27;),
E          (&#x27;ig&#x27;, &#x27;Igbo&#x27;),
E          (&#x27;io&#x27;, &#x27;Ido&#x27;),
E          (&#x27;is&#x27;, &#x27;Icelandic&#x27;),
E          (&#x27;it&#x27;, &#x27;Italian&#x27;),
E          (&#x27;ja&#x27;, &#x27;Japanese&#x27;),
E          (&#x27;ka&#x27;, &#x27;Georgian&#x27;),
E          (&#x27;kab&#x27;, &#x27;Kabyle&#x27;),
E          (&#x27;kk&#x27;, &#x27;Kazakh&#x27;),
E          (&#x27;km&#x27;, &#x27;Khmer&#x27;),
E          (&#x27;kn&#x27;, &#x27;Kannada&#x27;),
E          (&#x27;ko&#x27;, &#x27;Korean&#x27;),
E          (&#x27;ky&#x27;, &#x27;Kyrgyz&#x27;),
E          (&#x27;lb&#x27;, &#x27;Luxembourgish&#x27;),
E          (&#x27;lt&#x27;, &#x27;Lithuanian&#x27;),
E          (&#x27;lv&#x27;, &#x27;Latvian&#x27;),
E          (&#x27;mk&#x27;, &#x27;Macedonian&#x27;),
E          (&#x27;ml&#x27;, &#x27;Malayalam&#x27;),
E          (&#x27;mn&#x27;, &#x27;Mongolian&#x27;),
E          (&#x27;mr&#x27;, &#x27;Marathi&#x27;),
E          (&#x27;ms&#x27;, &#x27;Malay&#x27;),
E          (&#x27;my&#x27;, &#x27;Burmese&#x27;),
E          (&#x27;nb&#x27;, &#x27;Norwegian Bokmål&#x27;),
E          (&#x27;ne&#x27;, &#x27;Nepali&#x27;),
E          (&#x27;nl&#x27;, &#x27;Dutch&#x27;),
E          (&#x27;nn&#x27;, &#x27;Norwegian Nynorsk&#x27;),
E          (&#x27;os&#x27;, &#x27;Ossetic&#x27;),
E          (&#x27;pa&#x27;, &#x27;Punjabi&#x27;),
E          (&#x27;pl&#x27;, &#x27;Polish&#x27;),
E          (&#x27;pt&#x27;, &#x27;Portuguese&#x27;),
E          (&#x27;pt-br&#x27;, &#x27;Brazilian Portuguese&#x27;),
E          (&#x27;ro&#x27;, &#x27;Romanian&#x27;),
E          (&#x27;ru&#x27;, &#x27;Russian&#x27;),
E          (&#x27;sk&#x27;, &#x27;Slovak&#x27;),
E          (&#x27;sl&#x27;, &#x27;Slovenian&#x27;),
E          (&#x27;sq&#x27;, &#x27;Albanian&#x27;),
E          (&#x27;sr&#x27;, &#x27;Serbian&#x27;),
E          (&#x27;sr-latn&#x27;, &#x27;Serbian Latin&#x27;),
E          (&#x27;sv&#x27;, &#x27;Swedish&#x27;),
E          (&#x27;sw&#x27;, &#x27;Swahili&#x27;),
E          (&#x27;ta&#x27;, &#x27;Tamil&#x27;),
E          (&#x27;te&#x27;, &#x27;Telugu&#x27;),
E          (&#x27;tg&#x27;, &#x27;Tajik&#x27;),
E          (&#x27;th&#x27;, &#x27;Thai&#x27;),
E          (&#x27;tk&#x27;, &#x27;Turkmen&#x27;),
E          (&#x27;tr&#x27;, &#x27;Turkish&#x27;),
E          (&#x27;tt&#x27;, &#x27;Tatar&#x27;),
E          (&#x27;udm&#x27;, &#x27;Udmurt&#x27;),
E          (&#x27;ug&#x27;, &#x27;Uyghur&#x27;),
E          (&#x27;uk&#x27;, &#x27;Ukrainian&#x27;),
E          (&#x27;ur&#x27;, &#x27;Urdu&#x27;),
E          (&#x27;uz&#x27;, &#x27;Uzbek&#x27;),
E          (&#x27;vi&#x27;, &#x27;Vietnamese&#x27;),
E          (&#x27;zh-hans&#x27;, &#x27;Simplified Chinese&#x27;),
E          (&#x27;zh-hant&#x27;, &#x27;Traditional Chinese&#x27;)]</pre></td>
E                 </tr>
E               
E                 <tr>
E                   <td>LANGUAGES_BIDI</td>
E                   <td class="code"><pre>[&#x27;he&#x27;, &#x27;ar&#x27;, &#x27;ar-dz&#x27;, &#x27;ckb&#x27;, &#x27;fa&#x27;, &#x27;ug&#x27;, &#x27;ur&#x27;]</pre></td>
E                 </tr>
E               
E                 <tr>
E                   <td>LANGUAGE_CODE</td>
E                   <td class="code"><pre>&#x27;en-us&#x27;</pre></td>
E                 </tr>
E               
E                 <tr>
E                   <td>LANGUAGE_COOKIE_AGE</td>
E                   <td class="code"><pre>None</pre></td>
E                 </tr>
E               
E                 <tr>
E                   <td>LANGUAGE_COOKIE_DOMAIN</td>
E                   <td class="code"><pre>None</pre></td>
E                 </tr>
E               
E                 <tr>
E                   <td>LANGUAGE_COOKIE_HTTPONLY</td>
E                   <td class="code"><pre>False</pre></td>
E                 </tr>
E               
E                 <tr>
E                   <td>LANGUAGE_COOKIE_NAME</td>
E                   <td class="code"><pre>&#x27;django_language&#x27;</pre></td>
E                 </tr>
E               
E                 <tr>
E                   <td>LANGUAGE_COOKIE_PATH</td>
E                   <td class="code"><pre>&#x27;/&#x27;</pre></td>
E                 </tr>
E               
E                 <tr>
E                   <td>LANGUAGE_COOKIE_SAMESITE</td>
E                   <td class="code"><pre>None</pre></td>
E                 </tr>
E               
E                 <tr>
E                   <td>LANGUAGE_COOKIE_SECURE</td>
E                   <td class="code"><pre>False</pre></td>
E                 </tr>
E               
E                 <tr>
E                   <td>LOCALE_PATHS</td>
E                   <td class="code"><pre>[]</pre></td>
E                 </tr>
E               
E                 <tr>
E                   <td>LOGGING</td>
E                   <td class="code"><pre>{&#x27;disable_existing_loggers&#x27;: False,
E          &#x27;formatters&#x27;: {&#x27;simple&#x27;: {&#x27;format&#x27;: &#x27;{levelname} {message}&#x27;, &#x27;style&#x27;: &#x27;{&#x27;},
E                         &#x27;verbose&#x27;: {&#x27;format&#x27;: &#x27;{levelname} {asctime} {module} &#x27;
E                                               &#x27;{process:d} {thread:d} {message}&#x27;,
E                                     &#x27;style&#x27;: &#x27;{&#x27;}},
E          &#x27;handlers&#x27;: {&#x27;file&#x27;: {&#x27;class&#x27;: &#x27;logging.FileHandler&#x27;,
E                                &#x27;filename&#x27;: &#x27;django.log&#x27;,
E                                &#x27;formatter&#x27;: &#x27;verbose&#x27;,
E                                &#x27;level&#x27;: &#x27;INFO&#x27;},
E                       &#x27;security_file&#x27;: {&#x27;class&#x27;: &#x27;logging.FileHandler&#x27;,
E                                         &#x27;filename&#x27;: &#x27;security.log&#x27;,
E                                         &#x27;formatter&#x27;: &#x27;verbose&#x27;,
E                                         &#x27;level&#x27;: &#x27;WARNING&#x27;}},
E          &#x27;loggers&#x27;: {&#x27;depannage&#x27;: {&#x27;handlers&#x27;: [&#x27;file&#x27;],
E                                    &#x27;level&#x27;: &#x27;INFO&#x27;,
E                                    &#x27;propagate&#x27;: True},
E                      &#x27;django&#x27;: {&#x27;handlers&#x27;: [&#x27;file&#x27;],
E                                 &#x27;level&#x27;: &#x27;INFO&#x27;,
E                                 &#x27;propagate&#x27;: True},
E                      &#x27;django.security&#x27;: {&#x27;handlers&#x27;: [&#x27;security_file&#x27;],
E                                          &#x27;level&#x27;: &#x27;WARNING&#x27;,
E                                          &#x27;propagate&#x27;: False},
E                      &#x27;users&#x27;: {&#x27;handlers&#x27;: [&#x27;file&#x27;],
E                                &#x27;level&#x27;: &#x27;INFO&#x27;,
E                                &#x27;propagate&#x27;: True}},
E          &#x27;version&#x27;: 1}</pre></td>
E                 </tr>
E               
E                 <tr>
E                   <td>LOGGING_CONFIG</td>
E                   <td class="code"><pre>&#x27;logging.config.dictConfig&#x27;</pre></td>
E                 </tr>
E               
E                 <tr>
E                   <td>LOGIN_REDIRECT_URL</td>
E                   <td class="code"><pre>&#x27;/accounts/profile/&#x27;</pre></td>
E                 </tr>
E               
E                 <tr>
E                   <td>LOGIN_URL</td>
E                   <td class="code"><pre>&#x27;/accounts/login/&#x27;</pre></td>
E                 </tr>
E               
E                 <tr>
E                   <td>LOGOUT_REDIRECT_URL</td>
E                   <td class="code"><pre>None</pre></td>
E                 </tr>
E               
E                 <tr>
E                   <td>MANAGERS</td>
E                   <td class="code"><pre>[]</pre></td>
E                 </tr>
E               
E                 <tr>
E                   <td>MEDIA_ROOT</td>
E                   <td class="code"><pre>&#x27;/Users/mohamedbechirdiarra/Downloads/prototypeGamma/Backend/media&#x27;</pre></td>
E                 </tr>
E               
E                 <tr>
E                   <td>MEDIA_URL</td>
E                   <td class="code"><pre>&#x27;/media/&#x27;</pre></td>
E                 </tr>
E               
E                 <tr>
E                   <td>MESSAGE_STORAGE</td>
E                   <td class="code"><pre>&#x27;django.contrib.messages.storage.fallback.FallbackStorage&#x27;</pre></td>
E                 </tr>
E               
E                 <tr>
E                   <td>MIDDLEWARE</td>
E                   <td class="code"><pre>[&#x27;corsheaders.middleware.CorsMiddleware&#x27;,
E          &#x27;django.middleware.security.SecurityMiddleware&#x27;,
E          &#x27;django.contrib.sessions.middleware.SessionMiddleware&#x27;,
E          &#x27;django.middleware.common.CommonMiddleware&#x27;,
E          &#x27;django.middleware.csrf.CsrfViewMiddleware&#x27;,
E          &#x27;django.contrib.auth.middleware.AuthenticationMiddleware&#x27;,
E          &#x27;django.contrib.messages.middleware.MessageMiddleware&#x27;,
E          &#x27;django.middleware.clickjacking.XFrameOptionsMiddleware&#x27;,
E          &#x27;auth.middleware.JWTSecurityMiddleware&#x27;,
E          &#x27;auth.middleware.TokenValidationMiddleware&#x27;]</pre></td>
E                 </tr>
E               
E                 <tr>
E                   <td>MIGRATION_MODULES</td>
E                   <td class="code"><pre>{}</pre></td>
E                 </tr>
E               
E                 <tr>
E                   <td>MONTH_DAY_FORMAT</td>
E                   <td class="code"><pre>&#x27;F j&#x27;</pre></td>
E                 </tr>
E               
E                 <tr>
E                   <td>NOTIFICATION_CHANNELS</td>
E                   <td class="code"><pre>{&#x27;email&#x27;: True, &#x27;push&#x27;: False, &#x27;sms&#x27;: False}</pre></td>
E                 </tr>
E               
E                 <tr>
E                   <td>NUMBER_GROUPING</td>
E                   <td class="code"><pre>0</pre></td>
E                 </tr>
E               
E                 <tr>
E                   <td>PASSWORD_HASHERS</td>
E                   <td class="code"><pre>&#x27;********************&#x27;</pre></td>
E                 </tr>
E               
E                 <tr>
E                   <td>PASSWORD_RESET_TIMEOUT</td>
E                   <td class="code"><pre>&#x27;********************&#x27;</pre></td>
E                 </tr>
E               
E                 <tr>
E                   <td>PAYMENT_SETTINGS</td>
E                   <td class="code"><pre>{&#x27;CINETPAY_API_KEY&#x27;: &#x27;********************&#x27;,
E          &#x27;CINETPAY_ENVIRONMENT&#x27;: &#x27;Production&#x27;,
E          &#x27;CINETPAY_SITE_ID&#x27;: &#x27;105899471&#x27;}</pre></td>
E                 </tr>
E               
E                 <tr>
E                   <td>PREPEND_WWW</td>
E                   <td class="code"><pre>False</pre></td>
E                 </tr>
E               
E                 <tr>
E                   <td>REST_FRAMEWORK</td>
E                   <td class="code"><pre>{&#x27;DEFAULT_AUTHENTICATION_CLASSES&#x27;: &#x27;********************&#x27;,
E          &#x27;DEFAULT_PAGINATION_CLASS&#x27;: &#x27;rest_framework.pagination.PageNumberPagination&#x27;,
E          &#x27;DEFAULT_PARSER_CLASSES&#x27;: [&#x27;rest_framework.parsers.JSONParser&#x27;,
E                                     &#x27;rest_framework.parsers.MultiPartParser&#x27;,
E                                     &#x27;rest_framework.parsers.FormParser&#x27;],
E          &#x27;DEFAULT_PERMISSION_CLASSES&#x27;: [&#x27;rest_framework.permissions.IsAuthenticated&#x27;],
E          &#x27;DEFAULT_RENDERER_CLASSES&#x27;: [&#x27;rest_framework.renderers.JSONRenderer&#x27;],
E          &#x27;DEFAULT_THROTTLE_CLASSES&#x27;: [&#x27;rest_framework.throttling.UserRateThrottle&#x27;,
E                                       &#x27;rest_framework.throttling.AnonRateThrottle&#x27;,
E                                       &#x27;rest_framework.throttling.ScopedRateThrottle&#x27;],
E          &#x27;DEFAULT_THROTTLE_RATES&#x27;: {&#x27;anon&#x27;: &#x27;10000/day&#x27;,
E                                     &#x27;login&#x27;: &#x27;1000/day&#x27;,
E                                     &#x27;password_reset&#x27;: &#x27;********************&#x27;,
E                                     &#x27;register&#x27;: &#x27;500/day&#x27;,
E                                     &#x27;user&#x27;: &#x27;50000/day&#x27;,
E                                     &#x27;user_me&#x27;: &#x27;1000/day&#x27;},
E          &#x27;EXCEPTION_HANDLER&#x27;: &#x27;rest_framework.views.exception_handler&#x27;,
E          &#x27;PAGE_SIZE&#x27;: 20}</pre></td>
E                 </tr>
E               
E                 <tr>
E                   <td>ROOT_URLCONF</td>
E                   <td class="code"><pre>&#x27;auth.urls&#x27;</pre></td>
E                 </tr>
E               
E                 <tr>
E                   <td>SECRET_KEY</td>
E                   <td class="code"><pre>&#x27;********************&#x27;</pre></td>
E                 </tr>
E               
E                 <tr>
E                   <td>SECRET_KEY_FALLBACKS</td>
E                   <td class="code"><pre>&#x27;********************&#x27;</pre></td>
E                 </tr>
E               
E                 <tr>
E                   <td>SECURE_BROWSER_XSS_FILTER</td>
E                   <td class="code"><pre>True</pre></td>
E                 </tr>
E               
E                 <tr>
E                   <td>SECURE_CONTENT_TYPE_NOSNIFF</td>
E                   <td class="code"><pre>True</pre></td>
E                 </tr>
E               
E                 <tr>
E                   <td>SECURE_CROSS_ORIGIN_OPENER_POLICY</td>
E                   <td class="code"><pre>&#x27;same-origin&#x27;</pre></td>
E                 </tr>
E               
E                 <tr>
E                   <td>SECURE_HSTS_INCLUDE_SUBDOMAINS</td>
E                   <td class="code"><pre>True</pre></td>
E                 </tr>
E               
E                 <tr>
E                   <td>SECURE_HSTS_PRELOAD</td>
E                   <td class="code"><pre>True</pre></td>
E                 </tr>
E               
E                 <tr>
E                   <td>SECURE_HSTS_SECONDS</td>
E                   <td class="code"><pre>31536000</pre></td>
E                 </tr>
E               
E                 <tr>
E                   <td>SECURE_PROXY_SSL_HEADER</td>
E                   <td class="code"><pre>None</pre></td>
E                 </tr>
E               
E                 <tr>
E                   <td>SECURE_REDIRECT_EXEMPT</td>
E                   <td class="code"><pre>[]</pre></td>
E                 </tr>
E               
E                 <tr>
E                   <td>SECURE_REFERRER_POLICY</td>
E                   <td class="code"><pre>&#x27;same-origin&#x27;</pre></td>
E                 </tr>
E               
E                 <tr>
E                   <td>SECURE_SSL_HOST</td>
E                   <td class="code"><pre>None</pre></td>
E                 </tr>
E               
E                 <tr>
E                   <td>SECURE_SSL_REDIRECT</td>
E                   <td class="code"><pre>False</pre></td>
E                 </tr>
E               
E                 <tr>
E                   <td>SERVER_EMAIL</td>
E                   <td class="code"><pre>&#x27;root@localhost&#x27;</pre></td>
E                 </tr>
E               
E                 <tr>
E                   <td>SESSION_CACHE_ALIAS</td>
E                   <td class="code"><pre>&#x27;default&#x27;</pre></td>
E                 </tr>
E               
E                 <tr>
E                   <td>SESSION_COOKIE_AGE</td>
E                   <td class="code"><pre>3600</pre></td>
E                 </tr>
E               
E                 <tr>
E                   <td>SESSION_COOKIE_DOMAIN</td>
E                   <td class="code"><pre>None</pre></td>
E                 </tr>
E               
E                 <tr>
E                   <td>SESSION_COOKIE_HTTPONLY</td>
E                   <td class="code"><pre>True</pre></td>
E                 </tr>
E               
E                 <tr>
E                   <td>SESSION_COOKIE_NAME</td>
E                   <td class="code"><pre>&#x27;sessionid&#x27;</pre></td>
E                 </tr>
E               
E                 <tr>
E                   <td>SESSION_COOKIE_PATH</td>
E                   <td class="code"><pre>&#x27;/&#x27;</pre></td>
E                 </tr>
E               
E                 <tr>
E                   <td>SESSION_COOKIE_SAMESITE</td>
E                   <td class="code"><pre>&#x27;Lax&#x27;</pre></td>
E                 </tr>
E               
E                 <tr>
E                   <td>SESSION_COOKIE_SECURE</td>
E                   <td class="code"><pre>True</pre></td>
E                 </tr>
E               
E                 <tr>
E                   <td>SESSION_ENGINE</td>
E                   <td class="code"><pre>&#x27;django.contrib.sessions.backends.db&#x27;</pre></td>
E                 </tr>
E               
E                 <tr>
E                   <td>SESSION_EXPIRE_AT_BROWSER_CLOSE</td>
E                   <td class="code"><pre>True</pre></td>
E                 </tr>
E               
E                 <tr>
E                   <td>SESSION_FILE_PATH</td>
E                   <td class="code"><pre>None</pre></td>
E                 </tr>
E               
E                 <tr>
E                   <td>SESSION_SAVE_EVERY_REQUEST</td>
E                   <td class="code"><pre>False</pre></td>
E                 </tr>
E               
E                 <tr>
E                   <td>SESSION_SERIALIZER</td>
E                   <td class="code"><pre>&#x27;django.contrib.sessions.serializers.JSONSerializer&#x27;</pre></td>
E                 </tr>
E               
E                 <tr>
E                   <td>SETTINGS_MODULE</td>
E                   <td class="code"><pre>&#x27;Backend.auth.settings&#x27;</pre></td>
E                 </tr>
E               
E                 <tr>
E                   <td>SHORT_DATETIME_FORMAT</td>
E                   <td class="code"><pre>&#x27;m/d/Y P&#x27;</pre></td>
E                 </tr>
E               
E                 <tr>
E                   <td>SHORT_DATE_FORMAT</td>
E                   <td class="code"><pre>&#x27;m/d/Y&#x27;</pre></td>
E                 </tr>
E               
E                 <tr>
E                   <td>SIGNING_BACKEND</td>
E                   <td class="code"><pre>&#x27;django.core.signing.TimestampSigner&#x27;</pre></td>
E                 </tr>
E               
E                 <tr>
E                   <td>SILENCED_SYSTEM_CHECKS</td>
E                   <td class="code"><pre>[]</pre></td>
E                 </tr>
E               
E                 <tr>
E                   <td>SIMPLE_JWT</td>
E                   <td class="code"><pre>{&#x27;ACCESS_TOKEN_LIFETIME&#x27;: &#x27;********************&#x27;,
E          &#x27;ALGORITHM&#x27;: &#x27;HS256&#x27;,
E          &#x27;AUDIENCE&#x27;: None,
E          &#x27;AUTH_HEADER_NAME&#x27;: &#x27;********************&#x27;,
E          &#x27;AUTH_HEADER_TYPES&#x27;: &#x27;********************&#x27;,
E          &#x27;AUTH_TOKEN_CLASSES&#x27;: &#x27;********************&#x27;,
E          &#x27;BLACKLIST_AFTER_ROTATION&#x27;: True,
E          &#x27;ISSUER&#x27;: None,
E          &#x27;JTI_CLAIM&#x27;: &#x27;jti&#x27;,
E          &#x27;JWK_URL&#x27;: None,
E          &#x27;LEEWAY&#x27;: 0,
E          &#x27;REFRESH_TOKEN_LIFETIME&#x27;: &#x27;********************&#x27;,
E          &#x27;ROTATE_REFRESH_TOKENS&#x27;: &#x27;********************&#x27;,
E          &#x27;SIGNING_KEY&#x27;: &#x27;********************&#x27;,
E          &#x27;SLIDING_TOKEN_LIFETIME&#x27;: &#x27;********************&#x27;,
E          &#x27;SLIDING_TOKEN_REFRESH_EXP_CLAIM&#x27;: &#x27;********************&#x27;,
E          &#x27;SLIDING_TOKEN_REFRESH_LIFETIME&#x27;: &#x27;********************&#x27;,
E          &#x27;TOKEN_TYPE_CLAIM&#x27;: &#x27;********************&#x27;,
E          &#x27;TOKEN_USER_CLASS&#x27;: &#x27;********************&#x27;,
E          &#x27;UPDATE_LAST_LOGIN&#x27;: True,
E          &#x27;USER_AUTHENTICATION_RULE&#x27;: &#x27;********************&#x27;,
E          &#x27;USER_ID_CLAIM&#x27;: &#x27;user_id&#x27;,
E          &#x27;USER_ID_FIELD&#x27;: &#x27;id&#x27;,
E          &#x27;VERIFYING_KEY&#x27;: &#x27;********************&#x27;}</pre></td>
E                 </tr>
E               
E                 <tr>
E                   <td>STATICFILES_DIRS</td>
E                   <td class="code"><pre>[]</pre></td>
E                 </tr>
E               
E                 <tr>
E                   <td>STATICFILES_FINDERS</td>
E                   <td class="code"><pre>[&#x27;django.contrib.staticfiles.finders.FileSystemFinder&#x27;,
E          &#x27;django.contrib.staticfiles.finders.AppDirectoriesFinder&#x27;]</pre></td>
E                 </tr>
E               
E                 <tr>
E                   <td>STATIC_ROOT</td>
E                   <td class="code"><pre>&#x27;/Users/mohamedbechirdiarra/Downloads/prototypeGamma/Backend/staticfiles&#x27;</pre></td>
E                 </tr>
E               
E                 <tr>
E                   <td>STATIC_URL</td>
E                   <td class="code"><pre>&#x27;/static/&#x27;</pre></td>
E                 </tr>
E               
E                 <tr>
E                   <td>STORAGES</td>
E                   <td class="code"><pre>{&#x27;default&#x27;: {&#x27;BACKEND&#x27;: &#x27;django.core.files.storage.FileSystemStorage&#x27;},
E          &#x27;staticfiles&#x27;: {&#x27;BACKEND&#x27;: &#x27;django.contrib.staticfiles.storage.StaticFilesStorage&#x27;}}</pre></td>
E                 </tr>
E               
E                 <tr>
E                   <td>TEMPLATES</td>
E                   <td class="code"><pre>[{&#x27;APP_DIRS&#x27;: True,
E           &#x27;BACKEND&#x27;: &#x27;django.template.backends.django.DjangoTemplates&#x27;,
E           &#x27;DIRS&#x27;: [],
E           &#x27;OPTIONS&#x27;: {&#x27;context_processors&#x27;: [&#x27;django.template.context_processors.request&#x27;,
E                                              &#x27;django.contrib.auth.context_processors.auth&#x27;,
E                                              &#x27;django.contrib.messages.context_processors.messages&#x27;]}}]</pre></td>
E                 </tr>
E               
E                 <tr>
E                   <td>TEST_NON_SERIALIZED_APPS</td>
E                   <td class="code"><pre>[]</pre></td>
E                 </tr>
E               
E                 <tr>
E                   <td>TEST_RUNNER</td>
E                   <td class="code"><pre>&#x27;django.test.runner.DiscoverRunner&#x27;</pre></td>
E                 </tr>
E               
E                 <tr>
E                   <td>THOUSAND_SEPARATOR</td>
E                   <td class="code"><pre>&#x27;,&#x27;</pre></td>
E                 </tr>
E               
E                 <tr>
E                   <td>TIME_FORMAT</td>
E                   <td class="code"><pre>&#x27;P&#x27;</pre></td>
E                 </tr>
E               
E                 <tr>
E                   <td>TIME_INPUT_FORMATS</td>
E                   <td class="code"><pre>[&#x27;%H:%M:%S&#x27;, &#x27;%H:%M:%S.%f&#x27;, &#x27;%H:%M&#x27;]</pre></td>
E                 </tr>
E               
E                 <tr>
E                   <td>TIME_ZONE</td>
E                   <td class="code"><pre>&#x27;UTC&#x27;</pre></td>
E                 </tr>
E               
E                 <tr>
E                   <td>USE_I18N</td>
E                   <td class="code"><pre>True</pre></td>
E                 </tr>
E               
E                 <tr>
E                   <td>USE_THOUSAND_SEPARATOR</td>
E                   <td class="code"><pre>False</pre></td>
E                 </tr>
E               
E                 <tr>
E                   <td>USE_TZ</td>
E                   <td class="code"><pre>True</pre></td>
E                 </tr>
E               
E                 <tr>
E                   <td>USE_X_FORWARDED_HOST</td>
E                   <td class="code"><pre>False</pre></td>
E                 </tr>
E               
E                 <tr>
E                   <td>USE_X_FORWARDED_PORT</td>
E                   <td class="code"><pre>False</pre></td>
E                 </tr>
E               
E                 <tr>
E                   <td>WSGI_APPLICATION</td>
E                   <td class="code"><pre>&#x27;auth.wsgi.application&#x27;</pre></td>
E                 </tr>
E               
E                 <tr>
E                   <td>X_FRAME_OPTIONS</td>
E                   <td class="code"><pre>&#x27;DENY&#x27;</pre></td>
E                 </tr>
E               
E                 <tr>
E                   <td>YEAR_MONTH_FORMAT</td>
E                   <td class="code"><pre>&#x27;F Y&#x27;</pre></td>
E                 </tr>
E               
E             </tbody>
E           </table>
E         
E         </div>
E         </main>
E         
E         
E           <footer id="explanation">
E             <p>
E               You’re seeing this error because you have <code>DEBUG = True</code> in your
E               Django settings file. Change that to <code>False</code>, and Django will
E               display a standard page generated by the handler for this status code.
E             </p>
E           </footer>
E         
E         </body>
E         </html>
E         
E       assert 500 == 200
E        +  where 500 = <Response [500]>.status_code

conftest.py:29: AssertionError
____________________ ERROR at setup of test_dashboard_stats ____________________

    @pytest.fixture
    def token():
        # Créer un utilisateur de test unique
        base_url = "http://127.0.0.1:8000"
        username = "testuser_" + ''.join(random.choices(string.ascii_lowercase + string.digits, k=6))
        email = username + "@example.com"
        password = "TestUser1234!"
        register_data = {
            "username": username,
            "email": email,
            "password": password,
            "password2": password,
            "user_type": "client",
            "first_name": "Test",
            "last_name": "User",
            "address": "Test Address",
            "phone_number": "+22500000000"
        }
        # Inscription
        requests.post(f"{base_url}/users/register/", json=register_data)
        # Connexion
        login_data = {"email": email, "password": password}
        resp = requests.post(f"{base_url}/users/login/", json=login_data)
>       assert resp.status_code == 200, f"Échec de la connexion test: {resp.text}"
E       AssertionError: Échec de la connexion test: <!DOCTYPE html>
E         <html lang="en">
E         <head>
E           <meta http-equiv="content-type" content="text/html; charset=utf-8">
E           <meta name="robots" content="NONE,NOARCHIVE">
E           <title>IntegrityError
E                   at /users/login/</title>
E           <style>
E             html * { padding:0; margin:0; }
E             body * { padding:10px 20px; }
E             body * * { padding:0; }
E             body { font-family: sans-serif; background-color:#fff; color:#000; }
E             body > :where(header, main, footer) { border-bottom:1px solid #ddd; }
E             h1 { font-weight:normal; }
E             h2 { margin-bottom:.8em; }
E             h3 { margin:1em 0 .5em 0; }
E             h4 { margin:0 0 .5em 0; font-weight: normal; }
E             code, pre { font-size: 100%; white-space: pre-wrap; word-break: break-word; }
E             summary { cursor: pointer; }
E             table { border:1px solid #ccc; border-collapse: collapse; width:100%; background:white; }
E             tbody td, tbody th { vertical-align:top; padding:2px 3px; }
E             thead th {
E               padding:1px 6px 1px 3px; background:#fefefe; text-align:left;
E               font-weight:normal; font-size: 0.6875rem; border:1px solid #ddd;
E             }
E             tbody th { width:12em; text-align:right; color:#666; padding-right:.5em; }
E             table.vars { margin:5px 10px 2px 40px; width: auto; }
E             table.vars td, table.req td { font-family:monospace; }
E             table td.code { width:100%; }
E             table td.code pre { overflow:hidden; }
E             table.source th { color:#666; }
E             table.source td { font-family:monospace; white-space:pre; border-bottom:1px solid #eee; }
E             ul.traceback { list-style-type:none; color: #222; }
E             ul.traceback li.cause { word-break: break-word; }
E             ul.traceback li.frame { padding-bottom:1em; color:#4f4f4f; }
E             ul.traceback li.user { background-color:#e0e0e0; color:#000 }
E             div.context { padding:10px 0; overflow:hidden; }
E             div.context ol { padding-left:30px; margin:0 10px; list-style-position: inside; }
E             div.context ol li { font-family:monospace; white-space:pre; color:#777; cursor:pointer; padding-left: 2px; }
E             div.context ol li pre { display:inline; }
E             div.context ol.context-line li { color:#464646; background-color:#dfdfdf; padding: 3px 2px; }
E             div.context ol.context-line li span { position:absolute; right:32px; }
E             .user div.context ol.context-line li { background-color:#bbb; color:#000; }
E             .user div.context ol li { color:#666; }
E             div.commands, summary.commands { margin-left: 40px; }
E             div.commands a, summary.commands { color:#555; text-decoration:none; }
E             .user div.commands a { color: black; }
E             #summary { background: #ffc; }
E             #summary h2 { font-weight: normal; color: #666; }
E             #info { padding: 0; }
E             #info > * { padding:10px 20px; }
E             #explanation { background:#eee; }
E             #template, #template-not-exist { background:#f6f6f6; }
E             #template-not-exist ul { margin: 0 0 10px 20px; }
E             #template-not-exist .postmortem-section { margin-bottom: 3px; }
E             #unicode-hint { background:#eee; }
E             #traceback { background:#eee; }
E             #requestinfo { background:#f6f6f6; padding-left:120px; }
E             #summary table { border:none; background:transparent; }
E             #requestinfo h2, #requestinfo h3 { position:relative; margin-left:-100px; }
E             #requestinfo h3 { margin-bottom:-1em; }
E             .error { background: #ffc; }
E             .specific { color:#cc3300; font-weight:bold; }
E             h2 span.commands { font-size: 0.7rem; font-weight:normal; }
E             span.commands a:link {color:#5E5694;}
E             pre.exception_value { font-family: sans-serif; color: #575757; font-size: 1.5rem; margin: 10px 0 10px 0; }
E             .append-bottom { margin-bottom: 10px; }
E             .fname { user-select: all; }
E           </style>
E           
E           <script>
E             function hideAll(elems) {
E               for (var e = 0; e < elems.length; e++) {
E                 elems[e].style.display = 'none';
E               }
E             }
E             window.onload = function() {
E               hideAll(document.querySelectorAll('ol.pre-context'));
E               hideAll(document.querySelectorAll('ol.post-context'));
E               hideAll(document.querySelectorAll('div.pastebin'));
E             }
E             function toggle() {
E               for (var i = 0; i < arguments.length; i++) {
E                 var e = document.getElementById(arguments[i]);
E                 if (e) {
E                   e.style.display = e.style.display == 'none' ? 'block': 'none';
E                 }
E               }
E               return false;
E             }
E             function switchPastebinFriendly(link) {
E               s1 = "Switch to copy-and-paste view";
E               s2 = "Switch back to interactive view";
E               link.textContent = link.textContent.trim() == s1 ? s2: s1;
E               toggle('browserTraceback', 'pastebinTraceback');
E               return false;
E             }
E           </script>
E           
E         </head>
E         <body>
E         <header id="summary">
E           <h1>IntegrityError
E                at /users/login/</h1>
E           <pre class="exception_value">FOREIGN KEY constraint failed</pre>
E           <table class="meta">
E         
E             <tr>
E               <th scope="row">Request Method:</th>
E               <td>POST</td>
E             </tr>
E             <tr>
E               <th scope="row">Request URL:</th>
E               <td>http://127.0.0.1:8000/users/login/</td>
E             </tr>
E         
E             <tr>
E               <th scope="row">Django Version:</th>
E               <td>5.2.4</td>
E             </tr>
E         
E             <tr>
E               <th scope="row">Exception Type:</th>
E               <td>IntegrityError</td>
E             </tr>
E         
E         
E             <tr>
E               <th scope="row">Exception Value:</th>
E               <td><pre>FOREIGN KEY constraint failed</pre></td>
E             </tr>
E         
E         
E             <tr>
E               <th scope="row">Exception Location:</th>
E               <td><span class="fname">/Users/mohamedbechirdiarra/Downloads/prototypeGamma/Backend/venv/lib/python3.13/site-packages/django/db/utils.py</span>, line 98, in inner</td>
E             </tr>
E         
E         
E             <tr>
E               <th scope="row">Raised during:</th>
E               <td>users.views.UserViewSet</td>
E             </tr>
E         
E             <tr>
E               <th scope="row">Python Executable:</th>
E               <td>/Users/mohamedbechirdiarra/Downloads/prototypeGamma/Backend/venv/bin/python3.13</td>
E             </tr>
E             <tr>
E               <th scope="row">Python Version:</th>
E               <td>3.13.5</td>
E             </tr>
E             <tr>
E               <th scope="row">Python Path:</th>
E               <td><pre><code>[&#x27;.&#x27;,
E          &#x27;/Users/mohamedbechirdiarra/Downloads/prototypeGamma/Backend/venv/bin&#x27;,
E          &#x27;/Users/mohamedbechirdiarra/Downloads/prototypeGamma&#x27;,
E          &#x27;/Users/mohamedbechirdiarra/Downloads/prototypeGamma/Backend&#x27;,
E          &#x27;/opt/homebrew/Cellar/python@3.13/3.13.5/Frameworks/Python.framework/Versions/3.13/lib/python313.zip&#x27;,
E          &#x27;/opt/homebrew/Cellar/python@3.13/3.13.5/Frameworks/Python.framework/Versions/3.13/lib/python3.13&#x27;,
E          &#x27;/opt/homebrew/Cellar/python@3.13/3.13.5/Frameworks/Python.framework/Versions/3.13/lib/python3.13/lib-dynload&#x27;,
E          &#x27;/Users/mohamedbechirdiarra/Downloads/prototypeGamma/Backend/venv/lib/python3.13/site-packages&#x27;]</code></pre></td>
E             </tr>
E             <tr>
E               <th scope="row">Server time:</th>
E               <td>Mon, 14 Jul 2025 11:43:12 +0000</td>
E             </tr>
E           </table>
E         </header>
E         
E         <main id="info">
E         
E         
E         
E         
E         <div id="traceback">
E           <h2>Traceback <span class="commands"><a href="#" role="button" onclick="return switchPastebinFriendly(this);">
E             Switch to copy-and-paste view</a></span>
E           </h2>
E           <div id="browserTraceback">
E             <ul class="traceback">
E               
E                 
E                 <li class="frame django">
E                   
E                     <code class="fname">/Users/mohamedbechirdiarra/Downloads/prototypeGamma/Backend/venv/lib/python3.13/site-packages/django/db/utils.py</code>, line 98, in inner
E                   
E         
E                   
E                     <div class="context" id="c4436893952">
E                       
E                         <ol start="91" class="pre-context" id="pre4436893952">
E                         
E                           <li onclick="toggle('pre4436893952', 'post4436893952')"><pre>                raise dj_exc_value.with_traceback(traceback) from exc_value</pre></li>
E                         
E                           <li onclick="toggle('pre4436893952', 'post4436893952')"><pre></pre></li>
E                         
E                           <li onclick="toggle('pre4436893952', 'post4436893952')"><pre>    def __call__(self, func):</pre></li>
E                         
E                           <li onclick="toggle('pre4436893952', 'post4436893952')"><pre>        # Note that we are intentionally not using @wraps here for performance</pre></li>
E                         
E                           <li onclick="toggle('pre4436893952', 'post4436893952')"><pre>        # reasons. Refs #21109.</pre></li>
E                         
E                           <li onclick="toggle('pre4436893952', 'post4436893952')"><pre>        def inner(*args, **kwargs):</pre></li>
E                         
E                           <li onclick="toggle('pre4436893952', 'post4436893952')"><pre>            with self:</pre></li>
E                         
E                         </ol>
E                       
E                       <ol start="98" class="context-line">
E                         <li onclick="toggle('pre4436893952', 'post4436893952')"><pre>                return func(*args, **kwargs)
E                                    ^^^^^^^^^^^^^^^^^^^^^</pre> <span>…</span></li>
E                       </ol>
E                       
E                         <ol start='99' class="post-context" id="post4436893952">
E                           
E                           <li onclick="toggle('pre4436893952', 'post4436893952')"><pre></pre></li>
E                           
E                           <li onclick="toggle('pre4436893952', 'post4436893952')"><pre>        return inner</pre></li>
E                           
E                           <li onclick="toggle('pre4436893952', 'post4436893952')"><pre></pre></li>
E                           
E                           <li onclick="toggle('pre4436893952', 'post4436893952')"><pre></pre></li>
E                           
E                           <li onclick="toggle('pre4436893952', 'post4436893952')"><pre>def load_backend(backend_name):</pre></li>
E                           
E                           <li onclick="toggle('pre4436893952', 'post4436893952')"><pre>    &quot;&quot;&quot;</pre></li>
E                           
E                       </ol>
E                       
E                     </div>
E                   
E         
E                   
E                     
E                       <details>
E                         <summary class="commands">Local vars</summary>
E                     
E                     <table class="vars" id="v4436893952">
E                       <thead>
E                         <tr>
E                           <th scope="col">Variable</th>
E                           <th scope="col">Value</th>
E                         </tr>
E                       </thead>
E                       <tbody>
E                         
E                           <tr>
E                             <td>args</td>
E                             <td class="code"><pre>()</pre></td>
E                           </tr>
E                         
E                           <tr>
E                             <td>func</td>
E                             <td class="code"><pre>&lt;built-in method fetchone of SQLiteCursorWrapper object at 0x1087b6180&gt;</pre></td>
E                           </tr>
E                         
E                           <tr>
E                             <td>kwargs</td>
E                             <td class="code"><pre>{}</pre></td>
E                           </tr>
E                         
E                           <tr>
E                             <td>self</td>
E                             <td class="code"><pre>&lt;django.db.utils.DatabaseErrorWrapper object at 0x1087494a0&gt;</pre></td>
E                           </tr>
E                         
E                       </tbody>
E                     </table>
E                     </details>
E                   
E                 </li>
E               
E                 
E                   <li class="cause"><h3>
E                   
E                     The above exception (FOREIGN KEY constraint failed) was the direct cause of the following exception:
E                   
E                 </h3></li>
E                 
E                 <li class="frame django">
E                   
E                     <code class="fname">/Users/mohamedbechirdiarra/Downloads/prototypeGamma/Backend/venv/lib/python3.13/site-packages/django/core/handlers/exception.py</code>, line 42, in inner
E                   
E         
E                   
E                     <div class="context" id="c4438433408">
E                       
E                         <ol start="35" class="pre-context" id="pre4438433408">
E                         
E                           <li onclick="toggle('pre4438433408', 'post4438433408')"><pre>    can rely on getting a response instead of an exception.</pre></li>
E                         
E                           <li onclick="toggle('pre4438433408', 'post4438433408')"><pre>    &quot;&quot;&quot;</pre></li>
E                         
E                           <li onclick="toggle('pre4438433408', 'post4438433408')"><pre>    if iscoroutinefunction(get_response):</pre></li>
E                         
E                           <li onclick="toggle('pre4438433408', 'post4438433408')"><pre></pre></li>
E                         
E                           <li onclick="toggle('pre4438433408', 'post4438433408')"><pre>        @wraps(get_response)</pre></li>
E                         
E                           <li onclick="toggle('pre4438433408', 'post4438433408')"><pre>        async def inner(request):</pre></li>
E                         
E                           <li onclick="toggle('pre4438433408', 'post4438433408')"><pre>            try:</pre></li>
E                         
E                         </ol>
E                       
E                       <ol start="42" class="context-line">
E                         <li onclick="toggle('pre4438433408', 'post4438433408')"><pre>                response = await get_response(request)
E                                        ^^^^^^^^^^^^^^^^^^^^^^^^^^^</pre> <span>…</span></li>
E                       </ol>
E                       
E                         <ol start='43' class="post-context" id="post4438433408">
E                           
E                           <li onclick="toggle('pre4438433408', 'post4438433408')"><pre>            except Exception as exc:</pre></li>
E                           
E                           <li onclick="toggle('pre4438433408', 'post4438433408')"><pre>                response = await sync_to_async(</pre></li>
E                           
E                           <li onclick="toggle('pre4438433408', 'post4438433408')"><pre>                    response_for_exception, thread_sensitive=False</pre></li>
E                           
E                           <li onclick="toggle('pre4438433408', 'post4438433408')"><pre>                )(request, exc)</pre></li>
E                           
E                           <li onclick="toggle('pre4438433408', 'post4438433408')"><pre>            return response</pre></li>
E                           
E                           <li onclick="toggle('pre4438433408', 'post4438433408')"><pre></pre></li>
E                           
E                       </ol>
E                       
E                     </div>
E                   
E         
E                   
E                     
E                       <details>
E                         <summary class="commands">Local vars</summary>
E                     
E                     <table class="vars" id="v4438433408">
E                       <thead>
E                         <tr>
E                           <th scope="col">Variable</th>
E                           <th scope="col">Value</th>
E                         </tr>
E                       </thead>
E                       <tbody>
E                         
E                           <tr>
E                             <td>exc</td>
E                             <td class="code"><pre>IntegrityError(&#x27;FOREIGN KEY constraint failed&#x27;)</pre></td>
E                           </tr>
E                         
E                           <tr>
E                             <td>get_response</td>
E                             <td class="code"><pre>&lt;bound method BaseHandler._get_response_async of &lt;django.core.handlers.asgi.ASGIHandler object at 0x107235940&gt;&gt;</pre></td>
E                           </tr>
E                         
E                           <tr>
E                             <td>request</td>
E                             <td class="code"><pre>&lt;ASGIRequest: POST &#x27;/users/login/&#x27;&gt;</pre></td>
E                           </tr>
E                         
E                       </tbody>
E                     </table>
E                     </details>
E                   
E                 </li>
E               
E                 
E                 <li class="frame django">
E                   
E                     <code class="fname">/Users/mohamedbechirdiarra/Downloads/prototypeGamma/Backend/venv/lib/python3.13/site-packages/django/core/handlers/base.py</code>, line 253, in _get_response_async
E                   
E         
E                   
E                     <div class="context" id="c4436736000">
E                       
E                         <ol start="246" class="pre-context" id="pre4436736000">
E                         
E                           <li onclick="toggle('pre4436736000', 'post4436736000')"><pre>            wrapped_callback = self.make_view_atomic(callback)</pre></li>
E                         
E                           <li onclick="toggle('pre4436736000', 'post4436736000')"><pre>            # If it is a synchronous view, run it in a subthread</pre></li>
E                         
E                           <li onclick="toggle('pre4436736000', 'post4436736000')"><pre>            if not iscoroutinefunction(wrapped_callback):</pre></li>
E                         
E                           <li onclick="toggle('pre4436736000', 'post4436736000')"><pre>                wrapped_callback = sync_to_async(</pre></li>
E                         
E                           <li onclick="toggle('pre4436736000', 'post4436736000')"><pre>                    wrapped_callback, thread_sensitive=True</pre></li>
E                         
E                           <li onclick="toggle('pre4436736000', 'post4436736000')"><pre>                )</pre></li>
E                         
E                           <li onclick="toggle('pre4436736000', 'post4436736000')"><pre>            try:</pre></li>
E                         
E                         </ol>
E                       
E                       <ol start="253" class="context-line">
E                         <li onclick="toggle('pre4436736000', 'post4436736000')"><pre>                response = await wrapped_callback(
E                                         </pre> <span>…</span></li>
E                       </ol>
E                       
E                         <ol start='254' class="post-context" id="post4436736000">
E                           
E                           <li onclick="toggle('pre4436736000', 'post4436736000')"><pre>                    request, *callback_args, **callback_kwargs</pre></li>
E                           
E                           <li onclick="toggle('pre4436736000', 'post4436736000')"><pre>                )</pre></li>
E                           
E                           <li onclick="toggle('pre4436736000', 'post4436736000')"><pre>            except Exception as e:</pre></li>
E                           
E                           <li onclick="toggle('pre4436736000', 'post4436736000')"><pre>                response = await sync_to_async(</pre></li>
E                           
E                           <li onclick="toggle('pre4436736000', 'post4436736000')"><pre>                    self.process_exception_by_middleware,</pre></li>
E                           
E                           <li onclick="toggle('pre4436736000', 'post4436736000')"><pre>                    thread_sensitive=True,</pre></li>
E                           
E                       </ol>
E                       
E                     </div>
E                   
E         
E                   
E                     
E                       <details>
E                         <summary class="commands">Local vars</summary>
E                     
E                     <table class="vars" id="v4436736000">
E                       <thead>
E                         <tr>
E                           <th scope="col">Variable</th>
E                           <th scope="col">Value</th>
E                         </tr>
E                       </thead>
E                       <tbody>
E                         
E                           <tr>
E                             <td>callback</td>
E                             <td class="code"><pre>&lt;function UserViewSet at 0x107747c40&gt;</pre></td>
E                           </tr>
E                         
E                           <tr>
E                             <td>callback_args</td>
E                             <td class="code"><pre>()</pre></td>
E                           </tr>
E                         
E                           <tr>
E                             <td>callback_kwargs</td>
E                             <td class="code"><pre>{}</pre></td>
E                           </tr>
E                         
E                           <tr>
E                             <td>middleware_method</td>
E                             <td class="code"><pre>&lt;asgiref.sync.SyncToAsync object at 0x10727f8c0&gt;</pre></td>
E                           </tr>
E                         
E                           <tr>
E                             <td>request</td>
E                             <td class="code"><pre>&lt;ASGIRequest: POST &#x27;/users/login/&#x27;&gt;</pre></td>
E                           </tr>
E                         
E                           <tr>
E                             <td>response</td>
E                             <td class="code"><pre>None</pre></td>
E                           </tr>
E                         
E                           <tr>
E                             <td>self</td>
E                             <td class="code"><pre>&lt;django.core.handlers.asgi.ASGIHandler object at 0x107235940&gt;</pre></td>
E                           </tr>
E                         
E                           <tr>
E                             <td>wrapped_callback</td>
E                             <td class="code"><pre>&lt;asgiref.sync.SyncToAsync object at 0x108496120&gt;</pre></td>
E                           </tr>
E                         
E                       </tbody>
E                     </table>
E                     </details>
E                   
E                 </li>
E               
E                 
E                 <li class="frame django">
E                   
E                     <code class="fname">/Users/mohamedbechirdiarra/Downloads/prototypeGamma/Backend/venv/lib/python3.13/site-packages/django/views/decorators/csrf.py</code>, line 65, in _view_wrapper
E                   
E         
E                   
E                     <div class="context" id="c4438430720">
E                       
E                         <ol start="58" class="pre-context" id="pre4438430720">
E                         
E                           <li onclick="toggle('pre4438430720', 'post4438430720')"><pre></pre></li>
E                         
E                           <li onclick="toggle('pre4438430720', 'post4438430720')"><pre>        async def _view_wrapper(request, *args, **kwargs):</pre></li>
E                         
E                           <li onclick="toggle('pre4438430720', 'post4438430720')"><pre>            return await view_func(request, *args, **kwargs)</pre></li>
E                         
E                           <li onclick="toggle('pre4438430720', 'post4438430720')"><pre></pre></li>
E                         
E                           <li onclick="toggle('pre4438430720', 'post4438430720')"><pre>    else:</pre></li>
E                         
E                           <li onclick="toggle('pre4438430720', 'post4438430720')"><pre></pre></li>
E                         
E                           <li onclick="toggle('pre4438430720', 'post4438430720')"><pre>        def _view_wrapper(request, *args, **kwargs):</pre></li>
E                         
E                         </ol>
E                       
E                       <ol start="65" class="context-line">
E                         <li onclick="toggle('pre4438430720', 'post4438430720')"><pre>            return view_func(request, *args, **kwargs)
E                                ^^^^^^^^^^^^^^^^^^^^^^^^^^^^^^^^^^^</pre> <span>…</span></li>
E                       </ol>
E                       
E                         <ol start='66' class="post-context" id="post4438430720">
E                           
E                           <li onclick="toggle('pre4438430720', 'post4438430720')"><pre></pre></li>
E                           
E                           <li onclick="toggle('pre4438430720', 'post4438430720')"><pre>    _view_wrapper.csrf_exempt = True</pre></li>
E                           
E                           <li onclick="toggle('pre4438430720', 'post4438430720')"><pre></pre></li>
E                           
E                           <li onclick="toggle('pre4438430720', 'post4438430720')"><pre>    return wraps(view_func)(_view_wrapper)</pre></li>
E                           
E                       </ol>
E                       
E                     </div>
E                   
E         
E                   
E                     
E                       <details>
E                         <summary class="commands">Local vars</summary>
E                     
E                     <table class="vars" id="v4438430720">
E                       <thead>
E                         <tr>
E                           <th scope="col">Variable</th>
E                           <th scope="col">Value</th>
E                         </tr>
E                       </thead>
E                       <tbody>
E                         
E                           <tr>
E                             <td>args</td>
E                             <td class="code"><pre>()</pre></td>
E                           </tr>
E                         
E                           <tr>
E                             <td>kwargs</td>
E                             <td class="code"><pre>{}</pre></td>
E                           </tr>
E                         
E                           <tr>
E                             <td>request</td>
E                             <td class="code"><pre>&lt;ASGIRequest: POST &#x27;/users/login/&#x27;&gt;</pre></td>
E                           </tr>
E                         
E                           <tr>
E                             <td>view_func</td>
E                             <td class="code"><pre>&lt;function UserViewSet at 0x107747ba0&gt;</pre></td>
E                           </tr>
E                         
E                       </tbody>
E                     </table>
E                     </details>
E                   
E                 </li>
E               
E                 
E                 <li class="frame user">
E                   
E                     <code class="fname">/Users/mohamedbechirdiarra/Downloads/prototypeGamma/Backend/venv/lib/python3.13/site-packages/rest_framework/viewsets.py</code>, line 125, in view
E                   
E         
E                   
E                     <div class="context" id="c4436724992">
E                       
E                         <ol start="118" class="pre-context" id="pre4436724992">
E                         
E                           <li onclick="toggle('pre4436724992', 'post4436724992')"><pre>                setattr(self, method, handler)</pre></li>
E                         
E                           <li onclick="toggle('pre4436724992', 'post4436724992')"><pre></pre></li>
E                         
E                           <li onclick="toggle('pre4436724992', 'post4436724992')"><pre>            self.request = request</pre></li>
E                         
E                           <li onclick="toggle('pre4436724992', 'post4436724992')"><pre>            self.args = args</pre></li>
E                         
E                           <li onclick="toggle('pre4436724992', 'post4436724992')"><pre>            self.kwargs = kwargs</pre></li>
E                         
E                           <li onclick="toggle('pre4436724992', 'post4436724992')"><pre></pre></li>
E                         
E                           <li onclick="toggle('pre4436724992', 'post4436724992')"><pre>            # And continue as usual</pre></li>
E                         
E                         </ol>
E                       
E                       <ol start="125" class="context-line">
E                         <li onclick="toggle('pre4436724992', 'post4436724992')"><pre>            return self.dispatch(request, *args, **kwargs)
E                                 ^^^^^^^^^^^^^^^^^^^^^^^^^^^^^^^^^^^^^^^</pre> <span>…</span></li>
E                       </ol>
E                       
E                         <ol start='126' class="post-context" id="post4436724992">
E                           
E                           <li onclick="toggle('pre4436724992', 'post4436724992')"><pre></pre></li>
E                           
E                           <li onclick="toggle('pre4436724992', 'post4436724992')"><pre>        # take name and docstring from class</pre></li>
E                           
E                           <li onclick="toggle('pre4436724992', 'post4436724992')"><pre>        update_wrapper(view, cls, updated=())</pre></li>
E                           
E                           <li onclick="toggle('pre4436724992', 'post4436724992')"><pre></pre></li>
E                           
E                           <li onclick="toggle('pre4436724992', 'post4436724992')"><pre>        # and possible attributes set by decorators</pre></li>
E                           
E                           <li onclick="toggle('pre4436724992', 'post4436724992')"><pre>        # like csrf_exempt from dispatch</pre></li>
E                           
E                       </ol>
E                       
E                     </div>
E                   
E         
E                   
E                     
E                       <details>
E                         <summary class="commands">Local vars</summary>
E                     
E                     <table class="vars" id="v4436724992">
E                       <thead>
E                         <tr>
E                           <th scope="col">Variable</th>
E                           <th scope="col">Value</th>
E                         </tr>
E                       </thead>
E                       <tbody>
E                         
E                           <tr>
E                             <td>action</td>
E                             <td class="code"><pre>&#x27;login&#x27;</pre></td>
E                           </tr>
E                         
E                           <tr>
E                             <td>actions</td>
E                             <td class="code"><pre>{&#x27;post&#x27;: &#x27;login&#x27;}</pre></td>
E                           </tr>
E                         
E                           <tr>
E                             <td>args</td>
E                             <td class="code"><pre>()</pre></td>
E                           </tr>
E                         
E                           <tr>
E                             <td>cls</td>
E                             <td class="code"><pre>&lt;class &#x27;users.views.UserViewSet&#x27;&gt;</pre></td>
E                           </tr>
E                         
E                           <tr>
E                             <td>handler</td>
E                             <td class="code"><pre>&lt;bound method UserViewSet.login of &lt;users.views.UserViewSet object at 0x108827c20&gt;&gt;</pre></td>
E                           </tr>
E                         
E                           <tr>
E                             <td>initkwargs</td>
E                             <td class="code"><pre>{}</pre></td>
E                           </tr>
E                         
E                           <tr>
E                             <td>kwargs</td>
E                             <td class="code"><pre>{}</pre></td>
E                           </tr>
E                         
E                           <tr>
E                             <td>method</td>
E                             <td class="code"><pre>&#x27;post&#x27;</pre></td>
E                           </tr>
E                         
E                           <tr>
E                             <td>request</td>
E                             <td class="code"><pre>&lt;ASGIRequest: POST &#x27;/users/login/&#x27;&gt;</pre></td>
E                           </tr>
E                         
E                           <tr>
E                             <td>self</td>
E                             <td class="code"><pre>&lt;users.views.UserViewSet object at 0x108827c20&gt;</pre></td>
E                           </tr>
E                         
E                       </tbody>
E                     </table>
E                     </details>
E                   
E                 </li>
E               
E                 
E                 <li class="frame user">
E                   
E                     <code class="fname">/Users/mohamedbechirdiarra/Downloads/prototypeGamma/Backend/users/views.py</code>, line 641, in dispatch
E                   
E         
E                   
E                     <div class="context" id="c4436736128">
E                       
E                         <ol start="634" class="pre-context" id="pre4436736128">
E                         
E                           <li onclick="toggle('pre4436736128', 'post4436736128')"><pre>            phone = None</pre></li>
E                         
E                           <li onclick="toggle('pre4436736128', 'post4436736128')"><pre>            if hasattr(user, &#x27;client_profile&#x27;):</pre></li>
E                         
E                           <li onclick="toggle('pre4436736128', 'post4436736128')"><pre>                phone = getattr(user.client_profile, &#x27;phone&#x27;, None)</pre></li>
E                         
E                           <li onclick="toggle('pre4436736128', 'post4436736128')"><pre>            elif hasattr(user, &#x27;technician_profile&#x27;):</pre></li>
E                         
E                           <li onclick="toggle('pre4436736128', 'post4436736128')"><pre>                phone = getattr(user.technician_profile, &#x27;phone&#x27;, None)</pre></li>
E                         
E                           <li onclick="toggle('pre4436736128', 'post4436736128')"><pre>            if not phone:</pre></li>
E                         
E                           <li onclick="toggle('pre4436736128', 'post4436736128')"><pre>                return Response({&#x27;error&#x27;: &#x27;Numéro de téléphone obligatoire. Veuillez compléter votre profil.&#x27;}, status=403)</pre></li>
E                         
E                         </ol>
E                       
E                       <ol start="641" class="context-line">
E                         <li onclick="toggle('pre4436736128', 'post4436736128')"><pre>        return super().dispatch(request, *args, **kwargs)
E                             ^^^^^^^^^^^^^^^^^^^^^^^^^^^^^^^^^^^^^^^^^^</pre> <span>…</span></li>
E                       </ol>
E                       
E                         <ol start='642' class="post-context" id="post4436736128">
E                           
E                           <li onclick="toggle('pre4436736128', 'post4436736128')"><pre></pre></li>
E                           
E                           <li onclick="toggle('pre4436736128', 'post4436736128')"><pre>class SecurityDashboardView(APIView):</pre></li>
E                           
E                           <li onclick="toggle('pre4436736128', 'post4436736128')"><pre>    permission_classes = [IsAdminUser]</pre></li>
E                           
E                           <li onclick="toggle('pre4436736128', 'post4436736128')"><pre></pre></li>
E                           
E                           <li onclick="toggle('pre4436736128', 'post4436736128')"><pre>    def get(self, request):</pre></li>
E                           
E                           <li onclick="toggle('pre4436736128', 'post4436736128')"><pre>        now = timezone.now()</pre></li>
E                           
E                       </ol>
E                       
E                     </div>
E                   
E         
E                   
E                     
E                       <details>
E                         <summary class="commands">Local vars</summary>
E                     
E                     <table class="vars" id="v4436736128">
E                       <thead>
E                         <tr>
E                           <th scope="col">Variable</th>
E                           <th scope="col">Value</th>
E                         </tr>
E                       </thead>
E                       <tbody>
E                         
E                           <tr>
E                             <td>__class__</td>
E                             <td class="code"><pre>&lt;class &#x27;users.views.UserViewSet&#x27;&gt;</pre></td>
E                           </tr>
E                         
E                           <tr>
E                             <td>action</td>
E                             <td class="code"><pre>None</pre></td>
E                           </tr>
E                         
E                           <tr>
E                             <td>args</td>
E                             <td class="code"><pre>()</pre></td>
E                           </tr>
E                         
E                           <tr>
E                             <td>exempt_actions</td>
E                             <td class="code"><pre>[&#x27;register&#x27;, &#x27;login&#x27;, &#x27;refresh_token&#x27;, &#x27;update_profile&#x27;, &#x27;me&#x27;]</pre></td>
E                           </tr>
E                         
E                           <tr>
E                             <td>kwargs</td>
E                             <td class="code"><pre>{}</pre></td>
E                           </tr>
E                         
E                           <tr>
E                             <td>request</td>
E                             <td class="code"><pre>&lt;ASGIRequest: POST &#x27;/users/login/&#x27;&gt;</pre></td>
E                           </tr>
E                         
E                           <tr>
E                             <td>self</td>
E                             <td class="code"><pre>&lt;users.views.UserViewSet object at 0x108827c20&gt;</pre></td>
E                           </tr>
E                         
E                       </tbody>
E                     </table>
E                     </details>
E                   
E                 </li>
E               
E                 
E                 <li class="frame user">
E                   
E                     <code class="fname">/Users/mohamedbechirdiarra/Downloads/prototypeGamma/Backend/venv/lib/python3.13/site-packages/rest_framework/views.py</code>, line 515, in dispatch
E                   
E         
E                   
E                     <div class="context" id="c4438432832">
E                       
E                         <ol start="508" class="pre-context" id="pre4438432832">
E                         
E                           <li onclick="toggle('pre4438432832', 'post4438432832')"><pre>                                  self.http_method_not_allowed)</pre></li>
E                         
E                           <li onclick="toggle('pre4438432832', 'post4438432832')"><pre>            else:</pre></li>
E                         
E                           <li onclick="toggle('pre4438432832', 'post4438432832')"><pre>                handler = self.http_method_not_allowed</pre></li>
E                         
E                           <li onclick="toggle('pre4438432832', 'post4438432832')"><pre></pre></li>
E                         
E                           <li onclick="toggle('pre4438432832', 'post4438432832')"><pre>            response = handler(request, *args, **kwargs)</pre></li>
E                         
E                           <li onclick="toggle('pre4438432832', 'post4438432832')"><pre></pre></li>
E                         
E                           <li onclick="toggle('pre4438432832', 'post4438432832')"><pre>        except Exception as exc:</pre></li>
E                         
E                         </ol>
E                       
E                       <ol start="515" class="context-line">
E                         <li onclick="toggle('pre4438432832', 'post4438432832')"><pre>            response = self.handle_exception(exc)
E                                     ^^^^^^^^^^^^^^^^^^^^^^^^^^</pre> <span>…</span></li>
E                       </ol>
E                       
E                         <ol start='516' class="post-context" id="post4438432832">
E                           
E                           <li onclick="toggle('pre4438432832', 'post4438432832')"><pre></pre></li>
E                           
E                           <li onclick="toggle('pre4438432832', 'post4438432832')"><pre>        self.response = self.finalize_response(request, response, *args, **kwargs)</pre></li>
E                           
E                           <li onclick="toggle('pre4438432832', 'post4438432832')"><pre>        return self.response</pre></li>
E                           
E                           <li onclick="toggle('pre4438432832', 'post4438432832')"><pre></pre></li>
E                           
E                           <li onclick="toggle('pre4438432832', 'post4438432832')"><pre>    def options(self, request, *args, **kwargs):</pre></li>
E                           
E                           <li onclick="toggle('pre4438432832', 'post4438432832')"><pre>        &quot;&quot;&quot;</pre></li>
E                           
E                       </ol>
E                       
E                     </div>
E                   
E         
E                   
E                     
E                       <details>
E                         <summary class="commands">Local vars</summary>
E                     
E                     <table class="vars" id="v4438432832">
E                       <thead>
E                         <tr>
E                           <th scope="col">Variable</th>
E                           <th scope="col">Value</th>
E                         </tr>
E                       </thead>
E                       <tbody>
E                         
E                           <tr>
E                             <td>args</td>
E                             <td class="code"><pre>()</pre></td>
E                           </tr>
E                         
E                           <tr>
E                             <td>handler</td>
E                             <td class="code"><pre>&lt;bound method UserViewSet.login of &lt;users.views.UserViewSet object at 0x108827c20&gt;&gt;</pre></td>
E                           </tr>
E                         
E                           <tr>
E                             <td>kwargs</td>
E                             <td class="code"><pre>{}</pre></td>
E                           </tr>
E                         
E                           <tr>
E                             <td>request</td>
E                             <td class="code"><pre>&lt;rest_framework.request.Request: POST &#x27;/users/login/&#x27;&gt;</pre></td>
E                           </tr>
E                         
E                           <tr>
E                             <td>self</td>
E                             <td class="code"><pre>&lt;users.views.UserViewSet object at 0x108827c20&gt;</pre></td>
E                           </tr>
E                         
E                       </tbody>
E                     </table>
E                     </details>
E                   
E                 </li>
E               
E                 
E                 <li class="frame user">
E                   
E                     <code class="fname">/Users/mohamedbechirdiarra/Downloads/prototypeGamma/Backend/venv/lib/python3.13/site-packages/rest_framework/views.py</code>, line 475, in handle_exception
E                   
E         
E                   
E                     <div class="context" id="c4438429312">
E                       
E                         <ol start="468" class="pre-context" id="pre4438429312">
E                         
E                           <li onclick="toggle('pre4438429312', 'post4438429312')"><pre></pre></li>
E                         
E                           <li onclick="toggle('pre4438429312', 'post4438429312')"><pre>        exception_handler = self.get_exception_handler()</pre></li>
E                         
E                           <li onclick="toggle('pre4438429312', 'post4438429312')"><pre></pre></li>
E                         
E                           <li onclick="toggle('pre4438429312', 'post4438429312')"><pre>        context = self.get_exception_handler_context()</pre></li>
E                         
E                           <li onclick="toggle('pre4438429312', 'post4438429312')"><pre>        response = exception_handler(exc, context)</pre></li>
E                         
E                           <li onclick="toggle('pre4438429312', 'post4438429312')"><pre></pre></li>
E                         
E                           <li onclick="toggle('pre4438429312', 'post4438429312')"><pre>        if response is None:</pre></li>
E                         
E                         </ol>
E                       
E                       <ol start="475" class="context-line">
E                         <li onclick="toggle('pre4438429312', 'post4438429312')"><pre>            self.raise_uncaught_exception(exc)
E                          ^^^^^^^^^^^^^^^^^^^^^^^^^^^^^^^^^^</pre> <span>…</span></li>
E                       </ol>
E                       
E                         <ol start='476' class="post-context" id="post4438429312">
E                           
E                           <li onclick="toggle('pre4438429312', 'post4438429312')"><pre></pre></li>
E                           
E                           <li onclick="toggle('pre4438429312', 'post4438429312')"><pre>        response.exception = True</pre></li>
E                           
E                           <li onclick="toggle('pre4438429312', 'post4438429312')"><pre>        return response</pre></li>
E                           
E                           <li onclick="toggle('pre4438429312', 'post4438429312')"><pre></pre></li>
E                           
E                           <li onclick="toggle('pre4438429312', 'post4438429312')"><pre>    def raise_uncaught_exception(self, exc):</pre></li>
E                           
E                           <li onclick="toggle('pre4438429312', 'post4438429312')"><pre>        if settings.DEBUG:</pre></li>
E                           
E                       </ol>
E                       
E                     </div>
E                   
E         
E                   
E                     
E                       <details>
E                         <summary class="commands">Local vars</summary>
E                     
E                     <table class="vars" id="v4438429312">
E                       <thead>
E                         <tr>
E                           <th scope="col">Variable</th>
E                           <th scope="col">Value</th>
E                         </tr>
E                       </thead>
E                       <tbody>
E                         
E                           <tr>
E                             <td>context</td>
E                             <td class="code"><pre>{&#x27;args&#x27;: (),
E          &#x27;kwargs&#x27;: {},
E          &#x27;request&#x27;: &lt;rest_framework.request.Request: POST &#x27;/users/login/&#x27;&gt;,
E          &#x27;view&#x27;: &lt;users.views.UserViewSet object at 0x108827c20&gt;}</pre></td>
E                           </tr>
E                         
E                           <tr>
E                             <td>exc</td>
E                             <td class="code"><pre>IntegrityError(&#x27;FOREIGN KEY constraint failed&#x27;)</pre></td>
E                           </tr>
E                         
E                           <tr>
E                             <td>exception_handler</td>
E                             <td class="code"><pre>&lt;function exception_handler at 0x10770f100&gt;</pre></td>
E                           </tr>
E                         
E                           <tr>
E                             <td>response</td>
E                             <td class="code"><pre>None</pre></td>
E                           </tr>
E                         
E                           <tr>
E                             <td>self</td>
E                             <td class="code"><pre>&lt;users.views.UserViewSet object at 0x108827c20&gt;</pre></td>
E                           </tr>
E                         
E                       </tbody>
E                     </table>
E                     </details>
E                   
E                 </li>
E               
E                 
E                 <li class="frame user">
E                   
E                     <code class="fname">/Users/mohamedbechirdiarra/Downloads/prototypeGamma/Backend/venv/lib/python3.13/site-packages/rest_framework/views.py</code>, line 486, in raise_uncaught_exception
E                   
E         
E                   
E                     <div class="context" id="c4438428928">
E                       
E                         <ol start="479" class="pre-context" id="pre4438428928">
E                         
E                           <li onclick="toggle('pre4438428928', 'post4438428928')"><pre></pre></li>
E                         
E                           <li onclick="toggle('pre4438428928', 'post4438428928')"><pre>    def raise_uncaught_exception(self, exc):</pre></li>
E                         
E                           <li onclick="toggle('pre4438428928', 'post4438428928')"><pre>        if settings.DEBUG:</pre></li>
E                         
E                           <li onclick="toggle('pre4438428928', 'post4438428928')"><pre>            request = self.request</pre></li>
E                         
E                           <li onclick="toggle('pre4438428928', 'post4438428928')"><pre>            renderer_format = getattr(request.accepted_renderer, &#x27;format&#x27;)</pre></li>
E                         
E                           <li onclick="toggle('pre4438428928', 'post4438428928')"><pre>            use_plaintext_traceback = renderer_format not in (&#x27;html&#x27;, &#x27;api&#x27;, &#x27;admin&#x27;)</pre></li>
E                         
E                           <li onclick="toggle('pre4438428928', 'post4438428928')"><pre>            request.force_plaintext_errors(use_plaintext_traceback)</pre></li>
E                         
E                         </ol>
E                       
E                       <ol start="486" class="context-line">
E                         <li onclick="toggle('pre4438428928', 'post4438428928')"><pre>        raise exc
E                      ^^^^^^^^^</pre> <span>…</span></li>
E                       </ol>
E                       
E                         <ol start='487' class="post-context" id="post4438428928">
E                           
E                           <li onclick="toggle('pre4438428928', 'post4438428928')"><pre></pre></li>
E                           
E                           <li onclick="toggle('pre4438428928', 'post4438428928')"><pre>    # Note: Views are made CSRF exempt from within `as_view` as to prevent</pre></li>
E                           
E                           <li onclick="toggle('pre4438428928', 'post4438428928')"><pre>    # accidental removal of this exemption in cases where `dispatch` needs to</pre></li>
E                           
E                           <li onclick="toggle('pre4438428928', 'post4438428928')"><pre>    # be overridden.</pre></li>
E                           
E                           <li onclick="toggle('pre4438428928', 'post4438428928')"><pre>    def dispatch(self, request, *args, **kwargs):</pre></li>
E                           
E                           <li onclick="toggle('pre4438428928', 'post4438428928')"><pre>        &quot;&quot;&quot;</pre></li>
E                           
E                       </ol>
E                       
E                     </div>
E                   
E         
E                   
E                     
E                       <details>
E                         <summary class="commands">Local vars</summary>
E                     
E                     <table class="vars" id="v4438428928">
E                       <thead>
E                         <tr>
E                           <th scope="col">Variable</th>
E                           <th scope="col">Value</th>
E                         </tr>
E                       </thead>
E                       <tbody>
E                         
E                           <tr>
E                             <td>exc</td>
E                             <td class="code"><pre>IntegrityError(&#x27;FOREIGN KEY constraint failed&#x27;)</pre></td>
E                           </tr>
E                         
E                           <tr>
E                             <td>renderer_format</td>
E                             <td class="code"><pre>&#x27;json&#x27;</pre></td>
E                           </tr>
E                         
E                           <tr>
E                             <td>request</td>
E                             <td class="code"><pre>&lt;rest_framework.request.Request: POST &#x27;/users/login/&#x27;&gt;</pre></td>
E                           </tr>
E                         
E                           <tr>
E                             <td>self</td>
E                             <td class="code"><pre>&lt;users.views.UserViewSet object at 0x108827c20&gt;</pre></td>
E                           </tr>
E                         
E                           <tr>
E                             <td>use_plaintext_traceback</td>
E                             <td class="code"><pre>True</pre></td>
E                           </tr>
E                         
E                       </tbody>
E                     </table>
E                     </details>
E                   
E                 </li>
E               
E                 
E                 <li class="frame user">
E                   
E                     <code class="fname">/Users/mohamedbechirdiarra/Downloads/prototypeGamma/Backend/venv/lib/python3.13/site-packages/rest_framework/views.py</code>, line 512, in dispatch
E                   
E         
E                   
E                     <div class="context" id="c4437502400">
E                       
E                         <ol start="505" class="pre-context" id="pre4437502400">
E                         
E                           <li onclick="toggle('pre4437502400', 'post4437502400')"><pre>            # Get the appropriate handler method</pre></li>
E                         
E                           <li onclick="toggle('pre4437502400', 'post4437502400')"><pre>            if request.method.lower() in self.http_method_names:</pre></li>
E                         
E                           <li onclick="toggle('pre4437502400', 'post4437502400')"><pre>                handler = getattr(self, request.method.lower(),</pre></li>
E                         
E                           <li onclick="toggle('pre4437502400', 'post4437502400')"><pre>                                  self.http_method_not_allowed)</pre></li>
E                         
E                           <li onclick="toggle('pre4437502400', 'post4437502400')"><pre>            else:</pre></li>
E                         
E                           <li onclick="toggle('pre4437502400', 'post4437502400')"><pre>                handler = self.http_method_not_allowed</pre></li>
E                         
E                           <li onclick="toggle('pre4437502400', 'post4437502400')"><pre></pre></li>
E                         
E                         </ol>
E                       
E                       <ol start="512" class="context-line">
E                         <li onclick="toggle('pre4437502400', 'post4437502400')"><pre>            response = handler(request, *args, **kwargs)
E                                     ^^^^^^^^^^^^^^^^^^^^^^^^^^^^^^^^^</pre> <span>…</span></li>
E                       </ol>
E                       
E                         <ol start='513' class="post-context" id="post4437502400">
E                           
E                           <li onclick="toggle('pre4437502400', 'post4437502400')"><pre></pre></li>
E                           
E                           <li onclick="toggle('pre4437502400', 'post4437502400')"><pre>        except Exception as exc:</pre></li>
E                           
E                           <li onclick="toggle('pre4437502400', 'post4437502400')"><pre>            response = self.handle_exception(exc)</pre></li>
E                           
E                           <li onclick="toggle('pre4437502400', 'post4437502400')"><pre></pre></li>
E                           
E                           <li onclick="toggle('pre4437502400', 'post4437502400')"><pre>        self.response = self.finalize_response(request, response, *args, **kwargs)</pre></li>
E                           
E                           <li onclick="toggle('pre4437502400', 'post4437502400')"><pre>        return self.response</pre></li>
E                           
E                       </ol>
E                       
E                     </div>
E                   
E         
E                   
E                     
E                       <details>
E                         <summary class="commands">Local vars</summary>
E                     
E                     <table class="vars" id="v4437502400">
E                       <thead>
E                         <tr>
E                           <th scope="col">Variable</th>
E                           <th scope="col">Value</th>
E                         </tr>
E                       </thead>
E                       <tbody>
E                         
E                           <tr>
E                             <td>args</td>
E                             <td class="code"><pre>()</pre></td>
E                           </tr>
E                         
E                           <tr>
E                             <td>handler</td>
E                             <td class="code"><pre>&lt;bound method UserViewSet.login of &lt;users.views.UserViewSet object at 0x108827c20&gt;&gt;</pre></td>
E                           </tr>
E                         
E                           <tr>
E                             <td>kwargs</td>
E                             <td class="code"><pre>{}</pre></td>
E                           </tr>
E                         
E                           <tr>
E                             <td>request</td>
E                             <td class="code"><pre>&lt;rest_framework.request.Request: POST &#x27;/users/login/&#x27;&gt;</pre></td>
E                           </tr>
E                         
E                           <tr>
E                             <td>self</td>
E                             <td class="code"><pre>&lt;users.views.UserViewSet object at 0x108827c20&gt;</pre></td>
E                           </tr>
E                         
E                       </tbody>
E                     </table>
E                     </details>
E                   
E                 </li>
E               
E                 
E                 <li class="frame user">
E                   
E                     <code class="fname">/Users/mohamedbechirdiarra/Downloads/prototypeGamma/Backend/users/views.py</code>, line 382, in login
E                   
E         
E                   
E                     <div class="context" id="c4437495552">
E                       
E                         <ol start="375" class="pre-context" id="pre4437495552">
E                         
E                           <li onclick="toggle('pre4437495552', 'post4437495552')"><pre>                            event_type=&quot;login_high_risk&quot;</pre></li>
E                         
E                           <li onclick="toggle('pre4437495552', 'post4437495552')"><pre>                        )</pre></li>
E                         
E                           <li onclick="toggle('pre4437495552', 'post4437495552')"><pre>                    return Response({</pre></li>
E                         
E                           <li onclick="toggle('pre4437495552', 'post4437495552')"><pre>                        &#x27;otp_required&#x27;: True,</pre></li>
E                         
E                           <li onclick="toggle('pre4437495552', 'post4437495552')"><pre>                        &#x27;session_uuid&#x27;: str(otp.session_uuid),</pre></li>
E                         
E                           <li onclick="toggle('pre4437495552', 'post4437495552')"><pre>                        &#x27;message&#x27;: &#x27;Un code de vérification a été envoyé à votre email.&#x27;</pre></li>
E                         
E                           <li onclick="toggle('pre4437495552', 'post4437495552')"><pre>                    }, status=200)</pre></li>
E                         
E                         </ol>
E                       
E                       <ol start="382" class="context-line">
E                         <li onclick="toggle('pre4437495552', 'post4437495552')"><pre>                log_event(request, &#x27;login&#x27;, &#x27;success&#x27;, risk_score=risk_score, metadata={}, user=user)
E                              ^^^^^^^^^^^^^^^^^^^^^^^^^^^^^^^^^^^^^^^^^^^^^^^^^^^^^^^^^^^^^^^^^^^^^^^^^^^^^^^^^^^^^</pre> <span>…</span></li>
E                       </ol>
E                       
E                         <ol start='383' class="post-context" id="post4437495552">
E                           
E                           <li onclick="toggle('pre4437495552', 'post4437495552')"><pre>                refresh = RefreshToken.for_user(user)</pre></li>
E                           
E                           <li onclick="toggle('pre4437495552', 'post4437495552')"><pre>                return Response({</pre></li>
E                           
E                           <li onclick="toggle('pre4437495552', 'post4437495552')"><pre>                    &#x27;user&#x27;: UserSerializer(user).data,</pre></li>
E                           
E                           <li onclick="toggle('pre4437495552', 'post4437495552')"><pre>                    &#x27;profile&#x27;: self.get_profile_data(user),</pre></li>
E                           
E                           <li onclick="toggle('pre4437495552', 'post4437495552')"><pre>                    &#x27;refresh&#x27;: str(refresh),</pre></li>
E                           
E                           <li onclick="toggle('pre4437495552', 'post4437495552')"><pre>                    &#x27;access&#x27;: str(refresh.access_token),</pre></li>
E                           
E                       </ol>
E                       
E                     </div>
E                   
E         
E                   
E                     
E                       <details>
E                         <summary class="commands">Local vars</summary>
E                     
E                     <table class="vars" id="v4437495552">
E                       <thead>
E                         <tr>
E                           <th scope="col">Variable</th>
E                           <th scope="col">Value</th>
E                         </tr>
E                       </thead>
E                       <tbody>
E                         
E                           <tr>
E                             <td>email</td>
E                             <td class="code"><pre>&#x27;testuser_c4zle5@example.com&#x27;</pre></td>
E                           </tr>
E                         
E                           <tr>
E                             <td>password</td>
E                             <td class="code"><pre>&#x27;TestUser1234!&#x27;</pre></td>
E                           </tr>
E                         
E                           <tr>
E                             <td>request</td>
E                             <td class="code"><pre>&lt;rest_framework.request.Request: POST &#x27;/users/login/&#x27;&gt;</pre></td>
E                           </tr>
E                         
E                           <tr>
E                             <td>risk_score</td>
E                             <td class="code"><pre>0</pre></td>
E                           </tr>
E                         
E                           <tr>
E                             <td>self</td>
E                             <td class="code"><pre>&lt;users.views.UserViewSet object at 0x108827c20&gt;</pre></td>
E                           </tr>
E                         
E                           <tr>
E                             <td>user</td>
E                             <td class="code"><pre>&lt;User: testuser_c4zle5 (Client)&gt;</pre></td>
E                           </tr>
E                         
E                       </tbody>
E                     </table>
E                     </details>
E                   
E                 </li>
E               
E                 
E                 <li class="frame user">
E                   
E                     <code class="fname">/Users/mohamedbechirdiarra/Downloads/prototypeGamma/Backend/users/utils.py</code>, line 14, in log_event
E                   
E         
E                   
E                     <div class="context" id="c4437504640">
E                       
E                         <ol start="7" class="pre-context" id="pre4437504640">
E                         
E                           <li onclick="toggle('pre4437504640', 'post4437504640')"><pre>    if user is None:</pre></li>
E                         
E                           <li onclick="toggle('pre4437504640', 'post4437504640')"><pre>        user = request.user if hasattr(request, &#x27;user&#x27;) and request.user.is_authenticated else None</pre></li>
E                         
E                           <li onclick="toggle('pre4437504640', 'post4437504640')"><pre>    ip = request.META.get(&#x27;REMOTE_ADDR&#x27;)</pre></li>
E                         
E                           <li onclick="toggle('pre4437504640', 'post4437504640')"><pre>    user_agent = request.META.get(&#x27;HTTP_USER_AGENT&#x27;, &#x27;&#x27;)</pre></li>
E                         
E                           <li onclick="toggle('pre4437504640', 'post4437504640')"><pre>    geo_country = getattr(request, &#x27;geoip_country&#x27;, &#x27;&#x27;) or request.META.get(&#x27;GEOIP_COUNTRY&#x27;, &#x27;&#x27;)</pre></li>
E                         
E                           <li onclick="toggle('pre4437504640', 'post4437504640')"><pre>    geo_city = getattr(request, &#x27;geoip_city&#x27;, &#x27;&#x27;) or request.META.get(&#x27;GEOIP_CITY&#x27;, &#x27;&#x27;)</pre></li>
E                         
E                           <li onclick="toggle('pre4437504640', 'post4437504640')"><pre>    location = get_location_from_ip(ip)</pre></li>
E                         
E                         </ol>
E                       
E                       <ol start="14" class="context-line">
E                         <li onclick="toggle('pre4437504640', 'post4437504640')"><pre>    AuditLog.objects.create(
E                 ^</pre> <span>…</span></li>
E                       </ol>
E                       
E                         <ol start='15' class="post-context" id="post4437504640">
E                           
E                           <li onclick="toggle('pre4437504640', 'post4437504640')"><pre>        user=user,</pre></li>
E                           
E                           <li onclick="toggle('pre4437504640', 'post4437504640')"><pre>        ip_address=ip,</pre></li>
E                           
E                           <li onclick="toggle('pre4437504640', 'post4437504640')"><pre>        user_agent=user_agent,</pre></li>
E                           
E                           <li onclick="toggle('pre4437504640', 'post4437504640')"><pre>        event_type=event_type,</pre></li>
E                           
E                           <li onclick="toggle('pre4437504640', 'post4437504640')"><pre>        status=status,</pre></li>
E                           
E                           <li onclick="toggle('pre4437504640', 'post4437504640')"><pre>        geo_country=geo_country,</pre></li>
E                           
E                       </ol>
E                       
E                     </div>
E                   
E         
E                   
E                     
E                       <details>
E                         <summary class="commands">Local vars</summary>
E                     
E                     <table class="vars" id="v4437504640">
E                       <thead>
E                         <tr>
E                           <th scope="col">Variable</th>
E                           <th scope="col">Value</th>
E                         </tr>
E                       </thead>
E                       <tbody>
E                         
E                           <tr>
E                             <td>event_type</td>
E                             <td class="code"><pre>&#x27;login&#x27;</pre></td>
E                           </tr>
E                         
E                           <tr>
E                             <td>geo_city</td>
E                             <td class="code"><pre>&#x27;&#x27;</pre></td>
E                           </tr>
E                         
E                           <tr>
E                             <td>geo_country</td>
E                             <td class="code"><pre>&#x27;&#x27;</pre></td>
E                           </tr>
E                         
E                           <tr>
E                             <td>ip</td>
E                             <td class="code"><pre>&#x27;127.0.0.1&#x27;</pre></td>
E                           </tr>
E                         
E                           <tr>
E                             <td>location</td>
E                             <td class="code"><pre>None</pre></td>
E                           </tr>
E                         
E                           <tr>
E                             <td>metadata</td>
E                             <td class="code"><pre>{}</pre></td>
E                           </tr>
E                         
E                           <tr>
E                             <td>request</td>
E                             <td class="code"><pre>&lt;rest_framework.request.Request: POST &#x27;/users/login/&#x27;&gt;</pre></td>
E                           </tr>
E                         
E                           <tr>
E                             <td>risk_score</td>
E                             <td class="code"><pre>0</pre></td>
E                           </tr>
E                         
E                           <tr>
E                             <td>status</td>
E                             <td class="code"><pre>&#x27;success&#x27;</pre></td>
E                           </tr>
E                         
E                           <tr>
E                             <td>user</td>
E                             <td class="code"><pre>&lt;User: testuser_c4zle5 (Client)&gt;</pre></td>
E                           </tr>
E                         
E                           <tr>
E                             <td>user_agent</td>
E                             <td class="code"><pre>&#x27;python-requests/2.32.4&#x27;</pre></td>
E                           </tr>
E                         
E                       </tbody>
E                     </table>
E                     </details>
E                   
E                 </li>
E               
E                 
E                 <li class="frame django">
E                   
E                     <code class="fname">/Users/mohamedbechirdiarra/Downloads/prototypeGamma/Backend/venv/lib/python3.13/site-packages/django/db/models/manager.py</code>, line 87, in manager_method
E                   
E         
E                   
E                     <div class="context" id="c4436733056">
E                       
E                         <ol start="80" class="pre-context" id="pre4436733056">
E                         
E                           <li onclick="toggle('pre4436733056', 'post4436733056')"><pre>        return []</pre></li>
E                         
E                           <li onclick="toggle('pre4436733056', 'post4436733056')"><pre></pre></li>
E                         
E                           <li onclick="toggle('pre4436733056', 'post4436733056')"><pre>    @classmethod</pre></li>
E                         
E                           <li onclick="toggle('pre4436733056', 'post4436733056')"><pre>    def _get_queryset_methods(cls, queryset_class):</pre></li>
E                         
E                           <li onclick="toggle('pre4436733056', 'post4436733056')"><pre>        def create_method(name, method):</pre></li>
E                         
E                           <li onclick="toggle('pre4436733056', 'post4436733056')"><pre>            @wraps(method)</pre></li>
E                         
E                           <li onclick="toggle('pre4436733056', 'post4436733056')"><pre>            def manager_method(self, *args, **kwargs):</pre></li>
E                         
E                         </ol>
E                       
E                       <ol start="87" class="context-line">
E                         <li onclick="toggle('pre4436733056', 'post4436733056')"><pre>                return getattr(self.get_queryset(), name)(*args, **kwargs)
E                                    ^^^^^^^^^^^^^^^^^^^^^^^^^^^^^^^^^^^^^^^^^^^^^^^^^^^</pre> <span>…</span></li>
E                       </ol>
E                       
E                         <ol start='88' class="post-context" id="post4436733056">
E                           
E                           <li onclick="toggle('pre4436733056', 'post4436733056')"><pre></pre></li>
E                           
E                           <li onclick="toggle('pre4436733056', 'post4436733056')"><pre>            return manager_method</pre></li>
E                           
E                           <li onclick="toggle('pre4436733056', 'post4436733056')"><pre></pre></li>
E                           
E                           <li onclick="toggle('pre4436733056', 'post4436733056')"><pre>        new_methods = {}</pre></li>
E                           
E                           <li onclick="toggle('pre4436733056', 'post4436733056')"><pre>        for name, method in inspect.getmembers(</pre></li>
E                           
E                           <li onclick="toggle('pre4436733056', 'post4436733056')"><pre>            queryset_class, predicate=inspect.isfunction</pre></li>
E                           
E                       </ol>
E                       
E                     </div>
E                   
E         
E                   
E                     
E                       <details>
E                         <summary class="commands">Local vars</summary>
E                     
E                     <table class="vars" id="v4436733056">
E                       <thead>
E                         <tr>
E                           <th scope="col">Variable</th>
E                           <th scope="col">Value</th>
E                         </tr>
E                       </thead>
E                       <tbody>
E                         
E                           <tr>
E                             <td>args</td>
E                             <td class="code"><pre>()</pre></td>
E                           </tr>
E                         
E                           <tr>
E                             <td>kwargs</td>
E                             <td class="code"><pre>{&#x27;event_type&#x27;: &#x27;login&#x27;,
E          &#x27;geo_city&#x27;: &#x27;&#x27;,
E          &#x27;geo_country&#x27;: &#x27;&#x27;,
E          &#x27;ip_address&#x27;: &#x27;127.0.0.1&#x27;,
E          &#x27;location&#x27;: None,
E          &#x27;metadata&#x27;: {},
E          &#x27;risk_score&#x27;: 0,
E          &#x27;status&#x27;: &#x27;success&#x27;,
E          &#x27;user&#x27;: &lt;User: testuser_c4zle5 (Client)&gt;,
E          &#x27;user_agent&#x27;: &#x27;python-requests/2.32.4&#x27;}</pre></td>
E                           </tr>
E                         
E                           <tr>
E                             <td>name</td>
E                             <td class="code"><pre>&#x27;create&#x27;</pre></td>
E                           </tr>
E                         
E                           <tr>
E                             <td>self</td>
E                             <td class="code"><pre>&lt;django.db.models.manager.Manager object at 0x10840cad0&gt;</pre></td>
E                           </tr>
E                         
E                       </tbody>
E                     </table>
E                     </details>
E                   
E                 </li>
E               
E                 
E                 <li class="frame django">
E                   
E                     <code class="fname">/Users/mohamedbechirdiarra/Downloads/prototypeGamma/Backend/venv/lib/python3.13/site-packages/django/db/models/query.py</code>, line 663, in create
E                   
E         
E                   
E                     <div class="context" id="c4437497664">
E                       
E                         <ol start="656" class="pre-context" id="pre4437497664">
E                         
E                           <li onclick="toggle('pre4437497664', 'post4437497664')"><pre>            raise ValueError(</pre></li>
E                         
E                           <li onclick="toggle('pre4437497664', 'post4437497664')"><pre>                &quot;The following fields do not exist in this model: %s&quot;</pre></li>
E                         
E                           <li onclick="toggle('pre4437497664', 'post4437497664')"><pre>                % &quot;, &quot;.join(reverse_one_to_one_fields)</pre></li>
E                         
E                           <li onclick="toggle('pre4437497664', 'post4437497664')"><pre>            )</pre></li>
E                         
E                           <li onclick="toggle('pre4437497664', 'post4437497664')"><pre></pre></li>
E                         
E                           <li onclick="toggle('pre4437497664', 'post4437497664')"><pre>        obj = self.model(**kwargs)</pre></li>
E                         
E                           <li onclick="toggle('pre4437497664', 'post4437497664')"><pre>        self._for_write = True</pre></li>
E                         
E                         </ol>
E                       
E                       <ol start="663" class="context-line">
E                         <li onclick="toggle('pre4437497664', 'post4437497664')"><pre>        obj.save(force_insert=True, using=self.db)
E                      ^^^^^^^^^^^^^^^^^^^^^^^^^^^^^^^^^^^^^^^^^^</pre> <span>…</span></li>
E                       </ol>
E                       
E                         <ol start='664' class="post-context" id="post4437497664">
E                           
E                           <li onclick="toggle('pre4437497664', 'post4437497664')"><pre>        return obj</pre></li>
E                           
E                           <li onclick="toggle('pre4437497664', 'post4437497664')"><pre></pre></li>
E                           
E                           <li onclick="toggle('pre4437497664', 'post4437497664')"><pre>    create.alters_data = True</pre></li>
E                           
E                           <li onclick="toggle('pre4437497664', 'post4437497664')"><pre></pre></li>
E                           
E                           <li onclick="toggle('pre4437497664', 'post4437497664')"><pre>    async def acreate(self, **kwargs):</pre></li>
E                           
E                           <li onclick="toggle('pre4437497664', 'post4437497664')"><pre>        return await sync_to_async(self.create)(**kwargs)</pre></li>
E                           
E                       </ol>
E                       
E                     </div>
E                   
E         
E                   
E                     
E                       <details>
E                         <summary class="commands">Local vars</summary>
E                     
E                     <table class="vars" id="v4437497664">
E                       <thead>
E                         <tr>
E                           <th scope="col">Variable</th>
E                           <th scope="col">Value</th>
E                         </tr>
E                       </thead>
E                       <tbody>
E                         
E                           <tr>
E                             <td>kwargs</td>
E                             <td class="code"><pre>{&#x27;event_type&#x27;: &#x27;login&#x27;,
E          &#x27;geo_city&#x27;: &#x27;&#x27;,
E          &#x27;geo_country&#x27;: &#x27;&#x27;,
E          &#x27;ip_address&#x27;: &#x27;127.0.0.1&#x27;,
E          &#x27;location&#x27;: None,
E          &#x27;metadata&#x27;: {},
E          &#x27;risk_score&#x27;: 0,
E          &#x27;status&#x27;: &#x27;success&#x27;,
E          &#x27;user&#x27;: &lt;User: testuser_c4zle5 (Client)&gt;,
E          &#x27;user_agent&#x27;: &#x27;python-requests/2.32.4&#x27;}</pre></td>
E                           </tr>
E                         
E                           <tr>
E                             <td>obj</td>
E                             <td class="code"><pre>&lt;AuditLog: [2025-07-14 11:43:12.760068+00:00] testuser_c4zle5 (Client) - login (success)&gt;</pre></td>
E                           </tr>
E                         
E                           <tr>
E                             <td>reverse_one_to_one_fields</td>
E                             <td class="code"><pre>frozenset()</pre></td>
E                           </tr>
E                         
E                           <tr>
E                             <td>self</td>
E                             <td class="code"><pre>&lt;QuerySet [&lt;AuditLog: [2025-07-14 11:20:26.143987+00:00] None - login (failure)&gt;, &lt;AuditLog: [2025-07-14 11:20:26.172163+00:00] None - login (failure)&gt;, &lt;AuditLog: [2025-07-14 11:20:26.440678+00:00] None - login (failure)&gt;, &lt;AuditLog: [2025-07-14 11:20:26.472641+00:00] None - login (failure)&gt;, &lt;AuditLog: [2025-07-14 11:20:42.818165+00:00] None - login (failure)&gt;, &lt;AuditLog: [2025-07-14 11:20:42.834927+00:00] None - login (failure)&gt;, &lt;AuditLog: [2025-07-14 11:20:42.840926+00:00] None - login (failure)&gt;, &lt;AuditLog: [2025-07-14 11:20:42.849907+00:00] None - login (failure)&gt;, &lt;AuditLog: [2025-07-14 11:20:42.855760+00:00] None - login (failure)&gt;, &lt;AuditLog: [2025-07-14 11:20:42.866003+00:00] None - login (failure)&gt;, &lt;AuditLog: [2025-07-14 11:20:42.871786+00:00] None - login (failure)&gt;, &lt;AuditLog: [2025-07-14 11:20:42.878738+00:00] None - login (failure)&gt;, &lt;AuditLog: [2025-07-14 11:20:42.887097+00:00] None - login (failure)&gt;, &lt;AuditLog: [2025-07-14 11:20:42.933562+00:00] None - login (failure)&gt;, &lt;AuditLog: [2025-07-14 11:20:42.948908+00:00] None - login (failure)&gt;, &lt;AuditLog: [2025-07-14 11:20:42.955057+00:00] None - login (failure)&gt;, &lt;AuditLog: [2025-07-14 11:20:43.030569+00:00] None - login (failure)&gt;, &lt;AuditLog: [2025-07-14 11:20:43.035801+00:00] None - login (failure)&gt;, &lt;AuditLog: [2025-07-14 11:20:43.041067+00:00] None - login (failure)&gt;, &lt;AuditLog: [2025-07-14 11:20:43.057293+00:00] None - login (failure)&gt;, &#x27;...(remaining elements truncated)...&#x27;]&gt;</pre></td>
E                           </tr>
E                         
E                       </tbody>
E                     </table>
E                     </details>
E                   
E                 </li>
E               
E                 
E                 <li class="frame django">
E                   
E                     <code class="fname">/Users/mohamedbechirdiarra/Downloads/prototypeGamma/Backend/venv/lib/python3.13/site-packages/django/db/models/base.py</code>, line 902, in save
E                   
E         
E                   
E                     <div class="context" id="c4434369088">
E                       
E                         <ol start="895" class="pre-context" id="pre4434369088">
E                         
E                           <li onclick="toggle('pre4434369088', 'post4434369088')"><pre>            for field in self._meta.concrete_fields:</pre></li>
E                         
E                           <li onclick="toggle('pre4434369088', 'post4434369088')"><pre>                if field not in pk_fields and not hasattr(field, &quot;through&quot;):</pre></li>
E                         
E                           <li onclick="toggle('pre4434369088', 'post4434369088')"><pre>                    field_names.add(field.attname)</pre></li>
E                         
E                           <li onclick="toggle('pre4434369088', 'post4434369088')"><pre>            loaded_fields = field_names.difference(deferred_non_generated_fields)</pre></li>
E                         
E                           <li onclick="toggle('pre4434369088', 'post4434369088')"><pre>            if loaded_fields:</pre></li>
E                         
E                           <li onclick="toggle('pre4434369088', 'post4434369088')"><pre>                update_fields = frozenset(loaded_fields)</pre></li>
E                         
E                           <li onclick="toggle('pre4434369088', 'post4434369088')"><pre></pre></li>
E                         
E                         </ol>
E                       
E                       <ol start="902" class="context-line">
E                         <li onclick="toggle('pre4434369088', 'post4434369088')"><pre>        self.save_base(
E                      ^</pre> <span>…</span></li>
E                       </ol>
E                       
E                         <ol start='903' class="post-context" id="post4434369088">
E                           
E                           <li onclick="toggle('pre4434369088', 'post4434369088')"><pre>            using=using,</pre></li>
E                           
E                           <li onclick="toggle('pre4434369088', 'post4434369088')"><pre>            force_insert=force_insert,</pre></li>
E                           
E                           <li onclick="toggle('pre4434369088', 'post4434369088')"><pre>            force_update=force_update,</pre></li>
E                           
E                           <li onclick="toggle('pre4434369088', 'post4434369088')"><pre>            update_fields=update_fields,</pre></li>
E                           
E                           <li onclick="toggle('pre4434369088', 'post4434369088')"><pre>        )</pre></li>
E                           
E                           <li onclick="toggle('pre4434369088', 'post4434369088')"><pre></pre></li>
E                           
E                       </ol>
E                       
E                     </div>
E                   
E         
E                   
E                     
E                       <details>
E                         <summary class="commands">Local vars</summary>
E                     
E                     <table class="vars" id="v4434369088">
E                       <thead>
E                         <tr>
E                           <th scope="col">Variable</th>
E                           <th scope="col">Value</th>
E                         </tr>
E                       </thead>
E                       <tbody>
E                         
E                           <tr>
E                             <td>args</td>
E                             <td class="code"><pre>()</pre></td>
E                           </tr>
E                         
E                           <tr>
E                             <td>deferred_non_generated_fields</td>
E                             <td class="code"><pre>set()</pre></td>
E                           </tr>
E                         
E                           <tr>
E                             <td>force_insert</td>
E                             <td class="code"><pre>True</pre></td>
E                           </tr>
E                         
E                           <tr>
E                             <td>force_update</td>
E                             <td class="code"><pre>False</pre></td>
E                           </tr>
E                         
E                           <tr>
E                             <td>self</td>
E                             <td class="code"><pre>&lt;AuditLog: [2025-07-14 11:43:12.760068+00:00] testuser_c4zle5 (Client) - login (success)&gt;</pre></td>
E                           </tr>
E                         
E                           <tr>
E                             <td>update_fields</td>
E                             <td class="code"><pre>None</pre></td>
E                           </tr>
E                         
E                           <tr>
E                             <td>using</td>
E                             <td class="code"><pre>&#x27;default&#x27;</pre></td>
E                           </tr>
E                         
E                       </tbody>
E                     </table>
E                     </details>
E                   
E                 </li>
E               
E                 
E                 <li class="frame django">
E                   
E                     <code class="fname">/Users/mohamedbechirdiarra/Downloads/prototypeGamma/Backend/venv/lib/python3.13/site-packages/django/db/models/base.py</code>, line 1008, in save_base
E                   
E         
E                   
E                     <div class="context" id="c4437503744">
E                       
E                         <ol start="1001" class="pre-context" id="pre4437503744">
E                         
E                           <li onclick="toggle('pre4437503744', 'post4437503744')"><pre>            parent_inserted = False</pre></li>
E                         
E                           <li onclick="toggle('pre4437503744', 'post4437503744')"><pre>            if not raw:</pre></li>
E                         
E                           <li onclick="toggle('pre4437503744', 'post4437503744')"><pre>                # Validate force insert only when parents are inserted.</pre></li>
E                         
E                           <li onclick="toggle('pre4437503744', 'post4437503744')"><pre>                force_insert = self._validate_force_insert(force_insert)</pre></li>
E                         
E                           <li onclick="toggle('pre4437503744', 'post4437503744')"><pre>                parent_inserted = self._save_parents(</pre></li>
E                         
E                           <li onclick="toggle('pre4437503744', 'post4437503744')"><pre>                    cls, using, update_fields, force_insert</pre></li>
E                         
E                           <li onclick="toggle('pre4437503744', 'post4437503744')"><pre>                )</pre></li>
E                         
E                         </ol>
E                       
E                       <ol start="1008" class="context-line">
E                         <li onclick="toggle('pre4437503744', 'post4437503744')"><pre>            updated = self._save_table(
E                                     </pre> <span>…</span></li>
E                       </ol>
E                       
E                         <ol start='1009' class="post-context" id="post4437503744">
E                           
E                           <li onclick="toggle('pre4437503744', 'post4437503744')"><pre>                raw,</pre></li>
E                           
E                           <li onclick="toggle('pre4437503744', 'post4437503744')"><pre>                cls,</pre></li>
E                           
E                           <li onclick="toggle('pre4437503744', 'post4437503744')"><pre>                force_insert or parent_inserted,</pre></li>
E                           
E                           <li onclick="toggle('pre4437503744', 'post4437503744')"><pre>                force_update,</pre></li>
E                           
E                           <li onclick="toggle('pre4437503744', 'post4437503744')"><pre>                using,</pre></li>
E                           
E                           <li onclick="toggle('pre4437503744', 'post4437503744')"><pre>                update_fields,</pre></li>
E                           
E                       </ol>
E                       
E                     </div>
E                   
E         
E                   
E                     
E                       <details>
E                         <summary class="commands">Local vars</summary>
E                     
E                     <table class="vars" id="v4437503744">
E                       <thead>
E                         <tr>
E                           <th scope="col">Variable</th>
E                           <th scope="col">Value</th>
E                         </tr>
E                       </thead>
E                       <tbody>
E                         
E                           <tr>
E                             <td>cls</td>
E                             <td class="code"><pre>&lt;class &#x27;users.models.AuditLog&#x27;&gt;</pre></td>
E                           </tr>
E                         
E                           <tr>
E                             <td>context_manager</td>
E                             <td class="code"><pre>&lt;contextlib._GeneratorContextManager object at 0x108876120&gt;</pre></td>
E                           </tr>
E                         
E                           <tr>
E                             <td>force_insert</td>
E                             <td class="code"><pre>(&lt;class &#x27;users.models.AuditLog&#x27;&gt;,)</pre></td>
E                           </tr>
E                         
E                           <tr>
E                             <td>force_update</td>
E                             <td class="code"><pre>False</pre></td>
E                           </tr>
E                         
E                           <tr>
E                             <td>meta</td>
E                             <td class="code"><pre>&lt;Options for AuditLog&gt;</pre></td>
E                           </tr>
E                         
E                           <tr>
E                             <td>origin</td>
E                             <td class="code"><pre>&lt;class &#x27;users.models.AuditLog&#x27;&gt;</pre></td>
E                           </tr>
E                         
E                           <tr>
E                             <td>parent_inserted</td>
E                             <td class="code"><pre>False</pre></td>
E                           </tr>
E                         
E                           <tr>
E                             <td>raw</td>
E                             <td class="code"><pre>False</pre></td>
E                           </tr>
E                         
E                           <tr>
E                             <td>self</td>
E                             <td class="code"><pre>&lt;AuditLog: [2025-07-14 11:43:12.760068+00:00] testuser_c4zle5 (Client) - login (success)&gt;</pre></td>
E                           </tr>
E                         
E                           <tr>
E                             <td>update_fields</td>
E                             <td class="code"><pre>None</pre></td>
E                           </tr>
E                         
E                           <tr>
E                             <td>using</td>
E                             <td class="code"><pre>&#x27;default&#x27;</pre></td>
E                           </tr>
E                         
E                       </tbody>
E                     </table>
E                     </details>
E                   
E                 </li>
E               
E                 
E                 <li class="frame django">
E                   
E                     <code class="fname">/Users/mohamedbechirdiarra/Downloads/prototypeGamma/Backend/venv/lib/python3.13/site-packages/django/db/models/base.py</code>, line 1169, in _save_table
E                   
E         
E                   
E                     <div class="context" id="c4437505024">
E                       
E                         <ol start="1162" class="pre-context" id="pre4437505024">
E                         
E                           <li onclick="toggle('pre4437505024', 'post4437505024')"><pre>                )</pre></li>
E                         
E                           <li onclick="toggle('pre4437505024', 'post4437505024')"><pre>            fields = [</pre></li>
E                         
E                           <li onclick="toggle('pre4437505024', 'post4437505024')"><pre>                f</pre></li>
E                         
E                           <li onclick="toggle('pre4437505024', 'post4437505024')"><pre>                for f in meta.local_concrete_fields</pre></li>
E                         
E                           <li onclick="toggle('pre4437505024', 'post4437505024')"><pre>                if not f.generated and (pk_set or f is not meta.auto_field)</pre></li>
E                         
E                           <li onclick="toggle('pre4437505024', 'post4437505024')"><pre>            ]</pre></li>
E                         
E                           <li onclick="toggle('pre4437505024', 'post4437505024')"><pre>            returning_fields = meta.db_returning_fields</pre></li>
E                         
E                         </ol>
E                       
E                       <ol start="1169" class="context-line">
E                         <li onclick="toggle('pre4437505024', 'post4437505024')"><pre>            results = self._do_insert(
E                                     </pre> <span>…</span></li>
E                       </ol>
E                       
E                         <ol start='1170' class="post-context" id="post4437505024">
E                           
E                           <li onclick="toggle('pre4437505024', 'post4437505024')"><pre>                cls._base_manager, using, fields, returning_fields, raw</pre></li>
E                           
E                           <li onclick="toggle('pre4437505024', 'post4437505024')"><pre>            )</pre></li>
E                           
E                           <li onclick="toggle('pre4437505024', 'post4437505024')"><pre>            if results:</pre></li>
E                           
E                           <li onclick="toggle('pre4437505024', 'post4437505024')"><pre>                for value, field in zip(results[0], returning_fields):</pre></li>
E                           
E                           <li onclick="toggle('pre4437505024', 'post4437505024')"><pre>                    setattr(self, field.attname, value)</pre></li>
E                           
E                           <li onclick="toggle('pre4437505024', 'post4437505024')"><pre>        return updated</pre></li>
E                           
E                       </ol>
E                       
E                     </div>
E                   
E         
E                   
E                     
E                       <details>
E                         <summary class="commands">Local vars</summary>
E                     
E                     <table class="vars" id="v4437505024">
E                       <thead>
E                         <tr>
E                           <th scope="col">Variable</th>
E                           <th scope="col">Value</th>
E                         </tr>
E                       </thead>
E                       <tbody>
E                         
E                           <tr>
E                             <td>cls</td>
E                             <td class="code"><pre>&lt;class &#x27;users.models.AuditLog&#x27;&gt;</pre></td>
E                           </tr>
E                         
E                           <tr>
E                             <td>fields</td>
E                             <td class="code"><pre>[&lt;django.db.models.fields.related.ForeignKey: user&gt;,
E          &lt;django.db.models.fields.GenericIPAddressField: ip_address&gt;,
E          &lt;django.db.models.fields.TextField: user_agent&gt;,
E          &lt;django.db.models.fields.CharField: event_type&gt;,
E          &lt;django.db.models.fields.CharField: status&gt;,
E          &lt;django.db.models.fields.DateTimeField: timestamp&gt;,
E          &lt;django.db.models.fields.CharField: geo_country&gt;,
E          &lt;django.db.models.fields.CharField: geo_city&gt;,
E          &lt;django.db.models.fields.CharField: location&gt;,
E          &lt;django.db.models.fields.PositiveSmallIntegerField: risk_score&gt;,
E          &lt;django.db.models.fields.json.JSONField: metadata&gt;]</pre></td>
E                           </tr>
E                         
E                           <tr>
E                             <td>force_insert</td>
E                             <td class="code"><pre>(&lt;class &#x27;users.models.AuditLog&#x27;&gt;,)</pre></td>
E                           </tr>
E                         
E                           <tr>
E                             <td>force_update</td>
E                             <td class="code"><pre>False</pre></td>
E                           </tr>
E                         
E                           <tr>
E                             <td>meta</td>
E                             <td class="code"><pre>&lt;Options for AuditLog&gt;</pre></td>
E                           </tr>
E                         
E                           <tr>
E                             <td>non_pks_non_generated</td>
E                             <td class="code"><pre>[&lt;django.db.models.fields.related.ForeignKey: user&gt;,
E          &lt;django.db.models.fields.GenericIPAddressField: ip_address&gt;,
E          &lt;django.db.models.fields.TextField: user_agent&gt;,
E          &lt;django.db.models.fields.CharField: event_type&gt;,
E          &lt;django.db.models.fields.CharField: status&gt;,
E          &lt;django.db.models.fields.DateTimeField: timestamp&gt;,
E          &lt;django.db.models.fields.CharField: geo_country&gt;,
E          &lt;django.db.models.fields.CharField: geo_city&gt;,
E          &lt;django.db.models.fields.CharField: location&gt;,
E          &lt;django.db.models.fields.PositiveSmallIntegerField: risk_score&gt;,
E          &lt;django.db.models.fields.json.JSONField: metadata&gt;]</pre></td>
E                           </tr>
E                         
E                           <tr>
E                             <td>pk_fields</td>
E                             <td class="code"><pre>[&lt;django.db.models.fields.BigAutoField: id&gt;]</pre></td>
E                           </tr>
E                         
E                           <tr>
E                             <td>pk_set</td>
E                             <td class="code"><pre>False</pre></td>
E                           </tr>
E                         
E                           <tr>
E                             <td>pk_val</td>
E                             <td class="code"><pre>None</pre></td>
E                           </tr>
E                         
E                           <tr>
E                             <td>raw</td>
E                             <td class="code"><pre>False</pre></td>
E                           </tr>
E                         
E                           <tr>
E                             <td>returning_fields</td>
E                             <td class="code"><pre>[&lt;django.db.models.fields.BigAutoField: id&gt;]</pre></td>
E                           </tr>
E                         
E                           <tr>
E                             <td>self</td>
E                             <td class="code"><pre>&lt;AuditLog: [2025-07-14 11:43:12.760068+00:00] testuser_c4zle5 (Client) - login (success)&gt;</pre></td>
E                           </tr>
E                         
E                           <tr>
E                             <td>update_fields</td>
E                             <td class="code"><pre>None</pre></td>
E                           </tr>
E                         
E                           <tr>
E                             <td>updated</td>
E                             <td class="code"><pre>False</pre></td>
E                           </tr>
E                         
E                           <tr>
E                             <td>using</td>
E                             <td class="code"><pre>&#x27;default&#x27;</pre></td>
E                           </tr>
E                         
E                       </tbody>
E                     </table>
E                     </details>
E                   
E                 </li>
E               
E                 
E                 <li class="frame django">
E                   
E                     <code class="fname">/Users/mohamedbechirdiarra/Downloads/prototypeGamma/Backend/venv/lib/python3.13/site-packages/django/db/models/base.py</code>, line 1210, in _do_insert
E                   
E         
E                   
E                     <div class="context" id="c4437493120">
E                       
E                         <ol start="1203" class="pre-context" id="pre4437493120">
E                         
E                           <li onclick="toggle('pre4437493120', 'post4437493120')"><pre>        return filtered._update(values) &gt; 0</pre></li>
E                         
E                           <li onclick="toggle('pre4437493120', 'post4437493120')"><pre></pre></li>
E                         
E                           <li onclick="toggle('pre4437493120', 'post4437493120')"><pre>    def _do_insert(self, manager, using, fields, returning_fields, raw):</pre></li>
E                         
E                           <li onclick="toggle('pre4437493120', 'post4437493120')"><pre>        &quot;&quot;&quot;</pre></li>
E                         
E                           <li onclick="toggle('pre4437493120', 'post4437493120')"><pre>        Do an INSERT. If returning_fields is defined then this method should</pre></li>
E                         
E                           <li onclick="toggle('pre4437493120', 'post4437493120')"><pre>        return the newly created data for the model.</pre></li>
E                         
E                           <li onclick="toggle('pre4437493120', 'post4437493120')"><pre>        &quot;&quot;&quot;</pre></li>
E                         
E                         </ol>
E                       
E                       <ol start="1210" class="context-line">
E                         <li onclick="toggle('pre4437493120', 'post4437493120')"><pre>        return manager._insert(
E                              </pre> <span>…</span></li>
E                       </ol>
E                       
E                         <ol start='1211' class="post-context" id="post4437493120">
E                           
E                           <li onclick="toggle('pre4437493120', 'post4437493120')"><pre>            [self],</pre></li>
E                           
E                           <li onclick="toggle('pre4437493120', 'post4437493120')"><pre>            fields=fields,</pre></li>
E                           
E                           <li onclick="toggle('pre4437493120', 'post4437493120')"><pre>            returning_fields=returning_fields,</pre></li>
E                           
E                           <li onclick="toggle('pre4437493120', 'post4437493120')"><pre>            using=using,</pre></li>
E                           
E                           <li onclick="toggle('pre4437493120', 'post4437493120')"><pre>            raw=raw,</pre></li>
E                           
E                           <li onclick="toggle('pre4437493120', 'post4437493120')"><pre>        )</pre></li>
E                           
E                       </ol>
E                       
E                     </div>
E                   
E         
E                   
E                     
E                       <details>
E                         <summary class="commands">Local vars</summary>
E                     
E                     <table class="vars" id="v4437493120">
E                       <thead>
E                         <tr>
E                           <th scope="col">Variable</th>
E                           <th scope="col">Value</th>
E                         </tr>
E                       </thead>
E                       <tbody>
E                         
E                           <tr>
E                             <td>fields</td>
E                             <td class="code"><pre>[&lt;django.db.models.fields.related.ForeignKey: user&gt;,
E          &lt;django.db.models.fields.GenericIPAddressField: ip_address&gt;,
E          &lt;django.db.models.fields.TextField: user_agent&gt;,
E          &lt;django.db.models.fields.CharField: event_type&gt;,
E          &lt;django.db.models.fields.CharField: status&gt;,
E          &lt;django.db.models.fields.DateTimeField: timestamp&gt;,
E          &lt;django.db.models.fields.CharField: geo_country&gt;,
E          &lt;django.db.models.fields.CharField: geo_city&gt;,
E          &lt;django.db.models.fields.CharField: location&gt;,
E          &lt;django.db.models.fields.PositiveSmallIntegerField: risk_score&gt;,
E          &lt;django.db.models.fields.json.JSONField: metadata&gt;]</pre></td>
E                           </tr>
E                         
E                           <tr>
E                             <td>manager</td>
E                             <td class="code"><pre>&lt;django.db.models.manager.Manager object at 0x108454b50&gt;</pre></td>
E                           </tr>
E                         
E                           <tr>
E                             <td>raw</td>
E                             <td class="code"><pre>False</pre></td>
E                           </tr>
E                         
E                           <tr>
E                             <td>returning_fields</td>
E                             <td class="code"><pre>[&lt;django.db.models.fields.BigAutoField: id&gt;]</pre></td>
E                           </tr>
E                         
E                           <tr>
E                             <td>self</td>
E                             <td class="code"><pre>&lt;AuditLog: [2025-07-14 11:43:12.760068+00:00] testuser_c4zle5 (Client) - login (success)&gt;</pre></td>
E                           </tr>
E                         
E                           <tr>
E                             <td>using</td>
E                             <td class="code"><pre>&#x27;default&#x27;</pre></td>
E                           </tr>
E                         
E                       </tbody>
E                     </table>
E                     </details>
E                   
E                 </li>
E               
E                 
E                 <li class="frame django">
E                   
E                     <code class="fname">/Users/mohamedbechirdiarra/Downloads/prototypeGamma/Backend/venv/lib/python3.13/site-packages/django/db/models/manager.py</code>, line 87, in manager_method
E                   
E         
E                   
E                     <div class="context" id="c4436729216">
E                       
E                         <ol start="80" class="pre-context" id="pre4436729216">
E                         
E                           <li onclick="toggle('pre4436729216', 'post4436729216')"><pre>        return []</pre></li>
E                         
E                           <li onclick="toggle('pre4436729216', 'post4436729216')"><pre></pre></li>
E                         
E                           <li onclick="toggle('pre4436729216', 'post4436729216')"><pre>    @classmethod</pre></li>
E                         
E                           <li onclick="toggle('pre4436729216', 'post4436729216')"><pre>    def _get_queryset_methods(cls, queryset_class):</pre></li>
E                         
E                           <li onclick="toggle('pre4436729216', 'post4436729216')"><pre>        def create_method(name, method):</pre></li>
E                         
E                           <li onclick="toggle('pre4436729216', 'post4436729216')"><pre>            @wraps(method)</pre></li>
E                         
E                           <li onclick="toggle('pre4436729216', 'post4436729216')"><pre>            def manager_method(self, *args, **kwargs):</pre></li>
E                         
E                         </ol>
E                       
E                       <ol start="87" class="context-line">
E                         <li onclick="toggle('pre4436729216', 'post4436729216')"><pre>                return getattr(self.get_queryset(), name)(*args, **kwargs)
E                                    ^^^^^^^^^^^^^^^^^^^^^^^^^^^^^^^^^^^^^^^^^^^^^^^^^^^</pre> <span>…</span></li>
E                       </ol>
E                       
E                         <ol start='88' class="post-context" id="post4436729216">
E                           
E                           <li onclick="toggle('pre4436729216', 'post4436729216')"><pre></pre></li>
E                           
E                           <li onclick="toggle('pre4436729216', 'post4436729216')"><pre>            return manager_method</pre></li>
E                           
E                           <li onclick="toggle('pre4436729216', 'post4436729216')"><pre></pre></li>
E                           
E                           <li onclick="toggle('pre4436729216', 'post4436729216')"><pre>        new_methods = {}</pre></li>
E                           
E                           <li onclick="toggle('pre4436729216', 'post4436729216')"><pre>        for name, method in inspect.getmembers(</pre></li>
E                           
E                           <li onclick="toggle('pre4436729216', 'post4436729216')"><pre>            queryset_class, predicate=inspect.isfunction</pre></li>
E                           
E                       </ol>
E                       
E                     </div>
E                   
E         
E                   
E                     
E                       <details>
E                         <summary class="commands">Local vars</summary>
E                     
E                     <table class="vars" id="v4436729216">
E                       <thead>
E                         <tr>
E                           <th scope="col">Variable</th>
E                           <th scope="col">Value</th>
E                         </tr>
E                       </thead>
E                       <tbody>
E                         
E                           <tr>
E                             <td>args</td>
E                             <td class="code"><pre>([&lt;AuditLog: [2025-07-14 11:43:12.760068+00:00] testuser_c4zle5 (Client) - login (success)&gt;],)</pre></td>
E                           </tr>
E                         
E                           <tr>
E                             <td>kwargs</td>
E                             <td class="code"><pre>{&#x27;fields&#x27;: [&lt;django.db.models.fields.related.ForeignKey: user&gt;,
E                     &lt;django.db.models.fields.GenericIPAddressField: ip_address&gt;,
E                     &lt;django.db.models.fields.TextField: user_agent&gt;,
E                     &lt;django.db.models.fields.CharField: event_type&gt;,
E                     &lt;django.db.models.fields.CharField: status&gt;,
E                     &lt;django.db.models.fields.DateTimeField: timestamp&gt;,
E                     &lt;django.db.models.fields.CharField: geo_country&gt;,
E                     &lt;django.db.models.fields.CharField: geo_city&gt;,
E                     &lt;django.db.models.fields.CharField: location&gt;,
E                     &lt;django.db.models.fields.PositiveSmallIntegerField: risk_score&gt;,
E                     &lt;django.db.models.fields.json.JSONField: metadata&gt;],
E          &#x27;raw&#x27;: False,
E          &#x27;returning_fields&#x27;: [&lt;django.db.models.fields.BigAutoField: id&gt;],
E          &#x27;using&#x27;: &#x27;default&#x27;}</pre></td>
E                           </tr>
E                         
E                           <tr>
E                             <td>name</td>
E                             <td class="code"><pre>&#x27;_insert&#x27;</pre></td>
E                           </tr>
E                         
E                           <tr>
E                             <td>self</td>
E                             <td class="code"><pre>&lt;django.db.models.manager.Manager object at 0x108454b50&gt;</pre></td>
E                           </tr>
E                         
E                       </tbody>
E                     </table>
E                     </details>
E                   
E                 </li>
E               
E                 
E                 <li class="frame django">
E                   
E                     <code class="fname">/Users/mohamedbechirdiarra/Downloads/prototypeGamma/Backend/venv/lib/python3.13/site-packages/django/db/models/query.py</code>, line 1868, in _insert
E                   
E         
E                   
E                     <div class="context" id="c4436896512">
E                       
E                         <ol start="1861" class="pre-context" id="pre4436896512">
E                         
E                           <li onclick="toggle('pre4436896512', 'post4436896512')"><pre>        query = sql.InsertQuery(</pre></li>
E                         
E                           <li onclick="toggle('pre4436896512', 'post4436896512')"><pre>            self.model,</pre></li>
E                         
E                           <li onclick="toggle('pre4436896512', 'post4436896512')"><pre>            on_conflict=on_conflict,</pre></li>
E                         
E                           <li onclick="toggle('pre4436896512', 'post4436896512')"><pre>            update_fields=update_fields,</pre></li>
E                         
E                           <li onclick="toggle('pre4436896512', 'post4436896512')"><pre>            unique_fields=unique_fields,</pre></li>
E                         
E                           <li onclick="toggle('pre4436896512', 'post4436896512')"><pre>        )</pre></li>
E                         
E                           <li onclick="toggle('pre4436896512', 'post4436896512')"><pre>        query.insert_values(fields, objs, raw=raw)</pre></li>
E                         
E                         </ol>
E                       
E                       <ol start="1868" class="context-line">
E                         <li onclick="toggle('pre4436896512', 'post4436896512')"><pre>        return query.get_compiler(using=using).execute_sql(returning_fields)
E                              ^^^^^^^^^^^^^^^^^^^^^^^^^^^^^^^^^^^^^^^^^^^^^^^^^^^^^^^^^^^^^</pre> <span>…</span></li>
E                       </ol>
E                       
E                         <ol start='1869' class="post-context" id="post4436896512">
E                           
E                           <li onclick="toggle('pre4436896512', 'post4436896512')"><pre></pre></li>
E                           
E                           <li onclick="toggle('pre4436896512', 'post4436896512')"><pre>    _insert.alters_data = True</pre></li>
E                           
E                           <li onclick="toggle('pre4436896512', 'post4436896512')"><pre>    _insert.queryset_only = False</pre></li>
E                           
E                           <li onclick="toggle('pre4436896512', 'post4436896512')"><pre></pre></li>
E                           
E                           <li onclick="toggle('pre4436896512', 'post4436896512')"><pre>    def _batched_insert(</pre></li>
E                           
E                           <li onclick="toggle('pre4436896512', 'post4436896512')"><pre>        self,</pre></li>
E                           
E                       </ol>
E                       
E                     </div>
E                   
E         
E                   
E                     
E                       <details>
E                         <summary class="commands">Local vars</summary>
E                     
E                     <table class="vars" id="v4436896512">
E                       <thead>
E                         <tr>
E                           <th scope="col">Variable</th>
E                           <th scope="col">Value</th>
E                         </tr>
E                       </thead>
E                       <tbody>
E                         
E                           <tr>
E                             <td>fields</td>
E                             <td class="code"><pre>[&lt;django.db.models.fields.related.ForeignKey: user&gt;,
E          &lt;django.db.models.fields.GenericIPAddressField: ip_address&gt;,
E          &lt;django.db.models.fields.TextField: user_agent&gt;,
E          &lt;django.db.models.fields.CharField: event_type&gt;,
E          &lt;django.db.models.fields.CharField: status&gt;,
E          &lt;django.db.models.fields.DateTimeField: timestamp&gt;,
E          &lt;django.db.models.fields.CharField: geo_country&gt;,
E          &lt;django.db.models.fields.CharField: geo_city&gt;,
E          &lt;django.db.models.fields.CharField: location&gt;,
E          &lt;django.db.models.fields.PositiveSmallIntegerField: risk_score&gt;,
E          &lt;django.db.models.fields.json.JSONField: metadata&gt;]</pre></td>
E                           </tr>
E                         
E                           <tr>
E                             <td>objs</td>
E                             <td class="code"><pre>[&lt;AuditLog: [2025-07-14 11:43:12.760068+00:00] testuser_c4zle5 (Client) - login (success)&gt;]</pre></td>
E                           </tr>
E                         
E                           <tr>
E                             <td>on_conflict</td>
E                             <td class="code"><pre>None</pre></td>
E                           </tr>
E                         
E                           <tr>
E                             <td>query</td>
E                             <td class="code"><pre>&lt;django.db.models.sql.subqueries.InsertQuery object at 0x1087bdc50&gt;</pre></td>
E                           </tr>
E                         
E                           <tr>
E                             <td>raw</td>
E                             <td class="code"><pre>False</pre></td>
E                           </tr>
E                         
E                           <tr>
E                             <td>returning_fields</td>
E                             <td class="code"><pre>[&lt;django.db.models.fields.BigAutoField: id&gt;]</pre></td>
E                           </tr>
E                         
E                           <tr>
E                             <td>self</td>
E                             <td class="code"><pre>&lt;QuerySet [&lt;AuditLog: [2025-07-14 11:20:26.143987+00:00] None - login (failure)&gt;, &lt;AuditLog: [2025-07-14 11:20:26.172163+00:00] None - login (failure)&gt;, &lt;AuditLog: [2025-07-14 11:20:26.440678+00:00] None - login (failure)&gt;, &lt;AuditLog: [2025-07-14 11:20:26.472641+00:00] None - login (failure)&gt;, &lt;AuditLog: [2025-07-14 11:20:42.818165+00:00] None - login (failure)&gt;, &lt;AuditLog: [2025-07-14 11:20:42.834927+00:00] None - login (failure)&gt;, &lt;AuditLog: [2025-07-14 11:20:42.840926+00:00] None - login (failure)&gt;, &lt;AuditLog: [2025-07-14 11:20:42.849907+00:00] None - login (failure)&gt;, &lt;AuditLog: [2025-07-14 11:20:42.855760+00:00] None - login (failure)&gt;, &lt;AuditLog: [2025-07-14 11:20:42.866003+00:00] None - login (failure)&gt;, &lt;AuditLog: [2025-07-14 11:20:42.871786+00:00] None - login (failure)&gt;, &lt;AuditLog: [2025-07-14 11:20:42.878738+00:00] None - login (failure)&gt;, &lt;AuditLog: [2025-07-14 11:20:42.887097+00:00] None - login (failure)&gt;, &lt;AuditLog: [2025-07-14 11:20:42.933562+00:00] None - login (failure)&gt;, &lt;AuditLog: [2025-07-14 11:20:42.948908+00:00] None - login (failure)&gt;, &lt;AuditLog: [2025-07-14 11:20:42.955057+00:00] None - login (failure)&gt;, &lt;AuditLog: [2025-07-14 11:20:43.030569+00:00] None - login (failure)&gt;, &lt;AuditLog: [2025-07-14 11:20:43.035801+00:00] None - login (failure)&gt;, &lt;AuditLog: [2025-07-14 11:20:43.041067+00:00] None - login (failure)&gt;, &lt;AuditLog: [2025-07-14 11:20:43.057293+00:00] None - login (failure)&gt;, &#x27;...(remaining elements truncated)...&#x27;]&gt;</pre></td>
E                           </tr>
E                         
E                           <tr>
E                             <td>unique_fields</td>
E                             <td class="code"><pre>None</pre></td>
E                           </tr>
E                         
E                           <tr>
E                             <td>update_fields</td>
E                             <td class="code"><pre>None</pre></td>
E                           </tr>
E                         
E                           <tr>
E                             <td>using</td>
E                             <td class="code"><pre>&#x27;default&#x27;</pre></td>
E                           </tr>
E                         
E                       </tbody>
E                     </table>
E                     </details>
E                   
E                 </li>
E               
E                 
E                 <li class="frame django">
E                   
E                     <code class="fname">/Users/mohamedbechirdiarra/Downloads/prototypeGamma/Backend/venv/lib/python3.13/site-packages/django/db/models/sql/compiler.py</code>, line 1894, in execute_sql
E                   
E         
E                   
E                     <div class="context" id="c4436893824">
E                       
E                         <ol start="1887" class="pre-context" id="pre4436893824">
E                         
E                           <li onclick="toggle('pre4436893824', 'post4436893824')"><pre>                and len(self.query.objs) &gt; 1</pre></li>
E                         
E                           <li onclick="toggle('pre4436893824', 'post4436893824')"><pre>            ):</pre></li>
E                         
E                           <li onclick="toggle('pre4436893824', 'post4436893824')"><pre>                rows = self.connection.ops.fetch_returned_insert_rows(cursor)</pre></li>
E                         
E                           <li onclick="toggle('pre4436893824', 'post4436893824')"><pre>                cols = [field.get_col(opts.db_table) for field in self.returning_fields]</pre></li>
E                         
E                           <li onclick="toggle('pre4436893824', 'post4436893824')"><pre>            elif self.connection.features.can_return_columns_from_insert:</pre></li>
E                         
E                           <li onclick="toggle('pre4436893824', 'post4436893824')"><pre>                assert len(self.query.objs) == 1</pre></li>
E                         
E                           <li onclick="toggle('pre4436893824', 'post4436893824')"><pre>                rows = [</pre></li>
E                         
E                         </ol>
E                       
E                       <ol start="1894" class="context-line">
E                         <li onclick="toggle('pre4436893824', 'post4436893824')"><pre>                    self.connection.ops.fetch_returned_insert_columns(
E                                   ^</pre> <span>…</span></li>
E                       </ol>
E                       
E                         <ol start='1895' class="post-context" id="post4436893824">
E                           
E                           <li onclick="toggle('pre4436893824', 'post4436893824')"><pre>                        cursor,</pre></li>
E                           
E                           <li onclick="toggle('pre4436893824', 'post4436893824')"><pre>                        self.returning_params,</pre></li>
E                           
E                           <li onclick="toggle('pre4436893824', 'post4436893824')"><pre>                    )</pre></li>
E                           
E                           <li onclick="toggle('pre4436893824', 'post4436893824')"><pre>                ]</pre></li>
E                           
E                           <li onclick="toggle('pre4436893824', 'post4436893824')"><pre>                cols = [field.get_col(opts.db_table) for field in self.returning_fields]</pre></li>
E                           
E                           <li onclick="toggle('pre4436893824', 'post4436893824')"><pre>            elif returning_fields and isinstance(</pre></li>
E                           
E                       </ol>
E                       
E                     </div>
E                   
E         
E                   
E                     
E                       <details>
E                         <summary class="commands">Local vars</summary>
E                     
E                     <table class="vars" id="v4436893824">
E                       <thead>
E                         <tr>
E                           <th scope="col">Variable</th>
E                           <th scope="col">Value</th>
E                         </tr>
E                       </thead>
E                       <tbody>
E                         
E                           <tr>
E                             <td>cols</td>
E                             <td class="code"><pre>[]</pre></td>
E                           </tr>
E                         
E                           <tr>
E                             <td>cursor</td>
E                             <td class="code"><pre>&lt;django.db.backends.utils.CursorDebugWrapper object at 0x108756e10&gt;</pre></td>
E                           </tr>
E                         
E                           <tr>
E                             <td>opts</td>
E                             <td class="code"><pre>&lt;Options for AuditLog&gt;</pre></td>
E                           </tr>
E                         
E                           <tr>
E                             <td>params</td>
E                             <td class="code"><pre>(62,
E          &#x27;127.0.0.1&#x27;,
E          &#x27;python-requests/2.32.4&#x27;,
E          &#x27;login&#x27;,
E          &#x27;success&#x27;,
E          &#x27;2025-07-14 11:43:12.760068&#x27;,
E          &#x27;&#x27;,
E          &#x27;&#x27;,
E          None,
E          0,
E          &#x27;{}&#x27;)</pre></td>
E                           </tr>
E                         
E                           <tr>
E                             <td>returning_fields</td>
E                             <td class="code"><pre>[&lt;django.db.models.fields.BigAutoField: id&gt;]</pre></td>
E                           </tr>
E                         
E                           <tr>
E                             <td>self</td>
E                             <td class="code"><pre>&lt;SQLInsertCompiler model=AuditLog connection=&lt;DatabaseWrapper vendor=&#x27;sqlite&#x27; alias=&#x27;default&#x27;&gt; using=&#x27;default&#x27;&gt;</pre></td>
E                           </tr>
E                         
E                           <tr>
E                             <td>sql</td>
E                             <td class="code"><pre>(&#x27;INSERT INTO &quot;users_auditlog&quot; (&quot;user_id&quot;, &quot;ip_address&quot;, &quot;user_agent&quot;, &#x27;
E          &#x27;&quot;event_type&quot;, &quot;status&quot;, &quot;timestamp&quot;, &quot;geo_country&quot;, &quot;geo_city&quot;, &quot;location&quot;, &#x27;
E          &#x27;&quot;risk_score&quot;, &quot;metadata&quot;) VALUES (%s, %s, %s, %s, %s, %s, %s, %s, %s, %s, &#x27;
E          &#x27;%s) RETURNING &quot;users_auditlog&quot;.&quot;id&quot;&#x27;)</pre></td>
E                           </tr>
E                         
E                       </tbody>
E                     </table>
E                     </details>
E                   
E                 </li>
E               
E                 
E                 <li class="frame django">
E                   
E                     <code class="fname">/Users/mohamedbechirdiarra/Downloads/prototypeGamma/Backend/venv/lib/python3.13/site-packages/django/db/backends/base/operations.py</code>, line 215, in fetch_returned_insert_columns
E                   
E         
E                   
E                     <div class="context" id="c4436895808">
E                       
E                         <ol start="208" class="pre-context" id="pre4436895808">
E                         
E                           <li onclick="toggle('pre4436895808', 'post4436895808')"><pre>            return [&quot;DISTINCT&quot;], []</pre></li>
E                         
E                           <li onclick="toggle('pre4436895808', 'post4436895808')"><pre></pre></li>
E                         
E                           <li onclick="toggle('pre4436895808', 'post4436895808')"><pre>    def fetch_returned_insert_columns(self, cursor, returning_params):</pre></li>
E                         
E                           <li onclick="toggle('pre4436895808', 'post4436895808')"><pre>        &quot;&quot;&quot;</pre></li>
E                         
E                           <li onclick="toggle('pre4436895808', 'post4436895808')"><pre>        Given a cursor object that has just performed an INSERT...RETURNING</pre></li>
E                         
E                           <li onclick="toggle('pre4436895808', 'post4436895808')"><pre>        statement into a table, return the newly created data.</pre></li>
E                         
E                           <li onclick="toggle('pre4436895808', 'post4436895808')"><pre>        &quot;&quot;&quot;</pre></li>
E                         
E                         </ol>
E                       
E                       <ol start="215" class="context-line">
E                         <li onclick="toggle('pre4436895808', 'post4436895808')"><pre>        return cursor.fetchone()
E                             ^^^^^^^^^^^^^^^^^</pre> <span>…</span></li>
E                       </ol>
E                       
E                         <ol start='216' class="post-context" id="post4436895808">
E                           
E                           <li onclick="toggle('pre4436895808', 'post4436895808')"><pre></pre></li>
E                           
E                           <li onclick="toggle('pre4436895808', 'post4436895808')"><pre>    def field_cast_sql(self, db_type, internal_type):</pre></li>
E                           
E                           <li onclick="toggle('pre4436895808', 'post4436895808')"><pre>        &quot;&quot;&quot;</pre></li>
E                           
E                           <li onclick="toggle('pre4436895808', 'post4436895808')"><pre>        Given a column type (e.g. &#x27;BLOB&#x27;, &#x27;VARCHAR&#x27;) and an internal type</pre></li>
E                           
E                           <li onclick="toggle('pre4436895808', 'post4436895808')"><pre>        (e.g. &#x27;GenericIPAddressField&#x27;), return the SQL to cast it before using</pre></li>
E                           
E                           <li onclick="toggle('pre4436895808', 'post4436895808')"><pre>        it in a WHERE statement. The resulting string should contain a &#x27;%s&#x27;</pre></li>
E                           
E                       </ol>
E                       
E                     </div>
E                   
E         
E                   
E                     
E                       <details>
E                         <summary class="commands">Local vars</summary>
E                     
E                     <table class="vars" id="v4436895808">
E                       <thead>
E                         <tr>
E                           <th scope="col">Variable</th>
E                           <th scope="col">Value</th>
E                         </tr>
E                       </thead>
E                       <tbody>
E                         
E                           <tr>
E                             <td>cursor</td>
E                             <td class="code"><pre>&lt;django.db.backends.utils.CursorDebugWrapper object at 0x108756e10&gt;</pre></td>
E                           </tr>
E                         
E                           <tr>
E                             <td>returning_params</td>
E                             <td class="code"><pre>()</pre></td>
E                           </tr>
E                         
E                           <tr>
E                             <td>self</td>
E                             <td class="code"><pre>&lt;django.db.backends.sqlite3.operations.DatabaseOperations object at 0x108756c30&gt;</pre></td>
E                           </tr>
E                         
E                       </tbody>
E                     </table>
E                     </details>
E                   
E                 </li>
E               
E                 
E                 <li class="frame django">
E                   
E                     <code class="fname">/Users/mohamedbechirdiarra/Downloads/prototypeGamma/Backend/venv/lib/python3.13/site-packages/django/db/utils.py</code>, line 97, in inner
E                   
E         
E                   
E                     <div class="context" id="c4436890880">
E                       
E                         <ol start="90" class="pre-context" id="pre4436890880">
E                         
E                           <li onclick="toggle('pre4436890880', 'post4436890880')"><pre>                    self.wrapper.errors_occurred = True</pre></li>
E                         
E                           <li onclick="toggle('pre4436890880', 'post4436890880')"><pre>                raise dj_exc_value.with_traceback(traceback) from exc_value</pre></li>
E                         
E                           <li onclick="toggle('pre4436890880', 'post4436890880')"><pre></pre></li>
E                         
E                           <li onclick="toggle('pre4436890880', 'post4436890880')"><pre>    def __call__(self, func):</pre></li>
E                         
E                           <li onclick="toggle('pre4436890880', 'post4436890880')"><pre>        # Note that we are intentionally not using @wraps here for performance</pre></li>
E                         
E                           <li onclick="toggle('pre4436890880', 'post4436890880')"><pre>        # reasons. Refs #21109.</pre></li>
E                         
E                           <li onclick="toggle('pre4436890880', 'post4436890880')"><pre>        def inner(*args, **kwargs):</pre></li>
E                         
E                         </ol>
E                       
E                       <ol start="97" class="context-line">
E                         <li onclick="toggle('pre4436890880', 'post4436890880')"><pre>            with self:
E                              ^^^^</pre> <span>…</span></li>
E                       </ol>
E                       
E                         <ol start='98' class="post-context" id="post4436890880">
E                           
E                           <li onclick="toggle('pre4436890880', 'post4436890880')"><pre>                return func(*args, **kwargs)</pre></li>
E                           
E                           <li onclick="toggle('pre4436890880', 'post4436890880')"><pre></pre></li>
E                           
E                           <li onclick="toggle('pre4436890880', 'post4436890880')"><pre>        return inner</pre></li>
E                           
E                           <li onclick="toggle('pre4436890880', 'post4436890880')"><pre></pre></li>
E                           
E                           <li onclick="toggle('pre4436890880', 'post4436890880')"><pre></pre></li>
E                           
E                           <li onclick="toggle('pre4436890880', 'post4436890880')"><pre>def load_backend(backend_name):</pre></li>
E                           
E                       </ol>
E                       
E                     </div>
E                   
E         
E                   
E                     
E                       <details>
E                         <summary class="commands">Local vars</summary>
E                     
E                     <table class="vars" id="v4436890880">
E                       <thead>
E                         <tr>
E                           <th scope="col">Variable</th>
E                           <th scope="col">Value</th>
E                         </tr>
E                       </thead>
E                       <tbody>
E                         
E                           <tr>
E                             <td>args</td>
E                             <td class="code"><pre>()</pre></td>
E                           </tr>
E                         
E                           <tr>
E                             <td>func</td>
E                             <td class="code"><pre>&lt;built-in method fetchone of SQLiteCursorWrapper object at 0x1087b6180&gt;</pre></td>
E                           </tr>
E                         
E                           <tr>
E                             <td>kwargs</td>
E                             <td class="code"><pre>{}</pre></td>
E                           </tr>
E                         
E                           <tr>
E                             <td>self</td>
E                             <td class="code"><pre>&lt;django.db.utils.DatabaseErrorWrapper object at 0x1087494a0&gt;</pre></td>
E                           </tr>
E                         
E                       </tbody>
E                     </table>
E                     </details>
E                   
E                 </li>
E               
E                 
E                 <li class="frame django">
E                   
E                     <code class="fname">/Users/mohamedbechirdiarra/Downloads/prototypeGamma/Backend/venv/lib/python3.13/site-packages/django/db/utils.py</code>, line 91, in __exit__
E                   
E         
E                   
E                     <div class="context" id="c4436893696">
E                       
E                         <ol start="84" class="pre-context" id="pre4436893696">
E                         
E                           <li onclick="toggle('pre4436893696', 'post4436893696')"><pre>            db_exc_type = getattr(self.wrapper.Database, dj_exc_type.__name__)</pre></li>
E                         
E                           <li onclick="toggle('pre4436893696', 'post4436893696')"><pre>            if issubclass(exc_type, db_exc_type):</pre></li>
E                         
E                           <li onclick="toggle('pre4436893696', 'post4436893696')"><pre>                dj_exc_value = dj_exc_type(*exc_value.args)</pre></li>
E                         
E                           <li onclick="toggle('pre4436893696', 'post4436893696')"><pre>                # Only set the &#x27;errors_occurred&#x27; flag for errors that may make</pre></li>
E                         
E                           <li onclick="toggle('pre4436893696', 'post4436893696')"><pre>                # the connection unusable.</pre></li>
E                         
E                           <li onclick="toggle('pre4436893696', 'post4436893696')"><pre>                if dj_exc_type not in (DataError, IntegrityError):</pre></li>
E                         
E                           <li onclick="toggle('pre4436893696', 'post4436893696')"><pre>                    self.wrapper.errors_occurred = True</pre></li>
E                         
E                         </ol>
E                       
E                       <ol start="91" class="context-line">
E                         <li onclick="toggle('pre4436893696', 'post4436893696')"><pre>                raise dj_exc_value.with_traceback(traceback) from exc_value
E                             ^^^^^^^^^^^^^^^^^^^^^^^^^^^^^^^^^^^^^^^^^^^^^^^^^^^^^^^^^^^</pre> <span>…</span></li>
E                       </ol>
E                       
E                         <ol start='92' class="post-context" id="post4436893696">
E                           
E                           <li onclick="toggle('pre4436893696', 'post4436893696')"><pre></pre></li>
E                           
E                           <li onclick="toggle('pre4436893696', 'post4436893696')"><pre>    def __call__(self, func):</pre></li>
E                           
E                           <li onclick="toggle('pre4436893696', 'post4436893696')"><pre>        # Note that we are intentionally not using @wraps here for performance</pre></li>
E                           
E                           <li onclick="toggle('pre4436893696', 'post4436893696')"><pre>        # reasons. Refs #21109.</pre></li>
E                           
E                           <li onclick="toggle('pre4436893696', 'post4436893696')"><pre>        def inner(*args, **kwargs):</pre></li>
E                           
E                           <li onclick="toggle('pre4436893696', 'post4436893696')"><pre>            with self:</pre></li>
E                           
E                       </ol>
E                       
E                     </div>
E                   
E         
E                   
E                     
E                       <details>
E                         <summary class="commands">Local vars</summary>
E                     
E                     <table class="vars" id="v4436893696">
E                       <thead>
E                         <tr>
E                           <th scope="col">Variable</th>
E                           <th scope="col">Value</th>
E                         </tr>
E                       </thead>
E                       <tbody>
E                         
E                           <tr>
E                             <td>db_exc_type</td>
E                             <td class="code"><pre>&lt;class &#x27;sqlite3.IntegrityError&#x27;&gt;</pre></td>
E                           </tr>
E                         
E                           <tr>
E                             <td>dj_exc_type</td>
E                             <td class="code"><pre>&lt;class &#x27;django.db.utils.IntegrityError&#x27;&gt;</pre></td>
E                           </tr>
E                         
E                           <tr>
E                             <td>dj_exc_value</td>
E                             <td class="code"><pre>IntegrityError(&#x27;FOREIGN KEY constraint failed&#x27;)</pre></td>
E                           </tr>
E                         
E                           <tr>
E                             <td>exc_type</td>
E                             <td class="code"><pre>&lt;class &#x27;sqlite3.IntegrityError&#x27;&gt;</pre></td>
E                           </tr>
E                         
E                           <tr>
E                             <td>exc_value</td>
E                             <td class="code"><pre>IntegrityError(&#x27;FOREIGN KEY constraint failed&#x27;)</pre></td>
E                           </tr>
E                         
E                           <tr>
E                             <td>self</td>
E                             <td class="code"><pre>&lt;django.db.utils.DatabaseErrorWrapper object at 0x1087494a0&gt;</pre></td>
E                           </tr>
E                         
E                           <tr>
E                             <td>traceback</td>
E                             <td class="code"><pre>&lt;traceback object at 0x10875a100&gt;</pre></td>
E                           </tr>
E                         
E                       </tbody>
E                     </table>
E                     </details>
E                   
E                 </li>
E               
E                 
E                 <li class="frame django">
E                   
E                     <code class="fname">/Users/mohamedbechirdiarra/Downloads/prototypeGamma/Backend/venv/lib/python3.13/site-packages/django/db/utils.py</code>, line 98, in inner
E                   
E         
E                   
E                     <div class="context" id="c4436893952">
E                       
E                         <ol start="91" class="pre-context" id="pre4436893952">
E                         
E                           <li onclick="toggle('pre4436893952', 'post4436893952')"><pre>                raise dj_exc_value.with_traceback(traceback) from exc_value</pre></li>
E                         
E                           <li onclick="toggle('pre4436893952', 'post4436893952')"><pre></pre></li>
E                         
E                           <li onclick="toggle('pre4436893952', 'post4436893952')"><pre>    def __call__(self, func):</pre></li>
E                         
E                           <li onclick="toggle('pre4436893952', 'post4436893952')"><pre>        # Note that we are intentionally not using @wraps here for performance</pre></li>
E                         
E                           <li onclick="toggle('pre4436893952', 'post4436893952')"><pre>        # reasons. Refs #21109.</pre></li>
E                         
E                           <li onclick="toggle('pre4436893952', 'post4436893952')"><pre>        def inner(*args, **kwargs):</pre></li>
E                         
E                           <li onclick="toggle('pre4436893952', 'post4436893952')"><pre>            with self:</pre></li>
E                         
E                         </ol>
E                       
E                       <ol start="98" class="context-line">
E                         <li onclick="toggle('pre4436893952', 'post4436893952')"><pre>                return func(*args, **kwargs)
E                                    ^^^^^^^^^^^^^^^^^^^^^</pre> <span>…</span></li>
E                       </ol>
E                       
E                         <ol start='99' class="post-context" id="post4436893952">
E                           
E                           <li onclick="toggle('pre4436893952', 'post4436893952')"><pre></pre></li>
E                           
E                           <li onclick="toggle('pre4436893952', 'post4436893952')"><pre>        return inner</pre></li>
E                           
E                           <li onclick="toggle('pre4436893952', 'post4436893952')"><pre></pre></li>
E                           
E                           <li onclick="toggle('pre4436893952', 'post4436893952')"><pre></pre></li>
E                           
E                           <li onclick="toggle('pre4436893952', 'post4436893952')"><pre>def load_backend(backend_name):</pre></li>
E                           
E                           <li onclick="toggle('pre4436893952', 'post4436893952')"><pre>    &quot;&quot;&quot;</pre></li>
E                           
E                       </ol>
E                       
E                     </div>
E                   
E         
E                   
E                     
E                       <details>
E                         <summary class="commands">Local vars</summary>
E                     
E                     <table class="vars" id="v4436893952">
E                       <thead>
E                         <tr>
E                           <th scope="col">Variable</th>
E                           <th scope="col">Value</th>
E                         </tr>
E                       </thead>
E                       <tbody>
E                         
E                           <tr>
E                             <td>args</td>
E                             <td class="code"><pre>()</pre></td>
E                           </tr>
E                         
E                           <tr>
E                             <td>func</td>
E                             <td class="code"><pre>&lt;built-in method fetchone of SQLiteCursorWrapper object at 0x1087b6180&gt;</pre></td>
E                           </tr>
E                         
E                           <tr>
E                             <td>kwargs</td>
E                             <td class="code"><pre>{}</pre></td>
E                           </tr>
E                         
E                           <tr>
E                             <td>self</td>
E                             <td class="code"><pre>&lt;django.db.utils.DatabaseErrorWrapper object at 0x1087494a0&gt;</pre></td>
E                           </tr>
E                         
E                       </tbody>
E                     </table>
E                     </details>
E                   
E                 </li>
E               
E             </ul>
E           </div>
E         
E           <form action="https://dpaste.com/" name="pasteform" id="pasteform" method="post">
E           <div id="pastebinTraceback" class="pastebin">
E             <input type="hidden" name="language" value="PythonConsole">
E             <input type="hidden" name="title"
E               value="IntegrityError at /users/login/">
E             <input type="hidden" name="source" value="Django Dpaste Agent">
E             <input type="hidden" name="poster" value="Django">
E             <textarea name="content" id="traceback_area" cols="140" rows="25">
E         Environment:
E         
E         
E         Request Method: POST
E         Request URL: http://127.0.0.1:8000/users/login/
E         
E         Django Version: 5.2.4
E         Python Version: 3.13.5
E         Installed Applications:
E         [&#x27;django.contrib.admin&#x27;,
E          &#x27;django.contrib.auth&#x27;,
E          &#x27;django.contrib.contenttypes&#x27;,
E          &#x27;django.contrib.sessions&#x27;,
E          &#x27;django.contrib.messages&#x27;,
E          &#x27;django.contrib.staticfiles&#x27;,
E          &#x27;rest_framework&#x27;,
E          &#x27;corsheaders&#x27;,
E          &#x27;users&#x27;,
E          &#x27;depannage&#x27;,
E          &#x27;rest_framework_simplejwt&#x27;,
E          &#x27;rest_framework_simplejwt.token_blacklist&#x27;,
E          &#x27;channels&#x27;]
E         Installed Middleware:
E         [&#x27;corsheaders.middleware.CorsMiddleware&#x27;,
E          &#x27;django.middleware.security.SecurityMiddleware&#x27;,
E          &#x27;django.contrib.sessions.middleware.SessionMiddleware&#x27;,
E          &#x27;django.middleware.common.CommonMiddleware&#x27;,
E          &#x27;django.middleware.csrf.CsrfViewMiddleware&#x27;,
E          &#x27;django.contrib.auth.middleware.AuthenticationMiddleware&#x27;,
E          &#x27;django.contrib.messages.middleware.MessageMiddleware&#x27;,
E          &#x27;django.middleware.clickjacking.XFrameOptionsMiddleware&#x27;,
E          &#x27;auth.middleware.JWTSecurityMiddleware&#x27;,
E          &#x27;auth.middleware.TokenValidationMiddleware&#x27;]
E         
E         
E         
E         Traceback (most recent call last):
E           File "/Users/mohamedbechirdiarra/Downloads/prototypeGamma/Backend/venv/lib/python3.13/site-packages/django/db/utils.py", line 98, in inner
E             return func(*args, **kwargs)
E                    ^^^^^^^^^^^^^^^^^^^^^
E         
E         The above exception (FOREIGN KEY constraint failed) was the direct cause of the following exception:
E           File "/Users/mohamedbechirdiarra/Downloads/prototypeGamma/Backend/venv/lib/python3.13/site-packages/django/core/handlers/exception.py", line 42, in inner
E             response = await get_response(request)
E                        ^^^^^^^^^^^^^^^^^^^^^^^^^^^
E           File "/Users/mohamedbechirdiarra/Downloads/prototypeGamma/Backend/venv/lib/python3.13/site-packages/django/core/handlers/base.py", line 253, in _get_response_async
E             response = await wrapped_callback(
E                        
E           File "/Users/mohamedbechirdiarra/Downloads/prototypeGamma/Backend/venv/lib/python3.13/site-packages/django/views/decorators/csrf.py", line 65, in _view_wrapper
E             return view_func(request, *args, **kwargs)
E                    ^^^^^^^^^^^^^^^^^^^^^^^^^^^^^^^^^^^
E           File "/Users/mohamedbechirdiarra/Downloads/prototypeGamma/Backend/venv/lib/python3.13/site-packages/rest_framework/viewsets.py", line 125, in view
E             return self.dispatch(request, *args, **kwargs)
E                    ^^^^^^^^^^^^^^^^^^^^^^^^^^^^^^^^^^^^^^^
E           File "/Users/mohamedbechirdiarra/Downloads/prototypeGamma/Backend/users/views.py", line 641, in dispatch
E             return super().dispatch(request, *args, **kwargs)
E                    ^^^^^^^^^^^^^^^^^^^^^^^^^^^^^^^^^^^^^^^^^^
E           File "/Users/mohamedbechirdiarra/Downloads/prototypeGamma/Backend/venv/lib/python3.13/site-packages/rest_framework/views.py", line 515, in dispatch
E             response = self.handle_exception(exc)
E                        ^^^^^^^^^^^^^^^^^^^^^^^^^^
E           File "/Users/mohamedbechirdiarra/Downloads/prototypeGamma/Backend/venv/lib/python3.13/site-packages/rest_framework/views.py", line 475, in handle_exception
E             self.raise_uncaught_exception(exc)
E             ^^^^^^^^^^^^^^^^^^^^^^^^^^^^^^^^^^
E           File "/Users/mohamedbechirdiarra/Downloads/prototypeGamma/Backend/venv/lib/python3.13/site-packages/rest_framework/views.py", line 486, in raise_uncaught_exception
E             raise exc
E             ^^^^^^^^^
E           File "/Users/mohamedbechirdiarra/Downloads/prototypeGamma/Backend/venv/lib/python3.13/site-packages/rest_framework/views.py", line 512, in dispatch
E             response = handler(request, *args, **kwargs)
E                        ^^^^^^^^^^^^^^^^^^^^^^^^^^^^^^^^^
E           File "/Users/mohamedbechirdiarra/Downloads/prototypeGamma/Backend/users/views.py", line 382, in login
E             log_event(request, &#x27;login&#x27;, &#x27;success&#x27;, risk_score=risk_score, metadata={}, user=user)
E             ^^^^^^^^^^^^^^^^^^^^^^^^^^^^^^^^^^^^^^^^^^^^^^^^^^^^^^^^^^^^^^^^^^^^^^^^^^^^^^^^^^^^^
E           File "/Users/mohamedbechirdiarra/Downloads/prototypeGamma/Backend/users/utils.py", line 14, in log_event
E             AuditLog.objects.create(
E             ^
E           File "/Users/mohamedbechirdiarra/Downloads/prototypeGamma/Backend/venv/lib/python3.13/site-packages/django/db/models/manager.py", line 87, in manager_method
E             return getattr(self.get_queryset(), name)(*args, **kwargs)
E                    ^^^^^^^^^^^^^^^^^^^^^^^^^^^^^^^^^^^^^^^^^^^^^^^^^^^
E           File "/Users/mohamedbechirdiarra/Downloads/prototypeGamma/Backend/venv/lib/python3.13/site-packages/django/db/models/query.py", line 663, in create
E             obj.save(force_insert=True, using=self.db)
E             ^^^^^^^^^^^^^^^^^^^^^^^^^^^^^^^^^^^^^^^^^^
E           File "/Users/mohamedbechirdiarra/Downloads/prototypeGamma/Backend/venv/lib/python3.13/site-packages/django/db/models/base.py", line 902, in save
E             self.save_base(
E             ^
E           File "/Users/mohamedbechirdiarra/Downloads/prototypeGamma/Backend/venv/lib/python3.13/site-packages/django/db/models/base.py", line 1008, in save_base
E             updated = self._save_table(
E                       
E           File "/Users/mohamedbechirdiarra/Downloads/prototypeGamma/Backend/venv/lib/python3.13/site-packages/django/db/models/base.py", line 1169, in _save_table
E             results = self._do_insert(
E                       
E           File "/Users/mohamedbechirdiarra/Downloads/prototypeGamma/Backend/venv/lib/python3.13/site-packages/django/db/models/base.py", line 1210, in _do_insert
E             return manager._insert(
E                    
E           File "/Users/mohamedbechirdiarra/Downloads/prototypeGamma/Backend/venv/lib/python3.13/site-packages/django/db/models/manager.py", line 87, in manager_method
E             return getattr(self.get_queryset(), name)(*args, **kwargs)
E                    ^^^^^^^^^^^^^^^^^^^^^^^^^^^^^^^^^^^^^^^^^^^^^^^^^^^
E           File "/Users/mohamedbechirdiarra/Downloads/prototypeGamma/Backend/venv/lib/python3.13/site-packages/django/db/models/query.py", line 1868, in _insert
E             return query.get_compiler(using=using).execute_sql(returning_fields)
E                    ^^^^^^^^^^^^^^^^^^^^^^^^^^^^^^^^^^^^^^^^^^^^^^^^^^^^^^^^^^^^^
E           File "/Users/mohamedbechirdiarra/Downloads/prototypeGamma/Backend/venv/lib/python3.13/site-packages/django/db/models/sql/compiler.py", line 1894, in execute_sql
E             self.connection.ops.fetch_returned_insert_columns(
E             ^
E           File "/Users/mohamedbechirdiarra/Downloads/prototypeGamma/Backend/venv/lib/python3.13/site-packages/django/db/backends/base/operations.py", line 215, in fetch_returned_insert_columns
E             return cursor.fetchone()
E                    ^^^^^^^^^^^^^^^^^
E           File "/Users/mohamedbechirdiarra/Downloads/prototypeGamma/Backend/venv/lib/python3.13/site-packages/django/db/utils.py", line 97, in inner
E             with self:
E                  ^^^^
E           File "/Users/mohamedbechirdiarra/Downloads/prototypeGamma/Backend/venv/lib/python3.13/site-packages/django/db/utils.py", line 91, in __exit__
E             raise dj_exc_value.with_traceback(traceback) from exc_value
E             ^^^^^^^^^^^^^^^^^^^^^^^^^^^^^^^^^^^^^^^^^^^^^^^^^^^^^^^^^^^
E           File "/Users/mohamedbechirdiarra/Downloads/prototypeGamma/Backend/venv/lib/python3.13/site-packages/django/db/utils.py", line 98, in inner
E             return func(*args, **kwargs)
E                    ^^^^^^^^^^^^^^^^^^^^^
E         
E         Exception Type: IntegrityError at /users/login/
E         Exception Value: FOREIGN KEY constraint failed
E         </textarea>
E           <br><br>
E           <input type="submit" value="Share this traceback on a public website">
E           </div>
E         </form>
E         
E         </div>
E         
E         
E         <div id="requestinfo">
E           <h2>Request information</h2>
E         
E         
E           
E             <h3 id="user-info">USER</h3>
E             <p>AnonymousUser</p>
E           
E         
E           <h3 id="get-info">GET</h3>
E           
E             <p>No GET data</p>
E           
E         
E           <h3 id="post-info">POST</h3>
E           
E             <p>No POST data</p>
E           
E         
E           <h3 id="files-info">FILES</h3>
E           
E             <p>No FILES data</p>
E           
E         
E           <h3 id="cookie-info">COOKIES</h3>
E           
E             <p>No cookie data</p>
E           
E         
E           <h3 id="meta-info">META</h3>
E           <table class="req">
E             <thead>
E               <tr>
E                 <th scope="col">Variable</th>
E                 <th scope="col">Value</th>
E               </tr>
E             </thead>
E             <tbody>
E               
E                 <tr>
E                   <td>CONTENT_LENGTH</td>
E                   <td class="code"><pre>&#x27;69&#x27;</pre></td>
E                 </tr>
E               
E                 <tr>
E                   <td>CONTENT_TYPE</td>
E                   <td class="code"><pre>&#x27;application/json&#x27;</pre></td>
E                 </tr>
E               
E                 <tr>
E                   <td>HTTP_ACCEPT</td>
E                   <td class="code"><pre>&#x27;*/*&#x27;</pre></td>
E                 </tr>
E               
E                 <tr>
E                   <td>HTTP_ACCEPT_ENCODING</td>
E                   <td class="code"><pre>&#x27;gzip, deflate&#x27;</pre></td>
E                 </tr>
E               
E                 <tr>
E                   <td>HTTP_CONNECTION</td>
E                   <td class="code"><pre>&#x27;keep-alive&#x27;</pre></td>
E                 </tr>
E               
E                 <tr>
E                   <td>HTTP_HOST</td>
E                   <td class="code"><pre>&#x27;127.0.0.1:8000&#x27;</pre></td>
E                 </tr>
E               
E                 <tr>
E                   <td>HTTP_USER_AGENT</td>
E                   <td class="code"><pre>&#x27;python-requests/2.32.4&#x27;</pre></td>
E                 </tr>
E               
E                 <tr>
E                   <td>PATH_INFO</td>
E                   <td class="code"><pre>&#x27;/users/login/&#x27;</pre></td>
E                 </tr>
E               
E                 <tr>
E                   <td>QUERY_STRING</td>
E                   <td class="code"><pre>&#x27;&#x27;</pre></td>
E                 </tr>
E               
E                 <tr>
E                   <td>REMOTE_ADDR</td>
E                   <td class="code"><pre>&#x27;127.0.0.1&#x27;</pre></td>
E                 </tr>
E               
E                 <tr>
E                   <td>REMOTE_HOST</td>
E                   <td class="code"><pre>&#x27;127.0.0.1&#x27;</pre></td>
E                 </tr>
E               
E                 <tr>
E                   <td>REMOTE_PORT</td>
E                   <td class="code"><pre>53685</pre></td>
E                 </tr>
E               
E                 <tr>
E                   <td>REQUEST_METHOD</td>
E                   <td class="code"><pre>&#x27;POST&#x27;</pre></td>
E                 </tr>
E               
E                 <tr>
E                   <td>SCRIPT_NAME</td>
E                   <td class="code"><pre>&#x27;&#x27;</pre></td>
E                 </tr>
E               
E                 <tr>
E                   <td>SERVER_NAME</td>
E                   <td class="code"><pre>&#x27;127.0.0.1&#x27;</pre></td>
E                 </tr>
E               
E                 <tr>
E                   <td>SERVER_PORT</td>
E                   <td class="code"><pre>&#x27;8000&#x27;</pre></td>
E                 </tr>
E               
E                 <tr>
E                   <td>wsgi.multiprocess</td>
E                   <td class="code"><pre>True</pre></td>
E                 </tr>
E               
E                 <tr>
E                   <td>wsgi.multithread</td>
E                   <td class="code"><pre>True</pre></td>
E                 </tr>
E               
E             </tbody>
E           </table>
E         
E         
E           <h3 id="settings-info">Settings</h3>
E           <h4>Using settings module <code>Backend.auth.settings</code></h4>
E           <table class="req">
E             <thead>
E               <tr>
E                 <th scope="col">Setting</th>
E                 <th scope="col">Value</th>
E               </tr>
E             </thead>
E             <tbody>
E               
E                 <tr>
E                   <td>ABSOLUTE_URL_OVERRIDES</td>
E                   <td class="code"><pre>{}</pre></td>
E                 </tr>
E               
E                 <tr>
E                   <td>ADMINS</td>
E                   <td class="code"><pre>[]</pre></td>
E                 </tr>
E               
E                 <tr>
E                   <td>ALLOWED_HOSTS</td>
E                   <td class="code"><pre>[&#x27;127.0.0.1&#x27;, &#x27;localhost&#x27;, &#x27;testserver&#x27;]</pre></td>
E                 </tr>
E               
E                 <tr>
E                   <td>APPEND_SLASH</td>
E                   <td class="code"><pre>True</pre></td>
E                 </tr>
E               
E                 <tr>
E                   <td>ASGI_APPLICATION</td>
E                   <td class="code"><pre>&#x27;auth.asgi.application&#x27;</pre></td>
E                 </tr>
E               
E                 <tr>
E                   <td>AUTHENTICATION_BACKENDS</td>
E                   <td class="code"><pre>&#x27;********************&#x27;</pre></td>
E                 </tr>
E               
E                 <tr>
E                   <td>AUTH_PASSWORD_VALIDATORS</td>
E                   <td class="code"><pre>&#x27;********************&#x27;</pre></td>
E                 </tr>
E               
E                 <tr>
E                   <td>AUTH_USER_MODEL</td>
E                   <td class="code"><pre>&#x27;********************&#x27;</pre></td>
E                 </tr>
E               
E                 <tr>
E                   <td>BASE_DIR</td>
E                   <td class="code"><pre>PosixPath(&#x27;/Users/mohamedbechirdiarra/Downloads/prototypeGamma/Backend&#x27;)</pre></td>
E                 </tr>
E               
E                 <tr>
E                   <td>BASE_URL</td>
E                   <td class="code"><pre>&#x27;http://127.0.0.1:8000&#x27;</pre></td>
E                 </tr>
E               
E                 <tr>
E                   <td>CACHES</td>
E                   <td class="code"><pre>{&#x27;default&#x27;: {&#x27;BACKEND&#x27;: &#x27;django.core.cache.backends.locmem.LocMemCache&#x27;,
E                      &#x27;LOCATION&#x27;: &#x27;unique-snowflake&#x27;,
E                      &#x27;OPTIONS&#x27;: {&#x27;MAX_ENTRIES&#x27;: 1000},
E                      &#x27;TIMEOUT&#x27;: 300}}</pre></td>
E                 </tr>
E               
E                 <tr>
E                   <td>CACHE_MIDDLEWARE_ALIAS</td>
E                   <td class="code"><pre>&#x27;default&#x27;</pre></td>
E                 </tr>
E               
E                 <tr>
E                   <td>CACHE_MIDDLEWARE_KEY_PREFIX</td>
E                   <td class="code"><pre>&#x27;********************&#x27;</pre></td>
E                 </tr>
E               
E                 <tr>
E                   <td>CACHE_MIDDLEWARE_SECONDS</td>
E                   <td class="code"><pre>600</pre></td>
E                 </tr>
E               
E                 <tr>
E                   <td>CHANNEL_LAYERS</td>
E                   <td class="code"><pre>{&#x27;default&#x27;: {&#x27;BACKEND&#x27;: &#x27;channels.layers.InMemoryChannelLayer&#x27;}}</pre></td>
E                 </tr>
E               
E                 <tr>
E                   <td>CINETPAY_API_KEY</td>
E                   <td class="code"><pre>&#x27;********************&#x27;</pre></td>
E                 </tr>
E               
E                 <tr>
E                   <td>CINETPAY_CONFIG</td>
E                   <td class="code"><pre>{&#x27;API_KEY&#x27;: &#x27;********************&#x27;,
E          &#x27;API_URL&#x27;: &#x27;********************&#x27;,
E          &#x27;CURRENCY&#x27;: &#x27;XOF&#x27;,
E          &#x27;ENVIRONMENT&#x27;: &#x27;Production&#x27;,
E          &#x27;LANG&#x27;: &#x27;fr&#x27;,
E          &#x27;MODE&#x27;: &#x27;PRODUCTION&#x27;,
E          &#x27;SECRET_KEY&#x27;: &#x27;********************&#x27;,
E          &#x27;SITE_ID&#x27;: &#x27;105899471&#x27;,
E          &#x27;USE_SIMULATOR&#x27;: False}</pre></td>
E                 </tr>
E               
E                 <tr>
E                   <td>CINETPAY_ENVIRONMENT</td>
E                   <td class="code"><pre>&#x27;Production&#x27;</pre></td>
E                 </tr>
E               
E                 <tr>
E                   <td>CINETPAY_SECRET_KEY</td>
E                   <td class="code"><pre>&#x27;********************&#x27;</pre></td>
E                 </tr>
E               
E                 <tr>
E                   <td>CINETPAY_SITE_ID</td>
E                   <td class="code"><pre>&#x27;105899471&#x27;</pre></td>
E                 </tr>
E               
E                 <tr>
E                   <td>CINETPAY_USE_SIMULATOR</td>
E                   <td class="code"><pre>False</pre></td>
E                 </tr>
E               
E                 <tr>
E                   <td>CORS_ALLOWED_HEADERS</td>
E                   <td class="code"><pre>[&#x27;Content-Type&#x27;, &#x27;Authorization&#x27;, &#x27;X-Requested-With&#x27;]</pre></td>
E                 </tr>
E               
E                 <tr>
E                   <td>CORS_ALLOWED_METHODS</td>
E                   <td class="code"><pre>[&#x27;GET&#x27;, &#x27;POST&#x27;, &#x27;PUT&#x27;, &#x27;DELETE&#x27;, &#x27;OPTIONS&#x27;]</pre></td>
E                 </tr>
E               
E                 <tr>
E                   <td>CORS_ALLOWED_ORIGINS</td>
E                   <td class="code"><pre>[&#x27;http://localhost:5173&#x27;,
E          &#x27;http://127.0.0.1:5173&#x27;,
E          &#x27;http://localhost:8000&#x27;,
E          &#x27;http://127.0.0.1:8000&#x27;]</pre></td>
E                 </tr>
E               
E                 <tr>
E                   <td>CORS_ALLOW_ALL_ORIGINS</td>
E                   <td class="code"><pre>True</pre></td>
E                 </tr>
E               
E                 <tr>
E                   <td>CORS_ALLOW_CREDENTIALS</td>
E                   <td class="code"><pre>True</pre></td>
E                 </tr>
E               
E                 <tr>
E                   <td>CSRF_COOKIE_AGE</td>
E                   <td class="code"><pre>31449600</pre></td>
E                 </tr>
E               
E                 <tr>
E                   <td>CSRF_COOKIE_DOMAIN</td>
E                   <td class="code"><pre>None</pre></td>
E                 </tr>
E               
E                 <tr>
E                   <td>CSRF_COOKIE_HTTPONLY</td>
E                   <td class="code"><pre>True</pre></td>
E                 </tr>
E               
E                 <tr>
E                   <td>CSRF_COOKIE_NAME</td>
E                   <td class="code"><pre>&#x27;csrftoken&#x27;</pre></td>
E                 </tr>
E               
E                 <tr>
E                   <td>CSRF_COOKIE_PATH</td>
E                   <td class="code"><pre>&#x27;/&#x27;</pre></td>
E                 </tr>
E               
E                 <tr>
E                   <td>CSRF_COOKIE_SAMESITE</td>
E                   <td class="code"><pre>&#x27;Lax&#x27;</pre></td>
E                 </tr>
E               
E                 <tr>
E                   <td>CSRF_COOKIE_SECURE</td>
E                   <td class="code"><pre>True</pre></td>
E                 </tr>
E               
E                 <tr>
E                   <td>CSRF_FAILURE_VIEW</td>
E                   <td class="code"><pre>&#x27;django.views.csrf.csrf_failure&#x27;</pre></td>
E                 </tr>
E               
E                 <tr>
E                   <td>CSRF_HEADER_NAME</td>
E                   <td class="code"><pre>&#x27;HTTP_X_CSRFTOKEN&#x27;</pre></td>
E                 </tr>
E               
E                 <tr>
E                   <td>CSRF_TRUSTED_ORIGINS</td>
E                   <td class="code"><pre>[&#x27;http://localhost:3000&#x27;, &#x27;http://127.0.0.1:3000&#x27;]</pre></td>
E                 </tr>
E               
E                 <tr>
E                   <td>CSRF_USE_SESSIONS</td>
E                   <td class="code"><pre>False</pre></td>
E                 </tr>
E               
E                 <tr>
E                   <td>DATABASES</td>
E                   <td class="code"><pre>{&#x27;default&#x27;: {&#x27;ATOMIC_REQUESTS&#x27;: False,
E                      &#x27;AUTOCOMMIT&#x27;: True,
E                      &#x27;CONN_HEALTH_CHECKS&#x27;: False,
E                      &#x27;CONN_MAX_AGE&#x27;: 0,
E                      &#x27;ENGINE&#x27;: &#x27;django.db.backends.sqlite3&#x27;,
E                      &#x27;HOST&#x27;: &#x27;&#x27;,
E                      &#x27;NAME&#x27;: PosixPath(&#x27;/Users/mohamedbechirdiarra/Downloads/prototypeGamma/Backend/db.sqlite3&#x27;),
E                      &#x27;OPTIONS&#x27;: {},
E                      &#x27;PASSWORD&#x27;: &#x27;********************&#x27;,
E                      &#x27;PORT&#x27;: &#x27;&#x27;,
E                      &#x27;TEST&#x27;: {&#x27;CHARSET&#x27;: None,
E                               &#x27;COLLATION&#x27;: None,
E                               &#x27;MIGRATE&#x27;: True,
E                               &#x27;MIRROR&#x27;: None,
E                               &#x27;NAME&#x27;: None},
E                      &#x27;TIME_ZONE&#x27;: None,
E                      &#x27;USER&#x27;: &#x27;&#x27;}}</pre></td>
E                 </tr>
E               
E                 <tr>
E                   <td>DATABASE_ROUTERS</td>
E                   <td class="code"><pre>[]</pre></td>
E                 </tr>
E               
E                 <tr>
E                   <td>DATA_UPLOAD_MAX_MEMORY_SIZE</td>
E                   <td class="code"><pre>2621440</pre></td>
E                 </tr>
E               
E                 <tr>
E                   <td>DATA_UPLOAD_MAX_NUMBER_FIELDS</td>
E                   <td class="code"><pre>1000</pre></td>
E                 </tr>
E               
E                 <tr>
E                   <td>DATA_UPLOAD_MAX_NUMBER_FILES</td>
E                   <td class="code"><pre>100</pre></td>
E                 </tr>
E               
E                 <tr>
E                   <td>DATETIME_FORMAT</td>
E                   <td class="code"><pre>&#x27;N j, Y, P&#x27;</pre></td>
E                 </tr>
E               
E                 <tr>
E                   <td>DATETIME_INPUT_FORMATS</td>
E                   <td class="code"><pre>[&#x27;%Y-%m-%d %H:%M:%S&#x27;,
E          &#x27;%Y-%m-%d %H:%M:%S.%f&#x27;,
E          &#x27;%Y-%m-%d %H:%M&#x27;,
E          &#x27;%m/%d/%Y %H:%M:%S&#x27;,
E          &#x27;%m/%d/%Y %H:%M:%S.%f&#x27;,
E          &#x27;%m/%d/%Y %H:%M&#x27;,
E          &#x27;%m/%d/%y %H:%M:%S&#x27;,
E          &#x27;%m/%d/%y %H:%M:%S.%f&#x27;,
E          &#x27;%m/%d/%y %H:%M&#x27;]</pre></td>
E                 </tr>
E               
E                 <tr>
E                   <td>DATE_FORMAT</td>
E                   <td class="code"><pre>&#x27;N j, Y&#x27;</pre></td>
E                 </tr>
E               
E                 <tr>
E                   <td>DATE_INPUT_FORMATS</td>
E                   <td class="code"><pre>[&#x27;%Y-%m-%d&#x27;,
E          &#x27;%m/%d/%Y&#x27;,
E          &#x27;%m/%d/%y&#x27;,
E          &#x27;%b %d %Y&#x27;,
E          &#x27;%b %d, %Y&#x27;,
E          &#x27;%d %b %Y&#x27;,
E          &#x27;%d %b, %Y&#x27;,
E          &#x27;%B %d %Y&#x27;,
E          &#x27;%B %d, %Y&#x27;,
E          &#x27;%d %B %Y&#x27;,
E          &#x27;%d %B, %Y&#x27;]</pre></td>
E                 </tr>
E               
E                 <tr>
E                   <td>DEBUG</td>
E                   <td class="code"><pre>True</pre></td>
E                 </tr>
E               
E                 <tr>
E                   <td>DEBUG_PROPAGATE_EXCEPTIONS</td>
E                   <td class="code"><pre>False</pre></td>
E                 </tr>
E               
E                 <tr>
E                   <td>DECIMAL_SEPARATOR</td>
E                   <td class="code"><pre>&#x27;.&#x27;</pre></td>
E                 </tr>
E               
E                 <tr>
E                   <td>DEFAULT_AUTO_FIELD</td>
E                   <td class="code"><pre>&#x27;django.db.models.BigAutoField&#x27;</pre></td>
E                 </tr>
E               
E                 <tr>
E                   <td>DEFAULT_CHARSET</td>
E                   <td class="code"><pre>&#x27;utf-8&#x27;</pre></td>
E                 </tr>
E               
E                 <tr>
E                   <td>DEFAULT_EXCEPTION_REPORTER</td>
E                   <td class="code"><pre>&#x27;django.views.debug.ExceptionReporter&#x27;</pre></td>
E                 </tr>
E               
E                 <tr>
E                   <td>DEFAULT_EXCEPTION_REPORTER_FILTER</td>
E                   <td class="code"><pre>&#x27;django.views.debug.SafeExceptionReporterFilter&#x27;</pre></td>
E                 </tr>
E               
E                 <tr>
E                   <td>DEFAULT_FROM_EMAIL</td>
E                   <td class="code"><pre>&#x27;webmaster@localhost&#x27;</pre></td>
E                 </tr>
E               
E                 <tr>
E                   <td>DEFAULT_INDEX_TABLESPACE</td>
E                   <td class="code"><pre>&#x27;&#x27;</pre></td>
E                 </tr>
E               
E                 <tr>
E                   <td>DEFAULT_TABLESPACE</td>
E                   <td class="code"><pre>&#x27;&#x27;</pre></td>
E                 </tr>
E               
E                 <tr>
E                   <td>DISALLOWED_USER_AGENTS</td>
E                   <td class="code"><pre>[]</pre></td>
E                 </tr>
E               
E                 <tr>
E                   <td>EMAIL_BACKEND</td>
E                   <td class="code"><pre>&#x27;django.core.mail.backends.console.EmailBackend&#x27;</pre></td>
E                 </tr>
E               
E                 <tr>
E                   <td>EMAIL_HOST</td>
E                   <td class="code"><pre>&#x27;localhost&#x27;</pre></td>
E                 </tr>
E               
E                 <tr>
E                   <td>EMAIL_HOST_PASSWORD</td>
E                   <td class="code"><pre>&#x27;********************&#x27;</pre></td>
E                 </tr>
E               
E                 <tr>
E                   <td>EMAIL_HOST_USER</td>
E                   <td class="code"><pre>&#x27;&#x27;</pre></td>
E                 </tr>
E               
E                 <tr>
E                   <td>EMAIL_PORT</td>
E                   <td class="code"><pre>1025</pre></td>
E                 </tr>
E               
E                 <tr>
E                   <td>EMAIL_SSL_CERTFILE</td>
E                   <td class="code"><pre>None</pre></td>
E                 </tr>
E               
E                 <tr>
E                   <td>EMAIL_SSL_KEYFILE</td>
E                   <td class="code"><pre>&#x27;********************&#x27;</pre></td>
E                 </tr>
E               
E                 <tr>
E                   <td>EMAIL_SUBJECT_PREFIX</td>
E                   <td class="code"><pre>&#x27;[Django] &#x27;</pre></td>
E                 </tr>
E               
E                 <tr>
E                   <td>EMAIL_TIMEOUT</td>
E                   <td class="code"><pre>None</pre></td>
E                 </tr>
E               
E                 <tr>
E                   <td>EMAIL_USE_LOCALTIME</td>
E                   <td class="code"><pre>False</pre></td>
E                 </tr>
E               
E                 <tr>
E                   <td>EMAIL_USE_SSL</td>
E                   <td class="code"><pre>False</pre></td>
E                 </tr>
E               
E                 <tr>
E                   <td>EMAIL_USE_TLS</td>
E                   <td class="code"><pre>False</pre></td>
E                 </tr>
E               
E                 <tr>
E                   <td>FILE_UPLOAD_DIRECTORY_PERMISSIONS</td>
E                   <td class="code"><pre>None</pre></td>
E                 </tr>
E               
E                 <tr>
E                   <td>FILE_UPLOAD_HANDLERS</td>
E                   <td class="code"><pre>[&#x27;django.core.files.uploadhandler.MemoryFileUploadHandler&#x27;,
E          &#x27;django.core.files.uploadhandler.TemporaryFileUploadHandler&#x27;]</pre></td>
E                 </tr>
E               
E                 <tr>
E                   <td>FILE_UPLOAD_MAX_MEMORY_SIZE</td>
E                   <td class="code"><pre>2621440</pre></td>
E                 </tr>
E               
E                 <tr>
E                   <td>FILE_UPLOAD_PERMISSIONS</td>
E                   <td class="code"><pre>420</pre></td>
E                 </tr>
E               
E                 <tr>
E                   <td>FILE_UPLOAD_TEMP_DIR</td>
E                   <td class="code"><pre>None</pre></td>
E                 </tr>
E               
E                 <tr>
E                   <td>FIRST_DAY_OF_WEEK</td>
E                   <td class="code"><pre>0</pre></td>
E                 </tr>
E               
E                 <tr>
E                   <td>FIXTURE_DIRS</td>
E                   <td class="code"><pre>[]</pre></td>
E                 </tr>
E               
E                 <tr>
E                   <td>FORCE_SCRIPT_NAME</td>
E                   <td class="code"><pre>None</pre></td>
E                 </tr>
E               
E                 <tr>
E                   <td>FORMAT_MODULE_PATH</td>
E                   <td class="code"><pre>None</pre></td>
E                 </tr>
E               
E                 <tr>
E                   <td>FORMS_URLFIELD_ASSUME_HTTPS</td>
E                   <td class="code"><pre>False</pre></td>
E                 </tr>
E               
E                 <tr>
E                   <td>FORM_RENDERER</td>
E                   <td class="code"><pre>&#x27;django.forms.renderers.DjangoTemplates&#x27;</pre></td>
E                 </tr>
E               
E                 <tr>
E                   <td>FRONTEND_URL</td>
E                   <td class="code"><pre>&#x27;http://127.0.0.1:5173&#x27;</pre></td>
E                 </tr>
E               
E                 <tr>
E                   <td>GDAL_LIBRARY_PATH</td>
E                   <td class="code"><pre>&#x27;C:\\OSGeo4W\\bin\\gdal311.dll&#x27;</pre></td>
E                 </tr>
E               
E                 <tr>
E                   <td>GEOLOCATION_SETTINGS</td>
E                   <td class="code"><pre>{&#x27;CACHE_TIMEOUT&#x27;: 3600, &#x27;DEFAULT_RADIUS_KM&#x27;: 10, &#x27;MAX_RADIUS_KM&#x27;: 50}</pre></td>
E                 </tr>
E               
E                 <tr>
E                   <td>GEOS_LIBRARY_PATH</td>
E                   <td class="code"><pre>&#x27;C:\\OSGeo4W\\bin\\geos_c.dll&#x27;</pre></td>
E                 </tr>
E               
E                 <tr>
E                   <td>IGNORABLE_404_URLS</td>
E                   <td class="code"><pre>[]</pre></td>
E                 </tr>
E               
E                 <tr>
E                   <td>INSTALLED_APPS</td>
E                   <td class="code"><pre>[&#x27;django.contrib.admin&#x27;,
E          &#x27;django.contrib.auth&#x27;,
E          &#x27;django.contrib.contenttypes&#x27;,
E          &#x27;django.contrib.sessions&#x27;,
E          &#x27;django.contrib.messages&#x27;,
E          &#x27;django.contrib.staticfiles&#x27;,
E          &#x27;rest_framework&#x27;,
E          &#x27;corsheaders&#x27;,
E          &#x27;users&#x27;,
E          &#x27;depannage&#x27;,
E          &#x27;rest_framework_simplejwt&#x27;,
E          &#x27;rest_framework_simplejwt.token_blacklist&#x27;,
E          &#x27;channels&#x27;]</pre></td>
E                 </tr>
E               
E                 <tr>
E                   <td>INTERNAL_IPS</td>
E                   <td class="code"><pre>[]</pre></td>
E                 </tr>
E               
E                 <tr>
E                   <td>LANGUAGES</td>
E                   <td class="code"><pre>[(&#x27;af&#x27;, &#x27;Afrikaans&#x27;),
E          (&#x27;ar&#x27;, &#x27;Arabic&#x27;),
E          (&#x27;ar-dz&#x27;, &#x27;Algerian Arabic&#x27;),
E          (&#x27;ast&#x27;, &#x27;Asturian&#x27;),
E          (&#x27;az&#x27;, &#x27;Azerbaijani&#x27;),
E          (&#x27;bg&#x27;, &#x27;Bulgarian&#x27;),
E          (&#x27;be&#x27;, &#x27;Belarusian&#x27;),
E          (&#x27;bn&#x27;, &#x27;Bengali&#x27;),
E          (&#x27;br&#x27;, &#x27;Breton&#x27;),
E          (&#x27;bs&#x27;, &#x27;Bosnian&#x27;),
E          (&#x27;ca&#x27;, &#x27;Catalan&#x27;),
E          (&#x27;ckb&#x27;, &#x27;Central Kurdish (Sorani)&#x27;),
E          (&#x27;cs&#x27;, &#x27;Czech&#x27;),
E          (&#x27;cy&#x27;, &#x27;Welsh&#x27;),
E          (&#x27;da&#x27;, &#x27;Danish&#x27;),
E          (&#x27;de&#x27;, &#x27;German&#x27;),
E          (&#x27;dsb&#x27;, &#x27;Lower Sorbian&#x27;),
E          (&#x27;el&#x27;, &#x27;Greek&#x27;),
E          (&#x27;en&#x27;, &#x27;English&#x27;),
E          (&#x27;en-au&#x27;, &#x27;Australian English&#x27;),
E          (&#x27;en-gb&#x27;, &#x27;British English&#x27;),
E          (&#x27;eo&#x27;, &#x27;Esperanto&#x27;),
E          (&#x27;es&#x27;, &#x27;Spanish&#x27;),
E          (&#x27;es-ar&#x27;, &#x27;Argentinian Spanish&#x27;),
E          (&#x27;es-co&#x27;, &#x27;Colombian Spanish&#x27;),
E          (&#x27;es-mx&#x27;, &#x27;Mexican Spanish&#x27;),
E          (&#x27;es-ni&#x27;, &#x27;Nicaraguan Spanish&#x27;),
E          (&#x27;es-ve&#x27;, &#x27;Venezuelan Spanish&#x27;),
E          (&#x27;et&#x27;, &#x27;Estonian&#x27;),
E          (&#x27;eu&#x27;, &#x27;Basque&#x27;),
E          (&#x27;fa&#x27;, &#x27;Persian&#x27;),
E          (&#x27;fi&#x27;, &#x27;Finnish&#x27;),
E          (&#x27;fr&#x27;, &#x27;French&#x27;),
E          (&#x27;fy&#x27;, &#x27;Frisian&#x27;),
E          (&#x27;ga&#x27;, &#x27;Irish&#x27;),
E          (&#x27;gd&#x27;, &#x27;Scottish Gaelic&#x27;),
E          (&#x27;gl&#x27;, &#x27;Galician&#x27;),
E          (&#x27;he&#x27;, &#x27;Hebrew&#x27;),
E          (&#x27;hi&#x27;, &#x27;Hindi&#x27;),
E          (&#x27;hr&#x27;, &#x27;Croatian&#x27;),
E          (&#x27;hsb&#x27;, &#x27;Upper Sorbian&#x27;),
E          (&#x27;hu&#x27;, &#x27;Hungarian&#x27;),
E          (&#x27;hy&#x27;, &#x27;Armenian&#x27;),
E          (&#x27;ia&#x27;, &#x27;Interlingua&#x27;),
E          (&#x27;id&#x27;, &#x27;Indonesian&#x27;),
E          (&#x27;ig&#x27;, &#x27;Igbo&#x27;),
E          (&#x27;io&#x27;, &#x27;Ido&#x27;),
E          (&#x27;is&#x27;, &#x27;Icelandic&#x27;),
E          (&#x27;it&#x27;, &#x27;Italian&#x27;),
E          (&#x27;ja&#x27;, &#x27;Japanese&#x27;),
E          (&#x27;ka&#x27;, &#x27;Georgian&#x27;),
E          (&#x27;kab&#x27;, &#x27;Kabyle&#x27;),
E          (&#x27;kk&#x27;, &#x27;Kazakh&#x27;),
E          (&#x27;km&#x27;, &#x27;Khmer&#x27;),
E          (&#x27;kn&#x27;, &#x27;Kannada&#x27;),
E          (&#x27;ko&#x27;, &#x27;Korean&#x27;),
E          (&#x27;ky&#x27;, &#x27;Kyrgyz&#x27;),
E          (&#x27;lb&#x27;, &#x27;Luxembourgish&#x27;),
E          (&#x27;lt&#x27;, &#x27;Lithuanian&#x27;),
E          (&#x27;lv&#x27;, &#x27;Latvian&#x27;),
E          (&#x27;mk&#x27;, &#x27;Macedonian&#x27;),
E          (&#x27;ml&#x27;, &#x27;Malayalam&#x27;),
E          (&#x27;mn&#x27;, &#x27;Mongolian&#x27;),
E          (&#x27;mr&#x27;, &#x27;Marathi&#x27;),
E          (&#x27;ms&#x27;, &#x27;Malay&#x27;),
E          (&#x27;my&#x27;, &#x27;Burmese&#x27;),
E          (&#x27;nb&#x27;, &#x27;Norwegian Bokmål&#x27;),
E          (&#x27;ne&#x27;, &#x27;Nepali&#x27;),
E          (&#x27;nl&#x27;, &#x27;Dutch&#x27;),
E          (&#x27;nn&#x27;, &#x27;Norwegian Nynorsk&#x27;),
E          (&#x27;os&#x27;, &#x27;Ossetic&#x27;),
E          (&#x27;pa&#x27;, &#x27;Punjabi&#x27;),
E          (&#x27;pl&#x27;, &#x27;Polish&#x27;),
E          (&#x27;pt&#x27;, &#x27;Portuguese&#x27;),
E          (&#x27;pt-br&#x27;, &#x27;Brazilian Portuguese&#x27;),
E          (&#x27;ro&#x27;, &#x27;Romanian&#x27;),
E          (&#x27;ru&#x27;, &#x27;Russian&#x27;),
E          (&#x27;sk&#x27;, &#x27;Slovak&#x27;),
E          (&#x27;sl&#x27;, &#x27;Slovenian&#x27;),
E          (&#x27;sq&#x27;, &#x27;Albanian&#x27;),
E          (&#x27;sr&#x27;, &#x27;Serbian&#x27;),
E          (&#x27;sr-latn&#x27;, &#x27;Serbian Latin&#x27;),
E          (&#x27;sv&#x27;, &#x27;Swedish&#x27;),
E          (&#x27;sw&#x27;, &#x27;Swahili&#x27;),
E          (&#x27;ta&#x27;, &#x27;Tamil&#x27;),
E          (&#x27;te&#x27;, &#x27;Telugu&#x27;),
E          (&#x27;tg&#x27;, &#x27;Tajik&#x27;),
E          (&#x27;th&#x27;, &#x27;Thai&#x27;),
E          (&#x27;tk&#x27;, &#x27;Turkmen&#x27;),
E          (&#x27;tr&#x27;, &#x27;Turkish&#x27;),
E          (&#x27;tt&#x27;, &#x27;Tatar&#x27;),
E          (&#x27;udm&#x27;, &#x27;Udmurt&#x27;),
E          (&#x27;ug&#x27;, &#x27;Uyghur&#x27;),
E          (&#x27;uk&#x27;, &#x27;Ukrainian&#x27;),
E          (&#x27;ur&#x27;, &#x27;Urdu&#x27;),
E          (&#x27;uz&#x27;, &#x27;Uzbek&#x27;),
E          (&#x27;vi&#x27;, &#x27;Vietnamese&#x27;),
E          (&#x27;zh-hans&#x27;, &#x27;Simplified Chinese&#x27;),
E          (&#x27;zh-hant&#x27;, &#x27;Traditional Chinese&#x27;)]</pre></td>
E                 </tr>
E               
E                 <tr>
E                   <td>LANGUAGES_BIDI</td>
E                   <td class="code"><pre>[&#x27;he&#x27;, &#x27;ar&#x27;, &#x27;ar-dz&#x27;, &#x27;ckb&#x27;, &#x27;fa&#x27;, &#x27;ug&#x27;, &#x27;ur&#x27;]</pre></td>
E                 </tr>
E               
E                 <tr>
E                   <td>LANGUAGE_CODE</td>
E                   <td class="code"><pre>&#x27;en-us&#x27;</pre></td>
E                 </tr>
E               
E                 <tr>
E                   <td>LANGUAGE_COOKIE_AGE</td>
E                   <td class="code"><pre>None</pre></td>
E                 </tr>
E               
E                 <tr>
E                   <td>LANGUAGE_COOKIE_DOMAIN</td>
E                   <td class="code"><pre>None</pre></td>
E                 </tr>
E               
E                 <tr>
E                   <td>LANGUAGE_COOKIE_HTTPONLY</td>
E                   <td class="code"><pre>False</pre></td>
E                 </tr>
E               
E                 <tr>
E                   <td>LANGUAGE_COOKIE_NAME</td>
E                   <td class="code"><pre>&#x27;django_language&#x27;</pre></td>
E                 </tr>
E               
E                 <tr>
E                   <td>LANGUAGE_COOKIE_PATH</td>
E                   <td class="code"><pre>&#x27;/&#x27;</pre></td>
E                 </tr>
E               
E                 <tr>
E                   <td>LANGUAGE_COOKIE_SAMESITE</td>
E                   <td class="code"><pre>None</pre></td>
E                 </tr>
E               
E                 <tr>
E                   <td>LANGUAGE_COOKIE_SECURE</td>
E                   <td class="code"><pre>False</pre></td>
E                 </tr>
E               
E                 <tr>
E                   <td>LOCALE_PATHS</td>
E                   <td class="code"><pre>[]</pre></td>
E                 </tr>
E               
E                 <tr>
E                   <td>LOGGING</td>
E                   <td class="code"><pre>{&#x27;disable_existing_loggers&#x27;: False,
E          &#x27;formatters&#x27;: {&#x27;simple&#x27;: {&#x27;format&#x27;: &#x27;{levelname} {message}&#x27;, &#x27;style&#x27;: &#x27;{&#x27;},
E                         &#x27;verbose&#x27;: {&#x27;format&#x27;: &#x27;{levelname} {asctime} {module} &#x27;
E                                               &#x27;{process:d} {thread:d} {message}&#x27;,
E                                     &#x27;style&#x27;: &#x27;{&#x27;}},
E          &#x27;handlers&#x27;: {&#x27;file&#x27;: {&#x27;class&#x27;: &#x27;logging.FileHandler&#x27;,
E                                &#x27;filename&#x27;: &#x27;django.log&#x27;,
E                                &#x27;formatter&#x27;: &#x27;verbose&#x27;,
E                                &#x27;level&#x27;: &#x27;INFO&#x27;},
E                       &#x27;security_file&#x27;: {&#x27;class&#x27;: &#x27;logging.FileHandler&#x27;,
E                                         &#x27;filename&#x27;: &#x27;security.log&#x27;,
E                                         &#x27;formatter&#x27;: &#x27;verbose&#x27;,
E                                         &#x27;level&#x27;: &#x27;WARNING&#x27;}},
E          &#x27;loggers&#x27;: {&#x27;depannage&#x27;: {&#x27;handlers&#x27;: [&#x27;file&#x27;],
E                                    &#x27;level&#x27;: &#x27;INFO&#x27;,
E                                    &#x27;propagate&#x27;: True},
E                      &#x27;django&#x27;: {&#x27;handlers&#x27;: [&#x27;file&#x27;],
E                                 &#x27;level&#x27;: &#x27;INFO&#x27;,
E                                 &#x27;propagate&#x27;: True},
E                      &#x27;django.security&#x27;: {&#x27;handlers&#x27;: [&#x27;security_file&#x27;],
E                                          &#x27;level&#x27;: &#x27;WARNING&#x27;,
E                                          &#x27;propagate&#x27;: False},
E                      &#x27;users&#x27;: {&#x27;handlers&#x27;: [&#x27;file&#x27;],
E                                &#x27;level&#x27;: &#x27;INFO&#x27;,
E                                &#x27;propagate&#x27;: True}},
E          &#x27;version&#x27;: 1}</pre></td>
E                 </tr>
E               
E                 <tr>
E                   <td>LOGGING_CONFIG</td>
E                   <td class="code"><pre>&#x27;logging.config.dictConfig&#x27;</pre></td>
E                 </tr>
E               
E                 <tr>
E                   <td>LOGIN_REDIRECT_URL</td>
E                   <td class="code"><pre>&#x27;/accounts/profile/&#x27;</pre></td>
E                 </tr>
E               
E                 <tr>
E                   <td>LOGIN_URL</td>
E                   <td class="code"><pre>&#x27;/accounts/login/&#x27;</pre></td>
E                 </tr>
E               
E                 <tr>
E                   <td>LOGOUT_REDIRECT_URL</td>
E                   <td class="code"><pre>None</pre></td>
E                 </tr>
E               
E                 <tr>
E                   <td>MANAGERS</td>
E                   <td class="code"><pre>[]</pre></td>
E                 </tr>
E               
E                 <tr>
E                   <td>MEDIA_ROOT</td>
E                   <td class="code"><pre>&#x27;/Users/mohamedbechirdiarra/Downloads/prototypeGamma/Backend/media&#x27;</pre></td>
E                 </tr>
E               
E                 <tr>
E                   <td>MEDIA_URL</td>
E                   <td class="code"><pre>&#x27;/media/&#x27;</pre></td>
E                 </tr>
E               
E                 <tr>
E                   <td>MESSAGE_STORAGE</td>
E                   <td class="code"><pre>&#x27;django.contrib.messages.storage.fallback.FallbackStorage&#x27;</pre></td>
E                 </tr>
E               
E                 <tr>
E                   <td>MIDDLEWARE</td>
E                   <td class="code"><pre>[&#x27;corsheaders.middleware.CorsMiddleware&#x27;,
E          &#x27;django.middleware.security.SecurityMiddleware&#x27;,
E          &#x27;django.contrib.sessions.middleware.SessionMiddleware&#x27;,
E          &#x27;django.middleware.common.CommonMiddleware&#x27;,
E          &#x27;django.middleware.csrf.CsrfViewMiddleware&#x27;,
E          &#x27;django.contrib.auth.middleware.AuthenticationMiddleware&#x27;,
E          &#x27;django.contrib.messages.middleware.MessageMiddleware&#x27;,
E          &#x27;django.middleware.clickjacking.XFrameOptionsMiddleware&#x27;,
E          &#x27;auth.middleware.JWTSecurityMiddleware&#x27;,
E          &#x27;auth.middleware.TokenValidationMiddleware&#x27;]</pre></td>
E                 </tr>
E               
E                 <tr>
E                   <td>MIGRATION_MODULES</td>
E                   <td class="code"><pre>{}</pre></td>
E                 </tr>
E               
E                 <tr>
E                   <td>MONTH_DAY_FORMAT</td>
E                   <td class="code"><pre>&#x27;F j&#x27;</pre></td>
E                 </tr>
E               
E                 <tr>
E                   <td>NOTIFICATION_CHANNELS</td>
E                   <td class="code"><pre>{&#x27;email&#x27;: True, &#x27;push&#x27;: False, &#x27;sms&#x27;: False}</pre></td>
E                 </tr>
E               
E                 <tr>
E                   <td>NUMBER_GROUPING</td>
E                   <td class="code"><pre>0</pre></td>
E                 </tr>
E               
E                 <tr>
E                   <td>PASSWORD_HASHERS</td>
E                   <td class="code"><pre>&#x27;********************&#x27;</pre></td>
E                 </tr>
E               
E                 <tr>
E                   <td>PASSWORD_RESET_TIMEOUT</td>
E                   <td class="code"><pre>&#x27;********************&#x27;</pre></td>
E                 </tr>
E               
E                 <tr>
E                   <td>PAYMENT_SETTINGS</td>
E                   <td class="code"><pre>{&#x27;CINETPAY_API_KEY&#x27;: &#x27;********************&#x27;,
E          &#x27;CINETPAY_ENVIRONMENT&#x27;: &#x27;Production&#x27;,
E          &#x27;CINETPAY_SITE_ID&#x27;: &#x27;105899471&#x27;}</pre></td>
E                 </tr>
E               
E                 <tr>
E                   <td>PREPEND_WWW</td>
E                   <td class="code"><pre>False</pre></td>
E                 </tr>
E               
E                 <tr>
E                   <td>REST_FRAMEWORK</td>
E                   <td class="code"><pre>{&#x27;DEFAULT_AUTHENTICATION_CLASSES&#x27;: &#x27;********************&#x27;,
E          &#x27;DEFAULT_PAGINATION_CLASS&#x27;: &#x27;rest_framework.pagination.PageNumberPagination&#x27;,
E          &#x27;DEFAULT_PARSER_CLASSES&#x27;: [&#x27;rest_framework.parsers.JSONParser&#x27;,
E                                     &#x27;rest_framework.parsers.MultiPartParser&#x27;,
E                                     &#x27;rest_framework.parsers.FormParser&#x27;],
E          &#x27;DEFAULT_PERMISSION_CLASSES&#x27;: [&#x27;rest_framework.permissions.IsAuthenticated&#x27;],
E          &#x27;DEFAULT_RENDERER_CLASSES&#x27;: [&#x27;rest_framework.renderers.JSONRenderer&#x27;],
E          &#x27;DEFAULT_THROTTLE_CLASSES&#x27;: [&#x27;rest_framework.throttling.UserRateThrottle&#x27;,
E                                       &#x27;rest_framework.throttling.AnonRateThrottle&#x27;,
E                                       &#x27;rest_framework.throttling.ScopedRateThrottle&#x27;],
E          &#x27;DEFAULT_THROTTLE_RATES&#x27;: {&#x27;anon&#x27;: &#x27;10000/day&#x27;,
E                                     &#x27;login&#x27;: &#x27;1000/day&#x27;,
E                                     &#x27;password_reset&#x27;: &#x27;********************&#x27;,
E                                     &#x27;register&#x27;: &#x27;500/day&#x27;,
E                                     &#x27;user&#x27;: &#x27;50000/day&#x27;,
E                                     &#x27;user_me&#x27;: &#x27;1000/day&#x27;},
E          &#x27;EXCEPTION_HANDLER&#x27;: &#x27;rest_framework.views.exception_handler&#x27;,
E          &#x27;PAGE_SIZE&#x27;: 20}</pre></td>
E                 </tr>
E               
E                 <tr>
E                   <td>ROOT_URLCONF</td>
E                   <td class="code"><pre>&#x27;auth.urls&#x27;</pre></td>
E                 </tr>
E               
E                 <tr>
E                   <td>SECRET_KEY</td>
E                   <td class="code"><pre>&#x27;********************&#x27;</pre></td>
E                 </tr>
E               
E                 <tr>
E                   <td>SECRET_KEY_FALLBACKS</td>
E                   <td class="code"><pre>&#x27;********************&#x27;</pre></td>
E                 </tr>
E               
E                 <tr>
E                   <td>SECURE_BROWSER_XSS_FILTER</td>
E                   <td class="code"><pre>True</pre></td>
E                 </tr>
E               
E                 <tr>
E                   <td>SECURE_CONTENT_TYPE_NOSNIFF</td>
E                   <td class="code"><pre>True</pre></td>
E                 </tr>
E               
E                 <tr>
E                   <td>SECURE_CROSS_ORIGIN_OPENER_POLICY</td>
E                   <td class="code"><pre>&#x27;same-origin&#x27;</pre></td>
E                 </tr>
E               
E                 <tr>
E                   <td>SECURE_HSTS_INCLUDE_SUBDOMAINS</td>
E                   <td class="code"><pre>True</pre></td>
E                 </tr>
E               
E                 <tr>
E                   <td>SECURE_HSTS_PRELOAD</td>
E                   <td class="code"><pre>True</pre></td>
E                 </tr>
E               
E                 <tr>
E                   <td>SECURE_HSTS_SECONDS</td>
E                   <td class="code"><pre>31536000</pre></td>
E                 </tr>
E               
E                 <tr>
E                   <td>SECURE_PROXY_SSL_HEADER</td>
E                   <td class="code"><pre>None</pre></td>
E                 </tr>
E               
E                 <tr>
E                   <td>SECURE_REDIRECT_EXEMPT</td>
E                   <td class="code"><pre>[]</pre></td>
E                 </tr>
E               
E                 <tr>
E                   <td>SECURE_REFERRER_POLICY</td>
E                   <td class="code"><pre>&#x27;same-origin&#x27;</pre></td>
E                 </tr>
E               
E                 <tr>
E                   <td>SECURE_SSL_HOST</td>
E                   <td class="code"><pre>None</pre></td>
E                 </tr>
E               
E                 <tr>
E                   <td>SECURE_SSL_REDIRECT</td>
E                   <td class="code"><pre>False</pre></td>
E                 </tr>
E               
E                 <tr>
E                   <td>SERVER_EMAIL</td>
E                   <td class="code"><pre>&#x27;root@localhost&#x27;</pre></td>
E                 </tr>
E               
E                 <tr>
E                   <td>SESSION_CACHE_ALIAS</td>
E                   <td class="code"><pre>&#x27;default&#x27;</pre></td>
E                 </tr>
E               
E                 <tr>
E                   <td>SESSION_COOKIE_AGE</td>
E                   <td class="code"><pre>3600</pre></td>
E                 </tr>
E               
E                 <tr>
E                   <td>SESSION_COOKIE_DOMAIN</td>
E                   <td class="code"><pre>None</pre></td>
E                 </tr>
E               
E                 <tr>
E                   <td>SESSION_COOKIE_HTTPONLY</td>
E                   <td class="code"><pre>True</pre></td>
E                 </tr>
E               
E                 <tr>
E                   <td>SESSION_COOKIE_NAME</td>
E                   <td class="code"><pre>&#x27;sessionid&#x27;</pre></td>
E                 </tr>
E               
E                 <tr>
E                   <td>SESSION_COOKIE_PATH</td>
E                   <td class="code"><pre>&#x27;/&#x27;</pre></td>
E                 </tr>
E               
E                 <tr>
E                   <td>SESSION_COOKIE_SAMESITE</td>
E                   <td class="code"><pre>&#x27;Lax&#x27;</pre></td>
E                 </tr>
E               
E                 <tr>
E                   <td>SESSION_COOKIE_SECURE</td>
E                   <td class="code"><pre>True</pre></td>
E                 </tr>
E               
E                 <tr>
E                   <td>SESSION_ENGINE</td>
E                   <td class="code"><pre>&#x27;django.contrib.sessions.backends.db&#x27;</pre></td>
E                 </tr>
E               
E                 <tr>
E                   <td>SESSION_EXPIRE_AT_BROWSER_CLOSE</td>
E                   <td class="code"><pre>True</pre></td>
E                 </tr>
E               
E                 <tr>
E                   <td>SESSION_FILE_PATH</td>
E                   <td class="code"><pre>None</pre></td>
E                 </tr>
E               
E                 <tr>
E                   <td>SESSION_SAVE_EVERY_REQUEST</td>
E                   <td class="code"><pre>False</pre></td>
E                 </tr>
E               
E                 <tr>
E                   <td>SESSION_SERIALIZER</td>
E                   <td class="code"><pre>&#x27;django.contrib.sessions.serializers.JSONSerializer&#x27;</pre></td>
E                 </tr>
E               
E                 <tr>
E                   <td>SETTINGS_MODULE</td>
E                   <td class="code"><pre>&#x27;Backend.auth.settings&#x27;</pre></td>
E                 </tr>
E               
E                 <tr>
E                   <td>SHORT_DATETIME_FORMAT</td>
E                   <td class="code"><pre>&#x27;m/d/Y P&#x27;</pre></td>
E                 </tr>
E               
E                 <tr>
E                   <td>SHORT_DATE_FORMAT</td>
E                   <td class="code"><pre>&#x27;m/d/Y&#x27;</pre></td>
E                 </tr>
E               
E                 <tr>
E                   <td>SIGNING_BACKEND</td>
E                   <td class="code"><pre>&#x27;django.core.signing.TimestampSigner&#x27;</pre></td>
E                 </tr>
E               
E                 <tr>
E                   <td>SILENCED_SYSTEM_CHECKS</td>
E                   <td class="code"><pre>[]</pre></td>
E                 </tr>
E               
E                 <tr>
E                   <td>SIMPLE_JWT</td>
E                   <td class="code"><pre>{&#x27;ACCESS_TOKEN_LIFETIME&#x27;: &#x27;********************&#x27;,
E          &#x27;ALGORITHM&#x27;: &#x27;HS256&#x27;,
E          &#x27;AUDIENCE&#x27;: None,
E          &#x27;AUTH_HEADER_NAME&#x27;: &#x27;********************&#x27;,
E          &#x27;AUTH_HEADER_TYPES&#x27;: &#x27;********************&#x27;,
E          &#x27;AUTH_TOKEN_CLASSES&#x27;: &#x27;********************&#x27;,
E          &#x27;BLACKLIST_AFTER_ROTATION&#x27;: True,
E          &#x27;ISSUER&#x27;: None,
E          &#x27;JTI_CLAIM&#x27;: &#x27;jti&#x27;,
E          &#x27;JWK_URL&#x27;: None,
E          &#x27;LEEWAY&#x27;: 0,
E          &#x27;REFRESH_TOKEN_LIFETIME&#x27;: &#x27;********************&#x27;,
E          &#x27;ROTATE_REFRESH_TOKENS&#x27;: &#x27;********************&#x27;,
E          &#x27;SIGNING_KEY&#x27;: &#x27;********************&#x27;,
E          &#x27;SLIDING_TOKEN_LIFETIME&#x27;: &#x27;********************&#x27;,
E          &#x27;SLIDING_TOKEN_REFRESH_EXP_CLAIM&#x27;: &#x27;********************&#x27;,
E          &#x27;SLIDING_TOKEN_REFRESH_LIFETIME&#x27;: &#x27;********************&#x27;,
E          &#x27;TOKEN_TYPE_CLAIM&#x27;: &#x27;********************&#x27;,
E          &#x27;TOKEN_USER_CLASS&#x27;: &#x27;********************&#x27;,
E          &#x27;UPDATE_LAST_LOGIN&#x27;: True,
E          &#x27;USER_AUTHENTICATION_RULE&#x27;: &#x27;********************&#x27;,
E          &#x27;USER_ID_CLAIM&#x27;: &#x27;user_id&#x27;,
E          &#x27;USER_ID_FIELD&#x27;: &#x27;id&#x27;,
E          &#x27;VERIFYING_KEY&#x27;: &#x27;********************&#x27;}</pre></td>
E                 </tr>
E               
E                 <tr>
E                   <td>STATICFILES_DIRS</td>
E                   <td class="code"><pre>[]</pre></td>
E                 </tr>
E               
E                 <tr>
E                   <td>STATICFILES_FINDERS</td>
E                   <td class="code"><pre>[&#x27;django.contrib.staticfiles.finders.FileSystemFinder&#x27;,
E          &#x27;django.contrib.staticfiles.finders.AppDirectoriesFinder&#x27;]</pre></td>
E                 </tr>
E               
E                 <tr>
E                   <td>STATIC_ROOT</td>
E                   <td class="code"><pre>&#x27;/Users/mohamedbechirdiarra/Downloads/prototypeGamma/Backend/staticfiles&#x27;</pre></td>
E                 </tr>
E               
E                 <tr>
E                   <td>STATIC_URL</td>
E                   <td class="code"><pre>&#x27;/static/&#x27;</pre></td>
E                 </tr>
E               
E                 <tr>
E                   <td>STORAGES</td>
E                   <td class="code"><pre>{&#x27;default&#x27;: {&#x27;BACKEND&#x27;: &#x27;django.core.files.storage.FileSystemStorage&#x27;},
E          &#x27;staticfiles&#x27;: {&#x27;BACKEND&#x27;: &#x27;django.contrib.staticfiles.storage.StaticFilesStorage&#x27;}}</pre></td>
E                 </tr>
E               
E                 <tr>
E                   <td>TEMPLATES</td>
E                   <td class="code"><pre>[{&#x27;APP_DIRS&#x27;: True,
E           &#x27;BACKEND&#x27;: &#x27;django.template.backends.django.DjangoTemplates&#x27;,
E           &#x27;DIRS&#x27;: [],
E           &#x27;OPTIONS&#x27;: {&#x27;context_processors&#x27;: [&#x27;django.template.context_processors.request&#x27;,
E                                              &#x27;django.contrib.auth.context_processors.auth&#x27;,
E                                              &#x27;django.contrib.messages.context_processors.messages&#x27;]}}]</pre></td>
E                 </tr>
E               
E                 <tr>
E                   <td>TEST_NON_SERIALIZED_APPS</td>
E                   <td class="code"><pre>[]</pre></td>
E                 </tr>
E               
E                 <tr>
E                   <td>TEST_RUNNER</td>
E                   <td class="code"><pre>&#x27;django.test.runner.DiscoverRunner&#x27;</pre></td>
E                 </tr>
E               
E                 <tr>
E                   <td>THOUSAND_SEPARATOR</td>
E                   <td class="code"><pre>&#x27;,&#x27;</pre></td>
E                 </tr>
E               
E                 <tr>
E                   <td>TIME_FORMAT</td>
E                   <td class="code"><pre>&#x27;P&#x27;</pre></td>
E                 </tr>
E               
E                 <tr>
E                   <td>TIME_INPUT_FORMATS</td>
E                   <td class="code"><pre>[&#x27;%H:%M:%S&#x27;, &#x27;%H:%M:%S.%f&#x27;, &#x27;%H:%M&#x27;]</pre></td>
E                 </tr>
E               
E                 <tr>
E                   <td>TIME_ZONE</td>
E                   <td class="code"><pre>&#x27;UTC&#x27;</pre></td>
E                 </tr>
E               
E                 <tr>
E                   <td>USE_I18N</td>
E                   <td class="code"><pre>True</pre></td>
E                 </tr>
E               
E                 <tr>
E                   <td>USE_THOUSAND_SEPARATOR</td>
E                   <td class="code"><pre>False</pre></td>
E                 </tr>
E               
E                 <tr>
E                   <td>USE_TZ</td>
E                   <td class="code"><pre>True</pre></td>
E                 </tr>
E               
E                 <tr>
E                   <td>USE_X_FORWARDED_HOST</td>
E                   <td class="code"><pre>False</pre></td>
E                 </tr>
E               
E                 <tr>
E                   <td>USE_X_FORWARDED_PORT</td>
E                   <td class="code"><pre>False</pre></td>
E                 </tr>
E               
E                 <tr>
E                   <td>WSGI_APPLICATION</td>
E                   <td class="code"><pre>&#x27;auth.wsgi.application&#x27;</pre></td>
E                 </tr>
E               
E                 <tr>
E                   <td>X_FRAME_OPTIONS</td>
E                   <td class="code"><pre>&#x27;DENY&#x27;</pre></td>
E                 </tr>
E               
E                 <tr>
E                   <td>YEAR_MONTH_FORMAT</td>
E                   <td class="code"><pre>&#x27;F Y&#x27;</pre></td>
E                 </tr>
E               
E             </tbody>
E           </table>
E         
E         </div>
E         </main>
E         
E         
E           <footer id="explanation">
E             <p>
E               You’re seeing this error because you have <code>DEBUG = True</code> in your
E               Django settings file. Change that to <code>False</code>, and Django will
E               display a standard page generated by the handler for this status code.
E             </p>
E           </footer>
E         
E         </body>
E         </html>
E         
E       assert 500 == 200
E        +  where 500 = <Response [500]>.status_code

conftest.py:29: AssertionError
__________________ ERROR at setup of test_project_statistics ___________________

    @pytest.fixture
    def token():
        # Créer un utilisateur de test unique
        base_url = "http://127.0.0.1:8000"
        username = "testuser_" + ''.join(random.choices(string.ascii_lowercase + string.digits, k=6))
        email = username + "@example.com"
        password = "TestUser1234!"
        register_data = {
            "username": username,
            "email": email,
            "password": password,
            "password2": password,
            "user_type": "client",
            "first_name": "Test",
            "last_name": "User",
            "address": "Test Address",
            "phone_number": "+22500000000"
        }
        # Inscription
        requests.post(f"{base_url}/users/register/", json=register_data)
        # Connexion
        login_data = {"email": email, "password": password}
        resp = requests.post(f"{base_url}/users/login/", json=login_data)
>       assert resp.status_code == 200, f"Échec de la connexion test: {resp.text}"
E       AssertionError: Échec de la connexion test: <!DOCTYPE html>
E         <html lang="en">
E         <head>
E           <meta http-equiv="content-type" content="text/html; charset=utf-8">
E           <meta name="robots" content="NONE,NOARCHIVE">
E           <title>IntegrityError
E                   at /users/login/</title>
E           <style>
E             html * { padding:0; margin:0; }
E             body * { padding:10px 20px; }
E             body * * { padding:0; }
E             body { font-family: sans-serif; background-color:#fff; color:#000; }
E             body > :where(header, main, footer) { border-bottom:1px solid #ddd; }
E             h1 { font-weight:normal; }
E             h2 { margin-bottom:.8em; }
E             h3 { margin:1em 0 .5em 0; }
E             h4 { margin:0 0 .5em 0; font-weight: normal; }
E             code, pre { font-size: 100%; white-space: pre-wrap; word-break: break-word; }
E             summary { cursor: pointer; }
E             table { border:1px solid #ccc; border-collapse: collapse; width:100%; background:white; }
E             tbody td, tbody th { vertical-align:top; padding:2px 3px; }
E             thead th {
E               padding:1px 6px 1px 3px; background:#fefefe; text-align:left;
E               font-weight:normal; font-size: 0.6875rem; border:1px solid #ddd;
E             }
E             tbody th { width:12em; text-align:right; color:#666; padding-right:.5em; }
E             table.vars { margin:5px 10px 2px 40px; width: auto; }
E             table.vars td, table.req td { font-family:monospace; }
E             table td.code { width:100%; }
E             table td.code pre { overflow:hidden; }
E             table.source th { color:#666; }
E             table.source td { font-family:monospace; white-space:pre; border-bottom:1px solid #eee; }
E             ul.traceback { list-style-type:none; color: #222; }
E             ul.traceback li.cause { word-break: break-word; }
E             ul.traceback li.frame { padding-bottom:1em; color:#4f4f4f; }
E             ul.traceback li.user { background-color:#e0e0e0; color:#000 }
E             div.context { padding:10px 0; overflow:hidden; }
E             div.context ol { padding-left:30px; margin:0 10px; list-style-position: inside; }
E             div.context ol li { font-family:monospace; white-space:pre; color:#777; cursor:pointer; padding-left: 2px; }
E             div.context ol li pre { display:inline; }
E             div.context ol.context-line li { color:#464646; background-color:#dfdfdf; padding: 3px 2px; }
E             div.context ol.context-line li span { position:absolute; right:32px; }
E             .user div.context ol.context-line li { background-color:#bbb; color:#000; }
E             .user div.context ol li { color:#666; }
E             div.commands, summary.commands { margin-left: 40px; }
E             div.commands a, summary.commands { color:#555; text-decoration:none; }
E             .user div.commands a { color: black; }
E             #summary { background: #ffc; }
E             #summary h2 { font-weight: normal; color: #666; }
E             #info { padding: 0; }
E             #info > * { padding:10px 20px; }
E             #explanation { background:#eee; }
E             #template, #template-not-exist { background:#f6f6f6; }
E             #template-not-exist ul { margin: 0 0 10px 20px; }
E             #template-not-exist .postmortem-section { margin-bottom: 3px; }
E             #unicode-hint { background:#eee; }
E             #traceback { background:#eee; }
E             #requestinfo { background:#f6f6f6; padding-left:120px; }
E             #summary table { border:none; background:transparent; }
E             #requestinfo h2, #requestinfo h3 { position:relative; margin-left:-100px; }
E             #requestinfo h3 { margin-bottom:-1em; }
E             .error { background: #ffc; }
E             .specific { color:#cc3300; font-weight:bold; }
E             h2 span.commands { font-size: 0.7rem; font-weight:normal; }
E             span.commands a:link {color:#5E5694;}
E             pre.exception_value { font-family: sans-serif; color: #575757; font-size: 1.5rem; margin: 10px 0 10px 0; }
E             .append-bottom { margin-bottom: 10px; }
E             .fname { user-select: all; }
E           </style>
E           
E           <script>
E             function hideAll(elems) {
E               for (var e = 0; e < elems.length; e++) {
E                 elems[e].style.display = 'none';
E               }
E             }
E             window.onload = function() {
E               hideAll(document.querySelectorAll('ol.pre-context'));
E               hideAll(document.querySelectorAll('ol.post-context'));
E               hideAll(document.querySelectorAll('div.pastebin'));
E             }
E             function toggle() {
E               for (var i = 0; i < arguments.length; i++) {
E                 var e = document.getElementById(arguments[i]);
E                 if (e) {
E                   e.style.display = e.style.display == 'none' ? 'block': 'none';
E                 }
E               }
E               return false;
E             }
E             function switchPastebinFriendly(link) {
E               s1 = "Switch to copy-and-paste view";
E               s2 = "Switch back to interactive view";
E               link.textContent = link.textContent.trim() == s1 ? s2: s1;
E               toggle('browserTraceback', 'pastebinTraceback');
E               return false;
E             }
E           </script>
E           
E         </head>
E         <body>
E         <header id="summary">
E           <h1>IntegrityError
E                at /users/login/</h1>
E           <pre class="exception_value">FOREIGN KEY constraint failed</pre>
E           <table class="meta">
E         
E             <tr>
E               <th scope="row">Request Method:</th>
E               <td>POST</td>
E             </tr>
E             <tr>
E               <th scope="row">Request URL:</th>
E               <td>http://127.0.0.1:8000/users/login/</td>
E             </tr>
E         
E             <tr>
E               <th scope="row">Django Version:</th>
E               <td>5.2.4</td>
E             </tr>
E         
E             <tr>
E               <th scope="row">Exception Type:</th>
E               <td>IntegrityError</td>
E             </tr>
E         
E         
E             <tr>
E               <th scope="row">Exception Value:</th>
E               <td><pre>FOREIGN KEY constraint failed</pre></td>
E             </tr>
E         
E         
E             <tr>
E               <th scope="row">Exception Location:</th>
E               <td><span class="fname">/Users/mohamedbechirdiarra/Downloads/prototypeGamma/Backend/venv/lib/python3.13/site-packages/django/db/utils.py</span>, line 98, in inner</td>
E             </tr>
E         
E         
E             <tr>
E               <th scope="row">Raised during:</th>
E               <td>users.views.UserViewSet</td>
E             </tr>
E         
E             <tr>
E               <th scope="row">Python Executable:</th>
E               <td>/Users/mohamedbechirdiarra/Downloads/prototypeGamma/Backend/venv/bin/python3.13</td>
E             </tr>
E             <tr>
E               <th scope="row">Python Version:</th>
E               <td>3.13.5</td>
E             </tr>
E             <tr>
E               <th scope="row">Python Path:</th>
E               <td><pre><code>[&#x27;.&#x27;,
E          &#x27;/Users/mohamedbechirdiarra/Downloads/prototypeGamma/Backend/venv/bin&#x27;,
E          &#x27;/Users/mohamedbechirdiarra/Downloads/prototypeGamma&#x27;,
E          &#x27;/Users/mohamedbechirdiarra/Downloads/prototypeGamma/Backend&#x27;,
E          &#x27;/opt/homebrew/Cellar/python@3.13/3.13.5/Frameworks/Python.framework/Versions/3.13/lib/python313.zip&#x27;,
E          &#x27;/opt/homebrew/Cellar/python@3.13/3.13.5/Frameworks/Python.framework/Versions/3.13/lib/python3.13&#x27;,
E          &#x27;/opt/homebrew/Cellar/python@3.13/3.13.5/Frameworks/Python.framework/Versions/3.13/lib/python3.13/lib-dynload&#x27;,
E          &#x27;/Users/mohamedbechirdiarra/Downloads/prototypeGamma/Backend/venv/lib/python3.13/site-packages&#x27;]</code></pre></td>
E             </tr>
E             <tr>
E               <th scope="row">Server time:</th>
E               <td>Mon, 14 Jul 2025 11:43:13 +0000</td>
E             </tr>
E           </table>
E         </header>
E         
E         <main id="info">
E         
E         
E         
E         
E         <div id="traceback">
E           <h2>Traceback <span class="commands"><a href="#" role="button" onclick="return switchPastebinFriendly(this);">
E             Switch to copy-and-paste view</a></span>
E           </h2>
E           <div id="browserTraceback">
E             <ul class="traceback">
E               
E                 
E                 <li class="frame django">
E                   
E                     <code class="fname">/Users/mohamedbechirdiarra/Downloads/prototypeGamma/Backend/venv/lib/python3.13/site-packages/django/db/utils.py</code>, line 98, in inner
E                   
E         
E                   
E                     <div class="context" id="c4437997696">
E                       
E                         <ol start="91" class="pre-context" id="pre4437997696">
E                         
E                           <li onclick="toggle('pre4437997696', 'post4437997696')"><pre>                raise dj_exc_value.with_traceback(traceback) from exc_value</pre></li>
E                         
E                           <li onclick="toggle('pre4437997696', 'post4437997696')"><pre></pre></li>
E                         
E                           <li onclick="toggle('pre4437997696', 'post4437997696')"><pre>    def __call__(self, func):</pre></li>
E                         
E                           <li onclick="toggle('pre4437997696', 'post4437997696')"><pre>        # Note that we are intentionally not using @wraps here for performance</pre></li>
E                         
E                           <li onclick="toggle('pre4437997696', 'post4437997696')"><pre>        # reasons. Refs #21109.</pre></li>
E                         
E                           <li onclick="toggle('pre4437997696', 'post4437997696')"><pre>        def inner(*args, **kwargs):</pre></li>
E                         
E                           <li onclick="toggle('pre4437997696', 'post4437997696')"><pre>            with self:</pre></li>
E                         
E                         </ol>
E                       
E                       <ol start="98" class="context-line">
E                         <li onclick="toggle('pre4437997696', 'post4437997696')"><pre>                return func(*args, **kwargs)
E                                    ^^^^^^^^^^^^^^^^^^^^^</pre> <span>…</span></li>
E                       </ol>
E                       
E                         <ol start='99' class="post-context" id="post4437997696">
E                           
E                           <li onclick="toggle('pre4437997696', 'post4437997696')"><pre></pre></li>
E                           
E                           <li onclick="toggle('pre4437997696', 'post4437997696')"><pre>        return inner</pre></li>
E                           
E                           <li onclick="toggle('pre4437997696', 'post4437997696')"><pre></pre></li>
E                           
E                           <li onclick="toggle('pre4437997696', 'post4437997696')"><pre></pre></li>
E                           
E                           <li onclick="toggle('pre4437997696', 'post4437997696')"><pre>def load_backend(backend_name):</pre></li>
E                           
E                           <li onclick="toggle('pre4437997696', 'post4437997696')"><pre>    &quot;&quot;&quot;</pre></li>
E                           
E                       </ol>
E                       
E                     </div>
E                   
E         
E                   
E                     
E                       <details>
E                         <summary class="commands">Local vars</summary>
E                     
E                     <table class="vars" id="v4437997696">
E                       <thead>
E                         <tr>
E                           <th scope="col">Variable</th>
E                           <th scope="col">Value</th>
E                         </tr>
E                       </thead>
E                       <tbody>
E                         
E                           <tr>
E                             <td>args</td>
E                             <td class="code"><pre>()</pre></td>
E                           </tr>
E                         
E                           <tr>
E                             <td>func</td>
E                             <td class="code"><pre>&lt;built-in method fetchone of SQLiteCursorWrapper object at 0x1087b6330&gt;</pre></td>
E                           </tr>
E                         
E                           <tr>
E                             <td>kwargs</td>
E                             <td class="code"><pre>{}</pre></td>
E                           </tr>
E                         
E                           <tr>
E                             <td>self</td>
E                             <td class="code"><pre>&lt;django.db.utils.DatabaseErrorWrapper object at 0x10890e670&gt;</pre></td>
E                           </tr>
E                         
E                       </tbody>
E                     </table>
E                     </details>
E                   
E                 </li>
E               
E                 
E                   <li class="cause"><h3>
E                   
E                     The above exception (FOREIGN KEY constraint failed) was the direct cause of the following exception:
E                   
E                 </h3></li>
E                 
E                 <li class="frame django">
E                   
E                     <code class="fname">/Users/mohamedbechirdiarra/Downloads/prototypeGamma/Backend/venv/lib/python3.13/site-packages/django/core/handlers/exception.py</code>, line 42, in inner
E                   
E         
E                   
E                     <div class="context" id="c4434627136">
E                       
E                         <ol start="35" class="pre-context" id="pre4434627136">
E                         
E                           <li onclick="toggle('pre4434627136', 'post4434627136')"><pre>    can rely on getting a response instead of an exception.</pre></li>
E                         
E                           <li onclick="toggle('pre4434627136', 'post4434627136')"><pre>    &quot;&quot;&quot;</pre></li>
E                         
E                           <li onclick="toggle('pre4434627136', 'post4434627136')"><pre>    if iscoroutinefunction(get_response):</pre></li>
E                         
E                           <li onclick="toggle('pre4434627136', 'post4434627136')"><pre></pre></li>
E                         
E                           <li onclick="toggle('pre4434627136', 'post4434627136')"><pre>        @wraps(get_response)</pre></li>
E                         
E                           <li onclick="toggle('pre4434627136', 'post4434627136')"><pre>        async def inner(request):</pre></li>
E                         
E                           <li onclick="toggle('pre4434627136', 'post4434627136')"><pre>            try:</pre></li>
E                         
E                         </ol>
E                       
E                       <ol start="42" class="context-line">
E                         <li onclick="toggle('pre4434627136', 'post4434627136')"><pre>                response = await get_response(request)
E                                        ^^^^^^^^^^^^^^^^^^^^^^^^^^^</pre> <span>…</span></li>
E                       </ol>
E                       
E                         <ol start='43' class="post-context" id="post4434627136">
E                           
E                           <li onclick="toggle('pre4434627136', 'post4434627136')"><pre>            except Exception as exc:</pre></li>
E                           
E                           <li onclick="toggle('pre4434627136', 'post4434627136')"><pre>                response = await sync_to_async(</pre></li>
E                           
E                           <li onclick="toggle('pre4434627136', 'post4434627136')"><pre>                    response_for_exception, thread_sensitive=False</pre></li>
E                           
E                           <li onclick="toggle('pre4434627136', 'post4434627136')"><pre>                )(request, exc)</pre></li>
E                           
E                           <li onclick="toggle('pre4434627136', 'post4434627136')"><pre>            return response</pre></li>
E                           
E                           <li onclick="toggle('pre4434627136', 'post4434627136')"><pre></pre></li>
E                           
E                       </ol>
E                       
E                     </div>
E                   
E         
E                   
E                     
E                       <details>
E                         <summary class="commands">Local vars</summary>
E                     
E                     <table class="vars" id="v4434627136">
E                       <thead>
E                         <tr>
E                           <th scope="col">Variable</th>
E                           <th scope="col">Value</th>
E                         </tr>
E                       </thead>
E                       <tbody>
E                         
E                           <tr>
E                             <td>exc</td>
E                             <td class="code"><pre>IntegrityError(&#x27;FOREIGN KEY constraint failed&#x27;)</pre></td>
E                           </tr>
E                         
E                           <tr>
E                             <td>get_response</td>
E                             <td class="code"><pre>&lt;bound method BaseHandler._get_response_async of &lt;django.core.handlers.asgi.ASGIHandler object at 0x107235940&gt;&gt;</pre></td>
E                           </tr>
E                         
E                           <tr>
E                             <td>request</td>
E                             <td class="code"><pre>&lt;ASGIRequest: POST &#x27;/users/login/&#x27;&gt;</pre></td>
E                           </tr>
E                         
E                       </tbody>
E                     </table>
E                     </details>
E                   
E                 </li>
E               
E                 
E                 <li class="frame django">
E                   
E                     <code class="fname">/Users/mohamedbechirdiarra/Downloads/prototypeGamma/Backend/venv/lib/python3.13/site-packages/django/core/handlers/base.py</code>, line 253, in _get_response_async
E                   
E         
E                   
E                     <div class="context" id="c4437830016">
E                       
E                         <ol start="246" class="pre-context" id="pre4437830016">
E                         
E                           <li onclick="toggle('pre4437830016', 'post4437830016')"><pre>            wrapped_callback = self.make_view_atomic(callback)</pre></li>
E                         
E                           <li onclick="toggle('pre4437830016', 'post4437830016')"><pre>            # If it is a synchronous view, run it in a subthread</pre></li>
E                         
E                           <li onclick="toggle('pre4437830016', 'post4437830016')"><pre>            if not iscoroutinefunction(wrapped_callback):</pre></li>
E                         
E                           <li onclick="toggle('pre4437830016', 'post4437830016')"><pre>                wrapped_callback = sync_to_async(</pre></li>
E                         
E                           <li onclick="toggle('pre4437830016', 'post4437830016')"><pre>                    wrapped_callback, thread_sensitive=True</pre></li>
E                         
E                           <li onclick="toggle('pre4437830016', 'post4437830016')"><pre>                )</pre></li>
E                         
E                           <li onclick="toggle('pre4437830016', 'post4437830016')"><pre>            try:</pre></li>
E                         
E                         </ol>
E                       
E                       <ol start="253" class="context-line">
E                         <li onclick="toggle('pre4437830016', 'post4437830016')"><pre>                response = await wrapped_callback(
E                                         </pre> <span>…</span></li>
E                       </ol>
E                       
E                         <ol start='254' class="post-context" id="post4437830016">
E                           
E                           <li onclick="toggle('pre4437830016', 'post4437830016')"><pre>                    request, *callback_args, **callback_kwargs</pre></li>
E                           
E                           <li onclick="toggle('pre4437830016', 'post4437830016')"><pre>                )</pre></li>
E                           
E                           <li onclick="toggle('pre4437830016', 'post4437830016')"><pre>            except Exception as e:</pre></li>
E                           
E                           <li onclick="toggle('pre4437830016', 'post4437830016')"><pre>                response = await sync_to_async(</pre></li>
E                           
E                           <li onclick="toggle('pre4437830016', 'post4437830016')"><pre>                    self.process_exception_by_middleware,</pre></li>
E                           
E                           <li onclick="toggle('pre4437830016', 'post4437830016')"><pre>                    thread_sensitive=True,</pre></li>
E                           
E                       </ol>
E                       
E                     </div>
E                   
E         
E                   
E                     
E                       <details>
E                         <summary class="commands">Local vars</summary>
E                     
E                     <table class="vars" id="v4437830016">
E                       <thead>
E                         <tr>
E                           <th scope="col">Variable</th>
E                           <th scope="col">Value</th>
E                         </tr>
E                       </thead>
E                       <tbody>
E                         
E                           <tr>
E                             <td>callback</td>
E                             <td class="code"><pre>&lt;function UserViewSet at 0x107747c40&gt;</pre></td>
E                           </tr>
E                         
E                           <tr>
E                             <td>callback_args</td>
E                             <td class="code"><pre>()</pre></td>
E                           </tr>
E                         
E                           <tr>
E                             <td>callback_kwargs</td>
E                             <td class="code"><pre>{}</pre></td>
E                           </tr>
E                         
E                           <tr>
E                             <td>middleware_method</td>
E                             <td class="code"><pre>&lt;asgiref.sync.SyncToAsync object at 0x10727f8c0&gt;</pre></td>
E                           </tr>
E                         
E                           <tr>
E                             <td>request</td>
E                             <td class="code"><pre>&lt;ASGIRequest: POST &#x27;/users/login/&#x27;&gt;</pre></td>
E                           </tr>
E                         
E                           <tr>
E                             <td>response</td>
E                             <td class="code"><pre>None</pre></td>
E                           </tr>
E                         
E                           <tr>
E                             <td>self</td>
E                             <td class="code"><pre>&lt;django.core.handlers.asgi.ASGIHandler object at 0x107235940&gt;</pre></td>
E                           </tr>
E                         
E                           <tr>
E                             <td>wrapped_callback</td>
E                             <td class="code"><pre>&lt;asgiref.sync.SyncToAsync object at 0x1088cdc70&gt;</pre></td>
E                           </tr>
E                         
E                       </tbody>
E                     </table>
E                     </details>
E                   
E                 </li>
E               
E                 
E                 <li class="frame django">
E                   
E                     <code class="fname">/Users/mohamedbechirdiarra/Downloads/prototypeGamma/Backend/venv/lib/python3.13/site-packages/django/views/decorators/csrf.py</code>, line 65, in _view_wrapper
E                   
E         
E                   
E                     <div class="context" id="c4436842688">
E                       
E                         <ol start="58" class="pre-context" id="pre4436842688">
E                         
E                           <li onclick="toggle('pre4436842688', 'post4436842688')"><pre></pre></li>
E                         
E                           <li onclick="toggle('pre4436842688', 'post4436842688')"><pre>        async def _view_wrapper(request, *args, **kwargs):</pre></li>
E                         
E                           <li onclick="toggle('pre4436842688', 'post4436842688')"><pre>            return await view_func(request, *args, **kwargs)</pre></li>
E                         
E                           <li onclick="toggle('pre4436842688', 'post4436842688')"><pre></pre></li>
E                         
E                           <li onclick="toggle('pre4436842688', 'post4436842688')"><pre>    else:</pre></li>
E                         
E                           <li onclick="toggle('pre4436842688', 'post4436842688')"><pre></pre></li>
E                         
E                           <li onclick="toggle('pre4436842688', 'post4436842688')"><pre>        def _view_wrapper(request, *args, **kwargs):</pre></li>
E                         
E                         </ol>
E                       
E                       <ol start="65" class="context-line">
E                         <li onclick="toggle('pre4436842688', 'post4436842688')"><pre>            return view_func(request, *args, **kwargs)
E                                ^^^^^^^^^^^^^^^^^^^^^^^^^^^^^^^^^^^</pre> <span>…</span></li>
E                       </ol>
E                       
E                         <ol start='66' class="post-context" id="post4436842688">
E                           
E                           <li onclick="toggle('pre4436842688', 'post4436842688')"><pre></pre></li>
E                           
E                           <li onclick="toggle('pre4436842688', 'post4436842688')"><pre>    _view_wrapper.csrf_exempt = True</pre></li>
E                           
E                           <li onclick="toggle('pre4436842688', 'post4436842688')"><pre></pre></li>
E                           
E                           <li onclick="toggle('pre4436842688', 'post4436842688')"><pre>    return wraps(view_func)(_view_wrapper)</pre></li>
E                           
E                       </ol>
E                       
E                     </div>
E                   
E         
E                   
E                     
E                       <details>
E                         <summary class="commands">Local vars</summary>
E                     
E                     <table class="vars" id="v4436842688">
E                       <thead>
E                         <tr>
E                           <th scope="col">Variable</th>
E                           <th scope="col">Value</th>
E                         </tr>
E                       </thead>
E                       <tbody>
E                         
E                           <tr>
E                             <td>args</td>
E                             <td class="code"><pre>()</pre></td>
E                           </tr>
E                         
E                           <tr>
E                             <td>kwargs</td>
E                             <td class="code"><pre>{}</pre></td>
E                           </tr>
E                         
E                           <tr>
E                             <td>request</td>
E                             <td class="code"><pre>&lt;ASGIRequest: POST &#x27;/users/login/&#x27;&gt;</pre></td>
E                           </tr>
E                         
E                           <tr>
E                             <td>view_func</td>
E                             <td class="code"><pre>&lt;function UserViewSet at 0x107747ba0&gt;</pre></td>
E                           </tr>
E                         
E                       </tbody>
E                     </table>
E                     </details>
E                   
E                 </li>
E               
E                 
E                 <li class="frame user">
E                   
E                     <code class="fname">/Users/mohamedbechirdiarra/Downloads/prototypeGamma/Backend/venv/lib/python3.13/site-packages/rest_framework/viewsets.py</code>, line 125, in view
E                   
E         
E                   
E                     <div class="context" id="c4438342208">
E                       
E                         <ol start="118" class="pre-context" id="pre4438342208">
E                         
E                           <li onclick="toggle('pre4438342208', 'post4438342208')"><pre>                setattr(self, method, handler)</pre></li>
E                         
E                           <li onclick="toggle('pre4438342208', 'post4438342208')"><pre></pre></li>
E                         
E                           <li onclick="toggle('pre4438342208', 'post4438342208')"><pre>            self.request = request</pre></li>
E                         
E                           <li onclick="toggle('pre4438342208', 'post4438342208')"><pre>            self.args = args</pre></li>
E                         
E                           <li onclick="toggle('pre4438342208', 'post4438342208')"><pre>            self.kwargs = kwargs</pre></li>
E                         
E                           <li onclick="toggle('pre4438342208', 'post4438342208')"><pre></pre></li>
E                         
E                           <li onclick="toggle('pre4438342208', 'post4438342208')"><pre>            # And continue as usual</pre></li>
E                         
E                         </ol>
E                       
E                       <ol start="125" class="context-line">
E                         <li onclick="toggle('pre4438342208', 'post4438342208')"><pre>            return self.dispatch(request, *args, **kwargs)
E                                 ^^^^^^^^^^^^^^^^^^^^^^^^^^^^^^^^^^^^^^^</pre> <span>…</span></li>
E                       </ol>
E                       
E                         <ol start='126' class="post-context" id="post4438342208">
E                           
E                           <li onclick="toggle('pre4438342208', 'post4438342208')"><pre></pre></li>
E                           
E                           <li onclick="toggle('pre4438342208', 'post4438342208')"><pre>        # take name and docstring from class</pre></li>
E                           
E                           <li onclick="toggle('pre4438342208', 'post4438342208')"><pre>        update_wrapper(view, cls, updated=())</pre></li>
E                           
E                           <li onclick="toggle('pre4438342208', 'post4438342208')"><pre></pre></li>
E                           
E                           <li onclick="toggle('pre4438342208', 'post4438342208')"><pre>        # and possible attributes set by decorators</pre></li>
E                           
E                           <li onclick="toggle('pre4438342208', 'post4438342208')"><pre>        # like csrf_exempt from dispatch</pre></li>
E                           
E                       </ol>
E                       
E                     </div>
E                   
E         
E                   
E                     
E                       <details>
E                         <summary class="commands">Local vars</summary>
E                     
E                     <table class="vars" id="v4438342208">
E                       <thead>
E                         <tr>
E                           <th scope="col">Variable</th>
E                           <th scope="col">Value</th>
E                         </tr>
E                       </thead>
E                       <tbody>
E                         
E                           <tr>
E                             <td>action</td>
E                             <td class="code"><pre>&#x27;login&#x27;</pre></td>
E                           </tr>
E                         
E                           <tr>
E                             <td>actions</td>
E                             <td class="code"><pre>{&#x27;post&#x27;: &#x27;login&#x27;}</pre></td>
E                           </tr>
E                         
E                           <tr>
E                             <td>args</td>
E                             <td class="code"><pre>()</pre></td>
E                           </tr>
E                         
E                           <tr>
E                             <td>cls</td>
E                             <td class="code"><pre>&lt;class &#x27;users.views.UserViewSet&#x27;&gt;</pre></td>
E                           </tr>
E                         
E                           <tr>
E                             <td>handler</td>
E                             <td class="code"><pre>&lt;bound method UserViewSet.login of &lt;users.views.UserViewSet object at 0x108824aa0&gt;&gt;</pre></td>
E                           </tr>
E                         
E                           <tr>
E                             <td>initkwargs</td>
E                             <td class="code"><pre>{}</pre></td>
E                           </tr>
E                         
E                           <tr>
E                             <td>kwargs</td>
E                             <td class="code"><pre>{}</pre></td>
E                           </tr>
E                         
E                           <tr>
E                             <td>method</td>
E                             <td class="code"><pre>&#x27;post&#x27;</pre></td>
E                           </tr>
E                         
E                           <tr>
E                             <td>request</td>
E                             <td class="code"><pre>&lt;ASGIRequest: POST &#x27;/users/login/&#x27;&gt;</pre></td>
E                           </tr>
E                         
E                           <tr>
E                             <td>self</td>
E                             <td class="code"><pre>&lt;users.views.UserViewSet object at 0x108824aa0&gt;</pre></td>
E                           </tr>
E                         
E                       </tbody>
E                     </table>
E                     </details>
E                   
E                 </li>
E               
E                 
E                 <li class="frame user">
E                   
E                     <code class="fname">/Users/mohamedbechirdiarra/Downloads/prototypeGamma/Backend/users/views.py</code>, line 641, in dispatch
E                   
E         
E                   
E                     <div class="context" id="c4438331392">
E                       
E                         <ol start="634" class="pre-context" id="pre4438331392">
E                         
E                           <li onclick="toggle('pre4438331392', 'post4438331392')"><pre>            phone = None</pre></li>
E                         
E                           <li onclick="toggle('pre4438331392', 'post4438331392')"><pre>            if hasattr(user, &#x27;client_profile&#x27;):</pre></li>
E                         
E                           <li onclick="toggle('pre4438331392', 'post4438331392')"><pre>                phone = getattr(user.client_profile, &#x27;phone&#x27;, None)</pre></li>
E                         
E                           <li onclick="toggle('pre4438331392', 'post4438331392')"><pre>            elif hasattr(user, &#x27;technician_profile&#x27;):</pre></li>
E                         
E                           <li onclick="toggle('pre4438331392', 'post4438331392')"><pre>                phone = getattr(user.technician_profile, &#x27;phone&#x27;, None)</pre></li>
E                         
E                           <li onclick="toggle('pre4438331392', 'post4438331392')"><pre>            if not phone:</pre></li>
E                         
E                           <li onclick="toggle('pre4438331392', 'post4438331392')"><pre>                return Response({&#x27;error&#x27;: &#x27;Numéro de téléphone obligatoire. Veuillez compléter votre profil.&#x27;}, status=403)</pre></li>
E                         
E                         </ol>
E                       
E                       <ol start="641" class="context-line">
E                         <li onclick="toggle('pre4438331392', 'post4438331392')"><pre>        return super().dispatch(request, *args, **kwargs)
E                             ^^^^^^^^^^^^^^^^^^^^^^^^^^^^^^^^^^^^^^^^^^</pre> <span>…</span></li>
E                       </ol>
E                       
E                         <ol start='642' class="post-context" id="post4438331392">
E                           
E                           <li onclick="toggle('pre4438331392', 'post4438331392')"><pre></pre></li>
E                           
E                           <li onclick="toggle('pre4438331392', 'post4438331392')"><pre>class SecurityDashboardView(APIView):</pre></li>
E                           
E                           <li onclick="toggle('pre4438331392', 'post4438331392')"><pre>    permission_classes = [IsAdminUser]</pre></li>
E                           
E                           <li onclick="toggle('pre4438331392', 'post4438331392')"><pre></pre></li>
E                           
E                           <li onclick="toggle('pre4438331392', 'post4438331392')"><pre>    def get(self, request):</pre></li>
E                           
E                           <li onclick="toggle('pre4438331392', 'post4438331392')"><pre>        now = timezone.now()</pre></li>
E                           
E                       </ol>
E                       
E                     </div>
E                   
E         
E                   
E                     
E                       <details>
E                         <summary class="commands">Local vars</summary>
E                     
E                     <table class="vars" id="v4438331392">
E                       <thead>
E                         <tr>
E                           <th scope="col">Variable</th>
E                           <th scope="col">Value</th>
E                         </tr>
E                       </thead>
E                       <tbody>
E                         
E                           <tr>
E                             <td>__class__</td>
E                             <td class="code"><pre>&lt;class &#x27;users.views.UserViewSet&#x27;&gt;</pre></td>
E                           </tr>
E                         
E                           <tr>
E                             <td>action</td>
E                             <td class="code"><pre>None</pre></td>
E                           </tr>
E                         
E                           <tr>
E                             <td>args</td>
E                             <td class="code"><pre>()</pre></td>
E                           </tr>
E                         
E                           <tr>
E                             <td>exempt_actions</td>
E                             <td class="code"><pre>[&#x27;register&#x27;, &#x27;login&#x27;, &#x27;refresh_token&#x27;, &#x27;update_profile&#x27;, &#x27;me&#x27;]</pre></td>
E                           </tr>
E                         
E                           <tr>
E                             <td>kwargs</td>
E                             <td class="code"><pre>{}</pre></td>
E                           </tr>
E                         
E                           <tr>
E                             <td>request</td>
E                             <td class="code"><pre>&lt;ASGIRequest: POST &#x27;/users/login/&#x27;&gt;</pre></td>
E                           </tr>
E                         
E                           <tr>
E                             <td>self</td>
E                             <td class="code"><pre>&lt;users.views.UserViewSet object at 0x108824aa0&gt;</pre></td>
E                           </tr>
E                         
E                       </tbody>
E                     </table>
E                     </details>
E                   
E                 </li>
E               
E                 
E                 <li class="frame user">
E                   
E                     <code class="fname">/Users/mohamedbechirdiarra/Downloads/prototypeGamma/Backend/venv/lib/python3.13/site-packages/rest_framework/views.py</code>, line 515, in dispatch
E                   
E         
E                   
E                     <div class="context" id="c4436837952">
E                       
E                         <ol start="508" class="pre-context" id="pre4436837952">
E                         
E                           <li onclick="toggle('pre4436837952', 'post4436837952')"><pre>                                  self.http_method_not_allowed)</pre></li>
E                         
E                           <li onclick="toggle('pre4436837952', 'post4436837952')"><pre>            else:</pre></li>
E                         
E                           <li onclick="toggle('pre4436837952', 'post4436837952')"><pre>                handler = self.http_method_not_allowed</pre></li>
E                         
E                           <li onclick="toggle('pre4436837952', 'post4436837952')"><pre></pre></li>
E                         
E                           <li onclick="toggle('pre4436837952', 'post4436837952')"><pre>            response = handler(request, *args, **kwargs)</pre></li>
E                         
E                           <li onclick="toggle('pre4436837952', 'post4436837952')"><pre></pre></li>
E                         
E                           <li onclick="toggle('pre4436837952', 'post4436837952')"><pre>        except Exception as exc:</pre></li>
E                         
E                         </ol>
E                       
E                       <ol start="515" class="context-line">
E                         <li onclick="toggle('pre4436837952', 'post4436837952')"><pre>            response = self.handle_exception(exc)
E                                     ^^^^^^^^^^^^^^^^^^^^^^^^^^</pre> <span>…</span></li>
E                       </ol>
E                       
E                         <ol start='516' class="post-context" id="post4436837952">
E                           
E                           <li onclick="toggle('pre4436837952', 'post4436837952')"><pre></pre></li>
E                           
E                           <li onclick="toggle('pre4436837952', 'post4436837952')"><pre>        self.response = self.finalize_response(request, response, *args, **kwargs)</pre></li>
E                           
E                           <li onclick="toggle('pre4436837952', 'post4436837952')"><pre>        return self.response</pre></li>
E                           
E                           <li onclick="toggle('pre4436837952', 'post4436837952')"><pre></pre></li>
E                           
E                           <li onclick="toggle('pre4436837952', 'post4436837952')"><pre>    def options(self, request, *args, **kwargs):</pre></li>
E                           
E                           <li onclick="toggle('pre4436837952', 'post4436837952')"><pre>        &quot;&quot;&quot;</pre></li>
E                           
E                       </ol>
E                       
E                     </div>
E                   
E         
E                   
E                     
E                       <details>
E                         <summary class="commands">Local vars</summary>
E                     
E                     <table class="vars" id="v4436837952">
E                       <thead>
E                         <tr>
E                           <th scope="col">Variable</th>
E                           <th scope="col">Value</th>
E                         </tr>
E                       </thead>
E                       <tbody>
E                         
E                           <tr>
E                             <td>args</td>
E                             <td class="code"><pre>()</pre></td>
E                           </tr>
E                         
E                           <tr>
E                             <td>handler</td>
E                             <td class="code"><pre>&lt;bound method UserViewSet.login of &lt;users.views.UserViewSet object at 0x108824aa0&gt;&gt;</pre></td>
E                           </tr>
E                         
E                           <tr>
E                             <td>kwargs</td>
E                             <td class="code"><pre>{}</pre></td>
E                           </tr>
E                         
E                           <tr>
E                             <td>request</td>
E                             <td class="code"><pre>&lt;rest_framework.request.Request: POST &#x27;/users/login/&#x27;&gt;</pre></td>
E                           </tr>
E                         
E                           <tr>
E                             <td>self</td>
E                             <td class="code"><pre>&lt;users.views.UserViewSet object at 0x108824aa0&gt;</pre></td>
E                           </tr>
E                         
E                       </tbody>
E                     </table>
E                     </details>
E                   
E                 </li>
E               
E                 
E                 <li class="frame user">
E                   
E                     <code class="fname">/Users/mohamedbechirdiarra/Downloads/prototypeGamma/Backend/venv/lib/python3.13/site-packages/rest_framework/views.py</code>, line 475, in handle_exception
E                   
E         
E                   
E                     <div class="context" id="c4436838976">
E                       
E                         <ol start="468" class="pre-context" id="pre4436838976">
E                         
E                           <li onclick="toggle('pre4436838976', 'post4436838976')"><pre></pre></li>
E                         
E                           <li onclick="toggle('pre4436838976', 'post4436838976')"><pre>        exception_handler = self.get_exception_handler()</pre></li>
E                         
E                           <li onclick="toggle('pre4436838976', 'post4436838976')"><pre></pre></li>
E                         
E                           <li onclick="toggle('pre4436838976', 'post4436838976')"><pre>        context = self.get_exception_handler_context()</pre></li>
E                         
E                           <li onclick="toggle('pre4436838976', 'post4436838976')"><pre>        response = exception_handler(exc, context)</pre></li>
E                         
E                           <li onclick="toggle('pre4436838976', 'post4436838976')"><pre></pre></li>
E                         
E                           <li onclick="toggle('pre4436838976', 'post4436838976')"><pre>        if response is None:</pre></li>
E                         
E                         </ol>
E                       
E                       <ol start="475" class="context-line">
E                         <li onclick="toggle('pre4436838976', 'post4436838976')"><pre>            self.raise_uncaught_exception(exc)
E                          ^^^^^^^^^^^^^^^^^^^^^^^^^^^^^^^^^^</pre> <span>…</span></li>
E                       </ol>
E                       
E                         <ol start='476' class="post-context" id="post4436838976">
E                           
E                           <li onclick="toggle('pre4436838976', 'post4436838976')"><pre></pre></li>
E                           
E                           <li onclick="toggle('pre4436838976', 'post4436838976')"><pre>        response.exception = True</pre></li>
E                           
E                           <li onclick="toggle('pre4436838976', 'post4436838976')"><pre>        return response</pre></li>
E                           
E                           <li onclick="toggle('pre4436838976', 'post4436838976')"><pre></pre></li>
E                           
E                           <li onclick="toggle('pre4436838976', 'post4436838976')"><pre>    def raise_uncaught_exception(self, exc):</pre></li>
E                           
E                           <li onclick="toggle('pre4436838976', 'post4436838976')"><pre>        if settings.DEBUG:</pre></li>
E                           
E                       </ol>
E                       
E                     </div>
E                   
E         
E                   
E                     
E                       <details>
E                         <summary class="commands">Local vars</summary>
E                     
E                     <table class="vars" id="v4436838976">
E                       <thead>
E                         <tr>
E                           <th scope="col">Variable</th>
E                           <th scope="col">Value</th>
E                         </tr>
E                       </thead>
E                       <tbody>
E                         
E                           <tr>
E                             <td>context</td>
E                             <td class="code"><pre>{&#x27;args&#x27;: (),
E          &#x27;kwargs&#x27;: {},
E          &#x27;request&#x27;: &lt;rest_framework.request.Request: POST &#x27;/users/login/&#x27;&gt;,
E          &#x27;view&#x27;: &lt;users.views.UserViewSet object at 0x108824aa0&gt;}</pre></td>
E                           </tr>
E                         
E                           <tr>
E                             <td>exc</td>
E                             <td class="code"><pre>IntegrityError(&#x27;FOREIGN KEY constraint failed&#x27;)</pre></td>
E                           </tr>
E                         
E                           <tr>
E                             <td>exception_handler</td>
E                             <td class="code"><pre>&lt;function exception_handler at 0x10770f100&gt;</pre></td>
E                           </tr>
E                         
E                           <tr>
E                             <td>response</td>
E                             <td class="code"><pre>None</pre></td>
E                           </tr>
E                         
E                           <tr>
E                             <td>self</td>
E                             <td class="code"><pre>&lt;users.views.UserViewSet object at 0x108824aa0&gt;</pre></td>
E                           </tr>
E                         
E                       </tbody>
E                     </table>
E                     </details>
E                   
E                 </li>
E               
E                 
E                 <li class="frame user">
E                   
E                     <code class="fname">/Users/mohamedbechirdiarra/Downloads/prototypeGamma/Backend/venv/lib/python3.13/site-packages/rest_framework/views.py</code>, line 486, in raise_uncaught_exception
E                   
E         
E                   
E                     <div class="context" id="c4436846400">
E                       
E                         <ol start="479" class="pre-context" id="pre4436846400">
E                         
E                           <li onclick="toggle('pre4436846400', 'post4436846400')"><pre></pre></li>
E                         
E                           <li onclick="toggle('pre4436846400', 'post4436846400')"><pre>    def raise_uncaught_exception(self, exc):</pre></li>
E                         
E                           <li onclick="toggle('pre4436846400', 'post4436846400')"><pre>        if settings.DEBUG:</pre></li>
E                         
E                           <li onclick="toggle('pre4436846400', 'post4436846400')"><pre>            request = self.request</pre></li>
E                         
E                           <li onclick="toggle('pre4436846400', 'post4436846400')"><pre>            renderer_format = getattr(request.accepted_renderer, &#x27;format&#x27;)</pre></li>
E                         
E                           <li onclick="toggle('pre4436846400', 'post4436846400')"><pre>            use_plaintext_traceback = renderer_format not in (&#x27;html&#x27;, &#x27;api&#x27;, &#x27;admin&#x27;)</pre></li>
E                         
E                           <li onclick="toggle('pre4436846400', 'post4436846400')"><pre>            request.force_plaintext_errors(use_plaintext_traceback)</pre></li>
E                         
E                         </ol>
E                       
E                       <ol start="486" class="context-line">
E                         <li onclick="toggle('pre4436846400', 'post4436846400')"><pre>        raise exc
E                      ^^^^^^^^^</pre> <span>…</span></li>
E                       </ol>
E                       
E                         <ol start='487' class="post-context" id="post4436846400">
E                           
E                           <li onclick="toggle('pre4436846400', 'post4436846400')"><pre></pre></li>
E                           
E                           <li onclick="toggle('pre4436846400', 'post4436846400')"><pre>    # Note: Views are made CSRF exempt from within `as_view` as to prevent</pre></li>
E                           
E                           <li onclick="toggle('pre4436846400', 'post4436846400')"><pre>    # accidental removal of this exemption in cases where `dispatch` needs to</pre></li>
E                           
E                           <li onclick="toggle('pre4436846400', 'post4436846400')"><pre>    # be overridden.</pre></li>
E                           
E                           <li onclick="toggle('pre4436846400', 'post4436846400')"><pre>    def dispatch(self, request, *args, **kwargs):</pre></li>
E                           
E                           <li onclick="toggle('pre4436846400', 'post4436846400')"><pre>        &quot;&quot;&quot;</pre></li>
E                           
E                       </ol>
E                       
E                     </div>
E                   
E         
E                   
E                     
E                       <details>
E                         <summary class="commands">Local vars</summary>
E                     
E                     <table class="vars" id="v4436846400">
E                       <thead>
E                         <tr>
E                           <th scope="col">Variable</th>
E                           <th scope="col">Value</th>
E                         </tr>
E                       </thead>
E                       <tbody>
E                         
E                           <tr>
E                             <td>exc</td>
E                             <td class="code"><pre>IntegrityError(&#x27;FOREIGN KEY constraint failed&#x27;)</pre></td>
E                           </tr>
E                         
E                           <tr>
E                             <td>renderer_format</td>
E                             <td class="code"><pre>&#x27;json&#x27;</pre></td>
E                           </tr>
E                         
E                           <tr>
E                             <td>request</td>
E                             <td class="code"><pre>&lt;rest_framework.request.Request: POST &#x27;/users/login/&#x27;&gt;</pre></td>
E                           </tr>
E                         
E                           <tr>
E                             <td>self</td>
E                             <td class="code"><pre>&lt;users.views.UserViewSet object at 0x108824aa0&gt;</pre></td>
E                           </tr>
E                         
E                           <tr>
E                             <td>use_plaintext_traceback</td>
E                             <td class="code"><pre>True</pre></td>
E                           </tr>
E                         
E                       </tbody>
E                     </table>
E                     </details>
E                   
E                 </li>
E               
E                 
E                 <li class="frame user">
E                   
E                     <code class="fname">/Users/mohamedbechirdiarra/Downloads/prototypeGamma/Backend/venv/lib/python3.13/site-packages/rest_framework/views.py</code>, line 512, in dispatch
E                   
E         
E                   
E                     <div class="context" id="c4436851904">
E                       
E                         <ol start="505" class="pre-context" id="pre4436851904">
E                         
E                           <li onclick="toggle('pre4436851904', 'post4436851904')"><pre>            # Get the appropriate handler method</pre></li>
E                         
E                           <li onclick="toggle('pre4436851904', 'post4436851904')"><pre>            if request.method.lower() in self.http_method_names:</pre></li>
E                         
E                           <li onclick="toggle('pre4436851904', 'post4436851904')"><pre>                handler = getattr(self, request.method.lower(),</pre></li>
E                         
E                           <li onclick="toggle('pre4436851904', 'post4436851904')"><pre>                                  self.http_method_not_allowed)</pre></li>
E                         
E                           <li onclick="toggle('pre4436851904', 'post4436851904')"><pre>            else:</pre></li>
E                         
E                           <li onclick="toggle('pre4436851904', 'post4436851904')"><pre>                handler = self.http_method_not_allowed</pre></li>
E                         
E                           <li onclick="toggle('pre4436851904', 'post4436851904')"><pre></pre></li>
E                         
E                         </ol>
E                       
E                       <ol start="512" class="context-line">
E                         <li onclick="toggle('pre4436851904', 'post4436851904')"><pre>            response = handler(request, *args, **kwargs)
E                                     ^^^^^^^^^^^^^^^^^^^^^^^^^^^^^^^^^</pre> <span>…</span></li>
E                       </ol>
E                       
E                         <ol start='513' class="post-context" id="post4436851904">
E                           
E                           <li onclick="toggle('pre4436851904', 'post4436851904')"><pre></pre></li>
E                           
E                           <li onclick="toggle('pre4436851904', 'post4436851904')"><pre>        except Exception as exc:</pre></li>
E                           
E                           <li onclick="toggle('pre4436851904', 'post4436851904')"><pre>            response = self.handle_exception(exc)</pre></li>
E                           
E                           <li onclick="toggle('pre4436851904', 'post4436851904')"><pre></pre></li>
E                           
E                           <li onclick="toggle('pre4436851904', 'post4436851904')"><pre>        self.response = self.finalize_response(request, response, *args, **kwargs)</pre></li>
E                           
E                           <li onclick="toggle('pre4436851904', 'post4436851904')"><pre>        return self.response</pre></li>
E                           
E                       </ol>
E                       
E                     </div>
E                   
E         
E                   
E                     
E                       <details>
E                         <summary class="commands">Local vars</summary>
E                     
E                     <table class="vars" id="v4436851904">
E                       <thead>
E                         <tr>
E                           <th scope="col">Variable</th>
E                           <th scope="col">Value</th>
E                         </tr>
E                       </thead>
E                       <tbody>
E                         
E                           <tr>
E                             <td>args</td>
E                             <td class="code"><pre>()</pre></td>
E                           </tr>
E                         
E                           <tr>
E                             <td>handler</td>
E                             <td class="code"><pre>&lt;bound method UserViewSet.login of &lt;users.views.UserViewSet object at 0x108824aa0&gt;&gt;</pre></td>
E                           </tr>
E                         
E                           <tr>
E                             <td>kwargs</td>
E                             <td class="code"><pre>{}</pre></td>
E                           </tr>
E                         
E                           <tr>
E                             <td>request</td>
E                             <td class="code"><pre>&lt;rest_framework.request.Request: POST &#x27;/users/login/&#x27;&gt;</pre></td>
E                           </tr>
E                         
E                           <tr>
E                             <td>self</td>
E                             <td class="code"><pre>&lt;users.views.UserViewSet object at 0x108824aa0&gt;</pre></td>
E                           </tr>
E                         
E                       </tbody>
E                     </table>
E                     </details>
E                   
E                 </li>
E               
E                 
E                 <li class="frame user">
E                   
E                     <code class="fname">/Users/mohamedbechirdiarra/Downloads/prototypeGamma/Backend/users/views.py</code>, line 382, in login
E                   
E         
E                   
E                     <div class="context" id="c4436838592">
E                       
E                         <ol start="375" class="pre-context" id="pre4436838592">
E                         
E                           <li onclick="toggle('pre4436838592', 'post4436838592')"><pre>                            event_type=&quot;login_high_risk&quot;</pre></li>
E                         
E                           <li onclick="toggle('pre4436838592', 'post4436838592')"><pre>                        )</pre></li>
E                         
E                           <li onclick="toggle('pre4436838592', 'post4436838592')"><pre>                    return Response({</pre></li>
E                         
E                           <li onclick="toggle('pre4436838592', 'post4436838592')"><pre>                        &#x27;otp_required&#x27;: True,</pre></li>
E                         
E                           <li onclick="toggle('pre4436838592', 'post4436838592')"><pre>                        &#x27;session_uuid&#x27;: str(otp.session_uuid),</pre></li>
E                         
E                           <li onclick="toggle('pre4436838592', 'post4436838592')"><pre>                        &#x27;message&#x27;: &#x27;Un code de vérification a été envoyé à votre email.&#x27;</pre></li>
E                         
E                           <li onclick="toggle('pre4436838592', 'post4436838592')"><pre>                    }, status=200)</pre></li>
E                         
E                         </ol>
E                       
E                       <ol start="382" class="context-line">
E                         <li onclick="toggle('pre4436838592', 'post4436838592')"><pre>                log_event(request, &#x27;login&#x27;, &#x27;success&#x27;, risk_score=risk_score, metadata={}, user=user)
E                              ^^^^^^^^^^^^^^^^^^^^^^^^^^^^^^^^^^^^^^^^^^^^^^^^^^^^^^^^^^^^^^^^^^^^^^^^^^^^^^^^^^^^^</pre> <span>…</span></li>
E                       </ol>
E                       
E                         <ol start='383' class="post-context" id="post4436838592">
E                           
E                           <li onclick="toggle('pre4436838592', 'post4436838592')"><pre>                refresh = RefreshToken.for_user(user)</pre></li>
E                           
E                           <li onclick="toggle('pre4436838592', 'post4436838592')"><pre>                return Response({</pre></li>
E                           
E                           <li onclick="toggle('pre4436838592', 'post4436838592')"><pre>                    &#x27;user&#x27;: UserSerializer(user).data,</pre></li>
E                           
E                           <li onclick="toggle('pre4436838592', 'post4436838592')"><pre>                    &#x27;profile&#x27;: self.get_profile_data(user),</pre></li>
E                           
E                           <li onclick="toggle('pre4436838592', 'post4436838592')"><pre>                    &#x27;refresh&#x27;: str(refresh),</pre></li>
E                           
E                           <li onclick="toggle('pre4436838592', 'post4436838592')"><pre>                    &#x27;access&#x27;: str(refresh.access_token),</pre></li>
E                           
E                       </ol>
E                       
E                     </div>
E                   
E         
E                   
E                     
E                       <details>
E                         <summary class="commands">Local vars</summary>
E                     
E                     <table class="vars" id="v4436838592">
E                       <thead>
E                         <tr>
E                           <th scope="col">Variable</th>
E                           <th scope="col">Value</th>
E                         </tr>
E                       </thead>
E                       <tbody>
E                         
E                           <tr>
E                             <td>email</td>
E                             <td class="code"><pre>&#x27;testuser_hnorzu@example.com&#x27;</pre></td>
E                           </tr>
E                         
E                           <tr>
E                             <td>password</td>
E                             <td class="code"><pre>&#x27;TestUser1234!&#x27;</pre></td>
E                           </tr>
E                         
E                           <tr>
E                             <td>request</td>
E                             <td class="code"><pre>&lt;rest_framework.request.Request: POST &#x27;/users/login/&#x27;&gt;</pre></td>
E                           </tr>
E                         
E                           <tr>
E                             <td>risk_score</td>
E                             <td class="code"><pre>0</pre></td>
E                           </tr>
E                         
E                           <tr>
E                             <td>self</td>
E                             <td class="code"><pre>&lt;users.views.UserViewSet object at 0x108824aa0&gt;</pre></td>
E                           </tr>
E                         
E                           <tr>
E                             <td>user</td>
E                             <td class="code"><pre>&lt;User: testuser_hnorzu (Client)&gt;</pre></td>
E                           </tr>
E                         
E                       </tbody>
E                     </table>
E                     </details>
E                   
E                 </li>
E               
E                 
E                 <li class="frame user">
E                   
E                     <code class="fname">/Users/mohamedbechirdiarra/Downloads/prototypeGamma/Backend/users/utils.py</code>, line 14, in log_event
E                   
E         
E                   
E                     <div class="context" id="c4436846336">
E                       
E                         <ol start="7" class="pre-context" id="pre4436846336">
E                         
E                           <li onclick="toggle('pre4436846336', 'post4436846336')"><pre>    if user is None:</pre></li>
E                         
E                           <li onclick="toggle('pre4436846336', 'post4436846336')"><pre>        user = request.user if hasattr(request, &#x27;user&#x27;) and request.user.is_authenticated else None</pre></li>
E                         
E                           <li onclick="toggle('pre4436846336', 'post4436846336')"><pre>    ip = request.META.get(&#x27;REMOTE_ADDR&#x27;)</pre></li>
E                         
E                           <li onclick="toggle('pre4436846336', 'post4436846336')"><pre>    user_agent = request.META.get(&#x27;HTTP_USER_AGENT&#x27;, &#x27;&#x27;)</pre></li>
E                         
E                           <li onclick="toggle('pre4436846336', 'post4436846336')"><pre>    geo_country = getattr(request, &#x27;geoip_country&#x27;, &#x27;&#x27;) or request.META.get(&#x27;GEOIP_COUNTRY&#x27;, &#x27;&#x27;)</pre></li>
E                         
E                           <li onclick="toggle('pre4436846336', 'post4436846336')"><pre>    geo_city = getattr(request, &#x27;geoip_city&#x27;, &#x27;&#x27;) or request.META.get(&#x27;GEOIP_CITY&#x27;, &#x27;&#x27;)</pre></li>
E                         
E                           <li onclick="toggle('pre4436846336', 'post4436846336')"><pre>    location = get_location_from_ip(ip)</pre></li>
E                         
E                         </ol>
E                       
E                       <ol start="14" class="context-line">
E                         <li onclick="toggle('pre4436846336', 'post4436846336')"><pre>    AuditLog.objects.create(
E                 ^</pre> <span>…</span></li>
E                       </ol>
E                       
E                         <ol start='15' class="post-context" id="post4436846336">
E                           
E                           <li onclick="toggle('pre4436846336', 'post4436846336')"><pre>        user=user,</pre></li>
E                           
E                           <li onclick="toggle('pre4436846336', 'post4436846336')"><pre>        ip_address=ip,</pre></li>
E                           
E                           <li onclick="toggle('pre4436846336', 'post4436846336')"><pre>        user_agent=user_agent,</pre></li>
E                           
E                           <li onclick="toggle('pre4436846336', 'post4436846336')"><pre>        event_type=event_type,</pre></li>
E                           
E                           <li onclick="toggle('pre4436846336', 'post4436846336')"><pre>        status=status,</pre></li>
E                           
E                           <li onclick="toggle('pre4436846336', 'post4436846336')"><pre>        geo_country=geo_country,</pre></li>
E                           
E                       </ol>
E                       
E                     </div>
E                   
E         
E                   
E                     
E                       <details>
E                         <summary class="commands">Local vars</summary>
E                     
E                     <table class="vars" id="v4436846336">
E                       <thead>
E                         <tr>
E                           <th scope="col">Variable</th>
E                           <th scope="col">Value</th>
E                         </tr>
E                       </thead>
E                       <tbody>
E                         
E                           <tr>
E                             <td>event_type</td>
E                             <td class="code"><pre>&#x27;login&#x27;</pre></td>
E                           </tr>
E                         
E                           <tr>
E                             <td>geo_city</td>
E                             <td class="code"><pre>&#x27;&#x27;</pre></td>
E                           </tr>
E                         
E                           <tr>
E                             <td>geo_country</td>
E                             <td class="code"><pre>&#x27;&#x27;</pre></td>
E                           </tr>
E                         
E                           <tr>
E                             <td>ip</td>
E                             <td class="code"><pre>&#x27;127.0.0.1&#x27;</pre></td>
E                           </tr>
E                         
E                           <tr>
E                             <td>location</td>
E                             <td class="code"><pre>None</pre></td>
E                           </tr>
E                         
E                           <tr>
E                             <td>metadata</td>
E                             <td class="code"><pre>{}</pre></td>
E                           </tr>
E                         
E                           <tr>
E                             <td>request</td>
E                             <td class="code"><pre>&lt;rest_framework.request.Request: POST &#x27;/users/login/&#x27;&gt;</pre></td>
E                           </tr>
E                         
E                           <tr>
E                             <td>risk_score</td>
E                             <td class="code"><pre>0</pre></td>
E                           </tr>
E                         
E                           <tr>
E                             <td>status</td>
E                             <td class="code"><pre>&#x27;success&#x27;</pre></td>
E                           </tr>
E                         
E                           <tr>
E                             <td>user</td>
E                             <td class="code"><pre>&lt;User: testuser_hnorzu (Client)&gt;</pre></td>
E                           </tr>
E                         
E                           <tr>
E                             <td>user_agent</td>
E                             <td class="code"><pre>&#x27;python-requests/2.32.4&#x27;</pre></td>
E                           </tr>
E                         
E                       </tbody>
E                     </table>
E                     </details>
E                   
E                 </li>
E               
E                 
E                 <li class="frame django">
E                   
E                     <code class="fname">/Users/mohamedbechirdiarra/Downloads/prototypeGamma/Backend/venv/lib/python3.13/site-packages/django/db/models/manager.py</code>, line 87, in manager_method
E                   
E         
E                   
E                     <div class="context" id="c4437537536">
E                       
E                         <ol start="80" class="pre-context" id="pre4437537536">
E                         
E                           <li onclick="toggle('pre4437537536', 'post4437537536')"><pre>        return []</pre></li>
E                         
E                           <li onclick="toggle('pre4437537536', 'post4437537536')"><pre></pre></li>
E                         
E                           <li onclick="toggle('pre4437537536', 'post4437537536')"><pre>    @classmethod</pre></li>
E                         
E                           <li onclick="toggle('pre4437537536', 'post4437537536')"><pre>    def _get_queryset_methods(cls, queryset_class):</pre></li>
E                         
E                           <li onclick="toggle('pre4437537536', 'post4437537536')"><pre>        def create_method(name, method):</pre></li>
E                         
E                           <li onclick="toggle('pre4437537536', 'post4437537536')"><pre>            @wraps(method)</pre></li>
E                         
E                           <li onclick="toggle('pre4437537536', 'post4437537536')"><pre>            def manager_method(self, *args, **kwargs):</pre></li>
E                         
E                         </ol>
E                       
E                       <ol start="87" class="context-line">
E                         <li onclick="toggle('pre4437537536', 'post4437537536')"><pre>                return getattr(self.get_queryset(), name)(*args, **kwargs)
E                                    ^^^^^^^^^^^^^^^^^^^^^^^^^^^^^^^^^^^^^^^^^^^^^^^^^^^</pre> <span>…</span></li>
E                       </ol>
E                       
E                         <ol start='88' class="post-context" id="post4437537536">
E                           
E                           <li onclick="toggle('pre4437537536', 'post4437537536')"><pre></pre></li>
E                           
E                           <li onclick="toggle('pre4437537536', 'post4437537536')"><pre>            return manager_method</pre></li>
E                           
E                           <li onclick="toggle('pre4437537536', 'post4437537536')"><pre></pre></li>
E                           
E                           <li onclick="toggle('pre4437537536', 'post4437537536')"><pre>        new_methods = {}</pre></li>
E                           
E                           <li onclick="toggle('pre4437537536', 'post4437537536')"><pre>        for name, method in inspect.getmembers(</pre></li>
E                           
E                           <li onclick="toggle('pre4437537536', 'post4437537536')"><pre>            queryset_class, predicate=inspect.isfunction</pre></li>
E                           
E                       </ol>
E                       
E                     </div>
E                   
E         
E                   
E                     
E                       <details>
E                         <summary class="commands">Local vars</summary>
E                     
E                     <table class="vars" id="v4437537536">
E                       <thead>
E                         <tr>
E                           <th scope="col">Variable</th>
E                           <th scope="col">Value</th>
E                         </tr>
E                       </thead>
E                       <tbody>
E                         
E                           <tr>
E                             <td>args</td>
E                             <td class="code"><pre>()</pre></td>
E                           </tr>
E                         
E                           <tr>
E                             <td>kwargs</td>
E                             <td class="code"><pre>{&#x27;event_type&#x27;: &#x27;login&#x27;,
E          &#x27;geo_city&#x27;: &#x27;&#x27;,
E          &#x27;geo_country&#x27;: &#x27;&#x27;,
E          &#x27;ip_address&#x27;: &#x27;127.0.0.1&#x27;,
E          &#x27;location&#x27;: None,
E          &#x27;metadata&#x27;: {},
E          &#x27;risk_score&#x27;: 0,
E          &#x27;status&#x27;: &#x27;success&#x27;,
E          &#x27;user&#x27;: &lt;User: testuser_hnorzu (Client)&gt;,
E          &#x27;user_agent&#x27;: &#x27;python-requests/2.32.4&#x27;}</pre></td>
E                           </tr>
E                         
E                           <tr>
E                             <td>name</td>
E                             <td class="code"><pre>&#x27;create&#x27;</pre></td>
E                           </tr>
E                         
E                           <tr>
E                             <td>self</td>
E                             <td class="code"><pre>&lt;django.db.models.manager.Manager object at 0x10840cad0&gt;</pre></td>
E                           </tr>
E                         
E                       </tbody>
E                     </table>
E                     </details>
E                   
E                 </li>
E               
E                 
E                 <li class="frame django">
E                   
E                     <code class="fname">/Users/mohamedbechirdiarra/Downloads/prototypeGamma/Backend/venv/lib/python3.13/site-packages/django/db/models/query.py</code>, line 663, in create
E                   
E         
E                   
E                     <div class="context" id="c4436842176">
E                       
E                         <ol start="656" class="pre-context" id="pre4436842176">
E                         
E                           <li onclick="toggle('pre4436842176', 'post4436842176')"><pre>            raise ValueError(</pre></li>
E                         
E                           <li onclick="toggle('pre4436842176', 'post4436842176')"><pre>                &quot;The following fields do not exist in this model: %s&quot;</pre></li>
E                         
E                           <li onclick="toggle('pre4436842176', 'post4436842176')"><pre>                % &quot;, &quot;.join(reverse_one_to_one_fields)</pre></li>
E                         
E                           <li onclick="toggle('pre4436842176', 'post4436842176')"><pre>            )</pre></li>
E                         
E                           <li onclick="toggle('pre4436842176', 'post4436842176')"><pre></pre></li>
E                         
E                           <li onclick="toggle('pre4436842176', 'post4436842176')"><pre>        obj = self.model(**kwargs)</pre></li>
E                         
E                           <li onclick="toggle('pre4436842176', 'post4436842176')"><pre>        self._for_write = True</pre></li>
E                         
E                         </ol>
E                       
E                       <ol start="663" class="context-line">
E                         <li onclick="toggle('pre4436842176', 'post4436842176')"><pre>        obj.save(force_insert=True, using=self.db)
E                      ^^^^^^^^^^^^^^^^^^^^^^^^^^^^^^^^^^^^^^^^^^</pre> <span>…</span></li>
E                       </ol>
E                       
E                         <ol start='664' class="post-context" id="post4436842176">
E                           
E                           <li onclick="toggle('pre4436842176', 'post4436842176')"><pre>        return obj</pre></li>
E                           
E                           <li onclick="toggle('pre4436842176', 'post4436842176')"><pre></pre></li>
E                           
E                           <li onclick="toggle('pre4436842176', 'post4436842176')"><pre>    create.alters_data = True</pre></li>
E                           
E                           <li onclick="toggle('pre4436842176', 'post4436842176')"><pre></pre></li>
E                           
E                           <li onclick="toggle('pre4436842176', 'post4436842176')"><pre>    async def acreate(self, **kwargs):</pre></li>
E                           
E                           <li onclick="toggle('pre4436842176', 'post4436842176')"><pre>        return await sync_to_async(self.create)(**kwargs)</pre></li>
E                           
E                       </ol>
E                       
E                     </div>
E                   
E         
E                   
E                     
E                       <details>
E                         <summary class="commands">Local vars</summary>
E                     
E                     <table class="vars" id="v4436842176">
E                       <thead>
E                         <tr>
E                           <th scope="col">Variable</th>
E                           <th scope="col">Value</th>
E                         </tr>
E                       </thead>
E                       <tbody>
E                         
E                           <tr>
E                             <td>kwargs</td>
E                             <td class="code"><pre>{&#x27;event_type&#x27;: &#x27;login&#x27;,
E          &#x27;geo_city&#x27;: &#x27;&#x27;,
E          &#x27;geo_country&#x27;: &#x27;&#x27;,
E          &#x27;ip_address&#x27;: &#x27;127.0.0.1&#x27;,
E          &#x27;location&#x27;: None,
E          &#x27;metadata&#x27;: {},
E          &#x27;risk_score&#x27;: 0,
E          &#x27;status&#x27;: &#x27;success&#x27;,
E          &#x27;user&#x27;: &lt;User: testuser_hnorzu (Client)&gt;,
E          &#x27;user_agent&#x27;: &#x27;python-requests/2.32.4&#x27;}</pre></td>
E                           </tr>
E                         
E                           <tr>
E                             <td>obj</td>
E                             <td class="code"><pre>&lt;AuditLog: [2025-07-14 11:43:13.062863+00:00] testuser_hnorzu (Client) - login (success)&gt;</pre></td>
E                           </tr>
E                         
E                           <tr>
E                             <td>reverse_one_to_one_fields</td>
E                             <td class="code"><pre>frozenset()</pre></td>
E                           </tr>
E                         
E                           <tr>
E                             <td>self</td>
E                             <td class="code"><pre>&lt;QuerySet [&lt;AuditLog: [2025-07-14 11:20:26.143987+00:00] None - login (failure)&gt;, &lt;AuditLog: [2025-07-14 11:20:26.172163+00:00] None - login (failure)&gt;, &lt;AuditLog: [2025-07-14 11:20:26.440678+00:00] None - login (failure)&gt;, &lt;AuditLog: [2025-07-14 11:20:26.472641+00:00] None - login (failure)&gt;, &lt;AuditLog: [2025-07-14 11:20:42.818165+00:00] None - login (failure)&gt;, &lt;AuditLog: [2025-07-14 11:20:42.834927+00:00] None - login (failure)&gt;, &lt;AuditLog: [2025-07-14 11:20:42.840926+00:00] None - login (failure)&gt;, &lt;AuditLog: [2025-07-14 11:20:42.849907+00:00] None - login (failure)&gt;, &lt;AuditLog: [2025-07-14 11:20:42.855760+00:00] None - login (failure)&gt;, &lt;AuditLog: [2025-07-14 11:20:42.866003+00:00] None - login (failure)&gt;, &lt;AuditLog: [2025-07-14 11:20:42.871786+00:00] None - login (failure)&gt;, &lt;AuditLog: [2025-07-14 11:20:42.878738+00:00] None - login (failure)&gt;, &lt;AuditLog: [2025-07-14 11:20:42.887097+00:00] None - login (failure)&gt;, &lt;AuditLog: [2025-07-14 11:20:42.933562+00:00] None - login (failure)&gt;, &lt;AuditLog: [2025-07-14 11:20:42.948908+00:00] None - login (failure)&gt;, &lt;AuditLog: [2025-07-14 11:20:42.955057+00:00] None - login (failure)&gt;, &lt;AuditLog: [2025-07-14 11:20:43.030569+00:00] None - login (failure)&gt;, &lt;AuditLog: [2025-07-14 11:20:43.035801+00:00] None - login (failure)&gt;, &lt;AuditLog: [2025-07-14 11:20:43.041067+00:00] None - login (failure)&gt;, &lt;AuditLog: [2025-07-14 11:20:43.057293+00:00] None - login (failure)&gt;, &#x27;...(remaining elements truncated)...&#x27;]&gt;</pre></td>
E                           </tr>
E                         
E                       </tbody>
E                     </table>
E                     </details>
E                   
E                 </li>
E               
E                 
E                 <li class="frame django">
E                   
E                     <code class="fname">/Users/mohamedbechirdiarra/Downloads/prototypeGamma/Backend/venv/lib/python3.13/site-packages/django/db/models/base.py</code>, line 902, in save
E                   
E         
E                   
E                     <div class="context" id="c4438328000">
E                       
E                         <ol start="895" class="pre-context" id="pre4438328000">
E                         
E                           <li onclick="toggle('pre4438328000', 'post4438328000')"><pre>            for field in self._meta.concrete_fields:</pre></li>
E                         
E                           <li onclick="toggle('pre4438328000', 'post4438328000')"><pre>                if field not in pk_fields and not hasattr(field, &quot;through&quot;):</pre></li>
E                         
E                           <li onclick="toggle('pre4438328000', 'post4438328000')"><pre>                    field_names.add(field.attname)</pre></li>
E                         
E                           <li onclick="toggle('pre4438328000', 'post4438328000')"><pre>            loaded_fields = field_names.difference(deferred_non_generated_fields)</pre></li>
E                         
E                           <li onclick="toggle('pre4438328000', 'post4438328000')"><pre>            if loaded_fields:</pre></li>
E                         
E                           <li onclick="toggle('pre4438328000', 'post4438328000')"><pre>                update_fields = frozenset(loaded_fields)</pre></li>
E                         
E                           <li onclick="toggle('pre4438328000', 'post4438328000')"><pre></pre></li>
E                         
E                         </ol>
E                       
E                       <ol start="902" class="context-line">
E                         <li onclick="toggle('pre4438328000', 'post4438328000')"><pre>        self.save_base(
E                      ^</pre> <span>…</span></li>
E                       </ol>
E                       
E                         <ol start='903' class="post-context" id="post4438328000">
E                           
E                           <li onclick="toggle('pre4438328000', 'post4438328000')"><pre>            using=using,</pre></li>
E                           
E                           <li onclick="toggle('pre4438328000', 'post4438328000')"><pre>            force_insert=force_insert,</pre></li>
E                           
E                           <li onclick="toggle('pre4438328000', 'post4438328000')"><pre>            force_update=force_update,</pre></li>
E                           
E                           <li onclick="toggle('pre4438328000', 'post4438328000')"><pre>            update_fields=update_fields,</pre></li>
E                           
E                           <li onclick="toggle('pre4438328000', 'post4438328000')"><pre>        )</pre></li>
E                           
E                           <li onclick="toggle('pre4438328000', 'post4438328000')"><pre></pre></li>
E                           
E                       </ol>
E                       
E                     </div>
E                   
E         
E                   
E                     
E                       <details>
E                         <summary class="commands">Local vars</summary>
E                     
E                     <table class="vars" id="v4438328000">
E                       <thead>
E                         <tr>
E                           <th scope="col">Variable</th>
E                           <th scope="col">Value</th>
E                         </tr>
E                       </thead>
E                       <tbody>
E                         
E                           <tr>
E                             <td>args</td>
E                             <td class="code"><pre>()</pre></td>
E                           </tr>
E                         
E                           <tr>
E                             <td>deferred_non_generated_fields</td>
E                             <td class="code"><pre>set()</pre></td>
E                           </tr>
E                         
E                           <tr>
E                             <td>force_insert</td>
E                             <td class="code"><pre>True</pre></td>
E                           </tr>
E                         
E                           <tr>
E                             <td>force_update</td>
E                             <td class="code"><pre>False</pre></td>
E                           </tr>
E                         
E                           <tr>
E                             <td>self</td>
E                             <td class="code"><pre>&lt;AuditLog: [2025-07-14 11:43:13.062863+00:00] testuser_hnorzu (Client) - login (success)&gt;</pre></td>
E                           </tr>
E                         
E                           <tr>
E                             <td>update_fields</td>
E                             <td class="code"><pre>None</pre></td>
E                           </tr>
E                         
E                           <tr>
E                             <td>using</td>
E                             <td class="code"><pre>&#x27;default&#x27;</pre></td>
E                           </tr>
E                         
E                       </tbody>
E                     </table>
E                     </details>
E                   
E                 </li>
E               
E                 
E                 <li class="frame django">
E                   
E                     <code class="fname">/Users/mohamedbechirdiarra/Downloads/prototypeGamma/Backend/venv/lib/python3.13/site-packages/django/db/models/base.py</code>, line 1008, in save_base
E                   
E         
E                   
E                     <div class="context" id="c4436843264">
E                       
E                         <ol start="1001" class="pre-context" id="pre4436843264">
E                         
E                           <li onclick="toggle('pre4436843264', 'post4436843264')"><pre>            parent_inserted = False</pre></li>
E                         
E                           <li onclick="toggle('pre4436843264', 'post4436843264')"><pre>            if not raw:</pre></li>
E                         
E                           <li onclick="toggle('pre4436843264', 'post4436843264')"><pre>                # Validate force insert only when parents are inserted.</pre></li>
E                         
E                           <li onclick="toggle('pre4436843264', 'post4436843264')"><pre>                force_insert = self._validate_force_insert(force_insert)</pre></li>
E                         
E                           <li onclick="toggle('pre4436843264', 'post4436843264')"><pre>                parent_inserted = self._save_parents(</pre></li>
E                         
E                           <li onclick="toggle('pre4436843264', 'post4436843264')"><pre>                    cls, using, update_fields, force_insert</pre></li>
E                         
E                           <li onclick="toggle('pre4436843264', 'post4436843264')"><pre>                )</pre></li>
E                         
E                         </ol>
E                       
E                       <ol start="1008" class="context-line">
E                         <li onclick="toggle('pre4436843264', 'post4436843264')"><pre>            updated = self._save_table(
E                                     </pre> <span>…</span></li>
E                       </ol>
E                       
E                         <ol start='1009' class="post-context" id="post4436843264">
E                           
E                           <li onclick="toggle('pre4436843264', 'post4436843264')"><pre>                raw,</pre></li>
E                           
E                           <li onclick="toggle('pre4436843264', 'post4436843264')"><pre>                cls,</pre></li>
E                           
E                           <li onclick="toggle('pre4436843264', 'post4436843264')"><pre>                force_insert or parent_inserted,</pre></li>
E                           
E                           <li onclick="toggle('pre4436843264', 'post4436843264')"><pre>                force_update,</pre></li>
E                           
E                           <li onclick="toggle('pre4436843264', 'post4436843264')"><pre>                using,</pre></li>
E                           
E                           <li onclick="toggle('pre4436843264', 'post4436843264')"><pre>                update_fields,</pre></li>
E                           
E                       </ol>
E                       
E                     </div>
E                   
E         
E                   
E                     
E                       <details>
E                         <summary class="commands">Local vars</summary>
E                     
E                     <table class="vars" id="v4436843264">
E                       <thead>
E                         <tr>
E                           <th scope="col">Variable</th>
E                           <th scope="col">Value</th>
E                         </tr>
E                       </thead>
E                       <tbody>
E                         
E                           <tr>
E                             <td>cls</td>
E                             <td class="code"><pre>&lt;class &#x27;users.models.AuditLog&#x27;&gt;</pre></td>
E                           </tr>
E                         
E                           <tr>
E                             <td>context_manager</td>
E                             <td class="code"><pre>&lt;contextlib._GeneratorContextManager object at 0x108875c50&gt;</pre></td>
E                           </tr>
E                         
E                           <tr>
E                             <td>force_insert</td>
E                             <td class="code"><pre>(&lt;class &#x27;users.models.AuditLog&#x27;&gt;,)</pre></td>
E                           </tr>
E                         
E                           <tr>
E                             <td>force_update</td>
E                             <td class="code"><pre>False</pre></td>
E                           </tr>
E                         
E                           <tr>
E                             <td>meta</td>
E                             <td class="code"><pre>&lt;Options for AuditLog&gt;</pre></td>
E                           </tr>
E                         
E                           <tr>
E                             <td>origin</td>
E                             <td class="code"><pre>&lt;class &#x27;users.models.AuditLog&#x27;&gt;</pre></td>
E                           </tr>
E                         
E                           <tr>
E                             <td>parent_inserted</td>
E                             <td class="code"><pre>False</pre></td>
E                           </tr>
E                         
E                           <tr>
E                             <td>raw</td>
E                             <td class="code"><pre>False</pre></td>
E                           </tr>
E                         
E                           <tr>
E                             <td>self</td>
E                             <td class="code"><pre>&lt;AuditLog: [2025-07-14 11:43:13.062863+00:00] testuser_hnorzu (Client) - login (success)&gt;</pre></td>
E                           </tr>
E                         
E                           <tr>
E                             <td>update_fields</td>
E                             <td class="code"><pre>None</pre></td>
E                           </tr>
E                         
E                           <tr>
E                             <td>using</td>
E                             <td class="code"><pre>&#x27;default&#x27;</pre></td>
E                           </tr>
E                         
E                       </tbody>
E                     </table>
E                     </details>
E                   
E                 </li>
E               
E                 
E                 <li class="frame django">
E                   
E                     <code class="fname">/Users/mohamedbechirdiarra/Downloads/prototypeGamma/Backend/venv/lib/python3.13/site-packages/django/db/models/base.py</code>, line 1169, in _save_table
E                   
E         
E                   
E                     <div class="context" id="c4437999168">
E                       
E                         <ol start="1162" class="pre-context" id="pre4437999168">
E                         
E                           <li onclick="toggle('pre4437999168', 'post4437999168')"><pre>                )</pre></li>
E                         
E                           <li onclick="toggle('pre4437999168', 'post4437999168')"><pre>            fields = [</pre></li>
E                         
E                           <li onclick="toggle('pre4437999168', 'post4437999168')"><pre>                f</pre></li>
E                         
E                           <li onclick="toggle('pre4437999168', 'post4437999168')"><pre>                for f in meta.local_concrete_fields</pre></li>
E                         
E                           <li onclick="toggle('pre4437999168', 'post4437999168')"><pre>                if not f.generated and (pk_set or f is not meta.auto_field)</pre></li>
E                         
E                           <li onclick="toggle('pre4437999168', 'post4437999168')"><pre>            ]</pre></li>
E                         
E                           <li onclick="toggle('pre4437999168', 'post4437999168')"><pre>            returning_fields = meta.db_returning_fields</pre></li>
E                         
E                         </ol>
E                       
E                       <ol start="1169" class="context-line">
E                         <li onclick="toggle('pre4437999168', 'post4437999168')"><pre>            results = self._do_insert(
E                                     </pre> <span>…</span></li>
E                       </ol>
E                       
E                         <ol start='1170' class="post-context" id="post4437999168">
E                           
E                           <li onclick="toggle('pre4437999168', 'post4437999168')"><pre>                cls._base_manager, using, fields, returning_fields, raw</pre></li>
E                           
E                           <li onclick="toggle('pre4437999168', 'post4437999168')"><pre>            )</pre></li>
E                           
E                           <li onclick="toggle('pre4437999168', 'post4437999168')"><pre>            if results:</pre></li>
E                           
E                           <li onclick="toggle('pre4437999168', 'post4437999168')"><pre>                for value, field in zip(results[0], returning_fields):</pre></li>
E                           
E                           <li onclick="toggle('pre4437999168', 'post4437999168')"><pre>                    setattr(self, field.attname, value)</pre></li>
E                           
E                           <li onclick="toggle('pre4437999168', 'post4437999168')"><pre>        return updated</pre></li>
E                           
E                       </ol>
E                       
E                     </div>
E                   
E         
E                   
E                     
E                       <details>
E                         <summary class="commands">Local vars</summary>
E                     
E                     <table class="vars" id="v4437999168">
E                       <thead>
E                         <tr>
E                           <th scope="col">Variable</th>
E                           <th scope="col">Value</th>
E                         </tr>
E                       </thead>
E                       <tbody>
E                         
E                           <tr>
E                             <td>cls</td>
E                             <td class="code"><pre>&lt;class &#x27;users.models.AuditLog&#x27;&gt;</pre></td>
E                           </tr>
E                         
E                           <tr>
E                             <td>fields</td>
E                             <td class="code"><pre>[&lt;django.db.models.fields.related.ForeignKey: user&gt;,
E          &lt;django.db.models.fields.GenericIPAddressField: ip_address&gt;,
E          &lt;django.db.models.fields.TextField: user_agent&gt;,
E          &lt;django.db.models.fields.CharField: event_type&gt;,
E          &lt;django.db.models.fields.CharField: status&gt;,
E          &lt;django.db.models.fields.DateTimeField: timestamp&gt;,
E          &lt;django.db.models.fields.CharField: geo_country&gt;,
E          &lt;django.db.models.fields.CharField: geo_city&gt;,
E          &lt;django.db.models.fields.CharField: location&gt;,
E          &lt;django.db.models.fields.PositiveSmallIntegerField: risk_score&gt;,
E          &lt;django.db.models.fields.json.JSONField: metadata&gt;]</pre></td>
E                           </tr>
E                         
E                           <tr>
E                             <td>force_insert</td>
E                             <td class="code"><pre>(&lt;class &#x27;users.models.AuditLog&#x27;&gt;,)</pre></td>
E                           </tr>
E                         
E                           <tr>
E                             <td>force_update</td>
E                             <td class="code"><pre>False</pre></td>
E                           </tr>
E                         
E                           <tr>
E                             <td>meta</td>
E                             <td class="code"><pre>&lt;Options for AuditLog&gt;</pre></td>
E                           </tr>
E                         
E                           <tr>
E                             <td>non_pks_non_generated</td>
E                             <td class="code"><pre>[&lt;django.db.models.fields.related.ForeignKey: user&gt;,
E          &lt;django.db.models.fields.GenericIPAddressField: ip_address&gt;,
E          &lt;django.db.models.fields.TextField: user_agent&gt;,
E          &lt;django.db.models.fields.CharField: event_type&gt;,
E          &lt;django.db.models.fields.CharField: status&gt;,
E          &lt;django.db.models.fields.DateTimeField: timestamp&gt;,
E          &lt;django.db.models.fields.CharField: geo_country&gt;,
E          &lt;django.db.models.fields.CharField: geo_city&gt;,
E          &lt;django.db.models.fields.CharField: location&gt;,
E          &lt;django.db.models.fields.PositiveSmallIntegerField: risk_score&gt;,
E          &lt;django.db.models.fields.json.JSONField: metadata&gt;]</pre></td>
E                           </tr>
E                         
E                           <tr>
E                             <td>pk_fields</td>
E                             <td class="code"><pre>[&lt;django.db.models.fields.BigAutoField: id&gt;]</pre></td>
E                           </tr>
E                         
E                           <tr>
E                             <td>pk_set</td>
E                             <td class="code"><pre>False</pre></td>
E                           </tr>
E                         
E                           <tr>
E                             <td>pk_val</td>
E                             <td class="code"><pre>None</pre></td>
E                           </tr>
E                         
E                           <tr>
E                             <td>raw</td>
E                             <td class="code"><pre>False</pre></td>
E                           </tr>
E                         
E                           <tr>
E                             <td>returning_fields</td>
E                             <td class="code"><pre>[&lt;django.db.models.fields.BigAutoField: id&gt;]</pre></td>
E                           </tr>
E                         
E                           <tr>
E                             <td>self</td>
E                             <td class="code"><pre>&lt;AuditLog: [2025-07-14 11:43:13.062863+00:00] testuser_hnorzu (Client) - login (success)&gt;</pre></td>
E                           </tr>
E                         
E                           <tr>
E                             <td>update_fields</td>
E                             <td class="code"><pre>None</pre></td>
E                           </tr>
E                         
E                           <tr>
E                             <td>updated</td>
E                             <td class="code"><pre>False</pre></td>
E                           </tr>
E                         
E                           <tr>
E                             <td>using</td>
E                             <td class="code"><pre>&#x27;default&#x27;</pre></td>
E                           </tr>
E                         
E                       </tbody>
E                     </table>
E                     </details>
E                   
E                 </li>
E               
E                 
E                 <li class="frame django">
E                   
E                     <code class="fname">/Users/mohamedbechirdiarra/Downloads/prototypeGamma/Backend/venv/lib/python3.13/site-packages/django/db/models/base.py</code>, line 1210, in _do_insert
E                   
E         
E                   
E                     <div class="context" id="c4437986560">
E                       
E                         <ol start="1203" class="pre-context" id="pre4437986560">
E                         
E                           <li onclick="toggle('pre4437986560', 'post4437986560')"><pre>        return filtered._update(values) &gt; 0</pre></li>
E                         
E                           <li onclick="toggle('pre4437986560', 'post4437986560')"><pre></pre></li>
E                         
E                           <li onclick="toggle('pre4437986560', 'post4437986560')"><pre>    def _do_insert(self, manager, using, fields, returning_fields, raw):</pre></li>
E                         
E                           <li onclick="toggle('pre4437986560', 'post4437986560')"><pre>        &quot;&quot;&quot;</pre></li>
E                         
E                           <li onclick="toggle('pre4437986560', 'post4437986560')"><pre>        Do an INSERT. If returning_fields is defined then this method should</pre></li>
E                         
E                           <li onclick="toggle('pre4437986560', 'post4437986560')"><pre>        return the newly created data for the model.</pre></li>
E                         
E                           <li onclick="toggle('pre4437986560', 'post4437986560')"><pre>        &quot;&quot;&quot;</pre></li>
E                         
E                         </ol>
E                       
E                       <ol start="1210" class="context-line">
E                         <li onclick="toggle('pre4437986560', 'post4437986560')"><pre>        return manager._insert(
E                              </pre> <span>…</span></li>
E                       </ol>
E                       
E                         <ol start='1211' class="post-context" id="post4437986560">
E                           
E                           <li onclick="toggle('pre4437986560', 'post4437986560')"><pre>            [self],</pre></li>
E                           
E                           <li onclick="toggle('pre4437986560', 'post4437986560')"><pre>            fields=fields,</pre></li>
E                           
E                           <li onclick="toggle('pre4437986560', 'post4437986560')"><pre>            returning_fields=returning_fields,</pre></li>
E                           
E                           <li onclick="toggle('pre4437986560', 'post4437986560')"><pre>            using=using,</pre></li>
E                           
E                           <li onclick="toggle('pre4437986560', 'post4437986560')"><pre>            raw=raw,</pre></li>
E                           
E                           <li onclick="toggle('pre4437986560', 'post4437986560')"><pre>        )</pre></li>
E                           
E                       </ol>
E                       
E                     </div>
E                   
E         
E                   
E                     
E                       <details>
E                         <summary class="commands">Local vars</summary>
E                     
E                     <table class="vars" id="v4437986560">
E                       <thead>
E                         <tr>
E                           <th scope="col">Variable</th>
E                           <th scope="col">Value</th>
E                         </tr>
E                       </thead>
E                       <tbody>
E                         
E                           <tr>
E                             <td>fields</td>
E                             <td class="code"><pre>[&lt;django.db.models.fields.related.ForeignKey: user&gt;,
E          &lt;django.db.models.fields.GenericIPAddressField: ip_address&gt;,
E          &lt;django.db.models.fields.TextField: user_agent&gt;,
E          &lt;django.db.models.fields.CharField: event_type&gt;,
E          &lt;django.db.models.fields.CharField: status&gt;,
E          &lt;django.db.models.fields.DateTimeField: timestamp&gt;,
E          &lt;django.db.models.fields.CharField: geo_country&gt;,
E          &lt;django.db.models.fields.CharField: geo_city&gt;,
E          &lt;django.db.models.fields.CharField: location&gt;,
E          &lt;django.db.models.fields.PositiveSmallIntegerField: risk_score&gt;,
E          &lt;django.db.models.fields.json.JSONField: metadata&gt;]</pre></td>
E                           </tr>
E                         
E                           <tr>
E                             <td>manager</td>
E                             <td class="code"><pre>&lt;django.db.models.manager.Manager object at 0x108454b50&gt;</pre></td>
E                           </tr>
E                         
E                           <tr>
E                             <td>raw</td>
E                             <td class="code"><pre>False</pre></td>
E                           </tr>
E                         
E                           <tr>
E                             <td>returning_fields</td>
E                             <td class="code"><pre>[&lt;django.db.models.fields.BigAutoField: id&gt;]</pre></td>
E                           </tr>
E                         
E                           <tr>
E                             <td>self</td>
E                             <td class="code"><pre>&lt;AuditLog: [2025-07-14 11:43:13.062863+00:00] testuser_hnorzu (Client) - login (success)&gt;</pre></td>
E                           </tr>
E                         
E                           <tr>
E                             <td>using</td>
E                             <td class="code"><pre>&#x27;default&#x27;</pre></td>
E                           </tr>
E                         
E                       </tbody>
E                     </table>
E                     </details>
E                   
E                 </li>
E               
E                 
E                 <li class="frame django">
E                   
E                     <code class="fname">/Users/mohamedbechirdiarra/Downloads/prototypeGamma/Backend/venv/lib/python3.13/site-packages/django/db/models/manager.py</code>, line 87, in manager_method
E                   
E         
E                   
E                     <div class="context" id="c4438327488">
E                       
E                         <ol start="80" class="pre-context" id="pre4438327488">
E                         
E                           <li onclick="toggle('pre4438327488', 'post4438327488')"><pre>        return []</pre></li>
E                         
E                           <li onclick="toggle('pre4438327488', 'post4438327488')"><pre></pre></li>
E                         
E                           <li onclick="toggle('pre4438327488', 'post4438327488')"><pre>    @classmethod</pre></li>
E                         
E                           <li onclick="toggle('pre4438327488', 'post4438327488')"><pre>    def _get_queryset_methods(cls, queryset_class):</pre></li>
E                         
E                           <li onclick="toggle('pre4438327488', 'post4438327488')"><pre>        def create_method(name, method):</pre></li>
E                         
E                           <li onclick="toggle('pre4438327488', 'post4438327488')"><pre>            @wraps(method)</pre></li>
E                         
E                           <li onclick="toggle('pre4438327488', 'post4438327488')"><pre>            def manager_method(self, *args, **kwargs):</pre></li>
E                         
E                         </ol>
E                       
E                       <ol start="87" class="context-line">
E                         <li onclick="toggle('pre4438327488', 'post4438327488')"><pre>                return getattr(self.get_queryset(), name)(*args, **kwargs)
E                                    ^^^^^^^^^^^^^^^^^^^^^^^^^^^^^^^^^^^^^^^^^^^^^^^^^^^</pre> <span>…</span></li>
E                       </ol>
E                       
E                         <ol start='88' class="post-context" id="post4438327488">
E                           
E                           <li onclick="toggle('pre4438327488', 'post4438327488')"><pre></pre></li>
E                           
E                           <li onclick="toggle('pre4438327488', 'post4438327488')"><pre>            return manager_method</pre></li>
E                           
E                           <li onclick="toggle('pre4438327488', 'post4438327488')"><pre></pre></li>
E                           
E                           <li onclick="toggle('pre4438327488', 'post4438327488')"><pre>        new_methods = {}</pre></li>
E                           
E                           <li onclick="toggle('pre4438327488', 'post4438327488')"><pre>        for name, method in inspect.getmembers(</pre></li>
E                           
E                           <li onclick="toggle('pre4438327488', 'post4438327488')"><pre>            queryset_class, predicate=inspect.isfunction</pre></li>
E                           
E                       </ol>
E                       
E                     </div>
E                   
E         
E                   
E                     
E                       <details>
E                         <summary class="commands">Local vars</summary>
E                     
E                     <table class="vars" id="v4438327488">
E                       <thead>
E                         <tr>
E                           <th scope="col">Variable</th>
E                           <th scope="col">Value</th>
E                         </tr>
E                       </thead>
E                       <tbody>
E                         
E                           <tr>
E                             <td>args</td>
E                             <td class="code"><pre>([&lt;AuditLog: [2025-07-14 11:43:13.062863+00:00] testuser_hnorzu (Client) - login (success)&gt;],)</pre></td>
E                           </tr>
E                         
E                           <tr>
E                             <td>kwargs</td>
E                             <td class="code"><pre>{&#x27;fields&#x27;: [&lt;django.db.models.fields.related.ForeignKey: user&gt;,
E                     &lt;django.db.models.fields.GenericIPAddressField: ip_address&gt;,
E                     &lt;django.db.models.fields.TextField: user_agent&gt;,
E                     &lt;django.db.models.fields.CharField: event_type&gt;,
E                     &lt;django.db.models.fields.CharField: status&gt;,
E                     &lt;django.db.models.fields.DateTimeField: timestamp&gt;,
E                     &lt;django.db.models.fields.CharField: geo_country&gt;,
E                     &lt;django.db.models.fields.CharField: geo_city&gt;,
E                     &lt;django.db.models.fields.CharField: location&gt;,
E                     &lt;django.db.models.fields.PositiveSmallIntegerField: risk_score&gt;,
E                     &lt;django.db.models.fields.json.JSONField: metadata&gt;],
E          &#x27;raw&#x27;: False,
E          &#x27;returning_fields&#x27;: [&lt;django.db.models.fields.BigAutoField: id&gt;],
E          &#x27;using&#x27;: &#x27;default&#x27;}</pre></td>
E                           </tr>
E                         
E                           <tr>
E                             <td>name</td>
E                             <td class="code"><pre>&#x27;_insert&#x27;</pre></td>
E                           </tr>
E                         
E                           <tr>
E                             <td>self</td>
E                             <td class="code"><pre>&lt;django.db.models.manager.Manager object at 0x108454b50&gt;</pre></td>
E                           </tr>
E                         
E                       </tbody>
E                     </table>
E                     </details>
E                   
E                 </li>
E               
E                 
E                 <li class="frame django">
E                   
E                     <code class="fname">/Users/mohamedbechirdiarra/Downloads/prototypeGamma/Backend/venv/lib/python3.13/site-packages/django/db/models/query.py</code>, line 1868, in _insert
E                   
E         
E                   
E                     <div class="context" id="c4437820736">
E                       
E                         <ol start="1861" class="pre-context" id="pre4437820736">
E                         
E                           <li onclick="toggle('pre4437820736', 'post4437820736')"><pre>        query = sql.InsertQuery(</pre></li>
E                         
E                           <li onclick="toggle('pre4437820736', 'post4437820736')"><pre>            self.model,</pre></li>
E                         
E                           <li onclick="toggle('pre4437820736', 'post4437820736')"><pre>            on_conflict=on_conflict,</pre></li>
E                         
E                           <li onclick="toggle('pre4437820736', 'post4437820736')"><pre>            update_fields=update_fields,</pre></li>
E                         
E                           <li onclick="toggle('pre4437820736', 'post4437820736')"><pre>            unique_fields=unique_fields,</pre></li>
E                         
E                           <li onclick="toggle('pre4437820736', 'post4437820736')"><pre>        )</pre></li>
E                         
E                           <li onclick="toggle('pre4437820736', 'post4437820736')"><pre>        query.insert_values(fields, objs, raw=raw)</pre></li>
E                         
E                         </ol>
E                       
E                       <ol start="1868" class="context-line">
E                         <li onclick="toggle('pre4437820736', 'post4437820736')"><pre>        return query.get_compiler(using=using).execute_sql(returning_fields)
E                              ^^^^^^^^^^^^^^^^^^^^^^^^^^^^^^^^^^^^^^^^^^^^^^^^^^^^^^^^^^^^^</pre> <span>…</span></li>
E                       </ol>
E                       
E                         <ol start='1869' class="post-context" id="post4437820736">
E                           
E                           <li onclick="toggle('pre4437820736', 'post4437820736')"><pre></pre></li>
E                           
E                           <li onclick="toggle('pre4437820736', 'post4437820736')"><pre>    _insert.alters_data = True</pre></li>
E                           
E                           <li onclick="toggle('pre4437820736', 'post4437820736')"><pre>    _insert.queryset_only = False</pre></li>
E                           
E                           <li onclick="toggle('pre4437820736', 'post4437820736')"><pre></pre></li>
E                           
E                           <li onclick="toggle('pre4437820736', 'post4437820736')"><pre>    def _batched_insert(</pre></li>
E                           
E                           <li onclick="toggle('pre4437820736', 'post4437820736')"><pre>        self,</pre></li>
E                           
E                       </ol>
E                       
E                     </div>
E                   
E         
E                   
E                     
E                       <details>
E                         <summary class="commands">Local vars</summary>
E                     
E                     <table class="vars" id="v4437820736">
E                       <thead>
E                         <tr>
E                           <th scope="col">Variable</th>
E                           <th scope="col">Value</th>
E                         </tr>
E                       </thead>
E                       <tbody>
E                         
E                           <tr>
E                             <td>fields</td>
E                             <td class="code"><pre>[&lt;django.db.models.fields.related.ForeignKey: user&gt;,
E          &lt;django.db.models.fields.GenericIPAddressField: ip_address&gt;,
E          &lt;django.db.models.fields.TextField: user_agent&gt;,
E          &lt;django.db.models.fields.CharField: event_type&gt;,
E          &lt;django.db.models.fields.CharField: status&gt;,
E          &lt;django.db.models.fields.DateTimeField: timestamp&gt;,
E          &lt;django.db.models.fields.CharField: geo_country&gt;,
E          &lt;django.db.models.fields.CharField: geo_city&gt;,
E          &lt;django.db.models.fields.CharField: location&gt;,
E          &lt;django.db.models.fields.PositiveSmallIntegerField: risk_score&gt;,
E          &lt;django.db.models.fields.json.JSONField: metadata&gt;]</pre></td>
E                           </tr>
E                         
E                           <tr>
E                             <td>objs</td>
E                             <td class="code"><pre>[&lt;AuditLog: [2025-07-14 11:43:13.062863+00:00] testuser_hnorzu (Client) - login (success)&gt;]</pre></td>
E                           </tr>
E                         
E                           <tr>
E                             <td>on_conflict</td>
E                             <td class="code"><pre>None</pre></td>
E                           </tr>
E                         
E                           <tr>
E                             <td>query</td>
E                             <td class="code"><pre>&lt;django.db.models.sql.subqueries.InsertQuery object at 0x108475e10&gt;</pre></td>
E                           </tr>
E                         
E                           <tr>
E                             <td>raw</td>
E                             <td class="code"><pre>False</pre></td>
E                           </tr>
E                         
E                           <tr>
E                             <td>returning_fields</td>
E                             <td class="code"><pre>[&lt;django.db.models.fields.BigAutoField: id&gt;]</pre></td>
E                           </tr>
E                         
E                           <tr>
E                             <td>self</td>
E                             <td class="code"><pre>&lt;QuerySet [&lt;AuditLog: [2025-07-14 11:20:26.143987+00:00] None - login (failure)&gt;, &lt;AuditLog: [2025-07-14 11:20:26.172163+00:00] None - login (failure)&gt;, &lt;AuditLog: [2025-07-14 11:20:26.440678+00:00] None - login (failure)&gt;, &lt;AuditLog: [2025-07-14 11:20:26.472641+00:00] None - login (failure)&gt;, &lt;AuditLog: [2025-07-14 11:20:42.818165+00:00] None - login (failure)&gt;, &lt;AuditLog: [2025-07-14 11:20:42.834927+00:00] None - login (failure)&gt;, &lt;AuditLog: [2025-07-14 11:20:42.840926+00:00] None - login (failure)&gt;, &lt;AuditLog: [2025-07-14 11:20:42.849907+00:00] None - login (failure)&gt;, &lt;AuditLog: [2025-07-14 11:20:42.855760+00:00] None - login (failure)&gt;, &lt;AuditLog: [2025-07-14 11:20:42.866003+00:00] None - login (failure)&gt;, &lt;AuditLog: [2025-07-14 11:20:42.871786+00:00] None - login (failure)&gt;, &lt;AuditLog: [2025-07-14 11:20:42.878738+00:00] None - login (failure)&gt;, &lt;AuditLog: [2025-07-14 11:20:42.887097+00:00] None - login (failure)&gt;, &lt;AuditLog: [2025-07-14 11:20:42.933562+00:00] None - login (failure)&gt;, &lt;AuditLog: [2025-07-14 11:20:42.948908+00:00] None - login (failure)&gt;, &lt;AuditLog: [2025-07-14 11:20:42.955057+00:00] None - login (failure)&gt;, &lt;AuditLog: [2025-07-14 11:20:43.030569+00:00] None - login (failure)&gt;, &lt;AuditLog: [2025-07-14 11:20:43.035801+00:00] None - login (failure)&gt;, &lt;AuditLog: [2025-07-14 11:20:43.041067+00:00] None - login (failure)&gt;, &lt;AuditLog: [2025-07-14 11:20:43.057293+00:00] None - login (failure)&gt;, &#x27;...(remaining elements truncated)...&#x27;]&gt;</pre></td>
E                           </tr>
E                         
E                           <tr>
E                             <td>unique_fields</td>
E                             <td class="code"><pre>None</pre></td>
E                           </tr>
E                         
E                           <tr>
E                             <td>update_fields</td>
E                             <td class="code"><pre>None</pre></td>
E                           </tr>
E                         
E                           <tr>
E                             <td>using</td>
E                             <td class="code"><pre>&#x27;default&#x27;</pre></td>
E                           </tr>
E                         
E                       </tbody>
E                     </table>
E                     </details>
E                   
E                 </li>
E               
E                 
E                 <li class="frame django">
E                   
E                     <code class="fname">/Users/mohamedbechirdiarra/Downloads/prototypeGamma/Backend/venv/lib/python3.13/site-packages/django/db/models/sql/compiler.py</code>, line 1894, in execute_sql
E                   
E         
E                   
E                     <div class="context" id="c4437992000">
E                       
E                         <ol start="1887" class="pre-context" id="pre4437992000">
E                         
E                           <li onclick="toggle('pre4437992000', 'post4437992000')"><pre>                and len(self.query.objs) &gt; 1</pre></li>
E                         
E                           <li onclick="toggle('pre4437992000', 'post4437992000')"><pre>            ):</pre></li>
E                         
E                           <li onclick="toggle('pre4437992000', 'post4437992000')"><pre>                rows = self.connection.ops.fetch_returned_insert_rows(cursor)</pre></li>
E                         
E                           <li onclick="toggle('pre4437992000', 'post4437992000')"><pre>                cols = [field.get_col(opts.db_table) for field in self.returning_fields]</pre></li>
E                         
E                           <li onclick="toggle('pre4437992000', 'post4437992000')"><pre>            elif self.connection.features.can_return_columns_from_insert:</pre></li>
E                         
E                           <li onclick="toggle('pre4437992000', 'post4437992000')"><pre>                assert len(self.query.objs) == 1</pre></li>
E                         
E                           <li onclick="toggle('pre4437992000', 'post4437992000')"><pre>                rows = [</pre></li>
E                         
E                         </ol>
E                       
E                       <ol start="1894" class="context-line">
E                         <li onclick="toggle('pre4437992000', 'post4437992000')"><pre>                    self.connection.ops.fetch_returned_insert_columns(
E                                   ^</pre> <span>…</span></li>
E                       </ol>
E                       
E                         <ol start='1895' class="post-context" id="post4437992000">
E                           
E                           <li onclick="toggle('pre4437992000', 'post4437992000')"><pre>                        cursor,</pre></li>
E                           
E                           <li onclick="toggle('pre4437992000', 'post4437992000')"><pre>                        self.returning_params,</pre></li>
E                           
E                           <li onclick="toggle('pre4437992000', 'post4437992000')"><pre>                    )</pre></li>
E                           
E                           <li onclick="toggle('pre4437992000', 'post4437992000')"><pre>                ]</pre></li>
E                           
E                           <li onclick="toggle('pre4437992000', 'post4437992000')"><pre>                cols = [field.get_col(opts.db_table) for field in self.returning_fields]</pre></li>
E                           
E                           <li onclick="toggle('pre4437992000', 'post4437992000')"><pre>            elif returning_fields and isinstance(</pre></li>
E                           
E                       </ol>
E                       
E                     </div>
E                   
E         
E                   
E                     
E                       <details>
E                         <summary class="commands">Local vars</summary>
E                     
E                     <table class="vars" id="v4437992000">
E                       <thead>
E                         <tr>
E                           <th scope="col">Variable</th>
E                           <th scope="col">Value</th>
E                         </tr>
E                       </thead>
E                       <tbody>
E                         
E                           <tr>
E                             <td>cols</td>
E                             <td class="code"><pre>[]</pre></td>
E                           </tr>
E                         
E                           <tr>
E                             <td>cursor</td>
E                             <td class="code"><pre>&lt;django.db.backends.utils.CursorDebugWrapper object at 0x10876c5f0&gt;</pre></td>
E                           </tr>
E                         
E                           <tr>
E                             <td>opts</td>
E                             <td class="code"><pre>&lt;Options for AuditLog&gt;</pre></td>
E                           </tr>
E                         
E                           <tr>
E                             <td>params</td>
E                             <td class="code"><pre>(63,
E          &#x27;127.0.0.1&#x27;,
E          &#x27;python-requests/2.32.4&#x27;,
E          &#x27;login&#x27;,
E          &#x27;success&#x27;,
E          &#x27;2025-07-14 11:43:13.062863&#x27;,
E          &#x27;&#x27;,
E          &#x27;&#x27;,
E          None,
E          0,
E          &#x27;{}&#x27;)</pre></td>
E                           </tr>
E                         
E                           <tr>
E                             <td>returning_fields</td>
E                             <td class="code"><pre>[&lt;django.db.models.fields.BigAutoField: id&gt;]</pre></td>
E                           </tr>
E                         
E                           <tr>
E                             <td>self</td>
E                             <td class="code"><pre>&lt;SQLInsertCompiler model=AuditLog connection=&lt;DatabaseWrapper vendor=&#x27;sqlite&#x27; alias=&#x27;default&#x27;&gt; using=&#x27;default&#x27;&gt;</pre></td>
E                           </tr>
E                         
E                           <tr>
E                             <td>sql</td>
E                             <td class="code"><pre>(&#x27;INSERT INTO &quot;users_auditlog&quot; (&quot;user_id&quot;, &quot;ip_address&quot;, &quot;user_agent&quot;, &#x27;
E          &#x27;&quot;event_type&quot;, &quot;status&quot;, &quot;timestamp&quot;, &quot;geo_country&quot;, &quot;geo_city&quot;, &quot;location&quot;, &#x27;
E          &#x27;&quot;risk_score&quot;, &quot;metadata&quot;) VALUES (%s, %s, %s, %s, %s, %s, %s, %s, %s, %s, &#x27;
E          &#x27;%s) RETURNING &quot;users_auditlog&quot;.&quot;id&quot;&#x27;)</pre></td>
E                           </tr>
E                         
E                       </tbody>
E                     </table>
E                     </details>
E                   
E                 </li>
E               
E                 
E                 <li class="frame django">
E                   
E                     <code class="fname">/Users/mohamedbechirdiarra/Downloads/prototypeGamma/Backend/venv/lib/python3.13/site-packages/django/db/backends/base/operations.py</code>, line 215, in fetch_returned_insert_columns
E                   
E         
E                   
E                     <div class="context" id="c4437997376">
E                       
E                         <ol start="208" class="pre-context" id="pre4437997376">
E                         
E                           <li onclick="toggle('pre4437997376', 'post4437997376')"><pre>            return [&quot;DISTINCT&quot;], []</pre></li>
E                         
E                           <li onclick="toggle('pre4437997376', 'post4437997376')"><pre></pre></li>
E                         
E                           <li onclick="toggle('pre4437997376', 'post4437997376')"><pre>    def fetch_returned_insert_columns(self, cursor, returning_params):</pre></li>
E                         
E                           <li onclick="toggle('pre4437997376', 'post4437997376')"><pre>        &quot;&quot;&quot;</pre></li>
E                         
E                           <li onclick="toggle('pre4437997376', 'post4437997376')"><pre>        Given a cursor object that has just performed an INSERT...RETURNING</pre></li>
E                         
E                           <li onclick="toggle('pre4437997376', 'post4437997376')"><pre>        statement into a table, return the newly created data.</pre></li>
E                         
E                           <li onclick="toggle('pre4437997376', 'post4437997376')"><pre>        &quot;&quot;&quot;</pre></li>
E                         
E                         </ol>
E                       
E                       <ol start="215" class="context-line">
E                         <li onclick="toggle('pre4437997376', 'post4437997376')"><pre>        return cursor.fetchone()
E                             ^^^^^^^^^^^^^^^^^</pre> <span>…</span></li>
E                       </ol>
E                       
E                         <ol start='216' class="post-context" id="post4437997376">
E                           
E                           <li onclick="toggle('pre4437997376', 'post4437997376')"><pre></pre></li>
E                           
E                           <li onclick="toggle('pre4437997376', 'post4437997376')"><pre>    def field_cast_sql(self, db_type, internal_type):</pre></li>
E                           
E                           <li onclick="toggle('pre4437997376', 'post4437997376')"><pre>        &quot;&quot;&quot;</pre></li>
E                           
E                           <li onclick="toggle('pre4437997376', 'post4437997376')"><pre>        Given a column type (e.g. &#x27;BLOB&#x27;, &#x27;VARCHAR&#x27;) and an internal type</pre></li>
E                           
E                           <li onclick="toggle('pre4437997376', 'post4437997376')"><pre>        (e.g. &#x27;GenericIPAddressField&#x27;), return the SQL to cast it before using</pre></li>
E                           
E                           <li onclick="toggle('pre4437997376', 'post4437997376')"><pre>        it in a WHERE statement. The resulting string should contain a &#x27;%s&#x27;</pre></li>
E                           
E                       </ol>
E                       
E                     </div>
E                   
E         
E                   
E                     
E                       <details>
E                         <summary class="commands">Local vars</summary>
E                     
E                     <table class="vars" id="v4437997376">
E                       <thead>
E                         <tr>
E                           <th scope="col">Variable</th>
E                           <th scope="col">Value</th>
E                         </tr>
E                       </thead>
E                       <tbody>
E                         
E                           <tr>
E                             <td>cursor</td>
E                             <td class="code"><pre>&lt;django.db.backends.utils.CursorDebugWrapper object at 0x10876c5f0&gt;</pre></td>
E                           </tr>
E                         
E                           <tr>
E                             <td>returning_params</td>
E                             <td class="code"><pre>()</pre></td>
E                           </tr>
E                         
E                           <tr>
E                             <td>self</td>
E                             <td class="code"><pre>&lt;django.db.backends.sqlite3.operations.DatabaseOperations object at 0x10876e7b0&gt;</pre></td>
E                           </tr>
E                         
E                       </tbody>
E                     </table>
E                     </details>
E                   
E                 </li>
E               
E                 
E                 <li class="frame django">
E                   
E                     <code class="fname">/Users/mohamedbechirdiarra/Downloads/prototypeGamma/Backend/venv/lib/python3.13/site-packages/django/db/utils.py</code>, line 97, in inner
E                   
E         
E                   
E                     <div class="context" id="c4437986432">
E                       
E                         <ol start="90" class="pre-context" id="pre4437986432">
E                         
E                           <li onclick="toggle('pre4437986432', 'post4437986432')"><pre>                    self.wrapper.errors_occurred = True</pre></li>
E                         
E                           <li onclick="toggle('pre4437986432', 'post4437986432')"><pre>                raise dj_exc_value.with_traceback(traceback) from exc_value</pre></li>
E                         
E                           <li onclick="toggle('pre4437986432', 'post4437986432')"><pre></pre></li>
E                         
E                           <li onclick="toggle('pre4437986432', 'post4437986432')"><pre>    def __call__(self, func):</pre></li>
E                         
E                           <li onclick="toggle('pre4437986432', 'post4437986432')"><pre>        # Note that we are intentionally not using @wraps here for performance</pre></li>
E                         
E                           <li onclick="toggle('pre4437986432', 'post4437986432')"><pre>        # reasons. Refs #21109.</pre></li>
E                         
E                           <li onclick="toggle('pre4437986432', 'post4437986432')"><pre>        def inner(*args, **kwargs):</pre></li>
E                         
E                         </ol>
E                       
E                       <ol start="97" class="context-line">
E                         <li onclick="toggle('pre4437986432', 'post4437986432')"><pre>            with self:
E                              ^^^^</pre> <span>…</span></li>
E                       </ol>
E                       
E                         <ol start='98' class="post-context" id="post4437986432">
E                           
E                           <li onclick="toggle('pre4437986432', 'post4437986432')"><pre>                return func(*args, **kwargs)</pre></li>
E                           
E                           <li onclick="toggle('pre4437986432', 'post4437986432')"><pre></pre></li>
E                           
E                           <li onclick="toggle('pre4437986432', 'post4437986432')"><pre>        return inner</pre></li>
E                           
E                           <li onclick="toggle('pre4437986432', 'post4437986432')"><pre></pre></li>
E                           
E                           <li onclick="toggle('pre4437986432', 'post4437986432')"><pre></pre></li>
E                           
E                           <li onclick="toggle('pre4437986432', 'post4437986432')"><pre>def load_backend(backend_name):</pre></li>
E                           
E                       </ol>
E                       
E                     </div>
E                   
E         
E                   
E                     
E                       <details>
E                         <summary class="commands">Local vars</summary>
E                     
E                     <table class="vars" id="v4437986432">
E                       <thead>
E                         <tr>
E                           <th scope="col">Variable</th>
E                           <th scope="col">Value</th>
E                         </tr>
E                       </thead>
E                       <tbody>
E                         
E                           <tr>
E                             <td>args</td>
E                             <td class="code"><pre>()</pre></td>
E                           </tr>
E                         
E                           <tr>
E                             <td>func</td>
E                             <td class="code"><pre>&lt;built-in method fetchone of SQLiteCursorWrapper object at 0x1087b6330&gt;</pre></td>
E                           </tr>
E                         
E                           <tr>
E                             <td>kwargs</td>
E                             <td class="code"><pre>{}</pre></td>
E                           </tr>
E                         
E                           <tr>
E                             <td>self</td>
E                             <td class="code"><pre>&lt;django.db.utils.DatabaseErrorWrapper object at 0x10890e670&gt;</pre></td>
E                           </tr>
E                         
E                       </tbody>
E                     </table>
E                     </details>
E                   
E                 </li>
E               
E                 
E                 <li class="frame django">
E                   
E                     <code class="fname">/Users/mohamedbechirdiarra/Downloads/prototypeGamma/Backend/venv/lib/python3.13/site-packages/django/db/utils.py</code>, line 91, in __exit__
E                   
E         
E                   
E                     <div class="context" id="c4437996864">
E                       
E                         <ol start="84" class="pre-context" id="pre4437996864">
E                         
E                           <li onclick="toggle('pre4437996864', 'post4437996864')"><pre>            db_exc_type = getattr(self.wrapper.Database, dj_exc_type.__name__)</pre></li>
E                         
E                           <li onclick="toggle('pre4437996864', 'post4437996864')"><pre>            if issubclass(exc_type, db_exc_type):</pre></li>
E                         
E                           <li onclick="toggle('pre4437996864', 'post4437996864')"><pre>                dj_exc_value = dj_exc_type(*exc_value.args)</pre></li>
E                         
E                           <li onclick="toggle('pre4437996864', 'post4437996864')"><pre>                # Only set the &#x27;errors_occurred&#x27; flag for errors that may make</pre></li>
E                         
E                           <li onclick="toggle('pre4437996864', 'post4437996864')"><pre>                # the connection unusable.</pre></li>
E                         
E                           <li onclick="toggle('pre4437996864', 'post4437996864')"><pre>                if dj_exc_type not in (DataError, IntegrityError):</pre></li>
E                         
E                           <li onclick="toggle('pre4437996864', 'post4437996864')"><pre>                    self.wrapper.errors_occurred = True</pre></li>
E                         
E                         </ol>
E                       
E                       <ol start="91" class="context-line">
E                         <li onclick="toggle('pre4437996864', 'post4437996864')"><pre>                raise dj_exc_value.with_traceback(traceback) from exc_value
E                             ^^^^^^^^^^^^^^^^^^^^^^^^^^^^^^^^^^^^^^^^^^^^^^^^^^^^^^^^^^^</pre> <span>…</span></li>
E                       </ol>
E                       
E                         <ol start='92' class="post-context" id="post4437996864">
E                           
E                           <li onclick="toggle('pre4437996864', 'post4437996864')"><pre></pre></li>
E                           
E                           <li onclick="toggle('pre4437996864', 'post4437996864')"><pre>    def __call__(self, func):</pre></li>
E                           
E                           <li onclick="toggle('pre4437996864', 'post4437996864')"><pre>        # Note that we are intentionally not using @wraps here for performance</pre></li>
E                           
E                           <li onclick="toggle('pre4437996864', 'post4437996864')"><pre>        # reasons. Refs #21109.</pre></li>
E                           
E                           <li onclick="toggle('pre4437996864', 'post4437996864')"><pre>        def inner(*args, **kwargs):</pre></li>
E                           
E                           <li onclick="toggle('pre4437996864', 'post4437996864')"><pre>            with self:</pre></li>
E                           
E                       </ol>
E                       
E                     </div>
E                   
E         
E                   
E                     
E                       <details>
E                         <summary class="commands">Local vars</summary>
E                     
E                     <table class="vars" id="v4437996864">
E                       <thead>
E                         <tr>
E                           <th scope="col">Variable</th>
E                           <th scope="col">Value</th>
E                         </tr>
E                       </thead>
E                       <tbody>
E                         
E                           <tr>
E                             <td>db_exc_type</td>
E                             <td class="code"><pre>&lt;class &#x27;sqlite3.IntegrityError&#x27;&gt;</pre></td>
E                           </tr>
E                         
E                           <tr>
E                             <td>dj_exc_type</td>
E                             <td class="code"><pre>&lt;class &#x27;django.db.utils.IntegrityError&#x27;&gt;</pre></td>
E                           </tr>
E                         
E                           <tr>
E                             <td>dj_exc_value</td>
E                             <td class="code"><pre>IntegrityError(&#x27;FOREIGN KEY constraint failed&#x27;)</pre></td>
E                           </tr>
E                         
E                           <tr>
E                             <td>exc_type</td>
E                             <td class="code"><pre>&lt;class &#x27;sqlite3.IntegrityError&#x27;&gt;</pre></td>
E                           </tr>
E                         
E                           <tr>
E                             <td>exc_value</td>
E                             <td class="code"><pre>IntegrityError(&#x27;FOREIGN KEY constraint failed&#x27;)</pre></td>
E                           </tr>
E                         
E                           <tr>
E                             <td>self</td>
E                             <td class="code"><pre>&lt;django.db.utils.DatabaseErrorWrapper object at 0x10890e670&gt;</pre></td>
E                           </tr>
E                         
E                           <tr>
E                             <td>traceback</td>
E                             <td class="code"><pre>&lt;traceback object at 0x108867880&gt;</pre></td>
E                           </tr>
E                         
E                       </tbody>
E                     </table>
E                     </details>
E                   
E                 </li>
E               
E                 
E                 <li class="frame django">
E                   
E                     <code class="fname">/Users/mohamedbechirdiarra/Downloads/prototypeGamma/Backend/venv/lib/python3.13/site-packages/django/db/utils.py</code>, line 98, in inner
E                   
E         
E                   
E                     <div class="context" id="c4437997696">
E                       
E                         <ol start="91" class="pre-context" id="pre4437997696">
E                         
E                           <li onclick="toggle('pre4437997696', 'post4437997696')"><pre>                raise dj_exc_value.with_traceback(traceback) from exc_value</pre></li>
E                         
E                           <li onclick="toggle('pre4437997696', 'post4437997696')"><pre></pre></li>
E                         
E                           <li onclick="toggle('pre4437997696', 'post4437997696')"><pre>    def __call__(self, func):</pre></li>
E                         
E                           <li onclick="toggle('pre4437997696', 'post4437997696')"><pre>        # Note that we are intentionally not using @wraps here for performance</pre></li>
E                         
E                           <li onclick="toggle('pre4437997696', 'post4437997696')"><pre>        # reasons. Refs #21109.</pre></li>
E                         
E                           <li onclick="toggle('pre4437997696', 'post4437997696')"><pre>        def inner(*args, **kwargs):</pre></li>
E                         
E                           <li onclick="toggle('pre4437997696', 'post4437997696')"><pre>            with self:</pre></li>
E                         
E                         </ol>
E                       
E                       <ol start="98" class="context-line">
E                         <li onclick="toggle('pre4437997696', 'post4437997696')"><pre>                return func(*args, **kwargs)
E                                    ^^^^^^^^^^^^^^^^^^^^^</pre> <span>…</span></li>
E                       </ol>
E                       
E                         <ol start='99' class="post-context" id="post4437997696">
E                           
E                           <li onclick="toggle('pre4437997696', 'post4437997696')"><pre></pre></li>
E                           
E                           <li onclick="toggle('pre4437997696', 'post4437997696')"><pre>        return inner</pre></li>
E                           
E                           <li onclick="toggle('pre4437997696', 'post4437997696')"><pre></pre></li>
E                           
E                           <li onclick="toggle('pre4437997696', 'post4437997696')"><pre></pre></li>
E                           
E                           <li onclick="toggle('pre4437997696', 'post4437997696')"><pre>def load_backend(backend_name):</pre></li>
E                           
E                           <li onclick="toggle('pre4437997696', 'post4437997696')"><pre>    &quot;&quot;&quot;</pre></li>
E                           
E                       </ol>
E                       
E                     </div>
E                   
E         
E                   
E                     
E                       <details>
E                         <summary class="commands">Local vars</summary>
E                     
E                     <table class="vars" id="v4437997696">
E                       <thead>
E                         <tr>
E                           <th scope="col">Variable</th>
E                           <th scope="col">Value</th>
E                         </tr>
E                       </thead>
E                       <tbody>
E                         
E                           <tr>
E                             <td>args</td>
E                             <td class="code"><pre>()</pre></td>
E                           </tr>
E                         
E                           <tr>
E                             <td>func</td>
E                             <td class="code"><pre>&lt;built-in method fetchone of SQLiteCursorWrapper object at 0x1087b6330&gt;</pre></td>
E                           </tr>
E                         
E                           <tr>
E                             <td>kwargs</td>
E                             <td class="code"><pre>{}</pre></td>
E                           </tr>
E                         
E                           <tr>
E                             <td>self</td>
E                             <td class="code"><pre>&lt;django.db.utils.DatabaseErrorWrapper object at 0x10890e670&gt;</pre></td>
E                           </tr>
E                         
E                       </tbody>
E                     </table>
E                     </details>
E                   
E                 </li>
E               
E             </ul>
E           </div>
E         
E           <form action="https://dpaste.com/" name="pasteform" id="pasteform" method="post">
E           <div id="pastebinTraceback" class="pastebin">
E             <input type="hidden" name="language" value="PythonConsole">
E             <input type="hidden" name="title"
E               value="IntegrityError at /users/login/">
E             <input type="hidden" name="source" value="Django Dpaste Agent">
E             <input type="hidden" name="poster" value="Django">
E             <textarea name="content" id="traceback_area" cols="140" rows="25">
E         Environment:
E         
E         
E         Request Method: POST
E         Request URL: http://127.0.0.1:8000/users/login/
E         
E         Django Version: 5.2.4
E         Python Version: 3.13.5
E         Installed Applications:
E         [&#x27;django.contrib.admin&#x27;,
E          &#x27;django.contrib.auth&#x27;,
E          &#x27;django.contrib.contenttypes&#x27;,
E          &#x27;django.contrib.sessions&#x27;,
E          &#x27;django.contrib.messages&#x27;,
E          &#x27;django.contrib.staticfiles&#x27;,
E          &#x27;rest_framework&#x27;,
E          &#x27;corsheaders&#x27;,
E          &#x27;users&#x27;,
E          &#x27;depannage&#x27;,
E          &#x27;rest_framework_simplejwt&#x27;,
E          &#x27;rest_framework_simplejwt.token_blacklist&#x27;,
E          &#x27;channels&#x27;]
E         Installed Middleware:
E         [&#x27;corsheaders.middleware.CorsMiddleware&#x27;,
E          &#x27;django.middleware.security.SecurityMiddleware&#x27;,
E          &#x27;django.contrib.sessions.middleware.SessionMiddleware&#x27;,
E          &#x27;django.middleware.common.CommonMiddleware&#x27;,
E          &#x27;django.middleware.csrf.CsrfViewMiddleware&#x27;,
E          &#x27;django.contrib.auth.middleware.AuthenticationMiddleware&#x27;,
E          &#x27;django.contrib.messages.middleware.MessageMiddleware&#x27;,
E          &#x27;django.middleware.clickjacking.XFrameOptionsMiddleware&#x27;,
E          &#x27;auth.middleware.JWTSecurityMiddleware&#x27;,
E          &#x27;auth.middleware.TokenValidationMiddleware&#x27;]
E         
E         
E         
E         Traceback (most recent call last):
E           File "/Users/mohamedbechirdiarra/Downloads/prototypeGamma/Backend/venv/lib/python3.13/site-packages/django/db/utils.py", line 98, in inner
E             return func(*args, **kwargs)
E                    ^^^^^^^^^^^^^^^^^^^^^
E         
E         The above exception (FOREIGN KEY constraint failed) was the direct cause of the following exception:
E           File "/Users/mohamedbechirdiarra/Downloads/prototypeGamma/Backend/venv/lib/python3.13/site-packages/django/core/handlers/exception.py", line 42, in inner
E             response = await get_response(request)
E                        ^^^^^^^^^^^^^^^^^^^^^^^^^^^
E           File "/Users/mohamedbechirdiarra/Downloads/prototypeGamma/Backend/venv/lib/python3.13/site-packages/django/core/handlers/base.py", line 253, in _get_response_async
E             response = await wrapped_callback(
E                        
E           File "/Users/mohamedbechirdiarra/Downloads/prototypeGamma/Backend/venv/lib/python3.13/site-packages/django/views/decorators/csrf.py", line 65, in _view_wrapper
E             return view_func(request, *args, **kwargs)
E                    ^^^^^^^^^^^^^^^^^^^^^^^^^^^^^^^^^^^
E           File "/Users/mohamedbechirdiarra/Downloads/prototypeGamma/Backend/venv/lib/python3.13/site-packages/rest_framework/viewsets.py", line 125, in view
E             return self.dispatch(request, *args, **kwargs)
E                    ^^^^^^^^^^^^^^^^^^^^^^^^^^^^^^^^^^^^^^^
E           File "/Users/mohamedbechirdiarra/Downloads/prototypeGamma/Backend/users/views.py", line 641, in dispatch
E             return super().dispatch(request, *args, **kwargs)
E                    ^^^^^^^^^^^^^^^^^^^^^^^^^^^^^^^^^^^^^^^^^^
E           File "/Users/mohamedbechirdiarra/Downloads/prototypeGamma/Backend/venv/lib/python3.13/site-packages/rest_framework/views.py", line 515, in dispatch
E             response = self.handle_exception(exc)
E                        ^^^^^^^^^^^^^^^^^^^^^^^^^^
E           File "/Users/mohamedbechirdiarra/Downloads/prototypeGamma/Backend/venv/lib/python3.13/site-packages/rest_framework/views.py", line 475, in handle_exception
E             self.raise_uncaught_exception(exc)
E             ^^^^^^^^^^^^^^^^^^^^^^^^^^^^^^^^^^
E           File "/Users/mohamedbechirdiarra/Downloads/prototypeGamma/Backend/venv/lib/python3.13/site-packages/rest_framework/views.py", line 486, in raise_uncaught_exception
E             raise exc
E             ^^^^^^^^^
E           File "/Users/mohamedbechirdiarra/Downloads/prototypeGamma/Backend/venv/lib/python3.13/site-packages/rest_framework/views.py", line 512, in dispatch
E             response = handler(request, *args, **kwargs)
E                        ^^^^^^^^^^^^^^^^^^^^^^^^^^^^^^^^^
E           File "/Users/mohamedbechirdiarra/Downloads/prototypeGamma/Backend/users/views.py", line 382, in login
E             log_event(request, &#x27;login&#x27;, &#x27;success&#x27;, risk_score=risk_score, metadata={}, user=user)
E             ^^^^^^^^^^^^^^^^^^^^^^^^^^^^^^^^^^^^^^^^^^^^^^^^^^^^^^^^^^^^^^^^^^^^^^^^^^^^^^^^^^^^^
E           File "/Users/mohamedbechirdiarra/Downloads/prototypeGamma/Backend/users/utils.py", line 14, in log_event
E             AuditLog.objects.create(
E             ^
E           File "/Users/mohamedbechirdiarra/Downloads/prototypeGamma/Backend/venv/lib/python3.13/site-packages/django/db/models/manager.py", line 87, in manager_method
E             return getattr(self.get_queryset(), name)(*args, **kwargs)
E                    ^^^^^^^^^^^^^^^^^^^^^^^^^^^^^^^^^^^^^^^^^^^^^^^^^^^
E           File "/Users/mohamedbechirdiarra/Downloads/prototypeGamma/Backend/venv/lib/python3.13/site-packages/django/db/models/query.py", line 663, in create
E             obj.save(force_insert=True, using=self.db)
E             ^^^^^^^^^^^^^^^^^^^^^^^^^^^^^^^^^^^^^^^^^^
E           File "/Users/mohamedbechirdiarra/Downloads/prototypeGamma/Backend/venv/lib/python3.13/site-packages/django/db/models/base.py", line 902, in save
E             self.save_base(
E             ^
E           File "/Users/mohamedbechirdiarra/Downloads/prototypeGamma/Backend/venv/lib/python3.13/site-packages/django/db/models/base.py", line 1008, in save_base
E             updated = self._save_table(
E                       
E           File "/Users/mohamedbechirdiarra/Downloads/prototypeGamma/Backend/venv/lib/python3.13/site-packages/django/db/models/base.py", line 1169, in _save_table
E             results = self._do_insert(
E                       
E           File "/Users/mohamedbechirdiarra/Downloads/prototypeGamma/Backend/venv/lib/python3.13/site-packages/django/db/models/base.py", line 1210, in _do_insert
E             return manager._insert(
E                    
E           File "/Users/mohamedbechirdiarra/Downloads/prototypeGamma/Backend/venv/lib/python3.13/site-packages/django/db/models/manager.py", line 87, in manager_method
E             return getattr(self.get_queryset(), name)(*args, **kwargs)
E                    ^^^^^^^^^^^^^^^^^^^^^^^^^^^^^^^^^^^^^^^^^^^^^^^^^^^
E           File "/Users/mohamedbechirdiarra/Downloads/prototypeGamma/Backend/venv/lib/python3.13/site-packages/django/db/models/query.py", line 1868, in _insert
E             return query.get_compiler(using=using).execute_sql(returning_fields)
E                    ^^^^^^^^^^^^^^^^^^^^^^^^^^^^^^^^^^^^^^^^^^^^^^^^^^^^^^^^^^^^^
E           File "/Users/mohamedbechirdiarra/Downloads/prototypeGamma/Backend/venv/lib/python3.13/site-packages/django/db/models/sql/compiler.py", line 1894, in execute_sql
E             self.connection.ops.fetch_returned_insert_columns(
E             ^
E           File "/Users/mohamedbechirdiarra/Downloads/prototypeGamma/Backend/venv/lib/python3.13/site-packages/django/db/backends/base/operations.py", line 215, in fetch_returned_insert_columns
E             return cursor.fetchone()
E                    ^^^^^^^^^^^^^^^^^
E           File "/Users/mohamedbechirdiarra/Downloads/prototypeGamma/Backend/venv/lib/python3.13/site-packages/django/db/utils.py", line 97, in inner
E             with self:
E                  ^^^^
E           File "/Users/mohamedbechirdiarra/Downloads/prototypeGamma/Backend/venv/lib/python3.13/site-packages/django/db/utils.py", line 91, in __exit__
E             raise dj_exc_value.with_traceback(traceback) from exc_value
E             ^^^^^^^^^^^^^^^^^^^^^^^^^^^^^^^^^^^^^^^^^^^^^^^^^^^^^^^^^^^
E           File "/Users/mohamedbechirdiarra/Downloads/prototypeGamma/Backend/venv/lib/python3.13/site-packages/django/db/utils.py", line 98, in inner
E             return func(*args, **kwargs)
E                    ^^^^^^^^^^^^^^^^^^^^^
E         
E         Exception Type: IntegrityError at /users/login/
E         Exception Value: FOREIGN KEY constraint failed
E         </textarea>
E           <br><br>
E           <input type="submit" value="Share this traceback on a public website">
E           </div>
E         </form>
E         
E         </div>
E         
E         
E         <div id="requestinfo">
E           <h2>Request information</h2>
E         
E         
E           
E             <h3 id="user-info">USER</h3>
E             <p>AnonymousUser</p>
E           
E         
E           <h3 id="get-info">GET</h3>
E           
E             <p>No GET data</p>
E           
E         
E           <h3 id="post-info">POST</h3>
E           
E             <p>No POST data</p>
E           
E         
E           <h3 id="files-info">FILES</h3>
E           
E             <p>No FILES data</p>
E           
E         
E           <h3 id="cookie-info">COOKIES</h3>
E           
E             <p>No cookie data</p>
E           
E         
E           <h3 id="meta-info">META</h3>
E           <table class="req">
E             <thead>
E               <tr>
E                 <th scope="col">Variable</th>
E                 <th scope="col">Value</th>
E               </tr>
E             </thead>
E             <tbody>
E               
E                 <tr>
E                   <td>CONTENT_LENGTH</td>
E                   <td class="code"><pre>&#x27;69&#x27;</pre></td>
E                 </tr>
E               
E                 <tr>
E                   <td>CONTENT_TYPE</td>
E                   <td class="code"><pre>&#x27;application/json&#x27;</pre></td>
E                 </tr>
E               
E                 <tr>
E                   <td>HTTP_ACCEPT</td>
E                   <td class="code"><pre>&#x27;*/*&#x27;</pre></td>
E                 </tr>
E               
E                 <tr>
E                   <td>HTTP_ACCEPT_ENCODING</td>
E                   <td class="code"><pre>&#x27;gzip, deflate&#x27;</pre></td>
E                 </tr>
E               
E                 <tr>
E                   <td>HTTP_CONNECTION</td>
E                   <td class="code"><pre>&#x27;keep-alive&#x27;</pre></td>
E                 </tr>
E               
E                 <tr>
E                   <td>HTTP_HOST</td>
E                   <td class="code"><pre>&#x27;127.0.0.1:8000&#x27;</pre></td>
E                 </tr>
E               
E                 <tr>
E                   <td>HTTP_USER_AGENT</td>
E                   <td class="code"><pre>&#x27;python-requests/2.32.4&#x27;</pre></td>
E                 </tr>
E               
E                 <tr>
E                   <td>PATH_INFO</td>
E                   <td class="code"><pre>&#x27;/users/login/&#x27;</pre></td>
E                 </tr>
E               
E                 <tr>
E                   <td>QUERY_STRING</td>
E                   <td class="code"><pre>&#x27;&#x27;</pre></td>
E                 </tr>
E               
E                 <tr>
E                   <td>REMOTE_ADDR</td>
E                   <td class="code"><pre>&#x27;127.0.0.1&#x27;</pre></td>
E                 </tr>
E               
E                 <tr>
E                   <td>REMOTE_HOST</td>
E                   <td class="code"><pre>&#x27;127.0.0.1&#x27;</pre></td>
E                 </tr>
E               
E                 <tr>
E                   <td>REMOTE_PORT</td>
E                   <td class="code"><pre>53687</pre></td>
E                 </tr>
E               
E                 <tr>
E                   <td>REQUEST_METHOD</td>
E                   <td class="code"><pre>&#x27;POST&#x27;</pre></td>
E                 </tr>
E               
E                 <tr>
E                   <td>SCRIPT_NAME</td>
E                   <td class="code"><pre>&#x27;&#x27;</pre></td>
E                 </tr>
E               
E                 <tr>
E                   <td>SERVER_NAME</td>
E                   <td class="code"><pre>&#x27;127.0.0.1&#x27;</pre></td>
E                 </tr>
E               
E                 <tr>
E                   <td>SERVER_PORT</td>
E                   <td class="code"><pre>&#x27;8000&#x27;</pre></td>
E                 </tr>
E               
E                 <tr>
E                   <td>wsgi.multiprocess</td>
E                   <td class="code"><pre>True</pre></td>
E                 </tr>
E               
E                 <tr>
E                   <td>wsgi.multithread</td>
E                   <td class="code"><pre>True</pre></td>
E                 </tr>
E               
E             </tbody>
E           </table>
E         
E         
E           <h3 id="settings-info">Settings</h3>
E           <h4>Using settings module <code>Backend.auth.settings</code></h4>
E           <table class="req">
E             <thead>
E               <tr>
E                 <th scope="col">Setting</th>
E                 <th scope="col">Value</th>
E               </tr>
E             </thead>
E             <tbody>
E               
E                 <tr>
E                   <td>ABSOLUTE_URL_OVERRIDES</td>
E                   <td class="code"><pre>{}</pre></td>
E                 </tr>
E               
E                 <tr>
E                   <td>ADMINS</td>
E                   <td class="code"><pre>[]</pre></td>
E                 </tr>
E               
E                 <tr>
E                   <td>ALLOWED_HOSTS</td>
E                   <td class="code"><pre>[&#x27;127.0.0.1&#x27;, &#x27;localhost&#x27;, &#x27;testserver&#x27;]</pre></td>
E                 </tr>
E               
E                 <tr>
E                   <td>APPEND_SLASH</td>
E                   <td class="code"><pre>True</pre></td>
E                 </tr>
E               
E                 <tr>
E                   <td>ASGI_APPLICATION</td>
E                   <td class="code"><pre>&#x27;auth.asgi.application&#x27;</pre></td>
E                 </tr>
E               
E                 <tr>
E                   <td>AUTHENTICATION_BACKENDS</td>
E                   <td class="code"><pre>&#x27;********************&#x27;</pre></td>
E                 </tr>
E               
E                 <tr>
E                   <td>AUTH_PASSWORD_VALIDATORS</td>
E                   <td class="code"><pre>&#x27;********************&#x27;</pre></td>
E                 </tr>
E               
E                 <tr>
E                   <td>AUTH_USER_MODEL</td>
E                   <td class="code"><pre>&#x27;********************&#x27;</pre></td>
E                 </tr>
E               
E                 <tr>
E                   <td>BASE_DIR</td>
E                   <td class="code"><pre>PosixPath(&#x27;/Users/mohamedbechirdiarra/Downloads/prototypeGamma/Backend&#x27;)</pre></td>
E                 </tr>
E               
E                 <tr>
E                   <td>BASE_URL</td>
E                   <td class="code"><pre>&#x27;http://127.0.0.1:8000&#x27;</pre></td>
E                 </tr>
E               
E                 <tr>
E                   <td>CACHES</td>
E                   <td class="code"><pre>{&#x27;default&#x27;: {&#x27;BACKEND&#x27;: &#x27;django.core.cache.backends.locmem.LocMemCache&#x27;,
E                      &#x27;LOCATION&#x27;: &#x27;unique-snowflake&#x27;,
E                      &#x27;OPTIONS&#x27;: {&#x27;MAX_ENTRIES&#x27;: 1000},
E                      &#x27;TIMEOUT&#x27;: 300}}</pre></td>
E                 </tr>
E               
E                 <tr>
E                   <td>CACHE_MIDDLEWARE_ALIAS</td>
E                   <td class="code"><pre>&#x27;default&#x27;</pre></td>
E                 </tr>
E               
E                 <tr>
E                   <td>CACHE_MIDDLEWARE_KEY_PREFIX</td>
E                   <td class="code"><pre>&#x27;********************&#x27;</pre></td>
E                 </tr>
E               
E                 <tr>
E                   <td>CACHE_MIDDLEWARE_SECONDS</td>
E                   <td class="code"><pre>600</pre></td>
E                 </tr>
E               
E                 <tr>
E                   <td>CHANNEL_LAYERS</td>
E                   <td class="code"><pre>{&#x27;default&#x27;: {&#x27;BACKEND&#x27;: &#x27;channels.layers.InMemoryChannelLayer&#x27;}}</pre></td>
E                 </tr>
E               
E                 <tr>
E                   <td>CINETPAY_API_KEY</td>
E                   <td class="code"><pre>&#x27;********************&#x27;</pre></td>
E                 </tr>
E               
E                 <tr>
E                   <td>CINETPAY_CONFIG</td>
E                   <td class="code"><pre>{&#x27;API_KEY&#x27;: &#x27;********************&#x27;,
E          &#x27;API_URL&#x27;: &#x27;********************&#x27;,
E          &#x27;CURRENCY&#x27;: &#x27;XOF&#x27;,
E          &#x27;ENVIRONMENT&#x27;: &#x27;Production&#x27;,
E          &#x27;LANG&#x27;: &#x27;fr&#x27;,
E          &#x27;MODE&#x27;: &#x27;PRODUCTION&#x27;,
E          &#x27;SECRET_KEY&#x27;: &#x27;********************&#x27;,
E          &#x27;SITE_ID&#x27;: &#x27;105899471&#x27;,
E          &#x27;USE_SIMULATOR&#x27;: False}</pre></td>
E                 </tr>
E               
E                 <tr>
E                   <td>CINETPAY_ENVIRONMENT</td>
E                   <td class="code"><pre>&#x27;Production&#x27;</pre></td>
E                 </tr>
E               
E                 <tr>
E                   <td>CINETPAY_SECRET_KEY</td>
E                   <td class="code"><pre>&#x27;********************&#x27;</pre></td>
E                 </tr>
E               
E                 <tr>
E                   <td>CINETPAY_SITE_ID</td>
E                   <td class="code"><pre>&#x27;105899471&#x27;</pre></td>
E                 </tr>
E               
E                 <tr>
E                   <td>CINETPAY_USE_SIMULATOR</td>
E                   <td class="code"><pre>False</pre></td>
E                 </tr>
E               
E                 <tr>
E                   <td>CORS_ALLOWED_HEADERS</td>
E                   <td class="code"><pre>[&#x27;Content-Type&#x27;, &#x27;Authorization&#x27;, &#x27;X-Requested-With&#x27;]</pre></td>
E                 </tr>
E               
E                 <tr>
E                   <td>CORS_ALLOWED_METHODS</td>
E                   <td class="code"><pre>[&#x27;GET&#x27;, &#x27;POST&#x27;, &#x27;PUT&#x27;, &#x27;DELETE&#x27;, &#x27;OPTIONS&#x27;]</pre></td>
E                 </tr>
E               
E                 <tr>
E                   <td>CORS_ALLOWED_ORIGINS</td>
E                   <td class="code"><pre>[&#x27;http://localhost:5173&#x27;,
E          &#x27;http://127.0.0.1:5173&#x27;,
E          &#x27;http://localhost:8000&#x27;,
E          &#x27;http://127.0.0.1:8000&#x27;]</pre></td>
E                 </tr>
E               
E                 <tr>
E                   <td>CORS_ALLOW_ALL_ORIGINS</td>
E                   <td class="code"><pre>True</pre></td>
E                 </tr>
E               
E                 <tr>
E                   <td>CORS_ALLOW_CREDENTIALS</td>
E                   <td class="code"><pre>True</pre></td>
E                 </tr>
E               
E                 <tr>
E                   <td>CSRF_COOKIE_AGE</td>
E                   <td class="code"><pre>31449600</pre></td>
E                 </tr>
E               
E                 <tr>
E                   <td>CSRF_COOKIE_DOMAIN</td>
E                   <td class="code"><pre>None</pre></td>
E                 </tr>
E               
E                 <tr>
E                   <td>CSRF_COOKIE_HTTPONLY</td>
E                   <td class="code"><pre>True</pre></td>
E                 </tr>
E               
E                 <tr>
E                   <td>CSRF_COOKIE_NAME</td>
E                   <td class="code"><pre>&#x27;csrftoken&#x27;</pre></td>
E                 </tr>
E               
E                 <tr>
E                   <td>CSRF_COOKIE_PATH</td>
E                   <td class="code"><pre>&#x27;/&#x27;</pre></td>
E                 </tr>
E               
E                 <tr>
E                   <td>CSRF_COOKIE_SAMESITE</td>
E                   <td class="code"><pre>&#x27;Lax&#x27;</pre></td>
E                 </tr>
E               
E                 <tr>
E                   <td>CSRF_COOKIE_SECURE</td>
E                   <td class="code"><pre>True</pre></td>
E                 </tr>
E               
E                 <tr>
E                   <td>CSRF_FAILURE_VIEW</td>
E                   <td class="code"><pre>&#x27;django.views.csrf.csrf_failure&#x27;</pre></td>
E                 </tr>
E               
E                 <tr>
E                   <td>CSRF_HEADER_NAME</td>
E                   <td class="code"><pre>&#x27;HTTP_X_CSRFTOKEN&#x27;</pre></td>
E                 </tr>
E               
E                 <tr>
E                   <td>CSRF_TRUSTED_ORIGINS</td>
E                   <td class="code"><pre>[&#x27;http://localhost:3000&#x27;, &#x27;http://127.0.0.1:3000&#x27;]</pre></td>
E                 </tr>
E               
E                 <tr>
E                   <td>CSRF_USE_SESSIONS</td>
E                   <td class="code"><pre>False</pre></td>
E                 </tr>
E               
E                 <tr>
E                   <td>DATABASES</td>
E                   <td class="code"><pre>{&#x27;default&#x27;: {&#x27;ATOMIC_REQUESTS&#x27;: False,
E                      &#x27;AUTOCOMMIT&#x27;: True,
E                      &#x27;CONN_HEALTH_CHECKS&#x27;: False,
E                      &#x27;CONN_MAX_AGE&#x27;: 0,
E                      &#x27;ENGINE&#x27;: &#x27;django.db.backends.sqlite3&#x27;,
E                      &#x27;HOST&#x27;: &#x27;&#x27;,
E                      &#x27;NAME&#x27;: PosixPath(&#x27;/Users/mohamedbechirdiarra/Downloads/prototypeGamma/Backend/db.sqlite3&#x27;),
E                      &#x27;OPTIONS&#x27;: {},
E                      &#x27;PASSWORD&#x27;: &#x27;********************&#x27;,
E                      &#x27;PORT&#x27;: &#x27;&#x27;,
E                      &#x27;TEST&#x27;: {&#x27;CHARSET&#x27;: None,
E                               &#x27;COLLATION&#x27;: None,
E                               &#x27;MIGRATE&#x27;: True,
E                               &#x27;MIRROR&#x27;: None,
E                               &#x27;NAME&#x27;: None},
E                      &#x27;TIME_ZONE&#x27;: None,
E                      &#x27;USER&#x27;: &#x27;&#x27;}}</pre></td>
E                 </tr>
E               
E                 <tr>
E                   <td>DATABASE_ROUTERS</td>
E                   <td class="code"><pre>[]</pre></td>
E                 </tr>
E               
E                 <tr>
E                   <td>DATA_UPLOAD_MAX_MEMORY_SIZE</td>
E                   <td class="code"><pre>2621440</pre></td>
E                 </tr>
E               
E                 <tr>
E                   <td>DATA_UPLOAD_MAX_NUMBER_FIELDS</td>
E                   <td class="code"><pre>1000</pre></td>
E                 </tr>
E               
E                 <tr>
E                   <td>DATA_UPLOAD_MAX_NUMBER_FILES</td>
E                   <td class="code"><pre>100</pre></td>
E                 </tr>
E               
E                 <tr>
E                   <td>DATETIME_FORMAT</td>
E                   <td class="code"><pre>&#x27;N j, Y, P&#x27;</pre></td>
E                 </tr>
E               
E                 <tr>
E                   <td>DATETIME_INPUT_FORMATS</td>
E                   <td class="code"><pre>[&#x27;%Y-%m-%d %H:%M:%S&#x27;,
E          &#x27;%Y-%m-%d %H:%M:%S.%f&#x27;,
E          &#x27;%Y-%m-%d %H:%M&#x27;,
E          &#x27;%m/%d/%Y %H:%M:%S&#x27;,
E          &#x27;%m/%d/%Y %H:%M:%S.%f&#x27;,
E          &#x27;%m/%d/%Y %H:%M&#x27;,
E          &#x27;%m/%d/%y %H:%M:%S&#x27;,
E          &#x27;%m/%d/%y %H:%M:%S.%f&#x27;,
E          &#x27;%m/%d/%y %H:%M&#x27;]</pre></td>
E                 </tr>
E               
E                 <tr>
E                   <td>DATE_FORMAT</td>
E                   <td class="code"><pre>&#x27;N j, Y&#x27;</pre></td>
E                 </tr>
E               
E                 <tr>
E                   <td>DATE_INPUT_FORMATS</td>
E                   <td class="code"><pre>[&#x27;%Y-%m-%d&#x27;,
E          &#x27;%m/%d/%Y&#x27;,
E          &#x27;%m/%d/%y&#x27;,
E          &#x27;%b %d %Y&#x27;,
E          &#x27;%b %d, %Y&#x27;,
E          &#x27;%d %b %Y&#x27;,
E          &#x27;%d %b, %Y&#x27;,
E          &#x27;%B %d %Y&#x27;,
E          &#x27;%B %d, %Y&#x27;,
E          &#x27;%d %B %Y&#x27;,
E          &#x27;%d %B, %Y&#x27;]</pre></td>
E                 </tr>
E               
E                 <tr>
E                   <td>DEBUG</td>
E                   <td class="code"><pre>True</pre></td>
E                 </tr>
E               
E                 <tr>
E                   <td>DEBUG_PROPAGATE_EXCEPTIONS</td>
E                   <td class="code"><pre>False</pre></td>
E                 </tr>
E               
E                 <tr>
E                   <td>DECIMAL_SEPARATOR</td>
E                   <td class="code"><pre>&#x27;.&#x27;</pre></td>
E                 </tr>
E               
E                 <tr>
E                   <td>DEFAULT_AUTO_FIELD</td>
E                   <td class="code"><pre>&#x27;django.db.models.BigAutoField&#x27;</pre></td>
E                 </tr>
E               
E                 <tr>
E                   <td>DEFAULT_CHARSET</td>
E                   <td class="code"><pre>&#x27;utf-8&#x27;</pre></td>
E                 </tr>
E               
E                 <tr>
E                   <td>DEFAULT_EXCEPTION_REPORTER</td>
E                   <td class="code"><pre>&#x27;django.views.debug.ExceptionReporter&#x27;</pre></td>
E                 </tr>
E               
E                 <tr>
E                   <td>DEFAULT_EXCEPTION_REPORTER_FILTER</td>
E                   <td class="code"><pre>&#x27;django.views.debug.SafeExceptionReporterFilter&#x27;</pre></td>
E                 </tr>
E               
E                 <tr>
E                   <td>DEFAULT_FROM_EMAIL</td>
E                   <td class="code"><pre>&#x27;webmaster@localhost&#x27;</pre></td>
E                 </tr>
E               
E                 <tr>
E                   <td>DEFAULT_INDEX_TABLESPACE</td>
E                   <td class="code"><pre>&#x27;&#x27;</pre></td>
E                 </tr>
E               
E                 <tr>
E                   <td>DEFAULT_TABLESPACE</td>
E                   <td class="code"><pre>&#x27;&#x27;</pre></td>
E                 </tr>
E               
E                 <tr>
E                   <td>DISALLOWED_USER_AGENTS</td>
E                   <td class="code"><pre>[]</pre></td>
E                 </tr>
E               
E                 <tr>
E                   <td>EMAIL_BACKEND</td>
E                   <td class="code"><pre>&#x27;django.core.mail.backends.console.EmailBackend&#x27;</pre></td>
E                 </tr>
E               
E                 <tr>
E                   <td>EMAIL_HOST</td>
E                   <td class="code"><pre>&#x27;localhost&#x27;</pre></td>
E                 </tr>
E               
E                 <tr>
E                   <td>EMAIL_HOST_PASSWORD</td>
E                   <td class="code"><pre>&#x27;********************&#x27;</pre></td>
E                 </tr>
E               
E                 <tr>
E                   <td>EMAIL_HOST_USER</td>
E                   <td class="code"><pre>&#x27;&#x27;</pre></td>
E                 </tr>
E               
E                 <tr>
E                   <td>EMAIL_PORT</td>
E                   <td class="code"><pre>1025</pre></td>
E                 </tr>
E               
E                 <tr>
E                   <td>EMAIL_SSL_CERTFILE</td>
E                   <td class="code"><pre>None</pre></td>
E                 </tr>
E               
E                 <tr>
E                   <td>EMAIL_SSL_KEYFILE</td>
E                   <td class="code"><pre>&#x27;********************&#x27;</pre></td>
E                 </tr>
E               
E                 <tr>
E                   <td>EMAIL_SUBJECT_PREFIX</td>
E                   <td class="code"><pre>&#x27;[Django] &#x27;</pre></td>
E                 </tr>
E               
E                 <tr>
E                   <td>EMAIL_TIMEOUT</td>
E                   <td class="code"><pre>None</pre></td>
E                 </tr>
E               
E                 <tr>
E                   <td>EMAIL_USE_LOCALTIME</td>
E                   <td class="code"><pre>False</pre></td>
E                 </tr>
E               
E                 <tr>
E                   <td>EMAIL_USE_SSL</td>
E                   <td class="code"><pre>False</pre></td>
E                 </tr>
E               
E                 <tr>
E                   <td>EMAIL_USE_TLS</td>
E                   <td class="code"><pre>False</pre></td>
E                 </tr>
E               
E                 <tr>
E                   <td>FILE_UPLOAD_DIRECTORY_PERMISSIONS</td>
E                   <td class="code"><pre>None</pre></td>
E                 </tr>
E               
E                 <tr>
E                   <td>FILE_UPLOAD_HANDLERS</td>
E                   <td class="code"><pre>[&#x27;django.core.files.uploadhandler.MemoryFileUploadHandler&#x27;,
E          &#x27;django.core.files.uploadhandler.TemporaryFileUploadHandler&#x27;]</pre></td>
E                 </tr>
E               
E                 <tr>
E                   <td>FILE_UPLOAD_MAX_MEMORY_SIZE</td>
E                   <td class="code"><pre>2621440</pre></td>
E                 </tr>
E               
E                 <tr>
E                   <td>FILE_UPLOAD_PERMISSIONS</td>
E                   <td class="code"><pre>420</pre></td>
E                 </tr>
E               
E                 <tr>
E                   <td>FILE_UPLOAD_TEMP_DIR</td>
E                   <td class="code"><pre>None</pre></td>
E                 </tr>
E               
E                 <tr>
E                   <td>FIRST_DAY_OF_WEEK</td>
E                   <td class="code"><pre>0</pre></td>
E                 </tr>
E               
E                 <tr>
E                   <td>FIXTURE_DIRS</td>
E                   <td class="code"><pre>[]</pre></td>
E                 </tr>
E               
E                 <tr>
E                   <td>FORCE_SCRIPT_NAME</td>
E                   <td class="code"><pre>None</pre></td>
E                 </tr>
E               
E                 <tr>
E                   <td>FORMAT_MODULE_PATH</td>
E                   <td class="code"><pre>None</pre></td>
E                 </tr>
E               
E                 <tr>
E                   <td>FORMS_URLFIELD_ASSUME_HTTPS</td>
E                   <td class="code"><pre>False</pre></td>
E                 </tr>
E               
E                 <tr>
E                   <td>FORM_RENDERER</td>
E                   <td class="code"><pre>&#x27;django.forms.renderers.DjangoTemplates&#x27;</pre></td>
E                 </tr>
E               
E                 <tr>
E                   <td>FRONTEND_URL</td>
E                   <td class="code"><pre>&#x27;http://127.0.0.1:5173&#x27;</pre></td>
E                 </tr>
E               
E                 <tr>
E                   <td>GDAL_LIBRARY_PATH</td>
E                   <td class="code"><pre>&#x27;C:\\OSGeo4W\\bin\\gdal311.dll&#x27;</pre></td>
E                 </tr>
E               
E                 <tr>
E                   <td>GEOLOCATION_SETTINGS</td>
E                   <td class="code"><pre>{&#x27;CACHE_TIMEOUT&#x27;: 3600, &#x27;DEFAULT_RADIUS_KM&#x27;: 10, &#x27;MAX_RADIUS_KM&#x27;: 50}</pre></td>
E                 </tr>
E               
E                 <tr>
E                   <td>GEOS_LIBRARY_PATH</td>
E                   <td class="code"><pre>&#x27;C:\\OSGeo4W\\bin\\geos_c.dll&#x27;</pre></td>
E                 </tr>
E               
E                 <tr>
E                   <td>IGNORABLE_404_URLS</td>
E                   <td class="code"><pre>[]</pre></td>
E                 </tr>
E               
E                 <tr>
E                   <td>INSTALLED_APPS</td>
E                   <td class="code"><pre>[&#x27;django.contrib.admin&#x27;,
E          &#x27;django.contrib.auth&#x27;,
E          &#x27;django.contrib.contenttypes&#x27;,
E          &#x27;django.contrib.sessions&#x27;,
E          &#x27;django.contrib.messages&#x27;,
E          &#x27;django.contrib.staticfiles&#x27;,
E          &#x27;rest_framework&#x27;,
E          &#x27;corsheaders&#x27;,
E          &#x27;users&#x27;,
E          &#x27;depannage&#x27;,
E          &#x27;rest_framework_simplejwt&#x27;,
E          &#x27;rest_framework_simplejwt.token_blacklist&#x27;,
E          &#x27;channels&#x27;]</pre></td>
E                 </tr>
E               
E                 <tr>
E                   <td>INTERNAL_IPS</td>
E                   <td class="code"><pre>[]</pre></td>
E                 </tr>
E               
E                 <tr>
E                   <td>LANGUAGES</td>
E                   <td class="code"><pre>[(&#x27;af&#x27;, &#x27;Afrikaans&#x27;),
E          (&#x27;ar&#x27;, &#x27;Arabic&#x27;),
E          (&#x27;ar-dz&#x27;, &#x27;Algerian Arabic&#x27;),
E          (&#x27;ast&#x27;, &#x27;Asturian&#x27;),
E          (&#x27;az&#x27;, &#x27;Azerbaijani&#x27;),
E          (&#x27;bg&#x27;, &#x27;Bulgarian&#x27;),
E          (&#x27;be&#x27;, &#x27;Belarusian&#x27;),
E          (&#x27;bn&#x27;, &#x27;Bengali&#x27;),
E          (&#x27;br&#x27;, &#x27;Breton&#x27;),
E          (&#x27;bs&#x27;, &#x27;Bosnian&#x27;),
E          (&#x27;ca&#x27;, &#x27;Catalan&#x27;),
E          (&#x27;ckb&#x27;, &#x27;Central Kurdish (Sorani)&#x27;),
E          (&#x27;cs&#x27;, &#x27;Czech&#x27;),
E          (&#x27;cy&#x27;, &#x27;Welsh&#x27;),
E          (&#x27;da&#x27;, &#x27;Danish&#x27;),
E          (&#x27;de&#x27;, &#x27;German&#x27;),
E          (&#x27;dsb&#x27;, &#x27;Lower Sorbian&#x27;),
E          (&#x27;el&#x27;, &#x27;Greek&#x27;),
E          (&#x27;en&#x27;, &#x27;English&#x27;),
E          (&#x27;en-au&#x27;, &#x27;Australian English&#x27;),
E          (&#x27;en-gb&#x27;, &#x27;British English&#x27;),
E          (&#x27;eo&#x27;, &#x27;Esperanto&#x27;),
E          (&#x27;es&#x27;, &#x27;Spanish&#x27;),
E          (&#x27;es-ar&#x27;, &#x27;Argentinian Spanish&#x27;),
E          (&#x27;es-co&#x27;, &#x27;Colombian Spanish&#x27;),
E          (&#x27;es-mx&#x27;, &#x27;Mexican Spanish&#x27;),
E          (&#x27;es-ni&#x27;, &#x27;Nicaraguan Spanish&#x27;),
E          (&#x27;es-ve&#x27;, &#x27;Venezuelan Spanish&#x27;),
E          (&#x27;et&#x27;, &#x27;Estonian&#x27;),
E          (&#x27;eu&#x27;, &#x27;Basque&#x27;),
E          (&#x27;fa&#x27;, &#x27;Persian&#x27;),
E          (&#x27;fi&#x27;, &#x27;Finnish&#x27;),
E          (&#x27;fr&#x27;, &#x27;French&#x27;),
E          (&#x27;fy&#x27;, &#x27;Frisian&#x27;),
E          (&#x27;ga&#x27;, &#x27;Irish&#x27;),
E          (&#x27;gd&#x27;, &#x27;Scottish Gaelic&#x27;),
E          (&#x27;gl&#x27;, &#x27;Galician&#x27;),
E          (&#x27;he&#x27;, &#x27;Hebrew&#x27;),
E          (&#x27;hi&#x27;, &#x27;Hindi&#x27;),
E          (&#x27;hr&#x27;, &#x27;Croatian&#x27;),
E          (&#x27;hsb&#x27;, &#x27;Upper Sorbian&#x27;),
E          (&#x27;hu&#x27;, &#x27;Hungarian&#x27;),
E          (&#x27;hy&#x27;, &#x27;Armenian&#x27;),
E          (&#x27;ia&#x27;, &#x27;Interlingua&#x27;),
E          (&#x27;id&#x27;, &#x27;Indonesian&#x27;),
E          (&#x27;ig&#x27;, &#x27;Igbo&#x27;),
E          (&#x27;io&#x27;, &#x27;Ido&#x27;),
E          (&#x27;is&#x27;, &#x27;Icelandic&#x27;),
E          (&#x27;it&#x27;, &#x27;Italian&#x27;),
E          (&#x27;ja&#x27;, &#x27;Japanese&#x27;),
E          (&#x27;ka&#x27;, &#x27;Georgian&#x27;),
E          (&#x27;kab&#x27;, &#x27;Kabyle&#x27;),
E          (&#x27;kk&#x27;, &#x27;Kazakh&#x27;),
E          (&#x27;km&#x27;, &#x27;Khmer&#x27;),
E          (&#x27;kn&#x27;, &#x27;Kannada&#x27;),
E          (&#x27;ko&#x27;, &#x27;Korean&#x27;),
E          (&#x27;ky&#x27;, &#x27;Kyrgyz&#x27;),
E          (&#x27;lb&#x27;, &#x27;Luxembourgish&#x27;),
E          (&#x27;lt&#x27;, &#x27;Lithuanian&#x27;),
E          (&#x27;lv&#x27;, &#x27;Latvian&#x27;),
E          (&#x27;mk&#x27;, &#x27;Macedonian&#x27;),
E          (&#x27;ml&#x27;, &#x27;Malayalam&#x27;),
E          (&#x27;mn&#x27;, &#x27;Mongolian&#x27;),
E          (&#x27;mr&#x27;, &#x27;Marathi&#x27;),
E          (&#x27;ms&#x27;, &#x27;Malay&#x27;),
E          (&#x27;my&#x27;, &#x27;Burmese&#x27;),
E          (&#x27;nb&#x27;, &#x27;Norwegian Bokmål&#x27;),
E          (&#x27;ne&#x27;, &#x27;Nepali&#x27;),
E          (&#x27;nl&#x27;, &#x27;Dutch&#x27;),
E          (&#x27;nn&#x27;, &#x27;Norwegian Nynorsk&#x27;),
E          (&#x27;os&#x27;, &#x27;Ossetic&#x27;),
E          (&#x27;pa&#x27;, &#x27;Punjabi&#x27;),
E          (&#x27;pl&#x27;, &#x27;Polish&#x27;),
E          (&#x27;pt&#x27;, &#x27;Portuguese&#x27;),
E          (&#x27;pt-br&#x27;, &#x27;Brazilian Portuguese&#x27;),
E          (&#x27;ro&#x27;, &#x27;Romanian&#x27;),
E          (&#x27;ru&#x27;, &#x27;Russian&#x27;),
E          (&#x27;sk&#x27;, &#x27;Slovak&#x27;),
E          (&#x27;sl&#x27;, &#x27;Slovenian&#x27;),
E          (&#x27;sq&#x27;, &#x27;Albanian&#x27;),
E          (&#x27;sr&#x27;, &#x27;Serbian&#x27;),
E          (&#x27;sr-latn&#x27;, &#x27;Serbian Latin&#x27;),
E          (&#x27;sv&#x27;, &#x27;Swedish&#x27;),
E          (&#x27;sw&#x27;, &#x27;Swahili&#x27;),
E          (&#x27;ta&#x27;, &#x27;Tamil&#x27;),
E          (&#x27;te&#x27;, &#x27;Telugu&#x27;),
E          (&#x27;tg&#x27;, &#x27;Tajik&#x27;),
E          (&#x27;th&#x27;, &#x27;Thai&#x27;),
E          (&#x27;tk&#x27;, &#x27;Turkmen&#x27;),
E          (&#x27;tr&#x27;, &#x27;Turkish&#x27;),
E          (&#x27;tt&#x27;, &#x27;Tatar&#x27;),
E          (&#x27;udm&#x27;, &#x27;Udmurt&#x27;),
E          (&#x27;ug&#x27;, &#x27;Uyghur&#x27;),
E          (&#x27;uk&#x27;, &#x27;Ukrainian&#x27;),
E          (&#x27;ur&#x27;, &#x27;Urdu&#x27;),
E          (&#x27;uz&#x27;, &#x27;Uzbek&#x27;),
E          (&#x27;vi&#x27;, &#x27;Vietnamese&#x27;),
E          (&#x27;zh-hans&#x27;, &#x27;Simplified Chinese&#x27;),
E          (&#x27;zh-hant&#x27;, &#x27;Traditional Chinese&#x27;)]</pre></td>
E                 </tr>
E               
E                 <tr>
E                   <td>LANGUAGES_BIDI</td>
E                   <td class="code"><pre>[&#x27;he&#x27;, &#x27;ar&#x27;, &#x27;ar-dz&#x27;, &#x27;ckb&#x27;, &#x27;fa&#x27;, &#x27;ug&#x27;, &#x27;ur&#x27;]</pre></td>
E                 </tr>
E               
E                 <tr>
E                   <td>LANGUAGE_CODE</td>
E                   <td class="code"><pre>&#x27;en-us&#x27;</pre></td>
E                 </tr>
E               
E                 <tr>
E                   <td>LANGUAGE_COOKIE_AGE</td>
E                   <td class="code"><pre>None</pre></td>
E                 </tr>
E               
E                 <tr>
E                   <td>LANGUAGE_COOKIE_DOMAIN</td>
E                   <td class="code"><pre>None</pre></td>
E                 </tr>
E               
E                 <tr>
E                   <td>LANGUAGE_COOKIE_HTTPONLY</td>
E                   <td class="code"><pre>False</pre></td>
E                 </tr>
E               
E                 <tr>
E                   <td>LANGUAGE_COOKIE_NAME</td>
E                   <td class="code"><pre>&#x27;django_language&#x27;</pre></td>
E                 </tr>
E               
E                 <tr>
E                   <td>LANGUAGE_COOKIE_PATH</td>
E                   <td class="code"><pre>&#x27;/&#x27;</pre></td>
E                 </tr>
E               
E                 <tr>
E                   <td>LANGUAGE_COOKIE_SAMESITE</td>
E                   <td class="code"><pre>None</pre></td>
E                 </tr>
E               
E                 <tr>
E                   <td>LANGUAGE_COOKIE_SECURE</td>
E                   <td class="code"><pre>False</pre></td>
E                 </tr>
E               
E                 <tr>
E                   <td>LOCALE_PATHS</td>
E                   <td class="code"><pre>[]</pre></td>
E                 </tr>
E               
E                 <tr>
E                   <td>LOGGING</td>
E                   <td class="code"><pre>{&#x27;disable_existing_loggers&#x27;: False,
E          &#x27;formatters&#x27;: {&#x27;simple&#x27;: {&#x27;format&#x27;: &#x27;{levelname} {message}&#x27;, &#x27;style&#x27;: &#x27;{&#x27;},
E                         &#x27;verbose&#x27;: {&#x27;format&#x27;: &#x27;{levelname} {asctime} {module} &#x27;
E                                               &#x27;{process:d} {thread:d} {message}&#x27;,
E                                     &#x27;style&#x27;: &#x27;{&#x27;}},
E          &#x27;handlers&#x27;: {&#x27;file&#x27;: {&#x27;class&#x27;: &#x27;logging.FileHandler&#x27;,
E                                &#x27;filename&#x27;: &#x27;django.log&#x27;,
E                                &#x27;formatter&#x27;: &#x27;verbose&#x27;,
E                                &#x27;level&#x27;: &#x27;INFO&#x27;},
E                       &#x27;security_file&#x27;: {&#x27;class&#x27;: &#x27;logging.FileHandler&#x27;,
E                                         &#x27;filename&#x27;: &#x27;security.log&#x27;,
E                                         &#x27;formatter&#x27;: &#x27;verbose&#x27;,
E                                         &#x27;level&#x27;: &#x27;WARNING&#x27;}},
E          &#x27;loggers&#x27;: {&#x27;depannage&#x27;: {&#x27;handlers&#x27;: [&#x27;file&#x27;],
E                                    &#x27;level&#x27;: &#x27;INFO&#x27;,
E                                    &#x27;propagate&#x27;: True},
E                      &#x27;django&#x27;: {&#x27;handlers&#x27;: [&#x27;file&#x27;],
E                                 &#x27;level&#x27;: &#x27;INFO&#x27;,
E                                 &#x27;propagate&#x27;: True},
E                      &#x27;django.security&#x27;: {&#x27;handlers&#x27;: [&#x27;security_file&#x27;],
E                                          &#x27;level&#x27;: &#x27;WARNING&#x27;,
E                                          &#x27;propagate&#x27;: False},
E                      &#x27;users&#x27;: {&#x27;handlers&#x27;: [&#x27;file&#x27;],
E                                &#x27;level&#x27;: &#x27;INFO&#x27;,
E                                &#x27;propagate&#x27;: True}},
E          &#x27;version&#x27;: 1}</pre></td>
E                 </tr>
E               
E                 <tr>
E                   <td>LOGGING_CONFIG</td>
E                   <td class="code"><pre>&#x27;logging.config.dictConfig&#x27;</pre></td>
E                 </tr>
E               
E                 <tr>
E                   <td>LOGIN_REDIRECT_URL</td>
E                   <td class="code"><pre>&#x27;/accounts/profile/&#x27;</pre></td>
E                 </tr>
E               
E                 <tr>
E                   <td>LOGIN_URL</td>
E                   <td class="code"><pre>&#x27;/accounts/login/&#x27;</pre></td>
E                 </tr>
E               
E                 <tr>
E                   <td>LOGOUT_REDIRECT_URL</td>
E                   <td class="code"><pre>None</pre></td>
E                 </tr>
E               
E                 <tr>
E                   <td>MANAGERS</td>
E                   <td class="code"><pre>[]</pre></td>
E                 </tr>
E               
E                 <tr>
E                   <td>MEDIA_ROOT</td>
E                   <td class="code"><pre>&#x27;/Users/mohamedbechirdiarra/Downloads/prototypeGamma/Backend/media&#x27;</pre></td>
E                 </tr>
E               
E                 <tr>
E                   <td>MEDIA_URL</td>
E                   <td class="code"><pre>&#x27;/media/&#x27;</pre></td>
E                 </tr>
E               
E                 <tr>
E                   <td>MESSAGE_STORAGE</td>
E                   <td class="code"><pre>&#x27;django.contrib.messages.storage.fallback.FallbackStorage&#x27;</pre></td>
E                 </tr>
E               
E                 <tr>
E                   <td>MIDDLEWARE</td>
E                   <td class="code"><pre>[&#x27;corsheaders.middleware.CorsMiddleware&#x27;,
E          &#x27;django.middleware.security.SecurityMiddleware&#x27;,
E          &#x27;django.contrib.sessions.middleware.SessionMiddleware&#x27;,
E          &#x27;django.middleware.common.CommonMiddleware&#x27;,
E          &#x27;django.middleware.csrf.CsrfViewMiddleware&#x27;,
E          &#x27;django.contrib.auth.middleware.AuthenticationMiddleware&#x27;,
E          &#x27;django.contrib.messages.middleware.MessageMiddleware&#x27;,
E          &#x27;django.middleware.clickjacking.XFrameOptionsMiddleware&#x27;,
E          &#x27;auth.middleware.JWTSecurityMiddleware&#x27;,
E          &#x27;auth.middleware.TokenValidationMiddleware&#x27;]</pre></td>
E                 </tr>
E               
E                 <tr>
E                   <td>MIGRATION_MODULES</td>
E                   <td class="code"><pre>{}</pre></td>
E                 </tr>
E               
E                 <tr>
E                   <td>MONTH_DAY_FORMAT</td>
E                   <td class="code"><pre>&#x27;F j&#x27;</pre></td>
E                 </tr>
E               
E                 <tr>
E                   <td>NOTIFICATION_CHANNELS</td>
E                   <td class="code"><pre>{&#x27;email&#x27;: True, &#x27;push&#x27;: False, &#x27;sms&#x27;: False}</pre></td>
E                 </tr>
E               
E                 <tr>
E                   <td>NUMBER_GROUPING</td>
E                   <td class="code"><pre>0</pre></td>
E                 </tr>
E               
E                 <tr>
E                   <td>PASSWORD_HASHERS</td>
E                   <td class="code"><pre>&#x27;********************&#x27;</pre></td>
E                 </tr>
E               
E                 <tr>
E                   <td>PASSWORD_RESET_TIMEOUT</td>
E                   <td class="code"><pre>&#x27;********************&#x27;</pre></td>
E                 </tr>
E               
E                 <tr>
E                   <td>PAYMENT_SETTINGS</td>
E                   <td class="code"><pre>{&#x27;CINETPAY_API_KEY&#x27;: &#x27;********************&#x27;,
E          &#x27;CINETPAY_ENVIRONMENT&#x27;: &#x27;Production&#x27;,
E          &#x27;CINETPAY_SITE_ID&#x27;: &#x27;105899471&#x27;}</pre></td>
E                 </tr>
E               
E                 <tr>
E                   <td>PREPEND_WWW</td>
E                   <td class="code"><pre>False</pre></td>
E                 </tr>
E               
E                 <tr>
E                   <td>REST_FRAMEWORK</td>
E                   <td class="code"><pre>{&#x27;DEFAULT_AUTHENTICATION_CLASSES&#x27;: &#x27;********************&#x27;,
E          &#x27;DEFAULT_PAGINATION_CLASS&#x27;: &#x27;rest_framework.pagination.PageNumberPagination&#x27;,
E          &#x27;DEFAULT_PARSER_CLASSES&#x27;: [&#x27;rest_framework.parsers.JSONParser&#x27;,
E                                     &#x27;rest_framework.parsers.MultiPartParser&#x27;,
E                                     &#x27;rest_framework.parsers.FormParser&#x27;],
E          &#x27;DEFAULT_PERMISSION_CLASSES&#x27;: [&#x27;rest_framework.permissions.IsAuthenticated&#x27;],
E          &#x27;DEFAULT_RENDERER_CLASSES&#x27;: [&#x27;rest_framework.renderers.JSONRenderer&#x27;],
E          &#x27;DEFAULT_THROTTLE_CLASSES&#x27;: [&#x27;rest_framework.throttling.UserRateThrottle&#x27;,
E                                       &#x27;rest_framework.throttling.AnonRateThrottle&#x27;,
E                                       &#x27;rest_framework.throttling.ScopedRateThrottle&#x27;],
E          &#x27;DEFAULT_THROTTLE_RATES&#x27;: {&#x27;anon&#x27;: &#x27;10000/day&#x27;,
E                                     &#x27;login&#x27;: &#x27;1000/day&#x27;,
E                                     &#x27;password_reset&#x27;: &#x27;********************&#x27;,
E                                     &#x27;register&#x27;: &#x27;500/day&#x27;,
E                                     &#x27;user&#x27;: &#x27;50000/day&#x27;,
E                                     &#x27;user_me&#x27;: &#x27;1000/day&#x27;},
E          &#x27;EXCEPTION_HANDLER&#x27;: &#x27;rest_framework.views.exception_handler&#x27;,
E          &#x27;PAGE_SIZE&#x27;: 20}</pre></td>
E                 </tr>
E               
E                 <tr>
E                   <td>ROOT_URLCONF</td>
E                   <td class="code"><pre>&#x27;auth.urls&#x27;</pre></td>
E                 </tr>
E               
E                 <tr>
E                   <td>SECRET_KEY</td>
E                   <td class="code"><pre>&#x27;********************&#x27;</pre></td>
E                 </tr>
E               
E                 <tr>
E                   <td>SECRET_KEY_FALLBACKS</td>
E                   <td class="code"><pre>&#x27;********************&#x27;</pre></td>
E                 </tr>
E               
E                 <tr>
E                   <td>SECURE_BROWSER_XSS_FILTER</td>
E                   <td class="code"><pre>True</pre></td>
E                 </tr>
E               
E                 <tr>
E                   <td>SECURE_CONTENT_TYPE_NOSNIFF</td>
E                   <td class="code"><pre>True</pre></td>
E                 </tr>
E               
E                 <tr>
E                   <td>SECURE_CROSS_ORIGIN_OPENER_POLICY</td>
E                   <td class="code"><pre>&#x27;same-origin&#x27;</pre></td>
E                 </tr>
E               
E                 <tr>
E                   <td>SECURE_HSTS_INCLUDE_SUBDOMAINS</td>
E                   <td class="code"><pre>True</pre></td>
E                 </tr>
E               
E                 <tr>
E                   <td>SECURE_HSTS_PRELOAD</td>
E                   <td class="code"><pre>True</pre></td>
E                 </tr>
E               
E                 <tr>
E                   <td>SECURE_HSTS_SECONDS</td>
E                   <td class="code"><pre>31536000</pre></td>
E                 </tr>
E               
E                 <tr>
E                   <td>SECURE_PROXY_SSL_HEADER</td>
E                   <td class="code"><pre>None</pre></td>
E                 </tr>
E               
E                 <tr>
E                   <td>SECURE_REDIRECT_EXEMPT</td>
E                   <td class="code"><pre>[]</pre></td>
E                 </tr>
E               
E                 <tr>
E                   <td>SECURE_REFERRER_POLICY</td>
E                   <td class="code"><pre>&#x27;same-origin&#x27;</pre></td>
E                 </tr>
E               
E                 <tr>
E                   <td>SECURE_SSL_HOST</td>
E                   <td class="code"><pre>None</pre></td>
E                 </tr>
E               
E                 <tr>
E                   <td>SECURE_SSL_REDIRECT</td>
E                   <td class="code"><pre>False</pre></td>
E                 </tr>
E               
E                 <tr>
E                   <td>SERVER_EMAIL</td>
E                   <td class="code"><pre>&#x27;root@localhost&#x27;</pre></td>
E                 </tr>
E               
E                 <tr>
E                   <td>SESSION_CACHE_ALIAS</td>
E                   <td class="code"><pre>&#x27;default&#x27;</pre></td>
E                 </tr>
E               
E                 <tr>
E                   <td>SESSION_COOKIE_AGE</td>
E                   <td class="code"><pre>3600</pre></td>
E                 </tr>
E               
E                 <tr>
E                   <td>SESSION_COOKIE_DOMAIN</td>
E                   <td class="code"><pre>None</pre></td>
E                 </tr>
E               
E                 <tr>
E                   <td>SESSION_COOKIE_HTTPONLY</td>
E                   <td class="code"><pre>True</pre></td>
E                 </tr>
E               
E                 <tr>
E                   <td>SESSION_COOKIE_NAME</td>
E                   <td class="code"><pre>&#x27;sessionid&#x27;</pre></td>
E                 </tr>
E               
E                 <tr>
E                   <td>SESSION_COOKIE_PATH</td>
E                   <td class="code"><pre>&#x27;/&#x27;</pre></td>
E                 </tr>
E               
E                 <tr>
E                   <td>SESSION_COOKIE_SAMESITE</td>
E                   <td class="code"><pre>&#x27;Lax&#x27;</pre></td>
E                 </tr>
E               
E                 <tr>
E                   <td>SESSION_COOKIE_SECURE</td>
E                   <td class="code"><pre>True</pre></td>
E                 </tr>
E               
E                 <tr>
E                   <td>SESSION_ENGINE</td>
E                   <td class="code"><pre>&#x27;django.contrib.sessions.backends.db&#x27;</pre></td>
E                 </tr>
E               
E                 <tr>
E                   <td>SESSION_EXPIRE_AT_BROWSER_CLOSE</td>
E                   <td class="code"><pre>True</pre></td>
E                 </tr>
E               
E                 <tr>
E                   <td>SESSION_FILE_PATH</td>
E                   <td class="code"><pre>None</pre></td>
E                 </tr>
E               
E                 <tr>
E                   <td>SESSION_SAVE_EVERY_REQUEST</td>
E                   <td class="code"><pre>False</pre></td>
E                 </tr>
E               
E                 <tr>
E                   <td>SESSION_SERIALIZER</td>
E                   <td class="code"><pre>&#x27;django.contrib.sessions.serializers.JSONSerializer&#x27;</pre></td>
E                 </tr>
E               
E                 <tr>
E                   <td>SETTINGS_MODULE</td>
E                   <td class="code"><pre>&#x27;Backend.auth.settings&#x27;</pre></td>
E                 </tr>
E               
E                 <tr>
E                   <td>SHORT_DATETIME_FORMAT</td>
E                   <td class="code"><pre>&#x27;m/d/Y P&#x27;</pre></td>
E                 </tr>
E               
E                 <tr>
E                   <td>SHORT_DATE_FORMAT</td>
E                   <td class="code"><pre>&#x27;m/d/Y&#x27;</pre></td>
E                 </tr>
E               
E                 <tr>
E                   <td>SIGNING_BACKEND</td>
E                   <td class="code"><pre>&#x27;django.core.signing.TimestampSigner&#x27;</pre></td>
E                 </tr>
E               
E                 <tr>
E                   <td>SILENCED_SYSTEM_CHECKS</td>
E                   <td class="code"><pre>[]</pre></td>
E                 </tr>
E               
E                 <tr>
E                   <td>SIMPLE_JWT</td>
E                   <td class="code"><pre>{&#x27;ACCESS_TOKEN_LIFETIME&#x27;: &#x27;********************&#x27;,
E          &#x27;ALGORITHM&#x27;: &#x27;HS256&#x27;,
E          &#x27;AUDIENCE&#x27;: None,
E          &#x27;AUTH_HEADER_NAME&#x27;: &#x27;********************&#x27;,
E          &#x27;AUTH_HEADER_TYPES&#x27;: &#x27;********************&#x27;,
E          &#x27;AUTH_TOKEN_CLASSES&#x27;: &#x27;********************&#x27;,
E          &#x27;BLACKLIST_AFTER_ROTATION&#x27;: True,
E          &#x27;ISSUER&#x27;: None,
E          &#x27;JTI_CLAIM&#x27;: &#x27;jti&#x27;,
E          &#x27;JWK_URL&#x27;: None,
E          &#x27;LEEWAY&#x27;: 0,
E          &#x27;REFRESH_TOKEN_LIFETIME&#x27;: &#x27;********************&#x27;,
E          &#x27;ROTATE_REFRESH_TOKENS&#x27;: &#x27;********************&#x27;,
E          &#x27;SIGNING_KEY&#x27;: &#x27;********************&#x27;,
E          &#x27;SLIDING_TOKEN_LIFETIME&#x27;: &#x27;********************&#x27;,
E          &#x27;SLIDING_TOKEN_REFRESH_EXP_CLAIM&#x27;: &#x27;********************&#x27;,
E          &#x27;SLIDING_TOKEN_REFRESH_LIFETIME&#x27;: &#x27;********************&#x27;,
E          &#x27;TOKEN_TYPE_CLAIM&#x27;: &#x27;********************&#x27;,
E          &#x27;TOKEN_USER_CLASS&#x27;: &#x27;********************&#x27;,
E          &#x27;UPDATE_LAST_LOGIN&#x27;: True,
E          &#x27;USER_AUTHENTICATION_RULE&#x27;: &#x27;********************&#x27;,
E          &#x27;USER_ID_CLAIM&#x27;: &#x27;user_id&#x27;,
E          &#x27;USER_ID_FIELD&#x27;: &#x27;id&#x27;,
E          &#x27;VERIFYING_KEY&#x27;: &#x27;********************&#x27;}</pre></td>
E                 </tr>
E               
E                 <tr>
E                   <td>STATICFILES_DIRS</td>
E                   <td class="code"><pre>[]</pre></td>
E                 </tr>
E               
E                 <tr>
E                   <td>STATICFILES_FINDERS</td>
E                   <td class="code"><pre>[&#x27;django.contrib.staticfiles.finders.FileSystemFinder&#x27;,
E          &#x27;django.contrib.staticfiles.finders.AppDirectoriesFinder&#x27;]</pre></td>
E                 </tr>
E               
E                 <tr>
E                   <td>STATIC_ROOT</td>
E                   <td class="code"><pre>&#x27;/Users/mohamedbechirdiarra/Downloads/prototypeGamma/Backend/staticfiles&#x27;</pre></td>
E                 </tr>
E               
E                 <tr>
E                   <td>STATIC_URL</td>
E                   <td class="code"><pre>&#x27;/static/&#x27;</pre></td>
E                 </tr>
E               
E                 <tr>
E                   <td>STORAGES</td>
E                   <td class="code"><pre>{&#x27;default&#x27;: {&#x27;BACKEND&#x27;: &#x27;django.core.files.storage.FileSystemStorage&#x27;},
E          &#x27;staticfiles&#x27;: {&#x27;BACKEND&#x27;: &#x27;django.contrib.staticfiles.storage.StaticFilesStorage&#x27;}}</pre></td>
E                 </tr>
E               
E                 <tr>
E                   <td>TEMPLATES</td>
E                   <td class="code"><pre>[{&#x27;APP_DIRS&#x27;: True,
E           &#x27;BACKEND&#x27;: &#x27;django.template.backends.django.DjangoTemplates&#x27;,
E           &#x27;DIRS&#x27;: [],
E           &#x27;OPTIONS&#x27;: {&#x27;context_processors&#x27;: [&#x27;django.template.context_processors.request&#x27;,
E                                              &#x27;django.contrib.auth.context_processors.auth&#x27;,
E                                              &#x27;django.contrib.messages.context_processors.messages&#x27;]}}]</pre></td>
E                 </tr>
E               
E                 <tr>
E                   <td>TEST_NON_SERIALIZED_APPS</td>
E                   <td class="code"><pre>[]</pre></td>
E                 </tr>
E               
E                 <tr>
E                   <td>TEST_RUNNER</td>
E                   <td class="code"><pre>&#x27;django.test.runner.DiscoverRunner&#x27;</pre></td>
E                 </tr>
E               
E                 <tr>
E                   <td>THOUSAND_SEPARATOR</td>
E                   <td class="code"><pre>&#x27;,&#x27;</pre></td>
E                 </tr>
E               
E                 <tr>
E                   <td>TIME_FORMAT</td>
E                   <td class="code"><pre>&#x27;P&#x27;</pre></td>
E                 </tr>
E               
E                 <tr>
E                   <td>TIME_INPUT_FORMATS</td>
E                   <td class="code"><pre>[&#x27;%H:%M:%S&#x27;, &#x27;%H:%M:%S.%f&#x27;, &#x27;%H:%M&#x27;]</pre></td>
E                 </tr>
E               
E                 <tr>
E                   <td>TIME_ZONE</td>
E                   <td class="code"><pre>&#x27;UTC&#x27;</pre></td>
E                 </tr>
E               
E                 <tr>
E                   <td>USE_I18N</td>
E                   <td class="code"><pre>True</pre></td>
E                 </tr>
E               
E                 <tr>
E                   <td>USE_THOUSAND_SEPARATOR</td>
E                   <td class="code"><pre>False</pre></td>
E                 </tr>
E               
E                 <tr>
E                   <td>USE_TZ</td>
E                   <td class="code"><pre>True</pre></td>
E                 </tr>
E               
E                 <tr>
E                   <td>USE_X_FORWARDED_HOST</td>
E                   <td class="code"><pre>False</pre></td>
E                 </tr>
E               
E                 <tr>
E                   <td>USE_X_FORWARDED_PORT</td>
E                   <td class="code"><pre>False</pre></td>
E                 </tr>
E               
E                 <tr>
E                   <td>WSGI_APPLICATION</td>
E                   <td class="code"><pre>&#x27;auth.wsgi.application&#x27;</pre></td>
E                 </tr>
E               
E                 <tr>
E                   <td>X_FRAME_OPTIONS</td>
E                   <td class="code"><pre>&#x27;DENY&#x27;</pre></td>
E                 </tr>
E               
E                 <tr>
E                   <td>YEAR_MONTH_FORMAT</td>
E                   <td class="code"><pre>&#x27;F Y&#x27;</pre></td>
E                 </tr>
E               
E             </tbody>
E           </table>
E         
E         </div>
E         </main>
E         
E         
E           <footer id="explanation">
E             <p>
E               You’re seeing this error because you have <code>DEBUG = True</code> in your
E               Django settings file. Change that to <code>False</code>, and Django will
E               display a standard page generated by the handler for this status code.
E             </p>
E           </footer>
E         
E         </body>
E         </html>
E         
E       assert 500 == 200
E        +  where 500 = <Response [500]>.status_code

conftest.py:29: AssertionError
_________________ ERROR at setup of test_available_technicians _________________

    @pytest.fixture
    def token():
        # Créer un utilisateur de test unique
        base_url = "http://127.0.0.1:8000"
        username = "testuser_" + ''.join(random.choices(string.ascii_lowercase + string.digits, k=6))
        email = username + "@example.com"
        password = "TestUser1234!"
        register_data = {
            "username": username,
            "email": email,
            "password": password,
            "password2": password,
            "user_type": "client",
            "first_name": "Test",
            "last_name": "User",
            "address": "Test Address",
            "phone_number": "+22500000000"
        }
        # Inscription
        requests.post(f"{base_url}/users/register/", json=register_data)
        # Connexion
        login_data = {"email": email, "password": password}
        resp = requests.post(f"{base_url}/users/login/", json=login_data)
>       assert resp.status_code == 200, f"Échec de la connexion test: {resp.text}"
E       AssertionError: Échec de la connexion test: <!DOCTYPE html>
E         <html lang="en">
E         <head>
E           <meta http-equiv="content-type" content="text/html; charset=utf-8">
E           <meta name="robots" content="NONE,NOARCHIVE">
E           <title>IntegrityError
E                   at /users/login/</title>
E           <style>
E             html * { padding:0; margin:0; }
E             body * { padding:10px 20px; }
E             body * * { padding:0; }
E             body { font-family: sans-serif; background-color:#fff; color:#000; }
E             body > :where(header, main, footer) { border-bottom:1px solid #ddd; }
E             h1 { font-weight:normal; }
E             h2 { margin-bottom:.8em; }
E             h3 { margin:1em 0 .5em 0; }
E             h4 { margin:0 0 .5em 0; font-weight: normal; }
E             code, pre { font-size: 100%; white-space: pre-wrap; word-break: break-word; }
E             summary { cursor: pointer; }
E             table { border:1px solid #ccc; border-collapse: collapse; width:100%; background:white; }
E             tbody td, tbody th { vertical-align:top; padding:2px 3px; }
E             thead th {
E               padding:1px 6px 1px 3px; background:#fefefe; text-align:left;
E               font-weight:normal; font-size: 0.6875rem; border:1px solid #ddd;
E             }
E             tbody th { width:12em; text-align:right; color:#666; padding-right:.5em; }
E             table.vars { margin:5px 10px 2px 40px; width: auto; }
E             table.vars td, table.req td { font-family:monospace; }
E             table td.code { width:100%; }
E             table td.code pre { overflow:hidden; }
E             table.source th { color:#666; }
E             table.source td { font-family:monospace; white-space:pre; border-bottom:1px solid #eee; }
E             ul.traceback { list-style-type:none; color: #222; }
E             ul.traceback li.cause { word-break: break-word; }
E             ul.traceback li.frame { padding-bottom:1em; color:#4f4f4f; }
E             ul.traceback li.user { background-color:#e0e0e0; color:#000 }
E             div.context { padding:10px 0; overflow:hidden; }
E             div.context ol { padding-left:30px; margin:0 10px; list-style-position: inside; }
E             div.context ol li { font-family:monospace; white-space:pre; color:#777; cursor:pointer; padding-left: 2px; }
E             div.context ol li pre { display:inline; }
E             div.context ol.context-line li { color:#464646; background-color:#dfdfdf; padding: 3px 2px; }
E             div.context ol.context-line li span { position:absolute; right:32px; }
E             .user div.context ol.context-line li { background-color:#bbb; color:#000; }
E             .user div.context ol li { color:#666; }
E             div.commands, summary.commands { margin-left: 40px; }
E             div.commands a, summary.commands { color:#555; text-decoration:none; }
E             .user div.commands a { color: black; }
E             #summary { background: #ffc; }
E             #summary h2 { font-weight: normal; color: #666; }
E             #info { padding: 0; }
E             #info > * { padding:10px 20px; }
E             #explanation { background:#eee; }
E             #template, #template-not-exist { background:#f6f6f6; }
E             #template-not-exist ul { margin: 0 0 10px 20px; }
E             #template-not-exist .postmortem-section { margin-bottom: 3px; }
E             #unicode-hint { background:#eee; }
E             #traceback { background:#eee; }
E             #requestinfo { background:#f6f6f6; padding-left:120px; }
E             #summary table { border:none; background:transparent; }
E             #requestinfo h2, #requestinfo h3 { position:relative; margin-left:-100px; }
E             #requestinfo h3 { margin-bottom:-1em; }
E             .error { background: #ffc; }
E             .specific { color:#cc3300; font-weight:bold; }
E             h2 span.commands { font-size: 0.7rem; font-weight:normal; }
E             span.commands a:link {color:#5E5694;}
E             pre.exception_value { font-family: sans-serif; color: #575757; font-size: 1.5rem; margin: 10px 0 10px 0; }
E             .append-bottom { margin-bottom: 10px; }
E             .fname { user-select: all; }
E           </style>
E           
E           <script>
E             function hideAll(elems) {
E               for (var e = 0; e < elems.length; e++) {
E                 elems[e].style.display = 'none';
E               }
E             }
E             window.onload = function() {
E               hideAll(document.querySelectorAll('ol.pre-context'));
E               hideAll(document.querySelectorAll('ol.post-context'));
E               hideAll(document.querySelectorAll('div.pastebin'));
E             }
E             function toggle() {
E               for (var i = 0; i < arguments.length; i++) {
E                 var e = document.getElementById(arguments[i]);
E                 if (e) {
E                   e.style.display = e.style.display == 'none' ? 'block': 'none';
E                 }
E               }
E               return false;
E             }
E             function switchPastebinFriendly(link) {
E               s1 = "Switch to copy-and-paste view";
E               s2 = "Switch back to interactive view";
E               link.textContent = link.textContent.trim() == s1 ? s2: s1;
E               toggle('browserTraceback', 'pastebinTraceback');
E               return false;
E             }
E           </script>
E           
E         </head>
E         <body>
E         <header id="summary">
E           <h1>IntegrityError
E                at /users/login/</h1>
E           <pre class="exception_value">FOREIGN KEY constraint failed</pre>
E           <table class="meta">
E         
E             <tr>
E               <th scope="row">Request Method:</th>
E               <td>POST</td>
E             </tr>
E             <tr>
E               <th scope="row">Request URL:</th>
E               <td>http://127.0.0.1:8000/users/login/</td>
E             </tr>
E         
E             <tr>
E               <th scope="row">Django Version:</th>
E               <td>5.2.4</td>
E             </tr>
E         
E             <tr>
E               <th scope="row">Exception Type:</th>
E               <td>IntegrityError</td>
E             </tr>
E         
E         
E             <tr>
E               <th scope="row">Exception Value:</th>
E               <td><pre>FOREIGN KEY constraint failed</pre></td>
E             </tr>
E         
E         
E             <tr>
E               <th scope="row">Exception Location:</th>
E               <td><span class="fname">/Users/mohamedbechirdiarra/Downloads/prototypeGamma/Backend/venv/lib/python3.13/site-packages/django/db/utils.py</span>, line 98, in inner</td>
E             </tr>
E         
E         
E             <tr>
E               <th scope="row">Raised during:</th>
E               <td>users.views.UserViewSet</td>
E             </tr>
E         
E             <tr>
E               <th scope="row">Python Executable:</th>
E               <td>/Users/mohamedbechirdiarra/Downloads/prototypeGamma/Backend/venv/bin/python3.13</td>
E             </tr>
E             <tr>
E               <th scope="row">Python Version:</th>
E               <td>3.13.5</td>
E             </tr>
E             <tr>
E               <th scope="row">Python Path:</th>
E               <td><pre><code>[&#x27;.&#x27;,
E          &#x27;/Users/mohamedbechirdiarra/Downloads/prototypeGamma/Backend/venv/bin&#x27;,
E          &#x27;/Users/mohamedbechirdiarra/Downloads/prototypeGamma&#x27;,
E          &#x27;/Users/mohamedbechirdiarra/Downloads/prototypeGamma/Backend&#x27;,
E          &#x27;/opt/homebrew/Cellar/python@3.13/3.13.5/Frameworks/Python.framework/Versions/3.13/lib/python313.zip&#x27;,
E          &#x27;/opt/homebrew/Cellar/python@3.13/3.13.5/Frameworks/Python.framework/Versions/3.13/lib/python3.13&#x27;,
E          &#x27;/opt/homebrew/Cellar/python@3.13/3.13.5/Frameworks/Python.framework/Versions/3.13/lib/python3.13/lib-dynload&#x27;,
E          &#x27;/Users/mohamedbechirdiarra/Downloads/prototypeGamma/Backend/venv/lib/python3.13/site-packages&#x27;]</code></pre></td>
E             </tr>
E             <tr>
E               <th scope="row">Server time:</th>
E               <td>Mon, 14 Jul 2025 11:43:13 +0000</td>
E             </tr>
E           </table>
E         </header>
E         
E         <main id="info">
E         
E         
E         
E         
E         <div id="traceback">
E           <h2>Traceback <span class="commands"><a href="#" role="button" onclick="return switchPastebinFriendly(this);">
E             Switch to copy-and-paste view</a></span>
E           </h2>
E           <div id="browserTraceback">
E             <ul class="traceback">
E               
E                 
E                 <li class="frame django">
E                   
E                     <code class="fname">/Users/mohamedbechirdiarra/Downloads/prototypeGamma/Backend/venv/lib/python3.13/site-packages/django/db/utils.py</code>, line 98, in inner
E                   
E         
E                   
E                     <div class="context" id="c4437689408">
E                       
E                         <ol start="91" class="pre-context" id="pre4437689408">
E                         
E                           <li onclick="toggle('pre4437689408', 'post4437689408')"><pre>                raise dj_exc_value.with_traceback(traceback) from exc_value</pre></li>
E                         
E                           <li onclick="toggle('pre4437689408', 'post4437689408')"><pre></pre></li>
E                         
E                           <li onclick="toggle('pre4437689408', 'post4437689408')"><pre>    def __call__(self, func):</pre></li>
E                         
E                           <li onclick="toggle('pre4437689408', 'post4437689408')"><pre>        # Note that we are intentionally not using @wraps here for performance</pre></li>
E                         
E                           <li onclick="toggle('pre4437689408', 'post4437689408')"><pre>        # reasons. Refs #21109.</pre></li>
E                         
E                           <li onclick="toggle('pre4437689408', 'post4437689408')"><pre>        def inner(*args, **kwargs):</pre></li>
E                         
E                           <li onclick="toggle('pre4437689408', 'post4437689408')"><pre>            with self:</pre></li>
E                         
E                         </ol>
E                       
E                       <ol start="98" class="context-line">
E                         <li onclick="toggle('pre4437689408', 'post4437689408')"><pre>                return func(*args, **kwargs)
E                                    ^^^^^^^^^^^^^^^^^^^^^</pre> <span>…</span></li>
E                       </ol>
E                       
E                         <ol start='99' class="post-context" id="post4437689408">
E                           
E                           <li onclick="toggle('pre4437689408', 'post4437689408')"><pre></pre></li>
E                           
E                           <li onclick="toggle('pre4437689408', 'post4437689408')"><pre>        return inner</pre></li>
E                           
E                           <li onclick="toggle('pre4437689408', 'post4437689408')"><pre></pre></li>
E                           
E                           <li onclick="toggle('pre4437689408', 'post4437689408')"><pre></pre></li>
E                           
E                           <li onclick="toggle('pre4437689408', 'post4437689408')"><pre>def load_backend(backend_name):</pre></li>
E                           
E                           <li onclick="toggle('pre4437689408', 'post4437689408')"><pre>    &quot;&quot;&quot;</pre></li>
E                           
E                       </ol>
E                       
E                     </div>
E                   
E         
E                   
E                     
E                       <details>
E                         <summary class="commands">Local vars</summary>
E                     
E                     <table class="vars" id="v4437689408">
E                       <thead>
E                         <tr>
E                           <th scope="col">Variable</th>
E                           <th scope="col">Value</th>
E                         </tr>
E                       </thead>
E                       <tbody>
E                         
E                           <tr>
E                             <td>args</td>
E                             <td class="code"><pre>()</pre></td>
E                           </tr>
E                         
E                           <tr>
E                             <td>func</td>
E                             <td class="code"><pre>&lt;built-in method fetchone of SQLiteCursorWrapper object at 0x108447380&gt;</pre></td>
E                           </tr>
E                         
E                           <tr>
E                             <td>kwargs</td>
E                             <td class="code"><pre>{}</pre></td>
E                           </tr>
E                         
E                           <tr>
E                             <td>self</td>
E                             <td class="code"><pre>&lt;django.db.utils.DatabaseErrorWrapper object at 0x10873de50&gt;</pre></td>
E                           </tr>
E                         
E                       </tbody>
E                     </table>
E                     </details>
E                   
E                 </li>
E               
E                 
E                   <li class="cause"><h3>
E                   
E                     The above exception (FOREIGN KEY constraint failed) was the direct cause of the following exception:
E                   
E                 </h3></li>
E                 
E                 <li class="frame django">
E                   
E                     <code class="fname">/Users/mohamedbechirdiarra/Downloads/prototypeGamma/Backend/venv/lib/python3.13/site-packages/django/core/handlers/exception.py</code>, line 42, in inner
E                   
E         
E                   
E                     <div class="context" id="c4434192192">
E                       
E                         <ol start="35" class="pre-context" id="pre4434192192">
E                         
E                           <li onclick="toggle('pre4434192192', 'post4434192192')"><pre>    can rely on getting a response instead of an exception.</pre></li>
E                         
E                           <li onclick="toggle('pre4434192192', 'post4434192192')"><pre>    &quot;&quot;&quot;</pre></li>
E                         
E                           <li onclick="toggle('pre4434192192', 'post4434192192')"><pre>    if iscoroutinefunction(get_response):</pre></li>
E                         
E                           <li onclick="toggle('pre4434192192', 'post4434192192')"><pre></pre></li>
E                         
E                           <li onclick="toggle('pre4434192192', 'post4434192192')"><pre>        @wraps(get_response)</pre></li>
E                         
E                           <li onclick="toggle('pre4434192192', 'post4434192192')"><pre>        async def inner(request):</pre></li>
E                         
E                           <li onclick="toggle('pre4434192192', 'post4434192192')"><pre>            try:</pre></li>
E                         
E                         </ol>
E                       
E                       <ol start="42" class="context-line">
E                         <li onclick="toggle('pre4434192192', 'post4434192192')"><pre>                response = await get_response(request)
E                                        ^^^^^^^^^^^^^^^^^^^^^^^^^^^</pre> <span>…</span></li>
E                       </ol>
E                       
E                         <ol start='43' class="post-context" id="post4434192192">
E                           
E                           <li onclick="toggle('pre4434192192', 'post4434192192')"><pre>            except Exception as exc:</pre></li>
E                           
E                           <li onclick="toggle('pre4434192192', 'post4434192192')"><pre>                response = await sync_to_async(</pre></li>
E                           
E                           <li onclick="toggle('pre4434192192', 'post4434192192')"><pre>                    response_for_exception, thread_sensitive=False</pre></li>
E                           
E                           <li onclick="toggle('pre4434192192', 'post4434192192')"><pre>                )(request, exc)</pre></li>
E                           
E                           <li onclick="toggle('pre4434192192', 'post4434192192')"><pre>            return response</pre></li>
E                           
E                           <li onclick="toggle('pre4434192192', 'post4434192192')"><pre></pre></li>
E                           
E                       </ol>
E                       
E                     </div>
E                   
E         
E                   
E                     
E                       <details>
E                         <summary class="commands">Local vars</summary>
E                     
E                     <table class="vars" id="v4434192192">
E                       <thead>
E                         <tr>
E                           <th scope="col">Variable</th>
E                           <th scope="col">Value</th>
E                         </tr>
E                       </thead>
E                       <tbody>
E                         
E                           <tr>
E                             <td>exc</td>
E                             <td class="code"><pre>IntegrityError(&#x27;FOREIGN KEY constraint failed&#x27;)</pre></td>
E                           </tr>
E                         
E                           <tr>
E                             <td>get_response</td>
E                             <td class="code"><pre>&lt;bound method BaseHandler._get_response_async of &lt;django.core.handlers.asgi.ASGIHandler object at 0x107235940&gt;&gt;</pre></td>
E                           </tr>
E                         
E                           <tr>
E                             <td>request</td>
E                             <td class="code"><pre>&lt;ASGIRequest: POST &#x27;/users/login/&#x27;&gt;</pre></td>
E                           </tr>
E                         
E                       </tbody>
E                     </table>
E                     </details>
E                   
E                 </li>
E               
E                 
E                 <li class="frame django">
E                   
E                     <code class="fname">/Users/mohamedbechirdiarra/Downloads/prototypeGamma/Backend/venv/lib/python3.13/site-packages/django/core/handlers/base.py</code>, line 253, in _get_response_async
E                   
E         
E                   
E                     <div class="context" id="c4436277376">
E                       
E                         <ol start="246" class="pre-context" id="pre4436277376">
E                         
E                           <li onclick="toggle('pre4436277376', 'post4436277376')"><pre>            wrapped_callback = self.make_view_atomic(callback)</pre></li>
E                         
E                           <li onclick="toggle('pre4436277376', 'post4436277376')"><pre>            # If it is a synchronous view, run it in a subthread</pre></li>
E                         
E                           <li onclick="toggle('pre4436277376', 'post4436277376')"><pre>            if not iscoroutinefunction(wrapped_callback):</pre></li>
E                         
E                           <li onclick="toggle('pre4436277376', 'post4436277376')"><pre>                wrapped_callback = sync_to_async(</pre></li>
E                         
E                           <li onclick="toggle('pre4436277376', 'post4436277376')"><pre>                    wrapped_callback, thread_sensitive=True</pre></li>
E                         
E                           <li onclick="toggle('pre4436277376', 'post4436277376')"><pre>                )</pre></li>
E                         
E                           <li onclick="toggle('pre4436277376', 'post4436277376')"><pre>            try:</pre></li>
E                         
E                         </ol>
E                       
E                       <ol start="253" class="context-line">
E                         <li onclick="toggle('pre4436277376', 'post4436277376')"><pre>                response = await wrapped_callback(
E                                         </pre> <span>…</span></li>
E                       </ol>
E                       
E                         <ol start='254' class="post-context" id="post4436277376">
E                           
E                           <li onclick="toggle('pre4436277376', 'post4436277376')"><pre>                    request, *callback_args, **callback_kwargs</pre></li>
E                           
E                           <li onclick="toggle('pre4436277376', 'post4436277376')"><pre>                )</pre></li>
E                           
E                           <li onclick="toggle('pre4436277376', 'post4436277376')"><pre>            except Exception as e:</pre></li>
E                           
E                           <li onclick="toggle('pre4436277376', 'post4436277376')"><pre>                response = await sync_to_async(</pre></li>
E                           
E                           <li onclick="toggle('pre4436277376', 'post4436277376')"><pre>                    self.process_exception_by_middleware,</pre></li>
E                           
E                           <li onclick="toggle('pre4436277376', 'post4436277376')"><pre>                    thread_sensitive=True,</pre></li>
E                           
E                       </ol>
E                       
E                     </div>
E                   
E         
E                   
E                     
E                       <details>
E                         <summary class="commands">Local vars</summary>
E                     
E                     <table class="vars" id="v4436277376">
E                       <thead>
E                         <tr>
E                           <th scope="col">Variable</th>
E                           <th scope="col">Value</th>
E                         </tr>
E                       </thead>
E                       <tbody>
E                         
E                           <tr>
E                             <td>callback</td>
E                             <td class="code"><pre>&lt;function UserViewSet at 0x107747c40&gt;</pre></td>
E                           </tr>
E                         
E                           <tr>
E                             <td>callback_args</td>
E                             <td class="code"><pre>()</pre></td>
E                           </tr>
E                         
E                           <tr>
E                             <td>callback_kwargs</td>
E                             <td class="code"><pre>{}</pre></td>
E                           </tr>
E                         
E                           <tr>
E                             <td>middleware_method</td>
E                             <td class="code"><pre>&lt;asgiref.sync.SyncToAsync object at 0x10727f8c0&gt;</pre></td>
E                           </tr>
E                         
E                           <tr>
E                             <td>request</td>
E                             <td class="code"><pre>&lt;ASGIRequest: POST &#x27;/users/login/&#x27;&gt;</pre></td>
E                           </tr>
E                         
E                           <tr>
E                             <td>response</td>
E                             <td class="code"><pre>None</pre></td>
E                           </tr>
E                         
E                           <tr>
E                             <td>self</td>
E                             <td class="code"><pre>&lt;django.core.handlers.asgi.ASGIHandler object at 0x107235940&gt;</pre></td>
E                           </tr>
E                         
E                           <tr>
E                             <td>wrapped_callback</td>
E                             <td class="code"><pre>&lt;asgiref.sync.SyncToAsync object at 0x10877c410&gt;</pre></td>
E                           </tr>
E                         
E                       </tbody>
E                     </table>
E                     </details>
E                   
E                 </li>
E               
E                 
E                 <li class="frame django">
E                   
E                     <code class="fname">/Users/mohamedbechirdiarra/Downloads/prototypeGamma/Backend/venv/lib/python3.13/site-packages/django/views/decorators/csrf.py</code>, line 65, in _view_wrapper
E                   
E         
E                   
E                     <div class="context" id="c4434548608">
E                       
E                         <ol start="58" class="pre-context" id="pre4434548608">
E                         
E                           <li onclick="toggle('pre4434548608', 'post4434548608')"><pre></pre></li>
E                         
E                           <li onclick="toggle('pre4434548608', 'post4434548608')"><pre>        async def _view_wrapper(request, *args, **kwargs):</pre></li>
E                         
E                           <li onclick="toggle('pre4434548608', 'post4434548608')"><pre>            return await view_func(request, *args, **kwargs)</pre></li>
E                         
E                           <li onclick="toggle('pre4434548608', 'post4434548608')"><pre></pre></li>
E                         
E                           <li onclick="toggle('pre4434548608', 'post4434548608')"><pre>    else:</pre></li>
E                         
E                           <li onclick="toggle('pre4434548608', 'post4434548608')"><pre></pre></li>
E                         
E                           <li onclick="toggle('pre4434548608', 'post4434548608')"><pre>        def _view_wrapper(request, *args, **kwargs):</pre></li>
E                         
E                         </ol>
E                       
E                       <ol start="65" class="context-line">
E                         <li onclick="toggle('pre4434548608', 'post4434548608')"><pre>            return view_func(request, *args, **kwargs)
E                                ^^^^^^^^^^^^^^^^^^^^^^^^^^^^^^^^^^^</pre> <span>…</span></li>
E                       </ol>
E                       
E                         <ol start='66' class="post-context" id="post4434548608">
E                           
E                           <li onclick="toggle('pre4434548608', 'post4434548608')"><pre></pre></li>
E                           
E                           <li onclick="toggle('pre4434548608', 'post4434548608')"><pre>    _view_wrapper.csrf_exempt = True</pre></li>
E                           
E                           <li onclick="toggle('pre4434548608', 'post4434548608')"><pre></pre></li>
E                           
E                           <li onclick="toggle('pre4434548608', 'post4434548608')"><pre>    return wraps(view_func)(_view_wrapper)</pre></li>
E                           
E                       </ol>
E                       
E                     </div>
E                   
E         
E                   
E                     
E                       <details>
E                         <summary class="commands">Local vars</summary>
E                     
E                     <table class="vars" id="v4434548608">
E                       <thead>
E                         <tr>
E                           <th scope="col">Variable</th>
E                           <th scope="col">Value</th>
E                         </tr>
E                       </thead>
E                       <tbody>
E                         
E                           <tr>
E                             <td>args</td>
E                             <td class="code"><pre>()</pre></td>
E                           </tr>
E                         
E                           <tr>
E                             <td>kwargs</td>
E                             <td class="code"><pre>{}</pre></td>
E                           </tr>
E                         
E                           <tr>
E                             <td>request</td>
E                             <td class="code"><pre>&lt;ASGIRequest: POST &#x27;/users/login/&#x27;&gt;</pre></td>
E                           </tr>
E                         
E                           <tr>
E                             <td>view_func</td>
E                             <td class="code"><pre>&lt;function UserViewSet at 0x107747ba0&gt;</pre></td>
E                           </tr>
E                         
E                       </tbody>
E                     </table>
E                     </details>
E                   
E                 </li>
E               
E                 
E                 <li class="frame user">
E                   
E                     <code class="fname">/Users/mohamedbechirdiarra/Downloads/prototypeGamma/Backend/venv/lib/python3.13/site-packages/rest_framework/viewsets.py</code>, line 125, in view
E                   
E         
E                   
E                     <div class="context" id="c4434368192">
E                       
E                         <ol start="118" class="pre-context" id="pre4434368192">
E                         
E                           <li onclick="toggle('pre4434368192', 'post4434368192')"><pre>                setattr(self, method, handler)</pre></li>
E                         
E                           <li onclick="toggle('pre4434368192', 'post4434368192')"><pre></pre></li>
E                         
E                           <li onclick="toggle('pre4434368192', 'post4434368192')"><pre>            self.request = request</pre></li>
E                         
E                           <li onclick="toggle('pre4434368192', 'post4434368192')"><pre>            self.args = args</pre></li>
E                         
E                           <li onclick="toggle('pre4434368192', 'post4434368192')"><pre>            self.kwargs = kwargs</pre></li>
E                         
E                           <li onclick="toggle('pre4434368192', 'post4434368192')"><pre></pre></li>
E                         
E                           <li onclick="toggle('pre4434368192', 'post4434368192')"><pre>            # And continue as usual</pre></li>
E                         
E                         </ol>
E                       
E                       <ol start="125" class="context-line">
E                         <li onclick="toggle('pre4434368192', 'post4434368192')"><pre>            return self.dispatch(request, *args, **kwargs)
E                                 ^^^^^^^^^^^^^^^^^^^^^^^^^^^^^^^^^^^^^^^</pre> <span>…</span></li>
E                       </ol>
E                       
E                         <ol start='126' class="post-context" id="post4434368192">
E                           
E                           <li onclick="toggle('pre4434368192', 'post4434368192')"><pre></pre></li>
E                           
E                           <li onclick="toggle('pre4434368192', 'post4434368192')"><pre>        # take name and docstring from class</pre></li>
E                           
E                           <li onclick="toggle('pre4434368192', 'post4434368192')"><pre>        update_wrapper(view, cls, updated=())</pre></li>
E                           
E                           <li onclick="toggle('pre4434368192', 'post4434368192')"><pre></pre></li>
E                           
E                           <li onclick="toggle('pre4434368192', 'post4434368192')"><pre>        # and possible attributes set by decorators</pre></li>
E                           
E                           <li onclick="toggle('pre4434368192', 'post4434368192')"><pre>        # like csrf_exempt from dispatch</pre></li>
E                           
E                       </ol>
E                       
E                     </div>
E                   
E         
E                   
E                     
E                       <details>
E                         <summary class="commands">Local vars</summary>
E                     
E                     <table class="vars" id="v4434368192">
E                       <thead>
E                         <tr>
E                           <th scope="col">Variable</th>
E                           <th scope="col">Value</th>
E                         </tr>
E                       </thead>
E                       <tbody>
E                         
E                           <tr>
E                             <td>action</td>
E                             <td class="code"><pre>&#x27;login&#x27;</pre></td>
E                           </tr>
E                         
E                           <tr>
E                             <td>actions</td>
E                             <td class="code"><pre>{&#x27;post&#x27;: &#x27;login&#x27;}</pre></td>
E                           </tr>
E                         
E                           <tr>
E                             <td>args</td>
E                             <td class="code"><pre>()</pre></td>
E                           </tr>
E                         
E                           <tr>
E                             <td>cls</td>
E                             <td class="code"><pre>&lt;class &#x27;users.views.UserViewSet&#x27;&gt;</pre></td>
E                           </tr>
E                         
E                           <tr>
E                             <td>handler</td>
E                             <td class="code"><pre>&lt;bound method UserViewSet.login of &lt;users.views.UserViewSet object at 0x108213540&gt;&gt;</pre></td>
E                           </tr>
E                         
E                           <tr>
E                             <td>initkwargs</td>
E                             <td class="code"><pre>{}</pre></td>
E                           </tr>
E                         
E                           <tr>
E                             <td>kwargs</td>
E                             <td class="code"><pre>{}</pre></td>
E                           </tr>
E                         
E                           <tr>
E                             <td>method</td>
E                             <td class="code"><pre>&#x27;post&#x27;</pre></td>
E                           </tr>
E                         
E                           <tr>
E                             <td>request</td>
E                             <td class="code"><pre>&lt;ASGIRequest: POST &#x27;/users/login/&#x27;&gt;</pre></td>
E                           </tr>
E                         
E                           <tr>
E                             <td>self</td>
E                             <td class="code"><pre>&lt;users.views.UserViewSet object at 0x108213540&gt;</pre></td>
E                           </tr>
E                         
E                       </tbody>
E                     </table>
E                     </details>
E                   
E                 </li>
E               
E                 
E                 <li class="frame user">
E                   
E                     <code class="fname">/Users/mohamedbechirdiarra/Downloads/prototypeGamma/Backend/users/views.py</code>, line 641, in dispatch
E                   
E         
E                   
E                     <div class="context" id="c4434378496">
E                       
E                         <ol start="634" class="pre-context" id="pre4434378496">
E                         
E                           <li onclick="toggle('pre4434378496', 'post4434378496')"><pre>            phone = None</pre></li>
E                         
E                           <li onclick="toggle('pre4434378496', 'post4434378496')"><pre>            if hasattr(user, &#x27;client_profile&#x27;):</pre></li>
E                         
E                           <li onclick="toggle('pre4434378496', 'post4434378496')"><pre>                phone = getattr(user.client_profile, &#x27;phone&#x27;, None)</pre></li>
E                         
E                           <li onclick="toggle('pre4434378496', 'post4434378496')"><pre>            elif hasattr(user, &#x27;technician_profile&#x27;):</pre></li>
E                         
E                           <li onclick="toggle('pre4434378496', 'post4434378496')"><pre>                phone = getattr(user.technician_profile, &#x27;phone&#x27;, None)</pre></li>
E                         
E                           <li onclick="toggle('pre4434378496', 'post4434378496')"><pre>            if not phone:</pre></li>
E                         
E                           <li onclick="toggle('pre4434378496', 'post4434378496')"><pre>                return Response({&#x27;error&#x27;: &#x27;Numéro de téléphone obligatoire. Veuillez compléter votre profil.&#x27;}, status=403)</pre></li>
E                         
E                         </ol>
E                       
E                       <ol start="641" class="context-line">
E                         <li onclick="toggle('pre4434378496', 'post4434378496')"><pre>        return super().dispatch(request, *args, **kwargs)
E                             ^^^^^^^^^^^^^^^^^^^^^^^^^^^^^^^^^^^^^^^^^^</pre> <span>…</span></li>
E                       </ol>
E                       
E                         <ol start='642' class="post-context" id="post4434378496">
E                           
E                           <li onclick="toggle('pre4434378496', 'post4434378496')"><pre></pre></li>
E                           
E                           <li onclick="toggle('pre4434378496', 'post4434378496')"><pre>class SecurityDashboardView(APIView):</pre></li>
E                           
E                           <li onclick="toggle('pre4434378496', 'post4434378496')"><pre>    permission_classes = [IsAdminUser]</pre></li>
E                           
E                           <li onclick="toggle('pre4434378496', 'post4434378496')"><pre></pre></li>
E                           
E                           <li onclick="toggle('pre4434378496', 'post4434378496')"><pre>    def get(self, request):</pre></li>
E                           
E                           <li onclick="toggle('pre4434378496', 'post4434378496')"><pre>        now = timezone.now()</pre></li>
E                           
E                       </ol>
E                       
E                     </div>
E                   
E         
E                   
E                     
E                       <details>
E                         <summary class="commands">Local vars</summary>
E                     
E                     <table class="vars" id="v4434378496">
E                       <thead>
E                         <tr>
E                           <th scope="col">Variable</th>
E                           <th scope="col">Value</th>
E                         </tr>
E                       </thead>
E                       <tbody>
E                         
E                           <tr>
E                             <td>__class__</td>
E                             <td class="code"><pre>&lt;class &#x27;users.views.UserViewSet&#x27;&gt;</pre></td>
E                           </tr>
E                         
E                           <tr>
E                             <td>action</td>
E                             <td class="code"><pre>None</pre></td>
E                           </tr>
E                         
E                           <tr>
E                             <td>args</td>
E                             <td class="code"><pre>()</pre></td>
E                           </tr>
E                         
E                           <tr>
E                             <td>exempt_actions</td>
E                             <td class="code"><pre>[&#x27;register&#x27;, &#x27;login&#x27;, &#x27;refresh_token&#x27;, &#x27;update_profile&#x27;, &#x27;me&#x27;]</pre></td>
E                           </tr>
E                         
E                           <tr>
E                             <td>kwargs</td>
E                             <td class="code"><pre>{}</pre></td>
E                           </tr>
E                         
E                           <tr>
E                             <td>request</td>
E                             <td class="code"><pre>&lt;ASGIRequest: POST &#x27;/users/login/&#x27;&gt;</pre></td>
E                           </tr>
E                         
E                           <tr>
E                             <td>self</td>
E                             <td class="code"><pre>&lt;users.views.UserViewSet object at 0x108213540&gt;</pre></td>
E                           </tr>
E                         
E                       </tbody>
E                     </table>
E                     </details>
E                   
E                 </li>
E               
E                 
E                 <li class="frame user">
E                   
E                     <code class="fname">/Users/mohamedbechirdiarra/Downloads/prototypeGamma/Backend/venv/lib/python3.13/site-packages/rest_framework/views.py</code>, line 515, in dispatch
E                   
E         
E                   
E                     <div class="context" id="c4434378112">
E                       
E                         <ol start="508" class="pre-context" id="pre4434378112">
E                         
E                           <li onclick="toggle('pre4434378112', 'post4434378112')"><pre>                                  self.http_method_not_allowed)</pre></li>
E                         
E                           <li onclick="toggle('pre4434378112', 'post4434378112')"><pre>            else:</pre></li>
E                         
E                           <li onclick="toggle('pre4434378112', 'post4434378112')"><pre>                handler = self.http_method_not_allowed</pre></li>
E                         
E                           <li onclick="toggle('pre4434378112', 'post4434378112')"><pre></pre></li>
E                         
E                           <li onclick="toggle('pre4434378112', 'post4434378112')"><pre>            response = handler(request, *args, **kwargs)</pre></li>
E                         
E                           <li onclick="toggle('pre4434378112', 'post4434378112')"><pre></pre></li>
E                         
E                           <li onclick="toggle('pre4434378112', 'post4434378112')"><pre>        except Exception as exc:</pre></li>
E                         
E                         </ol>
E                       
E                       <ol start="515" class="context-line">
E                         <li onclick="toggle('pre4434378112', 'post4434378112')"><pre>            response = self.handle_exception(exc)
E                                     ^^^^^^^^^^^^^^^^^^^^^^^^^^</pre> <span>…</span></li>
E                       </ol>
E                       
E                         <ol start='516' class="post-context" id="post4434378112">
E                           
E                           <li onclick="toggle('pre4434378112', 'post4434378112')"><pre></pre></li>
E                           
E                           <li onclick="toggle('pre4434378112', 'post4434378112')"><pre>        self.response = self.finalize_response(request, response, *args, **kwargs)</pre></li>
E                           
E                           <li onclick="toggle('pre4434378112', 'post4434378112')"><pre>        return self.response</pre></li>
E                           
E                           <li onclick="toggle('pre4434378112', 'post4434378112')"><pre></pre></li>
E                           
E                           <li onclick="toggle('pre4434378112', 'post4434378112')"><pre>    def options(self, request, *args, **kwargs):</pre></li>
E                           
E                           <li onclick="toggle('pre4434378112', 'post4434378112')"><pre>        &quot;&quot;&quot;</pre></li>
E                           
E                       </ol>
E                       
E                     </div>
E                   
E         
E                   
E                     
E                       <details>
E                         <summary class="commands">Local vars</summary>
E                     
E                     <table class="vars" id="v4434378112">
E                       <thead>
E                         <tr>
E                           <th scope="col">Variable</th>
E                           <th scope="col">Value</th>
E                         </tr>
E                       </thead>
E                       <tbody>
E                         
E                           <tr>
E                             <td>args</td>
E                             <td class="code"><pre>()</pre></td>
E                           </tr>
E                         
E                           <tr>
E                             <td>handler</td>
E                             <td class="code"><pre>&lt;bound method UserViewSet.login of &lt;users.views.UserViewSet object at 0x108213540&gt;&gt;</pre></td>
E                           </tr>
E                         
E                           <tr>
E                             <td>kwargs</td>
E                             <td class="code"><pre>{}</pre></td>
E                           </tr>
E                         
E                           <tr>
E                             <td>request</td>
E                             <td class="code"><pre>&lt;rest_framework.request.Request: POST &#x27;/users/login/&#x27;&gt;</pre></td>
E                           </tr>
E                         
E                           <tr>
E                             <td>self</td>
E                             <td class="code"><pre>&lt;users.views.UserViewSet object at 0x108213540&gt;</pre></td>
E                           </tr>
E                         
E                       </tbody>
E                     </table>
E                     </details>
E                   
E                 </li>
E               
E                 
E                 <li class="frame user">
E                   
E                     <code class="fname">/Users/mohamedbechirdiarra/Downloads/prototypeGamma/Backend/venv/lib/python3.13/site-packages/rest_framework/views.py</code>, line 475, in handle_exception
E                   
E         
E                   
E                     <div class="context" id="c4434376512">
E                       
E                         <ol start="468" class="pre-context" id="pre4434376512">
E                         
E                           <li onclick="toggle('pre4434376512', 'post4434376512')"><pre></pre></li>
E                         
E                           <li onclick="toggle('pre4434376512', 'post4434376512')"><pre>        exception_handler = self.get_exception_handler()</pre></li>
E                         
E                           <li onclick="toggle('pre4434376512', 'post4434376512')"><pre></pre></li>
E                         
E                           <li onclick="toggle('pre4434376512', 'post4434376512')"><pre>        context = self.get_exception_handler_context()</pre></li>
E                         
E                           <li onclick="toggle('pre4434376512', 'post4434376512')"><pre>        response = exception_handler(exc, context)</pre></li>
E                         
E                           <li onclick="toggle('pre4434376512', 'post4434376512')"><pre></pre></li>
E                         
E                           <li onclick="toggle('pre4434376512', 'post4434376512')"><pre>        if response is None:</pre></li>
E                         
E                         </ol>
E                       
E                       <ol start="475" class="context-line">
E                         <li onclick="toggle('pre4434376512', 'post4434376512')"><pre>            self.raise_uncaught_exception(exc)
E                          ^^^^^^^^^^^^^^^^^^^^^^^^^^^^^^^^^^</pre> <span>…</span></li>
E                       </ol>
E                       
E                         <ol start='476' class="post-context" id="post4434376512">
E                           
E                           <li onclick="toggle('pre4434376512', 'post4434376512')"><pre></pre></li>
E                           
E                           <li onclick="toggle('pre4434376512', 'post4434376512')"><pre>        response.exception = True</pre></li>
E                           
E                           <li onclick="toggle('pre4434376512', 'post4434376512')"><pre>        return response</pre></li>
E                           
E                           <li onclick="toggle('pre4434376512', 'post4434376512')"><pre></pre></li>
E                           
E                           <li onclick="toggle('pre4434376512', 'post4434376512')"><pre>    def raise_uncaught_exception(self, exc):</pre></li>
E                           
E                           <li onclick="toggle('pre4434376512', 'post4434376512')"><pre>        if settings.DEBUG:</pre></li>
E                           
E                       </ol>
E                       
E                     </div>
E                   
E         
E                   
E                     
E                       <details>
E                         <summary class="commands">Local vars</summary>
E                     
E                     <table class="vars" id="v4434376512">
E                       <thead>
E                         <tr>
E                           <th scope="col">Variable</th>
E                           <th scope="col">Value</th>
E                         </tr>
E                       </thead>
E                       <tbody>
E                         
E                           <tr>
E                             <td>context</td>
E                             <td class="code"><pre>{&#x27;args&#x27;: (),
E          &#x27;kwargs&#x27;: {},
E          &#x27;request&#x27;: &lt;rest_framework.request.Request: POST &#x27;/users/login/&#x27;&gt;,
E          &#x27;view&#x27;: &lt;users.views.UserViewSet object at 0x108213540&gt;}</pre></td>
E                           </tr>
E                         
E                           <tr>
E                             <td>exc</td>
E                             <td class="code"><pre>IntegrityError(&#x27;FOREIGN KEY constraint failed&#x27;)</pre></td>
E                           </tr>
E                         
E                           <tr>
E                             <td>exception_handler</td>
E                             <td class="code"><pre>&lt;function exception_handler at 0x10770f100&gt;</pre></td>
E                           </tr>
E                         
E                           <tr>
E                             <td>response</td>
E                             <td class="code"><pre>None</pre></td>
E                           </tr>
E                         
E                           <tr>
E                             <td>self</td>
E                             <td class="code"><pre>&lt;users.views.UserViewSet object at 0x108213540&gt;</pre></td>
E                           </tr>
E                         
E                       </tbody>
E                     </table>
E                     </details>
E                   
E                 </li>
E               
E                 
E                 <li class="frame user">
E                   
E                     <code class="fname">/Users/mohamedbechirdiarra/Downloads/prototypeGamma/Backend/venv/lib/python3.13/site-packages/rest_framework/views.py</code>, line 486, in raise_uncaught_exception
E                   
E         
E                   
E                     <div class="context" id="c4434371392">
E                       
E                         <ol start="479" class="pre-context" id="pre4434371392">
E                         
E                           <li onclick="toggle('pre4434371392', 'post4434371392')"><pre></pre></li>
E                         
E                           <li onclick="toggle('pre4434371392', 'post4434371392')"><pre>    def raise_uncaught_exception(self, exc):</pre></li>
E                         
E                           <li onclick="toggle('pre4434371392', 'post4434371392')"><pre>        if settings.DEBUG:</pre></li>
E                         
E                           <li onclick="toggle('pre4434371392', 'post4434371392')"><pre>            request = self.request</pre></li>
E                         
E                           <li onclick="toggle('pre4434371392', 'post4434371392')"><pre>            renderer_format = getattr(request.accepted_renderer, &#x27;format&#x27;)</pre></li>
E                         
E                           <li onclick="toggle('pre4434371392', 'post4434371392')"><pre>            use_plaintext_traceback = renderer_format not in (&#x27;html&#x27;, &#x27;api&#x27;, &#x27;admin&#x27;)</pre></li>
E                         
E                           <li onclick="toggle('pre4434371392', 'post4434371392')"><pre>            request.force_plaintext_errors(use_plaintext_traceback)</pre></li>
E                         
E                         </ol>
E                       
E                       <ol start="486" class="context-line">
E                         <li onclick="toggle('pre4434371392', 'post4434371392')"><pre>        raise exc
E                      ^^^^^^^^^</pre> <span>…</span></li>
E                       </ol>
E                       
E                         <ol start='487' class="post-context" id="post4434371392">
E                           
E                           <li onclick="toggle('pre4434371392', 'post4434371392')"><pre></pre></li>
E                           
E                           <li onclick="toggle('pre4434371392', 'post4434371392')"><pre>    # Note: Views are made CSRF exempt from within `as_view` as to prevent</pre></li>
E                           
E                           <li onclick="toggle('pre4434371392', 'post4434371392')"><pre>    # accidental removal of this exemption in cases where `dispatch` needs to</pre></li>
E                           
E                           <li onclick="toggle('pre4434371392', 'post4434371392')"><pre>    # be overridden.</pre></li>
E                           
E                           <li onclick="toggle('pre4434371392', 'post4434371392')"><pre>    def dispatch(self, request, *args, **kwargs):</pre></li>
E                           
E                           <li onclick="toggle('pre4434371392', 'post4434371392')"><pre>        &quot;&quot;&quot;</pre></li>
E                           
E                       </ol>
E                       
E                     </div>
E                   
E         
E                   
E                     
E                       <details>
E                         <summary class="commands">Local vars</summary>
E                     
E                     <table class="vars" id="v4434371392">
E                       <thead>
E                         <tr>
E                           <th scope="col">Variable</th>
E                           <th scope="col">Value</th>
E                         </tr>
E                       </thead>
E                       <tbody>
E                         
E                           <tr>
E                             <td>exc</td>
E                             <td class="code"><pre>IntegrityError(&#x27;FOREIGN KEY constraint failed&#x27;)</pre></td>
E                           </tr>
E                         
E                           <tr>
E                             <td>renderer_format</td>
E                             <td class="code"><pre>&#x27;json&#x27;</pre></td>
E                           </tr>
E                         
E                           <tr>
E                             <td>request</td>
E                             <td class="code"><pre>&lt;rest_framework.request.Request: POST &#x27;/users/login/&#x27;&gt;</pre></td>
E                           </tr>
E                         
E                           <tr>
E                             <td>self</td>
E                             <td class="code"><pre>&lt;users.views.UserViewSet object at 0x108213540&gt;</pre></td>
E                           </tr>
E                         
E                           <tr>
E                             <td>use_plaintext_traceback</td>
E                             <td class="code"><pre>True</pre></td>
E                           </tr>
E                         
E                       </tbody>
E                     </table>
E                     </details>
E                   
E                 </li>
E               
E                 
E                 <li class="frame user">
E                   
E                     <code class="fname">/Users/mohamedbechirdiarra/Downloads/prototypeGamma/Backend/venv/lib/python3.13/site-packages/rest_framework/views.py</code>, line 512, in dispatch
E                   
E         
E                   
E                     <div class="context" id="c4434367168">
E                       
E                         <ol start="505" class="pre-context" id="pre4434367168">
E                         
E                           <li onclick="toggle('pre4434367168', 'post4434367168')"><pre>            # Get the appropriate handler method</pre></li>
E                         
E                           <li onclick="toggle('pre4434367168', 'post4434367168')"><pre>            if request.method.lower() in self.http_method_names:</pre></li>
E                         
E                           <li onclick="toggle('pre4434367168', 'post4434367168')"><pre>                handler = getattr(self, request.method.lower(),</pre></li>
E                         
E                           <li onclick="toggle('pre4434367168', 'post4434367168')"><pre>                                  self.http_method_not_allowed)</pre></li>
E                         
E                           <li onclick="toggle('pre4434367168', 'post4434367168')"><pre>            else:</pre></li>
E                         
E                           <li onclick="toggle('pre4434367168', 'post4434367168')"><pre>                handler = self.http_method_not_allowed</pre></li>
E                         
E                           <li onclick="toggle('pre4434367168', 'post4434367168')"><pre></pre></li>
E                         
E                         </ol>
E                       
E                       <ol start="512" class="context-line">
E                         <li onclick="toggle('pre4434367168', 'post4434367168')"><pre>            response = handler(request, *args, **kwargs)
E                                     ^^^^^^^^^^^^^^^^^^^^^^^^^^^^^^^^^</pre> <span>…</span></li>
E                       </ol>
E                       
E                         <ol start='513' class="post-context" id="post4434367168">
E                           
E                           <li onclick="toggle('pre4434367168', 'post4434367168')"><pre></pre></li>
E                           
E                           <li onclick="toggle('pre4434367168', 'post4434367168')"><pre>        except Exception as exc:</pre></li>
E                           
E                           <li onclick="toggle('pre4434367168', 'post4434367168')"><pre>            response = self.handle_exception(exc)</pre></li>
E                           
E                           <li onclick="toggle('pre4434367168', 'post4434367168')"><pre></pre></li>
E                           
E                           <li onclick="toggle('pre4434367168', 'post4434367168')"><pre>        self.response = self.finalize_response(request, response, *args, **kwargs)</pre></li>
E                           
E                           <li onclick="toggle('pre4434367168', 'post4434367168')"><pre>        return self.response</pre></li>
E                           
E                       </ol>
E                       
E                     </div>
E                   
E         
E                   
E                     
E                       <details>
E                         <summary class="commands">Local vars</summary>
E                     
E                     <table class="vars" id="v4434367168">
E                       <thead>
E                         <tr>
E                           <th scope="col">Variable</th>
E                           <th scope="col">Value</th>
E                         </tr>
E                       </thead>
E                       <tbody>
E                         
E                           <tr>
E                             <td>args</td>
E                             <td class="code"><pre>()</pre></td>
E                           </tr>
E                         
E                           <tr>
E                             <td>handler</td>
E                             <td class="code"><pre>&lt;bound method UserViewSet.login of &lt;users.views.UserViewSet object at 0x108213540&gt;&gt;</pre></td>
E                           </tr>
E                         
E                           <tr>
E                             <td>kwargs</td>
E                             <td class="code"><pre>{}</pre></td>
E                           </tr>
E                         
E                           <tr>
E                             <td>request</td>
E                             <td class="code"><pre>&lt;rest_framework.request.Request: POST &#x27;/users/login/&#x27;&gt;</pre></td>
E                           </tr>
E                         
E                           <tr>
E                             <td>self</td>
E                             <td class="code"><pre>&lt;users.views.UserViewSet object at 0x108213540&gt;</pre></td>
E                           </tr>
E                         
E                       </tbody>
E                     </table>
E                     </details>
E                   
E                 </li>
E               
E                 
E                 <li class="frame user">
E                   
E                     <code class="fname">/Users/mohamedbechirdiarra/Downloads/prototypeGamma/Backend/users/views.py</code>, line 382, in login
E                   
E         
E                   
E                     <div class="context" id="c4434366336">
E                       
E                         <ol start="375" class="pre-context" id="pre4434366336">
E                         
E                           <li onclick="toggle('pre4434366336', 'post4434366336')"><pre>                            event_type=&quot;login_high_risk&quot;</pre></li>
E                         
E                           <li onclick="toggle('pre4434366336', 'post4434366336')"><pre>                        )</pre></li>
E                         
E                           <li onclick="toggle('pre4434366336', 'post4434366336')"><pre>                    return Response({</pre></li>
E                         
E                           <li onclick="toggle('pre4434366336', 'post4434366336')"><pre>                        &#x27;otp_required&#x27;: True,</pre></li>
E                         
E                           <li onclick="toggle('pre4434366336', 'post4434366336')"><pre>                        &#x27;session_uuid&#x27;: str(otp.session_uuid),</pre></li>
E                         
E                           <li onclick="toggle('pre4434366336', 'post4434366336')"><pre>                        &#x27;message&#x27;: &#x27;Un code de vérification a été envoyé à votre email.&#x27;</pre></li>
E                         
E                           <li onclick="toggle('pre4434366336', 'post4434366336')"><pre>                    }, status=200)</pre></li>
E                         
E                         </ol>
E                       
E                       <ol start="382" class="context-line">
E                         <li onclick="toggle('pre4434366336', 'post4434366336')"><pre>                log_event(request, &#x27;login&#x27;, &#x27;success&#x27;, risk_score=risk_score, metadata={}, user=user)
E                              ^^^^^^^^^^^^^^^^^^^^^^^^^^^^^^^^^^^^^^^^^^^^^^^^^^^^^^^^^^^^^^^^^^^^^^^^^^^^^^^^^^^^^</pre> <span>…</span></li>
E                       </ol>
E                       
E                         <ol start='383' class="post-context" id="post4434366336">
E                           
E                           <li onclick="toggle('pre4434366336', 'post4434366336')"><pre>                refresh = RefreshToken.for_user(user)</pre></li>
E                           
E                           <li onclick="toggle('pre4434366336', 'post4434366336')"><pre>                return Response({</pre></li>
E                           
E                           <li onclick="toggle('pre4434366336', 'post4434366336')"><pre>                    &#x27;user&#x27;: UserSerializer(user).data,</pre></li>
E                           
E                           <li onclick="toggle('pre4434366336', 'post4434366336')"><pre>                    &#x27;profile&#x27;: self.get_profile_data(user),</pre></li>
E                           
E                           <li onclick="toggle('pre4434366336', 'post4434366336')"><pre>                    &#x27;refresh&#x27;: str(refresh),</pre></li>
E                           
E                           <li onclick="toggle('pre4434366336', 'post4434366336')"><pre>                    &#x27;access&#x27;: str(refresh.access_token),</pre></li>
E                           
E                       </ol>
E                       
E                     </div>
E                   
E         
E                   
E                     
E                       <details>
E                         <summary class="commands">Local vars</summary>
E                     
E                     <table class="vars" id="v4434366336">
E                       <thead>
E                         <tr>
E                           <th scope="col">Variable</th>
E                           <th scope="col">Value</th>
E                         </tr>
E                       </thead>
E                       <tbody>
E                         
E                           <tr>
E                             <td>email</td>
E                             <td class="code"><pre>&#x27;testuser_sexo3r@example.com&#x27;</pre></td>
E                           </tr>
E                         
E                           <tr>
E                             <td>password</td>
E                             <td class="code"><pre>&#x27;TestUser1234!&#x27;</pre></td>
E                           </tr>
E                         
E                           <tr>
E                             <td>request</td>
E                             <td class="code"><pre>&lt;rest_framework.request.Request: POST &#x27;/users/login/&#x27;&gt;</pre></td>
E                           </tr>
E                         
E                           <tr>
E                             <td>risk_score</td>
E                             <td class="code"><pre>0</pre></td>
E                           </tr>
E                         
E                           <tr>
E                             <td>self</td>
E                             <td class="code"><pre>&lt;users.views.UserViewSet object at 0x108213540&gt;</pre></td>
E                           </tr>
E                         
E                           <tr>
E                             <td>user</td>
E                             <td class="code"><pre>&lt;User: testuser_sexo3r (Client)&gt;</pre></td>
E                           </tr>
E                         
E                       </tbody>
E                     </table>
E                     </details>
E                   
E                 </li>
E               
E                 
E                 <li class="frame user">
E                   
E                     <code class="fname">/Users/mohamedbechirdiarra/Downloads/prototypeGamma/Backend/users/utils.py</code>, line 14, in log_event
E                   
E         
E                   
E                     <div class="context" id="c4434367488">
E                       
E                         <ol start="7" class="pre-context" id="pre4434367488">
E                         
E                           <li onclick="toggle('pre4434367488', 'post4434367488')"><pre>    if user is None:</pre></li>
E                         
E                           <li onclick="toggle('pre4434367488', 'post4434367488')"><pre>        user = request.user if hasattr(request, &#x27;user&#x27;) and request.user.is_authenticated else None</pre></li>
E                         
E                           <li onclick="toggle('pre4434367488', 'post4434367488')"><pre>    ip = request.META.get(&#x27;REMOTE_ADDR&#x27;)</pre></li>
E                         
E                           <li onclick="toggle('pre4434367488', 'post4434367488')"><pre>    user_agent = request.META.get(&#x27;HTTP_USER_AGENT&#x27;, &#x27;&#x27;)</pre></li>
E                         
E                           <li onclick="toggle('pre4434367488', 'post4434367488')"><pre>    geo_country = getattr(request, &#x27;geoip_country&#x27;, &#x27;&#x27;) or request.META.get(&#x27;GEOIP_COUNTRY&#x27;, &#x27;&#x27;)</pre></li>
E                         
E                           <li onclick="toggle('pre4434367488', 'post4434367488')"><pre>    geo_city = getattr(request, &#x27;geoip_city&#x27;, &#x27;&#x27;) or request.META.get(&#x27;GEOIP_CITY&#x27;, &#x27;&#x27;)</pre></li>
E                         
E                           <li onclick="toggle('pre4434367488', 'post4434367488')"><pre>    location = get_location_from_ip(ip)</pre></li>
E                         
E                         </ol>
E                       
E                       <ol start="14" class="context-line">
E                         <li onclick="toggle('pre4434367488', 'post4434367488')"><pre>    AuditLog.objects.create(
E                 ^</pre> <span>…</span></li>
E                       </ol>
E                       
E                         <ol start='15' class="post-context" id="post4434367488">
E                           
E                           <li onclick="toggle('pre4434367488', 'post4434367488')"><pre>        user=user,</pre></li>
E                           
E                           <li onclick="toggle('pre4434367488', 'post4434367488')"><pre>        ip_address=ip,</pre></li>
E                           
E                           <li onclick="toggle('pre4434367488', 'post4434367488')"><pre>        user_agent=user_agent,</pre></li>
E                           
E                           <li onclick="toggle('pre4434367488', 'post4434367488')"><pre>        event_type=event_type,</pre></li>
E                           
E                           <li onclick="toggle('pre4434367488', 'post4434367488')"><pre>        status=status,</pre></li>
E                           
E                           <li onclick="toggle('pre4434367488', 'post4434367488')"><pre>        geo_country=geo_country,</pre></li>
E                           
E                       </ol>
E                       
E                     </div>
E                   
E         
E                   
E                     
E                       <details>
E                         <summary class="commands">Local vars</summary>
E                     
E                     <table class="vars" id="v4434367488">
E                       <thead>
E                         <tr>
E                           <th scope="col">Variable</th>
E                           <th scope="col">Value</th>
E                         </tr>
E                       </thead>
E                       <tbody>
E                         
E                           <tr>
E                             <td>event_type</td>
E                             <td class="code"><pre>&#x27;login&#x27;</pre></td>
E                           </tr>
E                         
E                           <tr>
E                             <td>geo_city</td>
E                             <td class="code"><pre>&#x27;&#x27;</pre></td>
E                           </tr>
E                         
E                           <tr>
E                             <td>geo_country</td>
E                             <td class="code"><pre>&#x27;&#x27;</pre></td>
E                           </tr>
E                         
E                           <tr>
E                             <td>ip</td>
E                             <td class="code"><pre>&#x27;127.0.0.1&#x27;</pre></td>
E                           </tr>
E                         
E                           <tr>
E                             <td>location</td>
E                             <td class="code"><pre>None</pre></td>
E                           </tr>
E                         
E                           <tr>
E                             <td>metadata</td>
E                             <td class="code"><pre>{}</pre></td>
E                           </tr>
E                         
E                           <tr>
E                             <td>request</td>
E                             <td class="code"><pre>&lt;rest_framework.request.Request: POST &#x27;/users/login/&#x27;&gt;</pre></td>
E                           </tr>
E                         
E                           <tr>
E                             <td>risk_score</td>
E                             <td class="code"><pre>0</pre></td>
E                           </tr>
E                         
E                           <tr>
E                             <td>status</td>
E                             <td class="code"><pre>&#x27;success&#x27;</pre></td>
E                           </tr>
E                         
E                           <tr>
E                             <td>user</td>
E                             <td class="code"><pre>&lt;User: testuser_sexo3r (Client)&gt;</pre></td>
E                           </tr>
E                         
E                           <tr>
E                             <td>user_agent</td>
E                             <td class="code"><pre>&#x27;python-requests/2.32.4&#x27;</pre></td>
E                           </tr>
E                         
E                       </tbody>
E                     </table>
E                     </details>
E                   
E                 </li>
E               
E                 
E                 <li class="frame django">
E                   
E                     <code class="fname">/Users/mohamedbechirdiarra/Downloads/prototypeGamma/Backend/venv/lib/python3.13/site-packages/django/db/models/manager.py</code>, line 87, in manager_method
E                   
E         
E                   
E                     <div class="context" id="c4437892864">
E                       
E                         <ol start="80" class="pre-context" id="pre4437892864">
E                         
E                           <li onclick="toggle('pre4437892864', 'post4437892864')"><pre>        return []</pre></li>
E                         
E                           <li onclick="toggle('pre4437892864', 'post4437892864')"><pre></pre></li>
E                         
E                           <li onclick="toggle('pre4437892864', 'post4437892864')"><pre>    @classmethod</pre></li>
E                         
E                           <li onclick="toggle('pre4437892864', 'post4437892864')"><pre>    def _get_queryset_methods(cls, queryset_class):</pre></li>
E                         
E                           <li onclick="toggle('pre4437892864', 'post4437892864')"><pre>        def create_method(name, method):</pre></li>
E                         
E                           <li onclick="toggle('pre4437892864', 'post4437892864')"><pre>            @wraps(method)</pre></li>
E                         
E                           <li onclick="toggle('pre4437892864', 'post4437892864')"><pre>            def manager_method(self, *args, **kwargs):</pre></li>
E                         
E                         </ol>
E                       
E                       <ol start="87" class="context-line">
E                         <li onclick="toggle('pre4437892864', 'post4437892864')"><pre>                return getattr(self.get_queryset(), name)(*args, **kwargs)
E                                    ^^^^^^^^^^^^^^^^^^^^^^^^^^^^^^^^^^^^^^^^^^^^^^^^^^^</pre> <span>…</span></li>
E                       </ol>
E                       
E                         <ol start='88' class="post-context" id="post4437892864">
E                           
E                           <li onclick="toggle('pre4437892864', 'post4437892864')"><pre></pre></li>
E                           
E                           <li onclick="toggle('pre4437892864', 'post4437892864')"><pre>            return manager_method</pre></li>
E                           
E                           <li onclick="toggle('pre4437892864', 'post4437892864')"><pre></pre></li>
E                           
E                           <li onclick="toggle('pre4437892864', 'post4437892864')"><pre>        new_methods = {}</pre></li>
E                           
E                           <li onclick="toggle('pre4437892864', 'post4437892864')"><pre>        for name, method in inspect.getmembers(</pre></li>
E                           
E                           <li onclick="toggle('pre4437892864', 'post4437892864')"><pre>            queryset_class, predicate=inspect.isfunction</pre></li>
E                           
E                       </ol>
E                       
E                     </div>
E                   
E         
E                   
E                     
E                       <details>
E                         <summary class="commands">Local vars</summary>
E                     
E                     <table class="vars" id="v4437892864">
E                       <thead>
E                         <tr>
E                           <th scope="col">Variable</th>
E                           <th scope="col">Value</th>
E                         </tr>
E                       </thead>
E                       <tbody>
E                         
E                           <tr>
E                             <td>args</td>
E                             <td class="code"><pre>()</pre></td>
E                           </tr>
E                         
E                           <tr>
E                             <td>kwargs</td>
E                             <td class="code"><pre>{&#x27;event_type&#x27;: &#x27;login&#x27;,
E          &#x27;geo_city&#x27;: &#x27;&#x27;,
E          &#x27;geo_country&#x27;: &#x27;&#x27;,
E          &#x27;ip_address&#x27;: &#x27;127.0.0.1&#x27;,
E          &#x27;location&#x27;: None,
E          &#x27;metadata&#x27;: {},
E          &#x27;risk_score&#x27;: 0,
E          &#x27;status&#x27;: &#x27;success&#x27;,
E          &#x27;user&#x27;: &lt;User: testuser_sexo3r (Client)&gt;,
E          &#x27;user_agent&#x27;: &#x27;python-requests/2.32.4&#x27;}</pre></td>
E                           </tr>
E                         
E                           <tr>
E                             <td>name</td>
E                             <td class="code"><pre>&#x27;create&#x27;</pre></td>
E                           </tr>
E                         
E                           <tr>
E                             <td>self</td>
E                             <td class="code"><pre>&lt;django.db.models.manager.Manager object at 0x10840cad0&gt;</pre></td>
E                           </tr>
E                         
E                       </tbody>
E                     </table>
E                     </details>
E                   
E                 </li>
E               
E                 
E                 <li class="frame django">
E                   
E                     <code class="fname">/Users/mohamedbechirdiarra/Downloads/prototypeGamma/Backend/venv/lib/python3.13/site-packages/django/db/models/query.py</code>, line 663, in create
E                   
E         
E                   
E                     <div class="context" id="c4434376576">
E                       
E                         <ol start="656" class="pre-context" id="pre4434376576">
E                         
E                           <li onclick="toggle('pre4434376576', 'post4434376576')"><pre>            raise ValueError(</pre></li>
E                         
E                           <li onclick="toggle('pre4434376576', 'post4434376576')"><pre>                &quot;The following fields do not exist in this model: %s&quot;</pre></li>
E                         
E                           <li onclick="toggle('pre4434376576', 'post4434376576')"><pre>                % &quot;, &quot;.join(reverse_one_to_one_fields)</pre></li>
E                         
E                           <li onclick="toggle('pre4434376576', 'post4434376576')"><pre>            )</pre></li>
E                         
E                           <li onclick="toggle('pre4434376576', 'post4434376576')"><pre></pre></li>
E                         
E                           <li onclick="toggle('pre4434376576', 'post4434376576')"><pre>        obj = self.model(**kwargs)</pre></li>
E                         
E                           <li onclick="toggle('pre4434376576', 'post4434376576')"><pre>        self._for_write = True</pre></li>
E                         
E                         </ol>
E                       
E                       <ol start="663" class="context-line">
E                         <li onclick="toggle('pre4434376576', 'post4434376576')"><pre>        obj.save(force_insert=True, using=self.db)
E                      ^^^^^^^^^^^^^^^^^^^^^^^^^^^^^^^^^^^^^^^^^^</pre> <span>…</span></li>
E                       </ol>
E                       
E                         <ol start='664' class="post-context" id="post4434376576">
E                           
E                           <li onclick="toggle('pre4434376576', 'post4434376576')"><pre>        return obj</pre></li>
E                           
E                           <li onclick="toggle('pre4434376576', 'post4434376576')"><pre></pre></li>
E                           
E                           <li onclick="toggle('pre4434376576', 'post4434376576')"><pre>    create.alters_data = True</pre></li>
E                           
E                           <li onclick="toggle('pre4434376576', 'post4434376576')"><pre></pre></li>
E                           
E                           <li onclick="toggle('pre4434376576', 'post4434376576')"><pre>    async def acreate(self, **kwargs):</pre></li>
E                           
E                           <li onclick="toggle('pre4434376576', 'post4434376576')"><pre>        return await sync_to_async(self.create)(**kwargs)</pre></li>
E                           
E                       </ol>
E                       
E                     </div>
E                   
E         
E                   
E                     
E                       <details>
E                         <summary class="commands">Local vars</summary>
E                     
E                     <table class="vars" id="v4434376576">
E                       <thead>
E                         <tr>
E                           <th scope="col">Variable</th>
E                           <th scope="col">Value</th>
E                         </tr>
E                       </thead>
E                       <tbody>
E                         
E                           <tr>
E                             <td>kwargs</td>
E                             <td class="code"><pre>{&#x27;event_type&#x27;: &#x27;login&#x27;,
E          &#x27;geo_city&#x27;: &#x27;&#x27;,
E          &#x27;geo_country&#x27;: &#x27;&#x27;,
E          &#x27;ip_address&#x27;: &#x27;127.0.0.1&#x27;,
E          &#x27;location&#x27;: None,
E          &#x27;metadata&#x27;: {},
E          &#x27;risk_score&#x27;: 0,
E          &#x27;status&#x27;: &#x27;success&#x27;,
E          &#x27;user&#x27;: &lt;User: testuser_sexo3r (Client)&gt;,
E          &#x27;user_agent&#x27;: &#x27;python-requests/2.32.4&#x27;}</pre></td>
E                           </tr>
E                         
E                           <tr>
E                             <td>obj</td>
E                             <td class="code"><pre>&lt;AuditLog: [2025-07-14 11:43:13.368856+00:00] testuser_sexo3r (Client) - login (success)&gt;</pre></td>
E                           </tr>
E                         
E                           <tr>
E                             <td>reverse_one_to_one_fields</td>
E                             <td class="code"><pre>frozenset()</pre></td>
E                           </tr>
E                         
E                           <tr>
E                             <td>self</td>
E                             <td class="code"><pre>&lt;QuerySet [&lt;AuditLog: [2025-07-14 11:20:26.143987+00:00] None - login (failure)&gt;, &lt;AuditLog: [2025-07-14 11:20:26.172163+00:00] None - login (failure)&gt;, &lt;AuditLog: [2025-07-14 11:20:26.440678+00:00] None - login (failure)&gt;, &lt;AuditLog: [2025-07-14 11:20:26.472641+00:00] None - login (failure)&gt;, &lt;AuditLog: [2025-07-14 11:20:42.818165+00:00] None - login (failure)&gt;, &lt;AuditLog: [2025-07-14 11:20:42.834927+00:00] None - login (failure)&gt;, &lt;AuditLog: [2025-07-14 11:20:42.840926+00:00] None - login (failure)&gt;, &lt;AuditLog: [2025-07-14 11:20:42.849907+00:00] None - login (failure)&gt;, &lt;AuditLog: [2025-07-14 11:20:42.855760+00:00] None - login (failure)&gt;, &lt;AuditLog: [2025-07-14 11:20:42.866003+00:00] None - login (failure)&gt;, &lt;AuditLog: [2025-07-14 11:20:42.871786+00:00] None - login (failure)&gt;, &lt;AuditLog: [2025-07-14 11:20:42.878738+00:00] None - login (failure)&gt;, &lt;AuditLog: [2025-07-14 11:20:42.887097+00:00] None - login (failure)&gt;, &lt;AuditLog: [2025-07-14 11:20:42.933562+00:00] None - login (failure)&gt;, &lt;AuditLog: [2025-07-14 11:20:42.948908+00:00] None - login (failure)&gt;, &lt;AuditLog: [2025-07-14 11:20:42.955057+00:00] None - login (failure)&gt;, &lt;AuditLog: [2025-07-14 11:20:43.030569+00:00] None - login (failure)&gt;, &lt;AuditLog: [2025-07-14 11:20:43.035801+00:00] None - login (failure)&gt;, &lt;AuditLog: [2025-07-14 11:20:43.041067+00:00] None - login (failure)&gt;, &lt;AuditLog: [2025-07-14 11:20:43.057293+00:00] None - login (failure)&gt;, &#x27;...(remaining elements truncated)...&#x27;]&gt;</pre></td>
E                           </tr>
E                         
E                       </tbody>
E                     </table>
E                     </details>
E                   
E                 </li>
E               
E                 
E                 <li class="frame django">
E                   
E                     <code class="fname">/Users/mohamedbechirdiarra/Downloads/prototypeGamma/Backend/venv/lib/python3.13/site-packages/django/db/models/base.py</code>, line 902, in save
E                   
E         
E                   
E                     <div class="context" id="c4436457408">
E                       
E                         <ol start="895" class="pre-context" id="pre4436457408">
E                         
E                           <li onclick="toggle('pre4436457408', 'post4436457408')"><pre>            for field in self._meta.concrete_fields:</pre></li>
E                         
E                           <li onclick="toggle('pre4436457408', 'post4436457408')"><pre>                if field not in pk_fields and not hasattr(field, &quot;through&quot;):</pre></li>
E                         
E                           <li onclick="toggle('pre4436457408', 'post4436457408')"><pre>                    field_names.add(field.attname)</pre></li>
E                         
E                           <li onclick="toggle('pre4436457408', 'post4436457408')"><pre>            loaded_fields = field_names.difference(deferred_non_generated_fields)</pre></li>
E                         
E                           <li onclick="toggle('pre4436457408', 'post4436457408')"><pre>            if loaded_fields:</pre></li>
E                         
E                           <li onclick="toggle('pre4436457408', 'post4436457408')"><pre>                update_fields = frozenset(loaded_fields)</pre></li>
E                         
E                           <li onclick="toggle('pre4436457408', 'post4436457408')"><pre></pre></li>
E                         
E                         </ol>
E                       
E                       <ol start="902" class="context-line">
E                         <li onclick="toggle('pre4436457408', 'post4436457408')"><pre>        self.save_base(
E                      ^</pre> <span>…</span></li>
E                       </ol>
E                       
E                         <ol start='903' class="post-context" id="post4436457408">
E                           
E                           <li onclick="toggle('pre4436457408', 'post4436457408')"><pre>            using=using,</pre></li>
E                           
E                           <li onclick="toggle('pre4436457408', 'post4436457408')"><pre>            force_insert=force_insert,</pre></li>
E                           
E                           <li onclick="toggle('pre4436457408', 'post4436457408')"><pre>            force_update=force_update,</pre></li>
E                           
E                           <li onclick="toggle('pre4436457408', 'post4436457408')"><pre>            update_fields=update_fields,</pre></li>
E                           
E                           <li onclick="toggle('pre4436457408', 'post4436457408')"><pre>        )</pre></li>
E                           
E                           <li onclick="toggle('pre4436457408', 'post4436457408')"><pre></pre></li>
E                           
E                       </ol>
E                       
E                     </div>
E                   
E         
E                   
E                     
E                       <details>
E                         <summary class="commands">Local vars</summary>
E                     
E                     <table class="vars" id="v4436457408">
E                       <thead>
E                         <tr>
E                           <th scope="col">Variable</th>
E                           <th scope="col">Value</th>
E                         </tr>
E                       </thead>
E                       <tbody>
E                         
E                           <tr>
E                             <td>args</td>
E                             <td class="code"><pre>()</pre></td>
E                           </tr>
E                         
E                           <tr>
E                             <td>deferred_non_generated_fields</td>
E                             <td class="code"><pre>set()</pre></td>
E                           </tr>
E                         
E                           <tr>
E                             <td>force_insert</td>
E                             <td class="code"><pre>True</pre></td>
E                           </tr>
E                         
E                           <tr>
E                             <td>force_update</td>
E                             <td class="code"><pre>False</pre></td>
E                           </tr>
E                         
E                           <tr>
E                             <td>self</td>
E                             <td class="code"><pre>&lt;AuditLog: [2025-07-14 11:43:13.368856+00:00] testuser_sexo3r (Client) - login (success)&gt;</pre></td>
E                           </tr>
E                         
E                           <tr>
E                             <td>update_fields</td>
E                             <td class="code"><pre>None</pre></td>
E                           </tr>
E                         
E                           <tr>
E                             <td>using</td>
E                             <td class="code"><pre>&#x27;default&#x27;</pre></td>
E                           </tr>
E                         
E                       </tbody>
E                     </table>
E                     </details>
E                   
E                 </li>
E               
E                 
E                 <li class="frame django">
E                   
E                     <code class="fname">/Users/mohamedbechirdiarra/Downloads/prototypeGamma/Backend/venv/lib/python3.13/site-packages/django/db/models/base.py</code>, line 1008, in save_base
E                   
E         
E                   
E                     <div class="context" id="c4436708544">
E                       
E                         <ol start="1001" class="pre-context" id="pre4436708544">
E                         
E                           <li onclick="toggle('pre4436708544', 'post4436708544')"><pre>            parent_inserted = False</pre></li>
E                         
E                           <li onclick="toggle('pre4436708544', 'post4436708544')"><pre>            if not raw:</pre></li>
E                         
E                           <li onclick="toggle('pre4436708544', 'post4436708544')"><pre>                # Validate force insert only when parents are inserted.</pre></li>
E                         
E                           <li onclick="toggle('pre4436708544', 'post4436708544')"><pre>                force_insert = self._validate_force_insert(force_insert)</pre></li>
E                         
E                           <li onclick="toggle('pre4436708544', 'post4436708544')"><pre>                parent_inserted = self._save_parents(</pre></li>
E                         
E                           <li onclick="toggle('pre4436708544', 'post4436708544')"><pre>                    cls, using, update_fields, force_insert</pre></li>
E                         
E                           <li onclick="toggle('pre4436708544', 'post4436708544')"><pre>                )</pre></li>
E                         
E                         </ol>
E                       
E                       <ol start="1008" class="context-line">
E                         <li onclick="toggle('pre4436708544', 'post4436708544')"><pre>            updated = self._save_table(
E                                     </pre> <span>…</span></li>
E                       </ol>
E                       
E                         <ol start='1009' class="post-context" id="post4436708544">
E                           
E                           <li onclick="toggle('pre4436708544', 'post4436708544')"><pre>                raw,</pre></li>
E                           
E                           <li onclick="toggle('pre4436708544', 'post4436708544')"><pre>                cls,</pre></li>
E                           
E                           <li onclick="toggle('pre4436708544', 'post4436708544')"><pre>                force_insert or parent_inserted,</pre></li>
E                           
E                           <li onclick="toggle('pre4436708544', 'post4436708544')"><pre>                force_update,</pre></li>
E                           
E                           <li onclick="toggle('pre4436708544', 'post4436708544')"><pre>                using,</pre></li>
E                           
E                           <li onclick="toggle('pre4436708544', 'post4436708544')"><pre>                update_fields,</pre></li>
E                           
E                       </ol>
E                       
E                     </div>
E                   
E         
E                   
E                     
E                       <details>
E                         <summary class="commands">Local vars</summary>
E                     
E                     <table class="vars" id="v4436708544">
E                       <thead>
E                         <tr>
E                           <th scope="col">Variable</th>
E                           <th scope="col">Value</th>
E                         </tr>
E                       </thead>
E                       <tbody>
E                         
E                           <tr>
E                             <td>cls</td>
E                             <td class="code"><pre>&lt;class &#x27;users.models.AuditLog&#x27;&gt;</pre></td>
E                           </tr>
E                         
E                           <tr>
E                             <td>context_manager</td>
E                             <td class="code"><pre>&lt;contextlib._GeneratorContextManager object at 0x108763460&gt;</pre></td>
E                           </tr>
E                         
E                           <tr>
E                             <td>force_insert</td>
E                             <td class="code"><pre>(&lt;class &#x27;users.models.AuditLog&#x27;&gt;,)</pre></td>
E                           </tr>
E                         
E                           <tr>
E                             <td>force_update</td>
E                             <td class="code"><pre>False</pre></td>
E                           </tr>
E                         
E                           <tr>
E                             <td>meta</td>
E                             <td class="code"><pre>&lt;Options for AuditLog&gt;</pre></td>
E                           </tr>
E                         
E                           <tr>
E                             <td>origin</td>
E                             <td class="code"><pre>&lt;class &#x27;users.models.AuditLog&#x27;&gt;</pre></td>
E                           </tr>
E                         
E                           <tr>
E                             <td>parent_inserted</td>
E                             <td class="code"><pre>False</pre></td>
E                           </tr>
E                         
E                           <tr>
E                             <td>raw</td>
E                             <td class="code"><pre>False</pre></td>
E                           </tr>
E                         
E                           <tr>
E                             <td>self</td>
E                             <td class="code"><pre>&lt;AuditLog: [2025-07-14 11:43:13.368856+00:00] testuser_sexo3r (Client) - login (success)&gt;</pre></td>
E                           </tr>
E                         
E                           <tr>
E                             <td>update_fields</td>
E                             <td class="code"><pre>None</pre></td>
E                           </tr>
E                         
E                           <tr>
E                             <td>using</td>
E                             <td class="code"><pre>&#x27;default&#x27;</pre></td>
E                           </tr>
E                         
E                       </tbody>
E                     </table>
E                     </details>
E                   
E                 </li>
E               
E                 
E                 <li class="frame django">
E                   
E                     <code class="fname">/Users/mohamedbechirdiarra/Downloads/prototypeGamma/Backend/venv/lib/python3.13/site-packages/django/db/models/base.py</code>, line 1169, in _save_table
E                   
E         
E                   
E                     <div class="context" id="c4436720128">
E                       
E                         <ol start="1162" class="pre-context" id="pre4436720128">
E                         
E                           <li onclick="toggle('pre4436720128', 'post4436720128')"><pre>                )</pre></li>
E                         
E                           <li onclick="toggle('pre4436720128', 'post4436720128')"><pre>            fields = [</pre></li>
E                         
E                           <li onclick="toggle('pre4436720128', 'post4436720128')"><pre>                f</pre></li>
E                         
E                           <li onclick="toggle('pre4436720128', 'post4436720128')"><pre>                for f in meta.local_concrete_fields</pre></li>
E                         
E                           <li onclick="toggle('pre4436720128', 'post4436720128')"><pre>                if not f.generated and (pk_set or f is not meta.auto_field)</pre></li>
E                         
E                           <li onclick="toggle('pre4436720128', 'post4436720128')"><pre>            ]</pre></li>
E                         
E                           <li onclick="toggle('pre4436720128', 'post4436720128')"><pre>            returning_fields = meta.db_returning_fields</pre></li>
E                         
E                         </ol>
E                       
E                       <ol start="1169" class="context-line">
E                         <li onclick="toggle('pre4436720128', 'post4436720128')"><pre>            results = self._do_insert(
E                                     </pre> <span>…</span></li>
E                       </ol>
E                       
E                         <ol start='1170' class="post-context" id="post4436720128">
E                           
E                           <li onclick="toggle('pre4436720128', 'post4436720128')"><pre>                cls._base_manager, using, fields, returning_fields, raw</pre></li>
E                           
E                           <li onclick="toggle('pre4436720128', 'post4436720128')"><pre>            )</pre></li>
E                           
E                           <li onclick="toggle('pre4436720128', 'post4436720128')"><pre>            if results:</pre></li>
E                           
E                           <li onclick="toggle('pre4436720128', 'post4436720128')"><pre>                for value, field in zip(results[0], returning_fields):</pre></li>
E                           
E                           <li onclick="toggle('pre4436720128', 'post4436720128')"><pre>                    setattr(self, field.attname, value)</pre></li>
E                           
E                           <li onclick="toggle('pre4436720128', 'post4436720128')"><pre>        return updated</pre></li>
E                           
E                       </ol>
E                       
E                     </div>
E                   
E         
E                   
E                     
E                       <details>
E                         <summary class="commands">Local vars</summary>
E                     
E                     <table class="vars" id="v4436720128">
E                       <thead>
E                         <tr>
E                           <th scope="col">Variable</th>
E                           <th scope="col">Value</th>
E                         </tr>
E                       </thead>
E                       <tbody>
E                         
E                           <tr>
E                             <td>cls</td>
E                             <td class="code"><pre>&lt;class &#x27;users.models.AuditLog&#x27;&gt;</pre></td>
E                           </tr>
E                         
E                           <tr>
E                             <td>fields</td>
E                             <td class="code"><pre>[&lt;django.db.models.fields.related.ForeignKey: user&gt;,
E          &lt;django.db.models.fields.GenericIPAddressField: ip_address&gt;,
E          &lt;django.db.models.fields.TextField: user_agent&gt;,
E          &lt;django.db.models.fields.CharField: event_type&gt;,
E          &lt;django.db.models.fields.CharField: status&gt;,
E          &lt;django.db.models.fields.DateTimeField: timestamp&gt;,
E          &lt;django.db.models.fields.CharField: geo_country&gt;,
E          &lt;django.db.models.fields.CharField: geo_city&gt;,
E          &lt;django.db.models.fields.CharField: location&gt;,
E          &lt;django.db.models.fields.PositiveSmallIntegerField: risk_score&gt;,
E          &lt;django.db.models.fields.json.JSONField: metadata&gt;]</pre></td>
E                           </tr>
E                         
E                           <tr>
E                             <td>force_insert</td>
E                             <td class="code"><pre>(&lt;class &#x27;users.models.AuditLog&#x27;&gt;,)</pre></td>
E                           </tr>
E                         
E                           <tr>
E                             <td>force_update</td>
E                             <td class="code"><pre>False</pre></td>
E                           </tr>
E                         
E                           <tr>
E                             <td>meta</td>
E                             <td class="code"><pre>&lt;Options for AuditLog&gt;</pre></td>
E                           </tr>
E                         
E                           <tr>
E                             <td>non_pks_non_generated</td>
E                             <td class="code"><pre>[&lt;django.db.models.fields.related.ForeignKey: user&gt;,
E          &lt;django.db.models.fields.GenericIPAddressField: ip_address&gt;,
E          &lt;django.db.models.fields.TextField: user_agent&gt;,
E          &lt;django.db.models.fields.CharField: event_type&gt;,
E          &lt;django.db.models.fields.CharField: status&gt;,
E          &lt;django.db.models.fields.DateTimeField: timestamp&gt;,
E          &lt;django.db.models.fields.CharField: geo_country&gt;,
E          &lt;django.db.models.fields.CharField: geo_city&gt;,
E          &lt;django.db.models.fields.CharField: location&gt;,
E          &lt;django.db.models.fields.PositiveSmallIntegerField: risk_score&gt;,
E          &lt;django.db.models.fields.json.JSONField: metadata&gt;]</pre></td>
E                           </tr>
E                         
E                           <tr>
E                             <td>pk_fields</td>
E                             <td class="code"><pre>[&lt;django.db.models.fields.BigAutoField: id&gt;]</pre></td>
E                           </tr>
E                         
E                           <tr>
E                             <td>pk_set</td>
E                             <td class="code"><pre>False</pre></td>
E                           </tr>
E                         
E                           <tr>
E                             <td>pk_val</td>
E                             <td class="code"><pre>None</pre></td>
E                           </tr>
E                         
E                           <tr>
E                             <td>raw</td>
E                             <td class="code"><pre>False</pre></td>
E                           </tr>
E                         
E                           <tr>
E                             <td>returning_fields</td>
E                             <td class="code"><pre>[&lt;django.db.models.fields.BigAutoField: id&gt;]</pre></td>
E                           </tr>
E                         
E                           <tr>
E                             <td>self</td>
E                             <td class="code"><pre>&lt;AuditLog: [2025-07-14 11:43:13.368856+00:00] testuser_sexo3r (Client) - login (success)&gt;</pre></td>
E                           </tr>
E                         
E                           <tr>
E                             <td>update_fields</td>
E                             <td class="code"><pre>None</pre></td>
E                           </tr>
E                         
E                           <tr>
E                             <td>updated</td>
E                             <td class="code"><pre>False</pre></td>
E                           </tr>
E                         
E                           <tr>
E                             <td>using</td>
E                             <td class="code"><pre>&#x27;default&#x27;</pre></td>
E                           </tr>
E                         
E                       </tbody>
E                     </table>
E                     </details>
E                   
E                 </li>
E               
E                 
E                 <li class="frame django">
E                   
E                     <code class="fname">/Users/mohamedbechirdiarra/Downloads/prototypeGamma/Backend/venv/lib/python3.13/site-packages/django/db/models/base.py</code>, line 1210, in _do_insert
E                   
E         
E                   
E                     <div class="context" id="c4436706112">
E                       
E                         <ol start="1203" class="pre-context" id="pre4436706112">
E                         
E                           <li onclick="toggle('pre4436706112', 'post4436706112')"><pre>        return filtered._update(values) &gt; 0</pre></li>
E                         
E                           <li onclick="toggle('pre4436706112', 'post4436706112')"><pre></pre></li>
E                         
E                           <li onclick="toggle('pre4436706112', 'post4436706112')"><pre>    def _do_insert(self, manager, using, fields, returning_fields, raw):</pre></li>
E                         
E                           <li onclick="toggle('pre4436706112', 'post4436706112')"><pre>        &quot;&quot;&quot;</pre></li>
E                         
E                           <li onclick="toggle('pre4436706112', 'post4436706112')"><pre>        Do an INSERT. If returning_fields is defined then this method should</pre></li>
E                         
E                           <li onclick="toggle('pre4436706112', 'post4436706112')"><pre>        return the newly created data for the model.</pre></li>
E                         
E                           <li onclick="toggle('pre4436706112', 'post4436706112')"><pre>        &quot;&quot;&quot;</pre></li>
E                         
E                         </ol>
E                       
E                       <ol start="1210" class="context-line">
E                         <li onclick="toggle('pre4436706112', 'post4436706112')"><pre>        return manager._insert(
E                              </pre> <span>…</span></li>
E                       </ol>
E                       
E                         <ol start='1211' class="post-context" id="post4436706112">
E                           
E                           <li onclick="toggle('pre4436706112', 'post4436706112')"><pre>            [self],</pre></li>
E                           
E                           <li onclick="toggle('pre4436706112', 'post4436706112')"><pre>            fields=fields,</pre></li>
E                           
E                           <li onclick="toggle('pre4436706112', 'post4436706112')"><pre>            returning_fields=returning_fields,</pre></li>
E                           
E                           <li onclick="toggle('pre4436706112', 'post4436706112')"><pre>            using=using,</pre></li>
E                           
E                           <li onclick="toggle('pre4436706112', 'post4436706112')"><pre>            raw=raw,</pre></li>
E                           
E                           <li onclick="toggle('pre4436706112', 'post4436706112')"><pre>        )</pre></li>
E                           
E                       </ol>
E                       
E                     </div>
E                   
E         
E                   
E                     
E                       <details>
E                         <summary class="commands">Local vars</summary>
E                     
E                     <table class="vars" id="v4436706112">
E                       <thead>
E                         <tr>
E                           <th scope="col">Variable</th>
E                           <th scope="col">Value</th>
E                         </tr>
E                       </thead>
E                       <tbody>
E                         
E                           <tr>
E                             <td>fields</td>
E                             <td class="code"><pre>[&lt;django.db.models.fields.related.ForeignKey: user&gt;,
E          &lt;django.db.models.fields.GenericIPAddressField: ip_address&gt;,
E          &lt;django.db.models.fields.TextField: user_agent&gt;,
E          &lt;django.db.models.fields.CharField: event_type&gt;,
E          &lt;django.db.models.fields.CharField: status&gt;,
E          &lt;django.db.models.fields.DateTimeField: timestamp&gt;,
E          &lt;django.db.models.fields.CharField: geo_country&gt;,
E          &lt;django.db.models.fields.CharField: geo_city&gt;,
E          &lt;django.db.models.fields.CharField: location&gt;,
E          &lt;django.db.models.fields.PositiveSmallIntegerField: risk_score&gt;,
E          &lt;django.db.models.fields.json.JSONField: metadata&gt;]</pre></td>
E                           </tr>
E                         
E                           <tr>
E                             <td>manager</td>
E                             <td class="code"><pre>&lt;django.db.models.manager.Manager object at 0x108454b50&gt;</pre></td>
E                           </tr>
E                         
E                           <tr>
E                             <td>raw</td>
E                             <td class="code"><pre>False</pre></td>
E                           </tr>
E                         
E                           <tr>
E                             <td>returning_fields</td>
E                             <td class="code"><pre>[&lt;django.db.models.fields.BigAutoField: id&gt;]</pre></td>
E                           </tr>
E                         
E                           <tr>
E                             <td>self</td>
E                             <td class="code"><pre>&lt;AuditLog: [2025-07-14 11:43:13.368856+00:00] testuser_sexo3r (Client) - login (success)&gt;</pre></td>
E                           </tr>
E                         
E                           <tr>
E                             <td>using</td>
E                             <td class="code"><pre>&#x27;default&#x27;</pre></td>
E                           </tr>
E                         
E                       </tbody>
E                     </table>
E                     </details>
E                   
E                 </li>
E               
E                 
E                 <li class="frame django">
E                   
E                     <code class="fname">/Users/mohamedbechirdiarra/Downloads/prototypeGamma/Backend/venv/lib/python3.13/site-packages/django/db/models/manager.py</code>, line 87, in manager_method
E                   
E         
E                   
E                     <div class="context" id="c4437890496">
E                       
E                         <ol start="80" class="pre-context" id="pre4437890496">
E                         
E                           <li onclick="toggle('pre4437890496', 'post4437890496')"><pre>        return []</pre></li>
E                         
E                           <li onclick="toggle('pre4437890496', 'post4437890496')"><pre></pre></li>
E                         
E                           <li onclick="toggle('pre4437890496', 'post4437890496')"><pre>    @classmethod</pre></li>
E                         
E                           <li onclick="toggle('pre4437890496', 'post4437890496')"><pre>    def _get_queryset_methods(cls, queryset_class):</pre></li>
E                         
E                           <li onclick="toggle('pre4437890496', 'post4437890496')"><pre>        def create_method(name, method):</pre></li>
E                         
E                           <li onclick="toggle('pre4437890496', 'post4437890496')"><pre>            @wraps(method)</pre></li>
E                         
E                           <li onclick="toggle('pre4437890496', 'post4437890496')"><pre>            def manager_method(self, *args, **kwargs):</pre></li>
E                         
E                         </ol>
E                       
E                       <ol start="87" class="context-line">
E                         <li onclick="toggle('pre4437890496', 'post4437890496')"><pre>                return getattr(self.get_queryset(), name)(*args, **kwargs)
E                                    ^^^^^^^^^^^^^^^^^^^^^^^^^^^^^^^^^^^^^^^^^^^^^^^^^^^</pre> <span>…</span></li>
E                       </ol>
E                       
E                         <ol start='88' class="post-context" id="post4437890496">
E                           
E                           <li onclick="toggle('pre4437890496', 'post4437890496')"><pre></pre></li>
E                           
E                           <li onclick="toggle('pre4437890496', 'post4437890496')"><pre>            return manager_method</pre></li>
E                           
E                           <li onclick="toggle('pre4437890496', 'post4437890496')"><pre></pre></li>
E                           
E                           <li onclick="toggle('pre4437890496', 'post4437890496')"><pre>        new_methods = {}</pre></li>
E                           
E                           <li onclick="toggle('pre4437890496', 'post4437890496')"><pre>        for name, method in inspect.getmembers(</pre></li>
E                           
E                           <li onclick="toggle('pre4437890496', 'post4437890496')"><pre>            queryset_class, predicate=inspect.isfunction</pre></li>
E                           
E                       </ol>
E                       
E                     </div>
E                   
E         
E                   
E                     
E                       <details>
E                         <summary class="commands">Local vars</summary>
E                     
E                     <table class="vars" id="v4437890496">
E                       <thead>
E                         <tr>
E                           <th scope="col">Variable</th>
E                           <th scope="col">Value</th>
E                         </tr>
E                       </thead>
E                       <tbody>
E                         
E                           <tr>
E                             <td>args</td>
E                             <td class="code"><pre>([&lt;AuditLog: [2025-07-14 11:43:13.368856+00:00] testuser_sexo3r (Client) - login (success)&gt;],)</pre></td>
E                           </tr>
E                         
E                           <tr>
E                             <td>kwargs</td>
E                             <td class="code"><pre>{&#x27;fields&#x27;: [&lt;django.db.models.fields.related.ForeignKey: user&gt;,
E                     &lt;django.db.models.fields.GenericIPAddressField: ip_address&gt;,
E                     &lt;django.db.models.fields.TextField: user_agent&gt;,
E                     &lt;django.db.models.fields.CharField: event_type&gt;,
E                     &lt;django.db.models.fields.CharField: status&gt;,
E                     &lt;django.db.models.fields.DateTimeField: timestamp&gt;,
E                     &lt;django.db.models.fields.CharField: geo_country&gt;,
E                     &lt;django.db.models.fields.CharField: geo_city&gt;,
E                     &lt;django.db.models.fields.CharField: location&gt;,
E                     &lt;django.db.models.fields.PositiveSmallIntegerField: risk_score&gt;,
E                     &lt;django.db.models.fields.json.JSONField: metadata&gt;],
E          &#x27;raw&#x27;: False,
E          &#x27;returning_fields&#x27;: [&lt;django.db.models.fields.BigAutoField: id&gt;],
E          &#x27;using&#x27;: &#x27;default&#x27;}</pre></td>
E                           </tr>
E                         
E                           <tr>
E                             <td>name</td>
E                             <td class="code"><pre>&#x27;_insert&#x27;</pre></td>
E                           </tr>
E                         
E                           <tr>
E                             <td>self</td>
E                             <td class="code"><pre>&lt;django.db.models.manager.Manager object at 0x108454b50&gt;</pre></td>
E                           </tr>
E                         
E                       </tbody>
E                     </table>
E                     </details>
E                   
E                 </li>
E               
E                 
E                 <li class="frame django">
E                   
E                     <code class="fname">/Users/mohamedbechirdiarra/Downloads/prototypeGamma/Backend/venv/lib/python3.13/site-packages/django/db/models/query.py</code>, line 1868, in _insert
E                   
E         
E                   
E                     <div class="context" id="c4437704384">
E                       
E                         <ol start="1861" class="pre-context" id="pre4437704384">
E                         
E                           <li onclick="toggle('pre4437704384', 'post4437704384')"><pre>        query = sql.InsertQuery(</pre></li>
E                         
E                           <li onclick="toggle('pre4437704384', 'post4437704384')"><pre>            self.model,</pre></li>
E                         
E                           <li onclick="toggle('pre4437704384', 'post4437704384')"><pre>            on_conflict=on_conflict,</pre></li>
E                         
E                           <li onclick="toggle('pre4437704384', 'post4437704384')"><pre>            update_fields=update_fields,</pre></li>
E                         
E                           <li onclick="toggle('pre4437704384', 'post4437704384')"><pre>            unique_fields=unique_fields,</pre></li>
E                         
E                           <li onclick="toggle('pre4437704384', 'post4437704384')"><pre>        )</pre></li>
E                         
E                           <li onclick="toggle('pre4437704384', 'post4437704384')"><pre>        query.insert_values(fields, objs, raw=raw)</pre></li>
E                         
E                         </ol>
E                       
E                       <ol start="1868" class="context-line">
E                         <li onclick="toggle('pre4437704384', 'post4437704384')"><pre>        return query.get_compiler(using=using).execute_sql(returning_fields)
E                              ^^^^^^^^^^^^^^^^^^^^^^^^^^^^^^^^^^^^^^^^^^^^^^^^^^^^^^^^^^^^^</pre> <span>…</span></li>
E                       </ol>
E                       
E                         <ol start='1869' class="post-context" id="post4437704384">
E                           
E                           <li onclick="toggle('pre4437704384', 'post4437704384')"><pre></pre></li>
E                           
E                           <li onclick="toggle('pre4437704384', 'post4437704384')"><pre>    _insert.alters_data = True</pre></li>
E                           
E                           <li onclick="toggle('pre4437704384', 'post4437704384')"><pre>    _insert.queryset_only = False</pre></li>
E                           
E                           <li onclick="toggle('pre4437704384', 'post4437704384')"><pre></pre></li>
E                           
E                           <li onclick="toggle('pre4437704384', 'post4437704384')"><pre>    def _batched_insert(</pre></li>
E                           
E                           <li onclick="toggle('pre4437704384', 'post4437704384')"><pre>        self,</pre></li>
E                           
E                       </ol>
E                       
E                     </div>
E                   
E         
E                   
E                     
E                       <details>
E                         <summary class="commands">Local vars</summary>
E                     
E                     <table class="vars" id="v4437704384">
E                       <thead>
E                         <tr>
E                           <th scope="col">Variable</th>
E                           <th scope="col">Value</th>
E                         </tr>
E                       </thead>
E                       <tbody>
E                         
E                           <tr>
E                             <td>fields</td>
E                             <td class="code"><pre>[&lt;django.db.models.fields.related.ForeignKey: user&gt;,
E          &lt;django.db.models.fields.GenericIPAddressField: ip_address&gt;,
E          &lt;django.db.models.fields.TextField: user_agent&gt;,
E          &lt;django.db.models.fields.CharField: event_type&gt;,
E          &lt;django.db.models.fields.CharField: status&gt;,
E          &lt;django.db.models.fields.DateTimeField: timestamp&gt;,
E          &lt;django.db.models.fields.CharField: geo_country&gt;,
E          &lt;django.db.models.fields.CharField: geo_city&gt;,
E          &lt;django.db.models.fields.CharField: location&gt;,
E          &lt;django.db.models.fields.PositiveSmallIntegerField: risk_score&gt;,
E          &lt;django.db.models.fields.json.JSONField: metadata&gt;]</pre></td>
E                           </tr>
E                         
E                           <tr>
E                             <td>objs</td>
E                             <td class="code"><pre>[&lt;AuditLog: [2025-07-14 11:43:13.368856+00:00] testuser_sexo3r (Client) - login (success)&gt;]</pre></td>
E                           </tr>
E                         
E                           <tr>
E                             <td>on_conflict</td>
E                             <td class="code"><pre>None</pre></td>
E                           </tr>
E                         
E                           <tr>
E                             <td>query</td>
E                             <td class="code"><pre>&lt;django.db.models.sql.subqueries.InsertQuery object at 0x1087deeb0&gt;</pre></td>
E                           </tr>
E                         
E                           <tr>
E                             <td>raw</td>
E                             <td class="code"><pre>False</pre></td>
E                           </tr>
E                         
E                           <tr>
E                             <td>returning_fields</td>
E                             <td class="code"><pre>[&lt;django.db.models.fields.BigAutoField: id&gt;]</pre></td>
E                           </tr>
E                         
E                           <tr>
E                             <td>self</td>
E                             <td class="code"><pre>&lt;QuerySet [&lt;AuditLog: [2025-07-14 11:20:26.143987+00:00] None - login (failure)&gt;, &lt;AuditLog: [2025-07-14 11:20:26.172163+00:00] None - login (failure)&gt;, &lt;AuditLog: [2025-07-14 11:20:26.440678+00:00] None - login (failure)&gt;, &lt;AuditLog: [2025-07-14 11:20:26.472641+00:00] None - login (failure)&gt;, &lt;AuditLog: [2025-07-14 11:20:42.818165+00:00] None - login (failure)&gt;, &lt;AuditLog: [2025-07-14 11:20:42.834927+00:00] None - login (failure)&gt;, &lt;AuditLog: [2025-07-14 11:20:42.840926+00:00] None - login (failure)&gt;, &lt;AuditLog: [2025-07-14 11:20:42.849907+00:00] None - login (failure)&gt;, &lt;AuditLog: [2025-07-14 11:20:42.855760+00:00] None - login (failure)&gt;, &lt;AuditLog: [2025-07-14 11:20:42.866003+00:00] None - login (failure)&gt;, &lt;AuditLog: [2025-07-14 11:20:42.871786+00:00] None - login (failure)&gt;, &lt;AuditLog: [2025-07-14 11:20:42.878738+00:00] None - login (failure)&gt;, &lt;AuditLog: [2025-07-14 11:20:42.887097+00:00] None - login (failure)&gt;, &lt;AuditLog: [2025-07-14 11:20:42.933562+00:00] None - login (failure)&gt;, &lt;AuditLog: [2025-07-14 11:20:42.948908+00:00] None - login (failure)&gt;, &lt;AuditLog: [2025-07-14 11:20:42.955057+00:00] None - login (failure)&gt;, &lt;AuditLog: [2025-07-14 11:20:43.030569+00:00] None - login (failure)&gt;, &lt;AuditLog: [2025-07-14 11:20:43.035801+00:00] None - login (failure)&gt;, &lt;AuditLog: [2025-07-14 11:20:43.041067+00:00] None - login (failure)&gt;, &lt;AuditLog: [2025-07-14 11:20:43.057293+00:00] None - login (failure)&gt;, &#x27;...(remaining elements truncated)...&#x27;]&gt;</pre></td>
E                           </tr>
E                         
E                           <tr>
E                             <td>unique_fields</td>
E                             <td class="code"><pre>None</pre></td>
E                           </tr>
E                         
E                           <tr>
E                             <td>update_fields</td>
E                             <td class="code"><pre>None</pre></td>
E                           </tr>
E                         
E                           <tr>
E                             <td>using</td>
E                             <td class="code"><pre>&#x27;default&#x27;</pre></td>
E                           </tr>
E                         
E                       </tbody>
E                     </table>
E                     </details>
E                   
E                 </li>
E               
E                 
E                 <li class="frame django">
E                   
E                     <code class="fname">/Users/mohamedbechirdiarra/Downloads/prototypeGamma/Backend/venv/lib/python3.13/site-packages/django/db/models/sql/compiler.py</code>, line 1894, in execute_sql
E                   
E         
E                   
E                     <div class="context" id="c4436714176">
E                       
E                         <ol start="1887" class="pre-context" id="pre4436714176">
E                         
E                           <li onclick="toggle('pre4436714176', 'post4436714176')"><pre>                and len(self.query.objs) &gt; 1</pre></li>
E                         
E                           <li onclick="toggle('pre4436714176', 'post4436714176')"><pre>            ):</pre></li>
E                         
E                           <li onclick="toggle('pre4436714176', 'post4436714176')"><pre>                rows = self.connection.ops.fetch_returned_insert_rows(cursor)</pre></li>
E                         
E                           <li onclick="toggle('pre4436714176', 'post4436714176')"><pre>                cols = [field.get_col(opts.db_table) for field in self.returning_fields]</pre></li>
E                         
E                           <li onclick="toggle('pre4436714176', 'post4436714176')"><pre>            elif self.connection.features.can_return_columns_from_insert:</pre></li>
E                         
E                           <li onclick="toggle('pre4436714176', 'post4436714176')"><pre>                assert len(self.query.objs) == 1</pre></li>
E                         
E                           <li onclick="toggle('pre4436714176', 'post4436714176')"><pre>                rows = [</pre></li>
E                         
E                         </ol>
E                       
E                       <ol start="1894" class="context-line">
E                         <li onclick="toggle('pre4436714176', 'post4436714176')"><pre>                    self.connection.ops.fetch_returned_insert_columns(
E                                   ^</pre> <span>…</span></li>
E                       </ol>
E                       
E                         <ol start='1895' class="post-context" id="post4436714176">
E                           
E                           <li onclick="toggle('pre4436714176', 'post4436714176')"><pre>                        cursor,</pre></li>
E                           
E                           <li onclick="toggle('pre4436714176', 'post4436714176')"><pre>                        self.returning_params,</pre></li>
E                           
E                           <li onclick="toggle('pre4436714176', 'post4436714176')"><pre>                    )</pre></li>
E                           
E                           <li onclick="toggle('pre4436714176', 'post4436714176')"><pre>                ]</pre></li>
E                           
E                           <li onclick="toggle('pre4436714176', 'post4436714176')"><pre>                cols = [field.get_col(opts.db_table) for field in self.returning_fields]</pre></li>
E                           
E                           <li onclick="toggle('pre4436714176', 'post4436714176')"><pre>            elif returning_fields and isinstance(</pre></li>
E                           
E                       </ol>
E                       
E                     </div>
E                   
E         
E                   
E                     
E                       <details>
E                         <summary class="commands">Local vars</summary>
E                     
E                     <table class="vars" id="v4436714176">
E                       <thead>
E                         <tr>
E                           <th scope="col">Variable</th>
E                           <th scope="col">Value</th>
E                         </tr>
E                       </thead>
E                       <tbody>
E                         
E                           <tr>
E                             <td>cols</td>
E                             <td class="code"><pre>[]</pre></td>
E                           </tr>
E                         
E                           <tr>
E                             <td>cursor</td>
E                             <td class="code"><pre>&lt;django.db.backends.utils.CursorDebugWrapper object at 0x10843ffb0&gt;</pre></td>
E                           </tr>
E                         
E                           <tr>
E                             <td>opts</td>
E                             <td class="code"><pre>&lt;Options for AuditLog&gt;</pre></td>
E                           </tr>
E                         
E                           <tr>
E                             <td>params</td>
E                             <td class="code"><pre>(64,
E          &#x27;127.0.0.1&#x27;,
E          &#x27;python-requests/2.32.4&#x27;,
E          &#x27;login&#x27;,
E          &#x27;success&#x27;,
E          &#x27;2025-07-14 11:43:13.368856&#x27;,
E          &#x27;&#x27;,
E          &#x27;&#x27;,
E          None,
E          0,
E          &#x27;{}&#x27;)</pre></td>
E                           </tr>
E                         
E                           <tr>
E                             <td>returning_fields</td>
E                             <td class="code"><pre>[&lt;django.db.models.fields.BigAutoField: id&gt;]</pre></td>
E                           </tr>
E                         
E                           <tr>
E                             <td>self</td>
E                             <td class="code"><pre>&lt;SQLInsertCompiler model=AuditLog connection=&lt;DatabaseWrapper vendor=&#x27;sqlite&#x27; alias=&#x27;default&#x27;&gt; using=&#x27;default&#x27;&gt;</pre></td>
E                           </tr>
E                         
E                           <tr>
E                             <td>sql</td>
E                             <td class="code"><pre>(&#x27;INSERT INTO &quot;users_auditlog&quot; (&quot;user_id&quot;, &quot;ip_address&quot;, &quot;user_agent&quot;, &#x27;
E          &#x27;&quot;event_type&quot;, &quot;status&quot;, &quot;timestamp&quot;, &quot;geo_country&quot;, &quot;geo_city&quot;, &quot;location&quot;, &#x27;
E          &#x27;&quot;risk_score&quot;, &quot;metadata&quot;) VALUES (%s, %s, %s, %s, %s, %s, %s, %s, %s, %s, &#x27;
E          &#x27;%s) RETURNING &quot;users_auditlog&quot;.&quot;id&quot;&#x27;)</pre></td>
E                           </tr>
E                         
E                       </tbody>
E                     </table>
E                     </details>
E                   
E                 </li>
E               
E                 
E                 <li class="frame django">
E                   
E                     <code class="fname">/Users/mohamedbechirdiarra/Downloads/prototypeGamma/Backend/venv/lib/python3.13/site-packages/django/db/backends/base/operations.py</code>, line 215, in fetch_returned_insert_columns
E                   
E         
E                   
E                     <div class="context" id="c4437701696">
E                       
E                         <ol start="208" class="pre-context" id="pre4437701696">
E                         
E                           <li onclick="toggle('pre4437701696', 'post4437701696')"><pre>            return [&quot;DISTINCT&quot;], []</pre></li>
E                         
E                           <li onclick="toggle('pre4437701696', 'post4437701696')"><pre></pre></li>
E                         
E                           <li onclick="toggle('pre4437701696', 'post4437701696')"><pre>    def fetch_returned_insert_columns(self, cursor, returning_params):</pre></li>
E                         
E                           <li onclick="toggle('pre4437701696', 'post4437701696')"><pre>        &quot;&quot;&quot;</pre></li>
E                         
E                           <li onclick="toggle('pre4437701696', 'post4437701696')"><pre>        Given a cursor object that has just performed an INSERT...RETURNING</pre></li>
E                         
E                           <li onclick="toggle('pre4437701696', 'post4437701696')"><pre>        statement into a table, return the newly created data.</pre></li>
E                         
E                           <li onclick="toggle('pre4437701696', 'post4437701696')"><pre>        &quot;&quot;&quot;</pre></li>
E                         
E                         </ol>
E                       
E                       <ol start="215" class="context-line">
E                         <li onclick="toggle('pre4437701696', 'post4437701696')"><pre>        return cursor.fetchone()
E                             ^^^^^^^^^^^^^^^^^</pre> <span>…</span></li>
E                       </ol>
E                       
E                         <ol start='216' class="post-context" id="post4437701696">
E                           
E                           <li onclick="toggle('pre4437701696', 'post4437701696')"><pre></pre></li>
E                           
E                           <li onclick="toggle('pre4437701696', 'post4437701696')"><pre>    def field_cast_sql(self, db_type, internal_type):</pre></li>
E                           
E                           <li onclick="toggle('pre4437701696', 'post4437701696')"><pre>        &quot;&quot;&quot;</pre></li>
E                           
E                           <li onclick="toggle('pre4437701696', 'post4437701696')"><pre>        Given a column type (e.g. &#x27;BLOB&#x27;, &#x27;VARCHAR&#x27;) and an internal type</pre></li>
E                           
E                           <li onclick="toggle('pre4437701696', 'post4437701696')"><pre>        (e.g. &#x27;GenericIPAddressField&#x27;), return the SQL to cast it before using</pre></li>
E                           
E                           <li onclick="toggle('pre4437701696', 'post4437701696')"><pre>        it in a WHERE statement. The resulting string should contain a &#x27;%s&#x27;</pre></li>
E                           
E                       </ol>
E                       
E                     </div>
E                   
E         
E                   
E                     
E                       <details>
E                         <summary class="commands">Local vars</summary>
E                     
E                     <table class="vars" id="v4437701696">
E                       <thead>
E                         <tr>
E                           <th scope="col">Variable</th>
E                           <th scope="col">Value</th>
E                         </tr>
E                       </thead>
E                       <tbody>
E                         
E                           <tr>
E                             <td>cursor</td>
E                             <td class="code"><pre>&lt;django.db.backends.utils.CursorDebugWrapper object at 0x10843ffb0&gt;</pre></td>
E                           </tr>
E                         
E                           <tr>
E                             <td>returning_params</td>
E                             <td class="code"><pre>()</pre></td>
E                           </tr>
E                         
E                           <tr>
E                             <td>self</td>
E                             <td class="code"><pre>&lt;django.db.backends.sqlite3.operations.DatabaseOperations object at 0x10871ff50&gt;</pre></td>
E                           </tr>
E                         
E                       </tbody>
E                     </table>
E                     </details>
E                   
E                 </li>
E               
E                 
E                 <li class="frame django">
E                   
E                     <code class="fname">/Users/mohamedbechirdiarra/Downloads/prototypeGamma/Backend/venv/lib/python3.13/site-packages/django/db/utils.py</code>, line 97, in inner
E                   
E         
E                   
E                     <div class="context" id="c4437691712">
E                       
E                         <ol start="90" class="pre-context" id="pre4437691712">
E                         
E                           <li onclick="toggle('pre4437691712', 'post4437691712')"><pre>                    self.wrapper.errors_occurred = True</pre></li>
E                         
E                           <li onclick="toggle('pre4437691712', 'post4437691712')"><pre>                raise dj_exc_value.with_traceback(traceback) from exc_value</pre></li>
E                         
E                           <li onclick="toggle('pre4437691712', 'post4437691712')"><pre></pre></li>
E                         
E                           <li onclick="toggle('pre4437691712', 'post4437691712')"><pre>    def __call__(self, func):</pre></li>
E                         
E                           <li onclick="toggle('pre4437691712', 'post4437691712')"><pre>        # Note that we are intentionally not using @wraps here for performance</pre></li>
E                         
E                           <li onclick="toggle('pre4437691712', 'post4437691712')"><pre>        # reasons. Refs #21109.</pre></li>
E                         
E                           <li onclick="toggle('pre4437691712', 'post4437691712')"><pre>        def inner(*args, **kwargs):</pre></li>
E                         
E                         </ol>
E                       
E                       <ol start="97" class="context-line">
E                         <li onclick="toggle('pre4437691712', 'post4437691712')"><pre>            with self:
E                              ^^^^</pre> <span>…</span></li>
E                       </ol>
E                       
E                         <ol start='98' class="post-context" id="post4437691712">
E                           
E                           <li onclick="toggle('pre4437691712', 'post4437691712')"><pre>                return func(*args, **kwargs)</pre></li>
E                           
E                           <li onclick="toggle('pre4437691712', 'post4437691712')"><pre></pre></li>
E                           
E                           <li onclick="toggle('pre4437691712', 'post4437691712')"><pre>        return inner</pre></li>
E                           
E                           <li onclick="toggle('pre4437691712', 'post4437691712')"><pre></pre></li>
E                           
E                           <li onclick="toggle('pre4437691712', 'post4437691712')"><pre></pre></li>
E                           
E                           <li onclick="toggle('pre4437691712', 'post4437691712')"><pre>def load_backend(backend_name):</pre></li>
E                           
E                       </ol>
E                       
E                     </div>
E                   
E         
E                   
E                     
E                       <details>
E                         <summary class="commands">Local vars</summary>
E                     
E                     <table class="vars" id="v4437691712">
E                       <thead>
E                         <tr>
E                           <th scope="col">Variable</th>
E                           <th scope="col">Value</th>
E                         </tr>
E                       </thead>
E                       <tbody>
E                         
E                           <tr>
E                             <td>args</td>
E                             <td class="code"><pre>()</pre></td>
E                           </tr>
E                         
E                           <tr>
E                             <td>func</td>
E                             <td class="code"><pre>&lt;built-in method fetchone of SQLiteCursorWrapper object at 0x108447380&gt;</pre></td>
E                           </tr>
E                         
E                           <tr>
E                             <td>kwargs</td>
E                             <td class="code"><pre>{}</pre></td>
E                           </tr>
E                         
E                           <tr>
E                             <td>self</td>
E                             <td class="code"><pre>&lt;django.db.utils.DatabaseErrorWrapper object at 0x10873de50&gt;</pre></td>
E                           </tr>
E                         
E                       </tbody>
E                     </table>
E                     </details>
E                   
E                 </li>
E               
E                 
E                 <li class="frame django">
E                   
E                     <code class="fname">/Users/mohamedbechirdiarra/Downloads/prototypeGamma/Backend/venv/lib/python3.13/site-packages/django/db/utils.py</code>, line 91, in __exit__
E                   
E         
E                   
E                     <div class="context" id="c4437691136">
E                       
E                         <ol start="84" class="pre-context" id="pre4437691136">
E                         
E                           <li onclick="toggle('pre4437691136', 'post4437691136')"><pre>            db_exc_type = getattr(self.wrapper.Database, dj_exc_type.__name__)</pre></li>
E                         
E                           <li onclick="toggle('pre4437691136', 'post4437691136')"><pre>            if issubclass(exc_type, db_exc_type):</pre></li>
E                         
E                           <li onclick="toggle('pre4437691136', 'post4437691136')"><pre>                dj_exc_value = dj_exc_type(*exc_value.args)</pre></li>
E                         
E                           <li onclick="toggle('pre4437691136', 'post4437691136')"><pre>                # Only set the &#x27;errors_occurred&#x27; flag for errors that may make</pre></li>
E                         
E                           <li onclick="toggle('pre4437691136', 'post4437691136')"><pre>                # the connection unusable.</pre></li>
E                         
E                           <li onclick="toggle('pre4437691136', 'post4437691136')"><pre>                if dj_exc_type not in (DataError, IntegrityError):</pre></li>
E                         
E                           <li onclick="toggle('pre4437691136', 'post4437691136')"><pre>                    self.wrapper.errors_occurred = True</pre></li>
E                         
E                         </ol>
E                       
E                       <ol start="91" class="context-line">
E                         <li onclick="toggle('pre4437691136', 'post4437691136')"><pre>                raise dj_exc_value.with_traceback(traceback) from exc_value
E                             ^^^^^^^^^^^^^^^^^^^^^^^^^^^^^^^^^^^^^^^^^^^^^^^^^^^^^^^^^^^</pre> <span>…</span></li>
E                       </ol>
E                       
E                         <ol start='92' class="post-context" id="post4437691136">
E                           
E                           <li onclick="toggle('pre4437691136', 'post4437691136')"><pre></pre></li>
E                           
E                           <li onclick="toggle('pre4437691136', 'post4437691136')"><pre>    def __call__(self, func):</pre></li>
E                           
E                           <li onclick="toggle('pre4437691136', 'post4437691136')"><pre>        # Note that we are intentionally not using @wraps here for performance</pre></li>
E                           
E                           <li onclick="toggle('pre4437691136', 'post4437691136')"><pre>        # reasons. Refs #21109.</pre></li>
E                           
E                           <li onclick="toggle('pre4437691136', 'post4437691136')"><pre>        def inner(*args, **kwargs):</pre></li>
E                           
E                           <li onclick="toggle('pre4437691136', 'post4437691136')"><pre>            with self:</pre></li>
E                           
E                       </ol>
E                       
E                     </div>
E                   
E         
E                   
E                     
E                       <details>
E                         <summary class="commands">Local vars</summary>
E                     
E                     <table class="vars" id="v4437691136">
E                       <thead>
E                         <tr>
E                           <th scope="col">Variable</th>
E                           <th scope="col">Value</th>
E                         </tr>
E                       </thead>
E                       <tbody>
E                         
E                           <tr>
E                             <td>db_exc_type</td>
E                             <td class="code"><pre>&lt;class &#x27;sqlite3.IntegrityError&#x27;&gt;</pre></td>
E                           </tr>
E                         
E                           <tr>
E                             <td>dj_exc_type</td>
E                             <td class="code"><pre>&lt;class &#x27;django.db.utils.IntegrityError&#x27;&gt;</pre></td>
E                           </tr>
E                         
E                           <tr>
E                             <td>dj_exc_value</td>
E                             <td class="code"><pre>IntegrityError(&#x27;FOREIGN KEY constraint failed&#x27;)</pre></td>
E                           </tr>
E                         
E                           <tr>
E                             <td>exc_type</td>
E                             <td class="code"><pre>&lt;class &#x27;sqlite3.IntegrityError&#x27;&gt;</pre></td>
E                           </tr>
E                         
E                           <tr>
E                             <td>exc_value</td>
E                             <td class="code"><pre>IntegrityError(&#x27;FOREIGN KEY constraint failed&#x27;)</pre></td>
E                           </tr>
E                         
E                           <tr>
E                             <td>self</td>
E                             <td class="code"><pre>&lt;django.db.utils.DatabaseErrorWrapper object at 0x10873de50&gt;</pre></td>
E                           </tr>
E                         
E                           <tr>
E                             <td>traceback</td>
E                             <td class="code"><pre>&lt;traceback object at 0x10881c440&gt;</pre></td>
E                           </tr>
E                         
E                       </tbody>
E                     </table>
E                     </details>
E                   
E                 </li>
E               
E                 
E                 <li class="frame django">
E                   
E                     <code class="fname">/Users/mohamedbechirdiarra/Downloads/prototypeGamma/Backend/venv/lib/python3.13/site-packages/django/db/utils.py</code>, line 98, in inner
E                   
E         
E                   
E                     <div class="context" id="c4437689408">
E                       
E                         <ol start="91" class="pre-context" id="pre4437689408">
E                         
E                           <li onclick="toggle('pre4437689408', 'post4437689408')"><pre>                raise dj_exc_value.with_traceback(traceback) from exc_value</pre></li>
E                         
E                           <li onclick="toggle('pre4437689408', 'post4437689408')"><pre></pre></li>
E                         
E                           <li onclick="toggle('pre4437689408', 'post4437689408')"><pre>    def __call__(self, func):</pre></li>
E                         
E                           <li onclick="toggle('pre4437689408', 'post4437689408')"><pre>        # Note that we are intentionally not using @wraps here for performance</pre></li>
E                         
E                           <li onclick="toggle('pre4437689408', 'post4437689408')"><pre>        # reasons. Refs #21109.</pre></li>
E                         
E                           <li onclick="toggle('pre4437689408', 'post4437689408')"><pre>        def inner(*args, **kwargs):</pre></li>
E                         
E                           <li onclick="toggle('pre4437689408', 'post4437689408')"><pre>            with self:</pre></li>
E                         
E                         </ol>
E                       
E                       <ol start="98" class="context-line">
E                         <li onclick="toggle('pre4437689408', 'post4437689408')"><pre>                return func(*args, **kwargs)
E                                    ^^^^^^^^^^^^^^^^^^^^^</pre> <span>…</span></li>
E                       </ol>
E                       
E                         <ol start='99' class="post-context" id="post4437689408">
E                           
E                           <li onclick="toggle('pre4437689408', 'post4437689408')"><pre></pre></li>
E                           
E                           <li onclick="toggle('pre4437689408', 'post4437689408')"><pre>        return inner</pre></li>
E                           
E                           <li onclick="toggle('pre4437689408', 'post4437689408')"><pre></pre></li>
E                           
E                           <li onclick="toggle('pre4437689408', 'post4437689408')"><pre></pre></li>
E                           
E                           <li onclick="toggle('pre4437689408', 'post4437689408')"><pre>def load_backend(backend_name):</pre></li>
E                           
E                           <li onclick="toggle('pre4437689408', 'post4437689408')"><pre>    &quot;&quot;&quot;</pre></li>
E                           
E                       </ol>
E                       
E                     </div>
E                   
E         
E                   
E                     
E                       <details>
E                         <summary class="commands">Local vars</summary>
E                     
E                     <table class="vars" id="v4437689408">
E                       <thead>
E                         <tr>
E                           <th scope="col">Variable</th>
E                           <th scope="col">Value</th>
E                         </tr>
E                       </thead>
E                       <tbody>
E                         
E                           <tr>
E                             <td>args</td>
E                             <td class="code"><pre>()</pre></td>
E                           </tr>
E                         
E                           <tr>
E                             <td>func</td>
E                             <td class="code"><pre>&lt;built-in method fetchone of SQLiteCursorWrapper object at 0x108447380&gt;</pre></td>
E                           </tr>
E                         
E                           <tr>
E                             <td>kwargs</td>
E                             <td class="code"><pre>{}</pre></td>
E                           </tr>
E                         
E                           <tr>
E                             <td>self</td>
E                             <td class="code"><pre>&lt;django.db.utils.DatabaseErrorWrapper object at 0x10873de50&gt;</pre></td>
E                           </tr>
E                         
E                       </tbody>
E                     </table>
E                     </details>
E                   
E                 </li>
E               
E             </ul>
E           </div>
E         
E           <form action="https://dpaste.com/" name="pasteform" id="pasteform" method="post">
E           <div id="pastebinTraceback" class="pastebin">
E             <input type="hidden" name="language" value="PythonConsole">
E             <input type="hidden" name="title"
E               value="IntegrityError at /users/login/">
E             <input type="hidden" name="source" value="Django Dpaste Agent">
E             <input type="hidden" name="poster" value="Django">
E             <textarea name="content" id="traceback_area" cols="140" rows="25">
E         Environment:
E         
E         
E         Request Method: POST
E         Request URL: http://127.0.0.1:8000/users/login/
E         
E         Django Version: 5.2.4
E         Python Version: 3.13.5
E         Installed Applications:
E         [&#x27;django.contrib.admin&#x27;,
E          &#x27;django.contrib.auth&#x27;,
E          &#x27;django.contrib.contenttypes&#x27;,
E          &#x27;django.contrib.sessions&#x27;,
E          &#x27;django.contrib.messages&#x27;,
E          &#x27;django.contrib.staticfiles&#x27;,
E          &#x27;rest_framework&#x27;,
E          &#x27;corsheaders&#x27;,
E          &#x27;users&#x27;,
E          &#x27;depannage&#x27;,
E          &#x27;rest_framework_simplejwt&#x27;,
E          &#x27;rest_framework_simplejwt.token_blacklist&#x27;,
E          &#x27;channels&#x27;]
E         Installed Middleware:
E         [&#x27;corsheaders.middleware.CorsMiddleware&#x27;,
E          &#x27;django.middleware.security.SecurityMiddleware&#x27;,
E          &#x27;django.contrib.sessions.middleware.SessionMiddleware&#x27;,
E          &#x27;django.middleware.common.CommonMiddleware&#x27;,
E          &#x27;django.middleware.csrf.CsrfViewMiddleware&#x27;,
E          &#x27;django.contrib.auth.middleware.AuthenticationMiddleware&#x27;,
E          &#x27;django.contrib.messages.middleware.MessageMiddleware&#x27;,
E          &#x27;django.middleware.clickjacking.XFrameOptionsMiddleware&#x27;,
E          &#x27;auth.middleware.JWTSecurityMiddleware&#x27;,
E          &#x27;auth.middleware.TokenValidationMiddleware&#x27;]
E         
E         
E         
E         Traceback (most recent call last):
E           File "/Users/mohamedbechirdiarra/Downloads/prototypeGamma/Backend/venv/lib/python3.13/site-packages/django/db/utils.py", line 98, in inner
E             return func(*args, **kwargs)
E                    ^^^^^^^^^^^^^^^^^^^^^
E         
E         The above exception (FOREIGN KEY constraint failed) was the direct cause of the following exception:
E           File "/Users/mohamedbechirdiarra/Downloads/prototypeGamma/Backend/venv/lib/python3.13/site-packages/django/core/handlers/exception.py", line 42, in inner
E             response = await get_response(request)
E                        ^^^^^^^^^^^^^^^^^^^^^^^^^^^
E           File "/Users/mohamedbechirdiarra/Downloads/prototypeGamma/Backend/venv/lib/python3.13/site-packages/django/core/handlers/base.py", line 253, in _get_response_async
E             response = await wrapped_callback(
E                        
E           File "/Users/mohamedbechirdiarra/Downloads/prototypeGamma/Backend/venv/lib/python3.13/site-packages/django/views/decorators/csrf.py", line 65, in _view_wrapper
E             return view_func(request, *args, **kwargs)
E                    ^^^^^^^^^^^^^^^^^^^^^^^^^^^^^^^^^^^
E           File "/Users/mohamedbechirdiarra/Downloads/prototypeGamma/Backend/venv/lib/python3.13/site-packages/rest_framework/viewsets.py", line 125, in view
E             return self.dispatch(request, *args, **kwargs)
E                    ^^^^^^^^^^^^^^^^^^^^^^^^^^^^^^^^^^^^^^^
E           File "/Users/mohamedbechirdiarra/Downloads/prototypeGamma/Backend/users/views.py", line 641, in dispatch
E             return super().dispatch(request, *args, **kwargs)
E                    ^^^^^^^^^^^^^^^^^^^^^^^^^^^^^^^^^^^^^^^^^^
E           File "/Users/mohamedbechirdiarra/Downloads/prototypeGamma/Backend/venv/lib/python3.13/site-packages/rest_framework/views.py", line 515, in dispatch
E             response = self.handle_exception(exc)
E                        ^^^^^^^^^^^^^^^^^^^^^^^^^^
E           File "/Users/mohamedbechirdiarra/Downloads/prototypeGamma/Backend/venv/lib/python3.13/site-packages/rest_framework/views.py", line 475, in handle_exception
E             self.raise_uncaught_exception(exc)
E             ^^^^^^^^^^^^^^^^^^^^^^^^^^^^^^^^^^
E           File "/Users/mohamedbechirdiarra/Downloads/prototypeGamma/Backend/venv/lib/python3.13/site-packages/rest_framework/views.py", line 486, in raise_uncaught_exception
E             raise exc
E             ^^^^^^^^^
E           File "/Users/mohamedbechirdiarra/Downloads/prototypeGamma/Backend/venv/lib/python3.13/site-packages/rest_framework/views.py", line 512, in dispatch
E             response = handler(request, *args, **kwargs)
E                        ^^^^^^^^^^^^^^^^^^^^^^^^^^^^^^^^^
E           File "/Users/mohamedbechirdiarra/Downloads/prototypeGamma/Backend/users/views.py", line 382, in login
E             log_event(request, &#x27;login&#x27;, &#x27;success&#x27;, risk_score=risk_score, metadata={}, user=user)
E             ^^^^^^^^^^^^^^^^^^^^^^^^^^^^^^^^^^^^^^^^^^^^^^^^^^^^^^^^^^^^^^^^^^^^^^^^^^^^^^^^^^^^^
E           File "/Users/mohamedbechirdiarra/Downloads/prototypeGamma/Backend/users/utils.py", line 14, in log_event
E             AuditLog.objects.create(
E             ^
E           File "/Users/mohamedbechirdiarra/Downloads/prototypeGamma/Backend/venv/lib/python3.13/site-packages/django/db/models/manager.py", line 87, in manager_method
E             return getattr(self.get_queryset(), name)(*args, **kwargs)
E                    ^^^^^^^^^^^^^^^^^^^^^^^^^^^^^^^^^^^^^^^^^^^^^^^^^^^
E           File "/Users/mohamedbechirdiarra/Downloads/prototypeGamma/Backend/venv/lib/python3.13/site-packages/django/db/models/query.py", line 663, in create
E             obj.save(force_insert=True, using=self.db)
E             ^^^^^^^^^^^^^^^^^^^^^^^^^^^^^^^^^^^^^^^^^^
E           File "/Users/mohamedbechirdiarra/Downloads/prototypeGamma/Backend/venv/lib/python3.13/site-packages/django/db/models/base.py", line 902, in save
E             self.save_base(
E             ^
E           File "/Users/mohamedbechirdiarra/Downloads/prototypeGamma/Backend/venv/lib/python3.13/site-packages/django/db/models/base.py", line 1008, in save_base
E             updated = self._save_table(
E                       
E           File "/Users/mohamedbechirdiarra/Downloads/prototypeGamma/Backend/venv/lib/python3.13/site-packages/django/db/models/base.py", line 1169, in _save_table
E             results = self._do_insert(
E                       
E           File "/Users/mohamedbechirdiarra/Downloads/prototypeGamma/Backend/venv/lib/python3.13/site-packages/django/db/models/base.py", line 1210, in _do_insert
E             return manager._insert(
E                    
E           File "/Users/mohamedbechirdiarra/Downloads/prototypeGamma/Backend/venv/lib/python3.13/site-packages/django/db/models/manager.py", line 87, in manager_method
E             return getattr(self.get_queryset(), name)(*args, **kwargs)
E                    ^^^^^^^^^^^^^^^^^^^^^^^^^^^^^^^^^^^^^^^^^^^^^^^^^^^
E           File "/Users/mohamedbechirdiarra/Downloads/prototypeGamma/Backend/venv/lib/python3.13/site-packages/django/db/models/query.py", line 1868, in _insert
E             return query.get_compiler(using=using).execute_sql(returning_fields)
E                    ^^^^^^^^^^^^^^^^^^^^^^^^^^^^^^^^^^^^^^^^^^^^^^^^^^^^^^^^^^^^^
E           File "/Users/mohamedbechirdiarra/Downloads/prototypeGamma/Backend/venv/lib/python3.13/site-packages/django/db/models/sql/compiler.py", line 1894, in execute_sql
E             self.connection.ops.fetch_returned_insert_columns(
E             ^
E           File "/Users/mohamedbechirdiarra/Downloads/prototypeGamma/Backend/venv/lib/python3.13/site-packages/django/db/backends/base/operations.py", line 215, in fetch_returned_insert_columns
E             return cursor.fetchone()
E                    ^^^^^^^^^^^^^^^^^
E           File "/Users/mohamedbechirdiarra/Downloads/prototypeGamma/Backend/venv/lib/python3.13/site-packages/django/db/utils.py", line 97, in inner
E             with self:
E                  ^^^^
E           File "/Users/mohamedbechirdiarra/Downloads/prototypeGamma/Backend/venv/lib/python3.13/site-packages/django/db/utils.py", line 91, in __exit__
E             raise dj_exc_value.with_traceback(traceback) from exc_value
E             ^^^^^^^^^^^^^^^^^^^^^^^^^^^^^^^^^^^^^^^^^^^^^^^^^^^^^^^^^^^
E           File "/Users/mohamedbechirdiarra/Downloads/prototypeGamma/Backend/venv/lib/python3.13/site-packages/django/db/utils.py", line 98, in inner
E             return func(*args, **kwargs)
E                    ^^^^^^^^^^^^^^^^^^^^^
E         
E         Exception Type: IntegrityError at /users/login/
E         Exception Value: FOREIGN KEY constraint failed
E         </textarea>
E           <br><br>
E           <input type="submit" value="Share this traceback on a public website">
E           </div>
E         </form>
E         
E         </div>
E         
E         
E         <div id="requestinfo">
E           <h2>Request information</h2>
E         
E         
E           
E             <h3 id="user-info">USER</h3>
E             <p>AnonymousUser</p>
E           
E         
E           <h3 id="get-info">GET</h3>
E           
E             <p>No GET data</p>
E           
E         
E           <h3 id="post-info">POST</h3>
E           
E             <p>No POST data</p>
E           
E         
E           <h3 id="files-info">FILES</h3>
E           
E             <p>No FILES data</p>
E           
E         
E           <h3 id="cookie-info">COOKIES</h3>
E           
E             <p>No cookie data</p>
E           
E         
E           <h3 id="meta-info">META</h3>
E           <table class="req">
E             <thead>
E               <tr>
E                 <th scope="col">Variable</th>
E                 <th scope="col">Value</th>
E               </tr>
E             </thead>
E             <tbody>
E               
E                 <tr>
E                   <td>CONTENT_LENGTH</td>
E                   <td class="code"><pre>&#x27;69&#x27;</pre></td>
E                 </tr>
E               
E                 <tr>
E                   <td>CONTENT_TYPE</td>
E                   <td class="code"><pre>&#x27;application/json&#x27;</pre></td>
E                 </tr>
E               
E                 <tr>
E                   <td>HTTP_ACCEPT</td>
E                   <td class="code"><pre>&#x27;*/*&#x27;</pre></td>
E                 </tr>
E               
E                 <tr>
E                   <td>HTTP_ACCEPT_ENCODING</td>
E                   <td class="code"><pre>&#x27;gzip, deflate&#x27;</pre></td>
E                 </tr>
E               
E                 <tr>
E                   <td>HTTP_CONNECTION</td>
E                   <td class="code"><pre>&#x27;keep-alive&#x27;</pre></td>
E                 </tr>
E               
E                 <tr>
E                   <td>HTTP_HOST</td>
E                   <td class="code"><pre>&#x27;127.0.0.1:8000&#x27;</pre></td>
E                 </tr>
E               
E                 <tr>
E                   <td>HTTP_USER_AGENT</td>
E                   <td class="code"><pre>&#x27;python-requests/2.32.4&#x27;</pre></td>
E                 </tr>
E               
E                 <tr>
E                   <td>PATH_INFO</td>
E                   <td class="code"><pre>&#x27;/users/login/&#x27;</pre></td>
E                 </tr>
E               
E                 <tr>
E                   <td>QUERY_STRING</td>
E                   <td class="code"><pre>&#x27;&#x27;</pre></td>
E                 </tr>
E               
E                 <tr>
E                   <td>REMOTE_ADDR</td>
E                   <td class="code"><pre>&#x27;127.0.0.1&#x27;</pre></td>
E                 </tr>
E               
E                 <tr>
E                   <td>REMOTE_HOST</td>
E                   <td class="code"><pre>&#x27;127.0.0.1&#x27;</pre></td>
E                 </tr>
E               
E                 <tr>
E                   <td>REMOTE_PORT</td>
E                   <td class="code"><pre>53691</pre></td>
E                 </tr>
E               
E                 <tr>
E                   <td>REQUEST_METHOD</td>
E                   <td class="code"><pre>&#x27;POST&#x27;</pre></td>
E                 </tr>
E               
E                 <tr>
E                   <td>SCRIPT_NAME</td>
E                   <td class="code"><pre>&#x27;&#x27;</pre></td>
E                 </tr>
E               
E                 <tr>
E                   <td>SERVER_NAME</td>
E                   <td class="code"><pre>&#x27;127.0.0.1&#x27;</pre></td>
E                 </tr>
E               
E                 <tr>
E                   <td>SERVER_PORT</td>
E                   <td class="code"><pre>&#x27;8000&#x27;</pre></td>
E                 </tr>
E               
E                 <tr>
E                   <td>wsgi.multiprocess</td>
E                   <td class="code"><pre>True</pre></td>
E                 </tr>
E               
E                 <tr>
E                   <td>wsgi.multithread</td>
E                   <td class="code"><pre>True</pre></td>
E                 </tr>
E               
E             </tbody>
E           </table>
E         
E         
E           <h3 id="settings-info">Settings</h3>
E           <h4>Using settings module <code>Backend.auth.settings</code></h4>
E           <table class="req">
E             <thead>
E               <tr>
E                 <th scope="col">Setting</th>
E                 <th scope="col">Value</th>
E               </tr>
E             </thead>
E             <tbody>
E               
E                 <tr>
E                   <td>ABSOLUTE_URL_OVERRIDES</td>
E                   <td class="code"><pre>{}</pre></td>
E                 </tr>
E               
E                 <tr>
E                   <td>ADMINS</td>
E                   <td class="code"><pre>[]</pre></td>
E                 </tr>
E               
E                 <tr>
E                   <td>ALLOWED_HOSTS</td>
E                   <td class="code"><pre>[&#x27;127.0.0.1&#x27;, &#x27;localhost&#x27;, &#x27;testserver&#x27;]</pre></td>
E                 </tr>
E               
E                 <tr>
E                   <td>APPEND_SLASH</td>
E                   <td class="code"><pre>True</pre></td>
E                 </tr>
E               
E                 <tr>
E                   <td>ASGI_APPLICATION</td>
E                   <td class="code"><pre>&#x27;auth.asgi.application&#x27;</pre></td>
E                 </tr>
E               
E                 <tr>
E                   <td>AUTHENTICATION_BACKENDS</td>
E                   <td class="code"><pre>&#x27;********************&#x27;</pre></td>
E                 </tr>
E               
E                 <tr>
E                   <td>AUTH_PASSWORD_VALIDATORS</td>
E                   <td class="code"><pre>&#x27;********************&#x27;</pre></td>
E                 </tr>
E               
E                 <tr>
E                   <td>AUTH_USER_MODEL</td>
E                   <td class="code"><pre>&#x27;********************&#x27;</pre></td>
E                 </tr>
E               
E                 <tr>
E                   <td>BASE_DIR</td>
E                   <td class="code"><pre>PosixPath(&#x27;/Users/mohamedbechirdiarra/Downloads/prototypeGamma/Backend&#x27;)</pre></td>
E                 </tr>
E               
E                 <tr>
E                   <td>BASE_URL</td>
E                   <td class="code"><pre>&#x27;http://127.0.0.1:8000&#x27;</pre></td>
E                 </tr>
E               
E                 <tr>
E                   <td>CACHES</td>
E                   <td class="code"><pre>{&#x27;default&#x27;: {&#x27;BACKEND&#x27;: &#x27;django.core.cache.backends.locmem.LocMemCache&#x27;,
E                      &#x27;LOCATION&#x27;: &#x27;unique-snowflake&#x27;,
E                      &#x27;OPTIONS&#x27;: {&#x27;MAX_ENTRIES&#x27;: 1000},
E                      &#x27;TIMEOUT&#x27;: 300}}</pre></td>
E                 </tr>
E               
E                 <tr>
E                   <td>CACHE_MIDDLEWARE_ALIAS</td>
E                   <td class="code"><pre>&#x27;default&#x27;</pre></td>
E                 </tr>
E               
E                 <tr>
E                   <td>CACHE_MIDDLEWARE_KEY_PREFIX</td>
E                   <td class="code"><pre>&#x27;********************&#x27;</pre></td>
E                 </tr>
E               
E                 <tr>
E                   <td>CACHE_MIDDLEWARE_SECONDS</td>
E                   <td class="code"><pre>600</pre></td>
E                 </tr>
E               
E                 <tr>
E                   <td>CHANNEL_LAYERS</td>
E                   <td class="code"><pre>{&#x27;default&#x27;: {&#x27;BACKEND&#x27;: &#x27;channels.layers.InMemoryChannelLayer&#x27;}}</pre></td>
E                 </tr>
E               
E                 <tr>
E                   <td>CINETPAY_API_KEY</td>
E                   <td class="code"><pre>&#x27;********************&#x27;</pre></td>
E                 </tr>
E               
E                 <tr>
E                   <td>CINETPAY_CONFIG</td>
E                   <td class="code"><pre>{&#x27;API_KEY&#x27;: &#x27;********************&#x27;,
E          &#x27;API_URL&#x27;: &#x27;********************&#x27;,
E          &#x27;CURRENCY&#x27;: &#x27;XOF&#x27;,
E          &#x27;ENVIRONMENT&#x27;: &#x27;Production&#x27;,
E          &#x27;LANG&#x27;: &#x27;fr&#x27;,
E          &#x27;MODE&#x27;: &#x27;PRODUCTION&#x27;,
E          &#x27;SECRET_KEY&#x27;: &#x27;********************&#x27;,
E          &#x27;SITE_ID&#x27;: &#x27;105899471&#x27;,
E          &#x27;USE_SIMULATOR&#x27;: False}</pre></td>
E                 </tr>
E               
E                 <tr>
E                   <td>CINETPAY_ENVIRONMENT</td>
E                   <td class="code"><pre>&#x27;Production&#x27;</pre></td>
E                 </tr>
E               
E                 <tr>
E                   <td>CINETPAY_SECRET_KEY</td>
E                   <td class="code"><pre>&#x27;********************&#x27;</pre></td>
E                 </tr>
E               
E                 <tr>
E                   <td>CINETPAY_SITE_ID</td>
E                   <td class="code"><pre>&#x27;105899471&#x27;</pre></td>
E                 </tr>
E               
E                 <tr>
E                   <td>CINETPAY_USE_SIMULATOR</td>
E                   <td class="code"><pre>False</pre></td>
E                 </tr>
E               
E                 <tr>
E                   <td>CORS_ALLOWED_HEADERS</td>
E                   <td class="code"><pre>[&#x27;Content-Type&#x27;, &#x27;Authorization&#x27;, &#x27;X-Requested-With&#x27;]</pre></td>
E                 </tr>
E               
E                 <tr>
E                   <td>CORS_ALLOWED_METHODS</td>
E                   <td class="code"><pre>[&#x27;GET&#x27;, &#x27;POST&#x27;, &#x27;PUT&#x27;, &#x27;DELETE&#x27;, &#x27;OPTIONS&#x27;]</pre></td>
E                 </tr>
E               
E                 <tr>
E                   <td>CORS_ALLOWED_ORIGINS</td>
E                   <td class="code"><pre>[&#x27;http://localhost:5173&#x27;,
E          &#x27;http://127.0.0.1:5173&#x27;,
E          &#x27;http://localhost:8000&#x27;,
E          &#x27;http://127.0.0.1:8000&#x27;]</pre></td>
E                 </tr>
E               
E                 <tr>
E                   <td>CORS_ALLOW_ALL_ORIGINS</td>
E                   <td class="code"><pre>True</pre></td>
E                 </tr>
E               
E                 <tr>
E                   <td>CORS_ALLOW_CREDENTIALS</td>
E                   <td class="code"><pre>True</pre></td>
E                 </tr>
E               
E                 <tr>
E                   <td>CSRF_COOKIE_AGE</td>
E                   <td class="code"><pre>31449600</pre></td>
E                 </tr>
E               
E                 <tr>
E                   <td>CSRF_COOKIE_DOMAIN</td>
E                   <td class="code"><pre>None</pre></td>
E                 </tr>
E               
E                 <tr>
E                   <td>CSRF_COOKIE_HTTPONLY</td>
E                   <td class="code"><pre>True</pre></td>
E                 </tr>
E               
E                 <tr>
E                   <td>CSRF_COOKIE_NAME</td>
E                   <td class="code"><pre>&#x27;csrftoken&#x27;</pre></td>
E                 </tr>
E               
E                 <tr>
E                   <td>CSRF_COOKIE_PATH</td>
E                   <td class="code"><pre>&#x27;/&#x27;</pre></td>
E                 </tr>
E               
E                 <tr>
E                   <td>CSRF_COOKIE_SAMESITE</td>
E                   <td class="code"><pre>&#x27;Lax&#x27;</pre></td>
E                 </tr>
E               
E                 <tr>
E                   <td>CSRF_COOKIE_SECURE</td>
E                   <td class="code"><pre>True</pre></td>
E                 </tr>
E               
E                 <tr>
E                   <td>CSRF_FAILURE_VIEW</td>
E                   <td class="code"><pre>&#x27;django.views.csrf.csrf_failure&#x27;</pre></td>
E                 </tr>
E               
E                 <tr>
E                   <td>CSRF_HEADER_NAME</td>
E                   <td class="code"><pre>&#x27;HTTP_X_CSRFTOKEN&#x27;</pre></td>
E                 </tr>
E               
E                 <tr>
E                   <td>CSRF_TRUSTED_ORIGINS</td>
E                   <td class="code"><pre>[&#x27;http://localhost:3000&#x27;, &#x27;http://127.0.0.1:3000&#x27;]</pre></td>
E                 </tr>
E               
E                 <tr>
E                   <td>CSRF_USE_SESSIONS</td>
E                   <td class="code"><pre>False</pre></td>
E                 </tr>
E               
E                 <tr>
E                   <td>DATABASES</td>
E                   <td class="code"><pre>{&#x27;default&#x27;: {&#x27;ATOMIC_REQUESTS&#x27;: False,
E                      &#x27;AUTOCOMMIT&#x27;: True,
E                      &#x27;CONN_HEALTH_CHECKS&#x27;: False,
E                      &#x27;CONN_MAX_AGE&#x27;: 0,
E                      &#x27;ENGINE&#x27;: &#x27;django.db.backends.sqlite3&#x27;,
E                      &#x27;HOST&#x27;: &#x27;&#x27;,
E                      &#x27;NAME&#x27;: PosixPath(&#x27;/Users/mohamedbechirdiarra/Downloads/prototypeGamma/Backend/db.sqlite3&#x27;),
E                      &#x27;OPTIONS&#x27;: {},
E                      &#x27;PASSWORD&#x27;: &#x27;********************&#x27;,
E                      &#x27;PORT&#x27;: &#x27;&#x27;,
E                      &#x27;TEST&#x27;: {&#x27;CHARSET&#x27;: None,
E                               &#x27;COLLATION&#x27;: None,
E                               &#x27;MIGRATE&#x27;: True,
E                               &#x27;MIRROR&#x27;: None,
E                               &#x27;NAME&#x27;: None},
E                      &#x27;TIME_ZONE&#x27;: None,
E                      &#x27;USER&#x27;: &#x27;&#x27;}}</pre></td>
E                 </tr>
E               
E                 <tr>
E                   <td>DATABASE_ROUTERS</td>
E                   <td class="code"><pre>[]</pre></td>
E                 </tr>
E               
E                 <tr>
E                   <td>DATA_UPLOAD_MAX_MEMORY_SIZE</td>
E                   <td class="code"><pre>2621440</pre></td>
E                 </tr>
E               
E                 <tr>
E                   <td>DATA_UPLOAD_MAX_NUMBER_FIELDS</td>
E                   <td class="code"><pre>1000</pre></td>
E                 </tr>
E               
E                 <tr>
E                   <td>DATA_UPLOAD_MAX_NUMBER_FILES</td>
E                   <td class="code"><pre>100</pre></td>
E                 </tr>
E               
E                 <tr>
E                   <td>DATETIME_FORMAT</td>
E                   <td class="code"><pre>&#x27;N j, Y, P&#x27;</pre></td>
E                 </tr>
E               
E                 <tr>
E                   <td>DATETIME_INPUT_FORMATS</td>
E                   <td class="code"><pre>[&#x27;%Y-%m-%d %H:%M:%S&#x27;,
E          &#x27;%Y-%m-%d %H:%M:%S.%f&#x27;,
E          &#x27;%Y-%m-%d %H:%M&#x27;,
E          &#x27;%m/%d/%Y %H:%M:%S&#x27;,
E          &#x27;%m/%d/%Y %H:%M:%S.%f&#x27;,
E          &#x27;%m/%d/%Y %H:%M&#x27;,
E          &#x27;%m/%d/%y %H:%M:%S&#x27;,
E          &#x27;%m/%d/%y %H:%M:%S.%f&#x27;,
E          &#x27;%m/%d/%y %H:%M&#x27;]</pre></td>
E                 </tr>
E               
E                 <tr>
E                   <td>DATE_FORMAT</td>
E                   <td class="code"><pre>&#x27;N j, Y&#x27;</pre></td>
E                 </tr>
E               
E                 <tr>
E                   <td>DATE_INPUT_FORMATS</td>
E                   <td class="code"><pre>[&#x27;%Y-%m-%d&#x27;,
E          &#x27;%m/%d/%Y&#x27;,
E          &#x27;%m/%d/%y&#x27;,
E          &#x27;%b %d %Y&#x27;,
E          &#x27;%b %d, %Y&#x27;,
E          &#x27;%d %b %Y&#x27;,
E          &#x27;%d %b, %Y&#x27;,
E          &#x27;%B %d %Y&#x27;,
E          &#x27;%B %d, %Y&#x27;,
E          &#x27;%d %B %Y&#x27;,
E          &#x27;%d %B, %Y&#x27;]</pre></td>
E                 </tr>
E               
E                 <tr>
E                   <td>DEBUG</td>
E                   <td class="code"><pre>True</pre></td>
E                 </tr>
E               
E                 <tr>
E                   <td>DEBUG_PROPAGATE_EXCEPTIONS</td>
E                   <td class="code"><pre>False</pre></td>
E                 </tr>
E               
E                 <tr>
E                   <td>DECIMAL_SEPARATOR</td>
E                   <td class="code"><pre>&#x27;.&#x27;</pre></td>
E                 </tr>
E               
E                 <tr>
E                   <td>DEFAULT_AUTO_FIELD</td>
E                   <td class="code"><pre>&#x27;django.db.models.BigAutoField&#x27;</pre></td>
E                 </tr>
E               
E                 <tr>
E                   <td>DEFAULT_CHARSET</td>
E                   <td class="code"><pre>&#x27;utf-8&#x27;</pre></td>
E                 </tr>
E               
E                 <tr>
E                   <td>DEFAULT_EXCEPTION_REPORTER</td>
E                   <td class="code"><pre>&#x27;django.views.debug.ExceptionReporter&#x27;</pre></td>
E                 </tr>
E               
E                 <tr>
E                   <td>DEFAULT_EXCEPTION_REPORTER_FILTER</td>
E                   <td class="code"><pre>&#x27;django.views.debug.SafeExceptionReporterFilter&#x27;</pre></td>
E                 </tr>
E               
E                 <tr>
E                   <td>DEFAULT_FROM_EMAIL</td>
E                   <td class="code"><pre>&#x27;webmaster@localhost&#x27;</pre></td>
E                 </tr>
E               
E                 <tr>
E                   <td>DEFAULT_INDEX_TABLESPACE</td>
E                   <td class="code"><pre>&#x27;&#x27;</pre></td>
E                 </tr>
E               
E                 <tr>
E                   <td>DEFAULT_TABLESPACE</td>
E                   <td class="code"><pre>&#x27;&#x27;</pre></td>
E                 </tr>
E               
E                 <tr>
E                   <td>DISALLOWED_USER_AGENTS</td>
E                   <td class="code"><pre>[]</pre></td>
E                 </tr>
E               
E                 <tr>
E                   <td>EMAIL_BACKEND</td>
E                   <td class="code"><pre>&#x27;django.core.mail.backends.console.EmailBackend&#x27;</pre></td>
E                 </tr>
E               
E                 <tr>
E                   <td>EMAIL_HOST</td>
E                   <td class="code"><pre>&#x27;localhost&#x27;</pre></td>
E                 </tr>
E               
E                 <tr>
E                   <td>EMAIL_HOST_PASSWORD</td>
E                   <td class="code"><pre>&#x27;********************&#x27;</pre></td>
E                 </tr>
E               
E                 <tr>
E                   <td>EMAIL_HOST_USER</td>
E                   <td class="code"><pre>&#x27;&#x27;</pre></td>
E                 </tr>
E               
E                 <tr>
E                   <td>EMAIL_PORT</td>
E                   <td class="code"><pre>1025</pre></td>
E                 </tr>
E               
E                 <tr>
E                   <td>EMAIL_SSL_CERTFILE</td>
E                   <td class="code"><pre>None</pre></td>
E                 </tr>
E               
E                 <tr>
E                   <td>EMAIL_SSL_KEYFILE</td>
E                   <td class="code"><pre>&#x27;********************&#x27;</pre></td>
E                 </tr>
E               
E                 <tr>
E                   <td>EMAIL_SUBJECT_PREFIX</td>
E                   <td class="code"><pre>&#x27;[Django] &#x27;</pre></td>
E                 </tr>
E               
E                 <tr>
E                   <td>EMAIL_TIMEOUT</td>
E                   <td class="code"><pre>None</pre></td>
E                 </tr>
E               
E                 <tr>
E                   <td>EMAIL_USE_LOCALTIME</td>
E                   <td class="code"><pre>False</pre></td>
E                 </tr>
E               
E                 <tr>
E                   <td>EMAIL_USE_SSL</td>
E                   <td class="code"><pre>False</pre></td>
E                 </tr>
E               
E                 <tr>
E                   <td>EMAIL_USE_TLS</td>
E                   <td class="code"><pre>False</pre></td>
E                 </tr>
E               
E                 <tr>
E                   <td>FILE_UPLOAD_DIRECTORY_PERMISSIONS</td>
E                   <td class="code"><pre>None</pre></td>
E                 </tr>
E               
E                 <tr>
E                   <td>FILE_UPLOAD_HANDLERS</td>
E                   <td class="code"><pre>[&#x27;django.core.files.uploadhandler.MemoryFileUploadHandler&#x27;,
E          &#x27;django.core.files.uploadhandler.TemporaryFileUploadHandler&#x27;]</pre></td>
E                 </tr>
E               
E                 <tr>
E                   <td>FILE_UPLOAD_MAX_MEMORY_SIZE</td>
E                   <td class="code"><pre>2621440</pre></td>
E                 </tr>
E               
E                 <tr>
E                   <td>FILE_UPLOAD_PERMISSIONS</td>
E                   <td class="code"><pre>420</pre></td>
E                 </tr>
E               
E                 <tr>
E                   <td>FILE_UPLOAD_TEMP_DIR</td>
E                   <td class="code"><pre>None</pre></td>
E                 </tr>
E               
E                 <tr>
E                   <td>FIRST_DAY_OF_WEEK</td>
E                   <td class="code"><pre>0</pre></td>
E                 </tr>
E               
E                 <tr>
E                   <td>FIXTURE_DIRS</td>
E                   <td class="code"><pre>[]</pre></td>
E                 </tr>
E               
E                 <tr>
E                   <td>FORCE_SCRIPT_NAME</td>
E                   <td class="code"><pre>None</pre></td>
E                 </tr>
E               
E                 <tr>
E                   <td>FORMAT_MODULE_PATH</td>
E                   <td class="code"><pre>None</pre></td>
E                 </tr>
E               
E                 <tr>
E                   <td>FORMS_URLFIELD_ASSUME_HTTPS</td>
E                   <td class="code"><pre>False</pre></td>
E                 </tr>
E               
E                 <tr>
E                   <td>FORM_RENDERER</td>
E                   <td class="code"><pre>&#x27;django.forms.renderers.DjangoTemplates&#x27;</pre></td>
E                 </tr>
E               
E                 <tr>
E                   <td>FRONTEND_URL</td>
E                   <td class="code"><pre>&#x27;http://127.0.0.1:5173&#x27;</pre></td>
E                 </tr>
E               
E                 <tr>
E                   <td>GDAL_LIBRARY_PATH</td>
E                   <td class="code"><pre>&#x27;C:\\OSGeo4W\\bin\\gdal311.dll&#x27;</pre></td>
E                 </tr>
E               
E                 <tr>
E                   <td>GEOLOCATION_SETTINGS</td>
E                   <td class="code"><pre>{&#x27;CACHE_TIMEOUT&#x27;: 3600, &#x27;DEFAULT_RADIUS_KM&#x27;: 10, &#x27;MAX_RADIUS_KM&#x27;: 50}</pre></td>
E                 </tr>
E               
E                 <tr>
E                   <td>GEOS_LIBRARY_PATH</td>
E                   <td class="code"><pre>&#x27;C:\\OSGeo4W\\bin\\geos_c.dll&#x27;</pre></td>
E                 </tr>
E               
E                 <tr>
E                   <td>IGNORABLE_404_URLS</td>
E                   <td class="code"><pre>[]</pre></td>
E                 </tr>
E               
E                 <tr>
E                   <td>INSTALLED_APPS</td>
E                   <td class="code"><pre>[&#x27;django.contrib.admin&#x27;,
E          &#x27;django.contrib.auth&#x27;,
E          &#x27;django.contrib.contenttypes&#x27;,
E          &#x27;django.contrib.sessions&#x27;,
E          &#x27;django.contrib.messages&#x27;,
E          &#x27;django.contrib.staticfiles&#x27;,
E          &#x27;rest_framework&#x27;,
E          &#x27;corsheaders&#x27;,
E          &#x27;users&#x27;,
E          &#x27;depannage&#x27;,
E          &#x27;rest_framework_simplejwt&#x27;,
E          &#x27;rest_framework_simplejwt.token_blacklist&#x27;,
E          &#x27;channels&#x27;]</pre></td>
E                 </tr>
E               
E                 <tr>
E                   <td>INTERNAL_IPS</td>
E                   <td class="code"><pre>[]</pre></td>
E                 </tr>
E               
E                 <tr>
E                   <td>LANGUAGES</td>
E                   <td class="code"><pre>[(&#x27;af&#x27;, &#x27;Afrikaans&#x27;),
E          (&#x27;ar&#x27;, &#x27;Arabic&#x27;),
E          (&#x27;ar-dz&#x27;, &#x27;Algerian Arabic&#x27;),
E          (&#x27;ast&#x27;, &#x27;Asturian&#x27;),
E          (&#x27;az&#x27;, &#x27;Azerbaijani&#x27;),
E          (&#x27;bg&#x27;, &#x27;Bulgarian&#x27;),
E          (&#x27;be&#x27;, &#x27;Belarusian&#x27;),
E          (&#x27;bn&#x27;, &#x27;Bengali&#x27;),
E          (&#x27;br&#x27;, &#x27;Breton&#x27;),
E          (&#x27;bs&#x27;, &#x27;Bosnian&#x27;),
E          (&#x27;ca&#x27;, &#x27;Catalan&#x27;),
E          (&#x27;ckb&#x27;, &#x27;Central Kurdish (Sorani)&#x27;),
E          (&#x27;cs&#x27;, &#x27;Czech&#x27;),
E          (&#x27;cy&#x27;, &#x27;Welsh&#x27;),
E          (&#x27;da&#x27;, &#x27;Danish&#x27;),
E          (&#x27;de&#x27;, &#x27;German&#x27;),
E          (&#x27;dsb&#x27;, &#x27;Lower Sorbian&#x27;),
E          (&#x27;el&#x27;, &#x27;Greek&#x27;),
E          (&#x27;en&#x27;, &#x27;English&#x27;),
E          (&#x27;en-au&#x27;, &#x27;Australian English&#x27;),
E          (&#x27;en-gb&#x27;, &#x27;British English&#x27;),
E          (&#x27;eo&#x27;, &#x27;Esperanto&#x27;),
E          (&#x27;es&#x27;, &#x27;Spanish&#x27;),
E          (&#x27;es-ar&#x27;, &#x27;Argentinian Spanish&#x27;),
E          (&#x27;es-co&#x27;, &#x27;Colombian Spanish&#x27;),
E          (&#x27;es-mx&#x27;, &#x27;Mexican Spanish&#x27;),
E          (&#x27;es-ni&#x27;, &#x27;Nicaraguan Spanish&#x27;),
E          (&#x27;es-ve&#x27;, &#x27;Venezuelan Spanish&#x27;),
E          (&#x27;et&#x27;, &#x27;Estonian&#x27;),
E          (&#x27;eu&#x27;, &#x27;Basque&#x27;),
E          (&#x27;fa&#x27;, &#x27;Persian&#x27;),
E          (&#x27;fi&#x27;, &#x27;Finnish&#x27;),
E          (&#x27;fr&#x27;, &#x27;French&#x27;),
E          (&#x27;fy&#x27;, &#x27;Frisian&#x27;),
E          (&#x27;ga&#x27;, &#x27;Irish&#x27;),
E          (&#x27;gd&#x27;, &#x27;Scottish Gaelic&#x27;),
E          (&#x27;gl&#x27;, &#x27;Galician&#x27;),
E          (&#x27;he&#x27;, &#x27;Hebrew&#x27;),
E          (&#x27;hi&#x27;, &#x27;Hindi&#x27;),
E          (&#x27;hr&#x27;, &#x27;Croatian&#x27;),
E          (&#x27;hsb&#x27;, &#x27;Upper Sorbian&#x27;),
E          (&#x27;hu&#x27;, &#x27;Hungarian&#x27;),
E          (&#x27;hy&#x27;, &#x27;Armenian&#x27;),
E          (&#x27;ia&#x27;, &#x27;Interlingua&#x27;),
E          (&#x27;id&#x27;, &#x27;Indonesian&#x27;),
E          (&#x27;ig&#x27;, &#x27;Igbo&#x27;),
E          (&#x27;io&#x27;, &#x27;Ido&#x27;),
E          (&#x27;is&#x27;, &#x27;Icelandic&#x27;),
E          (&#x27;it&#x27;, &#x27;Italian&#x27;),
E          (&#x27;ja&#x27;, &#x27;Japanese&#x27;),
E          (&#x27;ka&#x27;, &#x27;Georgian&#x27;),
E          (&#x27;kab&#x27;, &#x27;Kabyle&#x27;),
E          (&#x27;kk&#x27;, &#x27;Kazakh&#x27;),
E          (&#x27;km&#x27;, &#x27;Khmer&#x27;),
E          (&#x27;kn&#x27;, &#x27;Kannada&#x27;),
E          (&#x27;ko&#x27;, &#x27;Korean&#x27;),
E          (&#x27;ky&#x27;, &#x27;Kyrgyz&#x27;),
E          (&#x27;lb&#x27;, &#x27;Luxembourgish&#x27;),
E          (&#x27;lt&#x27;, &#x27;Lithuanian&#x27;),
E          (&#x27;lv&#x27;, &#x27;Latvian&#x27;),
E          (&#x27;mk&#x27;, &#x27;Macedonian&#x27;),
E          (&#x27;ml&#x27;, &#x27;Malayalam&#x27;),
E          (&#x27;mn&#x27;, &#x27;Mongolian&#x27;),
E          (&#x27;mr&#x27;, &#x27;Marathi&#x27;),
E          (&#x27;ms&#x27;, &#x27;Malay&#x27;),
E          (&#x27;my&#x27;, &#x27;Burmese&#x27;),
E          (&#x27;nb&#x27;, &#x27;Norwegian Bokmål&#x27;),
E          (&#x27;ne&#x27;, &#x27;Nepali&#x27;),
E          (&#x27;nl&#x27;, &#x27;Dutch&#x27;),
E          (&#x27;nn&#x27;, &#x27;Norwegian Nynorsk&#x27;),
E          (&#x27;os&#x27;, &#x27;Ossetic&#x27;),
E          (&#x27;pa&#x27;, &#x27;Punjabi&#x27;),
E          (&#x27;pl&#x27;, &#x27;Polish&#x27;),
E          (&#x27;pt&#x27;, &#x27;Portuguese&#x27;),
E          (&#x27;pt-br&#x27;, &#x27;Brazilian Portuguese&#x27;),
E          (&#x27;ro&#x27;, &#x27;Romanian&#x27;),
E          (&#x27;ru&#x27;, &#x27;Russian&#x27;),
E          (&#x27;sk&#x27;, &#x27;Slovak&#x27;),
E          (&#x27;sl&#x27;, &#x27;Slovenian&#x27;),
E          (&#x27;sq&#x27;, &#x27;Albanian&#x27;),
E          (&#x27;sr&#x27;, &#x27;Serbian&#x27;),
E          (&#x27;sr-latn&#x27;, &#x27;Serbian Latin&#x27;),
E          (&#x27;sv&#x27;, &#x27;Swedish&#x27;),
E          (&#x27;sw&#x27;, &#x27;Swahili&#x27;),
E          (&#x27;ta&#x27;, &#x27;Tamil&#x27;),
E          (&#x27;te&#x27;, &#x27;Telugu&#x27;),
E          (&#x27;tg&#x27;, &#x27;Tajik&#x27;),
E          (&#x27;th&#x27;, &#x27;Thai&#x27;),
E          (&#x27;tk&#x27;, &#x27;Turkmen&#x27;),
E          (&#x27;tr&#x27;, &#x27;Turkish&#x27;),
E          (&#x27;tt&#x27;, &#x27;Tatar&#x27;),
E          (&#x27;udm&#x27;, &#x27;Udmurt&#x27;),
E          (&#x27;ug&#x27;, &#x27;Uyghur&#x27;),
E          (&#x27;uk&#x27;, &#x27;Ukrainian&#x27;),
E          (&#x27;ur&#x27;, &#x27;Urdu&#x27;),
E          (&#x27;uz&#x27;, &#x27;Uzbek&#x27;),
E          (&#x27;vi&#x27;, &#x27;Vietnamese&#x27;),
E          (&#x27;zh-hans&#x27;, &#x27;Simplified Chinese&#x27;),
E          (&#x27;zh-hant&#x27;, &#x27;Traditional Chinese&#x27;)]</pre></td>
E                 </tr>
E               
E                 <tr>
E                   <td>LANGUAGES_BIDI</td>
E                   <td class="code"><pre>[&#x27;he&#x27;, &#x27;ar&#x27;, &#x27;ar-dz&#x27;, &#x27;ckb&#x27;, &#x27;fa&#x27;, &#x27;ug&#x27;, &#x27;ur&#x27;]</pre></td>
E                 </tr>
E               
E                 <tr>
E                   <td>LANGUAGE_CODE</td>
E                   <td class="code"><pre>&#x27;en-us&#x27;</pre></td>
E                 </tr>
E               
E                 <tr>
E                   <td>LANGUAGE_COOKIE_AGE</td>
E                   <td class="code"><pre>None</pre></td>
E                 </tr>
E               
E                 <tr>
E                   <td>LANGUAGE_COOKIE_DOMAIN</td>
E                   <td class="code"><pre>None</pre></td>
E                 </tr>
E               
E                 <tr>
E                   <td>LANGUAGE_COOKIE_HTTPONLY</td>
E                   <td class="code"><pre>False</pre></td>
E                 </tr>
E               
E                 <tr>
E                   <td>LANGUAGE_COOKIE_NAME</td>
E                   <td class="code"><pre>&#x27;django_language&#x27;</pre></td>
E                 </tr>
E               
E                 <tr>
E                   <td>LANGUAGE_COOKIE_PATH</td>
E                   <td class="code"><pre>&#x27;/&#x27;</pre></td>
E                 </tr>
E               
E                 <tr>
E                   <td>LANGUAGE_COOKIE_SAMESITE</td>
E                   <td class="code"><pre>None</pre></td>
E                 </tr>
E               
E                 <tr>
E                   <td>LANGUAGE_COOKIE_SECURE</td>
E                   <td class="code"><pre>False</pre></td>
E                 </tr>
E               
E                 <tr>
E                   <td>LOCALE_PATHS</td>
E                   <td class="code"><pre>[]</pre></td>
E                 </tr>
E               
E                 <tr>
E                   <td>LOGGING</td>
E                   <td class="code"><pre>{&#x27;disable_existing_loggers&#x27;: False,
E          &#x27;formatters&#x27;: {&#x27;simple&#x27;: {&#x27;format&#x27;: &#x27;{levelname} {message}&#x27;, &#x27;style&#x27;: &#x27;{&#x27;},
E                         &#x27;verbose&#x27;: {&#x27;format&#x27;: &#x27;{levelname} {asctime} {module} &#x27;
E                                               &#x27;{process:d} {thread:d} {message}&#x27;,
E                                     &#x27;style&#x27;: &#x27;{&#x27;}},
E          &#x27;handlers&#x27;: {&#x27;file&#x27;: {&#x27;class&#x27;: &#x27;logging.FileHandler&#x27;,
E                                &#x27;filename&#x27;: &#x27;django.log&#x27;,
E                                &#x27;formatter&#x27;: &#x27;verbose&#x27;,
E                                &#x27;level&#x27;: &#x27;INFO&#x27;},
E                       &#x27;security_file&#x27;: {&#x27;class&#x27;: &#x27;logging.FileHandler&#x27;,
E                                         &#x27;filename&#x27;: &#x27;security.log&#x27;,
E                                         &#x27;formatter&#x27;: &#x27;verbose&#x27;,
E                                         &#x27;level&#x27;: &#x27;WARNING&#x27;}},
E          &#x27;loggers&#x27;: {&#x27;depannage&#x27;: {&#x27;handlers&#x27;: [&#x27;file&#x27;],
E                                    &#x27;level&#x27;: &#x27;INFO&#x27;,
E                                    &#x27;propagate&#x27;: True},
E                      &#x27;django&#x27;: {&#x27;handlers&#x27;: [&#x27;file&#x27;],
E                                 &#x27;level&#x27;: &#x27;INFO&#x27;,
E                                 &#x27;propagate&#x27;: True},
E                      &#x27;django.security&#x27;: {&#x27;handlers&#x27;: [&#x27;security_file&#x27;],
E                                          &#x27;level&#x27;: &#x27;WARNING&#x27;,
E                                          &#x27;propagate&#x27;: False},
E                      &#x27;users&#x27;: {&#x27;handlers&#x27;: [&#x27;file&#x27;],
E                                &#x27;level&#x27;: &#x27;INFO&#x27;,
E                                &#x27;propagate&#x27;: True}},
E          &#x27;version&#x27;: 1}</pre></td>
E                 </tr>
E               
E                 <tr>
E                   <td>LOGGING_CONFIG</td>
E                   <td class="code"><pre>&#x27;logging.config.dictConfig&#x27;</pre></td>
E                 </tr>
E               
E                 <tr>
E                   <td>LOGIN_REDIRECT_URL</td>
E                   <td class="code"><pre>&#x27;/accounts/profile/&#x27;</pre></td>
E                 </tr>
E               
E                 <tr>
E                   <td>LOGIN_URL</td>
E                   <td class="code"><pre>&#x27;/accounts/login/&#x27;</pre></td>
E                 </tr>
E               
E                 <tr>
E                   <td>LOGOUT_REDIRECT_URL</td>
E                   <td class="code"><pre>None</pre></td>
E                 </tr>
E               
E                 <tr>
E                   <td>MANAGERS</td>
E                   <td class="code"><pre>[]</pre></td>
E                 </tr>
E               
E                 <tr>
E                   <td>MEDIA_ROOT</td>
E                   <td class="code"><pre>&#x27;/Users/mohamedbechirdiarra/Downloads/prototypeGamma/Backend/media&#x27;</pre></td>
E                 </tr>
E               
E                 <tr>
E                   <td>MEDIA_URL</td>
E                   <td class="code"><pre>&#x27;/media/&#x27;</pre></td>
E                 </tr>
E               
E                 <tr>
E                   <td>MESSAGE_STORAGE</td>
E                   <td class="code"><pre>&#x27;django.contrib.messages.storage.fallback.FallbackStorage&#x27;</pre></td>
E                 </tr>
E               
E                 <tr>
E                   <td>MIDDLEWARE</td>
E                   <td class="code"><pre>[&#x27;corsheaders.middleware.CorsMiddleware&#x27;,
E          &#x27;django.middleware.security.SecurityMiddleware&#x27;,
E          &#x27;django.contrib.sessions.middleware.SessionMiddleware&#x27;,
E          &#x27;django.middleware.common.CommonMiddleware&#x27;,
E          &#x27;django.middleware.csrf.CsrfViewMiddleware&#x27;,
E          &#x27;django.contrib.auth.middleware.AuthenticationMiddleware&#x27;,
E          &#x27;django.contrib.messages.middleware.MessageMiddleware&#x27;,
E          &#x27;django.middleware.clickjacking.XFrameOptionsMiddleware&#x27;,
E          &#x27;auth.middleware.JWTSecurityMiddleware&#x27;,
E          &#x27;auth.middleware.TokenValidationMiddleware&#x27;]</pre></td>
E                 </tr>
E               
E                 <tr>
E                   <td>MIGRATION_MODULES</td>
E                   <td class="code"><pre>{}</pre></td>
E                 </tr>
E               
E                 <tr>
E                   <td>MONTH_DAY_FORMAT</td>
E                   <td class="code"><pre>&#x27;F j&#x27;</pre></td>
E                 </tr>
E               
E                 <tr>
E                   <td>NOTIFICATION_CHANNELS</td>
E                   <td class="code"><pre>{&#x27;email&#x27;: True, &#x27;push&#x27;: False, &#x27;sms&#x27;: False}</pre></td>
E                 </tr>
E               
E                 <tr>
E                   <td>NUMBER_GROUPING</td>
E                   <td class="code"><pre>0</pre></td>
E                 </tr>
E               
E                 <tr>
E                   <td>PASSWORD_HASHERS</td>
E                   <td class="code"><pre>&#x27;********************&#x27;</pre></td>
E                 </tr>
E               
E                 <tr>
E                   <td>PASSWORD_RESET_TIMEOUT</td>
E                   <td class="code"><pre>&#x27;********************&#x27;</pre></td>
E                 </tr>
E               
E                 <tr>
E                   <td>PAYMENT_SETTINGS</td>
E                   <td class="code"><pre>{&#x27;CINETPAY_API_KEY&#x27;: &#x27;********************&#x27;,
E          &#x27;CINETPAY_ENVIRONMENT&#x27;: &#x27;Production&#x27;,
E          &#x27;CINETPAY_SITE_ID&#x27;: &#x27;105899471&#x27;}</pre></td>
E                 </tr>
E               
E                 <tr>
E                   <td>PREPEND_WWW</td>
E                   <td class="code"><pre>False</pre></td>
E                 </tr>
E               
E                 <tr>
E                   <td>REST_FRAMEWORK</td>
E                   <td class="code"><pre>{&#x27;DEFAULT_AUTHENTICATION_CLASSES&#x27;: &#x27;********************&#x27;,
E          &#x27;DEFAULT_PAGINATION_CLASS&#x27;: &#x27;rest_framework.pagination.PageNumberPagination&#x27;,
E          &#x27;DEFAULT_PARSER_CLASSES&#x27;: [&#x27;rest_framework.parsers.JSONParser&#x27;,
E                                     &#x27;rest_framework.parsers.MultiPartParser&#x27;,
E                                     &#x27;rest_framework.parsers.FormParser&#x27;],
E          &#x27;DEFAULT_PERMISSION_CLASSES&#x27;: [&#x27;rest_framework.permissions.IsAuthenticated&#x27;],
E          &#x27;DEFAULT_RENDERER_CLASSES&#x27;: [&#x27;rest_framework.renderers.JSONRenderer&#x27;],
E          &#x27;DEFAULT_THROTTLE_CLASSES&#x27;: [&#x27;rest_framework.throttling.UserRateThrottle&#x27;,
E                                       &#x27;rest_framework.throttling.AnonRateThrottle&#x27;,
E                                       &#x27;rest_framework.throttling.ScopedRateThrottle&#x27;],
E          &#x27;DEFAULT_THROTTLE_RATES&#x27;: {&#x27;anon&#x27;: &#x27;10000/day&#x27;,
E                                     &#x27;login&#x27;: &#x27;1000/day&#x27;,
E                                     &#x27;password_reset&#x27;: &#x27;********************&#x27;,
E                                     &#x27;register&#x27;: &#x27;500/day&#x27;,
E                                     &#x27;user&#x27;: &#x27;50000/day&#x27;,
E                                     &#x27;user_me&#x27;: &#x27;1000/day&#x27;},
E          &#x27;EXCEPTION_HANDLER&#x27;: &#x27;rest_framework.views.exception_handler&#x27;,
E          &#x27;PAGE_SIZE&#x27;: 20}</pre></td>
E                 </tr>
E               
E                 <tr>
E                   <td>ROOT_URLCONF</td>
E                   <td class="code"><pre>&#x27;auth.urls&#x27;</pre></td>
E                 </tr>
E               
E                 <tr>
E                   <td>SECRET_KEY</td>
E                   <td class="code"><pre>&#x27;********************&#x27;</pre></td>
E                 </tr>
E               
E                 <tr>
E                   <td>SECRET_KEY_FALLBACKS</td>
E                   <td class="code"><pre>&#x27;********************&#x27;</pre></td>
E                 </tr>
E               
E                 <tr>
E                   <td>SECURE_BROWSER_XSS_FILTER</td>
E                   <td class="code"><pre>True</pre></td>
E                 </tr>
E               
E                 <tr>
E                   <td>SECURE_CONTENT_TYPE_NOSNIFF</td>
E                   <td class="code"><pre>True</pre></td>
E                 </tr>
E               
E                 <tr>
E                   <td>SECURE_CROSS_ORIGIN_OPENER_POLICY</td>
E                   <td class="code"><pre>&#x27;same-origin&#x27;</pre></td>
E                 </tr>
E               
E                 <tr>
E                   <td>SECURE_HSTS_INCLUDE_SUBDOMAINS</td>
E                   <td class="code"><pre>True</pre></td>
E                 </tr>
E               
E                 <tr>
E                   <td>SECURE_HSTS_PRELOAD</td>
E                   <td class="code"><pre>True</pre></td>
E                 </tr>
E               
E                 <tr>
E                   <td>SECURE_HSTS_SECONDS</td>
E                   <td class="code"><pre>31536000</pre></td>
E                 </tr>
E               
E                 <tr>
E                   <td>SECURE_PROXY_SSL_HEADER</td>
E                   <td class="code"><pre>None</pre></td>
E                 </tr>
E               
E                 <tr>
E                   <td>SECURE_REDIRECT_EXEMPT</td>
E                   <td class="code"><pre>[]</pre></td>
E                 </tr>
E               
E                 <tr>
E                   <td>SECURE_REFERRER_POLICY</td>
E                   <td class="code"><pre>&#x27;same-origin&#x27;</pre></td>
E                 </tr>
E               
E                 <tr>
E                   <td>SECURE_SSL_HOST</td>
E                   <td class="code"><pre>None</pre></td>
E                 </tr>
E               
E                 <tr>
E                   <td>SECURE_SSL_REDIRECT</td>
E                   <td class="code"><pre>False</pre></td>
E                 </tr>
E               
E                 <tr>
E                   <td>SERVER_EMAIL</td>
E                   <td class="code"><pre>&#x27;root@localhost&#x27;</pre></td>
E                 </tr>
E               
E                 <tr>
E                   <td>SESSION_CACHE_ALIAS</td>
E                   <td class="code"><pre>&#x27;default&#x27;</pre></td>
E                 </tr>
E               
E                 <tr>
E                   <td>SESSION_COOKIE_AGE</td>
E                   <td class="code"><pre>3600</pre></td>
E                 </tr>
E               
E                 <tr>
E                   <td>SESSION_COOKIE_DOMAIN</td>
E                   <td class="code"><pre>None</pre></td>
E                 </tr>
E               
E                 <tr>
E                   <td>SESSION_COOKIE_HTTPONLY</td>
E                   <td class="code"><pre>True</pre></td>
E                 </tr>
E               
E                 <tr>
E                   <td>SESSION_COOKIE_NAME</td>
E                   <td class="code"><pre>&#x27;sessionid&#x27;</pre></td>
E                 </tr>
E               
E                 <tr>
E                   <td>SESSION_COOKIE_PATH</td>
E                   <td class="code"><pre>&#x27;/&#x27;</pre></td>
E                 </tr>
E               
E                 <tr>
E                   <td>SESSION_COOKIE_SAMESITE</td>
E                   <td class="code"><pre>&#x27;Lax&#x27;</pre></td>
E                 </tr>
E               
E                 <tr>
E                   <td>SESSION_COOKIE_SECURE</td>
E                   <td class="code"><pre>True</pre></td>
E                 </tr>
E               
E                 <tr>
E                   <td>SESSION_ENGINE</td>
E                   <td class="code"><pre>&#x27;django.contrib.sessions.backends.db&#x27;</pre></td>
E                 </tr>
E               
E                 <tr>
E                   <td>SESSION_EXPIRE_AT_BROWSER_CLOSE</td>
E                   <td class="code"><pre>True</pre></td>
E                 </tr>
E               
E                 <tr>
E                   <td>SESSION_FILE_PATH</td>
E                   <td class="code"><pre>None</pre></td>
E                 </tr>
E               
E                 <tr>
E                   <td>SESSION_SAVE_EVERY_REQUEST</td>
E                   <td class="code"><pre>False</pre></td>
E                 </tr>
E               
E                 <tr>
E                   <td>SESSION_SERIALIZER</td>
E                   <td class="code"><pre>&#x27;django.contrib.sessions.serializers.JSONSerializer&#x27;</pre></td>
E                 </tr>
E               
E                 <tr>
E                   <td>SETTINGS_MODULE</td>
E                   <td class="code"><pre>&#x27;Backend.auth.settings&#x27;</pre></td>
E                 </tr>
E               
E                 <tr>
E                   <td>SHORT_DATETIME_FORMAT</td>
E                   <td class="code"><pre>&#x27;m/d/Y P&#x27;</pre></td>
E                 </tr>
E               
E                 <tr>
E                   <td>SHORT_DATE_FORMAT</td>
E                   <td class="code"><pre>&#x27;m/d/Y&#x27;</pre></td>
E                 </tr>
E               
E                 <tr>
E                   <td>SIGNING_BACKEND</td>
E                   <td class="code"><pre>&#x27;django.core.signing.TimestampSigner&#x27;</pre></td>
E                 </tr>
E               
E                 <tr>
E                   <td>SILENCED_SYSTEM_CHECKS</td>
E                   <td class="code"><pre>[]</pre></td>
E                 </tr>
E               
E                 <tr>
E                   <td>SIMPLE_JWT</td>
E                   <td class="code"><pre>{&#x27;ACCESS_TOKEN_LIFETIME&#x27;: &#x27;********************&#x27;,
E          &#x27;ALGORITHM&#x27;: &#x27;HS256&#x27;,
E          &#x27;AUDIENCE&#x27;: None,
E          &#x27;AUTH_HEADER_NAME&#x27;: &#x27;********************&#x27;,
E          &#x27;AUTH_HEADER_TYPES&#x27;: &#x27;********************&#x27;,
E          &#x27;AUTH_TOKEN_CLASSES&#x27;: &#x27;********************&#x27;,
E          &#x27;BLACKLIST_AFTER_ROTATION&#x27;: True,
E          &#x27;ISSUER&#x27;: None,
E          &#x27;JTI_CLAIM&#x27;: &#x27;jti&#x27;,
E          &#x27;JWK_URL&#x27;: None,
E          &#x27;LEEWAY&#x27;: 0,
E          &#x27;REFRESH_TOKEN_LIFETIME&#x27;: &#x27;********************&#x27;,
E          &#x27;ROTATE_REFRESH_TOKENS&#x27;: &#x27;********************&#x27;,
E          &#x27;SIGNING_KEY&#x27;: &#x27;********************&#x27;,
E          &#x27;SLIDING_TOKEN_LIFETIME&#x27;: &#x27;********************&#x27;,
E          &#x27;SLIDING_TOKEN_REFRESH_EXP_CLAIM&#x27;: &#x27;********************&#x27;,
E          &#x27;SLIDING_TOKEN_REFRESH_LIFETIME&#x27;: &#x27;********************&#x27;,
E          &#x27;TOKEN_TYPE_CLAIM&#x27;: &#x27;********************&#x27;,
E          &#x27;TOKEN_USER_CLASS&#x27;: &#x27;********************&#x27;,
E          &#x27;UPDATE_LAST_LOGIN&#x27;: True,
E          &#x27;USER_AUTHENTICATION_RULE&#x27;: &#x27;********************&#x27;,
E          &#x27;USER_ID_CLAIM&#x27;: &#x27;user_id&#x27;,
E          &#x27;USER_ID_FIELD&#x27;: &#x27;id&#x27;,
E          &#x27;VERIFYING_KEY&#x27;: &#x27;********************&#x27;}</pre></td>
E                 </tr>
E               
E                 <tr>
E                   <td>STATICFILES_DIRS</td>
E                   <td class="code"><pre>[]</pre></td>
E                 </tr>
E               
E                 <tr>
E                   <td>STATICFILES_FINDERS</td>
E                   <td class="code"><pre>[&#x27;django.contrib.staticfiles.finders.FileSystemFinder&#x27;,
E          &#x27;django.contrib.staticfiles.finders.AppDirectoriesFinder&#x27;]</pre></td>
E                 </tr>
E               
E                 <tr>
E                   <td>STATIC_ROOT</td>
E                   <td class="code"><pre>&#x27;/Users/mohamedbechirdiarra/Downloads/prototypeGamma/Backend/staticfiles&#x27;</pre></td>
E                 </tr>
E               
E                 <tr>
E                   <td>STATIC_URL</td>
E                   <td class="code"><pre>&#x27;/static/&#x27;</pre></td>
E                 </tr>
E               
E                 <tr>
E                   <td>STORAGES</td>
E                   <td class="code"><pre>{&#x27;default&#x27;: {&#x27;BACKEND&#x27;: &#x27;django.core.files.storage.FileSystemStorage&#x27;},
E          &#x27;staticfiles&#x27;: {&#x27;BACKEND&#x27;: &#x27;django.contrib.staticfiles.storage.StaticFilesStorage&#x27;}}</pre></td>
E                 </tr>
E               
E                 <tr>
E                   <td>TEMPLATES</td>
E                   <td class="code"><pre>[{&#x27;APP_DIRS&#x27;: True,
E           &#x27;BACKEND&#x27;: &#x27;django.template.backends.django.DjangoTemplates&#x27;,
E           &#x27;DIRS&#x27;: [],
E           &#x27;OPTIONS&#x27;: {&#x27;context_processors&#x27;: [&#x27;django.template.context_processors.request&#x27;,
E                                              &#x27;django.contrib.auth.context_processors.auth&#x27;,
E                                              &#x27;django.contrib.messages.context_processors.messages&#x27;]}}]</pre></td>
E                 </tr>
E               
E                 <tr>
E                   <td>TEST_NON_SERIALIZED_APPS</td>
E                   <td class="code"><pre>[]</pre></td>
E                 </tr>
E               
E                 <tr>
E                   <td>TEST_RUNNER</td>
E                   <td class="code"><pre>&#x27;django.test.runner.DiscoverRunner&#x27;</pre></td>
E                 </tr>
E               
E                 <tr>
E                   <td>THOUSAND_SEPARATOR</td>
E                   <td class="code"><pre>&#x27;,&#x27;</pre></td>
E                 </tr>
E               
E                 <tr>
E                   <td>TIME_FORMAT</td>
E                   <td class="code"><pre>&#x27;P&#x27;</pre></td>
E                 </tr>
E               
E                 <tr>
E                   <td>TIME_INPUT_FORMATS</td>
E                   <td class="code"><pre>[&#x27;%H:%M:%S&#x27;, &#x27;%H:%M:%S.%f&#x27;, &#x27;%H:%M&#x27;]</pre></td>
E                 </tr>
E               
E                 <tr>
E                   <td>TIME_ZONE</td>
E                   <td class="code"><pre>&#x27;UTC&#x27;</pre></td>
E                 </tr>
E               
E                 <tr>
E                   <td>USE_I18N</td>
E                   <td class="code"><pre>True</pre></td>
E                 </tr>
E               
E                 <tr>
E                   <td>USE_THOUSAND_SEPARATOR</td>
E                   <td class="code"><pre>False</pre></td>
E                 </tr>
E               
E                 <tr>
E                   <td>USE_TZ</td>
E                   <td class="code"><pre>True</pre></td>
E                 </tr>
E               
E                 <tr>
E                   <td>USE_X_FORWARDED_HOST</td>
E                   <td class="code"><pre>False</pre></td>
E                 </tr>
E               
E                 <tr>
E                   <td>USE_X_FORWARDED_PORT</td>
E                   <td class="code"><pre>False</pre></td>
E                 </tr>
E               
E                 <tr>
E                   <td>WSGI_APPLICATION</td>
E                   <td class="code"><pre>&#x27;auth.wsgi.application&#x27;</pre></td>
E                 </tr>
E               
E                 <tr>
E                   <td>X_FRAME_OPTIONS</td>
E                   <td class="code"><pre>&#x27;DENY&#x27;</pre></td>
E                 </tr>
E               
E                 <tr>
E                   <td>YEAR_MONTH_FORMAT</td>
E                   <td class="code"><pre>&#x27;F Y&#x27;</pre></td>
E                 </tr>
E               
E             </tbody>
E           </table>
E         
E         </div>
E         </main>
E         
E         
E           <footer id="explanation">
E             <p>
E               You’re seeing this error because you have <code>DEBUG = True</code> in your
E               Django settings file. Change that to <code>False</code>, and Django will
E               display a standard page generated by the handler for this status code.
E             </p>
E           </footer>
E         
E         </body>
E         </html>
E         
E       assert 500 == 200
E        +  where 500 = <Response [500]>.status_code

conftest.py:29: AssertionError
______________________ ERROR at setup of test_with_token _______________________

    @pytest.fixture
    def token():
        # Créer un utilisateur de test unique
        base_url = "http://127.0.0.1:8000"
        username = "testuser_" + ''.join(random.choices(string.ascii_lowercase + string.digits, k=6))
        email = username + "@example.com"
        password = "TestUser1234!"
        register_data = {
            "username": username,
            "email": email,
            "password": password,
            "password2": password,
            "user_type": "client",
            "first_name": "Test",
            "last_name": "User",
            "address": "Test Address",
            "phone_number": "+22500000000"
        }
        # Inscription
        requests.post(f"{base_url}/users/register/", json=register_data)
        # Connexion
        login_data = {"email": email, "password": password}
        resp = requests.post(f"{base_url}/users/login/", json=login_data)
>       assert resp.status_code == 200, f"Échec de la connexion test: {resp.text}"
E       AssertionError: Échec de la connexion test: <!DOCTYPE html>
E         <html lang="en">
E         <head>
E           <meta http-equiv="content-type" content="text/html; charset=utf-8">
E           <meta name="robots" content="NONE,NOARCHIVE">
E           <title>IntegrityError
E                   at /users/login/</title>
E           <style>
E             html * { padding:0; margin:0; }
E             body * { padding:10px 20px; }
E             body * * { padding:0; }
E             body { font-family: sans-serif; background-color:#fff; color:#000; }
E             body > :where(header, main, footer) { border-bottom:1px solid #ddd; }
E             h1 { font-weight:normal; }
E             h2 { margin-bottom:.8em; }
E             h3 { margin:1em 0 .5em 0; }
E             h4 { margin:0 0 .5em 0; font-weight: normal; }
E             code, pre { font-size: 100%; white-space: pre-wrap; word-break: break-word; }
E             summary { cursor: pointer; }
E             table { border:1px solid #ccc; border-collapse: collapse; width:100%; background:white; }
E             tbody td, tbody th { vertical-align:top; padding:2px 3px; }
E             thead th {
E               padding:1px 6px 1px 3px; background:#fefefe; text-align:left;
E               font-weight:normal; font-size: 0.6875rem; border:1px solid #ddd;
E             }
E             tbody th { width:12em; text-align:right; color:#666; padding-right:.5em; }
E             table.vars { margin:5px 10px 2px 40px; width: auto; }
E             table.vars td, table.req td { font-family:monospace; }
E             table td.code { width:100%; }
E             table td.code pre { overflow:hidden; }
E             table.source th { color:#666; }
E             table.source td { font-family:monospace; white-space:pre; border-bottom:1px solid #eee; }
E             ul.traceback { list-style-type:none; color: #222; }
E             ul.traceback li.cause { word-break: break-word; }
E             ul.traceback li.frame { padding-bottom:1em; color:#4f4f4f; }
E             ul.traceback li.user { background-color:#e0e0e0; color:#000 }
E             div.context { padding:10px 0; overflow:hidden; }
E             div.context ol { padding-left:30px; margin:0 10px; list-style-position: inside; }
E             div.context ol li { font-family:monospace; white-space:pre; color:#777; cursor:pointer; padding-left: 2px; }
E             div.context ol li pre { display:inline; }
E             div.context ol.context-line li { color:#464646; background-color:#dfdfdf; padding: 3px 2px; }
E             div.context ol.context-line li span { position:absolute; right:32px; }
E             .user div.context ol.context-line li { background-color:#bbb; color:#000; }
E             .user div.context ol li { color:#666; }
E             div.commands, summary.commands { margin-left: 40px; }
E             div.commands a, summary.commands { color:#555; text-decoration:none; }
E             .user div.commands a { color: black; }
E             #summary { background: #ffc; }
E             #summary h2 { font-weight: normal; color: #666; }
E             #info { padding: 0; }
E             #info > * { padding:10px 20px; }
E             #explanation { background:#eee; }
E             #template, #template-not-exist { background:#f6f6f6; }
E             #template-not-exist ul { margin: 0 0 10px 20px; }
E             #template-not-exist .postmortem-section { margin-bottom: 3px; }
E             #unicode-hint { background:#eee; }
E             #traceback { background:#eee; }
E             #requestinfo { background:#f6f6f6; padding-left:120px; }
E             #summary table { border:none; background:transparent; }
E             #requestinfo h2, #requestinfo h3 { position:relative; margin-left:-100px; }
E             #requestinfo h3 { margin-bottom:-1em; }
E             .error { background: #ffc; }
E             .specific { color:#cc3300; font-weight:bold; }
E             h2 span.commands { font-size: 0.7rem; font-weight:normal; }
E             span.commands a:link {color:#5E5694;}
E             pre.exception_value { font-family: sans-serif; color: #575757; font-size: 1.5rem; margin: 10px 0 10px 0; }
E             .append-bottom { margin-bottom: 10px; }
E             .fname { user-select: all; }
E           </style>
E           
E           <script>
E             function hideAll(elems) {
E               for (var e = 0; e < elems.length; e++) {
E                 elems[e].style.display = 'none';
E               }
E             }
E             window.onload = function() {
E               hideAll(document.querySelectorAll('ol.pre-context'));
E               hideAll(document.querySelectorAll('ol.post-context'));
E               hideAll(document.querySelectorAll('div.pastebin'));
E             }
E             function toggle() {
E               for (var i = 0; i < arguments.length; i++) {
E                 var e = document.getElementById(arguments[i]);
E                 if (e) {
E                   e.style.display = e.style.display == 'none' ? 'block': 'none';
E                 }
E               }
E               return false;
E             }
E             function switchPastebinFriendly(link) {
E               s1 = "Switch to copy-and-paste view";
E               s2 = "Switch back to interactive view";
E               link.textContent = link.textContent.trim() == s1 ? s2: s1;
E               toggle('browserTraceback', 'pastebinTraceback');
E               return false;
E             }
E           </script>
E           
E         </head>
E         <body>
E         <header id="summary">
E           <h1>IntegrityError
E                at /users/login/</h1>
E           <pre class="exception_value">FOREIGN KEY constraint failed</pre>
E           <table class="meta">
E         
E             <tr>
E               <th scope="row">Request Method:</th>
E               <td>POST</td>
E             </tr>
E             <tr>
E               <th scope="row">Request URL:</th>
E               <td>http://127.0.0.1:8000/users/login/</td>
E             </tr>
E         
E             <tr>
E               <th scope="row">Django Version:</th>
E               <td>5.2.4</td>
E             </tr>
E         
E             <tr>
E               <th scope="row">Exception Type:</th>
E               <td>IntegrityError</td>
E             </tr>
E         
E         
E             <tr>
E               <th scope="row">Exception Value:</th>
E               <td><pre>FOREIGN KEY constraint failed</pre></td>
E             </tr>
E         
E         
E             <tr>
E               <th scope="row">Exception Location:</th>
E               <td><span class="fname">/Users/mohamedbechirdiarra/Downloads/prototypeGamma/Backend/venv/lib/python3.13/site-packages/django/db/utils.py</span>, line 98, in inner</td>
E             </tr>
E         
E         
E             <tr>
E               <th scope="row">Raised during:</th>
E               <td>users.views.UserViewSet</td>
E             </tr>
E         
E             <tr>
E               <th scope="row">Python Executable:</th>
E               <td>/Users/mohamedbechirdiarra/Downloads/prototypeGamma/Backend/venv/bin/python3.13</td>
E             </tr>
E             <tr>
E               <th scope="row">Python Version:</th>
E               <td>3.13.5</td>
E             </tr>
E             <tr>
E               <th scope="row">Python Path:</th>
E               <td><pre><code>[&#x27;.&#x27;,
E          &#x27;/Users/mohamedbechirdiarra/Downloads/prototypeGamma/Backend/venv/bin&#x27;,
E          &#x27;/Users/mohamedbechirdiarra/Downloads/prototypeGamma&#x27;,
E          &#x27;/Users/mohamedbechirdiarra/Downloads/prototypeGamma/Backend&#x27;,
E          &#x27;/opt/homebrew/Cellar/python@3.13/3.13.5/Frameworks/Python.framework/Versions/3.13/lib/python313.zip&#x27;,
E          &#x27;/opt/homebrew/Cellar/python@3.13/3.13.5/Frameworks/Python.framework/Versions/3.13/lib/python3.13&#x27;,
E          &#x27;/opt/homebrew/Cellar/python@3.13/3.13.5/Frameworks/Python.framework/Versions/3.13/lib/python3.13/lib-dynload&#x27;,
E          &#x27;/Users/mohamedbechirdiarra/Downloads/prototypeGamma/Backend/venv/lib/python3.13/site-packages&#x27;]</code></pre></td>
E             </tr>
E             <tr>
E               <th scope="row">Server time:</th>
E               <td>Mon, 14 Jul 2025 11:43:13 +0000</td>
E             </tr>
E           </table>
E         </header>
E         
E         <main id="info">
E         
E         
E         
E         
E         <div id="traceback">
E           <h2>Traceback <span class="commands"><a href="#" role="button" onclick="return switchPastebinFriendly(this);">
E             Switch to copy-and-paste view</a></span>
E           </h2>
E           <div id="browserTraceback">
E             <ul class="traceback">
E               
E                 
E                 <li class="frame django">
E                   
E                     <code class="fname">/Users/mohamedbechirdiarra/Downloads/prototypeGamma/Backend/venv/lib/python3.13/site-packages/django/db/utils.py</code>, line 98, in inner
E                   
E         
E                   
E                     <div class="context" id="c4436721216">
E                       
E                         <ol start="91" class="pre-context" id="pre4436721216">
E                         
E                           <li onclick="toggle('pre4436721216', 'post4436721216')"><pre>                raise dj_exc_value.with_traceback(traceback) from exc_value</pre></li>
E                         
E                           <li onclick="toggle('pre4436721216', 'post4436721216')"><pre></pre></li>
E                         
E                           <li onclick="toggle('pre4436721216', 'post4436721216')"><pre>    def __call__(self, func):</pre></li>
E                         
E                           <li onclick="toggle('pre4436721216', 'post4436721216')"><pre>        # Note that we are intentionally not using @wraps here for performance</pre></li>
E                         
E                           <li onclick="toggle('pre4436721216', 'post4436721216')"><pre>        # reasons. Refs #21109.</pre></li>
E                         
E                           <li onclick="toggle('pre4436721216', 'post4436721216')"><pre>        def inner(*args, **kwargs):</pre></li>
E                         
E                           <li onclick="toggle('pre4436721216', 'post4436721216')"><pre>            with self:</pre></li>
E                         
E                         </ol>
E                       
E                       <ol start="98" class="context-line">
E                         <li onclick="toggle('pre4436721216', 'post4436721216')"><pre>                return func(*args, **kwargs)
E                                    ^^^^^^^^^^^^^^^^^^^^^</pre> <span>…</span></li>
E                       </ol>
E                       
E                         <ol start='99' class="post-context" id="post4436721216">
E                           
E                           <li onclick="toggle('pre4436721216', 'post4436721216')"><pre></pre></li>
E                           
E                           <li onclick="toggle('pre4436721216', 'post4436721216')"><pre>        return inner</pre></li>
E                           
E                           <li onclick="toggle('pre4436721216', 'post4436721216')"><pre></pre></li>
E                           
E                           <li onclick="toggle('pre4436721216', 'post4436721216')"><pre></pre></li>
E                           
E                           <li onclick="toggle('pre4436721216', 'post4436721216')"><pre>def load_backend(backend_name):</pre></li>
E                           
E                           <li onclick="toggle('pre4436721216', 'post4436721216')"><pre>    &quot;&quot;&quot;</pre></li>
E                           
E                       </ol>
E                       
E                     </div>
E                   
E         
E                   
E                     
E                       <details>
E                         <summary class="commands">Local vars</summary>
E                     
E                     <table class="vars" id="v4436721216">
E                       <thead>
E                         <tr>
E                           <th scope="col">Variable</th>
E                           <th scope="col">Value</th>
E                         </tr>
E                       </thead>
E                       <tbody>
E                         
E                           <tr>
E                             <td>args</td>
E                             <td class="code"><pre>()</pre></td>
E                           </tr>
E                         
E                           <tr>
E                             <td>func</td>
E                             <td class="code"><pre>&lt;built-in method fetchone of SQLiteCursorWrapper object at 0x108446840&gt;</pre></td>
E                           </tr>
E                         
E                           <tr>
E                             <td>kwargs</td>
E                             <td class="code"><pre>{}</pre></td>
E                           </tr>
E                         
E                           <tr>
E                             <td>self</td>
E                             <td class="code"><pre>&lt;django.db.utils.DatabaseErrorWrapper object at 0x1088794f0&gt;</pre></td>
E                           </tr>
E                         
E                       </tbody>
E                     </table>
E                     </details>
E                   
E                 </li>
E               
E                 
E                   <li class="cause"><h3>
E                   
E                     The above exception (FOREIGN KEY constraint failed) was the direct cause of the following exception:
E                   
E                 </h3></li>
E                 
E                 <li class="frame django">
E                   
E                     <code class="fname">/Users/mohamedbechirdiarra/Downloads/prototypeGamma/Backend/venv/lib/python3.13/site-packages/django/core/handlers/exception.py</code>, line 42, in inner
E                   
E         
E                   
E                     <div class="context" id="c4437666624">
E                       
E                         <ol start="35" class="pre-context" id="pre4437666624">
E                         
E                           <li onclick="toggle('pre4437666624', 'post4437666624')"><pre>    can rely on getting a response instead of an exception.</pre></li>
E                         
E                           <li onclick="toggle('pre4437666624', 'post4437666624')"><pre>    &quot;&quot;&quot;</pre></li>
E                         
E                           <li onclick="toggle('pre4437666624', 'post4437666624')"><pre>    if iscoroutinefunction(get_response):</pre></li>
E                         
E                           <li onclick="toggle('pre4437666624', 'post4437666624')"><pre></pre></li>
E                         
E                           <li onclick="toggle('pre4437666624', 'post4437666624')"><pre>        @wraps(get_response)</pre></li>
E                         
E                           <li onclick="toggle('pre4437666624', 'post4437666624')"><pre>        async def inner(request):</pre></li>
E                         
E                           <li onclick="toggle('pre4437666624', 'post4437666624')"><pre>            try:</pre></li>
E                         
E                         </ol>
E                       
E                       <ol start="42" class="context-line">
E                         <li onclick="toggle('pre4437666624', 'post4437666624')"><pre>                response = await get_response(request)
E                                        ^^^^^^^^^^^^^^^^^^^^^^^^^^^</pre> <span>…</span></li>
E                       </ol>
E                       
E                         <ol start='43' class="post-context" id="post4437666624">
E                           
E                           <li onclick="toggle('pre4437666624', 'post4437666624')"><pre>            except Exception as exc:</pre></li>
E                           
E                           <li onclick="toggle('pre4437666624', 'post4437666624')"><pre>                response = await sync_to_async(</pre></li>
E                           
E                           <li onclick="toggle('pre4437666624', 'post4437666624')"><pre>                    response_for_exception, thread_sensitive=False</pre></li>
E                           
E                           <li onclick="toggle('pre4437666624', 'post4437666624')"><pre>                )(request, exc)</pre></li>
E                           
E                           <li onclick="toggle('pre4437666624', 'post4437666624')"><pre>            return response</pre></li>
E                           
E                           <li onclick="toggle('pre4437666624', 'post4437666624')"><pre></pre></li>
E                           
E                       </ol>
E                       
E                     </div>
E                   
E         
E                   
E                     
E                       <details>
E                         <summary class="commands">Local vars</summary>
E                     
E                     <table class="vars" id="v4437666624">
E                       <thead>
E                         <tr>
E                           <th scope="col">Variable</th>
E                           <th scope="col">Value</th>
E                         </tr>
E                       </thead>
E                       <tbody>
E                         
E                           <tr>
E                             <td>exc</td>
E                             <td class="code"><pre>IntegrityError(&#x27;FOREIGN KEY constraint failed&#x27;)</pre></td>
E                           </tr>
E                         
E                           <tr>
E                             <td>get_response</td>
E                             <td class="code"><pre>&lt;bound method BaseHandler._get_response_async of &lt;django.core.handlers.asgi.ASGIHandler object at 0x107235940&gt;&gt;</pre></td>
E                           </tr>
E                         
E                           <tr>
E                             <td>request</td>
E                             <td class="code"><pre>&lt;ASGIRequest: POST &#x27;/users/login/&#x27;&gt;</pre></td>
E                           </tr>
E                         
E                       </tbody>
E                     </table>
E                     </details>
E                   
E                 </li>
E               
E                 
E                 <li class="frame django">
E                   
E                     <code class="fname">/Users/mohamedbechirdiarra/Downloads/prototypeGamma/Backend/venv/lib/python3.13/site-packages/django/core/handlers/base.py</code>, line 253, in _get_response_async
E                   
E         
E                   
E                     <div class="context" id="c4437183936">
E                       
E                         <ol start="246" class="pre-context" id="pre4437183936">
E                         
E                           <li onclick="toggle('pre4437183936', 'post4437183936')"><pre>            wrapped_callback = self.make_view_atomic(callback)</pre></li>
E                         
E                           <li onclick="toggle('pre4437183936', 'post4437183936')"><pre>            # If it is a synchronous view, run it in a subthread</pre></li>
E                         
E                           <li onclick="toggle('pre4437183936', 'post4437183936')"><pre>            if not iscoroutinefunction(wrapped_callback):</pre></li>
E                         
E                           <li onclick="toggle('pre4437183936', 'post4437183936')"><pre>                wrapped_callback = sync_to_async(</pre></li>
E                         
E                           <li onclick="toggle('pre4437183936', 'post4437183936')"><pre>                    wrapped_callback, thread_sensitive=True</pre></li>
E                         
E                           <li onclick="toggle('pre4437183936', 'post4437183936')"><pre>                )</pre></li>
E                         
E                           <li onclick="toggle('pre4437183936', 'post4437183936')"><pre>            try:</pre></li>
E                         
E                         </ol>
E                       
E                       <ol start="253" class="context-line">
E                         <li onclick="toggle('pre4437183936', 'post4437183936')"><pre>                response = await wrapped_callback(
E                                         </pre> <span>…</span></li>
E                       </ol>
E                       
E                         <ol start='254' class="post-context" id="post4437183936">
E                           
E                           <li onclick="toggle('pre4437183936', 'post4437183936')"><pre>                    request, *callback_args, **callback_kwargs</pre></li>
E                           
E                           <li onclick="toggle('pre4437183936', 'post4437183936')"><pre>                )</pre></li>
E                           
E                           <li onclick="toggle('pre4437183936', 'post4437183936')"><pre>            except Exception as e:</pre></li>
E                           
E                           <li onclick="toggle('pre4437183936', 'post4437183936')"><pre>                response = await sync_to_async(</pre></li>
E                           
E                           <li onclick="toggle('pre4437183936', 'post4437183936')"><pre>                    self.process_exception_by_middleware,</pre></li>
E                           
E                           <li onclick="toggle('pre4437183936', 'post4437183936')"><pre>                    thread_sensitive=True,</pre></li>
E                           
E                       </ol>
E                       
E                     </div>
E                   
E         
E                   
E                     
E                       <details>
E                         <summary class="commands">Local vars</summary>
E                     
E                     <table class="vars" id="v4437183936">
E                       <thead>
E                         <tr>
E                           <th scope="col">Variable</th>
E                           <th scope="col">Value</th>
E                         </tr>
E                       </thead>
E                       <tbody>
E                         
E                           <tr>
E                             <td>callback</td>
E                             <td class="code"><pre>&lt;function UserViewSet at 0x107747c40&gt;</pre></td>
E                           </tr>
E                         
E                           <tr>
E                             <td>callback_args</td>
E                             <td class="code"><pre>()</pre></td>
E                           </tr>
E                         
E                           <tr>
E                             <td>callback_kwargs</td>
E                             <td class="code"><pre>{}</pre></td>
E                           </tr>
E                         
E                           <tr>
E                             <td>middleware_method</td>
E                             <td class="code"><pre>&lt;asgiref.sync.SyncToAsync object at 0x10727f8c0&gt;</pre></td>
E                           </tr>
E                         
E                           <tr>
E                             <td>request</td>
E                             <td class="code"><pre>&lt;ASGIRequest: POST &#x27;/users/login/&#x27;&gt;</pre></td>
E                           </tr>
E                         
E                           <tr>
E                             <td>response</td>
E                             <td class="code"><pre>None</pre></td>
E                           </tr>
E                         
E                           <tr>
E                             <td>self</td>
E                             <td class="code"><pre>&lt;django.core.handlers.asgi.ASGIHandler object at 0x107235940&gt;</pre></td>
E                           </tr>
E                         
E                           <tr>
E                             <td>wrapped_callback</td>
E                             <td class="code"><pre>&lt;asgiref.sync.SyncToAsync object at 0x108810c80&gt;</pre></td>
E                           </tr>
E                         
E                       </tbody>
E                     </table>
E                     </details>
E                   
E                 </li>
E               
E                 
E                 <li class="frame django">
E                   
E                     <code class="fname">/Users/mohamedbechirdiarra/Downloads/prototypeGamma/Backend/venv/lib/python3.13/site-packages/django/views/decorators/csrf.py</code>, line 65, in _view_wrapper
E                   
E         
E                   
E                     <div class="context" id="c4437668992">
E                       
E                         <ol start="58" class="pre-context" id="pre4437668992">
E                         
E                           <li onclick="toggle('pre4437668992', 'post4437668992')"><pre></pre></li>
E                         
E                           <li onclick="toggle('pre4437668992', 'post4437668992')"><pre>        async def _view_wrapper(request, *args, **kwargs):</pre></li>
E                         
E                           <li onclick="toggle('pre4437668992', 'post4437668992')"><pre>            return await view_func(request, *args, **kwargs)</pre></li>
E                         
E                           <li onclick="toggle('pre4437668992', 'post4437668992')"><pre></pre></li>
E                         
E                           <li onclick="toggle('pre4437668992', 'post4437668992')"><pre>    else:</pre></li>
E                         
E                           <li onclick="toggle('pre4437668992', 'post4437668992')"><pre></pre></li>
E                         
E                           <li onclick="toggle('pre4437668992', 'post4437668992')"><pre>        def _view_wrapper(request, *args, **kwargs):</pre></li>
E                         
E                         </ol>
E                       
E                       <ol start="65" class="context-line">
E                         <li onclick="toggle('pre4437668992', 'post4437668992')"><pre>            return view_func(request, *args, **kwargs)
E                                ^^^^^^^^^^^^^^^^^^^^^^^^^^^^^^^^^^^</pre> <span>…</span></li>
E                       </ol>
E                       
E                         <ol start='66' class="post-context" id="post4437668992">
E                           
E                           <li onclick="toggle('pre4437668992', 'post4437668992')"><pre></pre></li>
E                           
E                           <li onclick="toggle('pre4437668992', 'post4437668992')"><pre>    _view_wrapper.csrf_exempt = True</pre></li>
E                           
E                           <li onclick="toggle('pre4437668992', 'post4437668992')"><pre></pre></li>
E                           
E                           <li onclick="toggle('pre4437668992', 'post4437668992')"><pre>    return wraps(view_func)(_view_wrapper)</pre></li>
E                           
E                       </ol>
E                       
E                     </div>
E                   
E         
E                   
E                     
E                       <details>
E                         <summary class="commands">Local vars</summary>
E                     
E                     <table class="vars" id="v4437668992">
E                       <thead>
E                         <tr>
E                           <th scope="col">Variable</th>
E                           <th scope="col">Value</th>
E                         </tr>
E                       </thead>
E                       <tbody>
E                         
E                           <tr>
E                             <td>args</td>
E                             <td class="code"><pre>()</pre></td>
E                           </tr>
E                         
E                           <tr>
E                             <td>kwargs</td>
E                             <td class="code"><pre>{}</pre></td>
E                           </tr>
E                         
E                           <tr>
E                             <td>request</td>
E                             <td class="code"><pre>&lt;ASGIRequest: POST &#x27;/users/login/&#x27;&gt;</pre></td>
E                           </tr>
E                         
E                           <tr>
E                             <td>view_func</td>
E                             <td class="code"><pre>&lt;function UserViewSet at 0x107747ba0&gt;</pre></td>
E                           </tr>
E                         
E                       </tbody>
E                     </table>
E                     </details>
E                   
E                 </li>
E               
E                 
E                 <li class="frame user">
E                   
E                     <code class="fname">/Users/mohamedbechirdiarra/Downloads/prototypeGamma/Backend/venv/lib/python3.13/site-packages/rest_framework/viewsets.py</code>, line 125, in view
E                   
E         
E                   
E                     <div class="context" id="c4437187136">
E                       
E                         <ol start="118" class="pre-context" id="pre4437187136">
E                         
E                           <li onclick="toggle('pre4437187136', 'post4437187136')"><pre>                setattr(self, method, handler)</pre></li>
E                         
E                           <li onclick="toggle('pre4437187136', 'post4437187136')"><pre></pre></li>
E                         
E                           <li onclick="toggle('pre4437187136', 'post4437187136')"><pre>            self.request = request</pre></li>
E                         
E                           <li onclick="toggle('pre4437187136', 'post4437187136')"><pre>            self.args = args</pre></li>
E                         
E                           <li onclick="toggle('pre4437187136', 'post4437187136')"><pre>            self.kwargs = kwargs</pre></li>
E                         
E                           <li onclick="toggle('pre4437187136', 'post4437187136')"><pre></pre></li>
E                         
E                           <li onclick="toggle('pre4437187136', 'post4437187136')"><pre>            # And continue as usual</pre></li>
E                         
E                         </ol>
E                       
E                       <ol start="125" class="context-line">
E                         <li onclick="toggle('pre4437187136', 'post4437187136')"><pre>            return self.dispatch(request, *args, **kwargs)
E                                 ^^^^^^^^^^^^^^^^^^^^^^^^^^^^^^^^^^^^^^^</pre> <span>…</span></li>
E                       </ol>
E                       
E                         <ol start='126' class="post-context" id="post4437187136">
E                           
E                           <li onclick="toggle('pre4437187136', 'post4437187136')"><pre></pre></li>
E                           
E                           <li onclick="toggle('pre4437187136', 'post4437187136')"><pre>        # take name and docstring from class</pre></li>
E                           
E                           <li onclick="toggle('pre4437187136', 'post4437187136')"><pre>        update_wrapper(view, cls, updated=())</pre></li>
E                           
E                           <li onclick="toggle('pre4437187136', 'post4437187136')"><pre></pre></li>
E                           
E                           <li onclick="toggle('pre4437187136', 'post4437187136')"><pre>        # and possible attributes set by decorators</pre></li>
E                           
E                           <li onclick="toggle('pre4437187136', 'post4437187136')"><pre>        # like csrf_exempt from dispatch</pre></li>
E                           
E                       </ol>
E                       
E                     </div>
E                   
E         
E                   
E                     
E                       <details>
E                         <summary class="commands">Local vars</summary>
E                     
E                     <table class="vars" id="v4437187136">
E                       <thead>
E                         <tr>
E                           <th scope="col">Variable</th>
E                           <th scope="col">Value</th>
E                         </tr>
E                       </thead>
E                       <tbody>
E                         
E                           <tr>
E                             <td>action</td>
E                             <td class="code"><pre>&#x27;login&#x27;</pre></td>
E                           </tr>
E                         
E                           <tr>
E                             <td>actions</td>
E                             <td class="code"><pre>{&#x27;post&#x27;: &#x27;login&#x27;}</pre></td>
E                           </tr>
E                         
E                           <tr>
E                             <td>args</td>
E                             <td class="code"><pre>()</pre></td>
E                           </tr>
E                         
E                           <tr>
E                             <td>cls</td>
E                             <td class="code"><pre>&lt;class &#x27;users.views.UserViewSet&#x27;&gt;</pre></td>
E                           </tr>
E                         
E                           <tr>
E                             <td>handler</td>
E                             <td class="code"><pre>&lt;bound method UserViewSet.login of &lt;users.views.UserViewSet object at 0x108826f10&gt;&gt;</pre></td>
E                           </tr>
E                         
E                           <tr>
E                             <td>initkwargs</td>
E                             <td class="code"><pre>{}</pre></td>
E                           </tr>
E                         
E                           <tr>
E                             <td>kwargs</td>
E                             <td class="code"><pre>{}</pre></td>
E                           </tr>
E                         
E                           <tr>
E                             <td>method</td>
E                             <td class="code"><pre>&#x27;post&#x27;</pre></td>
E                           </tr>
E                         
E                           <tr>
E                             <td>request</td>
E                             <td class="code"><pre>&lt;ASGIRequest: POST &#x27;/users/login/&#x27;&gt;</pre></td>
E                           </tr>
E                         
E                           <tr>
E                             <td>self</td>
E                             <td class="code"><pre>&lt;users.views.UserViewSet object at 0x108826f10&gt;</pre></td>
E                           </tr>
E                         
E                       </tbody>
E                     </table>
E                     </details>
E                   
E                 </li>
E               
E                 
E                 <li class="frame user">
E                   
E                     <code class="fname">/Users/mohamedbechirdiarra/Downloads/prototypeGamma/Backend/users/views.py</code>, line 641, in dispatch
E                   
E         
E                   
E                     <div class="context" id="c4437191872">
E                       
E                         <ol start="634" class="pre-context" id="pre4437191872">
E                         
E                           <li onclick="toggle('pre4437191872', 'post4437191872')"><pre>            phone = None</pre></li>
E                         
E                           <li onclick="toggle('pre4437191872', 'post4437191872')"><pre>            if hasattr(user, &#x27;client_profile&#x27;):</pre></li>
E                         
E                           <li onclick="toggle('pre4437191872', 'post4437191872')"><pre>                phone = getattr(user.client_profile, &#x27;phone&#x27;, None)</pre></li>
E                         
E                           <li onclick="toggle('pre4437191872', 'post4437191872')"><pre>            elif hasattr(user, &#x27;technician_profile&#x27;):</pre></li>
E                         
E                           <li onclick="toggle('pre4437191872', 'post4437191872')"><pre>                phone = getattr(user.technician_profile, &#x27;phone&#x27;, None)</pre></li>
E                         
E                           <li onclick="toggle('pre4437191872', 'post4437191872')"><pre>            if not phone:</pre></li>
E                         
E                           <li onclick="toggle('pre4437191872', 'post4437191872')"><pre>                return Response({&#x27;error&#x27;: &#x27;Numéro de téléphone obligatoire. Veuillez compléter votre profil.&#x27;}, status=403)</pre></li>
E                         
E                         </ol>
E                       
E                       <ol start="641" class="context-line">
E                         <li onclick="toggle('pre4437191872', 'post4437191872')"><pre>        return super().dispatch(request, *args, **kwargs)
E                             ^^^^^^^^^^^^^^^^^^^^^^^^^^^^^^^^^^^^^^^^^^</pre> <span>…</span></li>
E                       </ol>
E                       
E                         <ol start='642' class="post-context" id="post4437191872">
E                           
E                           <li onclick="toggle('pre4437191872', 'post4437191872')"><pre></pre></li>
E                           
E                           <li onclick="toggle('pre4437191872', 'post4437191872')"><pre>class SecurityDashboardView(APIView):</pre></li>
E                           
E                           <li onclick="toggle('pre4437191872', 'post4437191872')"><pre>    permission_classes = [IsAdminUser]</pre></li>
E                           
E                           <li onclick="toggle('pre4437191872', 'post4437191872')"><pre></pre></li>
E                           
E                           <li onclick="toggle('pre4437191872', 'post4437191872')"><pre>    def get(self, request):</pre></li>
E                           
E                           <li onclick="toggle('pre4437191872', 'post4437191872')"><pre>        now = timezone.now()</pre></li>
E                           
E                       </ol>
E                       
E                     </div>
E                   
E         
E                   
E                     
E                       <details>
E                         <summary class="commands">Local vars</summary>
E                     
E                     <table class="vars" id="v4437191872">
E                       <thead>
E                         <tr>
E                           <th scope="col">Variable</th>
E                           <th scope="col">Value</th>
E                         </tr>
E                       </thead>
E                       <tbody>
E                         
E                           <tr>
E                             <td>__class__</td>
E                             <td class="code"><pre>&lt;class &#x27;users.views.UserViewSet&#x27;&gt;</pre></td>
E                           </tr>
E                         
E                           <tr>
E                             <td>action</td>
E                             <td class="code"><pre>None</pre></td>
E                           </tr>
E                         
E                           <tr>
E                             <td>args</td>
E                             <td class="code"><pre>()</pre></td>
E                           </tr>
E                         
E                           <tr>
E                             <td>exempt_actions</td>
E                             <td class="code"><pre>[&#x27;register&#x27;, &#x27;login&#x27;, &#x27;refresh_token&#x27;, &#x27;update_profile&#x27;, &#x27;me&#x27;]</pre></td>
E                           </tr>
E                         
E                           <tr>
E                             <td>kwargs</td>
E                             <td class="code"><pre>{}</pre></td>
E                           </tr>
E                         
E                           <tr>
E                             <td>request</td>
E                             <td class="code"><pre>&lt;ASGIRequest: POST &#x27;/users/login/&#x27;&gt;</pre></td>
E                           </tr>
E                         
E                           <tr>
E                             <td>self</td>
E                             <td class="code"><pre>&lt;users.views.UserViewSet object at 0x108826f10&gt;</pre></td>
E                           </tr>
E                         
E                       </tbody>
E                     </table>
E                     </details>
E                   
E                 </li>
E               
E                 
E                 <li class="frame user">
E                   
E                     <code class="fname">/Users/mohamedbechirdiarra/Downloads/prototypeGamma/Backend/venv/lib/python3.13/site-packages/rest_framework/views.py</code>, line 515, in dispatch
E                   
E         
E                   
E                     <div class="context" id="c4437666560">
E                       
E                         <ol start="508" class="pre-context" id="pre4437666560">
E                         
E                           <li onclick="toggle('pre4437666560', 'post4437666560')"><pre>                                  self.http_method_not_allowed)</pre></li>
E                         
E                           <li onclick="toggle('pre4437666560', 'post4437666560')"><pre>            else:</pre></li>
E                         
E                           <li onclick="toggle('pre4437666560', 'post4437666560')"><pre>                handler = self.http_method_not_allowed</pre></li>
E                         
E                           <li onclick="toggle('pre4437666560', 'post4437666560')"><pre></pre></li>
E                         
E                           <li onclick="toggle('pre4437666560', 'post4437666560')"><pre>            response = handler(request, *args, **kwargs)</pre></li>
E                         
E                           <li onclick="toggle('pre4437666560', 'post4437666560')"><pre></pre></li>
E                         
E                           <li onclick="toggle('pre4437666560', 'post4437666560')"><pre>        except Exception as exc:</pre></li>
E                         
E                         </ol>
E                       
E                       <ol start="515" class="context-line">
E                         <li onclick="toggle('pre4437666560', 'post4437666560')"><pre>            response = self.handle_exception(exc)
E                                     ^^^^^^^^^^^^^^^^^^^^^^^^^^</pre> <span>…</span></li>
E                       </ol>
E                       
E                         <ol start='516' class="post-context" id="post4437666560">
E                           
E                           <li onclick="toggle('pre4437666560', 'post4437666560')"><pre></pre></li>
E                           
E                           <li onclick="toggle('pre4437666560', 'post4437666560')"><pre>        self.response = self.finalize_response(request, response, *args, **kwargs)</pre></li>
E                           
E                           <li onclick="toggle('pre4437666560', 'post4437666560')"><pre>        return self.response</pre></li>
E                           
E                           <li onclick="toggle('pre4437666560', 'post4437666560')"><pre></pre></li>
E                           
E                           <li onclick="toggle('pre4437666560', 'post4437666560')"><pre>    def options(self, request, *args, **kwargs):</pre></li>
E                           
E                           <li onclick="toggle('pre4437666560', 'post4437666560')"><pre>        &quot;&quot;&quot;</pre></li>
E                           
E                       </ol>
E                       
E                     </div>
E                   
E         
E                   
E                     
E                       <details>
E                         <summary class="commands">Local vars</summary>
E                     
E                     <table class="vars" id="v4437666560">
E                       <thead>
E                         <tr>
E                           <th scope="col">Variable</th>
E                           <th scope="col">Value</th>
E                         </tr>
E                       </thead>
E                       <tbody>
E                         
E                           <tr>
E                             <td>args</td>
E                             <td class="code"><pre>()</pre></td>
E                           </tr>
E                         
E                           <tr>
E                             <td>handler</td>
E                             <td class="code"><pre>&lt;bound method UserViewSet.login of &lt;users.views.UserViewSet object at 0x108826f10&gt;&gt;</pre></td>
E                           </tr>
E                         
E                           <tr>
E                             <td>kwargs</td>
E                             <td class="code"><pre>{}</pre></td>
E                           </tr>
E                         
E                           <tr>
E                             <td>request</td>
E                             <td class="code"><pre>&lt;rest_framework.request.Request: POST &#x27;/users/login/&#x27;&gt;</pre></td>
E                           </tr>
E                         
E                           <tr>
E                             <td>self</td>
E                             <td class="code"><pre>&lt;users.views.UserViewSet object at 0x108826f10&gt;</pre></td>
E                           </tr>
E                         
E                       </tbody>
E                     </table>
E                     </details>
E                   
E                 </li>
E               
E                 
E                 <li class="frame user">
E                   
E                     <code class="fname">/Users/mohamedbechirdiarra/Downloads/prototypeGamma/Backend/venv/lib/python3.13/site-packages/rest_framework/views.py</code>, line 475, in handle_exception
E                   
E         
E                   
E                     <div class="context" id="c4437671872">
E                       
E                         <ol start="468" class="pre-context" id="pre4437671872">
E                         
E                           <li onclick="toggle('pre4437671872', 'post4437671872')"><pre></pre></li>
E                         
E                           <li onclick="toggle('pre4437671872', 'post4437671872')"><pre>        exception_handler = self.get_exception_handler()</pre></li>
E                         
E                           <li onclick="toggle('pre4437671872', 'post4437671872')"><pre></pre></li>
E                         
E                           <li onclick="toggle('pre4437671872', 'post4437671872')"><pre>        context = self.get_exception_handler_context()</pre></li>
E                         
E                           <li onclick="toggle('pre4437671872', 'post4437671872')"><pre>        response = exception_handler(exc, context)</pre></li>
E                         
E                           <li onclick="toggle('pre4437671872', 'post4437671872')"><pre></pre></li>
E                         
E                           <li onclick="toggle('pre4437671872', 'post4437671872')"><pre>        if response is None:</pre></li>
E                         
E                         </ol>
E                       
E                       <ol start="475" class="context-line">
E                         <li onclick="toggle('pre4437671872', 'post4437671872')"><pre>            self.raise_uncaught_exception(exc)
E                          ^^^^^^^^^^^^^^^^^^^^^^^^^^^^^^^^^^</pre> <span>…</span></li>
E                       </ol>
E                       
E                         <ol start='476' class="post-context" id="post4437671872">
E                           
E                           <li onclick="toggle('pre4437671872', 'post4437671872')"><pre></pre></li>
E                           
E                           <li onclick="toggle('pre4437671872', 'post4437671872')"><pre>        response.exception = True</pre></li>
E                           
E                           <li onclick="toggle('pre4437671872', 'post4437671872')"><pre>        return response</pre></li>
E                           
E                           <li onclick="toggle('pre4437671872', 'post4437671872')"><pre></pre></li>
E                           
E                           <li onclick="toggle('pre4437671872', 'post4437671872')"><pre>    def raise_uncaught_exception(self, exc):</pre></li>
E                           
E                           <li onclick="toggle('pre4437671872', 'post4437671872')"><pre>        if settings.DEBUG:</pre></li>
E                           
E                       </ol>
E                       
E                     </div>
E                   
E         
E                   
E                     
E                       <details>
E                         <summary class="commands">Local vars</summary>
E                     
E                     <table class="vars" id="v4437671872">
E                       <thead>
E                         <tr>
E                           <th scope="col">Variable</th>
E                           <th scope="col">Value</th>
E                         </tr>
E                       </thead>
E                       <tbody>
E                         
E                           <tr>
E                             <td>context</td>
E                             <td class="code"><pre>{&#x27;args&#x27;: (),
E          &#x27;kwargs&#x27;: {},
E          &#x27;request&#x27;: &lt;rest_framework.request.Request: POST &#x27;/users/login/&#x27;&gt;,
E          &#x27;view&#x27;: &lt;users.views.UserViewSet object at 0x108826f10&gt;}</pre></td>
E                           </tr>
E                         
E                           <tr>
E                             <td>exc</td>
E                             <td class="code"><pre>IntegrityError(&#x27;FOREIGN KEY constraint failed&#x27;)</pre></td>
E                           </tr>
E                         
E                           <tr>
E                             <td>exception_handler</td>
E                             <td class="code"><pre>&lt;function exception_handler at 0x10770f100&gt;</pre></td>
E                           </tr>
E                         
E                           <tr>
E                             <td>response</td>
E                             <td class="code"><pre>None</pre></td>
E                           </tr>
E                         
E                           <tr>
E                             <td>self</td>
E                             <td class="code"><pre>&lt;users.views.UserViewSet object at 0x108826f10&gt;</pre></td>
E                           </tr>
E                         
E                       </tbody>
E                     </table>
E                     </details>
E                   
E                 </li>
E               
E                 
E                 <li class="frame user">
E                   
E                     <code class="fname">/Users/mohamedbechirdiarra/Downloads/prototypeGamma/Backend/venv/lib/python3.13/site-packages/rest_framework/views.py</code>, line 486, in raise_uncaught_exception
E                   
E         
E                   
E                     <div class="context" id="c4437663360">
E                       
E                         <ol start="479" class="pre-context" id="pre4437663360">
E                         
E                           <li onclick="toggle('pre4437663360', 'post4437663360')"><pre></pre></li>
E                         
E                           <li onclick="toggle('pre4437663360', 'post4437663360')"><pre>    def raise_uncaught_exception(self, exc):</pre></li>
E                         
E                           <li onclick="toggle('pre4437663360', 'post4437663360')"><pre>        if settings.DEBUG:</pre></li>
E                         
E                           <li onclick="toggle('pre4437663360', 'post4437663360')"><pre>            request = self.request</pre></li>
E                         
E                           <li onclick="toggle('pre4437663360', 'post4437663360')"><pre>            renderer_format = getattr(request.accepted_renderer, &#x27;format&#x27;)</pre></li>
E                         
E                           <li onclick="toggle('pre4437663360', 'post4437663360')"><pre>            use_plaintext_traceback = renderer_format not in (&#x27;html&#x27;, &#x27;api&#x27;, &#x27;admin&#x27;)</pre></li>
E                         
E                           <li onclick="toggle('pre4437663360', 'post4437663360')"><pre>            request.force_plaintext_errors(use_plaintext_traceback)</pre></li>
E                         
E                         </ol>
E                       
E                       <ol start="486" class="context-line">
E                         <li onclick="toggle('pre4437663360', 'post4437663360')"><pre>        raise exc
E                      ^^^^^^^^^</pre> <span>…</span></li>
E                       </ol>
E                       
E                         <ol start='487' class="post-context" id="post4437663360">
E                           
E                           <li onclick="toggle('pre4437663360', 'post4437663360')"><pre></pre></li>
E                           
E                           <li onclick="toggle('pre4437663360', 'post4437663360')"><pre>    # Note: Views are made CSRF exempt from within `as_view` as to prevent</pre></li>
E                           
E                           <li onclick="toggle('pre4437663360', 'post4437663360')"><pre>    # accidental removal of this exemption in cases where `dispatch` needs to</pre></li>
E                           
E                           <li onclick="toggle('pre4437663360', 'post4437663360')"><pre>    # be overridden.</pre></li>
E                           
E                           <li onclick="toggle('pre4437663360', 'post4437663360')"><pre>    def dispatch(self, request, *args, **kwargs):</pre></li>
E                           
E                           <li onclick="toggle('pre4437663360', 'post4437663360')"><pre>        &quot;&quot;&quot;</pre></li>
E                           
E                       </ol>
E                       
E                     </div>
E                   
E         
E                   
E                     
E                       <details>
E                         <summary class="commands">Local vars</summary>
E                     
E                     <table class="vars" id="v4437663360">
E                       <thead>
E                         <tr>
E                           <th scope="col">Variable</th>
E                           <th scope="col">Value</th>
E                         </tr>
E                       </thead>
E                       <tbody>
E                         
E                           <tr>
E                             <td>exc</td>
E                             <td class="code"><pre>IntegrityError(&#x27;FOREIGN KEY constraint failed&#x27;)</pre></td>
E                           </tr>
E                         
E                           <tr>
E                             <td>renderer_format</td>
E                             <td class="code"><pre>&#x27;json&#x27;</pre></td>
E                           </tr>
E                         
E                           <tr>
E                             <td>request</td>
E                             <td class="code"><pre>&lt;rest_framework.request.Request: POST &#x27;/users/login/&#x27;&gt;</pre></td>
E                           </tr>
E                         
E                           <tr>
E                             <td>self</td>
E                             <td class="code"><pre>&lt;users.views.UserViewSet object at 0x108826f10&gt;</pre></td>
E                           </tr>
E                         
E                           <tr>
E                             <td>use_plaintext_traceback</td>
E                             <td class="code"><pre>True</pre></td>
E                           </tr>
E                         
E                       </tbody>
E                     </table>
E                     </details>
E                   
E                 </li>
E               
E                 
E                 <li class="frame user">
E                   
E                     <code class="fname">/Users/mohamedbechirdiarra/Downloads/prototypeGamma/Backend/venv/lib/python3.13/site-packages/rest_framework/views.py</code>, line 512, in dispatch
E                   
E         
E                   
E                     <div class="context" id="c4437655808">
E                       
E                         <ol start="505" class="pre-context" id="pre4437655808">
E                         
E                           <li onclick="toggle('pre4437655808', 'post4437655808')"><pre>            # Get the appropriate handler method</pre></li>
E                         
E                           <li onclick="toggle('pre4437655808', 'post4437655808')"><pre>            if request.method.lower() in self.http_method_names:</pre></li>
E                         
E                           <li onclick="toggle('pre4437655808', 'post4437655808')"><pre>                handler = getattr(self, request.method.lower(),</pre></li>
E                         
E                           <li onclick="toggle('pre4437655808', 'post4437655808')"><pre>                                  self.http_method_not_allowed)</pre></li>
E                         
E                           <li onclick="toggle('pre4437655808', 'post4437655808')"><pre>            else:</pre></li>
E                         
E                           <li onclick="toggle('pre4437655808', 'post4437655808')"><pre>                handler = self.http_method_not_allowed</pre></li>
E                         
E                           <li onclick="toggle('pre4437655808', 'post4437655808')"><pre></pre></li>
E                         
E                         </ol>
E                       
E                       <ol start="512" class="context-line">
E                         <li onclick="toggle('pre4437655808', 'post4437655808')"><pre>            response = handler(request, *args, **kwargs)
E                                     ^^^^^^^^^^^^^^^^^^^^^^^^^^^^^^^^^</pre> <span>…</span></li>
E                       </ol>
E                       
E                         <ol start='513' class="post-context" id="post4437655808">
E                           
E                           <li onclick="toggle('pre4437655808', 'post4437655808')"><pre></pre></li>
E                           
E                           <li onclick="toggle('pre4437655808', 'post4437655808')"><pre>        except Exception as exc:</pre></li>
E                           
E                           <li onclick="toggle('pre4437655808', 'post4437655808')"><pre>            response = self.handle_exception(exc)</pre></li>
E                           
E                           <li onclick="toggle('pre4437655808', 'post4437655808')"><pre></pre></li>
E                           
E                           <li onclick="toggle('pre4437655808', 'post4437655808')"><pre>        self.response = self.finalize_response(request, response, *args, **kwargs)</pre></li>
E                           
E                           <li onclick="toggle('pre4437655808', 'post4437655808')"><pre>        return self.response</pre></li>
E                           
E                       </ol>
E                       
E                     </div>
E                   
E         
E                   
E                     
E                       <details>
E                         <summary class="commands">Local vars</summary>
E                     
E                     <table class="vars" id="v4437655808">
E                       <thead>
E                         <tr>
E                           <th scope="col">Variable</th>
E                           <th scope="col">Value</th>
E                         </tr>
E                       </thead>
E                       <tbody>
E                         
E                           <tr>
E                             <td>args</td>
E                             <td class="code"><pre>()</pre></td>
E                           </tr>
E                         
E                           <tr>
E                             <td>handler</td>
E                             <td class="code"><pre>&lt;bound method UserViewSet.login of &lt;users.views.UserViewSet object at 0x108826f10&gt;&gt;</pre></td>
E                           </tr>
E                         
E                           <tr>
E                             <td>kwargs</td>
E                             <td class="code"><pre>{}</pre></td>
E                           </tr>
E                         
E                           <tr>
E                             <td>request</td>
E                             <td class="code"><pre>&lt;rest_framework.request.Request: POST &#x27;/users/login/&#x27;&gt;</pre></td>
E                           </tr>
E                         
E                           <tr>
E                             <td>self</td>
E                             <td class="code"><pre>&lt;users.views.UserViewSet object at 0x108826f10&gt;</pre></td>
E                           </tr>
E                         
E                       </tbody>
E                     </table>
E                     </details>
E                   
E                 </li>
E               
E                 
E                 <li class="frame user">
E                   
E                     <code class="fname">/Users/mohamedbechirdiarra/Downloads/prototypeGamma/Backend/users/views.py</code>, line 382, in login
E                   
E         
E                   
E                     <div class="context" id="c4437669696">
E                       
E                         <ol start="375" class="pre-context" id="pre4437669696">
E                         
E                           <li onclick="toggle('pre4437669696', 'post4437669696')"><pre>                            event_type=&quot;login_high_risk&quot;</pre></li>
E                         
E                           <li onclick="toggle('pre4437669696', 'post4437669696')"><pre>                        )</pre></li>
E                         
E                           <li onclick="toggle('pre4437669696', 'post4437669696')"><pre>                    return Response({</pre></li>
E                         
E                           <li onclick="toggle('pre4437669696', 'post4437669696')"><pre>                        &#x27;otp_required&#x27;: True,</pre></li>
E                         
E                           <li onclick="toggle('pre4437669696', 'post4437669696')"><pre>                        &#x27;session_uuid&#x27;: str(otp.session_uuid),</pre></li>
E                         
E                           <li onclick="toggle('pre4437669696', 'post4437669696')"><pre>                        &#x27;message&#x27;: &#x27;Un code de vérification a été envoyé à votre email.&#x27;</pre></li>
E                         
E                           <li onclick="toggle('pre4437669696', 'post4437669696')"><pre>                    }, status=200)</pre></li>
E                         
E                         </ol>
E                       
E                       <ol start="382" class="context-line">
E                         <li onclick="toggle('pre4437669696', 'post4437669696')"><pre>                log_event(request, &#x27;login&#x27;, &#x27;success&#x27;, risk_score=risk_score, metadata={}, user=user)
E                              ^^^^^^^^^^^^^^^^^^^^^^^^^^^^^^^^^^^^^^^^^^^^^^^^^^^^^^^^^^^^^^^^^^^^^^^^^^^^^^^^^^^^^</pre> <span>…</span></li>
E                       </ol>
E                       
E                         <ol start='383' class="post-context" id="post4437669696">
E                           
E                           <li onclick="toggle('pre4437669696', 'post4437669696')"><pre>                refresh = RefreshToken.for_user(user)</pre></li>
E                           
E                           <li onclick="toggle('pre4437669696', 'post4437669696')"><pre>                return Response({</pre></li>
E                           
E                           <li onclick="toggle('pre4437669696', 'post4437669696')"><pre>                    &#x27;user&#x27;: UserSerializer(user).data,</pre></li>
E                           
E                           <li onclick="toggle('pre4437669696', 'post4437669696')"><pre>                    &#x27;profile&#x27;: self.get_profile_data(user),</pre></li>
E                           
E                           <li onclick="toggle('pre4437669696', 'post4437669696')"><pre>                    &#x27;refresh&#x27;: str(refresh),</pre></li>
E                           
E                           <li onclick="toggle('pre4437669696', 'post4437669696')"><pre>                    &#x27;access&#x27;: str(refresh.access_token),</pre></li>
E                           
E                       </ol>
E                       
E                     </div>
E                   
E         
E                   
E                     
E                       <details>
E                         <summary class="commands">Local vars</summary>
E                     
E                     <table class="vars" id="v4437669696">
E                       <thead>
E                         <tr>
E                           <th scope="col">Variable</th>
E                           <th scope="col">Value</th>
E                         </tr>
E                       </thead>
E                       <tbody>
E                         
E                           <tr>
E                             <td>email</td>
E                             <td class="code"><pre>&#x27;testuser_ct069k@example.com&#x27;</pre></td>
E                           </tr>
E                         
E                           <tr>
E                             <td>password</td>
E                             <td class="code"><pre>&#x27;TestUser1234!&#x27;</pre></td>
E                           </tr>
E                         
E                           <tr>
E                             <td>request</td>
E                             <td class="code"><pre>&lt;rest_framework.request.Request: POST &#x27;/users/login/&#x27;&gt;</pre></td>
E                           </tr>
E                         
E                           <tr>
E                             <td>risk_score</td>
E                             <td class="code"><pre>0</pre></td>
E                           </tr>
E                         
E                           <tr>
E                             <td>self</td>
E                             <td class="code"><pre>&lt;users.views.UserViewSet object at 0x108826f10&gt;</pre></td>
E                           </tr>
E                         
E                           <tr>
E                             <td>user</td>
E                             <td class="code"><pre>&lt;User: testuser_ct069k (Client)&gt;</pre></td>
E                           </tr>
E                         
E                       </tbody>
E                     </table>
E                     </details>
E                   
E                 </li>
E               
E                 
E                 <li class="frame user">
E                   
E                     <code class="fname">/Users/mohamedbechirdiarra/Downloads/prototypeGamma/Backend/users/utils.py</code>, line 14, in log_event
E                   
E         
E                   
E                     <div class="context" id="c4437667648">
E                       
E                         <ol start="7" class="pre-context" id="pre4437667648">
E                         
E                           <li onclick="toggle('pre4437667648', 'post4437667648')"><pre>    if user is None:</pre></li>
E                         
E                           <li onclick="toggle('pre4437667648', 'post4437667648')"><pre>        user = request.user if hasattr(request, &#x27;user&#x27;) and request.user.is_authenticated else None</pre></li>
E                         
E                           <li onclick="toggle('pre4437667648', 'post4437667648')"><pre>    ip = request.META.get(&#x27;REMOTE_ADDR&#x27;)</pre></li>
E                         
E                           <li onclick="toggle('pre4437667648', 'post4437667648')"><pre>    user_agent = request.META.get(&#x27;HTTP_USER_AGENT&#x27;, &#x27;&#x27;)</pre></li>
E                         
E                           <li onclick="toggle('pre4437667648', 'post4437667648')"><pre>    geo_country = getattr(request, &#x27;geoip_country&#x27;, &#x27;&#x27;) or request.META.get(&#x27;GEOIP_COUNTRY&#x27;, &#x27;&#x27;)</pre></li>
E                         
E                           <li onclick="toggle('pre4437667648', 'post4437667648')"><pre>    geo_city = getattr(request, &#x27;geoip_city&#x27;, &#x27;&#x27;) or request.META.get(&#x27;GEOIP_CITY&#x27;, &#x27;&#x27;)</pre></li>
E                         
E                           <li onclick="toggle('pre4437667648', 'post4437667648')"><pre>    location = get_location_from_ip(ip)</pre></li>
E                         
E                         </ol>
E                       
E                       <ol start="14" class="context-line">
E                         <li onclick="toggle('pre4437667648', 'post4437667648')"><pre>    AuditLog.objects.create(
E                 ^</pre> <span>…</span></li>
E                       </ol>
E                       
E                         <ol start='15' class="post-context" id="post4437667648">
E                           
E                           <li onclick="toggle('pre4437667648', 'post4437667648')"><pre>        user=user,</pre></li>
E                           
E                           <li onclick="toggle('pre4437667648', 'post4437667648')"><pre>        ip_address=ip,</pre></li>
E                           
E                           <li onclick="toggle('pre4437667648', 'post4437667648')"><pre>        user_agent=user_agent,</pre></li>
E                           
E                           <li onclick="toggle('pre4437667648', 'post4437667648')"><pre>        event_type=event_type,</pre></li>
E                           
E                           <li onclick="toggle('pre4437667648', 'post4437667648')"><pre>        status=status,</pre></li>
E                           
E                           <li onclick="toggle('pre4437667648', 'post4437667648')"><pre>        geo_country=geo_country,</pre></li>
E                           
E                       </ol>
E                       
E                     </div>
E                   
E         
E                   
E                     
E                       <details>
E                         <summary class="commands">Local vars</summary>
E                     
E                     <table class="vars" id="v4437667648">
E                       <thead>
E                         <tr>
E                           <th scope="col">Variable</th>
E                           <th scope="col">Value</th>
E                         </tr>
E                       </thead>
E                       <tbody>
E                         
E                           <tr>
E                             <td>event_type</td>
E                             <td class="code"><pre>&#x27;login&#x27;</pre></td>
E                           </tr>
E                         
E                           <tr>
E                             <td>geo_city</td>
E                             <td class="code"><pre>&#x27;&#x27;</pre></td>
E                           </tr>
E                         
E                           <tr>
E                             <td>geo_country</td>
E                             <td class="code"><pre>&#x27;&#x27;</pre></td>
E                           </tr>
E                         
E                           <tr>
E                             <td>ip</td>
E                             <td class="code"><pre>&#x27;127.0.0.1&#x27;</pre></td>
E                           </tr>
E                         
E                           <tr>
E                             <td>location</td>
E                             <td class="code"><pre>None</pre></td>
E                           </tr>
E                         
E                           <tr>
E                             <td>metadata</td>
E                             <td class="code"><pre>{}</pre></td>
E                           </tr>
E                         
E                           <tr>
E                             <td>request</td>
E                             <td class="code"><pre>&lt;rest_framework.request.Request: POST &#x27;/users/login/&#x27;&gt;</pre></td>
E                           </tr>
E                         
E                           <tr>
E                             <td>risk_score</td>
E                             <td class="code"><pre>0</pre></td>
E                           </tr>
E                         
E                           <tr>
E                             <td>status</td>
E                             <td class="code"><pre>&#x27;success&#x27;</pre></td>
E                           </tr>
E                         
E                           <tr>
E                             <td>user</td>
E                             <td class="code"><pre>&lt;User: testuser_ct069k (Client)&gt;</pre></td>
E                           </tr>
E                         
E                           <tr>
E                             <td>user_agent</td>
E                             <td class="code"><pre>&#x27;python-requests/2.32.4&#x27;</pre></td>
E                           </tr>
E                         
E                       </tbody>
E                     </table>
E                     </details>
E                   
E                 </li>
E               
E                 
E                 <li class="frame django">
E                   
E                     <code class="fname">/Users/mohamedbechirdiarra/Downloads/prototypeGamma/Backend/venv/lib/python3.13/site-packages/django/db/models/manager.py</code>, line 87, in manager_method
E                   
E         
E                   
E                     <div class="context" id="c4437181312">
E                       
E                         <ol start="80" class="pre-context" id="pre4437181312">
E                         
E                           <li onclick="toggle('pre4437181312', 'post4437181312')"><pre>        return []</pre></li>
E                         
E                           <li onclick="toggle('pre4437181312', 'post4437181312')"><pre></pre></li>
E                         
E                           <li onclick="toggle('pre4437181312', 'post4437181312')"><pre>    @classmethod</pre></li>
E                         
E                           <li onclick="toggle('pre4437181312', 'post4437181312')"><pre>    def _get_queryset_methods(cls, queryset_class):</pre></li>
E                         
E                           <li onclick="toggle('pre4437181312', 'post4437181312')"><pre>        def create_method(name, method):</pre></li>
E                         
E                           <li onclick="toggle('pre4437181312', 'post4437181312')"><pre>            @wraps(method)</pre></li>
E                         
E                           <li onclick="toggle('pre4437181312', 'post4437181312')"><pre>            def manager_method(self, *args, **kwargs):</pre></li>
E                         
E                         </ol>
E                       
E                       <ol start="87" class="context-line">
E                         <li onclick="toggle('pre4437181312', 'post4437181312')"><pre>                return getattr(self.get_queryset(), name)(*args, **kwargs)
E                                    ^^^^^^^^^^^^^^^^^^^^^^^^^^^^^^^^^^^^^^^^^^^^^^^^^^^</pre> <span>…</span></li>
E                       </ol>
E                       
E                         <ol start='88' class="post-context" id="post4437181312">
E                           
E                           <li onclick="toggle('pre4437181312', 'post4437181312')"><pre></pre></li>
E                           
E                           <li onclick="toggle('pre4437181312', 'post4437181312')"><pre>            return manager_method</pre></li>
E                           
E                           <li onclick="toggle('pre4437181312', 'post4437181312')"><pre></pre></li>
E                           
E                           <li onclick="toggle('pre4437181312', 'post4437181312')"><pre>        new_methods = {}</pre></li>
E                           
E                           <li onclick="toggle('pre4437181312', 'post4437181312')"><pre>        for name, method in inspect.getmembers(</pre></li>
E                           
E                           <li onclick="toggle('pre4437181312', 'post4437181312')"><pre>            queryset_class, predicate=inspect.isfunction</pre></li>
E                           
E                       </ol>
E                       
E                     </div>
E                   
E         
E                   
E                     
E                       <details>
E                         <summary class="commands">Local vars</summary>
E                     
E                     <table class="vars" id="v4437181312">
E                       <thead>
E                         <tr>
E                           <th scope="col">Variable</th>
E                           <th scope="col">Value</th>
E                         </tr>
E                       </thead>
E                       <tbody>
E                         
E                           <tr>
E                             <td>args</td>
E                             <td class="code"><pre>()</pre></td>
E                           </tr>
E                         
E                           <tr>
E                             <td>kwargs</td>
E                             <td class="code"><pre>{&#x27;event_type&#x27;: &#x27;login&#x27;,
E          &#x27;geo_city&#x27;: &#x27;&#x27;,
E          &#x27;geo_country&#x27;: &#x27;&#x27;,
E          &#x27;ip_address&#x27;: &#x27;127.0.0.1&#x27;,
E          &#x27;location&#x27;: None,
E          &#x27;metadata&#x27;: {},
E          &#x27;risk_score&#x27;: 0,
E          &#x27;status&#x27;: &#x27;success&#x27;,
E          &#x27;user&#x27;: &lt;User: testuser_ct069k (Client)&gt;,
E          &#x27;user_agent&#x27;: &#x27;python-requests/2.32.4&#x27;}</pre></td>
E                           </tr>
E                         
E                           <tr>
E                             <td>name</td>
E                             <td class="code"><pre>&#x27;create&#x27;</pre></td>
E                           </tr>
E                         
E                           <tr>
E                             <td>self</td>
E                             <td class="code"><pre>&lt;django.db.models.manager.Manager object at 0x10840cad0&gt;</pre></td>
E                           </tr>
E                         
E                       </tbody>
E                     </table>
E                     </details>
E                   
E                 </li>
E               
E                 
E                 <li class="frame django">
E                   
E                     <code class="fname">/Users/mohamedbechirdiarra/Downloads/prototypeGamma/Backend/venv/lib/python3.13/site-packages/django/db/models/query.py</code>, line 663, in create
E                   
E         
E                   
E                     <div class="context" id="c4437665216">
E                       
E                         <ol start="656" class="pre-context" id="pre4437665216">
E                         
E                           <li onclick="toggle('pre4437665216', 'post4437665216')"><pre>            raise ValueError(</pre></li>
E                         
E                           <li onclick="toggle('pre4437665216', 'post4437665216')"><pre>                &quot;The following fields do not exist in this model: %s&quot;</pre></li>
E                         
E                           <li onclick="toggle('pre4437665216', 'post4437665216')"><pre>                % &quot;, &quot;.join(reverse_one_to_one_fields)</pre></li>
E                         
E                           <li onclick="toggle('pre4437665216', 'post4437665216')"><pre>            )</pre></li>
E                         
E                           <li onclick="toggle('pre4437665216', 'post4437665216')"><pre></pre></li>
E                         
E                           <li onclick="toggle('pre4437665216', 'post4437665216')"><pre>        obj = self.model(**kwargs)</pre></li>
E                         
E                           <li onclick="toggle('pre4437665216', 'post4437665216')"><pre>        self._for_write = True</pre></li>
E                         
E                         </ol>
E                       
E                       <ol start="663" class="context-line">
E                         <li onclick="toggle('pre4437665216', 'post4437665216')"><pre>        obj.save(force_insert=True, using=self.db)
E                      ^^^^^^^^^^^^^^^^^^^^^^^^^^^^^^^^^^^^^^^^^^</pre> <span>…</span></li>
E                       </ol>
E                       
E                         <ol start='664' class="post-context" id="post4437665216">
E                           
E                           <li onclick="toggle('pre4437665216', 'post4437665216')"><pre>        return obj</pre></li>
E                           
E                           <li onclick="toggle('pre4437665216', 'post4437665216')"><pre></pre></li>
E                           
E                           <li onclick="toggle('pre4437665216', 'post4437665216')"><pre>    create.alters_data = True</pre></li>
E                           
E                           <li onclick="toggle('pre4437665216', 'post4437665216')"><pre></pre></li>
E                           
E                           <li onclick="toggle('pre4437665216', 'post4437665216')"><pre>    async def acreate(self, **kwargs):</pre></li>
E                           
E                           <li onclick="toggle('pre4437665216', 'post4437665216')"><pre>        return await sync_to_async(self.create)(**kwargs)</pre></li>
E                           
E                       </ol>
E                       
E                     </div>
E                   
E         
E                   
E                     
E                       <details>
E                         <summary class="commands">Local vars</summary>
E                     
E                     <table class="vars" id="v4437665216">
E                       <thead>
E                         <tr>
E                           <th scope="col">Variable</th>
E                           <th scope="col">Value</th>
E                         </tr>
E                       </thead>
E                       <tbody>
E                         
E                           <tr>
E                             <td>kwargs</td>
E                             <td class="code"><pre>{&#x27;event_type&#x27;: &#x27;login&#x27;,
E          &#x27;geo_city&#x27;: &#x27;&#x27;,
E          &#x27;geo_country&#x27;: &#x27;&#x27;,
E          &#x27;ip_address&#x27;: &#x27;127.0.0.1&#x27;,
E          &#x27;location&#x27;: None,
E          &#x27;metadata&#x27;: {},
E          &#x27;risk_score&#x27;: 0,
E          &#x27;status&#x27;: &#x27;success&#x27;,
E          &#x27;user&#x27;: &lt;User: testuser_ct069k (Client)&gt;,
E          &#x27;user_agent&#x27;: &#x27;python-requests/2.32.4&#x27;}</pre></td>
E                           </tr>
E                         
E                           <tr>
E                             <td>obj</td>
E                             <td class="code"><pre>&lt;AuditLog: [2025-07-14 11:43:13.665270+00:00] testuser_ct069k (Client) - login (success)&gt;</pre></td>
E                           </tr>
E                         
E                           <tr>
E                             <td>reverse_one_to_one_fields</td>
E                             <td class="code"><pre>frozenset()</pre></td>
E                           </tr>
E                         
E                           <tr>
E                             <td>self</td>
E                             <td class="code"><pre>&lt;QuerySet [&lt;AuditLog: [2025-07-14 11:20:26.143987+00:00] None - login (failure)&gt;, &lt;AuditLog: [2025-07-14 11:20:26.172163+00:00] None - login (failure)&gt;, &lt;AuditLog: [2025-07-14 11:20:26.440678+00:00] None - login (failure)&gt;, &lt;AuditLog: [2025-07-14 11:20:26.472641+00:00] None - login (failure)&gt;, &lt;AuditLog: [2025-07-14 11:20:42.818165+00:00] None - login (failure)&gt;, &lt;AuditLog: [2025-07-14 11:20:42.834927+00:00] None - login (failure)&gt;, &lt;AuditLog: [2025-07-14 11:20:42.840926+00:00] None - login (failure)&gt;, &lt;AuditLog: [2025-07-14 11:20:42.849907+00:00] None - login (failure)&gt;, &lt;AuditLog: [2025-07-14 11:20:42.855760+00:00] None - login (failure)&gt;, &lt;AuditLog: [2025-07-14 11:20:42.866003+00:00] None - login (failure)&gt;, &lt;AuditLog: [2025-07-14 11:20:42.871786+00:00] None - login (failure)&gt;, &lt;AuditLog: [2025-07-14 11:20:42.878738+00:00] None - login (failure)&gt;, &lt;AuditLog: [2025-07-14 11:20:42.887097+00:00] None - login (failure)&gt;, &lt;AuditLog: [2025-07-14 11:20:42.933562+00:00] None - login (failure)&gt;, &lt;AuditLog: [2025-07-14 11:20:42.948908+00:00] None - login (failure)&gt;, &lt;AuditLog: [2025-07-14 11:20:42.955057+00:00] None - login (failure)&gt;, &lt;AuditLog: [2025-07-14 11:20:43.030569+00:00] None - login (failure)&gt;, &lt;AuditLog: [2025-07-14 11:20:43.035801+00:00] None - login (failure)&gt;, &lt;AuditLog: [2025-07-14 11:20:43.041067+00:00] None - login (failure)&gt;, &lt;AuditLog: [2025-07-14 11:20:43.057293+00:00] None - login (failure)&gt;, &#x27;...(remaining elements truncated)...&#x27;]&gt;</pre></td>
E                           </tr>
E                         
E                       </tbody>
E                     </table>
E                     </details>
E                   
E                 </li>
E               
E                 
E                 <li class="frame django">
E                   
E                     <code class="fname">/Users/mohamedbechirdiarra/Downloads/prototypeGamma/Backend/venv/lib/python3.13/site-packages/django/db/models/base.py</code>, line 902, in save
E                   
E         
E                   
E                     <div class="context" id="c4433908288">
E                       
E                         <ol start="895" class="pre-context" id="pre4433908288">
E                         
E                           <li onclick="toggle('pre4433908288', 'post4433908288')"><pre>            for field in self._meta.concrete_fields:</pre></li>
E                         
E                           <li onclick="toggle('pre4433908288', 'post4433908288')"><pre>                if field not in pk_fields and not hasattr(field, &quot;through&quot;):</pre></li>
E                         
E                           <li onclick="toggle('pre4433908288', 'post4433908288')"><pre>                    field_names.add(field.attname)</pre></li>
E                         
E                           <li onclick="toggle('pre4433908288', 'post4433908288')"><pre>            loaded_fields = field_names.difference(deferred_non_generated_fields)</pre></li>
E                         
E                           <li onclick="toggle('pre4433908288', 'post4433908288')"><pre>            if loaded_fields:</pre></li>
E                         
E                           <li onclick="toggle('pre4433908288', 'post4433908288')"><pre>                update_fields = frozenset(loaded_fields)</pre></li>
E                         
E                           <li onclick="toggle('pre4433908288', 'post4433908288')"><pre></pre></li>
E                         
E                         </ol>
E                       
E                       <ol start="902" class="context-line">
E                         <li onclick="toggle('pre4433908288', 'post4433908288')"><pre>        self.save_base(
E                      ^</pre> <span>…</span></li>
E                       </ol>
E                       
E                         <ol start='903' class="post-context" id="post4433908288">
E                           
E                           <li onclick="toggle('pre4433908288', 'post4433908288')"><pre>            using=using,</pre></li>
E                           
E                           <li onclick="toggle('pre4433908288', 'post4433908288')"><pre>            force_insert=force_insert,</pre></li>
E                           
E                           <li onclick="toggle('pre4433908288', 'post4433908288')"><pre>            force_update=force_update,</pre></li>
E                           
E                           <li onclick="toggle('pre4433908288', 'post4433908288')"><pre>            update_fields=update_fields,</pre></li>
E                           
E                           <li onclick="toggle('pre4433908288', 'post4433908288')"><pre>        )</pre></li>
E                           
E                           <li onclick="toggle('pre4433908288', 'post4433908288')"><pre></pre></li>
E                           
E                       </ol>
E                       
E                     </div>
E                   
E         
E                   
E                     
E                       <details>
E                         <summary class="commands">Local vars</summary>
E                     
E                     <table class="vars" id="v4433908288">
E                       <thead>
E                         <tr>
E                           <th scope="col">Variable</th>
E                           <th scope="col">Value</th>
E                         </tr>
E                       </thead>
E                       <tbody>
E                         
E                           <tr>
E                             <td>args</td>
E                             <td class="code"><pre>()</pre></td>
E                           </tr>
E                         
E                           <tr>
E                             <td>deferred_non_generated_fields</td>
E                             <td class="code"><pre>set()</pre></td>
E                           </tr>
E                         
E                           <tr>
E                             <td>force_insert</td>
E                             <td class="code"><pre>True</pre></td>
E                           </tr>
E                         
E                           <tr>
E                             <td>force_update</td>
E                             <td class="code"><pre>False</pre></td>
E                           </tr>
E                         
E                           <tr>
E                             <td>self</td>
E                             <td class="code"><pre>&lt;AuditLog: [2025-07-14 11:43:13.665270+00:00] testuser_ct069k (Client) - login (success)&gt;</pre></td>
E                           </tr>
E                         
E                           <tr>
E                             <td>update_fields</td>
E                             <td class="code"><pre>None</pre></td>
E                           </tr>
E                         
E                           <tr>
E                             <td>using</td>
E                             <td class="code"><pre>&#x27;default&#x27;</pre></td>
E                           </tr>
E                         
E                       </tbody>
E                     </table>
E                     </details>
E                   
E                 </li>
E               
E                 
E                 <li class="frame django">
E                   
E                     <code class="fname">/Users/mohamedbechirdiarra/Downloads/prototypeGamma/Backend/venv/lib/python3.13/site-packages/django/db/models/base.py</code>, line 1008, in save_base
E                   
E         
E                   
E                     <div class="context" id="c4437662656">
E                       
E                         <ol start="1001" class="pre-context" id="pre4437662656">
E                         
E                           <li onclick="toggle('pre4437662656', 'post4437662656')"><pre>            parent_inserted = False</pre></li>
E                         
E                           <li onclick="toggle('pre4437662656', 'post4437662656')"><pre>            if not raw:</pre></li>
E                         
E                           <li onclick="toggle('pre4437662656', 'post4437662656')"><pre>                # Validate force insert only when parents are inserted.</pre></li>
E                         
E                           <li onclick="toggle('pre4437662656', 'post4437662656')"><pre>                force_insert = self._validate_force_insert(force_insert)</pre></li>
E                         
E                           <li onclick="toggle('pre4437662656', 'post4437662656')"><pre>                parent_inserted = self._save_parents(</pre></li>
E                         
E                           <li onclick="toggle('pre4437662656', 'post4437662656')"><pre>                    cls, using, update_fields, force_insert</pre></li>
E                         
E                           <li onclick="toggle('pre4437662656', 'post4437662656')"><pre>                )</pre></li>
E                         
E                         </ol>
E                       
E                       <ol start="1008" class="context-line">
E                         <li onclick="toggle('pre4437662656', 'post4437662656')"><pre>            updated = self._save_table(
E                                     </pre> <span>…</span></li>
E                       </ol>
E                       
E                         <ol start='1009' class="post-context" id="post4437662656">
E                           
E                           <li onclick="toggle('pre4437662656', 'post4437662656')"><pre>                raw,</pre></li>
E                           
E                           <li onclick="toggle('pre4437662656', 'post4437662656')"><pre>                cls,</pre></li>
E                           
E                           <li onclick="toggle('pre4437662656', 'post4437662656')"><pre>                force_insert or parent_inserted,</pre></li>
E                           
E                           <li onclick="toggle('pre4437662656', 'post4437662656')"><pre>                force_update,</pre></li>
E                           
E                           <li onclick="toggle('pre4437662656', 'post4437662656')"><pre>                using,</pre></li>
E                           
E                           <li onclick="toggle('pre4437662656', 'post4437662656')"><pre>                update_fields,</pre></li>
E                           
E                       </ol>
E                       
E                     </div>
E                   
E         
E                   
E                     
E                       <details>
E                         <summary class="commands">Local vars</summary>
E                     
E                     <table class="vars" id="v4437662656">
E                       <thead>
E                         <tr>
E                           <th scope="col">Variable</th>
E                           <th scope="col">Value</th>
E                         </tr>
E                       </thead>
E                       <tbody>
E                         
E                           <tr>
E                             <td>cls</td>
E                             <td class="code"><pre>&lt;class &#x27;users.models.AuditLog&#x27;&gt;</pre></td>
E                           </tr>
E                         
E                           <tr>
E                             <td>context_manager</td>
E                             <td class="code"><pre>&lt;contextlib._GeneratorContextManager object at 0x108762ac0&gt;</pre></td>
E                           </tr>
E                         
E                           <tr>
E                             <td>force_insert</td>
E                             <td class="code"><pre>(&lt;class &#x27;users.models.AuditLog&#x27;&gt;,)</pre></td>
E                           </tr>
E                         
E                           <tr>
E                             <td>force_update</td>
E                             <td class="code"><pre>False</pre></td>
E                           </tr>
E                         
E                           <tr>
E                             <td>meta</td>
E                             <td class="code"><pre>&lt;Options for AuditLog&gt;</pre></td>
E                           </tr>
E                         
E                           <tr>
E                             <td>origin</td>
E                             <td class="code"><pre>&lt;class &#x27;users.models.AuditLog&#x27;&gt;</pre></td>
E                           </tr>
E                         
E                           <tr>
E                             <td>parent_inserted</td>
E                             <td class="code"><pre>False</pre></td>
E                           </tr>
E                         
E                           <tr>
E                             <td>raw</td>
E                             <td class="code"><pre>False</pre></td>
E                           </tr>
E                         
E                           <tr>
E                             <td>self</td>
E                             <td class="code"><pre>&lt;AuditLog: [2025-07-14 11:43:13.665270+00:00] testuser_ct069k (Client) - login (success)&gt;</pre></td>
E                           </tr>
E                         
E                           <tr>
E                             <td>update_fields</td>
E                             <td class="code"><pre>None</pre></td>
E                           </tr>
E                         
E                           <tr>
E                             <td>using</td>
E                             <td class="code"><pre>&#x27;default&#x27;</pre></td>
E                           </tr>
E                         
E                       </tbody>
E                     </table>
E                     </details>
E                   
E                 </li>
E               
E                 
E                 <li class="frame django">
E                   
E                     <code class="fname">/Users/mohamedbechirdiarra/Downloads/prototypeGamma/Backend/venv/lib/python3.13/site-packages/django/db/models/base.py</code>, line 1169, in _save_table
E                   
E         
E                   
E                     <div class="context" id="c4437657216">
E                       
E                         <ol start="1162" class="pre-context" id="pre4437657216">
E                         
E                           <li onclick="toggle('pre4437657216', 'post4437657216')"><pre>                )</pre></li>
E                         
E                           <li onclick="toggle('pre4437657216', 'post4437657216')"><pre>            fields = [</pre></li>
E                         
E                           <li onclick="toggle('pre4437657216', 'post4437657216')"><pre>                f</pre></li>
E                         
E                           <li onclick="toggle('pre4437657216', 'post4437657216')"><pre>                for f in meta.local_concrete_fields</pre></li>
E                         
E                           <li onclick="toggle('pre4437657216', 'post4437657216')"><pre>                if not f.generated and (pk_set or f is not meta.auto_field)</pre></li>
E                         
E                           <li onclick="toggle('pre4437657216', 'post4437657216')"><pre>            ]</pre></li>
E                         
E                           <li onclick="toggle('pre4437657216', 'post4437657216')"><pre>            returning_fields = meta.db_returning_fields</pre></li>
E                         
E                         </ol>
E                       
E                       <ol start="1169" class="context-line">
E                         <li onclick="toggle('pre4437657216', 'post4437657216')"><pre>            results = self._do_insert(
E                                     </pre> <span>…</span></li>
E                       </ol>
E                       
E                         <ol start='1170' class="post-context" id="post4437657216">
E                           
E                           <li onclick="toggle('pre4437657216', 'post4437657216')"><pre>                cls._base_manager, using, fields, returning_fields, raw</pre></li>
E                           
E                           <li onclick="toggle('pre4437657216', 'post4437657216')"><pre>            )</pre></li>
E                           
E                           <li onclick="toggle('pre4437657216', 'post4437657216')"><pre>            if results:</pre></li>
E                           
E                           <li onclick="toggle('pre4437657216', 'post4437657216')"><pre>                for value, field in zip(results[0], returning_fields):</pre></li>
E                           
E                           <li onclick="toggle('pre4437657216', 'post4437657216')"><pre>                    setattr(self, field.attname, value)</pre></li>
E                           
E                           <li onclick="toggle('pre4437657216', 'post4437657216')"><pre>        return updated</pre></li>
E                           
E                       </ol>
E                       
E                     </div>
E                   
E         
E                   
E                     
E                       <details>
E                         <summary class="commands">Local vars</summary>
E                     
E                     <table class="vars" id="v4437657216">
E                       <thead>
E                         <tr>
E                           <th scope="col">Variable</th>
E                           <th scope="col">Value</th>
E                         </tr>
E                       </thead>
E                       <tbody>
E                         
E                           <tr>
E                             <td>cls</td>
E                             <td class="code"><pre>&lt;class &#x27;users.models.AuditLog&#x27;&gt;</pre></td>
E                           </tr>
E                         
E                           <tr>
E                             <td>fields</td>
E                             <td class="code"><pre>[&lt;django.db.models.fields.related.ForeignKey: user&gt;,
E          &lt;django.db.models.fields.GenericIPAddressField: ip_address&gt;,
E          &lt;django.db.models.fields.TextField: user_agent&gt;,
E          &lt;django.db.models.fields.CharField: event_type&gt;,
E          &lt;django.db.models.fields.CharField: status&gt;,
E          &lt;django.db.models.fields.DateTimeField: timestamp&gt;,
E          &lt;django.db.models.fields.CharField: geo_country&gt;,
E          &lt;django.db.models.fields.CharField: geo_city&gt;,
E          &lt;django.db.models.fields.CharField: location&gt;,
E          &lt;django.db.models.fields.PositiveSmallIntegerField: risk_score&gt;,
E          &lt;django.db.models.fields.json.JSONField: metadata&gt;]</pre></td>
E                           </tr>
E                         
E                           <tr>
E                             <td>force_insert</td>
E                             <td class="code"><pre>(&lt;class &#x27;users.models.AuditLog&#x27;&gt;,)</pre></td>
E                           </tr>
E                         
E                           <tr>
E                             <td>force_update</td>
E                             <td class="code"><pre>False</pre></td>
E                           </tr>
E                         
E                           <tr>
E                             <td>meta</td>
E                             <td class="code"><pre>&lt;Options for AuditLog&gt;</pre></td>
E                           </tr>
E                         
E                           <tr>
E                             <td>non_pks_non_generated</td>
E                             <td class="code"><pre>[&lt;django.db.models.fields.related.ForeignKey: user&gt;,
E          &lt;django.db.models.fields.GenericIPAddressField: ip_address&gt;,
E          &lt;django.db.models.fields.TextField: user_agent&gt;,
E          &lt;django.db.models.fields.CharField: event_type&gt;,
E          &lt;django.db.models.fields.CharField: status&gt;,
E          &lt;django.db.models.fields.DateTimeField: timestamp&gt;,
E          &lt;django.db.models.fields.CharField: geo_country&gt;,
E          &lt;django.db.models.fields.CharField: geo_city&gt;,
E          &lt;django.db.models.fields.CharField: location&gt;,
E          &lt;django.db.models.fields.PositiveSmallIntegerField: risk_score&gt;,
E          &lt;django.db.models.fields.json.JSONField: metadata&gt;]</pre></td>
E                           </tr>
E                         
E                           <tr>
E                             <td>pk_fields</td>
E                             <td class="code"><pre>[&lt;django.db.models.fields.BigAutoField: id&gt;]</pre></td>
E                           </tr>
E                         
E                           <tr>
E                             <td>pk_set</td>
E                             <td class="code"><pre>False</pre></td>
E                           </tr>
E                         
E                           <tr>
E                             <td>pk_val</td>
E                             <td class="code"><pre>None</pre></td>
E                           </tr>
E                         
E                           <tr>
E                             <td>raw</td>
E                             <td class="code"><pre>False</pre></td>
E                           </tr>
E                         
E                           <tr>
E                             <td>returning_fields</td>
E                             <td class="code"><pre>[&lt;django.db.models.fields.BigAutoField: id&gt;]</pre></td>
E                           </tr>
E                         
E                           <tr>
E                             <td>self</td>
E                             <td class="code"><pre>&lt;AuditLog: [2025-07-14 11:43:13.665270+00:00] testuser_ct069k (Client) - login (success)&gt;</pre></td>
E                           </tr>
E                         
E                           <tr>
E                             <td>update_fields</td>
E                             <td class="code"><pre>None</pre></td>
E                           </tr>
E                         
E                           <tr>
E                             <td>updated</td>
E                             <td class="code"><pre>False</pre></td>
E                           </tr>
E                         
E                           <tr>
E                             <td>using</td>
E                             <td class="code"><pre>&#x27;default&#x27;</pre></td>
E                           </tr>
E                         
E                       </tbody>
E                     </table>
E                     </details>
E                   
E                 </li>
E               
E                 
E                 <li class="frame django">
E                   
E                     <code class="fname">/Users/mohamedbechirdiarra/Downloads/prototypeGamma/Backend/venv/lib/python3.13/site-packages/django/db/models/base.py</code>, line 1210, in _do_insert
E                   
E         
E                   
E                     <div class="context" id="c4437671040">
E                       
E                         <ol start="1203" class="pre-context" id="pre4437671040">
E                         
E                           <li onclick="toggle('pre4437671040', 'post4437671040')"><pre>        return filtered._update(values) &gt; 0</pre></li>
E                         
E                           <li onclick="toggle('pre4437671040', 'post4437671040')"><pre></pre></li>
E                         
E                           <li onclick="toggle('pre4437671040', 'post4437671040')"><pre>    def _do_insert(self, manager, using, fields, returning_fields, raw):</pre></li>
E                         
E                           <li onclick="toggle('pre4437671040', 'post4437671040')"><pre>        &quot;&quot;&quot;</pre></li>
E                         
E                           <li onclick="toggle('pre4437671040', 'post4437671040')"><pre>        Do an INSERT. If returning_fields is defined then this method should</pre></li>
E                         
E                           <li onclick="toggle('pre4437671040', 'post4437671040')"><pre>        return the newly created data for the model.</pre></li>
E                         
E                           <li onclick="toggle('pre4437671040', 'post4437671040')"><pre>        &quot;&quot;&quot;</pre></li>
E                         
E                         </ol>
E                       
E                       <ol start="1210" class="context-line">
E                         <li onclick="toggle('pre4437671040', 'post4437671040')"><pre>        return manager._insert(
E                              </pre> <span>…</span></li>
E                       </ol>
E                       
E                         <ol start='1211' class="post-context" id="post4437671040">
E                           
E                           <li onclick="toggle('pre4437671040', 'post4437671040')"><pre>            [self],</pre></li>
E                           
E                           <li onclick="toggle('pre4437671040', 'post4437671040')"><pre>            fields=fields,</pre></li>
E                           
E                           <li onclick="toggle('pre4437671040', 'post4437671040')"><pre>            returning_fields=returning_fields,</pre></li>
E                           
E                           <li onclick="toggle('pre4437671040', 'post4437671040')"><pre>            using=using,</pre></li>
E                           
E                           <li onclick="toggle('pre4437671040', 'post4437671040')"><pre>            raw=raw,</pre></li>
E                           
E                           <li onclick="toggle('pre4437671040', 'post4437671040')"><pre>        )</pre></li>
E                           
E                       </ol>
E                       
E                     </div>
E                   
E         
E                   
E                     
E                       <details>
E                         <summary class="commands">Local vars</summary>
E                     
E                     <table class="vars" id="v4437671040">
E                       <thead>
E                         <tr>
E                           <th scope="col">Variable</th>
E                           <th scope="col">Value</th>
E                         </tr>
E                       </thead>
E                       <tbody>
E                         
E                           <tr>
E                             <td>fields</td>
E                             <td class="code"><pre>[&lt;django.db.models.fields.related.ForeignKey: user&gt;,
E          &lt;django.db.models.fields.GenericIPAddressField: ip_address&gt;,
E          &lt;django.db.models.fields.TextField: user_agent&gt;,
E          &lt;django.db.models.fields.CharField: event_type&gt;,
E          &lt;django.db.models.fields.CharField: status&gt;,
E          &lt;django.db.models.fields.DateTimeField: timestamp&gt;,
E          &lt;django.db.models.fields.CharField: geo_country&gt;,
E          &lt;django.db.models.fields.CharField: geo_city&gt;,
E          &lt;django.db.models.fields.CharField: location&gt;,
E          &lt;django.db.models.fields.PositiveSmallIntegerField: risk_score&gt;,
E          &lt;django.db.models.fields.json.JSONField: metadata&gt;]</pre></td>
E                           </tr>
E                         
E                           <tr>
E                             <td>manager</td>
E                             <td class="code"><pre>&lt;django.db.models.manager.Manager object at 0x108454b50&gt;</pre></td>
E                           </tr>
E                         
E                           <tr>
E                             <td>raw</td>
E                             <td class="code"><pre>False</pre></td>
E                           </tr>
E                         
E                           <tr>
E                             <td>returning_fields</td>
E                             <td class="code"><pre>[&lt;django.db.models.fields.BigAutoField: id&gt;]</pre></td>
E                           </tr>
E                         
E                           <tr>
E                             <td>self</td>
E                             <td class="code"><pre>&lt;AuditLog: [2025-07-14 11:43:13.665270+00:00] testuser_ct069k (Client) - login (success)&gt;</pre></td>
E                           </tr>
E                         
E                           <tr>
E                             <td>using</td>
E                             <td class="code"><pre>&#x27;default&#x27;</pre></td>
E                           </tr>
E                         
E                       </tbody>
E                     </table>
E                     </details>
E                   
E                 </li>
E               
E                 
E                 <li class="frame django">
E                   
E                     <code class="fname">/Users/mohamedbechirdiarra/Downloads/prototypeGamma/Backend/venv/lib/python3.13/site-packages/django/db/models/manager.py</code>, line 87, in manager_method
E                   
E         
E                   
E                     <div class="context" id="c4434552896">
E                       
E                         <ol start="80" class="pre-context" id="pre4434552896">
E                         
E                           <li onclick="toggle('pre4434552896', 'post4434552896')"><pre>        return []</pre></li>
E                         
E                           <li onclick="toggle('pre4434552896', 'post4434552896')"><pre></pre></li>
E                         
E                           <li onclick="toggle('pre4434552896', 'post4434552896')"><pre>    @classmethod</pre></li>
E                         
E                           <li onclick="toggle('pre4434552896', 'post4434552896')"><pre>    def _get_queryset_methods(cls, queryset_class):</pre></li>
E                         
E                           <li onclick="toggle('pre4434552896', 'post4434552896')"><pre>        def create_method(name, method):</pre></li>
E                         
E                           <li onclick="toggle('pre4434552896', 'post4434552896')"><pre>            @wraps(method)</pre></li>
E                         
E                           <li onclick="toggle('pre4434552896', 'post4434552896')"><pre>            def manager_method(self, *args, **kwargs):</pre></li>
E                         
E                         </ol>
E                       
E                       <ol start="87" class="context-line">
E                         <li onclick="toggle('pre4434552896', 'post4434552896')"><pre>                return getattr(self.get_queryset(), name)(*args, **kwargs)
E                                    ^^^^^^^^^^^^^^^^^^^^^^^^^^^^^^^^^^^^^^^^^^^^^^^^^^^</pre> <span>…</span></li>
E                       </ol>
E                       
E                         <ol start='88' class="post-context" id="post4434552896">
E                           
E                           <li onclick="toggle('pre4434552896', 'post4434552896')"><pre></pre></li>
E                           
E                           <li onclick="toggle('pre4434552896', 'post4434552896')"><pre>            return manager_method</pre></li>
E                           
E                           <li onclick="toggle('pre4434552896', 'post4434552896')"><pre></pre></li>
E                           
E                           <li onclick="toggle('pre4434552896', 'post4434552896')"><pre>        new_methods = {}</pre></li>
E                           
E                           <li onclick="toggle('pre4434552896', 'post4434552896')"><pre>        for name, method in inspect.getmembers(</pre></li>
E                           
E                           <li onclick="toggle('pre4434552896', 'post4434552896')"><pre>            queryset_class, predicate=inspect.isfunction</pre></li>
E                           
E                       </ol>
E                       
E                     </div>
E                   
E         
E                   
E                     
E                       <details>
E                         <summary class="commands">Local vars</summary>
E                     
E                     <table class="vars" id="v4434552896">
E                       <thead>
E                         <tr>
E                           <th scope="col">Variable</th>
E                           <th scope="col">Value</th>
E                         </tr>
E                       </thead>
E                       <tbody>
E                         
E                           <tr>
E                             <td>args</td>
E                             <td class="code"><pre>([&lt;AuditLog: [2025-07-14 11:43:13.665270+00:00] testuser_ct069k (Client) - login (success)&gt;],)</pre></td>
E                           </tr>
E                         
E                           <tr>
E                             <td>kwargs</td>
E                             <td class="code"><pre>{&#x27;fields&#x27;: [&lt;django.db.models.fields.related.ForeignKey: user&gt;,
E                     &lt;django.db.models.fields.GenericIPAddressField: ip_address&gt;,
E                     &lt;django.db.models.fields.TextField: user_agent&gt;,
E                     &lt;django.db.models.fields.CharField: event_type&gt;,
E                     &lt;django.db.models.fields.CharField: status&gt;,
E                     &lt;django.db.models.fields.DateTimeField: timestamp&gt;,
E                     &lt;django.db.models.fields.CharField: geo_country&gt;,
E                     &lt;django.db.models.fields.CharField: geo_city&gt;,
E                     &lt;django.db.models.fields.CharField: location&gt;,
E                     &lt;django.db.models.fields.PositiveSmallIntegerField: risk_score&gt;,
E                     &lt;django.db.models.fields.json.JSONField: metadata&gt;],
E          &#x27;raw&#x27;: False,
E          &#x27;returning_fields&#x27;: [&lt;django.db.models.fields.BigAutoField: id&gt;],
E          &#x27;using&#x27;: &#x27;default&#x27;}</pre></td>
E                           </tr>
E                         
E                           <tr>
E                             <td>name</td>
E                             <td class="code"><pre>&#x27;_insert&#x27;</pre></td>
E                           </tr>
E                         
E                           <tr>
E                             <td>self</td>
E                             <td class="code"><pre>&lt;django.db.models.manager.Manager object at 0x108454b50&gt;</pre></td>
E                           </tr>
E                         
E                       </tbody>
E                     </table>
E                     </details>
E                   
E                 </li>
E               
E                 
E                 <li class="frame django">
E                   
E                     <code class="fname">/Users/mohamedbechirdiarra/Downloads/prototypeGamma/Backend/venv/lib/python3.13/site-packages/django/db/models/query.py</code>, line 1868, in _insert
E                   
E         
E                   
E                     <div class="context" id="c4437828096">
E                       
E                         <ol start="1861" class="pre-context" id="pre4437828096">
E                         
E                           <li onclick="toggle('pre4437828096', 'post4437828096')"><pre>        query = sql.InsertQuery(</pre></li>
E                         
E                           <li onclick="toggle('pre4437828096', 'post4437828096')"><pre>            self.model,</pre></li>
E                         
E                           <li onclick="toggle('pre4437828096', 'post4437828096')"><pre>            on_conflict=on_conflict,</pre></li>
E                         
E                           <li onclick="toggle('pre4437828096', 'post4437828096')"><pre>            update_fields=update_fields,</pre></li>
E                         
E                           <li onclick="toggle('pre4437828096', 'post4437828096')"><pre>            unique_fields=unique_fields,</pre></li>
E                         
E                           <li onclick="toggle('pre4437828096', 'post4437828096')"><pre>        )</pre></li>
E                         
E                           <li onclick="toggle('pre4437828096', 'post4437828096')"><pre>        query.insert_values(fields, objs, raw=raw)</pre></li>
E                         
E                         </ol>
E                       
E                       <ol start="1868" class="context-line">
E                         <li onclick="toggle('pre4437828096', 'post4437828096')"><pre>        return query.get_compiler(using=using).execute_sql(returning_fields)
E                              ^^^^^^^^^^^^^^^^^^^^^^^^^^^^^^^^^^^^^^^^^^^^^^^^^^^^^^^^^^^^^</pre> <span>…</span></li>
E                       </ol>
E                       
E                         <ol start='1869' class="post-context" id="post4437828096">
E                           
E                           <li onclick="toggle('pre4437828096', 'post4437828096')"><pre></pre></li>
E                           
E                           <li onclick="toggle('pre4437828096', 'post4437828096')"><pre>    _insert.alters_data = True</pre></li>
E                           
E                           <li onclick="toggle('pre4437828096', 'post4437828096')"><pre>    _insert.queryset_only = False</pre></li>
E                           
E                           <li onclick="toggle('pre4437828096', 'post4437828096')"><pre></pre></li>
E                           
E                           <li onclick="toggle('pre4437828096', 'post4437828096')"><pre>    def _batched_insert(</pre></li>
E                           
E                           <li onclick="toggle('pre4437828096', 'post4437828096')"><pre>        self,</pre></li>
E                           
E                       </ol>
E                       
E                     </div>
E                   
E         
E                   
E                     
E                       <details>
E                         <summary class="commands">Local vars</summary>
E                     
E                     <table class="vars" id="v4437828096">
E                       <thead>
E                         <tr>
E                           <th scope="col">Variable</th>
E                           <th scope="col">Value</th>
E                         </tr>
E                       </thead>
E                       <tbody>
E                         
E                           <tr>
E                             <td>fields</td>
E                             <td class="code"><pre>[&lt;django.db.models.fields.related.ForeignKey: user&gt;,
E          &lt;django.db.models.fields.GenericIPAddressField: ip_address&gt;,
E          &lt;django.db.models.fields.TextField: user_agent&gt;,
E          &lt;django.db.models.fields.CharField: event_type&gt;,
E          &lt;django.db.models.fields.CharField: status&gt;,
E          &lt;django.db.models.fields.DateTimeField: timestamp&gt;,
E          &lt;django.db.models.fields.CharField: geo_country&gt;,
E          &lt;django.db.models.fields.CharField: geo_city&gt;,
E          &lt;django.db.models.fields.CharField: location&gt;,
E          &lt;django.db.models.fields.PositiveSmallIntegerField: risk_score&gt;,
E          &lt;django.db.models.fields.json.JSONField: metadata&gt;]</pre></td>
E                           </tr>
E                         
E                           <tr>
E                             <td>objs</td>
E                             <td class="code"><pre>[&lt;AuditLog: [2025-07-14 11:43:13.665270+00:00] testuser_ct069k (Client) - login (success)&gt;]</pre></td>
E                           </tr>
E                         
E                           <tr>
E                             <td>on_conflict</td>
E                             <td class="code"><pre>None</pre></td>
E                           </tr>
E                         
E                           <tr>
E                             <td>query</td>
E                             <td class="code"><pre>&lt;django.db.models.sql.subqueries.InsertQuery object at 0x10813add0&gt;</pre></td>
E                           </tr>
E                         
E                           <tr>
E                             <td>raw</td>
E                             <td class="code"><pre>False</pre></td>
E                           </tr>
E                         
E                           <tr>
E                             <td>returning_fields</td>
E                             <td class="code"><pre>[&lt;django.db.models.fields.BigAutoField: id&gt;]</pre></td>
E                           </tr>
E                         
E                           <tr>
E                             <td>self</td>
E                             <td class="code"><pre>&lt;QuerySet [&lt;AuditLog: [2025-07-14 11:20:26.143987+00:00] None - login (failure)&gt;, &lt;AuditLog: [2025-07-14 11:20:26.172163+00:00] None - login (failure)&gt;, &lt;AuditLog: [2025-07-14 11:20:26.440678+00:00] None - login (failure)&gt;, &lt;AuditLog: [2025-07-14 11:20:26.472641+00:00] None - login (failure)&gt;, &lt;AuditLog: [2025-07-14 11:20:42.818165+00:00] None - login (failure)&gt;, &lt;AuditLog: [2025-07-14 11:20:42.834927+00:00] None - login (failure)&gt;, &lt;AuditLog: [2025-07-14 11:20:42.840926+00:00] None - login (failure)&gt;, &lt;AuditLog: [2025-07-14 11:20:42.849907+00:00] None - login (failure)&gt;, &lt;AuditLog: [2025-07-14 11:20:42.855760+00:00] None - login (failure)&gt;, &lt;AuditLog: [2025-07-14 11:20:42.866003+00:00] None - login (failure)&gt;, &lt;AuditLog: [2025-07-14 11:20:42.871786+00:00] None - login (failure)&gt;, &lt;AuditLog: [2025-07-14 11:20:42.878738+00:00] None - login (failure)&gt;, &lt;AuditLog: [2025-07-14 11:20:42.887097+00:00] None - login (failure)&gt;, &lt;AuditLog: [2025-07-14 11:20:42.933562+00:00] None - login (failure)&gt;, &lt;AuditLog: [2025-07-14 11:20:42.948908+00:00] None - login (failure)&gt;, &lt;AuditLog: [2025-07-14 11:20:42.955057+00:00] None - login (failure)&gt;, &lt;AuditLog: [2025-07-14 11:20:43.030569+00:00] None - login (failure)&gt;, &lt;AuditLog: [2025-07-14 11:20:43.035801+00:00] None - login (failure)&gt;, &lt;AuditLog: [2025-07-14 11:20:43.041067+00:00] None - login (failure)&gt;, &lt;AuditLog: [2025-07-14 11:20:43.057293+00:00] None - login (failure)&gt;, &#x27;...(remaining elements truncated)...&#x27;]&gt;</pre></td>
E                           </tr>
E                         
E                           <tr>
E                             <td>unique_fields</td>
E                             <td class="code"><pre>None</pre></td>
E                           </tr>
E                         
E                           <tr>
E                             <td>update_fields</td>
E                             <td class="code"><pre>None</pre></td>
E                           </tr>
E                         
E                           <tr>
E                             <td>using</td>
E                             <td class="code"><pre>&#x27;default&#x27;</pre></td>
E                           </tr>
E                         
E                       </tbody>
E                     </table>
E                     </details>
E                   
E                 </li>
E               
E                 
E                 <li class="frame django">
E                   
E                     <code class="fname">/Users/mohamedbechirdiarra/Downloads/prototypeGamma/Backend/venv/lib/python3.13/site-packages/django/db/models/sql/compiler.py</code>, line 1894, in execute_sql
E                   
E         
E                   
E                     <div class="context" id="c4437670336">
E                       
E                         <ol start="1887" class="pre-context" id="pre4437670336">
E                         
E                           <li onclick="toggle('pre4437670336', 'post4437670336')"><pre>                and len(self.query.objs) &gt; 1</pre></li>
E                         
E                           <li onclick="toggle('pre4437670336', 'post4437670336')"><pre>            ):</pre></li>
E                         
E                           <li onclick="toggle('pre4437670336', 'post4437670336')"><pre>                rows = self.connection.ops.fetch_returned_insert_rows(cursor)</pre></li>
E                         
E                           <li onclick="toggle('pre4437670336', 'post4437670336')"><pre>                cols = [field.get_col(opts.db_table) for field in self.returning_fields]</pre></li>
E                         
E                           <li onclick="toggle('pre4437670336', 'post4437670336')"><pre>            elif self.connection.features.can_return_columns_from_insert:</pre></li>
E                         
E                           <li onclick="toggle('pre4437670336', 'post4437670336')"><pre>                assert len(self.query.objs) == 1</pre></li>
E                         
E                           <li onclick="toggle('pre4437670336', 'post4437670336')"><pre>                rows = [</pre></li>
E                         
E                         </ol>
E                       
E                       <ol start="1894" class="context-line">
E                         <li onclick="toggle('pre4437670336', 'post4437670336')"><pre>                    self.connection.ops.fetch_returned_insert_columns(
E                                   ^</pre> <span>…</span></li>
E                       </ol>
E                       
E                         <ol start='1895' class="post-context" id="post4437670336">
E                           
E                           <li onclick="toggle('pre4437670336', 'post4437670336')"><pre>                        cursor,</pre></li>
E                           
E                           <li onclick="toggle('pre4437670336', 'post4437670336')"><pre>                        self.returning_params,</pre></li>
E                           
E                           <li onclick="toggle('pre4437670336', 'post4437670336')"><pre>                    )</pre></li>
E                           
E                           <li onclick="toggle('pre4437670336', 'post4437670336')"><pre>                ]</pre></li>
E                           
E                           <li onclick="toggle('pre4437670336', 'post4437670336')"><pre>                cols = [field.get_col(opts.db_table) for field in self.returning_fields]</pre></li>
E                           
E                           <li onclick="toggle('pre4437670336', 'post4437670336')"><pre>            elif returning_fields and isinstance(</pre></li>
E                           
E                       </ol>
E                       
E                     </div>
E                   
E         
E                   
E                     
E                       <details>
E                         <summary class="commands">Local vars</summary>
E                     
E                     <table class="vars" id="v4437670336">
E                       <thead>
E                         <tr>
E                           <th scope="col">Variable</th>
E                           <th scope="col">Value</th>
E                         </tr>
E                       </thead>
E                       <tbody>
E                         
E                           <tr>
E                             <td>cols</td>
E                             <td class="code"><pre>[]</pre></td>
E                           </tr>
E                         
E                           <tr>
E                             <td>cursor</td>
E                             <td class="code"><pre>&lt;django.db.backends.utils.CursorDebugWrapper object at 0x1088b43b0&gt;</pre></td>
E                           </tr>
E                         
E                           <tr>
E                             <td>opts</td>
E                             <td class="code"><pre>&lt;Options for AuditLog&gt;</pre></td>
E                           </tr>
E                         
E                           <tr>
E                             <td>params</td>
E                             <td class="code"><pre>(65,
E          &#x27;127.0.0.1&#x27;,
E          &#x27;python-requests/2.32.4&#x27;,
E          &#x27;login&#x27;,
E          &#x27;success&#x27;,
E          &#x27;2025-07-14 11:43:13.665270&#x27;,
E          &#x27;&#x27;,
E          &#x27;&#x27;,
E          None,
E          0,
E          &#x27;{}&#x27;)</pre></td>
E                           </tr>
E                         
E                           <tr>
E                             <td>returning_fields</td>
E                             <td class="code"><pre>[&lt;django.db.models.fields.BigAutoField: id&gt;]</pre></td>
E                           </tr>
E                         
E                           <tr>
E                             <td>self</td>
E                             <td class="code"><pre>&lt;SQLInsertCompiler model=AuditLog connection=&lt;DatabaseWrapper vendor=&#x27;sqlite&#x27; alias=&#x27;default&#x27;&gt; using=&#x27;default&#x27;&gt;</pre></td>
E                           </tr>
E                         
E                           <tr>
E                             <td>sql</td>
E                             <td class="code"><pre>(&#x27;INSERT INTO &quot;users_auditlog&quot; (&quot;user_id&quot;, &quot;ip_address&quot;, &quot;user_agent&quot;, &#x27;
E          &#x27;&quot;event_type&quot;, &quot;status&quot;, &quot;timestamp&quot;, &quot;geo_country&quot;, &quot;geo_city&quot;, &quot;location&quot;, &#x27;
E          &#x27;&quot;risk_score&quot;, &quot;metadata&quot;) VALUES (%s, %s, %s, %s, %s, %s, %s, %s, %s, %s, &#x27;
E          &#x27;%s) RETURNING &quot;users_auditlog&quot;.&quot;id&quot;&#x27;)</pre></td>
E                           </tr>
E                         
E                       </tbody>
E                     </table>
E                     </details>
E                   
E                 </li>
E               
E                 
E                 <li class="frame django">
E                   
E                     <code class="fname">/Users/mohamedbechirdiarra/Downloads/prototypeGamma/Backend/venv/lib/python3.13/site-packages/django/db/backends/base/operations.py</code>, line 215, in fetch_returned_insert_columns
E                   
E         
E                   
E                     <div class="context" id="c4437627776">
E                       
E                         <ol start="208" class="pre-context" id="pre4437627776">
E                         
E                           <li onclick="toggle('pre4437627776', 'post4437627776')"><pre>            return [&quot;DISTINCT&quot;], []</pre></li>
E                         
E                           <li onclick="toggle('pre4437627776', 'post4437627776')"><pre></pre></li>
E                         
E                           <li onclick="toggle('pre4437627776', 'post4437627776')"><pre>    def fetch_returned_insert_columns(self, cursor, returning_params):</pre></li>
E                         
E                           <li onclick="toggle('pre4437627776', 'post4437627776')"><pre>        &quot;&quot;&quot;</pre></li>
E                         
E                           <li onclick="toggle('pre4437627776', 'post4437627776')"><pre>        Given a cursor object that has just performed an INSERT...RETURNING</pre></li>
E                         
E                           <li onclick="toggle('pre4437627776', 'post4437627776')"><pre>        statement into a table, return the newly created data.</pre></li>
E                         
E                           <li onclick="toggle('pre4437627776', 'post4437627776')"><pre>        &quot;&quot;&quot;</pre></li>
E                         
E                         </ol>
E                       
E                       <ol start="215" class="context-line">
E                         <li onclick="toggle('pre4437627776', 'post4437627776')"><pre>        return cursor.fetchone()
E                             ^^^^^^^^^^^^^^^^^</pre> <span>…</span></li>
E                       </ol>
E                       
E                         <ol start='216' class="post-context" id="post4437627776">
E                           
E                           <li onclick="toggle('pre4437627776', 'post4437627776')"><pre></pre></li>
E                           
E                           <li onclick="toggle('pre4437627776', 'post4437627776')"><pre>    def field_cast_sql(self, db_type, internal_type):</pre></li>
E                           
E                           <li onclick="toggle('pre4437627776', 'post4437627776')"><pre>        &quot;&quot;&quot;</pre></li>
E                           
E                           <li onclick="toggle('pre4437627776', 'post4437627776')"><pre>        Given a column type (e.g. &#x27;BLOB&#x27;, &#x27;VARCHAR&#x27;) and an internal type</pre></li>
E                           
E                           <li onclick="toggle('pre4437627776', 'post4437627776')"><pre>        (e.g. &#x27;GenericIPAddressField&#x27;), return the SQL to cast it before using</pre></li>
E                           
E                           <li onclick="toggle('pre4437627776', 'post4437627776')"><pre>        it in a WHERE statement. The resulting string should contain a &#x27;%s&#x27;</pre></li>
E                           
E                       </ol>
E                       
E                     </div>
E                   
E         
E                   
E                     
E                       <details>
E                         <summary class="commands">Local vars</summary>
E                     
E                     <table class="vars" id="v4437627776">
E                       <thead>
E                         <tr>
E                           <th scope="col">Variable</th>
E                           <th scope="col">Value</th>
E                         </tr>
E                       </thead>
E                       <tbody>
E                         
E                           <tr>
E                             <td>cursor</td>
E                             <td class="code"><pre>&lt;django.db.backends.utils.CursorDebugWrapper object at 0x1088b43b0&gt;</pre></td>
E                           </tr>
E                         
E                           <tr>
E                             <td>returning_params</td>
E                             <td class="code"><pre>()</pre></td>
E                           </tr>
E                         
E                           <tr>
E                             <td>self</td>
E                             <td class="code"><pre>&lt;django.db.backends.sqlite3.operations.DatabaseOperations object at 0x1088b59d0&gt;</pre></td>
E                           </tr>
E                         
E                       </tbody>
E                     </table>
E                     </details>
E                   
E                 </li>
E               
E                 
E                 <li class="frame django">
E                   
E                     <code class="fname">/Users/mohamedbechirdiarra/Downloads/prototypeGamma/Backend/venv/lib/python3.13/site-packages/django/db/utils.py</code>, line 97, in inner
E                   
E         
E                   
E                     <div class="context" id="c4437833024">
E                       
E                         <ol start="90" class="pre-context" id="pre4437833024">
E                         
E                           <li onclick="toggle('pre4437833024', 'post4437833024')"><pre>                    self.wrapper.errors_occurred = True</pre></li>
E                         
E                           <li onclick="toggle('pre4437833024', 'post4437833024')"><pre>                raise dj_exc_value.with_traceback(traceback) from exc_value</pre></li>
E                         
E                           <li onclick="toggle('pre4437833024', 'post4437833024')"><pre></pre></li>
E                         
E                           <li onclick="toggle('pre4437833024', 'post4437833024')"><pre>    def __call__(self, func):</pre></li>
E                         
E                           <li onclick="toggle('pre4437833024', 'post4437833024')"><pre>        # Note that we are intentionally not using @wraps here for performance</pre></li>
E                         
E                           <li onclick="toggle('pre4437833024', 'post4437833024')"><pre>        # reasons. Refs #21109.</pre></li>
E                         
E                           <li onclick="toggle('pre4437833024', 'post4437833024')"><pre>        def inner(*args, **kwargs):</pre></li>
E                         
E                         </ol>
E                       
E                       <ol start="97" class="context-line">
E                         <li onclick="toggle('pre4437833024', 'post4437833024')"><pre>            with self:
E                              ^^^^</pre> <span>…</span></li>
E                       </ol>
E                       
E                         <ol start='98' class="post-context" id="post4437833024">
E                           
E                           <li onclick="toggle('pre4437833024', 'post4437833024')"><pre>                return func(*args, **kwargs)</pre></li>
E                           
E                           <li onclick="toggle('pre4437833024', 'post4437833024')"><pre></pre></li>
E                           
E                           <li onclick="toggle('pre4437833024', 'post4437833024')"><pre>        return inner</pre></li>
E                           
E                           <li onclick="toggle('pre4437833024', 'post4437833024')"><pre></pre></li>
E                           
E                           <li onclick="toggle('pre4437833024', 'post4437833024')"><pre></pre></li>
E                           
E                           <li onclick="toggle('pre4437833024', 'post4437833024')"><pre>def load_backend(backend_name):</pre></li>
E                           
E                       </ol>
E                       
E                     </div>
E                   
E         
E                   
E                     
E                       <details>
E                         <summary class="commands">Local vars</summary>
E                     
E                     <table class="vars" id="v4437833024">
E                       <thead>
E                         <tr>
E                           <th scope="col">Variable</th>
E                           <th scope="col">Value</th>
E                         </tr>
E                       </thead>
E                       <tbody>
E                         
E                           <tr>
E                             <td>args</td>
E                             <td class="code"><pre>()</pre></td>
E                           </tr>
E                         
E                           <tr>
E                             <td>func</td>
E                             <td class="code"><pre>&lt;built-in method fetchone of SQLiteCursorWrapper object at 0x108446840&gt;</pre></td>
E                           </tr>
E                         
E                           <tr>
E                             <td>kwargs</td>
E                             <td class="code"><pre>{}</pre></td>
E                           </tr>
E                         
E                           <tr>
E                             <td>self</td>
E                             <td class="code"><pre>&lt;django.db.utils.DatabaseErrorWrapper object at 0x1088794f0&gt;</pre></td>
E                           </tr>
E                         
E                       </tbody>
E                     </table>
E                     </details>
E                   
E                 </li>
E               
E                 
E                 <li class="frame django">
E                   
E                     <code class="fname">/Users/mohamedbechirdiarra/Downloads/prototypeGamma/Backend/venv/lib/python3.13/site-packages/django/db/utils.py</code>, line 91, in __exit__
E                   
E         
E                   
E                     <div class="context" id="c4437821504">
E                       
E                         <ol start="84" class="pre-context" id="pre4437821504">
E                         
E                           <li onclick="toggle('pre4437821504', 'post4437821504')"><pre>            db_exc_type = getattr(self.wrapper.Database, dj_exc_type.__name__)</pre></li>
E                         
E                           <li onclick="toggle('pre4437821504', 'post4437821504')"><pre>            if issubclass(exc_type, db_exc_type):</pre></li>
E                         
E                           <li onclick="toggle('pre4437821504', 'post4437821504')"><pre>                dj_exc_value = dj_exc_type(*exc_value.args)</pre></li>
E                         
E                           <li onclick="toggle('pre4437821504', 'post4437821504')"><pre>                # Only set the &#x27;errors_occurred&#x27; flag for errors that may make</pre></li>
E                         
E                           <li onclick="toggle('pre4437821504', 'post4437821504')"><pre>                # the connection unusable.</pre></li>
E                         
E                           <li onclick="toggle('pre4437821504', 'post4437821504')"><pre>                if dj_exc_type not in (DataError, IntegrityError):</pre></li>
E                         
E                           <li onclick="toggle('pre4437821504', 'post4437821504')"><pre>                    self.wrapper.errors_occurred = True</pre></li>
E                         
E                         </ol>
E                       
E                       <ol start="91" class="context-line">
E                         <li onclick="toggle('pre4437821504', 'post4437821504')"><pre>                raise dj_exc_value.with_traceback(traceback) from exc_value
E                             ^^^^^^^^^^^^^^^^^^^^^^^^^^^^^^^^^^^^^^^^^^^^^^^^^^^^^^^^^^^</pre> <span>…</span></li>
E                       </ol>
E                       
E                         <ol start='92' class="post-context" id="post4437821504">
E                           
E                           <li onclick="toggle('pre4437821504', 'post4437821504')"><pre></pre></li>
E                           
E                           <li onclick="toggle('pre4437821504', 'post4437821504')"><pre>    def __call__(self, func):</pre></li>
E                           
E                           <li onclick="toggle('pre4437821504', 'post4437821504')"><pre>        # Note that we are intentionally not using @wraps here for performance</pre></li>
E                           
E                           <li onclick="toggle('pre4437821504', 'post4437821504')"><pre>        # reasons. Refs #21109.</pre></li>
E                           
E                           <li onclick="toggle('pre4437821504', 'post4437821504')"><pre>        def inner(*args, **kwargs):</pre></li>
E                           
E                           <li onclick="toggle('pre4437821504', 'post4437821504')"><pre>            with self:</pre></li>
E                           
E                       </ol>
E                       
E                     </div>
E                   
E         
E                   
E                     
E                       <details>
E                         <summary class="commands">Local vars</summary>
E                     
E                     <table class="vars" id="v4437821504">
E                       <thead>
E                         <tr>
E                           <th scope="col">Variable</th>
E                           <th scope="col">Value</th>
E                         </tr>
E                       </thead>
E                       <tbody>
E                         
E                           <tr>
E                             <td>db_exc_type</td>
E                             <td class="code"><pre>&lt;class &#x27;sqlite3.IntegrityError&#x27;&gt;</pre></td>
E                           </tr>
E                         
E                           <tr>
E                             <td>dj_exc_type</td>
E                             <td class="code"><pre>&lt;class &#x27;django.db.utils.IntegrityError&#x27;&gt;</pre></td>
E                           </tr>
E                         
E                           <tr>
E                             <td>dj_exc_value</td>
E                             <td class="code"><pre>IntegrityError(&#x27;FOREIGN KEY constraint failed&#x27;)</pre></td>
E                           </tr>
E                         
E                           <tr>
E                             <td>exc_type</td>
E                             <td class="code"><pre>&lt;class &#x27;sqlite3.IntegrityError&#x27;&gt;</pre></td>
E                           </tr>
E                         
E                           <tr>
E                             <td>exc_value</td>
E                             <td class="code"><pre>IntegrityError(&#x27;FOREIGN KEY constraint failed&#x27;)</pre></td>
E                           </tr>
E                         
E                           <tr>
E                             <td>self</td>
E                             <td class="code"><pre>&lt;django.db.utils.DatabaseErrorWrapper object at 0x1088794f0&gt;</pre></td>
E                           </tr>
E                         
E                           <tr>
E                             <td>traceback</td>
E                             <td class="code"><pre>&lt;traceback object at 0x10872fe40&gt;</pre></td>
E                           </tr>
E                         
E                       </tbody>
E                     </table>
E                     </details>
E                   
E                 </li>
E               
E                 
E                 <li class="frame django">
E                   
E                     <code class="fname">/Users/mohamedbechirdiarra/Downloads/prototypeGamma/Backend/venv/lib/python3.13/site-packages/django/db/utils.py</code>, line 98, in inner
E                   
E         
E                   
E                     <div class="context" id="c4436721216">
E                       
E                         <ol start="91" class="pre-context" id="pre4436721216">
E                         
E                           <li onclick="toggle('pre4436721216', 'post4436721216')"><pre>                raise dj_exc_value.with_traceback(traceback) from exc_value</pre></li>
E                         
E                           <li onclick="toggle('pre4436721216', 'post4436721216')"><pre></pre></li>
E                         
E                           <li onclick="toggle('pre4436721216', 'post4436721216')"><pre>    def __call__(self, func):</pre></li>
E                         
E                           <li onclick="toggle('pre4436721216', 'post4436721216')"><pre>        # Note that we are intentionally not using @wraps here for performance</pre></li>
E                         
E                           <li onclick="toggle('pre4436721216', 'post4436721216')"><pre>        # reasons. Refs #21109.</pre></li>
E                         
E                           <li onclick="toggle('pre4436721216', 'post4436721216')"><pre>        def inner(*args, **kwargs):</pre></li>
E                         
E                           <li onclick="toggle('pre4436721216', 'post4436721216')"><pre>            with self:</pre></li>
E                         
E                         </ol>
E                       
E                       <ol start="98" class="context-line">
E                         <li onclick="toggle('pre4436721216', 'post4436721216')"><pre>                return func(*args, **kwargs)
E                                    ^^^^^^^^^^^^^^^^^^^^^</pre> <span>…</span></li>
E                       </ol>
E                       
E                         <ol start='99' class="post-context" id="post4436721216">
E                           
E                           <li onclick="toggle('pre4436721216', 'post4436721216')"><pre></pre></li>
E                           
E                           <li onclick="toggle('pre4436721216', 'post4436721216')"><pre>        return inner</pre></li>
E                           
E                           <li onclick="toggle('pre4436721216', 'post4436721216')"><pre></pre></li>
E                           
E                           <li onclick="toggle('pre4436721216', 'post4436721216')"><pre></pre></li>
E                           
E                           <li onclick="toggle('pre4436721216', 'post4436721216')"><pre>def load_backend(backend_name):</pre></li>
E                           
E                           <li onclick="toggle('pre4436721216', 'post4436721216')"><pre>    &quot;&quot;&quot;</pre></li>
E                           
E                       </ol>
E                       
E                     </div>
E                   
E         
E                   
E                     
E                       <details>
E                         <summary class="commands">Local vars</summary>
E                     
E                     <table class="vars" id="v4436721216">
E                       <thead>
E                         <tr>
E                           <th scope="col">Variable</th>
E                           <th scope="col">Value</th>
E                         </tr>
E                       </thead>
E                       <tbody>
E                         
E                           <tr>
E                             <td>args</td>
E                             <td class="code"><pre>()</pre></td>
E                           </tr>
E                         
E                           <tr>
E                             <td>func</td>
E                             <td class="code"><pre>&lt;built-in method fetchone of SQLiteCursorWrapper object at 0x108446840&gt;</pre></td>
E                           </tr>
E                         
E                           <tr>
E                             <td>kwargs</td>
E                             <td class="code"><pre>{}</pre></td>
E                           </tr>
E                         
E                           <tr>
E                             <td>self</td>
E                             <td class="code"><pre>&lt;django.db.utils.DatabaseErrorWrapper object at 0x1088794f0&gt;</pre></td>
E                           </tr>
E                         
E                       </tbody>
E                     </table>
E                     </details>
E                   
E                 </li>
E               
E             </ul>
E           </div>
E         
E           <form action="https://dpaste.com/" name="pasteform" id="pasteform" method="post">
E           <div id="pastebinTraceback" class="pastebin">
E             <input type="hidden" name="language" value="PythonConsole">
E             <input type="hidden" name="title"
E               value="IntegrityError at /users/login/">
E             <input type="hidden" name="source" value="Django Dpaste Agent">
E             <input type="hidden" name="poster" value="Django">
E             <textarea name="content" id="traceback_area" cols="140" rows="25">
E         Environment:
E         
E         
E         Request Method: POST
E         Request URL: http://127.0.0.1:8000/users/login/
E         
E         Django Version: 5.2.4
E         Python Version: 3.13.5
E         Installed Applications:
E         [&#x27;django.contrib.admin&#x27;,
E          &#x27;django.contrib.auth&#x27;,
E          &#x27;django.contrib.contenttypes&#x27;,
E          &#x27;django.contrib.sessions&#x27;,
E          &#x27;django.contrib.messages&#x27;,
E          &#x27;django.contrib.staticfiles&#x27;,
E          &#x27;rest_framework&#x27;,
E          &#x27;corsheaders&#x27;,
E          &#x27;users&#x27;,
E          &#x27;depannage&#x27;,
E          &#x27;rest_framework_simplejwt&#x27;,
E          &#x27;rest_framework_simplejwt.token_blacklist&#x27;,
E          &#x27;channels&#x27;]
E         Installed Middleware:
E         [&#x27;corsheaders.middleware.CorsMiddleware&#x27;,
E          &#x27;django.middleware.security.SecurityMiddleware&#x27;,
E          &#x27;django.contrib.sessions.middleware.SessionMiddleware&#x27;,
E          &#x27;django.middleware.common.CommonMiddleware&#x27;,
E          &#x27;django.middleware.csrf.CsrfViewMiddleware&#x27;,
E          &#x27;django.contrib.auth.middleware.AuthenticationMiddleware&#x27;,
E          &#x27;django.contrib.messages.middleware.MessageMiddleware&#x27;,
E          &#x27;django.middleware.clickjacking.XFrameOptionsMiddleware&#x27;,
E          &#x27;auth.middleware.JWTSecurityMiddleware&#x27;,
E          &#x27;auth.middleware.TokenValidationMiddleware&#x27;]
E         
E         
E         
E         Traceback (most recent call last):
E           File "/Users/mohamedbechirdiarra/Downloads/prototypeGamma/Backend/venv/lib/python3.13/site-packages/django/db/utils.py", line 98, in inner
E             return func(*args, **kwargs)
E                    ^^^^^^^^^^^^^^^^^^^^^
E         
E         The above exception (FOREIGN KEY constraint failed) was the direct cause of the following exception:
E           File "/Users/mohamedbechirdiarra/Downloads/prototypeGamma/Backend/venv/lib/python3.13/site-packages/django/core/handlers/exception.py", line 42, in inner
E             response = await get_response(request)
E                        ^^^^^^^^^^^^^^^^^^^^^^^^^^^
E           File "/Users/mohamedbechirdiarra/Downloads/prototypeGamma/Backend/venv/lib/python3.13/site-packages/django/core/handlers/base.py", line 253, in _get_response_async
E             response = await wrapped_callback(
E                        
E           File "/Users/mohamedbechirdiarra/Downloads/prototypeGamma/Backend/venv/lib/python3.13/site-packages/django/views/decorators/csrf.py", line 65, in _view_wrapper
E             return view_func(request, *args, **kwargs)
E                    ^^^^^^^^^^^^^^^^^^^^^^^^^^^^^^^^^^^
E           File "/Users/mohamedbechirdiarra/Downloads/prototypeGamma/Backend/venv/lib/python3.13/site-packages/rest_framework/viewsets.py", line 125, in view
E             return self.dispatch(request, *args, **kwargs)
E                    ^^^^^^^^^^^^^^^^^^^^^^^^^^^^^^^^^^^^^^^
E           File "/Users/mohamedbechirdiarra/Downloads/prototypeGamma/Backend/users/views.py", line 641, in dispatch
E             return super().dispatch(request, *args, **kwargs)
E                    ^^^^^^^^^^^^^^^^^^^^^^^^^^^^^^^^^^^^^^^^^^
E           File "/Users/mohamedbechirdiarra/Downloads/prototypeGamma/Backend/venv/lib/python3.13/site-packages/rest_framework/views.py", line 515, in dispatch
E             response = self.handle_exception(exc)
E                        ^^^^^^^^^^^^^^^^^^^^^^^^^^
E           File "/Users/mohamedbechirdiarra/Downloads/prototypeGamma/Backend/venv/lib/python3.13/site-packages/rest_framework/views.py", line 475, in handle_exception
E             self.raise_uncaught_exception(exc)
E             ^^^^^^^^^^^^^^^^^^^^^^^^^^^^^^^^^^
E           File "/Users/mohamedbechirdiarra/Downloads/prototypeGamma/Backend/venv/lib/python3.13/site-packages/rest_framework/views.py", line 486, in raise_uncaught_exception
E             raise exc
E             ^^^^^^^^^
E           File "/Users/mohamedbechirdiarra/Downloads/prototypeGamma/Backend/venv/lib/python3.13/site-packages/rest_framework/views.py", line 512, in dispatch
E             response = handler(request, *args, **kwargs)
E                        ^^^^^^^^^^^^^^^^^^^^^^^^^^^^^^^^^
E           File "/Users/mohamedbechirdiarra/Downloads/prototypeGamma/Backend/users/views.py", line 382, in login
E             log_event(request, &#x27;login&#x27;, &#x27;success&#x27;, risk_score=risk_score, metadata={}, user=user)
E             ^^^^^^^^^^^^^^^^^^^^^^^^^^^^^^^^^^^^^^^^^^^^^^^^^^^^^^^^^^^^^^^^^^^^^^^^^^^^^^^^^^^^^
E           File "/Users/mohamedbechirdiarra/Downloads/prototypeGamma/Backend/users/utils.py", line 14, in log_event
E             AuditLog.objects.create(
E             ^
E           File "/Users/mohamedbechirdiarra/Downloads/prototypeGamma/Backend/venv/lib/python3.13/site-packages/django/db/models/manager.py", line 87, in manager_method
E             return getattr(self.get_queryset(), name)(*args, **kwargs)
E                    ^^^^^^^^^^^^^^^^^^^^^^^^^^^^^^^^^^^^^^^^^^^^^^^^^^^
E           File "/Users/mohamedbechirdiarra/Downloads/prototypeGamma/Backend/venv/lib/python3.13/site-packages/django/db/models/query.py", line 663, in create
E             obj.save(force_insert=True, using=self.db)
E             ^^^^^^^^^^^^^^^^^^^^^^^^^^^^^^^^^^^^^^^^^^
E           File "/Users/mohamedbechirdiarra/Downloads/prototypeGamma/Backend/venv/lib/python3.13/site-packages/django/db/models/base.py", line 902, in save
E             self.save_base(
E             ^
E           File "/Users/mohamedbechirdiarra/Downloads/prototypeGamma/Backend/venv/lib/python3.13/site-packages/django/db/models/base.py", line 1008, in save_base
E             updated = self._save_table(
E                       
E           File "/Users/mohamedbechirdiarra/Downloads/prototypeGamma/Backend/venv/lib/python3.13/site-packages/django/db/models/base.py", line 1169, in _save_table
E             results = self._do_insert(
E                       
E           File "/Users/mohamedbechirdiarra/Downloads/prototypeGamma/Backend/venv/lib/python3.13/site-packages/django/db/models/base.py", line 1210, in _do_insert
E             return manager._insert(
E                    
E           File "/Users/mohamedbechirdiarra/Downloads/prototypeGamma/Backend/venv/lib/python3.13/site-packages/django/db/models/manager.py", line 87, in manager_method
E             return getattr(self.get_queryset(), name)(*args, **kwargs)
E                    ^^^^^^^^^^^^^^^^^^^^^^^^^^^^^^^^^^^^^^^^^^^^^^^^^^^
E           File "/Users/mohamedbechirdiarra/Downloads/prototypeGamma/Backend/venv/lib/python3.13/site-packages/django/db/models/query.py", line 1868, in _insert
E             return query.get_compiler(using=using).execute_sql(returning_fields)
E                    ^^^^^^^^^^^^^^^^^^^^^^^^^^^^^^^^^^^^^^^^^^^^^^^^^^^^^^^^^^^^^
E           File "/Users/mohamedbechirdiarra/Downloads/prototypeGamma/Backend/venv/lib/python3.13/site-packages/django/db/models/sql/compiler.py", line 1894, in execute_sql
E             self.connection.ops.fetch_returned_insert_columns(
E             ^
E           File "/Users/mohamedbechirdiarra/Downloads/prototypeGamma/Backend/venv/lib/python3.13/site-packages/django/db/backends/base/operations.py", line 215, in fetch_returned_insert_columns
E             return cursor.fetchone()
E                    ^^^^^^^^^^^^^^^^^
E           File "/Users/mohamedbechirdiarra/Downloads/prototypeGamma/Backend/venv/lib/python3.13/site-packages/django/db/utils.py", line 97, in inner
E             with self:
E                  ^^^^
E           File "/Users/mohamedbechirdiarra/Downloads/prototypeGamma/Backend/venv/lib/python3.13/site-packages/django/db/utils.py", line 91, in __exit__
E             raise dj_exc_value.with_traceback(traceback) from exc_value
E             ^^^^^^^^^^^^^^^^^^^^^^^^^^^^^^^^^^^^^^^^^^^^^^^^^^^^^^^^^^^
E           File "/Users/mohamedbechirdiarra/Downloads/prototypeGamma/Backend/venv/lib/python3.13/site-packages/django/db/utils.py", line 98, in inner
E             return func(*args, **kwargs)
E                    ^^^^^^^^^^^^^^^^^^^^^
E         
E         Exception Type: IntegrityError at /users/login/
E         Exception Value: FOREIGN KEY constraint failed
E         </textarea>
E           <br><br>
E           <input type="submit" value="Share this traceback on a public website">
E           </div>
E         </form>
E         
E         </div>
E         
E         
E         <div id="requestinfo">
E           <h2>Request information</h2>
E         
E         
E           
E             <h3 id="user-info">USER</h3>
E             <p>AnonymousUser</p>
E           
E         
E           <h3 id="get-info">GET</h3>
E           
E             <p>No GET data</p>
E           
E         
E           <h3 id="post-info">POST</h3>
E           
E             <p>No POST data</p>
E           
E         
E           <h3 id="files-info">FILES</h3>
E           
E             <p>No FILES data</p>
E           
E         
E           <h3 id="cookie-info">COOKIES</h3>
E           
E             <p>No cookie data</p>
E           
E         
E           <h3 id="meta-info">META</h3>
E           <table class="req">
E             <thead>
E               <tr>
E                 <th scope="col">Variable</th>
E                 <th scope="col">Value</th>
E               </tr>
E             </thead>
E             <tbody>
E               
E                 <tr>
E                   <td>CONTENT_LENGTH</td>
E                   <td class="code"><pre>&#x27;69&#x27;</pre></td>
E                 </tr>
E               
E                 <tr>
E                   <td>CONTENT_TYPE</td>
E                   <td class="code"><pre>&#x27;application/json&#x27;</pre></td>
E                 </tr>
E               
E                 <tr>
E                   <td>HTTP_ACCEPT</td>
E                   <td class="code"><pre>&#x27;*/*&#x27;</pre></td>
E                 </tr>
E               
E                 <tr>
E                   <td>HTTP_ACCEPT_ENCODING</td>
E                   <td class="code"><pre>&#x27;gzip, deflate&#x27;</pre></td>
E                 </tr>
E               
E                 <tr>
E                   <td>HTTP_CONNECTION</td>
E                   <td class="code"><pre>&#x27;keep-alive&#x27;</pre></td>
E                 </tr>
E               
E                 <tr>
E                   <td>HTTP_HOST</td>
E                   <td class="code"><pre>&#x27;127.0.0.1:8000&#x27;</pre></td>
E                 </tr>
E               
E                 <tr>
E                   <td>HTTP_USER_AGENT</td>
E                   <td class="code"><pre>&#x27;python-requests/2.32.4&#x27;</pre></td>
E                 </tr>
E               
E                 <tr>
E                   <td>PATH_INFO</td>
E                   <td class="code"><pre>&#x27;/users/login/&#x27;</pre></td>
E                 </tr>
E               
E                 <tr>
E                   <td>QUERY_STRING</td>
E                   <td class="code"><pre>&#x27;&#x27;</pre></td>
E                 </tr>
E               
E                 <tr>
E                   <td>REMOTE_ADDR</td>
E                   <td class="code"><pre>&#x27;127.0.0.1&#x27;</pre></td>
E                 </tr>
E               
E                 <tr>
E                   <td>REMOTE_HOST</td>
E                   <td class="code"><pre>&#x27;127.0.0.1&#x27;</pre></td>
E                 </tr>
E               
E                 <tr>
E                   <td>REMOTE_PORT</td>
E                   <td class="code"><pre>53694</pre></td>
E                 </tr>
E               
E                 <tr>
E                   <td>REQUEST_METHOD</td>
E                   <td class="code"><pre>&#x27;POST&#x27;</pre></td>
E                 </tr>
E               
E                 <tr>
E                   <td>SCRIPT_NAME</td>
E                   <td class="code"><pre>&#x27;&#x27;</pre></td>
E                 </tr>
E               
E                 <tr>
E                   <td>SERVER_NAME</td>
E                   <td class="code"><pre>&#x27;127.0.0.1&#x27;</pre></td>
E                 </tr>
E               
E                 <tr>
E                   <td>SERVER_PORT</td>
E                   <td class="code"><pre>&#x27;8000&#x27;</pre></td>
E                 </tr>
E               
E                 <tr>
E                   <td>wsgi.multiprocess</td>
E                   <td class="code"><pre>True</pre></td>
E                 </tr>
E               
E                 <tr>
E                   <td>wsgi.multithread</td>
E                   <td class="code"><pre>True</pre></td>
E                 </tr>
E               
E             </tbody>
E           </table>
E         
E         
E           <h3 id="settings-info">Settings</h3>
E           <h4>Using settings module <code>Backend.auth.settings</code></h4>
E           <table class="req">
E             <thead>
E               <tr>
E                 <th scope="col">Setting</th>
E                 <th scope="col">Value</th>
E               </tr>
E             </thead>
E             <tbody>
E               
E                 <tr>
E                   <td>ABSOLUTE_URL_OVERRIDES</td>
E                   <td class="code"><pre>{}</pre></td>
E                 </tr>
E               
E                 <tr>
E                   <td>ADMINS</td>
E                   <td class="code"><pre>[]</pre></td>
E                 </tr>
E               
E                 <tr>
E                   <td>ALLOWED_HOSTS</td>
E                   <td class="code"><pre>[&#x27;127.0.0.1&#x27;, &#x27;localhost&#x27;, &#x27;testserver&#x27;]</pre></td>
E                 </tr>
E               
E                 <tr>
E                   <td>APPEND_SLASH</td>
E                   <td class="code"><pre>True</pre></td>
E                 </tr>
E               
E                 <tr>
E                   <td>ASGI_APPLICATION</td>
E                   <td class="code"><pre>&#x27;auth.asgi.application&#x27;</pre></td>
E                 </tr>
E               
E                 <tr>
E                   <td>AUTHENTICATION_BACKENDS</td>
E                   <td class="code"><pre>&#x27;********************&#x27;</pre></td>
E                 </tr>
E               
E                 <tr>
E                   <td>AUTH_PASSWORD_VALIDATORS</td>
E                   <td class="code"><pre>&#x27;********************&#x27;</pre></td>
E                 </tr>
E               
E                 <tr>
E                   <td>AUTH_USER_MODEL</td>
E                   <td class="code"><pre>&#x27;********************&#x27;</pre></td>
E                 </tr>
E               
E                 <tr>
E                   <td>BASE_DIR</td>
E                   <td class="code"><pre>PosixPath(&#x27;/Users/mohamedbechirdiarra/Downloads/prototypeGamma/Backend&#x27;)</pre></td>
E                 </tr>
E               
E                 <tr>
E                   <td>BASE_URL</td>
E                   <td class="code"><pre>&#x27;http://127.0.0.1:8000&#x27;</pre></td>
E                 </tr>
E               
E                 <tr>
E                   <td>CACHES</td>
E                   <td class="code"><pre>{&#x27;default&#x27;: {&#x27;BACKEND&#x27;: &#x27;django.core.cache.backends.locmem.LocMemCache&#x27;,
E                      &#x27;LOCATION&#x27;: &#x27;unique-snowflake&#x27;,
E                      &#x27;OPTIONS&#x27;: {&#x27;MAX_ENTRIES&#x27;: 1000},
E                      &#x27;TIMEOUT&#x27;: 300}}</pre></td>
E                 </tr>
E               
E                 <tr>
E                   <td>CACHE_MIDDLEWARE_ALIAS</td>
E                   <td class="code"><pre>&#x27;default&#x27;</pre></td>
E                 </tr>
E               
E                 <tr>
E                   <td>CACHE_MIDDLEWARE_KEY_PREFIX</td>
E                   <td class="code"><pre>&#x27;********************&#x27;</pre></td>
E                 </tr>
E               
E                 <tr>
E                   <td>CACHE_MIDDLEWARE_SECONDS</td>
E                   <td class="code"><pre>600</pre></td>
E                 </tr>
E               
E                 <tr>
E                   <td>CHANNEL_LAYERS</td>
E                   <td class="code"><pre>{&#x27;default&#x27;: {&#x27;BACKEND&#x27;: &#x27;channels.layers.InMemoryChannelLayer&#x27;}}</pre></td>
E                 </tr>
E               
E                 <tr>
E                   <td>CINETPAY_API_KEY</td>
E                   <td class="code"><pre>&#x27;********************&#x27;</pre></td>
E                 </tr>
E               
E                 <tr>
E                   <td>CINETPAY_CONFIG</td>
E                   <td class="code"><pre>{&#x27;API_KEY&#x27;: &#x27;********************&#x27;,
E          &#x27;API_URL&#x27;: &#x27;********************&#x27;,
E          &#x27;CURRENCY&#x27;: &#x27;XOF&#x27;,
E          &#x27;ENVIRONMENT&#x27;: &#x27;Production&#x27;,
E          &#x27;LANG&#x27;: &#x27;fr&#x27;,
E          &#x27;MODE&#x27;: &#x27;PRODUCTION&#x27;,
E          &#x27;SECRET_KEY&#x27;: &#x27;********************&#x27;,
E          &#x27;SITE_ID&#x27;: &#x27;105899471&#x27;,
E          &#x27;USE_SIMULATOR&#x27;: False}</pre></td>
E                 </tr>
E               
E                 <tr>
E                   <td>CINETPAY_ENVIRONMENT</td>
E                   <td class="code"><pre>&#x27;Production&#x27;</pre></td>
E                 </tr>
E               
E                 <tr>
E                   <td>CINETPAY_SECRET_KEY</td>
E                   <td class="code"><pre>&#x27;********************&#x27;</pre></td>
E                 </tr>
E               
E                 <tr>
E                   <td>CINETPAY_SITE_ID</td>
E                   <td class="code"><pre>&#x27;105899471&#x27;</pre></td>
E                 </tr>
E               
E                 <tr>
E                   <td>CINETPAY_USE_SIMULATOR</td>
E                   <td class="code"><pre>False</pre></td>
E                 </tr>
E               
E                 <tr>
E                   <td>CORS_ALLOWED_HEADERS</td>
E                   <td class="code"><pre>[&#x27;Content-Type&#x27;, &#x27;Authorization&#x27;, &#x27;X-Requested-With&#x27;]</pre></td>
E                 </tr>
E               
E                 <tr>
E                   <td>CORS_ALLOWED_METHODS</td>
E                   <td class="code"><pre>[&#x27;GET&#x27;, &#x27;POST&#x27;, &#x27;PUT&#x27;, &#x27;DELETE&#x27;, &#x27;OPTIONS&#x27;]</pre></td>
E                 </tr>
E               
E                 <tr>
E                   <td>CORS_ALLOWED_ORIGINS</td>
E                   <td class="code"><pre>[&#x27;http://localhost:5173&#x27;,
E          &#x27;http://127.0.0.1:5173&#x27;,
E          &#x27;http://localhost:8000&#x27;,
E          &#x27;http://127.0.0.1:8000&#x27;]</pre></td>
E                 </tr>
E               
E                 <tr>
E                   <td>CORS_ALLOW_ALL_ORIGINS</td>
E                   <td class="code"><pre>True</pre></td>
E                 </tr>
E               
E                 <tr>
E                   <td>CORS_ALLOW_CREDENTIALS</td>
E                   <td class="code"><pre>True</pre></td>
E                 </tr>
E               
E                 <tr>
E                   <td>CSRF_COOKIE_AGE</td>
E                   <td class="code"><pre>31449600</pre></td>
E                 </tr>
E               
E                 <tr>
E                   <td>CSRF_COOKIE_DOMAIN</td>
E                   <td class="code"><pre>None</pre></td>
E                 </tr>
E               
E                 <tr>
E                   <td>CSRF_COOKIE_HTTPONLY</td>
E                   <td class="code"><pre>True</pre></td>
E                 </tr>
E               
E                 <tr>
E                   <td>CSRF_COOKIE_NAME</td>
E                   <td class="code"><pre>&#x27;csrftoken&#x27;</pre></td>
E                 </tr>
E               
E                 <tr>
E                   <td>CSRF_COOKIE_PATH</td>
E                   <td class="code"><pre>&#x27;/&#x27;</pre></td>
E                 </tr>
E               
E                 <tr>
E                   <td>CSRF_COOKIE_SAMESITE</td>
E                   <td class="code"><pre>&#x27;Lax&#x27;</pre></td>
E                 </tr>
E               
E                 <tr>
E                   <td>CSRF_COOKIE_SECURE</td>
E                   <td class="code"><pre>True</pre></td>
E                 </tr>
E               
E                 <tr>
E                   <td>CSRF_FAILURE_VIEW</td>
E                   <td class="code"><pre>&#x27;django.views.csrf.csrf_failure&#x27;</pre></td>
E                 </tr>
E               
E                 <tr>
E                   <td>CSRF_HEADER_NAME</td>
E                   <td class="code"><pre>&#x27;HTTP_X_CSRFTOKEN&#x27;</pre></td>
E                 </tr>
E               
E                 <tr>
E                   <td>CSRF_TRUSTED_ORIGINS</td>
E                   <td class="code"><pre>[&#x27;http://localhost:3000&#x27;, &#x27;http://127.0.0.1:3000&#x27;]</pre></td>
E                 </tr>
E               
E                 <tr>
E                   <td>CSRF_USE_SESSIONS</td>
E                   <td class="code"><pre>False</pre></td>
E                 </tr>
E               
E                 <tr>
E                   <td>DATABASES</td>
E                   <td class="code"><pre>{&#x27;default&#x27;: {&#x27;ATOMIC_REQUESTS&#x27;: False,
E                      &#x27;AUTOCOMMIT&#x27;: True,
E                      &#x27;CONN_HEALTH_CHECKS&#x27;: False,
E                      &#x27;CONN_MAX_AGE&#x27;: 0,
E                      &#x27;ENGINE&#x27;: &#x27;django.db.backends.sqlite3&#x27;,
E                      &#x27;HOST&#x27;: &#x27;&#x27;,
E                      &#x27;NAME&#x27;: PosixPath(&#x27;/Users/mohamedbechirdiarra/Downloads/prototypeGamma/Backend/db.sqlite3&#x27;),
E                      &#x27;OPTIONS&#x27;: {},
E                      &#x27;PASSWORD&#x27;: &#x27;********************&#x27;,
E                      &#x27;PORT&#x27;: &#x27;&#x27;,
E                      &#x27;TEST&#x27;: {&#x27;CHARSET&#x27;: None,
E                               &#x27;COLLATION&#x27;: None,
E                               &#x27;MIGRATE&#x27;: True,
E                               &#x27;MIRROR&#x27;: None,
E                               &#x27;NAME&#x27;: None},
E                      &#x27;TIME_ZONE&#x27;: None,
E                      &#x27;USER&#x27;: &#x27;&#x27;}}</pre></td>
E                 </tr>
E               
E                 <tr>
E                   <td>DATABASE_ROUTERS</td>
E                   <td class="code"><pre>[]</pre></td>
E                 </tr>
E               
E                 <tr>
E                   <td>DATA_UPLOAD_MAX_MEMORY_SIZE</td>
E                   <td class="code"><pre>2621440</pre></td>
E                 </tr>
E               
E                 <tr>
E                   <td>DATA_UPLOAD_MAX_NUMBER_FIELDS</td>
E                   <td class="code"><pre>1000</pre></td>
E                 </tr>
E               
E                 <tr>
E                   <td>DATA_UPLOAD_MAX_NUMBER_FILES</td>
E                   <td class="code"><pre>100</pre></td>
E                 </tr>
E               
E                 <tr>
E                   <td>DATETIME_FORMAT</td>
E                   <td class="code"><pre>&#x27;N j, Y, P&#x27;</pre></td>
E                 </tr>
E               
E                 <tr>
E                   <td>DATETIME_INPUT_FORMATS</td>
E                   <td class="code"><pre>[&#x27;%Y-%m-%d %H:%M:%S&#x27;,
E          &#x27;%Y-%m-%d %H:%M:%S.%f&#x27;,
E          &#x27;%Y-%m-%d %H:%M&#x27;,
E          &#x27;%m/%d/%Y %H:%M:%S&#x27;,
E          &#x27;%m/%d/%Y %H:%M:%S.%f&#x27;,
E          &#x27;%m/%d/%Y %H:%M&#x27;,
E          &#x27;%m/%d/%y %H:%M:%S&#x27;,
E          &#x27;%m/%d/%y %H:%M:%S.%f&#x27;,
E          &#x27;%m/%d/%y %H:%M&#x27;]</pre></td>
E                 </tr>
E               
E                 <tr>
E                   <td>DATE_FORMAT</td>
E                   <td class="code"><pre>&#x27;N j, Y&#x27;</pre></td>
E                 </tr>
E               
E                 <tr>
E                   <td>DATE_INPUT_FORMATS</td>
E                   <td class="code"><pre>[&#x27;%Y-%m-%d&#x27;,
E          &#x27;%m/%d/%Y&#x27;,
E          &#x27;%m/%d/%y&#x27;,
E          &#x27;%b %d %Y&#x27;,
E          &#x27;%b %d, %Y&#x27;,
E          &#x27;%d %b %Y&#x27;,
E          &#x27;%d %b, %Y&#x27;,
E          &#x27;%B %d %Y&#x27;,
E          &#x27;%B %d, %Y&#x27;,
E          &#x27;%d %B %Y&#x27;,
E          &#x27;%d %B, %Y&#x27;]</pre></td>
E                 </tr>
E               
E                 <tr>
E                   <td>DEBUG</td>
E                   <td class="code"><pre>True</pre></td>
E                 </tr>
E               
E                 <tr>
E                   <td>DEBUG_PROPAGATE_EXCEPTIONS</td>
E                   <td class="code"><pre>False</pre></td>
E                 </tr>
E               
E                 <tr>
E                   <td>DECIMAL_SEPARATOR</td>
E                   <td class="code"><pre>&#x27;.&#x27;</pre></td>
E                 </tr>
E               
E                 <tr>
E                   <td>DEFAULT_AUTO_FIELD</td>
E                   <td class="code"><pre>&#x27;django.db.models.BigAutoField&#x27;</pre></td>
E                 </tr>
E               
E                 <tr>
E                   <td>DEFAULT_CHARSET</td>
E                   <td class="code"><pre>&#x27;utf-8&#x27;</pre></td>
E                 </tr>
E               
E                 <tr>
E                   <td>DEFAULT_EXCEPTION_REPORTER</td>
E                   <td class="code"><pre>&#x27;django.views.debug.ExceptionReporter&#x27;</pre></td>
E                 </tr>
E               
E                 <tr>
E                   <td>DEFAULT_EXCEPTION_REPORTER_FILTER</td>
E                   <td class="code"><pre>&#x27;django.views.debug.SafeExceptionReporterFilter&#x27;</pre></td>
E                 </tr>
E               
E                 <tr>
E                   <td>DEFAULT_FROM_EMAIL</td>
E                   <td class="code"><pre>&#x27;webmaster@localhost&#x27;</pre></td>
E                 </tr>
E               
E                 <tr>
E                   <td>DEFAULT_INDEX_TABLESPACE</td>
E                   <td class="code"><pre>&#x27;&#x27;</pre></td>
E                 </tr>
E               
E                 <tr>
E                   <td>DEFAULT_TABLESPACE</td>
E                   <td class="code"><pre>&#x27;&#x27;</pre></td>
E                 </tr>
E               
E                 <tr>
E                   <td>DISALLOWED_USER_AGENTS</td>
E                   <td class="code"><pre>[]</pre></td>
E                 </tr>
E               
E                 <tr>
E                   <td>EMAIL_BACKEND</td>
E                   <td class="code"><pre>&#x27;django.core.mail.backends.console.EmailBackend&#x27;</pre></td>
E                 </tr>
E               
E                 <tr>
E                   <td>EMAIL_HOST</td>
E                   <td class="code"><pre>&#x27;localhost&#x27;</pre></td>
E                 </tr>
E               
E                 <tr>
E                   <td>EMAIL_HOST_PASSWORD</td>
E                   <td class="code"><pre>&#x27;********************&#x27;</pre></td>
E                 </tr>
E               
E                 <tr>
E                   <td>EMAIL_HOST_USER</td>
E                   <td class="code"><pre>&#x27;&#x27;</pre></td>
E                 </tr>
E               
E                 <tr>
E                   <td>EMAIL_PORT</td>
E                   <td class="code"><pre>1025</pre></td>
E                 </tr>
E               
E                 <tr>
E                   <td>EMAIL_SSL_CERTFILE</td>
E                   <td class="code"><pre>None</pre></td>
E                 </tr>
E               
E                 <tr>
E                   <td>EMAIL_SSL_KEYFILE</td>
E                   <td class="code"><pre>&#x27;********************&#x27;</pre></td>
E                 </tr>
E               
E                 <tr>
E                   <td>EMAIL_SUBJECT_PREFIX</td>
E                   <td class="code"><pre>&#x27;[Django] &#x27;</pre></td>
E                 </tr>
E               
E                 <tr>
E                   <td>EMAIL_TIMEOUT</td>
E                   <td class="code"><pre>None</pre></td>
E                 </tr>
E               
E                 <tr>
E                   <td>EMAIL_USE_LOCALTIME</td>
E                   <td class="code"><pre>False</pre></td>
E                 </tr>
E               
E                 <tr>
E                   <td>EMAIL_USE_SSL</td>
E                   <td class="code"><pre>False</pre></td>
E                 </tr>
E               
E                 <tr>
E                   <td>EMAIL_USE_TLS</td>
E                   <td class="code"><pre>False</pre></td>
E                 </tr>
E               
E                 <tr>
E                   <td>FILE_UPLOAD_DIRECTORY_PERMISSIONS</td>
E                   <td class="code"><pre>None</pre></td>
E                 </tr>
E               
E                 <tr>
E                   <td>FILE_UPLOAD_HANDLERS</td>
E                   <td class="code"><pre>[&#x27;django.core.files.uploadhandler.MemoryFileUploadHandler&#x27;,
E          &#x27;django.core.files.uploadhandler.TemporaryFileUploadHandler&#x27;]</pre></td>
E                 </tr>
E               
E                 <tr>
E                   <td>FILE_UPLOAD_MAX_MEMORY_SIZE</td>
E                   <td class="code"><pre>2621440</pre></td>
E                 </tr>
E               
E                 <tr>
E                   <td>FILE_UPLOAD_PERMISSIONS</td>
E                   <td class="code"><pre>420</pre></td>
E                 </tr>
E               
E                 <tr>
E                   <td>FILE_UPLOAD_TEMP_DIR</td>
E                   <td class="code"><pre>None</pre></td>
E                 </tr>
E               
E                 <tr>
E                   <td>FIRST_DAY_OF_WEEK</td>
E                   <td class="code"><pre>0</pre></td>
E                 </tr>
E               
E                 <tr>
E                   <td>FIXTURE_DIRS</td>
E                   <td class="code"><pre>[]</pre></td>
E                 </tr>
E               
E                 <tr>
E                   <td>FORCE_SCRIPT_NAME</td>
E                   <td class="code"><pre>None</pre></td>
E                 </tr>
E               
E                 <tr>
E                   <td>FORMAT_MODULE_PATH</td>
E                   <td class="code"><pre>None</pre></td>
E                 </tr>
E               
E                 <tr>
E                   <td>FORMS_URLFIELD_ASSUME_HTTPS</td>
E                   <td class="code"><pre>False</pre></td>
E                 </tr>
E               
E                 <tr>
E                   <td>FORM_RENDERER</td>
E                   <td class="code"><pre>&#x27;django.forms.renderers.DjangoTemplates&#x27;</pre></td>
E                 </tr>
E               
E                 <tr>
E                   <td>FRONTEND_URL</td>
E                   <td class="code"><pre>&#x27;http://127.0.0.1:5173&#x27;</pre></td>
E                 </tr>
E               
E                 <tr>
E                   <td>GDAL_LIBRARY_PATH</td>
E                   <td class="code"><pre>&#x27;C:\\OSGeo4W\\bin\\gdal311.dll&#x27;</pre></td>
E                 </tr>
E               
E                 <tr>
E                   <td>GEOLOCATION_SETTINGS</td>
E                   <td class="code"><pre>{&#x27;CACHE_TIMEOUT&#x27;: 3600, &#x27;DEFAULT_RADIUS_KM&#x27;: 10, &#x27;MAX_RADIUS_KM&#x27;: 50}</pre></td>
E                 </tr>
E               
E                 <tr>
E                   <td>GEOS_LIBRARY_PATH</td>
E                   <td class="code"><pre>&#x27;C:\\OSGeo4W\\bin\\geos_c.dll&#x27;</pre></td>
E                 </tr>
E               
E                 <tr>
E                   <td>IGNORABLE_404_URLS</td>
E                   <td class="code"><pre>[]</pre></td>
E                 </tr>
E               
E                 <tr>
E                   <td>INSTALLED_APPS</td>
E                   <td class="code"><pre>[&#x27;django.contrib.admin&#x27;,
E          &#x27;django.contrib.auth&#x27;,
E          &#x27;django.contrib.contenttypes&#x27;,
E          &#x27;django.contrib.sessions&#x27;,
E          &#x27;django.contrib.messages&#x27;,
E          &#x27;django.contrib.staticfiles&#x27;,
E          &#x27;rest_framework&#x27;,
E          &#x27;corsheaders&#x27;,
E          &#x27;users&#x27;,
E          &#x27;depannage&#x27;,
E          &#x27;rest_framework_simplejwt&#x27;,
E          &#x27;rest_framework_simplejwt.token_blacklist&#x27;,
E          &#x27;channels&#x27;]</pre></td>
E                 </tr>
E               
E                 <tr>
E                   <td>INTERNAL_IPS</td>
E                   <td class="code"><pre>[]</pre></td>
E                 </tr>
E               
E                 <tr>
E                   <td>LANGUAGES</td>
E                   <td class="code"><pre>[(&#x27;af&#x27;, &#x27;Afrikaans&#x27;),
E          (&#x27;ar&#x27;, &#x27;Arabic&#x27;),
E          (&#x27;ar-dz&#x27;, &#x27;Algerian Arabic&#x27;),
E          (&#x27;ast&#x27;, &#x27;Asturian&#x27;),
E          (&#x27;az&#x27;, &#x27;Azerbaijani&#x27;),
E          (&#x27;bg&#x27;, &#x27;Bulgarian&#x27;),
E          (&#x27;be&#x27;, &#x27;Belarusian&#x27;),
E          (&#x27;bn&#x27;, &#x27;Bengali&#x27;),
E          (&#x27;br&#x27;, &#x27;Breton&#x27;),
E          (&#x27;bs&#x27;, &#x27;Bosnian&#x27;),
E          (&#x27;ca&#x27;, &#x27;Catalan&#x27;),
E          (&#x27;ckb&#x27;, &#x27;Central Kurdish (Sorani)&#x27;),
E          (&#x27;cs&#x27;, &#x27;Czech&#x27;),
E          (&#x27;cy&#x27;, &#x27;Welsh&#x27;),
E          (&#x27;da&#x27;, &#x27;Danish&#x27;),
E          (&#x27;de&#x27;, &#x27;German&#x27;),
E          (&#x27;dsb&#x27;, &#x27;Lower Sorbian&#x27;),
E          (&#x27;el&#x27;, &#x27;Greek&#x27;),
E          (&#x27;en&#x27;, &#x27;English&#x27;),
E          (&#x27;en-au&#x27;, &#x27;Australian English&#x27;),
E          (&#x27;en-gb&#x27;, &#x27;British English&#x27;),
E          (&#x27;eo&#x27;, &#x27;Esperanto&#x27;),
E          (&#x27;es&#x27;, &#x27;Spanish&#x27;),
E          (&#x27;es-ar&#x27;, &#x27;Argentinian Spanish&#x27;),
E          (&#x27;es-co&#x27;, &#x27;Colombian Spanish&#x27;),
E          (&#x27;es-mx&#x27;, &#x27;Mexican Spanish&#x27;),
E          (&#x27;es-ni&#x27;, &#x27;Nicaraguan Spanish&#x27;),
E          (&#x27;es-ve&#x27;, &#x27;Venezuelan Spanish&#x27;),
E          (&#x27;et&#x27;, &#x27;Estonian&#x27;),
E          (&#x27;eu&#x27;, &#x27;Basque&#x27;),
E          (&#x27;fa&#x27;, &#x27;Persian&#x27;),
E          (&#x27;fi&#x27;, &#x27;Finnish&#x27;),
E          (&#x27;fr&#x27;, &#x27;French&#x27;),
E          (&#x27;fy&#x27;, &#x27;Frisian&#x27;),
E          (&#x27;ga&#x27;, &#x27;Irish&#x27;),
E          (&#x27;gd&#x27;, &#x27;Scottish Gaelic&#x27;),
E          (&#x27;gl&#x27;, &#x27;Galician&#x27;),
E          (&#x27;he&#x27;, &#x27;Hebrew&#x27;),
E          (&#x27;hi&#x27;, &#x27;Hindi&#x27;),
E          (&#x27;hr&#x27;, &#x27;Croatian&#x27;),
E          (&#x27;hsb&#x27;, &#x27;Upper Sorbian&#x27;),
E          (&#x27;hu&#x27;, &#x27;Hungarian&#x27;),
E          (&#x27;hy&#x27;, &#x27;Armenian&#x27;),
E          (&#x27;ia&#x27;, &#x27;Interlingua&#x27;),
E          (&#x27;id&#x27;, &#x27;Indonesian&#x27;),
E          (&#x27;ig&#x27;, &#x27;Igbo&#x27;),
E          (&#x27;io&#x27;, &#x27;Ido&#x27;),
E          (&#x27;is&#x27;, &#x27;Icelandic&#x27;),
E          (&#x27;it&#x27;, &#x27;Italian&#x27;),
E          (&#x27;ja&#x27;, &#x27;Japanese&#x27;),
E          (&#x27;ka&#x27;, &#x27;Georgian&#x27;),
E          (&#x27;kab&#x27;, &#x27;Kabyle&#x27;),
E          (&#x27;kk&#x27;, &#x27;Kazakh&#x27;),
E          (&#x27;km&#x27;, &#x27;Khmer&#x27;),
E          (&#x27;kn&#x27;, &#x27;Kannada&#x27;),
E          (&#x27;ko&#x27;, &#x27;Korean&#x27;),
E          (&#x27;ky&#x27;, &#x27;Kyrgyz&#x27;),
E          (&#x27;lb&#x27;, &#x27;Luxembourgish&#x27;),
E          (&#x27;lt&#x27;, &#x27;Lithuanian&#x27;),
E          (&#x27;lv&#x27;, &#x27;Latvian&#x27;),
E          (&#x27;mk&#x27;, &#x27;Macedonian&#x27;),
E          (&#x27;ml&#x27;, &#x27;Malayalam&#x27;),
E          (&#x27;mn&#x27;, &#x27;Mongolian&#x27;),
E          (&#x27;mr&#x27;, &#x27;Marathi&#x27;),
E          (&#x27;ms&#x27;, &#x27;Malay&#x27;),
E          (&#x27;my&#x27;, &#x27;Burmese&#x27;),
E          (&#x27;nb&#x27;, &#x27;Norwegian Bokmål&#x27;),
E          (&#x27;ne&#x27;, &#x27;Nepali&#x27;),
E          (&#x27;nl&#x27;, &#x27;Dutch&#x27;),
E          (&#x27;nn&#x27;, &#x27;Norwegian Nynorsk&#x27;),
E          (&#x27;os&#x27;, &#x27;Ossetic&#x27;),
E          (&#x27;pa&#x27;, &#x27;Punjabi&#x27;),
E          (&#x27;pl&#x27;, &#x27;Polish&#x27;),
E          (&#x27;pt&#x27;, &#x27;Portuguese&#x27;),
E          (&#x27;pt-br&#x27;, &#x27;Brazilian Portuguese&#x27;),
E          (&#x27;ro&#x27;, &#x27;Romanian&#x27;),
E          (&#x27;ru&#x27;, &#x27;Russian&#x27;),
E          (&#x27;sk&#x27;, &#x27;Slovak&#x27;),
E          (&#x27;sl&#x27;, &#x27;Slovenian&#x27;),
E          (&#x27;sq&#x27;, &#x27;Albanian&#x27;),
E          (&#x27;sr&#x27;, &#x27;Serbian&#x27;),
E          (&#x27;sr-latn&#x27;, &#x27;Serbian Latin&#x27;),
E          (&#x27;sv&#x27;, &#x27;Swedish&#x27;),
E          (&#x27;sw&#x27;, &#x27;Swahili&#x27;),
E          (&#x27;ta&#x27;, &#x27;Tamil&#x27;),
E          (&#x27;te&#x27;, &#x27;Telugu&#x27;),
E          (&#x27;tg&#x27;, &#x27;Tajik&#x27;),
E          (&#x27;th&#x27;, &#x27;Thai&#x27;),
E          (&#x27;tk&#x27;, &#x27;Turkmen&#x27;),
E          (&#x27;tr&#x27;, &#x27;Turkish&#x27;),
E          (&#x27;tt&#x27;, &#x27;Tatar&#x27;),
E          (&#x27;udm&#x27;, &#x27;Udmurt&#x27;),
E          (&#x27;ug&#x27;, &#x27;Uyghur&#x27;),
E          (&#x27;uk&#x27;, &#x27;Ukrainian&#x27;),
E          (&#x27;ur&#x27;, &#x27;Urdu&#x27;),
E          (&#x27;uz&#x27;, &#x27;Uzbek&#x27;),
E          (&#x27;vi&#x27;, &#x27;Vietnamese&#x27;),
E          (&#x27;zh-hans&#x27;, &#x27;Simplified Chinese&#x27;),
E          (&#x27;zh-hant&#x27;, &#x27;Traditional Chinese&#x27;)]</pre></td>
E                 </tr>
E               
E                 <tr>
E                   <td>LANGUAGES_BIDI</td>
E                   <td class="code"><pre>[&#x27;he&#x27;, &#x27;ar&#x27;, &#x27;ar-dz&#x27;, &#x27;ckb&#x27;, &#x27;fa&#x27;, &#x27;ug&#x27;, &#x27;ur&#x27;]</pre></td>
E                 </tr>
E               
E                 <tr>
E                   <td>LANGUAGE_CODE</td>
E                   <td class="code"><pre>&#x27;en-us&#x27;</pre></td>
E                 </tr>
E               
E                 <tr>
E                   <td>LANGUAGE_COOKIE_AGE</td>
E                   <td class="code"><pre>None</pre></td>
E                 </tr>
E               
E                 <tr>
E                   <td>LANGUAGE_COOKIE_DOMAIN</td>
E                   <td class="code"><pre>None</pre></td>
E                 </tr>
E               
E                 <tr>
E                   <td>LANGUAGE_COOKIE_HTTPONLY</td>
E                   <td class="code"><pre>False</pre></td>
E                 </tr>
E               
E                 <tr>
E                   <td>LANGUAGE_COOKIE_NAME</td>
E                   <td class="code"><pre>&#x27;django_language&#x27;</pre></td>
E                 </tr>
E               
E                 <tr>
E                   <td>LANGUAGE_COOKIE_PATH</td>
E                   <td class="code"><pre>&#x27;/&#x27;</pre></td>
E                 </tr>
E               
E                 <tr>
E                   <td>LANGUAGE_COOKIE_SAMESITE</td>
E                   <td class="code"><pre>None</pre></td>
E                 </tr>
E               
E                 <tr>
E                   <td>LANGUAGE_COOKIE_SECURE</td>
E                   <td class="code"><pre>False</pre></td>
E                 </tr>
E               
E                 <tr>
E                   <td>LOCALE_PATHS</td>
E                   <td class="code"><pre>[]</pre></td>
E                 </tr>
E               
E                 <tr>
E                   <td>LOGGING</td>
E                   <td class="code"><pre>{&#x27;disable_existing_loggers&#x27;: False,
E          &#x27;formatters&#x27;: {&#x27;simple&#x27;: {&#x27;format&#x27;: &#x27;{levelname} {message}&#x27;, &#x27;style&#x27;: &#x27;{&#x27;},
E                         &#x27;verbose&#x27;: {&#x27;format&#x27;: &#x27;{levelname} {asctime} {module} &#x27;
E                                               &#x27;{process:d} {thread:d} {message}&#x27;,
E                                     &#x27;style&#x27;: &#x27;{&#x27;}},
E          &#x27;handlers&#x27;: {&#x27;file&#x27;: {&#x27;class&#x27;: &#x27;logging.FileHandler&#x27;,
E                                &#x27;filename&#x27;: &#x27;django.log&#x27;,
E                                &#x27;formatter&#x27;: &#x27;verbose&#x27;,
E                                &#x27;level&#x27;: &#x27;INFO&#x27;},
E                       &#x27;security_file&#x27;: {&#x27;class&#x27;: &#x27;logging.FileHandler&#x27;,
E                                         &#x27;filename&#x27;: &#x27;security.log&#x27;,
E                                         &#x27;formatter&#x27;: &#x27;verbose&#x27;,
E                                         &#x27;level&#x27;: &#x27;WARNING&#x27;}},
E          &#x27;loggers&#x27;: {&#x27;depannage&#x27;: {&#x27;handlers&#x27;: [&#x27;file&#x27;],
E                                    &#x27;level&#x27;: &#x27;INFO&#x27;,
E                                    &#x27;propagate&#x27;: True},
E                      &#x27;django&#x27;: {&#x27;handlers&#x27;: [&#x27;file&#x27;],
E                                 &#x27;level&#x27;: &#x27;INFO&#x27;,
E                                 &#x27;propagate&#x27;: True},
E                      &#x27;django.security&#x27;: {&#x27;handlers&#x27;: [&#x27;security_file&#x27;],
E                                          &#x27;level&#x27;: &#x27;WARNING&#x27;,
E                                          &#x27;propagate&#x27;: False},
E                      &#x27;users&#x27;: {&#x27;handlers&#x27;: [&#x27;file&#x27;],
E                                &#x27;level&#x27;: &#x27;INFO&#x27;,
E                                &#x27;propagate&#x27;: True}},
E          &#x27;version&#x27;: 1}</pre></td>
E                 </tr>
E               
E                 <tr>
E                   <td>LOGGING_CONFIG</td>
E                   <td class="code"><pre>&#x27;logging.config.dictConfig&#x27;</pre></td>
E                 </tr>
E               
E                 <tr>
E                   <td>LOGIN_REDIRECT_URL</td>
E                   <td class="code"><pre>&#x27;/accounts/profile/&#x27;</pre></td>
E                 </tr>
E               
E                 <tr>
E                   <td>LOGIN_URL</td>
E                   <td class="code"><pre>&#x27;/accounts/login/&#x27;</pre></td>
E                 </tr>
E               
E                 <tr>
E                   <td>LOGOUT_REDIRECT_URL</td>
E                   <td class="code"><pre>None</pre></td>
E                 </tr>
E               
E                 <tr>
E                   <td>MANAGERS</td>
E                   <td class="code"><pre>[]</pre></td>
E                 </tr>
E               
E                 <tr>
E                   <td>MEDIA_ROOT</td>
E                   <td class="code"><pre>&#x27;/Users/mohamedbechirdiarra/Downloads/prototypeGamma/Backend/media&#x27;</pre></td>
E                 </tr>
E               
E                 <tr>
E                   <td>MEDIA_URL</td>
E                   <td class="code"><pre>&#x27;/media/&#x27;</pre></td>
E                 </tr>
E               
E                 <tr>
E                   <td>MESSAGE_STORAGE</td>
E                   <td class="code"><pre>&#x27;django.contrib.messages.storage.fallback.FallbackStorage&#x27;</pre></td>
E                 </tr>
E               
E                 <tr>
E                   <td>MIDDLEWARE</td>
E                   <td class="code"><pre>[&#x27;corsheaders.middleware.CorsMiddleware&#x27;,
E          &#x27;django.middleware.security.SecurityMiddleware&#x27;,
E          &#x27;django.contrib.sessions.middleware.SessionMiddleware&#x27;,
E          &#x27;django.middleware.common.CommonMiddleware&#x27;,
E          &#x27;django.middleware.csrf.CsrfViewMiddleware&#x27;,
E          &#x27;django.contrib.auth.middleware.AuthenticationMiddleware&#x27;,
E          &#x27;django.contrib.messages.middleware.MessageMiddleware&#x27;,
E          &#x27;django.middleware.clickjacking.XFrameOptionsMiddleware&#x27;,
E          &#x27;auth.middleware.JWTSecurityMiddleware&#x27;,
E          &#x27;auth.middleware.TokenValidationMiddleware&#x27;]</pre></td>
E                 </tr>
E               
E                 <tr>
E                   <td>MIGRATION_MODULES</td>
E                   <td class="code"><pre>{}</pre></td>
E                 </tr>
E               
E                 <tr>
E                   <td>MONTH_DAY_FORMAT</td>
E                   <td class="code"><pre>&#x27;F j&#x27;</pre></td>
E                 </tr>
E               
E                 <tr>
E                   <td>NOTIFICATION_CHANNELS</td>
E                   <td class="code"><pre>{&#x27;email&#x27;: True, &#x27;push&#x27;: False, &#x27;sms&#x27;: False}</pre></td>
E                 </tr>
E               
E                 <tr>
E                   <td>NUMBER_GROUPING</td>
E                   <td class="code"><pre>0</pre></td>
E                 </tr>
E               
E                 <tr>
E                   <td>PASSWORD_HASHERS</td>
E                   <td class="code"><pre>&#x27;********************&#x27;</pre></td>
E                 </tr>
E               
E                 <tr>
E                   <td>PASSWORD_RESET_TIMEOUT</td>
E                   <td class="code"><pre>&#x27;********************&#x27;</pre></td>
E                 </tr>
E               
E                 <tr>
E                   <td>PAYMENT_SETTINGS</td>
E                   <td class="code"><pre>{&#x27;CINETPAY_API_KEY&#x27;: &#x27;********************&#x27;,
E          &#x27;CINETPAY_ENVIRONMENT&#x27;: &#x27;Production&#x27;,
E          &#x27;CINETPAY_SITE_ID&#x27;: &#x27;105899471&#x27;}</pre></td>
E                 </tr>
E               
E                 <tr>
E                   <td>PREPEND_WWW</td>
E                   <td class="code"><pre>False</pre></td>
E                 </tr>
E               
E                 <tr>
E                   <td>REST_FRAMEWORK</td>
E                   <td class="code"><pre>{&#x27;DEFAULT_AUTHENTICATION_CLASSES&#x27;: &#x27;********************&#x27;,
E          &#x27;DEFAULT_PAGINATION_CLASS&#x27;: &#x27;rest_framework.pagination.PageNumberPagination&#x27;,
E          &#x27;DEFAULT_PARSER_CLASSES&#x27;: [&#x27;rest_framework.parsers.JSONParser&#x27;,
E                                     &#x27;rest_framework.parsers.MultiPartParser&#x27;,
E                                     &#x27;rest_framework.parsers.FormParser&#x27;],
E          &#x27;DEFAULT_PERMISSION_CLASSES&#x27;: [&#x27;rest_framework.permissions.IsAuthenticated&#x27;],
E          &#x27;DEFAULT_RENDERER_CLASSES&#x27;: [&#x27;rest_framework.renderers.JSONRenderer&#x27;],
E          &#x27;DEFAULT_THROTTLE_CLASSES&#x27;: [&#x27;rest_framework.throttling.UserRateThrottle&#x27;,
E                                       &#x27;rest_framework.throttling.AnonRateThrottle&#x27;,
E                                       &#x27;rest_framework.throttling.ScopedRateThrottle&#x27;],
E          &#x27;DEFAULT_THROTTLE_RATES&#x27;: {&#x27;anon&#x27;: &#x27;10000/day&#x27;,
E                                     &#x27;login&#x27;: &#x27;1000/day&#x27;,
E                                     &#x27;password_reset&#x27;: &#x27;********************&#x27;,
E                                     &#x27;register&#x27;: &#x27;500/day&#x27;,
E                                     &#x27;user&#x27;: &#x27;50000/day&#x27;,
E                                     &#x27;user_me&#x27;: &#x27;1000/day&#x27;},
E          &#x27;EXCEPTION_HANDLER&#x27;: &#x27;rest_framework.views.exception_handler&#x27;,
E          &#x27;PAGE_SIZE&#x27;: 20}</pre></td>
E                 </tr>
E               
E                 <tr>
E                   <td>ROOT_URLCONF</td>
E                   <td class="code"><pre>&#x27;auth.urls&#x27;</pre></td>
E                 </tr>
E               
E                 <tr>
E                   <td>SECRET_KEY</td>
E                   <td class="code"><pre>&#x27;********************&#x27;</pre></td>
E                 </tr>
E               
E                 <tr>
E                   <td>SECRET_KEY_FALLBACKS</td>
E                   <td class="code"><pre>&#x27;********************&#x27;</pre></td>
E                 </tr>
E               
E                 <tr>
E                   <td>SECURE_BROWSER_XSS_FILTER</td>
E                   <td class="code"><pre>True</pre></td>
E                 </tr>
E               
E                 <tr>
E                   <td>SECURE_CONTENT_TYPE_NOSNIFF</td>
E                   <td class="code"><pre>True</pre></td>
E                 </tr>
E               
E                 <tr>
E                   <td>SECURE_CROSS_ORIGIN_OPENER_POLICY</td>
E                   <td class="code"><pre>&#x27;same-origin&#x27;</pre></td>
E                 </tr>
E               
E                 <tr>
E                   <td>SECURE_HSTS_INCLUDE_SUBDOMAINS</td>
E                   <td class="code"><pre>True</pre></td>
E                 </tr>
E               
E                 <tr>
E                   <td>SECURE_HSTS_PRELOAD</td>
E                   <td class="code"><pre>True</pre></td>
E                 </tr>
E               
E                 <tr>
E                   <td>SECURE_HSTS_SECONDS</td>
E                   <td class="code"><pre>31536000</pre></td>
E                 </tr>
E               
E                 <tr>
E                   <td>SECURE_PROXY_SSL_HEADER</td>
E                   <td class="code"><pre>None</pre></td>
E                 </tr>
E               
E                 <tr>
E                   <td>SECURE_REDIRECT_EXEMPT</td>
E                   <td class="code"><pre>[]</pre></td>
E                 </tr>
E               
E                 <tr>
E                   <td>SECURE_REFERRER_POLICY</td>
E                   <td class="code"><pre>&#x27;same-origin&#x27;</pre></td>
E                 </tr>
E               
E                 <tr>
E                   <td>SECURE_SSL_HOST</td>
E                   <td class="code"><pre>None</pre></td>
E                 </tr>
E               
E                 <tr>
E                   <td>SECURE_SSL_REDIRECT</td>
E                   <td class="code"><pre>False</pre></td>
E                 </tr>
E               
E                 <tr>
E                   <td>SERVER_EMAIL</td>
E                   <td class="code"><pre>&#x27;root@localhost&#x27;</pre></td>
E                 </tr>
E               
E                 <tr>
E                   <td>SESSION_CACHE_ALIAS</td>
E                   <td class="code"><pre>&#x27;default&#x27;</pre></td>
E                 </tr>
E               
E                 <tr>
E                   <td>SESSION_COOKIE_AGE</td>
E                   <td class="code"><pre>3600</pre></td>
E                 </tr>
E               
E                 <tr>
E                   <td>SESSION_COOKIE_DOMAIN</td>
E                   <td class="code"><pre>None</pre></td>
E                 </tr>
E               
E                 <tr>
E                   <td>SESSION_COOKIE_HTTPONLY</td>
E                   <td class="code"><pre>True</pre></td>
E                 </tr>
E               
E                 <tr>
E                   <td>SESSION_COOKIE_NAME</td>
E                   <td class="code"><pre>&#x27;sessionid&#x27;</pre></td>
E                 </tr>
E               
E                 <tr>
E                   <td>SESSION_COOKIE_PATH</td>
E                   <td class="code"><pre>&#x27;/&#x27;</pre></td>
E                 </tr>
E               
E                 <tr>
E                   <td>SESSION_COOKIE_SAMESITE</td>
E                   <td class="code"><pre>&#x27;Lax&#x27;</pre></td>
E                 </tr>
E               
E                 <tr>
E                   <td>SESSION_COOKIE_SECURE</td>
E                   <td class="code"><pre>True</pre></td>
E                 </tr>
E               
E                 <tr>
E                   <td>SESSION_ENGINE</td>
E                   <td class="code"><pre>&#x27;django.contrib.sessions.backends.db&#x27;</pre></td>
E                 </tr>
E               
E                 <tr>
E                   <td>SESSION_EXPIRE_AT_BROWSER_CLOSE</td>
E                   <td class="code"><pre>True</pre></td>
E                 </tr>
E               
E                 <tr>
E                   <td>SESSION_FILE_PATH</td>
E                   <td class="code"><pre>None</pre></td>
E                 </tr>
E               
E                 <tr>
E                   <td>SESSION_SAVE_EVERY_REQUEST</td>
E                   <td class="code"><pre>False</pre></td>
E                 </tr>
E               
E                 <tr>
E                   <td>SESSION_SERIALIZER</td>
E                   <td class="code"><pre>&#x27;django.contrib.sessions.serializers.JSONSerializer&#x27;</pre></td>
E                 </tr>
E               
E                 <tr>
E                   <td>SETTINGS_MODULE</td>
E                   <td class="code"><pre>&#x27;Backend.auth.settings&#x27;</pre></td>
E                 </tr>
E               
E                 <tr>
E                   <td>SHORT_DATETIME_FORMAT</td>
E                   <td class="code"><pre>&#x27;m/d/Y P&#x27;</pre></td>
E                 </tr>
E               
E                 <tr>
E                   <td>SHORT_DATE_FORMAT</td>
E                   <td class="code"><pre>&#x27;m/d/Y&#x27;</pre></td>
E                 </tr>
E               
E                 <tr>
E                   <td>SIGNING_BACKEND</td>
E                   <td class="code"><pre>&#x27;django.core.signing.TimestampSigner&#x27;</pre></td>
E                 </tr>
E               
E                 <tr>
E                   <td>SILENCED_SYSTEM_CHECKS</td>
E                   <td class="code"><pre>[]</pre></td>
E                 </tr>
E               
E                 <tr>
E                   <td>SIMPLE_JWT</td>
E                   <td class="code"><pre>{&#x27;ACCESS_TOKEN_LIFETIME&#x27;: &#x27;********************&#x27;,
E          &#x27;ALGORITHM&#x27;: &#x27;HS256&#x27;,
E          &#x27;AUDIENCE&#x27;: None,
E          &#x27;AUTH_HEADER_NAME&#x27;: &#x27;********************&#x27;,
E          &#x27;AUTH_HEADER_TYPES&#x27;: &#x27;********************&#x27;,
E          &#x27;AUTH_TOKEN_CLASSES&#x27;: &#x27;********************&#x27;,
E          &#x27;BLACKLIST_AFTER_ROTATION&#x27;: True,
E          &#x27;ISSUER&#x27;: None,
E          &#x27;JTI_CLAIM&#x27;: &#x27;jti&#x27;,
E          &#x27;JWK_URL&#x27;: None,
E          &#x27;LEEWAY&#x27;: 0,
E          &#x27;REFRESH_TOKEN_LIFETIME&#x27;: &#x27;********************&#x27;,
E          &#x27;ROTATE_REFRESH_TOKENS&#x27;: &#x27;********************&#x27;,
E          &#x27;SIGNING_KEY&#x27;: &#x27;********************&#x27;,
E          &#x27;SLIDING_TOKEN_LIFETIME&#x27;: &#x27;********************&#x27;,
E          &#x27;SLIDING_TOKEN_REFRESH_EXP_CLAIM&#x27;: &#x27;********************&#x27;,
E          &#x27;SLIDING_TOKEN_REFRESH_LIFETIME&#x27;: &#x27;********************&#x27;,
E          &#x27;TOKEN_TYPE_CLAIM&#x27;: &#x27;********************&#x27;,
E          &#x27;TOKEN_USER_CLASS&#x27;: &#x27;********************&#x27;,
E          &#x27;UPDATE_LAST_LOGIN&#x27;: True,
E          &#x27;USER_AUTHENTICATION_RULE&#x27;: &#x27;********************&#x27;,
E          &#x27;USER_ID_CLAIM&#x27;: &#x27;user_id&#x27;,
E          &#x27;USER_ID_FIELD&#x27;: &#x27;id&#x27;,
E          &#x27;VERIFYING_KEY&#x27;: &#x27;********************&#x27;}</pre></td>
E                 </tr>
E               
E                 <tr>
E                   <td>STATICFILES_DIRS</td>
E                   <td class="code"><pre>[]</pre></td>
E                 </tr>
E               
E                 <tr>
E                   <td>STATICFILES_FINDERS</td>
E                   <td class="code"><pre>[&#x27;django.contrib.staticfiles.finders.FileSystemFinder&#x27;,
E          &#x27;django.contrib.staticfiles.finders.AppDirectoriesFinder&#x27;]</pre></td>
E                 </tr>
E               
E                 <tr>
E                   <td>STATIC_ROOT</td>
E                   <td class="code"><pre>&#x27;/Users/mohamedbechirdiarra/Downloads/prototypeGamma/Backend/staticfiles&#x27;</pre></td>
E                 </tr>
E               
E                 <tr>
E                   <td>STATIC_URL</td>
E                   <td class="code"><pre>&#x27;/static/&#x27;</pre></td>
E                 </tr>
E               
E                 <tr>
E                   <td>STORAGES</td>
E                   <td class="code"><pre>{&#x27;default&#x27;: {&#x27;BACKEND&#x27;: &#x27;django.core.files.storage.FileSystemStorage&#x27;},
E          &#x27;staticfiles&#x27;: {&#x27;BACKEND&#x27;: &#x27;django.contrib.staticfiles.storage.StaticFilesStorage&#x27;}}</pre></td>
E                 </tr>
E               
E                 <tr>
E                   <td>TEMPLATES</td>
E                   <td class="code"><pre>[{&#x27;APP_DIRS&#x27;: True,
E           &#x27;BACKEND&#x27;: &#x27;django.template.backends.django.DjangoTemplates&#x27;,
E           &#x27;DIRS&#x27;: [],
E           &#x27;OPTIONS&#x27;: {&#x27;context_processors&#x27;: [&#x27;django.template.context_processors.request&#x27;,
E                                              &#x27;django.contrib.auth.context_processors.auth&#x27;,
E                                              &#x27;django.contrib.messages.context_processors.messages&#x27;]}}]</pre></td>
E                 </tr>
E               
E                 <tr>
E                   <td>TEST_NON_SERIALIZED_APPS</td>
E                   <td class="code"><pre>[]</pre></td>
E                 </tr>
E               
E                 <tr>
E                   <td>TEST_RUNNER</td>
E                   <td class="code"><pre>&#x27;django.test.runner.DiscoverRunner&#x27;</pre></td>
E                 </tr>
E               
E                 <tr>
E                   <td>THOUSAND_SEPARATOR</td>
E                   <td class="code"><pre>&#x27;,&#x27;</pre></td>
E                 </tr>
E               
E                 <tr>
E                   <td>TIME_FORMAT</td>
E                   <td class="code"><pre>&#x27;P&#x27;</pre></td>
E                 </tr>
E               
E                 <tr>
E                   <td>TIME_INPUT_FORMATS</td>
E                   <td class="code"><pre>[&#x27;%H:%M:%S&#x27;, &#x27;%H:%M:%S.%f&#x27;, &#x27;%H:%M&#x27;]</pre></td>
E                 </tr>
E               
E                 <tr>
E                   <td>TIME_ZONE</td>
E                   <td class="code"><pre>&#x27;UTC&#x27;</pre></td>
E                 </tr>
E               
E                 <tr>
E                   <td>USE_I18N</td>
E                   <td class="code"><pre>True</pre></td>
E                 </tr>
E               
E                 <tr>
E                   <td>USE_THOUSAND_SEPARATOR</td>
E                   <td class="code"><pre>False</pre></td>
E                 </tr>
E               
E                 <tr>
E                   <td>USE_TZ</td>
E                   <td class="code"><pre>True</pre></td>
E                 </tr>
E               
E                 <tr>
E                   <td>USE_X_FORWARDED_HOST</td>
E                   <td class="code"><pre>False</pre></td>
E                 </tr>
E               
E                 <tr>
E                   <td>USE_X_FORWARDED_PORT</td>
E                   <td class="code"><pre>False</pre></td>
E                 </tr>
E               
E                 <tr>
E                   <td>WSGI_APPLICATION</td>
E                   <td class="code"><pre>&#x27;auth.wsgi.application&#x27;</pre></td>
E                 </tr>
E               
E                 <tr>
E                   <td>X_FRAME_OPTIONS</td>
E                   <td class="code"><pre>&#x27;DENY&#x27;</pre></td>
E                 </tr>
E               
E                 <tr>
E                   <td>YEAR_MONTH_FORMAT</td>
E                   <td class="code"><pre>&#x27;F Y&#x27;</pre></td>
E                 </tr>
E               
E             </tbody>
E           </table>
E         
E         </div>
E         </main>
E         
E         
E           <footer id="explanation">
E             <p>
E               You’re seeing this error because you have <code>DEBUG = True</code> in your
E               Django settings file. Change that to <code>False</code>, and Django will
E               display a standard page generated by the handler for this status code.
E             </p>
E           </footer>
E         
E         </body>
E         </html>
E         
E       assert 500 == 200
E        +  where 500 = <Response [500]>.status_code

conftest.py:29: AssertionError
____________________ ERROR at setup of test_stats_endpoint _____________________

    @pytest.fixture
    def token():
        # Créer un utilisateur de test unique
        base_url = "http://127.0.0.1:8000"
        username = "testuser_" + ''.join(random.choices(string.ascii_lowercase + string.digits, k=6))
        email = username + "@example.com"
        password = "TestUser1234!"
        register_data = {
            "username": username,
            "email": email,
            "password": password,
            "password2": password,
            "user_type": "client",
            "first_name": "Test",
            "last_name": "User",
            "address": "Test Address",
            "phone_number": "+22500000000"
        }
        # Inscription
        requests.post(f"{base_url}/users/register/", json=register_data)
        # Connexion
        login_data = {"email": email, "password": password}
        resp = requests.post(f"{base_url}/users/login/", json=login_data)
>       assert resp.status_code == 200, f"Échec de la connexion test: {resp.text}"
E       AssertionError: Échec de la connexion test: <!DOCTYPE html>
E         <html lang="en">
E         <head>
E           <meta http-equiv="content-type" content="text/html; charset=utf-8">
E           <meta name="robots" content="NONE,NOARCHIVE">
E           <title>IntegrityError
E                   at /users/login/</title>
E           <style>
E             html * { padding:0; margin:0; }
E             body * { padding:10px 20px; }
E             body * * { padding:0; }
E             body { font-family: sans-serif; background-color:#fff; color:#000; }
E             body > :where(header, main, footer) { border-bottom:1px solid #ddd; }
E             h1 { font-weight:normal; }
E             h2 { margin-bottom:.8em; }
E             h3 { margin:1em 0 .5em 0; }
E             h4 { margin:0 0 .5em 0; font-weight: normal; }
E             code, pre { font-size: 100%; white-space: pre-wrap; word-break: break-word; }
E             summary { cursor: pointer; }
E             table { border:1px solid #ccc; border-collapse: collapse; width:100%; background:white; }
E             tbody td, tbody th { vertical-align:top; padding:2px 3px; }
E             thead th {
E               padding:1px 6px 1px 3px; background:#fefefe; text-align:left;
E               font-weight:normal; font-size: 0.6875rem; border:1px solid #ddd;
E             }
E             tbody th { width:12em; text-align:right; color:#666; padding-right:.5em; }
E             table.vars { margin:5px 10px 2px 40px; width: auto; }
E             table.vars td, table.req td { font-family:monospace; }
E             table td.code { width:100%; }
E             table td.code pre { overflow:hidden; }
E             table.source th { color:#666; }
E             table.source td { font-family:monospace; white-space:pre; border-bottom:1px solid #eee; }
E             ul.traceback { list-style-type:none; color: #222; }
E             ul.traceback li.cause { word-break: break-word; }
E             ul.traceback li.frame { padding-bottom:1em; color:#4f4f4f; }
E             ul.traceback li.user { background-color:#e0e0e0; color:#000 }
E             div.context { padding:10px 0; overflow:hidden; }
E             div.context ol { padding-left:30px; margin:0 10px; list-style-position: inside; }
E             div.context ol li { font-family:monospace; white-space:pre; color:#777; cursor:pointer; padding-left: 2px; }
E             div.context ol li pre { display:inline; }
E             div.context ol.context-line li { color:#464646; background-color:#dfdfdf; padding: 3px 2px; }
E             div.context ol.context-line li span { position:absolute; right:32px; }
E             .user div.context ol.context-line li { background-color:#bbb; color:#000; }
E             .user div.context ol li { color:#666; }
E             div.commands, summary.commands { margin-left: 40px; }
E             div.commands a, summary.commands { color:#555; text-decoration:none; }
E             .user div.commands a { color: black; }
E             #summary { background: #ffc; }
E             #summary h2 { font-weight: normal; color: #666; }
E             #info { padding: 0; }
E             #info > * { padding:10px 20px; }
E             #explanation { background:#eee; }
E             #template, #template-not-exist { background:#f6f6f6; }
E             #template-not-exist ul { margin: 0 0 10px 20px; }
E             #template-not-exist .postmortem-section { margin-bottom: 3px; }
E             #unicode-hint { background:#eee; }
E             #traceback { background:#eee; }
E             #requestinfo { background:#f6f6f6; padding-left:120px; }
E             #summary table { border:none; background:transparent; }
E             #requestinfo h2, #requestinfo h3 { position:relative; margin-left:-100px; }
E             #requestinfo h3 { margin-bottom:-1em; }
E             .error { background: #ffc; }
E             .specific { color:#cc3300; font-weight:bold; }
E             h2 span.commands { font-size: 0.7rem; font-weight:normal; }
E             span.commands a:link {color:#5E5694;}
E             pre.exception_value { font-family: sans-serif; color: #575757; font-size: 1.5rem; margin: 10px 0 10px 0; }
E             .append-bottom { margin-bottom: 10px; }
E             .fname { user-select: all; }
E           </style>
E           
E           <script>
E             function hideAll(elems) {
E               for (var e = 0; e < elems.length; e++) {
E                 elems[e].style.display = 'none';
E               }
E             }
E             window.onload = function() {
E               hideAll(document.querySelectorAll('ol.pre-context'));
E               hideAll(document.querySelectorAll('ol.post-context'));
E               hideAll(document.querySelectorAll('div.pastebin'));
E             }
E             function toggle() {
E               for (var i = 0; i < arguments.length; i++) {
E                 var e = document.getElementById(arguments[i]);
E                 if (e) {
E                   e.style.display = e.style.display == 'none' ? 'block': 'none';
E                 }
E               }
E               return false;
E             }
E             function switchPastebinFriendly(link) {
E               s1 = "Switch to copy-and-paste view";
E               s2 = "Switch back to interactive view";
E               link.textContent = link.textContent.trim() == s1 ? s2: s1;
E               toggle('browserTraceback', 'pastebinTraceback');
E               return false;
E             }
E           </script>
E           
E         </head>
E         <body>
E         <header id="summary">
E           <h1>IntegrityError
E                at /users/login/</h1>
E           <pre class="exception_value">FOREIGN KEY constraint failed</pre>
E           <table class="meta">
E         
E             <tr>
E               <th scope="row">Request Method:</th>
E               <td>POST</td>
E             </tr>
E             <tr>
E               <th scope="row">Request URL:</th>
E               <td>http://127.0.0.1:8000/users/login/</td>
E             </tr>
E         
E             <tr>
E               <th scope="row">Django Version:</th>
E               <td>5.2.4</td>
E             </tr>
E         
E             <tr>
E               <th scope="row">Exception Type:</th>
E               <td>IntegrityError</td>
E             </tr>
E         
E         
E             <tr>
E               <th scope="row">Exception Value:</th>
E               <td><pre>FOREIGN KEY constraint failed</pre></td>
E             </tr>
E         
E         
E             <tr>
E               <th scope="row">Exception Location:</th>
E               <td><span class="fname">/Users/mohamedbechirdiarra/Downloads/prototypeGamma/Backend/venv/lib/python3.13/site-packages/django/db/utils.py</span>, line 98, in inner</td>
E             </tr>
E         
E         
E             <tr>
E               <th scope="row">Raised during:</th>
E               <td>users.views.UserViewSet</td>
E             </tr>
E         
E             <tr>
E               <th scope="row">Python Executable:</th>
E               <td>/Users/mohamedbechirdiarra/Downloads/prototypeGamma/Backend/venv/bin/python3.13</td>
E             </tr>
E             <tr>
E               <th scope="row">Python Version:</th>
E               <td>3.13.5</td>
E             </tr>
E             <tr>
E               <th scope="row">Python Path:</th>
E               <td><pre><code>[&#x27;.&#x27;,
E          &#x27;/Users/mohamedbechirdiarra/Downloads/prototypeGamma/Backend/venv/bin&#x27;,
E          &#x27;/Users/mohamedbechirdiarra/Downloads/prototypeGamma&#x27;,
E          &#x27;/Users/mohamedbechirdiarra/Downloads/prototypeGamma/Backend&#x27;,
E          &#x27;/opt/homebrew/Cellar/python@3.13/3.13.5/Frameworks/Python.framework/Versions/3.13/lib/python313.zip&#x27;,
E          &#x27;/opt/homebrew/Cellar/python@3.13/3.13.5/Frameworks/Python.framework/Versions/3.13/lib/python3.13&#x27;,
E          &#x27;/opt/homebrew/Cellar/python@3.13/3.13.5/Frameworks/Python.framework/Versions/3.13/lib/python3.13/lib-dynload&#x27;,
E          &#x27;/Users/mohamedbechirdiarra/Downloads/prototypeGamma/Backend/venv/lib/python3.13/site-packages&#x27;]</code></pre></td>
E             </tr>
E             <tr>
E               <th scope="row">Server time:</th>
E               <td>Mon, 14 Jul 2025 11:43:29 +0000</td>
E             </tr>
E           </table>
E         </header>
E         
E         <main id="info">
E         
E         
E         
E         
E         <div id="traceback">
E           <h2>Traceback <span class="commands"><a href="#" role="button" onclick="return switchPastebinFriendly(this);">
E             Switch to copy-and-paste view</a></span>
E           </h2>
E           <div id="browserTraceback">
E             <ul class="traceback">
E               
E                 
E                 <li class="frame django">
E                   
E                     <code class="fname">/Users/mohamedbechirdiarra/Downloads/prototypeGamma/Backend/venv/lib/python3.13/site-packages/django/db/utils.py</code>, line 98, in inner
E                   
E         
E                   
E                     <div class="context" id="c4437025536">
E                       
E                         <ol start="91" class="pre-context" id="pre4437025536">
E                         
E                           <li onclick="toggle('pre4437025536', 'post4437025536')"><pre>                raise dj_exc_value.with_traceback(traceback) from exc_value</pre></li>
E                         
E                           <li onclick="toggle('pre4437025536', 'post4437025536')"><pre></pre></li>
E                         
E                           <li onclick="toggle('pre4437025536', 'post4437025536')"><pre>    def __call__(self, func):</pre></li>
E                         
E                           <li onclick="toggle('pre4437025536', 'post4437025536')"><pre>        # Note that we are intentionally not using @wraps here for performance</pre></li>
E                         
E                           <li onclick="toggle('pre4437025536', 'post4437025536')"><pre>        # reasons. Refs #21109.</pre></li>
E                         
E                           <li onclick="toggle('pre4437025536', 'post4437025536')"><pre>        def inner(*args, **kwargs):</pre></li>
E                         
E                           <li onclick="toggle('pre4437025536', 'post4437025536')"><pre>            with self:</pre></li>
E                         
E                         </ol>
E                       
E                       <ol start="98" class="context-line">
E                         <li onclick="toggle('pre4437025536', 'post4437025536')"><pre>                return func(*args, **kwargs)
E                                    ^^^^^^^^^^^^^^^^^^^^^</pre> <span>…</span></li>
E                       </ol>
E                       
E                         <ol start='99' class="post-context" id="post4437025536">
E                           
E                           <li onclick="toggle('pre4437025536', 'post4437025536')"><pre></pre></li>
E                           
E                           <li onclick="toggle('pre4437025536', 'post4437025536')"><pre>        return inner</pre></li>
E                           
E                           <li onclick="toggle('pre4437025536', 'post4437025536')"><pre></pre></li>
E                           
E                           <li onclick="toggle('pre4437025536', 'post4437025536')"><pre></pre></li>
E                           
E                           <li onclick="toggle('pre4437025536', 'post4437025536')"><pre>def load_backend(backend_name):</pre></li>
E                           
E                           <li onclick="toggle('pre4437025536', 'post4437025536')"><pre>    &quot;&quot;&quot;</pre></li>
E                           
E                       </ol>
E                       
E                     </div>
E                   
E         
E                   
E                     
E                       <details>
E                         <summary class="commands">Local vars</summary>
E                     
E                     <table class="vars" id="v4437025536">
E                       <thead>
E                         <tr>
E                           <th scope="col">Variable</th>
E                           <th scope="col">Value</th>
E                         </tr>
E                       </thead>
E                       <tbody>
E                         
E                           <tr>
E                             <td>args</td>
E                             <td class="code"><pre>()</pre></td>
E                           </tr>
E                         
E                           <tr>
E                             <td>func</td>
E                             <td class="code"><pre>&lt;built-in method fetchone of SQLiteCursorWrapper object at 0x1087b70b0&gt;</pre></td>
E                           </tr>
E                         
E                           <tr>
E                             <td>kwargs</td>
E                             <td class="code"><pre>{}</pre></td>
E                           </tr>
E                         
E                           <tr>
E                             <td>self</td>
E                             <td class="code"><pre>&lt;django.db.utils.DatabaseErrorWrapper object at 0x108841db0&gt;</pre></td>
E                           </tr>
E                         
E                       </tbody>
E                     </table>
E                     </details>
E                   
E                 </li>
E               
E                 
E                   <li class="cause"><h3>
E                   
E                     The above exception (FOREIGN KEY constraint failed) was the direct cause of the following exception:
E                   
E                 </h3></li>
E                 
E                 <li class="frame django">
E                   
E                     <code class="fname">/Users/mohamedbechirdiarra/Downloads/prototypeGamma/Backend/venv/lib/python3.13/site-packages/django/core/handlers/exception.py</code>, line 42, in inner
E                   
E         
E                   
E                     <div class="context" id="c4436760192">
E                       
E                         <ol start="35" class="pre-context" id="pre4436760192">
E                         
E                           <li onclick="toggle('pre4436760192', 'post4436760192')"><pre>    can rely on getting a response instead of an exception.</pre></li>
E                         
E                           <li onclick="toggle('pre4436760192', 'post4436760192')"><pre>    &quot;&quot;&quot;</pre></li>
E                         
E                           <li onclick="toggle('pre4436760192', 'post4436760192')"><pre>    if iscoroutinefunction(get_response):</pre></li>
E                         
E                           <li onclick="toggle('pre4436760192', 'post4436760192')"><pre></pre></li>
E                         
E                           <li onclick="toggle('pre4436760192', 'post4436760192')"><pre>        @wraps(get_response)</pre></li>
E                         
E                           <li onclick="toggle('pre4436760192', 'post4436760192')"><pre>        async def inner(request):</pre></li>
E                         
E                           <li onclick="toggle('pre4436760192', 'post4436760192')"><pre>            try:</pre></li>
E                         
E                         </ol>
E                       
E                       <ol start="42" class="context-line">
E                         <li onclick="toggle('pre4436760192', 'post4436760192')"><pre>                response = await get_response(request)
E                                        ^^^^^^^^^^^^^^^^^^^^^^^^^^^</pre> <span>…</span></li>
E                       </ol>
E                       
E                         <ol start='43' class="post-context" id="post4436760192">
E                           
E                           <li onclick="toggle('pre4436760192', 'post4436760192')"><pre>            except Exception as exc:</pre></li>
E                           
E                           <li onclick="toggle('pre4436760192', 'post4436760192')"><pre>                response = await sync_to_async(</pre></li>
E                           
E                           <li onclick="toggle('pre4436760192', 'post4436760192')"><pre>                    response_for_exception, thread_sensitive=False</pre></li>
E                           
E                           <li onclick="toggle('pre4436760192', 'post4436760192')"><pre>                )(request, exc)</pre></li>
E                           
E                           <li onclick="toggle('pre4436760192', 'post4436760192')"><pre>            return response</pre></li>
E                           
E                           <li onclick="toggle('pre4436760192', 'post4436760192')"><pre></pre></li>
E                           
E                       </ol>
E                       
E                     </div>
E                   
E         
E                   
E                     
E                       <details>
E                         <summary class="commands">Local vars</summary>
E                     
E                     <table class="vars" id="v4436760192">
E                       <thead>
E                         <tr>
E                           <th scope="col">Variable</th>
E                           <th scope="col">Value</th>
E                         </tr>
E                       </thead>
E                       <tbody>
E                         
E                           <tr>
E                             <td>exc</td>
E                             <td class="code"><pre>IntegrityError(&#x27;FOREIGN KEY constraint failed&#x27;)</pre></td>
E                           </tr>
E                         
E                           <tr>
E                             <td>get_response</td>
E                             <td class="code"><pre>&lt;bound method BaseHandler._get_response_async of &lt;django.core.handlers.asgi.ASGIHandler object at 0x107235940&gt;&gt;</pre></td>
E                           </tr>
E                         
E                           <tr>
E                             <td>request</td>
E                             <td class="code"><pre>&lt;ASGIRequest: POST &#x27;/users/login/&#x27;&gt;</pre></td>
E                           </tr>
E                         
E                       </tbody>
E                     </table>
E                     </details>
E                   
E                 </li>
E               
E                 
E                 <li class="frame django">
E                   
E                     <code class="fname">/Users/mohamedbechirdiarra/Downloads/prototypeGamma/Backend/venv/lib/python3.13/site-packages/django/core/handlers/base.py</code>, line 253, in _get_response_async
E                   
E         
E                   
E                     <div class="context" id="c4438442624">
E                       
E                         <ol start="246" class="pre-context" id="pre4438442624">
E                         
E                           <li onclick="toggle('pre4438442624', 'post4438442624')"><pre>            wrapped_callback = self.make_view_atomic(callback)</pre></li>
E                         
E                           <li onclick="toggle('pre4438442624', 'post4438442624')"><pre>            # If it is a synchronous view, run it in a subthread</pre></li>
E                         
E                           <li onclick="toggle('pre4438442624', 'post4438442624')"><pre>            if not iscoroutinefunction(wrapped_callback):</pre></li>
E                         
E                           <li onclick="toggle('pre4438442624', 'post4438442624')"><pre>                wrapped_callback = sync_to_async(</pre></li>
E                         
E                           <li onclick="toggle('pre4438442624', 'post4438442624')"><pre>                    wrapped_callback, thread_sensitive=True</pre></li>
E                         
E                           <li onclick="toggle('pre4438442624', 'post4438442624')"><pre>                )</pre></li>
E                         
E                           <li onclick="toggle('pre4438442624', 'post4438442624')"><pre>            try:</pre></li>
E                         
E                         </ol>
E                       
E                       <ol start="253" class="context-line">
E                         <li onclick="toggle('pre4438442624', 'post4438442624')"><pre>                response = await wrapped_callback(
E                                         </pre> <span>…</span></li>
E                       </ol>
E                       
E                         <ol start='254' class="post-context" id="post4438442624">
E                           
E                           <li onclick="toggle('pre4438442624', 'post4438442624')"><pre>                    request, *callback_args, **callback_kwargs</pre></li>
E                           
E                           <li onclick="toggle('pre4438442624', 'post4438442624')"><pre>                )</pre></li>
E                           
E                           <li onclick="toggle('pre4438442624', 'post4438442624')"><pre>            except Exception as e:</pre></li>
E                           
E                           <li onclick="toggle('pre4438442624', 'post4438442624')"><pre>                response = await sync_to_async(</pre></li>
E                           
E                           <li onclick="toggle('pre4438442624', 'post4438442624')"><pre>                    self.process_exception_by_middleware,</pre></li>
E                           
E                           <li onclick="toggle('pre4438442624', 'post4438442624')"><pre>                    thread_sensitive=True,</pre></li>
E                           
E                       </ol>
E                       
E                     </div>
E                   
E         
E                   
E                     
E                       <details>
E                         <summary class="commands">Local vars</summary>
E                     
E                     <table class="vars" id="v4438442624">
E                       <thead>
E                         <tr>
E                           <th scope="col">Variable</th>
E                           <th scope="col">Value</th>
E                         </tr>
E                       </thead>
E                       <tbody>
E                         
E                           <tr>
E                             <td>callback</td>
E                             <td class="code"><pre>&lt;function UserViewSet at 0x107747c40&gt;</pre></td>
E                           </tr>
E                         
E                           <tr>
E                             <td>callback_args</td>
E                             <td class="code"><pre>()</pre></td>
E                           </tr>
E                         
E                           <tr>
E                             <td>callback_kwargs</td>
E                             <td class="code"><pre>{}</pre></td>
E                           </tr>
E                         
E                           <tr>
E                             <td>middleware_method</td>
E                             <td class="code"><pre>&lt;asgiref.sync.SyncToAsync object at 0x10727f8c0&gt;</pre></td>
E                           </tr>
E                         
E                           <tr>
E                             <td>request</td>
E                             <td class="code"><pre>&lt;ASGIRequest: POST &#x27;/users/login/&#x27;&gt;</pre></td>
E                           </tr>
E                         
E                           <tr>
E                             <td>response</td>
E                             <td class="code"><pre>None</pre></td>
E                           </tr>
E                         
E                           <tr>
E                             <td>self</td>
E                             <td class="code"><pre>&lt;django.core.handlers.asgi.ASGIHandler object at 0x107235940&gt;</pre></td>
E                           </tr>
E                         
E                           <tr>
E                             <td>wrapped_callback</td>
E                             <td class="code"><pre>&lt;asgiref.sync.SyncToAsync object at 0x1088cc410&gt;</pre></td>
E                           </tr>
E                         
E                       </tbody>
E                     </table>
E                     </details>
E                   
E                 </li>
E               
E                 
E                 <li class="frame django">
E                   
E                     <code class="fname">/Users/mohamedbechirdiarra/Downloads/prototypeGamma/Backend/venv/lib/python3.13/site-packages/django/views/decorators/csrf.py</code>, line 65, in _view_wrapper
E                   
E         
E                   
E                     <div class="context" id="c4436756736">
E                       
E                         <ol start="58" class="pre-context" id="pre4436756736">
E                         
E                           <li onclick="toggle('pre4436756736', 'post4436756736')"><pre></pre></li>
E                         
E                           <li onclick="toggle('pre4436756736', 'post4436756736')"><pre>        async def _view_wrapper(request, *args, **kwargs):</pre></li>
E                         
E                           <li onclick="toggle('pre4436756736', 'post4436756736')"><pre>            return await view_func(request, *args, **kwargs)</pre></li>
E                         
E                           <li onclick="toggle('pre4436756736', 'post4436756736')"><pre></pre></li>
E                         
E                           <li onclick="toggle('pre4436756736', 'post4436756736')"><pre>    else:</pre></li>
E                         
E                           <li onclick="toggle('pre4436756736', 'post4436756736')"><pre></pre></li>
E                         
E                           <li onclick="toggle('pre4436756736', 'post4436756736')"><pre>        def _view_wrapper(request, *args, **kwargs):</pre></li>
E                         
E                         </ol>
E                       
E                       <ol start="65" class="context-line">
E                         <li onclick="toggle('pre4436756736', 'post4436756736')"><pre>            return view_func(request, *args, **kwargs)
E                                ^^^^^^^^^^^^^^^^^^^^^^^^^^^^^^^^^^^</pre> <span>…</span></li>
E                       </ol>
E                       
E                         <ol start='66' class="post-context" id="post4436756736">
E                           
E                           <li onclick="toggle('pre4436756736', 'post4436756736')"><pre></pre></li>
E                           
E                           <li onclick="toggle('pre4436756736', 'post4436756736')"><pre>    _view_wrapper.csrf_exempt = True</pre></li>
E                           
E                           <li onclick="toggle('pre4436756736', 'post4436756736')"><pre></pre></li>
E                           
E                           <li onclick="toggle('pre4436756736', 'post4436756736')"><pre>    return wraps(view_func)(_view_wrapper)</pre></li>
E                           
E                       </ol>
E                       
E                     </div>
E                   
E         
E                   
E                     
E                       <details>
E                         <summary class="commands">Local vars</summary>
E                     
E                     <table class="vars" id="v4436756736">
E                       <thead>
E                         <tr>
E                           <th scope="col">Variable</th>
E                           <th scope="col">Value</th>
E                         </tr>
E                       </thead>
E                       <tbody>
E                         
E                           <tr>
E                             <td>args</td>
E                             <td class="code"><pre>()</pre></td>
E                           </tr>
E                         
E                           <tr>
E                             <td>kwargs</td>
E                             <td class="code"><pre>{}</pre></td>
E                           </tr>
E                         
E                           <tr>
E                             <td>request</td>
E                             <td class="code"><pre>&lt;ASGIRequest: POST &#x27;/users/login/&#x27;&gt;</pre></td>
E                           </tr>
E                         
E                           <tr>
E                             <td>view_func</td>
E                             <td class="code"><pre>&lt;function UserViewSet at 0x107747ba0&gt;</pre></td>
E                           </tr>
E                         
E                       </tbody>
E                     </table>
E                     </details>
E                   
E                 </li>
E               
E                 
E                 <li class="frame user">
E                   
E                     <code class="fname">/Users/mohamedbechirdiarra/Downloads/prototypeGamma/Backend/venv/lib/python3.13/site-packages/rest_framework/viewsets.py</code>, line 125, in view
E                   
E         
E                   
E                     <div class="context" id="c4438444160">
E                       
E                         <ol start="118" class="pre-context" id="pre4438444160">
E                         
E                           <li onclick="toggle('pre4438444160', 'post4438444160')"><pre>                setattr(self, method, handler)</pre></li>
E                         
E                           <li onclick="toggle('pre4438444160', 'post4438444160')"><pre></pre></li>
E                         
E                           <li onclick="toggle('pre4438444160', 'post4438444160')"><pre>            self.request = request</pre></li>
E                         
E                           <li onclick="toggle('pre4438444160', 'post4438444160')"><pre>            self.args = args</pre></li>
E                         
E                           <li onclick="toggle('pre4438444160', 'post4438444160')"><pre>            self.kwargs = kwargs</pre></li>
E                         
E                           <li onclick="toggle('pre4438444160', 'post4438444160')"><pre></pre></li>
E                         
E                           <li onclick="toggle('pre4438444160', 'post4438444160')"><pre>            # And continue as usual</pre></li>
E                         
E                         </ol>
E                       
E                       <ol start="125" class="context-line">
E                         <li onclick="toggle('pre4438444160', 'post4438444160')"><pre>            return self.dispatch(request, *args, **kwargs)
E                                 ^^^^^^^^^^^^^^^^^^^^^^^^^^^^^^^^^^^^^^^</pre> <span>…</span></li>
E                       </ol>
E                       
E                         <ol start='126' class="post-context" id="post4438444160">
E                           
E                           <li onclick="toggle('pre4438444160', 'post4438444160')"><pre></pre></li>
E                           
E                           <li onclick="toggle('pre4438444160', 'post4438444160')"><pre>        # take name and docstring from class</pre></li>
E                           
E                           <li onclick="toggle('pre4438444160', 'post4438444160')"><pre>        update_wrapper(view, cls, updated=())</pre></li>
E                           
E                           <li onclick="toggle('pre4438444160', 'post4438444160')"><pre></pre></li>
E                           
E                           <li onclick="toggle('pre4438444160', 'post4438444160')"><pre>        # and possible attributes set by decorators</pre></li>
E                           
E                           <li onclick="toggle('pre4438444160', 'post4438444160')"><pre>        # like csrf_exempt from dispatch</pre></li>
E                           
E                       </ol>
E                       
E                     </div>
E                   
E         
E                   
E                     
E                       <details>
E                         <summary class="commands">Local vars</summary>
E                     
E                     <table class="vars" id="v4438444160">
E                       <thead>
E                         <tr>
E                           <th scope="col">Variable</th>
E                           <th scope="col">Value</th>
E                         </tr>
E                       </thead>
E                       <tbody>
E                         
E                           <tr>
E                             <td>action</td>
E                             <td class="code"><pre>&#x27;login&#x27;</pre></td>
E                           </tr>
E                         
E                           <tr>
E                             <td>actions</td>
E                             <td class="code"><pre>{&#x27;post&#x27;: &#x27;login&#x27;}</pre></td>
E                           </tr>
E                         
E                           <tr>
E                             <td>args</td>
E                             <td class="code"><pre>()</pre></td>
E                           </tr>
E                         
E                           <tr>
E                             <td>cls</td>
E                             <td class="code"><pre>&lt;class &#x27;users.views.UserViewSet&#x27;&gt;</pre></td>
E                           </tr>
E                         
E                           <tr>
E                             <td>handler</td>
E                             <td class="code"><pre>&lt;bound method UserViewSet.login of &lt;users.views.UserViewSet object at 0x108826af0&gt;&gt;</pre></td>
E                           </tr>
E                         
E                           <tr>
E                             <td>initkwargs</td>
E                             <td class="code"><pre>{}</pre></td>
E                           </tr>
E                         
E                           <tr>
E                             <td>kwargs</td>
E                             <td class="code"><pre>{}</pre></td>
E                           </tr>
E                         
E                           <tr>
E                             <td>method</td>
E                             <td class="code"><pre>&#x27;post&#x27;</pre></td>
E                           </tr>
E                         
E                           <tr>
E                             <td>request</td>
E                             <td class="code"><pre>&lt;ASGIRequest: POST &#x27;/users/login/&#x27;&gt;</pre></td>
E                           </tr>
E                         
E                           <tr>
E                             <td>self</td>
E                             <td class="code"><pre>&lt;users.views.UserViewSet object at 0x108826af0&gt;</pre></td>
E                           </tr>
E                         
E                       </tbody>
E                     </table>
E                     </details>
E                   
E                 </li>
E               
E                 
E                 <li class="frame user">
E                   
E                     <code class="fname">/Users/mohamedbechirdiarra/Downloads/prototypeGamma/Backend/users/views.py</code>, line 641, in dispatch
E                   
E         
E                   
E                     <div class="context" id="c4438446016">
E                       
E                         <ol start="634" class="pre-context" id="pre4438446016">
E                         
E                           <li onclick="toggle('pre4438446016', 'post4438446016')"><pre>            phone = None</pre></li>
E                         
E                           <li onclick="toggle('pre4438446016', 'post4438446016')"><pre>            if hasattr(user, &#x27;client_profile&#x27;):</pre></li>
E                         
E                           <li onclick="toggle('pre4438446016', 'post4438446016')"><pre>                phone = getattr(user.client_profile, &#x27;phone&#x27;, None)</pre></li>
E                         
E                           <li onclick="toggle('pre4438446016', 'post4438446016')"><pre>            elif hasattr(user, &#x27;technician_profile&#x27;):</pre></li>
E                         
E                           <li onclick="toggle('pre4438446016', 'post4438446016')"><pre>                phone = getattr(user.technician_profile, &#x27;phone&#x27;, None)</pre></li>
E                         
E                           <li onclick="toggle('pre4438446016', 'post4438446016')"><pre>            if not phone:</pre></li>
E                         
E                           <li onclick="toggle('pre4438446016', 'post4438446016')"><pre>                return Response({&#x27;error&#x27;: &#x27;Numéro de téléphone obligatoire. Veuillez compléter votre profil.&#x27;}, status=403)</pre></li>
E                         
E                         </ol>
E                       
E                       <ol start="641" class="context-line">
E                         <li onclick="toggle('pre4438446016', 'post4438446016')"><pre>        return super().dispatch(request, *args, **kwargs)
E                             ^^^^^^^^^^^^^^^^^^^^^^^^^^^^^^^^^^^^^^^^^^</pre> <span>…</span></li>
E                       </ol>
E                       
E                         <ol start='642' class="post-context" id="post4438446016">
E                           
E                           <li onclick="toggle('pre4438446016', 'post4438446016')"><pre></pre></li>
E                           
E                           <li onclick="toggle('pre4438446016', 'post4438446016')"><pre>class SecurityDashboardView(APIView):</pre></li>
E                           
E                           <li onclick="toggle('pre4438446016', 'post4438446016')"><pre>    permission_classes = [IsAdminUser]</pre></li>
E                           
E                           <li onclick="toggle('pre4438446016', 'post4438446016')"><pre></pre></li>
E                           
E                           <li onclick="toggle('pre4438446016', 'post4438446016')"><pre>    def get(self, request):</pre></li>
E                           
E                           <li onclick="toggle('pre4438446016', 'post4438446016')"><pre>        now = timezone.now()</pre></li>
E                           
E                       </ol>
E                       
E                     </div>
E                   
E         
E                   
E                     
E                       <details>
E                         <summary class="commands">Local vars</summary>
E                     
E                     <table class="vars" id="v4438446016">
E                       <thead>
E                         <tr>
E                           <th scope="col">Variable</th>
E                           <th scope="col">Value</th>
E                         </tr>
E                       </thead>
E                       <tbody>
E                         
E                           <tr>
E                             <td>__class__</td>
E                             <td class="code"><pre>&lt;class &#x27;users.views.UserViewSet&#x27;&gt;</pre></td>
E                           </tr>
E                         
E                           <tr>
E                             <td>action</td>
E                             <td class="code"><pre>None</pre></td>
E                           </tr>
E                         
E                           <tr>
E                             <td>args</td>
E                             <td class="code"><pre>()</pre></td>
E                           </tr>
E                         
E                           <tr>
E                             <td>exempt_actions</td>
E                             <td class="code"><pre>[&#x27;register&#x27;, &#x27;login&#x27;, &#x27;refresh_token&#x27;, &#x27;update_profile&#x27;, &#x27;me&#x27;]</pre></td>
E                           </tr>
E                         
E                           <tr>
E                             <td>kwargs</td>
E                             <td class="code"><pre>{}</pre></td>
E                           </tr>
E                         
E                           <tr>
E                             <td>request</td>
E                             <td class="code"><pre>&lt;ASGIRequest: POST &#x27;/users/login/&#x27;&gt;</pre></td>
E                           </tr>
E                         
E                           <tr>
E                             <td>self</td>
E                             <td class="code"><pre>&lt;users.views.UserViewSet object at 0x108826af0&gt;</pre></td>
E                           </tr>
E                         
E                       </tbody>
E                     </table>
E                     </details>
E                   
E                 </li>
E               
E                 
E                 <li class="frame user">
E                   
E                     <code class="fname">/Users/mohamedbechirdiarra/Downloads/prototypeGamma/Backend/venv/lib/python3.13/site-packages/rest_framework/views.py</code>, line 515, in dispatch
E                   
E         
E                   
E                     <div class="context" id="c4436754816">
E                       
E                         <ol start="508" class="pre-context" id="pre4436754816">
E                         
E                           <li onclick="toggle('pre4436754816', 'post4436754816')"><pre>                                  self.http_method_not_allowed)</pre></li>
E                         
E                           <li onclick="toggle('pre4436754816', 'post4436754816')"><pre>            else:</pre></li>
E                         
E                           <li onclick="toggle('pre4436754816', 'post4436754816')"><pre>                handler = self.http_method_not_allowed</pre></li>
E                         
E                           <li onclick="toggle('pre4436754816', 'post4436754816')"><pre></pre></li>
E                         
E                           <li onclick="toggle('pre4436754816', 'post4436754816')"><pre>            response = handler(request, *args, **kwargs)</pre></li>
E                         
E                           <li onclick="toggle('pre4436754816', 'post4436754816')"><pre></pre></li>
E                         
E                           <li onclick="toggle('pre4436754816', 'post4436754816')"><pre>        except Exception as exc:</pre></li>
E                         
E                         </ol>
E                       
E                       <ol start="515" class="context-line">
E                         <li onclick="toggle('pre4436754816', 'post4436754816')"><pre>            response = self.handle_exception(exc)
E                                     ^^^^^^^^^^^^^^^^^^^^^^^^^^</pre> <span>…</span></li>
E                       </ol>
E                       
E                         <ol start='516' class="post-context" id="post4436754816">
E                           
E                           <li onclick="toggle('pre4436754816', 'post4436754816')"><pre></pre></li>
E                           
E                           <li onclick="toggle('pre4436754816', 'post4436754816')"><pre>        self.response = self.finalize_response(request, response, *args, **kwargs)</pre></li>
E                           
E                           <li onclick="toggle('pre4436754816', 'post4436754816')"><pre>        return self.response</pre></li>
E                           
E                           <li onclick="toggle('pre4436754816', 'post4436754816')"><pre></pre></li>
E                           
E                           <li onclick="toggle('pre4436754816', 'post4436754816')"><pre>    def options(self, request, *args, **kwargs):</pre></li>
E                           
E                           <li onclick="toggle('pre4436754816', 'post4436754816')"><pre>        &quot;&quot;&quot;</pre></li>
E                           
E                       </ol>
E                       
E                     </div>
E                   
E         
E                   
E                     
E                       <details>
E                         <summary class="commands">Local vars</summary>
E                     
E                     <table class="vars" id="v4436754816">
E                       <thead>
E                         <tr>
E                           <th scope="col">Variable</th>
E                           <th scope="col">Value</th>
E                         </tr>
E                       </thead>
E                       <tbody>
E                         
E                           <tr>
E                             <td>args</td>
E                             <td class="code"><pre>()</pre></td>
E                           </tr>
E                         
E                           <tr>
E                             <td>handler</td>
E                             <td class="code"><pre>&lt;bound method UserViewSet.login of &lt;users.views.UserViewSet object at 0x108826af0&gt;&gt;</pre></td>
E                           </tr>
E                         
E                           <tr>
E                             <td>kwargs</td>
E                             <td class="code"><pre>{}</pre></td>
E                           </tr>
E                         
E                           <tr>
E                             <td>request</td>
E                             <td class="code"><pre>&lt;rest_framework.request.Request: POST &#x27;/users/login/&#x27;&gt;</pre></td>
E                           </tr>
E                         
E                           <tr>
E                             <td>self</td>
E                             <td class="code"><pre>&lt;users.views.UserViewSet object at 0x108826af0&gt;</pre></td>
E                           </tr>
E                         
E                       </tbody>
E                     </table>
E                     </details>
E                   
E                 </li>
E               
E                 
E                 <li class="frame user">
E                   
E                     <code class="fname">/Users/mohamedbechirdiarra/Downloads/prototypeGamma/Backend/venv/lib/python3.13/site-packages/rest_framework/views.py</code>, line 475, in handle_exception
E                   
E         
E                   
E                     <div class="context" id="c4436767488">
E                       
E                         <ol start="468" class="pre-context" id="pre4436767488">
E                         
E                           <li onclick="toggle('pre4436767488', 'post4436767488')"><pre></pre></li>
E                         
E                           <li onclick="toggle('pre4436767488', 'post4436767488')"><pre>        exception_handler = self.get_exception_handler()</pre></li>
E                         
E                           <li onclick="toggle('pre4436767488', 'post4436767488')"><pre></pre></li>
E                         
E                           <li onclick="toggle('pre4436767488', 'post4436767488')"><pre>        context = self.get_exception_handler_context()</pre></li>
E                         
E                           <li onclick="toggle('pre4436767488', 'post4436767488')"><pre>        response = exception_handler(exc, context)</pre></li>
E                         
E                           <li onclick="toggle('pre4436767488', 'post4436767488')"><pre></pre></li>
E                         
E                           <li onclick="toggle('pre4436767488', 'post4436767488')"><pre>        if response is None:</pre></li>
E                         
E                         </ol>
E                       
E                       <ol start="475" class="context-line">
E                         <li onclick="toggle('pre4436767488', 'post4436767488')"><pre>            self.raise_uncaught_exception(exc)
E                          ^^^^^^^^^^^^^^^^^^^^^^^^^^^^^^^^^^</pre> <span>…</span></li>
E                       </ol>
E                       
E                         <ol start='476' class="post-context" id="post4436767488">
E                           
E                           <li onclick="toggle('pre4436767488', 'post4436767488')"><pre></pre></li>
E                           
E                           <li onclick="toggle('pre4436767488', 'post4436767488')"><pre>        response.exception = True</pre></li>
E                           
E                           <li onclick="toggle('pre4436767488', 'post4436767488')"><pre>        return response</pre></li>
E                           
E                           <li onclick="toggle('pre4436767488', 'post4436767488')"><pre></pre></li>
E                           
E                           <li onclick="toggle('pre4436767488', 'post4436767488')"><pre>    def raise_uncaught_exception(self, exc):</pre></li>
E                           
E                           <li onclick="toggle('pre4436767488', 'post4436767488')"><pre>        if settings.DEBUG:</pre></li>
E                           
E                       </ol>
E                       
E                     </div>
E                   
E         
E                   
E                     
E                       <details>
E                         <summary class="commands">Local vars</summary>
E                     
E                     <table class="vars" id="v4436767488">
E                       <thead>
E                         <tr>
E                           <th scope="col">Variable</th>
E                           <th scope="col">Value</th>
E                         </tr>
E                       </thead>
E                       <tbody>
E                         
E                           <tr>
E                             <td>context</td>
E                             <td class="code"><pre>{&#x27;args&#x27;: (),
E          &#x27;kwargs&#x27;: {},
E          &#x27;request&#x27;: &lt;rest_framework.request.Request: POST &#x27;/users/login/&#x27;&gt;,
E          &#x27;view&#x27;: &lt;users.views.UserViewSet object at 0x108826af0&gt;}</pre></td>
E                           </tr>
E                         
E                           <tr>
E                             <td>exc</td>
E                             <td class="code"><pre>IntegrityError(&#x27;FOREIGN KEY constraint failed&#x27;)</pre></td>
E                           </tr>
E                         
E                           <tr>
E                             <td>exception_handler</td>
E                             <td class="code"><pre>&lt;function exception_handler at 0x10770f100&gt;</pre></td>
E                           </tr>
E                         
E                           <tr>
E                             <td>response</td>
E                             <td class="code"><pre>None</pre></td>
E                           </tr>
E                         
E                           <tr>
E                             <td>self</td>
E                             <td class="code"><pre>&lt;users.views.UserViewSet object at 0x108826af0&gt;</pre></td>
E                           </tr>
E                         
E                       </tbody>
E                     </table>
E                     </details>
E                   
E                 </li>
E               
E                 
E                 <li class="frame user">
E                   
E                     <code class="fname">/Users/mohamedbechirdiarra/Downloads/prototypeGamma/Backend/venv/lib/python3.13/site-packages/rest_framework/views.py</code>, line 486, in raise_uncaught_exception
E                   
E         
E                   
E                     <div class="context" id="c4436770240">
E                       
E                         <ol start="479" class="pre-context" id="pre4436770240">
E                         
E                           <li onclick="toggle('pre4436770240', 'post4436770240')"><pre></pre></li>
E                         
E                           <li onclick="toggle('pre4436770240', 'post4436770240')"><pre>    def raise_uncaught_exception(self, exc):</pre></li>
E                         
E                           <li onclick="toggle('pre4436770240', 'post4436770240')"><pre>        if settings.DEBUG:</pre></li>
E                         
E                           <li onclick="toggle('pre4436770240', 'post4436770240')"><pre>            request = self.request</pre></li>
E                         
E                           <li onclick="toggle('pre4436770240', 'post4436770240')"><pre>            renderer_format = getattr(request.accepted_renderer, &#x27;format&#x27;)</pre></li>
E                         
E                           <li onclick="toggle('pre4436770240', 'post4436770240')"><pre>            use_plaintext_traceback = renderer_format not in (&#x27;html&#x27;, &#x27;api&#x27;, &#x27;admin&#x27;)</pre></li>
E                         
E                           <li onclick="toggle('pre4436770240', 'post4436770240')"><pre>            request.force_plaintext_errors(use_plaintext_traceback)</pre></li>
E                         
E                         </ol>
E                       
E                       <ol start="486" class="context-line">
E                         <li onclick="toggle('pre4436770240', 'post4436770240')"><pre>        raise exc
E                      ^^^^^^^^^</pre> <span>…</span></li>
E                       </ol>
E                       
E                         <ol start='487' class="post-context" id="post4436770240">
E                           
E                           <li onclick="toggle('pre4436770240', 'post4436770240')"><pre></pre></li>
E                           
E                           <li onclick="toggle('pre4436770240', 'post4436770240')"><pre>    # Note: Views are made CSRF exempt from within `as_view` as to prevent</pre></li>
E                           
E                           <li onclick="toggle('pre4436770240', 'post4436770240')"><pre>    # accidental removal of this exemption in cases where `dispatch` needs to</pre></li>
E                           
E                           <li onclick="toggle('pre4436770240', 'post4436770240')"><pre>    # be overridden.</pre></li>
E                           
E                           <li onclick="toggle('pre4436770240', 'post4436770240')"><pre>    def dispatch(self, request, *args, **kwargs):</pre></li>
E                           
E                           <li onclick="toggle('pre4436770240', 'post4436770240')"><pre>        &quot;&quot;&quot;</pre></li>
E                           
E                       </ol>
E                       
E                     </div>
E                   
E         
E                   
E                     
E                       <details>
E                         <summary class="commands">Local vars</summary>
E                     
E                     <table class="vars" id="v4436770240">
E                       <thead>
E                         <tr>
E                           <th scope="col">Variable</th>
E                           <th scope="col">Value</th>
E                         </tr>
E                       </thead>
E                       <tbody>
E                         
E                           <tr>
E                             <td>exc</td>
E                             <td class="code"><pre>IntegrityError(&#x27;FOREIGN KEY constraint failed&#x27;)</pre></td>
E                           </tr>
E                         
E                           <tr>
E                             <td>renderer_format</td>
E                             <td class="code"><pre>&#x27;json&#x27;</pre></td>
E                           </tr>
E                         
E                           <tr>
E                             <td>request</td>
E                             <td class="code"><pre>&lt;rest_framework.request.Request: POST &#x27;/users/login/&#x27;&gt;</pre></td>
E                           </tr>
E                         
E                           <tr>
E                             <td>self</td>
E                             <td class="code"><pre>&lt;users.views.UserViewSet object at 0x108826af0&gt;</pre></td>
E                           </tr>
E                         
E                           <tr>
E                             <td>use_plaintext_traceback</td>
E                             <td class="code"><pre>True</pre></td>
E                           </tr>
E                         
E                       </tbody>
E                     </table>
E                     </details>
E                   
E                 </li>
E               
E                 
E                 <li class="frame user">
E                   
E                     <code class="fname">/Users/mohamedbechirdiarra/Downloads/prototypeGamma/Backend/venv/lib/python3.13/site-packages/rest_framework/views.py</code>, line 512, in dispatch
E                   
E         
E                   
E                     <div class="context" id="c4436758592">
E                       
E                         <ol start="505" class="pre-context" id="pre4436758592">
E                         
E                           <li onclick="toggle('pre4436758592', 'post4436758592')"><pre>            # Get the appropriate handler method</pre></li>
E                         
E                           <li onclick="toggle('pre4436758592', 'post4436758592')"><pre>            if request.method.lower() in self.http_method_names:</pre></li>
E                         
E                           <li onclick="toggle('pre4436758592', 'post4436758592')"><pre>                handler = getattr(self, request.method.lower(),</pre></li>
E                         
E                           <li onclick="toggle('pre4436758592', 'post4436758592')"><pre>                                  self.http_method_not_allowed)</pre></li>
E                         
E                           <li onclick="toggle('pre4436758592', 'post4436758592')"><pre>            else:</pre></li>
E                         
E                           <li onclick="toggle('pre4436758592', 'post4436758592')"><pre>                handler = self.http_method_not_allowed</pre></li>
E                         
E                           <li onclick="toggle('pre4436758592', 'post4436758592')"><pre></pre></li>
E                         
E                         </ol>
E                       
E                       <ol start="512" class="context-line">
E                         <li onclick="toggle('pre4436758592', 'post4436758592')"><pre>            response = handler(request, *args, **kwargs)
E                                     ^^^^^^^^^^^^^^^^^^^^^^^^^^^^^^^^^</pre> <span>…</span></li>
E                       </ol>
E                       
E                         <ol start='513' class="post-context" id="post4436758592">
E                           
E                           <li onclick="toggle('pre4436758592', 'post4436758592')"><pre></pre></li>
E                           
E                           <li onclick="toggle('pre4436758592', 'post4436758592')"><pre>        except Exception as exc:</pre></li>
E                           
E                           <li onclick="toggle('pre4436758592', 'post4436758592')"><pre>            response = self.handle_exception(exc)</pre></li>
E                           
E                           <li onclick="toggle('pre4436758592', 'post4436758592')"><pre></pre></li>
E                           
E                           <li onclick="toggle('pre4436758592', 'post4436758592')"><pre>        self.response = self.finalize_response(request, response, *args, **kwargs)</pre></li>
E                           
E                           <li onclick="toggle('pre4436758592', 'post4436758592')"><pre>        return self.response</pre></li>
E                           
E                       </ol>
E                       
E                     </div>
E                   
E         
E                   
E                     
E                       <details>
E                         <summary class="commands">Local vars</summary>
E                     
E                     <table class="vars" id="v4436758592">
E                       <thead>
E                         <tr>
E                           <th scope="col">Variable</th>
E                           <th scope="col">Value</th>
E                         </tr>
E                       </thead>
E                       <tbody>
E                         
E                           <tr>
E                             <td>args</td>
E                             <td class="code"><pre>()</pre></td>
E                           </tr>
E                         
E                           <tr>
E                             <td>handler</td>
E                             <td class="code"><pre>&lt;bound method UserViewSet.login of &lt;users.views.UserViewSet object at 0x108826af0&gt;&gt;</pre></td>
E                           </tr>
E                         
E                           <tr>
E                             <td>kwargs</td>
E                             <td class="code"><pre>{}</pre></td>
E                           </tr>
E                         
E                           <tr>
E                             <td>request</td>
E                             <td class="code"><pre>&lt;rest_framework.request.Request: POST &#x27;/users/login/&#x27;&gt;</pre></td>
E                           </tr>
E                         
E                           <tr>
E                             <td>self</td>
E                             <td class="code"><pre>&lt;users.views.UserViewSet object at 0x108826af0&gt;</pre></td>
E                           </tr>
E                         
E                       </tbody>
E                     </table>
E                     </details>
E                   
E                 </li>
E               
E                 
E                 <li class="frame user">
E                   
E                     <code class="fname">/Users/mohamedbechirdiarra/Downloads/prototypeGamma/Backend/users/views.py</code>, line 382, in login
E                   
E         
E                   
E                     <div class="context" id="c4436758080">
E                       
E                         <ol start="375" class="pre-context" id="pre4436758080">
E                         
E                           <li onclick="toggle('pre4436758080', 'post4436758080')"><pre>                            event_type=&quot;login_high_risk&quot;</pre></li>
E                         
E                           <li onclick="toggle('pre4436758080', 'post4436758080')"><pre>                        )</pre></li>
E                         
E                           <li onclick="toggle('pre4436758080', 'post4436758080')"><pre>                    return Response({</pre></li>
E                         
E                           <li onclick="toggle('pre4436758080', 'post4436758080')"><pre>                        &#x27;otp_required&#x27;: True,</pre></li>
E                         
E                           <li onclick="toggle('pre4436758080', 'post4436758080')"><pre>                        &#x27;session_uuid&#x27;: str(otp.session_uuid),</pre></li>
E                         
E                           <li onclick="toggle('pre4436758080', 'post4436758080')"><pre>                        &#x27;message&#x27;: &#x27;Un code de vérification a été envoyé à votre email.&#x27;</pre></li>
E                         
E                           <li onclick="toggle('pre4436758080', 'post4436758080')"><pre>                    }, status=200)</pre></li>
E                         
E                         </ol>
E                       
E                       <ol start="382" class="context-line">
E                         <li onclick="toggle('pre4436758080', 'post4436758080')"><pre>                log_event(request, &#x27;login&#x27;, &#x27;success&#x27;, risk_score=risk_score, metadata={}, user=user)
E                              ^^^^^^^^^^^^^^^^^^^^^^^^^^^^^^^^^^^^^^^^^^^^^^^^^^^^^^^^^^^^^^^^^^^^^^^^^^^^^^^^^^^^^</pre> <span>…</span></li>
E                       </ol>
E                       
E                         <ol start='383' class="post-context" id="post4436758080">
E                           
E                           <li onclick="toggle('pre4436758080', 'post4436758080')"><pre>                refresh = RefreshToken.for_user(user)</pre></li>
E                           
E                           <li onclick="toggle('pre4436758080', 'post4436758080')"><pre>                return Response({</pre></li>
E                           
E                           <li onclick="toggle('pre4436758080', 'post4436758080')"><pre>                    &#x27;user&#x27;: UserSerializer(user).data,</pre></li>
E                           
E                           <li onclick="toggle('pre4436758080', 'post4436758080')"><pre>                    &#x27;profile&#x27;: self.get_profile_data(user),</pre></li>
E                           
E                           <li onclick="toggle('pre4436758080', 'post4436758080')"><pre>                    &#x27;refresh&#x27;: str(refresh),</pre></li>
E                           
E                           <li onclick="toggle('pre4436758080', 'post4436758080')"><pre>                    &#x27;access&#x27;: str(refresh.access_token),</pre></li>
E                           
E                       </ol>
E                       
E                     </div>
E                   
E         
E                   
E                     
E                       <details>
E                         <summary class="commands">Local vars</summary>
E                     
E                     <table class="vars" id="v4436758080">
E                       <thead>
E                         <tr>
E                           <th scope="col">Variable</th>
E                           <th scope="col">Value</th>
E                         </tr>
E                       </thead>
E                       <tbody>
E                         
E                           <tr>
E                             <td>email</td>
E                             <td class="code"><pre>&#x27;testuser_7c1wpl@example.com&#x27;</pre></td>
E                           </tr>
E                         
E                           <tr>
E                             <td>password</td>
E                             <td class="code"><pre>&#x27;TestUser1234!&#x27;</pre></td>
E                           </tr>
E                         
E                           <tr>
E                             <td>request</td>
E                             <td class="code"><pre>&lt;rest_framework.request.Request: POST &#x27;/users/login/&#x27;&gt;</pre></td>
E                           </tr>
E                         
E                           <tr>
E                             <td>risk_score</td>
E                             <td class="code"><pre>0</pre></td>
E                           </tr>
E                         
E                           <tr>
E                             <td>self</td>
E                             <td class="code"><pre>&lt;users.views.UserViewSet object at 0x108826af0&gt;</pre></td>
E                           </tr>
E                         
E                           <tr>
E                             <td>user</td>
E                             <td class="code"><pre>&lt;User: testuser_7c1wpl (Client)&gt;</pre></td>
E                           </tr>
E                         
E                       </tbody>
E                     </table>
E                     </details>
E                   
E                 </li>
E               
E                 
E                 <li class="frame user">
E                   
E                     <code class="fname">/Users/mohamedbechirdiarra/Downloads/prototypeGamma/Backend/users/utils.py</code>, line 14, in log_event
E                   
E         
E                   
E                     <div class="context" id="c4436768256">
E                       
E                         <ol start="7" class="pre-context" id="pre4436768256">
E                         
E                           <li onclick="toggle('pre4436768256', 'post4436768256')"><pre>    if user is None:</pre></li>
E                         
E                           <li onclick="toggle('pre4436768256', 'post4436768256')"><pre>        user = request.user if hasattr(request, &#x27;user&#x27;) and request.user.is_authenticated else None</pre></li>
E                         
E                           <li onclick="toggle('pre4436768256', 'post4436768256')"><pre>    ip = request.META.get(&#x27;REMOTE_ADDR&#x27;)</pre></li>
E                         
E                           <li onclick="toggle('pre4436768256', 'post4436768256')"><pre>    user_agent = request.META.get(&#x27;HTTP_USER_AGENT&#x27;, &#x27;&#x27;)</pre></li>
E                         
E                           <li onclick="toggle('pre4436768256', 'post4436768256')"><pre>    geo_country = getattr(request, &#x27;geoip_country&#x27;, &#x27;&#x27;) or request.META.get(&#x27;GEOIP_COUNTRY&#x27;, &#x27;&#x27;)</pre></li>
E                         
E                           <li onclick="toggle('pre4436768256', 'post4436768256')"><pre>    geo_city = getattr(request, &#x27;geoip_city&#x27;, &#x27;&#x27;) or request.META.get(&#x27;GEOIP_CITY&#x27;, &#x27;&#x27;)</pre></li>
E                         
E                           <li onclick="toggle('pre4436768256', 'post4436768256')"><pre>    location = get_location_from_ip(ip)</pre></li>
E                         
E                         </ol>
E                       
E                       <ol start="14" class="context-line">
E                         <li onclick="toggle('pre4436768256', 'post4436768256')"><pre>    AuditLog.objects.create(
E                 ^</pre> <span>…</span></li>
E                       </ol>
E                       
E                         <ol start='15' class="post-context" id="post4436768256">
E                           
E                           <li onclick="toggle('pre4436768256', 'post4436768256')"><pre>        user=user,</pre></li>
E                           
E                           <li onclick="toggle('pre4436768256', 'post4436768256')"><pre>        ip_address=ip,</pre></li>
E                           
E                           <li onclick="toggle('pre4436768256', 'post4436768256')"><pre>        user_agent=user_agent,</pre></li>
E                           
E                           <li onclick="toggle('pre4436768256', 'post4436768256')"><pre>        event_type=event_type,</pre></li>
E                           
E                           <li onclick="toggle('pre4436768256', 'post4436768256')"><pre>        status=status,</pre></li>
E                           
E                           <li onclick="toggle('pre4436768256', 'post4436768256')"><pre>        geo_country=geo_country,</pre></li>
E                           
E                       </ol>
E                       
E                     </div>
E                   
E         
E                   
E                     
E                       <details>
E                         <summary class="commands">Local vars</summary>
E                     
E                     <table class="vars" id="v4436768256">
E                       <thead>
E                         <tr>
E                           <th scope="col">Variable</th>
E                           <th scope="col">Value</th>
E                         </tr>
E                       </thead>
E                       <tbody>
E                         
E                           <tr>
E                             <td>event_type</td>
E                             <td class="code"><pre>&#x27;login&#x27;</pre></td>
E                           </tr>
E                         
E                           <tr>
E                             <td>geo_city</td>
E                             <td class="code"><pre>&#x27;&#x27;</pre></td>
E                           </tr>
E                         
E                           <tr>
E                             <td>geo_country</td>
E                             <td class="code"><pre>&#x27;&#x27;</pre></td>
E                           </tr>
E                         
E                           <tr>
E                             <td>ip</td>
E                             <td class="code"><pre>&#x27;127.0.0.1&#x27;</pre></td>
E                           </tr>
E                         
E                           <tr>
E                             <td>location</td>
E                             <td class="code"><pre>None</pre></td>
E                           </tr>
E                         
E                           <tr>
E                             <td>metadata</td>
E                             <td class="code"><pre>{}</pre></td>
E                           </tr>
E                         
E                           <tr>
E                             <td>request</td>
E                             <td class="code"><pre>&lt;rest_framework.request.Request: POST &#x27;/users/login/&#x27;&gt;</pre></td>
E                           </tr>
E                         
E                           <tr>
E                             <td>risk_score</td>
E                             <td class="code"><pre>0</pre></td>
E                           </tr>
E                         
E                           <tr>
E                             <td>status</td>
E                             <td class="code"><pre>&#x27;success&#x27;</pre></td>
E                           </tr>
E                         
E                           <tr>
E                             <td>user</td>
E                             <td class="code"><pre>&lt;User: testuser_7c1wpl (Client)&gt;</pre></td>
E                           </tr>
E                         
E                           <tr>
E                             <td>user_agent</td>
E                             <td class="code"><pre>&#x27;python-requests/2.32.4&#x27;</pre></td>
E                           </tr>
E                         
E                       </tbody>
E                     </table>
E                     </details>
E                   
E                 </li>
E               
E                 
E                 <li class="frame django">
E                   
E                     <code class="fname">/Users/mohamedbechirdiarra/Downloads/prototypeGamma/Backend/venv/lib/python3.13/site-packages/django/db/models/manager.py</code>, line 87, in manager_method
E                   
E         
E                   
E                     <div class="context" id="c4437503488">
E                       
E                         <ol start="80" class="pre-context" id="pre4437503488">
E                         
E                           <li onclick="toggle('pre4437503488', 'post4437503488')"><pre>        return []</pre></li>
E                         
E                           <li onclick="toggle('pre4437503488', 'post4437503488')"><pre></pre></li>
E                         
E                           <li onclick="toggle('pre4437503488', 'post4437503488')"><pre>    @classmethod</pre></li>
E                         
E                           <li onclick="toggle('pre4437503488', 'post4437503488')"><pre>    def _get_queryset_methods(cls, queryset_class):</pre></li>
E                         
E                           <li onclick="toggle('pre4437503488', 'post4437503488')"><pre>        def create_method(name, method):</pre></li>
E                         
E                           <li onclick="toggle('pre4437503488', 'post4437503488')"><pre>            @wraps(method)</pre></li>
E                         
E                           <li onclick="toggle('pre4437503488', 'post4437503488')"><pre>            def manager_method(self, *args, **kwargs):</pre></li>
E                         
E                         </ol>
E                       
E                       <ol start="87" class="context-line">
E                         <li onclick="toggle('pre4437503488', 'post4437503488')"><pre>                return getattr(self.get_queryset(), name)(*args, **kwargs)
E                                    ^^^^^^^^^^^^^^^^^^^^^^^^^^^^^^^^^^^^^^^^^^^^^^^^^^^</pre> <span>…</span></li>
E                       </ol>
E                       
E                         <ol start='88' class="post-context" id="post4437503488">
E                           
E                           <li onclick="toggle('pre4437503488', 'post4437503488')"><pre></pre></li>
E                           
E                           <li onclick="toggle('pre4437503488', 'post4437503488')"><pre>            return manager_method</pre></li>
E                           
E                           <li onclick="toggle('pre4437503488', 'post4437503488')"><pre></pre></li>
E                           
E                           <li onclick="toggle('pre4437503488', 'post4437503488')"><pre>        new_methods = {}</pre></li>
E                           
E                           <li onclick="toggle('pre4437503488', 'post4437503488')"><pre>        for name, method in inspect.getmembers(</pre></li>
E                           
E                           <li onclick="toggle('pre4437503488', 'post4437503488')"><pre>            queryset_class, predicate=inspect.isfunction</pre></li>
E                           
E                       </ol>
E                       
E                     </div>
E                   
E         
E                   
E                     
E                       <details>
E                         <summary class="commands">Local vars</summary>
E                     
E                     <table class="vars" id="v4437503488">
E                       <thead>
E                         <tr>
E                           <th scope="col">Variable</th>
E                           <th scope="col">Value</th>
E                         </tr>
E                       </thead>
E                       <tbody>
E                         
E                           <tr>
E                             <td>args</td>
E                             <td class="code"><pre>()</pre></td>
E                           </tr>
E                         
E                           <tr>
E                             <td>kwargs</td>
E                             <td class="code"><pre>{&#x27;event_type&#x27;: &#x27;login&#x27;,
E          &#x27;geo_city&#x27;: &#x27;&#x27;,
E          &#x27;geo_country&#x27;: &#x27;&#x27;,
E          &#x27;ip_address&#x27;: &#x27;127.0.0.1&#x27;,
E          &#x27;location&#x27;: None,
E          &#x27;metadata&#x27;: {},
E          &#x27;risk_score&#x27;: 0,
E          &#x27;status&#x27;: &#x27;success&#x27;,
E          &#x27;user&#x27;: &lt;User: testuser_7c1wpl (Client)&gt;,
E          &#x27;user_agent&#x27;: &#x27;python-requests/2.32.4&#x27;}</pre></td>
E                           </tr>
E                         
E                           <tr>
E                             <td>name</td>
E                             <td class="code"><pre>&#x27;create&#x27;</pre></td>
E                           </tr>
E                         
E                           <tr>
E                             <td>self</td>
E                             <td class="code"><pre>&lt;django.db.models.manager.Manager object at 0x10840cad0&gt;</pre></td>
E                           </tr>
E                         
E                       </tbody>
E                     </table>
E                     </details>
E                   
E                 </li>
E               
E                 
E                 <li class="frame django">
E                   
E                     <code class="fname">/Users/mohamedbechirdiarra/Downloads/prototypeGamma/Backend/venv/lib/python3.13/site-packages/django/db/models/query.py</code>, line 663, in create
E                   
E         
E                   
E                     <div class="context" id="c4436769728">
E                       
E                         <ol start="656" class="pre-context" id="pre4436769728">
E                         
E                           <li onclick="toggle('pre4436769728', 'post4436769728')"><pre>            raise ValueError(</pre></li>
E                         
E                           <li onclick="toggle('pre4436769728', 'post4436769728')"><pre>                &quot;The following fields do not exist in this model: %s&quot;</pre></li>
E                         
E                           <li onclick="toggle('pre4436769728', 'post4436769728')"><pre>                % &quot;, &quot;.join(reverse_one_to_one_fields)</pre></li>
E                         
E                           <li onclick="toggle('pre4436769728', 'post4436769728')"><pre>            )</pre></li>
E                         
E                           <li onclick="toggle('pre4436769728', 'post4436769728')"><pre></pre></li>
E                         
E                           <li onclick="toggle('pre4436769728', 'post4436769728')"><pre>        obj = self.model(**kwargs)</pre></li>
E                         
E                           <li onclick="toggle('pre4436769728', 'post4436769728')"><pre>        self._for_write = True</pre></li>
E                         
E                         </ol>
E                       
E                       <ol start="663" class="context-line">
E                         <li onclick="toggle('pre4436769728', 'post4436769728')"><pre>        obj.save(force_insert=True, using=self.db)
E                      ^^^^^^^^^^^^^^^^^^^^^^^^^^^^^^^^^^^^^^^^^^</pre> <span>…</span></li>
E                       </ol>
E                       
E                         <ol start='664' class="post-context" id="post4436769728">
E                           
E                           <li onclick="toggle('pre4436769728', 'post4436769728')"><pre>        return obj</pre></li>
E                           
E                           <li onclick="toggle('pre4436769728', 'post4436769728')"><pre></pre></li>
E                           
E                           <li onclick="toggle('pre4436769728', 'post4436769728')"><pre>    create.alters_data = True</pre></li>
E                           
E                           <li onclick="toggle('pre4436769728', 'post4436769728')"><pre></pre></li>
E                           
E                           <li onclick="toggle('pre4436769728', 'post4436769728')"><pre>    async def acreate(self, **kwargs):</pre></li>
E                           
E                           <li onclick="toggle('pre4436769728', 'post4436769728')"><pre>        return await sync_to_async(self.create)(**kwargs)</pre></li>
E                           
E                       </ol>
E                       
E                     </div>
E                   
E         
E                   
E                     
E                       <details>
E                         <summary class="commands">Local vars</summary>
E                     
E                     <table class="vars" id="v4436769728">
E                       <thead>
E                         <tr>
E                           <th scope="col">Variable</th>
E                           <th scope="col">Value</th>
E                         </tr>
E                       </thead>
E                       <tbody>
E                         
E                           <tr>
E                             <td>kwargs</td>
E                             <td class="code"><pre>{&#x27;event_type&#x27;: &#x27;login&#x27;,
E          &#x27;geo_city&#x27;: &#x27;&#x27;,
E          &#x27;geo_country&#x27;: &#x27;&#x27;,
E          &#x27;ip_address&#x27;: &#x27;127.0.0.1&#x27;,
E          &#x27;location&#x27;: None,
E          &#x27;metadata&#x27;: {},
E          &#x27;risk_score&#x27;: 0,
E          &#x27;status&#x27;: &#x27;success&#x27;,
E          &#x27;user&#x27;: &lt;User: testuser_7c1wpl (Client)&gt;,
E          &#x27;user_agent&#x27;: &#x27;python-requests/2.32.4&#x27;}</pre></td>
E                           </tr>
E                         
E                           <tr>
E                             <td>obj</td>
E                             <td class="code"><pre>&lt;AuditLog: [2025-07-14 11:43:29.580718+00:00] testuser_7c1wpl (Client) - login (success)&gt;</pre></td>
E                           </tr>
E                         
E                           <tr>
E                             <td>reverse_one_to_one_fields</td>
E                             <td class="code"><pre>frozenset()</pre></td>
E                           </tr>
E                         
E                           <tr>
E                             <td>self</td>
E                             <td class="code"><pre>&lt;QuerySet [&lt;AuditLog: [2025-07-14 11:20:26.143987+00:00] None - login (failure)&gt;, &lt;AuditLog: [2025-07-14 11:20:26.172163+00:00] None - login (failure)&gt;, &lt;AuditLog: [2025-07-14 11:20:26.440678+00:00] None - login (failure)&gt;, &lt;AuditLog: [2025-07-14 11:20:26.472641+00:00] None - login (failure)&gt;, &lt;AuditLog: [2025-07-14 11:20:42.818165+00:00] None - login (failure)&gt;, &lt;AuditLog: [2025-07-14 11:20:42.834927+00:00] None - login (failure)&gt;, &lt;AuditLog: [2025-07-14 11:20:42.840926+00:00] None - login (failure)&gt;, &lt;AuditLog: [2025-07-14 11:20:42.849907+00:00] None - login (failure)&gt;, &lt;AuditLog: [2025-07-14 11:20:42.855760+00:00] None - login (failure)&gt;, &lt;AuditLog: [2025-07-14 11:20:42.866003+00:00] None - login (failure)&gt;, &lt;AuditLog: [2025-07-14 11:20:42.871786+00:00] None - login (failure)&gt;, &lt;AuditLog: [2025-07-14 11:20:42.878738+00:00] None - login (failure)&gt;, &lt;AuditLog: [2025-07-14 11:20:42.887097+00:00] None - login (failure)&gt;, &lt;AuditLog: [2025-07-14 11:20:42.933562+00:00] None - login (failure)&gt;, &lt;AuditLog: [2025-07-14 11:20:42.948908+00:00] None - login (failure)&gt;, &lt;AuditLog: [2025-07-14 11:20:42.955057+00:00] None - login (failure)&gt;, &lt;AuditLog: [2025-07-14 11:20:43.030569+00:00] None - login (failure)&gt;, &lt;AuditLog: [2025-07-14 11:20:43.035801+00:00] None - login (failure)&gt;, &lt;AuditLog: [2025-07-14 11:20:43.041067+00:00] None - login (failure)&gt;, &lt;AuditLog: [2025-07-14 11:20:43.057293+00:00] None - login (failure)&gt;, &#x27;...(remaining elements truncated)...&#x27;]&gt;</pre></td>
E                           </tr>
E                         
E                       </tbody>
E                     </table>
E                     </details>
E                   
E                 </li>
E               
E                 
E                 <li class="frame django">
E                   
E                     <code class="fname">/Users/mohamedbechirdiarra/Downloads/prototypeGamma/Backend/venv/lib/python3.13/site-packages/django/db/models/base.py</code>, line 902, in save
E                   
E         
E                   
E                     <div class="context" id="c4437024384">
E                       
E                         <ol start="895" class="pre-context" id="pre4437024384">
E                         
E                           <li onclick="toggle('pre4437024384', 'post4437024384')"><pre>            for field in self._meta.concrete_fields:</pre></li>
E                         
E                           <li onclick="toggle('pre4437024384', 'post4437024384')"><pre>                if field not in pk_fields and not hasattr(field, &quot;through&quot;):</pre></li>
E                         
E                           <li onclick="toggle('pre4437024384', 'post4437024384')"><pre>                    field_names.add(field.attname)</pre></li>
E                         
E                           <li onclick="toggle('pre4437024384', 'post4437024384')"><pre>            loaded_fields = field_names.difference(deferred_non_generated_fields)</pre></li>
E                         
E                           <li onclick="toggle('pre4437024384', 'post4437024384')"><pre>            if loaded_fields:</pre></li>
E                         
E                           <li onclick="toggle('pre4437024384', 'post4437024384')"><pre>                update_fields = frozenset(loaded_fields)</pre></li>
E                         
E                           <li onclick="toggle('pre4437024384', 'post4437024384')"><pre></pre></li>
E                         
E                         </ol>
E                       
E                       <ol start="902" class="context-line">
E                         <li onclick="toggle('pre4437024384', 'post4437024384')"><pre>        self.save_base(
E                      ^</pre> <span>…</span></li>
E                       </ol>
E                       
E                         <ol start='903' class="post-context" id="post4437024384">
E                           
E                           <li onclick="toggle('pre4437024384', 'post4437024384')"><pre>            using=using,</pre></li>
E                           
E                           <li onclick="toggle('pre4437024384', 'post4437024384')"><pre>            force_insert=force_insert,</pre></li>
E                           
E                           <li onclick="toggle('pre4437024384', 'post4437024384')"><pre>            force_update=force_update,</pre></li>
E                           
E                           <li onclick="toggle('pre4437024384', 'post4437024384')"><pre>            update_fields=update_fields,</pre></li>
E                           
E                           <li onclick="toggle('pre4437024384', 'post4437024384')"><pre>        )</pre></li>
E                           
E                           <li onclick="toggle('pre4437024384', 'post4437024384')"><pre></pre></li>
E                           
E                       </ol>
E                       
E                     </div>
E                   
E         
E                   
E                     
E                       <details>
E                         <summary class="commands">Local vars</summary>
E                     
E                     <table class="vars" id="v4437024384">
E                       <thead>
E                         <tr>
E                           <th scope="col">Variable</th>
E                           <th scope="col">Value</th>
E                         </tr>
E                       </thead>
E                       <tbody>
E                         
E                           <tr>
E                             <td>args</td>
E                             <td class="code"><pre>()</pre></td>
E                           </tr>
E                         
E                           <tr>
E                             <td>deferred_non_generated_fields</td>
E                             <td class="code"><pre>set()</pre></td>
E                           </tr>
E                         
E                           <tr>
E                             <td>force_insert</td>
E                             <td class="code"><pre>True</pre></td>
E                           </tr>
E                         
E                           <tr>
E                             <td>force_update</td>
E                             <td class="code"><pre>False</pre></td>
E                           </tr>
E                         
E                           <tr>
E                             <td>self</td>
E                             <td class="code"><pre>&lt;AuditLog: [2025-07-14 11:43:29.580718+00:00] testuser_7c1wpl (Client) - login (success)&gt;</pre></td>
E                           </tr>
E                         
E                           <tr>
E                             <td>update_fields</td>
E                             <td class="code"><pre>None</pre></td>
E                           </tr>
E                         
E                           <tr>
E                             <td>using</td>
E                             <td class="code"><pre>&#x27;default&#x27;</pre></td>
E                           </tr>
E                         
E                       </tbody>
E                     </table>
E                     </details>
E                   
E                 </li>
E               
E                 
E                 <li class="frame django">
E                   
E                     <code class="fname">/Users/mohamedbechirdiarra/Downloads/prototypeGamma/Backend/venv/lib/python3.13/site-packages/django/db/models/base.py</code>, line 1008, in save_base
E                   
E         
E                   
E                     <div class="context" id="c4436759040">
E                       
E                         <ol start="1001" class="pre-context" id="pre4436759040">
E                         
E                           <li onclick="toggle('pre4436759040', 'post4436759040')"><pre>            parent_inserted = False</pre></li>
E                         
E                           <li onclick="toggle('pre4436759040', 'post4436759040')"><pre>            if not raw:</pre></li>
E                         
E                           <li onclick="toggle('pre4436759040', 'post4436759040')"><pre>                # Validate force insert only when parents are inserted.</pre></li>
E                         
E                           <li onclick="toggle('pre4436759040', 'post4436759040')"><pre>                force_insert = self._validate_force_insert(force_insert)</pre></li>
E                         
E                           <li onclick="toggle('pre4436759040', 'post4436759040')"><pre>                parent_inserted = self._save_parents(</pre></li>
E                         
E                           <li onclick="toggle('pre4436759040', 'post4436759040')"><pre>                    cls, using, update_fields, force_insert</pre></li>
E                         
E                           <li onclick="toggle('pre4436759040', 'post4436759040')"><pre>                )</pre></li>
E                         
E                         </ol>
E                       
E                       <ol start="1008" class="context-line">
E                         <li onclick="toggle('pre4436759040', 'post4436759040')"><pre>            updated = self._save_table(
E                                     </pre> <span>…</span></li>
E                       </ol>
E                       
E                         <ol start='1009' class="post-context" id="post4436759040">
E                           
E                           <li onclick="toggle('pre4436759040', 'post4436759040')"><pre>                raw,</pre></li>
E                           
E                           <li onclick="toggle('pre4436759040', 'post4436759040')"><pre>                cls,</pre></li>
E                           
E                           <li onclick="toggle('pre4436759040', 'post4436759040')"><pre>                force_insert or parent_inserted,</pre></li>
E                           
E                           <li onclick="toggle('pre4436759040', 'post4436759040')"><pre>                force_update,</pre></li>
E                           
E                           <li onclick="toggle('pre4436759040', 'post4436759040')"><pre>                using,</pre></li>
E                           
E                           <li onclick="toggle('pre4436759040', 'post4436759040')"><pre>                update_fields,</pre></li>
E                           
E                       </ol>
E                       
E                     </div>
E                   
E         
E                   
E                     
E                       <details>
E                         <summary class="commands">Local vars</summary>
E                     
E                     <table class="vars" id="v4436759040">
E                       <thead>
E                         <tr>
E                           <th scope="col">Variable</th>
E                           <th scope="col">Value</th>
E                         </tr>
E                       </thead>
E                       <tbody>
E                         
E                           <tr>
E                             <td>cls</td>
E                             <td class="code"><pre>&lt;class &#x27;users.models.AuditLog&#x27;&gt;</pre></td>
E                           </tr>
E                         
E                           <tr>
E                             <td>context_manager</td>
E                             <td class="code"><pre>&lt;contextlib._GeneratorContextManager object at 0x108761010&gt;</pre></td>
E                           </tr>
E                         
E                           <tr>
E                             <td>force_insert</td>
E                             <td class="code"><pre>(&lt;class &#x27;users.models.AuditLog&#x27;&gt;,)</pre></td>
E                           </tr>
E                         
E                           <tr>
E                             <td>force_update</td>
E                             <td class="code"><pre>False</pre></td>
E                           </tr>
E                         
E                           <tr>
E                             <td>meta</td>
E                             <td class="code"><pre>&lt;Options for AuditLog&gt;</pre></td>
E                           </tr>
E                         
E                           <tr>
E                             <td>origin</td>
E                             <td class="code"><pre>&lt;class &#x27;users.models.AuditLog&#x27;&gt;</pre></td>
E                           </tr>
E                         
E                           <tr>
E                             <td>parent_inserted</td>
E                             <td class="code"><pre>False</pre></td>
E                           </tr>
E                         
E                           <tr>
E                             <td>raw</td>
E                             <td class="code"><pre>False</pre></td>
E                           </tr>
E                         
E                           <tr>
E                             <td>self</td>
E                             <td class="code"><pre>&lt;AuditLog: [2025-07-14 11:43:29.580718+00:00] testuser_7c1wpl (Client) - login (success)&gt;</pre></td>
E                           </tr>
E                         
E                           <tr>
E                             <td>update_fields</td>
E                             <td class="code"><pre>None</pre></td>
E                           </tr>
E                         
E                           <tr>
E                             <td>using</td>
E                             <td class="code"><pre>&#x27;default&#x27;</pre></td>
E                           </tr>
E                         
E                       </tbody>
E                     </table>
E                     </details>
E                   
E                 </li>
E               
E                 
E                 <li class="frame django">
E                   
E                     <code class="fname">/Users/mohamedbechirdiarra/Downloads/prototypeGamma/Backend/venv/lib/python3.13/site-packages/django/db/models/base.py</code>, line 1169, in _save_table
E                   
E         
E                   
E                     <div class="context" id="c4436757568">
E                       
E                         <ol start="1162" class="pre-context" id="pre4436757568">
E                         
E                           <li onclick="toggle('pre4436757568', 'post4436757568')"><pre>                )</pre></li>
E                         
E                           <li onclick="toggle('pre4436757568', 'post4436757568')"><pre>            fields = [</pre></li>
E                         
E                           <li onclick="toggle('pre4436757568', 'post4436757568')"><pre>                f</pre></li>
E                         
E                           <li onclick="toggle('pre4436757568', 'post4436757568')"><pre>                for f in meta.local_concrete_fields</pre></li>
E                         
E                           <li onclick="toggle('pre4436757568', 'post4436757568')"><pre>                if not f.generated and (pk_set or f is not meta.auto_field)</pre></li>
E                         
E                           <li onclick="toggle('pre4436757568', 'post4436757568')"><pre>            ]</pre></li>
E                         
E                           <li onclick="toggle('pre4436757568', 'post4436757568')"><pre>            returning_fields = meta.db_returning_fields</pre></li>
E                         
E                         </ol>
E                       
E                       <ol start="1169" class="context-line">
E                         <li onclick="toggle('pre4436757568', 'post4436757568')"><pre>            results = self._do_insert(
E                                     </pre> <span>…</span></li>
E                       </ol>
E                       
E                         <ol start='1170' class="post-context" id="post4436757568">
E                           
E                           <li onclick="toggle('pre4436757568', 'post4436757568')"><pre>                cls._base_manager, using, fields, returning_fields, raw</pre></li>
E                           
E                           <li onclick="toggle('pre4436757568', 'post4436757568')"><pre>            )</pre></li>
E                           
E                           <li onclick="toggle('pre4436757568', 'post4436757568')"><pre>            if results:</pre></li>
E                           
E                           <li onclick="toggle('pre4436757568', 'post4436757568')"><pre>                for value, field in zip(results[0], returning_fields):</pre></li>
E                           
E                           <li onclick="toggle('pre4436757568', 'post4436757568')"><pre>                    setattr(self, field.attname, value)</pre></li>
E                           
E                           <li onclick="toggle('pre4436757568', 'post4436757568')"><pre>        return updated</pre></li>
E                           
E                       </ol>
E                       
E                     </div>
E                   
E         
E                   
E                     
E                       <details>
E                         <summary class="commands">Local vars</summary>
E                     
E                     <table class="vars" id="v4436757568">
E                       <thead>
E                         <tr>
E                           <th scope="col">Variable</th>
E                           <th scope="col">Value</th>
E                         </tr>
E                       </thead>
E                       <tbody>
E                         
E                           <tr>
E                             <td>cls</td>
E                             <td class="code"><pre>&lt;class &#x27;users.models.AuditLog&#x27;&gt;</pre></td>
E                           </tr>
E                         
E                           <tr>
E                             <td>fields</td>
E                             <td class="code"><pre>[&lt;django.db.models.fields.related.ForeignKey: user&gt;,
E          &lt;django.db.models.fields.GenericIPAddressField: ip_address&gt;,
E          &lt;django.db.models.fields.TextField: user_agent&gt;,
E          &lt;django.db.models.fields.CharField: event_type&gt;,
E          &lt;django.db.models.fields.CharField: status&gt;,
E          &lt;django.db.models.fields.DateTimeField: timestamp&gt;,
E          &lt;django.db.models.fields.CharField: geo_country&gt;,
E          &lt;django.db.models.fields.CharField: geo_city&gt;,
E          &lt;django.db.models.fields.CharField: location&gt;,
E          &lt;django.db.models.fields.PositiveSmallIntegerField: risk_score&gt;,
E          &lt;django.db.models.fields.json.JSONField: metadata&gt;]</pre></td>
E                           </tr>
E                         
E                           <tr>
E                             <td>force_insert</td>
E                             <td class="code"><pre>(&lt;class &#x27;users.models.AuditLog&#x27;&gt;,)</pre></td>
E                           </tr>
E                         
E                           <tr>
E                             <td>force_update</td>
E                             <td class="code"><pre>False</pre></td>
E                           </tr>
E                         
E                           <tr>
E                             <td>meta</td>
E                             <td class="code"><pre>&lt;Options for AuditLog&gt;</pre></td>
E                           </tr>
E                         
E                           <tr>
E                             <td>non_pks_non_generated</td>
E                             <td class="code"><pre>[&lt;django.db.models.fields.related.ForeignKey: user&gt;,
E          &lt;django.db.models.fields.GenericIPAddressField: ip_address&gt;,
E          &lt;django.db.models.fields.TextField: user_agent&gt;,
E          &lt;django.db.models.fields.CharField: event_type&gt;,
E          &lt;django.db.models.fields.CharField: status&gt;,
E          &lt;django.db.models.fields.DateTimeField: timestamp&gt;,
E          &lt;django.db.models.fields.CharField: geo_country&gt;,
E          &lt;django.db.models.fields.CharField: geo_city&gt;,
E          &lt;django.db.models.fields.CharField: location&gt;,
E          &lt;django.db.models.fields.PositiveSmallIntegerField: risk_score&gt;,
E          &lt;django.db.models.fields.json.JSONField: metadata&gt;]</pre></td>
E                           </tr>
E                         
E                           <tr>
E                             <td>pk_fields</td>
E                             <td class="code"><pre>[&lt;django.db.models.fields.BigAutoField: id&gt;]</pre></td>
E                           </tr>
E                         
E                           <tr>
E                             <td>pk_set</td>
E                             <td class="code"><pre>False</pre></td>
E                           </tr>
E                         
E                           <tr>
E                             <td>pk_val</td>
E                             <td class="code"><pre>None</pre></td>
E                           </tr>
E                         
E                           <tr>
E                             <td>raw</td>
E                             <td class="code"><pre>False</pre></td>
E                           </tr>
E                         
E                           <tr>
E                             <td>returning_fields</td>
E                             <td class="code"><pre>[&lt;django.db.models.fields.BigAutoField: id&gt;]</pre></td>
E                           </tr>
E                         
E                           <tr>
E                             <td>self</td>
E                             <td class="code"><pre>&lt;AuditLog: [2025-07-14 11:43:29.580718+00:00] testuser_7c1wpl (Client) - login (success)&gt;</pre></td>
E                           </tr>
E                         
E                           <tr>
E                             <td>update_fields</td>
E                             <td class="code"><pre>None</pre></td>
E                           </tr>
E                         
E                           <tr>
E                             <td>updated</td>
E                             <td class="code"><pre>False</pre></td>
E                           </tr>
E                         
E                           <tr>
E                             <td>using</td>
E                             <td class="code"><pre>&#x27;default&#x27;</pre></td>
E                           </tr>
E                         
E                       </tbody>
E                     </table>
E                     </details>
E                   
E                 </li>
E               
E                 
E                 <li class="frame django">
E                   
E                     <code class="fname">/Users/mohamedbechirdiarra/Downloads/prototypeGamma/Backend/venv/lib/python3.13/site-packages/django/db/models/base.py</code>, line 1210, in _do_insert
E                   
E         
E                   
E                     <div class="context" id="c4436761408">
E                       
E                         <ol start="1203" class="pre-context" id="pre4436761408">
E                         
E                           <li onclick="toggle('pre4436761408', 'post4436761408')"><pre>        return filtered._update(values) &gt; 0</pre></li>
E                         
E                           <li onclick="toggle('pre4436761408', 'post4436761408')"><pre></pre></li>
E                         
E                           <li onclick="toggle('pre4436761408', 'post4436761408')"><pre>    def _do_insert(self, manager, using, fields, returning_fields, raw):</pre></li>
E                         
E                           <li onclick="toggle('pre4436761408', 'post4436761408')"><pre>        &quot;&quot;&quot;</pre></li>
E                         
E                           <li onclick="toggle('pre4436761408', 'post4436761408')"><pre>        Do an INSERT. If returning_fields is defined then this method should</pre></li>
E                         
E                           <li onclick="toggle('pre4436761408', 'post4436761408')"><pre>        return the newly created data for the model.</pre></li>
E                         
E                           <li onclick="toggle('pre4436761408', 'post4436761408')"><pre>        &quot;&quot;&quot;</pre></li>
E                         
E                         </ol>
E                       
E                       <ol start="1210" class="context-line">
E                         <li onclick="toggle('pre4436761408', 'post4436761408')"><pre>        return manager._insert(
E                              </pre> <span>…</span></li>
E                       </ol>
E                       
E                         <ol start='1211' class="post-context" id="post4436761408">
E                           
E                           <li onclick="toggle('pre4436761408', 'post4436761408')"><pre>            [self],</pre></li>
E                           
E                           <li onclick="toggle('pre4436761408', 'post4436761408')"><pre>            fields=fields,</pre></li>
E                           
E                           <li onclick="toggle('pre4436761408', 'post4436761408')"><pre>            returning_fields=returning_fields,</pre></li>
E                           
E                           <li onclick="toggle('pre4436761408', 'post4436761408')"><pre>            using=using,</pre></li>
E                           
E                           <li onclick="toggle('pre4436761408', 'post4436761408')"><pre>            raw=raw,</pre></li>
E                           
E                           <li onclick="toggle('pre4436761408', 'post4436761408')"><pre>        )</pre></li>
E                           
E                       </ol>
E                       
E                     </div>
E                   
E         
E                   
E                     
E                       <details>
E                         <summary class="commands">Local vars</summary>
E                     
E                     <table class="vars" id="v4436761408">
E                       <thead>
E                         <tr>
E                           <th scope="col">Variable</th>
E                           <th scope="col">Value</th>
E                         </tr>
E                       </thead>
E                       <tbody>
E                         
E                           <tr>
E                             <td>fields</td>
E                             <td class="code"><pre>[&lt;django.db.models.fields.related.ForeignKey: user&gt;,
E          &lt;django.db.models.fields.GenericIPAddressField: ip_address&gt;,
E          &lt;django.db.models.fields.TextField: user_agent&gt;,
E          &lt;django.db.models.fields.CharField: event_type&gt;,
E          &lt;django.db.models.fields.CharField: status&gt;,
E          &lt;django.db.models.fields.DateTimeField: timestamp&gt;,
E          &lt;django.db.models.fields.CharField: geo_country&gt;,
E          &lt;django.db.models.fields.CharField: geo_city&gt;,
E          &lt;django.db.models.fields.CharField: location&gt;,
E          &lt;django.db.models.fields.PositiveSmallIntegerField: risk_score&gt;,
E          &lt;django.db.models.fields.json.JSONField: metadata&gt;]</pre></td>
E                           </tr>
E                         
E                           <tr>
E                             <td>manager</td>
E                             <td class="code"><pre>&lt;django.db.models.manager.Manager object at 0x108454b50&gt;</pre></td>
E                           </tr>
E                         
E                           <tr>
E                             <td>raw</td>
E                             <td class="code"><pre>False</pre></td>
E                           </tr>
E                         
E                           <tr>
E                             <td>returning_fields</td>
E                             <td class="code"><pre>[&lt;django.db.models.fields.BigAutoField: id&gt;]</pre></td>
E                           </tr>
E                         
E                           <tr>
E                             <td>self</td>
E                             <td class="code"><pre>&lt;AuditLog: [2025-07-14 11:43:29.580718+00:00] testuser_7c1wpl (Client) - login (success)&gt;</pre></td>
E                           </tr>
E                         
E                           <tr>
E                             <td>using</td>
E                             <td class="code"><pre>&#x27;default&#x27;</pre></td>
E                           </tr>
E                         
E                       </tbody>
E                     </table>
E                     </details>
E                   
E                 </li>
E               
E                 
E                 <li class="frame django">
E                   
E                     <code class="fname">/Users/mohamedbechirdiarra/Downloads/prototypeGamma/Backend/venv/lib/python3.13/site-packages/django/db/models/manager.py</code>, line 87, in manager_method
E                   
E         
E                   
E                     <div class="context" id="c4436852352">
E                       
E                         <ol start="80" class="pre-context" id="pre4436852352">
E                         
E                           <li onclick="toggle('pre4436852352', 'post4436852352')"><pre>        return []</pre></li>
E                         
E                           <li onclick="toggle('pre4436852352', 'post4436852352')"><pre></pre></li>
E                         
E                           <li onclick="toggle('pre4436852352', 'post4436852352')"><pre>    @classmethod</pre></li>
E                         
E                           <li onclick="toggle('pre4436852352', 'post4436852352')"><pre>    def _get_queryset_methods(cls, queryset_class):</pre></li>
E                         
E                           <li onclick="toggle('pre4436852352', 'post4436852352')"><pre>        def create_method(name, method):</pre></li>
E                         
E                           <li onclick="toggle('pre4436852352', 'post4436852352')"><pre>            @wraps(method)</pre></li>
E                         
E                           <li onclick="toggle('pre4436852352', 'post4436852352')"><pre>            def manager_method(self, *args, **kwargs):</pre></li>
E                         
E                         </ol>
E                       
E                       <ol start="87" class="context-line">
E                         <li onclick="toggle('pre4436852352', 'post4436852352')"><pre>                return getattr(self.get_queryset(), name)(*args, **kwargs)
E                                    ^^^^^^^^^^^^^^^^^^^^^^^^^^^^^^^^^^^^^^^^^^^^^^^^^^^</pre> <span>…</span></li>
E                       </ol>
E                       
E                         <ol start='88' class="post-context" id="post4436852352">
E                           
E                           <li onclick="toggle('pre4436852352', 'post4436852352')"><pre></pre></li>
E                           
E                           <li onclick="toggle('pre4436852352', 'post4436852352')"><pre>            return manager_method</pre></li>
E                           
E                           <li onclick="toggle('pre4436852352', 'post4436852352')"><pre></pre></li>
E                           
E                           <li onclick="toggle('pre4436852352', 'post4436852352')"><pre>        new_methods = {}</pre></li>
E                           
E                           <li onclick="toggle('pre4436852352', 'post4436852352')"><pre>        for name, method in inspect.getmembers(</pre></li>
E                           
E                           <li onclick="toggle('pre4436852352', 'post4436852352')"><pre>            queryset_class, predicate=inspect.isfunction</pre></li>
E                           
E                       </ol>
E                       
E                     </div>
E                   
E         
E                   
E                     
E                       <details>
E                         <summary class="commands">Local vars</summary>
E                     
E                     <table class="vars" id="v4436852352">
E                       <thead>
E                         <tr>
E                           <th scope="col">Variable</th>
E                           <th scope="col">Value</th>
E                         </tr>
E                       </thead>
E                       <tbody>
E                         
E                           <tr>
E                             <td>args</td>
E                             <td class="code"><pre>([&lt;AuditLog: [2025-07-14 11:43:29.580718+00:00] testuser_7c1wpl (Client) - login (success)&gt;],)</pre></td>
E                           </tr>
E                         
E                           <tr>
E                             <td>kwargs</td>
E                             <td class="code"><pre>{&#x27;fields&#x27;: [&lt;django.db.models.fields.related.ForeignKey: user&gt;,
E                     &lt;django.db.models.fields.GenericIPAddressField: ip_address&gt;,
E                     &lt;django.db.models.fields.TextField: user_agent&gt;,
E                     &lt;django.db.models.fields.CharField: event_type&gt;,
E                     &lt;django.db.models.fields.CharField: status&gt;,
E                     &lt;django.db.models.fields.DateTimeField: timestamp&gt;,
E                     &lt;django.db.models.fields.CharField: geo_country&gt;,
E                     &lt;django.db.models.fields.CharField: geo_city&gt;,
E                     &lt;django.db.models.fields.CharField: location&gt;,
E                     &lt;django.db.models.fields.PositiveSmallIntegerField: risk_score&gt;,
E                     &lt;django.db.models.fields.json.JSONField: metadata&gt;],
E          &#x27;raw&#x27;: False,
E          &#x27;returning_fields&#x27;: [&lt;django.db.models.fields.BigAutoField: id&gt;],
E          &#x27;using&#x27;: &#x27;default&#x27;}</pre></td>
E                           </tr>
E                         
E                           <tr>
E                             <td>name</td>
E                             <td class="code"><pre>&#x27;_insert&#x27;</pre></td>
E                           </tr>
E                         
E                           <tr>
E                             <td>self</td>
E                             <td class="code"><pre>&lt;django.db.models.manager.Manager object at 0x108454b50&gt;</pre></td>
E                           </tr>
E                         
E                       </tbody>
E                     </table>
E                     </details>
E                   
E                 </li>
E               
E                 
E                 <li class="frame django">
E                   
E                     <code class="fname">/Users/mohamedbechirdiarra/Downloads/prototypeGamma/Backend/venv/lib/python3.13/site-packages/django/db/models/query.py</code>, line 1868, in _insert
E                   
E         
E                   
E                     <div class="context" id="c4437025472">
E                       
E                         <ol start="1861" class="pre-context" id="pre4437025472">
E                         
E                           <li onclick="toggle('pre4437025472', 'post4437025472')"><pre>        query = sql.InsertQuery(</pre></li>
E                         
E                           <li onclick="toggle('pre4437025472', 'post4437025472')"><pre>            self.model,</pre></li>
E                         
E                           <li onclick="toggle('pre4437025472', 'post4437025472')"><pre>            on_conflict=on_conflict,</pre></li>
E                         
E                           <li onclick="toggle('pre4437025472', 'post4437025472')"><pre>            update_fields=update_fields,</pre></li>
E                         
E                           <li onclick="toggle('pre4437025472', 'post4437025472')"><pre>            unique_fields=unique_fields,</pre></li>
E                         
E                           <li onclick="toggle('pre4437025472', 'post4437025472')"><pre>        )</pre></li>
E                         
E                           <li onclick="toggle('pre4437025472', 'post4437025472')"><pre>        query.insert_values(fields, objs, raw=raw)</pre></li>
E                         
E                         </ol>
E                       
E                       <ol start="1868" class="context-line">
E                         <li onclick="toggle('pre4437025472', 'post4437025472')"><pre>        return query.get_compiler(using=using).execute_sql(returning_fields)
E                              ^^^^^^^^^^^^^^^^^^^^^^^^^^^^^^^^^^^^^^^^^^^^^^^^^^^^^^^^^^^^^</pre> <span>…</span></li>
E                       </ol>
E                       
E                         <ol start='1869' class="post-context" id="post4437025472">
E                           
E                           <li onclick="toggle('pre4437025472', 'post4437025472')"><pre></pre></li>
E                           
E                           <li onclick="toggle('pre4437025472', 'post4437025472')"><pre>    _insert.alters_data = True</pre></li>
E                           
E                           <li onclick="toggle('pre4437025472', 'post4437025472')"><pre>    _insert.queryset_only = False</pre></li>
E                           
E                           <li onclick="toggle('pre4437025472', 'post4437025472')"><pre></pre></li>
E                           
E                           <li onclick="toggle('pre4437025472', 'post4437025472')"><pre>    def _batched_insert(</pre></li>
E                           
E                           <li onclick="toggle('pre4437025472', 'post4437025472')"><pre>        self,</pre></li>
E                           
E                       </ol>
E                       
E                     </div>
E                   
E         
E                   
E                     
E                       <details>
E                         <summary class="commands">Local vars</summary>
E                     
E                     <table class="vars" id="v4437025472">
E                       <thead>
E                         <tr>
E                           <th scope="col">Variable</th>
E                           <th scope="col">Value</th>
E                         </tr>
E                       </thead>
E                       <tbody>
E                         
E                           <tr>
E                             <td>fields</td>
E                             <td class="code"><pre>[&lt;django.db.models.fields.related.ForeignKey: user&gt;,
E          &lt;django.db.models.fields.GenericIPAddressField: ip_address&gt;,
E          &lt;django.db.models.fields.TextField: user_agent&gt;,
E          &lt;django.db.models.fields.CharField: event_type&gt;,
E          &lt;django.db.models.fields.CharField: status&gt;,
E          &lt;django.db.models.fields.DateTimeField: timestamp&gt;,
E          &lt;django.db.models.fields.CharField: geo_country&gt;,
E          &lt;django.db.models.fields.CharField: geo_city&gt;,
E          &lt;django.db.models.fields.CharField: location&gt;,
E          &lt;django.db.models.fields.PositiveSmallIntegerField: risk_score&gt;,
E          &lt;django.db.models.fields.json.JSONField: metadata&gt;]</pre></td>
E                           </tr>
E                         
E                           <tr>
E                             <td>objs</td>
E                             <td class="code"><pre>[&lt;AuditLog: [2025-07-14 11:43:29.580718+00:00] testuser_7c1wpl (Client) - login (success)&gt;]</pre></td>
E                           </tr>
E                         
E                           <tr>
E                             <td>on_conflict</td>
E                             <td class="code"><pre>None</pre></td>
E                           </tr>
E                         
E                           <tr>
E                             <td>query</td>
E                             <td class="code"><pre>&lt;django.db.models.sql.subqueries.InsertQuery object at 0x108792190&gt;</pre></td>
E                           </tr>
E                         
E                           <tr>
E                             <td>raw</td>
E                             <td class="code"><pre>False</pre></td>
E                           </tr>
E                         
E                           <tr>
E                             <td>returning_fields</td>
E                             <td class="code"><pre>[&lt;django.db.models.fields.BigAutoField: id&gt;]</pre></td>
E                           </tr>
E                         
E                           <tr>
E                             <td>self</td>
E                             <td class="code"><pre>&lt;QuerySet [&lt;AuditLog: [2025-07-14 11:20:26.143987+00:00] None - login (failure)&gt;, &lt;AuditLog: [2025-07-14 11:20:26.172163+00:00] None - login (failure)&gt;, &lt;AuditLog: [2025-07-14 11:20:26.440678+00:00] None - login (failure)&gt;, &lt;AuditLog: [2025-07-14 11:20:26.472641+00:00] None - login (failure)&gt;, &lt;AuditLog: [2025-07-14 11:20:42.818165+00:00] None - login (failure)&gt;, &lt;AuditLog: [2025-07-14 11:20:42.834927+00:00] None - login (failure)&gt;, &lt;AuditLog: [2025-07-14 11:20:42.840926+00:00] None - login (failure)&gt;, &lt;AuditLog: [2025-07-14 11:20:42.849907+00:00] None - login (failure)&gt;, &lt;AuditLog: [2025-07-14 11:20:42.855760+00:00] None - login (failure)&gt;, &lt;AuditLog: [2025-07-14 11:20:42.866003+00:00] None - login (failure)&gt;, &lt;AuditLog: [2025-07-14 11:20:42.871786+00:00] None - login (failure)&gt;, &lt;AuditLog: [2025-07-14 11:20:42.878738+00:00] None - login (failure)&gt;, &lt;AuditLog: [2025-07-14 11:20:42.887097+00:00] None - login (failure)&gt;, &lt;AuditLog: [2025-07-14 11:20:42.933562+00:00] None - login (failure)&gt;, &lt;AuditLog: [2025-07-14 11:20:42.948908+00:00] None - login (failure)&gt;, &lt;AuditLog: [2025-07-14 11:20:42.955057+00:00] None - login (failure)&gt;, &lt;AuditLog: [2025-07-14 11:20:43.030569+00:00] None - login (failure)&gt;, &lt;AuditLog: [2025-07-14 11:20:43.035801+00:00] None - login (failure)&gt;, &lt;AuditLog: [2025-07-14 11:20:43.041067+00:00] None - login (failure)&gt;, &lt;AuditLog: [2025-07-14 11:20:43.057293+00:00] None - login (failure)&gt;, &#x27;...(remaining elements truncated)...&#x27;]&gt;</pre></td>
E                           </tr>
E                         
E                           <tr>
E                             <td>unique_fields</td>
E                             <td class="code"><pre>None</pre></td>
E                           </tr>
E                         
E                           <tr>
E                             <td>update_fields</td>
E                             <td class="code"><pre>None</pre></td>
E                           </tr>
E                         
E                           <tr>
E                             <td>using</td>
E                             <td class="code"><pre>&#x27;default&#x27;</pre></td>
E                           </tr>
E                         
E                       </tbody>
E                     </table>
E                     </details>
E                   
E                 </li>
E               
E                 
E                 <li class="frame django">
E                   
E                     <code class="fname">/Users/mohamedbechirdiarra/Downloads/prototypeGamma/Backend/venv/lib/python3.13/site-packages/django/db/models/sql/compiler.py</code>, line 1894, in execute_sql
E                   
E         
E                   
E                     <div class="context" id="c4436766912">
E                       
E                         <ol start="1887" class="pre-context" id="pre4436766912">
E                         
E                           <li onclick="toggle('pre4436766912', 'post4436766912')"><pre>                and len(self.query.objs) &gt; 1</pre></li>
E                         
E                           <li onclick="toggle('pre4436766912', 'post4436766912')"><pre>            ):</pre></li>
E                         
E                           <li onclick="toggle('pre4436766912', 'post4436766912')"><pre>                rows = self.connection.ops.fetch_returned_insert_rows(cursor)</pre></li>
E                         
E                           <li onclick="toggle('pre4436766912', 'post4436766912')"><pre>                cols = [field.get_col(opts.db_table) for field in self.returning_fields]</pre></li>
E                         
E                           <li onclick="toggle('pre4436766912', 'post4436766912')"><pre>            elif self.connection.features.can_return_columns_from_insert:</pre></li>
E                         
E                           <li onclick="toggle('pre4436766912', 'post4436766912')"><pre>                assert len(self.query.objs) == 1</pre></li>
E                         
E                           <li onclick="toggle('pre4436766912', 'post4436766912')"><pre>                rows = [</pre></li>
E                         
E                         </ol>
E                       
E                       <ol start="1894" class="context-line">
E                         <li onclick="toggle('pre4436766912', 'post4436766912')"><pre>                    self.connection.ops.fetch_returned_insert_columns(
E                                   ^</pre> <span>…</span></li>
E                       </ol>
E                       
E                         <ol start='1895' class="post-context" id="post4436766912">
E                           
E                           <li onclick="toggle('pre4436766912', 'post4436766912')"><pre>                        cursor,</pre></li>
E                           
E                           <li onclick="toggle('pre4436766912', 'post4436766912')"><pre>                        self.returning_params,</pre></li>
E                           
E                           <li onclick="toggle('pre4436766912', 'post4436766912')"><pre>                    )</pre></li>
E                           
E                           <li onclick="toggle('pre4436766912', 'post4436766912')"><pre>                ]</pre></li>
E                           
E                           <li onclick="toggle('pre4436766912', 'post4436766912')"><pre>                cols = [field.get_col(opts.db_table) for field in self.returning_fields]</pre></li>
E                           
E                           <li onclick="toggle('pre4436766912', 'post4436766912')"><pre>            elif returning_fields and isinstance(</pre></li>
E                           
E                       </ol>
E                       
E                     </div>
E                   
E         
E                   
E                     
E                       <details>
E                         <summary class="commands">Local vars</summary>
E                     
E                     <table class="vars" id="v4436766912">
E                       <thead>
E                         <tr>
E                           <th scope="col">Variable</th>
E                           <th scope="col">Value</th>
E                         </tr>
E                       </thead>
E                       <tbody>
E                         
E                           <tr>
E                             <td>cols</td>
E                             <td class="code"><pre>[]</pre></td>
E                           </tr>
E                         
E                           <tr>
E                             <td>cursor</td>
E                             <td class="code"><pre>&lt;django.db.backends.utils.CursorDebugWrapper object at 0x108756090&gt;</pre></td>
E                           </tr>
E                         
E                           <tr>
E                             <td>opts</td>
E                             <td class="code"><pre>&lt;Options for AuditLog&gt;</pre></td>
E                           </tr>
E                         
E                           <tr>
E                             <td>params</td>
E                             <td class="code"><pre>(68,
E          &#x27;127.0.0.1&#x27;,
E          &#x27;python-requests/2.32.4&#x27;,
E          &#x27;login&#x27;,
E          &#x27;success&#x27;,
E          &#x27;2025-07-14 11:43:29.580718&#x27;,
E          &#x27;&#x27;,
E          &#x27;&#x27;,
E          None,
E          0,
E          &#x27;{}&#x27;)</pre></td>
E                           </tr>
E                         
E                           <tr>
E                             <td>returning_fields</td>
E                             <td class="code"><pre>[&lt;django.db.models.fields.BigAutoField: id&gt;]</pre></td>
E                           </tr>
E                         
E                           <tr>
E                             <td>self</td>
E                             <td class="code"><pre>&lt;SQLInsertCompiler model=AuditLog connection=&lt;DatabaseWrapper vendor=&#x27;sqlite&#x27; alias=&#x27;default&#x27;&gt; using=&#x27;default&#x27;&gt;</pre></td>
E                           </tr>
E                         
E                           <tr>
E                             <td>sql</td>
E                             <td class="code"><pre>(&#x27;INSERT INTO &quot;users_auditlog&quot; (&quot;user_id&quot;, &quot;ip_address&quot;, &quot;user_agent&quot;, &#x27;
E          &#x27;&quot;event_type&quot;, &quot;status&quot;, &quot;timestamp&quot;, &quot;geo_country&quot;, &quot;geo_city&quot;, &quot;location&quot;, &#x27;
E          &#x27;&quot;risk_score&quot;, &quot;metadata&quot;) VALUES (%s, %s, %s, %s, %s, %s, %s, %s, %s, %s, &#x27;
E          &#x27;%s) RETURNING &quot;users_auditlog&quot;.&quot;id&quot;&#x27;)</pre></td>
E                           </tr>
E                         
E                       </tbody>
E                     </table>
E                     </details>
E                   
E                 </li>
E               
E                 
E                 <li class="frame django">
E                   
E                     <code class="fname">/Users/mohamedbechirdiarra/Downloads/prototypeGamma/Backend/venv/lib/python3.13/site-packages/django/db/backends/base/operations.py</code>, line 215, in fetch_returned_insert_columns
E                   
E         
E                   
E                     <div class="context" id="c4437029184">
E                       
E                         <ol start="208" class="pre-context" id="pre4437029184">
E                         
E                           <li onclick="toggle('pre4437029184', 'post4437029184')"><pre>            return [&quot;DISTINCT&quot;], []</pre></li>
E                         
E                           <li onclick="toggle('pre4437029184', 'post4437029184')"><pre></pre></li>
E                         
E                           <li onclick="toggle('pre4437029184', 'post4437029184')"><pre>    def fetch_returned_insert_columns(self, cursor, returning_params):</pre></li>
E                         
E                           <li onclick="toggle('pre4437029184', 'post4437029184')"><pre>        &quot;&quot;&quot;</pre></li>
E                         
E                           <li onclick="toggle('pre4437029184', 'post4437029184')"><pre>        Given a cursor object that has just performed an INSERT...RETURNING</pre></li>
E                         
E                           <li onclick="toggle('pre4437029184', 'post4437029184')"><pre>        statement into a table, return the newly created data.</pre></li>
E                         
E                           <li onclick="toggle('pre4437029184', 'post4437029184')"><pre>        &quot;&quot;&quot;</pre></li>
E                         
E                         </ol>
E                       
E                       <ol start="215" class="context-line">
E                         <li onclick="toggle('pre4437029184', 'post4437029184')"><pre>        return cursor.fetchone()
E                             ^^^^^^^^^^^^^^^^^</pre> <span>…</span></li>
E                       </ol>
E                       
E                         <ol start='216' class="post-context" id="post4437029184">
E                           
E                           <li onclick="toggle('pre4437029184', 'post4437029184')"><pre></pre></li>
E                           
E                           <li onclick="toggle('pre4437029184', 'post4437029184')"><pre>    def field_cast_sql(self, db_type, internal_type):</pre></li>
E                           
E                           <li onclick="toggle('pre4437029184', 'post4437029184')"><pre>        &quot;&quot;&quot;</pre></li>
E                           
E                           <li onclick="toggle('pre4437029184', 'post4437029184')"><pre>        Given a column type (e.g. &#x27;BLOB&#x27;, &#x27;VARCHAR&#x27;) and an internal type</pre></li>
E                           
E                           <li onclick="toggle('pre4437029184', 'post4437029184')"><pre>        (e.g. &#x27;GenericIPAddressField&#x27;), return the SQL to cast it before using</pre></li>
E                           
E                           <li onclick="toggle('pre4437029184', 'post4437029184')"><pre>        it in a WHERE statement. The resulting string should contain a &#x27;%s&#x27;</pre></li>
E                           
E                       </ol>
E                       
E                     </div>
E                   
E         
E                   
E                     
E                       <details>
E                         <summary class="commands">Local vars</summary>
E                     
E                     <table class="vars" id="v4437029184">
E                       <thead>
E                         <tr>
E                           <th scope="col">Variable</th>
E                           <th scope="col">Value</th>
E                         </tr>
E                       </thead>
E                       <tbody>
E                         
E                           <tr>
E                             <td>cursor</td>
E                             <td class="code"><pre>&lt;django.db.backends.utils.CursorDebugWrapper object at 0x108756090&gt;</pre></td>
E                           </tr>
E                         
E                           <tr>
E                             <td>returning_params</td>
E                             <td class="code"><pre>()</pre></td>
E                           </tr>
E                         
E                           <tr>
E                             <td>self</td>
E                             <td class="code"><pre>&lt;django.db.backends.sqlite3.operations.DatabaseOperations object at 0x108756db0&gt;</pre></td>
E                           </tr>
E                         
E                       </tbody>
E                     </table>
E                     </details>
E                   
E                 </li>
E               
E                 
E                 <li class="frame django">
E                   
E                     <code class="fname">/Users/mohamedbechirdiarra/Downloads/prototypeGamma/Backend/venv/lib/python3.13/site-packages/django/db/utils.py</code>, line 97, in inner
E                   
E         
E                   
E                     <div class="context" id="c4436760320">
E                       
E                         <ol start="90" class="pre-context" id="pre4436760320">
E                         
E                           <li onclick="toggle('pre4436760320', 'post4436760320')"><pre>                    self.wrapper.errors_occurred = True</pre></li>
E                         
E                           <li onclick="toggle('pre4436760320', 'post4436760320')"><pre>                raise dj_exc_value.with_traceback(traceback) from exc_value</pre></li>
E                         
E                           <li onclick="toggle('pre4436760320', 'post4436760320')"><pre></pre></li>
E                         
E                           <li onclick="toggle('pre4436760320', 'post4436760320')"><pre>    def __call__(self, func):</pre></li>
E                         
E                           <li onclick="toggle('pre4436760320', 'post4436760320')"><pre>        # Note that we are intentionally not using @wraps here for performance</pre></li>
E                         
E                           <li onclick="toggle('pre4436760320', 'post4436760320')"><pre>        # reasons. Refs #21109.</pre></li>
E                         
E                           <li onclick="toggle('pre4436760320', 'post4436760320')"><pre>        def inner(*args, **kwargs):</pre></li>
E                         
E                         </ol>
E                       
E                       <ol start="97" class="context-line">
E                         <li onclick="toggle('pre4436760320', 'post4436760320')"><pre>            with self:
E                              ^^^^</pre> <span>…</span></li>
E                       </ol>
E                       
E                         <ol start='98' class="post-context" id="post4436760320">
E                           
E                           <li onclick="toggle('pre4436760320', 'post4436760320')"><pre>                return func(*args, **kwargs)</pre></li>
E                           
E                           <li onclick="toggle('pre4436760320', 'post4436760320')"><pre></pre></li>
E                           
E                           <li onclick="toggle('pre4436760320', 'post4436760320')"><pre>        return inner</pre></li>
E                           
E                           <li onclick="toggle('pre4436760320', 'post4436760320')"><pre></pre></li>
E                           
E                           <li onclick="toggle('pre4436760320', 'post4436760320')"><pre></pre></li>
E                           
E                           <li onclick="toggle('pre4436760320', 'post4436760320')"><pre>def load_backend(backend_name):</pre></li>
E                           
E                       </ol>
E                       
E                     </div>
E                   
E         
E                   
E                     
E                       <details>
E                         <summary class="commands">Local vars</summary>
E                     
E                     <table class="vars" id="v4436760320">
E                       <thead>
E                         <tr>
E                           <th scope="col">Variable</th>
E                           <th scope="col">Value</th>
E                         </tr>
E                       </thead>
E                       <tbody>
E                         
E                           <tr>
E                             <td>args</td>
E                             <td class="code"><pre>()</pre></td>
E                           </tr>
E                         
E                           <tr>
E                             <td>func</td>
E                             <td class="code"><pre>&lt;built-in method fetchone of SQLiteCursorWrapper object at 0x1087b70b0&gt;</pre></td>
E                           </tr>
E                         
E                           <tr>
E                             <td>kwargs</td>
E                             <td class="code"><pre>{}</pre></td>
E                           </tr>
E                         
E                           <tr>
E                             <td>self</td>
E                             <td class="code"><pre>&lt;django.db.utils.DatabaseErrorWrapper object at 0x108841db0&gt;</pre></td>
E                           </tr>
E                         
E                       </tbody>
E                     </table>
E                     </details>
E                   
E                 </li>
E               
E                 
E                 <li class="frame django">
E                   
E                     <code class="fname">/Users/mohamedbechirdiarra/Downloads/prototypeGamma/Backend/venv/lib/python3.13/site-packages/django/db/utils.py</code>, line 91, in __exit__
E                   
E         
E                   
E                     <div class="context" id="c4436765632">
E                       
E                         <ol start="84" class="pre-context" id="pre4436765632">
E                         
E                           <li onclick="toggle('pre4436765632', 'post4436765632')"><pre>            db_exc_type = getattr(self.wrapper.Database, dj_exc_type.__name__)</pre></li>
E                         
E                           <li onclick="toggle('pre4436765632', 'post4436765632')"><pre>            if issubclass(exc_type, db_exc_type):</pre></li>
E                         
E                           <li onclick="toggle('pre4436765632', 'post4436765632')"><pre>                dj_exc_value = dj_exc_type(*exc_value.args)</pre></li>
E                         
E                           <li onclick="toggle('pre4436765632', 'post4436765632')"><pre>                # Only set the &#x27;errors_occurred&#x27; flag for errors that may make</pre></li>
E                         
E                           <li onclick="toggle('pre4436765632', 'post4436765632')"><pre>                # the connection unusable.</pre></li>
E                         
E                           <li onclick="toggle('pre4436765632', 'post4436765632')"><pre>                if dj_exc_type not in (DataError, IntegrityError):</pre></li>
E                         
E                           <li onclick="toggle('pre4436765632', 'post4436765632')"><pre>                    self.wrapper.errors_occurred = True</pre></li>
E                         
E                         </ol>
E                       
E                       <ol start="91" class="context-line">
E                         <li onclick="toggle('pre4436765632', 'post4436765632')"><pre>                raise dj_exc_value.with_traceback(traceback) from exc_value
E                             ^^^^^^^^^^^^^^^^^^^^^^^^^^^^^^^^^^^^^^^^^^^^^^^^^^^^^^^^^^^</pre> <span>…</span></li>
E                       </ol>
E                       
E                         <ol start='92' class="post-context" id="post4436765632">
E                           
E                           <li onclick="toggle('pre4436765632', 'post4436765632')"><pre></pre></li>
E                           
E                           <li onclick="toggle('pre4436765632', 'post4436765632')"><pre>    def __call__(self, func):</pre></li>
E                           
E                           <li onclick="toggle('pre4436765632', 'post4436765632')"><pre>        # Note that we are intentionally not using @wraps here for performance</pre></li>
E                           
E                           <li onclick="toggle('pre4436765632', 'post4436765632')"><pre>        # reasons. Refs #21109.</pre></li>
E                           
E                           <li onclick="toggle('pre4436765632', 'post4436765632')"><pre>        def inner(*args, **kwargs):</pre></li>
E                           
E                           <li onclick="toggle('pre4436765632', 'post4436765632')"><pre>            with self:</pre></li>
E                           
E                       </ol>
E                       
E                     </div>
E                   
E         
E                   
E                     
E                       <details>
E                         <summary class="commands">Local vars</summary>
E                     
E                     <table class="vars" id="v4436765632">
E                       <thead>
E                         <tr>
E                           <th scope="col">Variable</th>
E                           <th scope="col">Value</th>
E                         </tr>
E                       </thead>
E                       <tbody>
E                         
E                           <tr>
E                             <td>db_exc_type</td>
E                             <td class="code"><pre>&lt;class &#x27;sqlite3.IntegrityError&#x27;&gt;</pre></td>
E                           </tr>
E                         
E                           <tr>
E                             <td>dj_exc_type</td>
E                             <td class="code"><pre>&lt;class &#x27;django.db.utils.IntegrityError&#x27;&gt;</pre></td>
E                           </tr>
E                         
E                           <tr>
E                             <td>dj_exc_value</td>
E                             <td class="code"><pre>IntegrityError(&#x27;FOREIGN KEY constraint failed&#x27;)</pre></td>
E                           </tr>
E                         
E                           <tr>
E                             <td>exc_type</td>
E                             <td class="code"><pre>&lt;class &#x27;sqlite3.IntegrityError&#x27;&gt;</pre></td>
E                           </tr>
E                         
E                           <tr>
E                             <td>exc_value</td>
E                             <td class="code"><pre>IntegrityError(&#x27;FOREIGN KEY constraint failed&#x27;)</pre></td>
E                           </tr>
E                         
E                           <tr>
E                             <td>self</td>
E                             <td class="code"><pre>&lt;django.db.utils.DatabaseErrorWrapper object at 0x108841db0&gt;</pre></td>
E                           </tr>
E                         
E                           <tr>
E                             <td>traceback</td>
E                             <td class="code"><pre>&lt;traceback object at 0x10877a300&gt;</pre></td>
E                           </tr>
E                         
E                       </tbody>
E                     </table>
E                     </details>
E                   
E                 </li>
E               
E                 
E                 <li class="frame django">
E                   
E                     <code class="fname">/Users/mohamedbechirdiarra/Downloads/prototypeGamma/Backend/venv/lib/python3.13/site-packages/django/db/utils.py</code>, line 98, in inner
E                   
E         
E                   
E                     <div class="context" id="c4437025536">
E                       
E                         <ol start="91" class="pre-context" id="pre4437025536">
E                         
E                           <li onclick="toggle('pre4437025536', 'post4437025536')"><pre>                raise dj_exc_value.with_traceback(traceback) from exc_value</pre></li>
E                         
E                           <li onclick="toggle('pre4437025536', 'post4437025536')"><pre></pre></li>
E                         
E                           <li onclick="toggle('pre4437025536', 'post4437025536')"><pre>    def __call__(self, func):</pre></li>
E                         
E                           <li onclick="toggle('pre4437025536', 'post4437025536')"><pre>        # Note that we are intentionally not using @wraps here for performance</pre></li>
E                         
E                           <li onclick="toggle('pre4437025536', 'post4437025536')"><pre>        # reasons. Refs #21109.</pre></li>
E                         
E                           <li onclick="toggle('pre4437025536', 'post4437025536')"><pre>        def inner(*args, **kwargs):</pre></li>
E                         
E                           <li onclick="toggle('pre4437025536', 'post4437025536')"><pre>            with self:</pre></li>
E                         
E                         </ol>
E                       
E                       <ol start="98" class="context-line">
E                         <li onclick="toggle('pre4437025536', 'post4437025536')"><pre>                return func(*args, **kwargs)
E                                    ^^^^^^^^^^^^^^^^^^^^^</pre> <span>…</span></li>
E                       </ol>
E                       
E                         <ol start='99' class="post-context" id="post4437025536">
E                           
E                           <li onclick="toggle('pre4437025536', 'post4437025536')"><pre></pre></li>
E                           
E                           <li onclick="toggle('pre4437025536', 'post4437025536')"><pre>        return inner</pre></li>
E                           
E                           <li onclick="toggle('pre4437025536', 'post4437025536')"><pre></pre></li>
E                           
E                           <li onclick="toggle('pre4437025536', 'post4437025536')"><pre></pre></li>
E                           
E                           <li onclick="toggle('pre4437025536', 'post4437025536')"><pre>def load_backend(backend_name):</pre></li>
E                           
E                           <li onclick="toggle('pre4437025536', 'post4437025536')"><pre>    &quot;&quot;&quot;</pre></li>
E                           
E                       </ol>
E                       
E                     </div>
E                   
E         
E                   
E                     
E                       <details>
E                         <summary class="commands">Local vars</summary>
E                     
E                     <table class="vars" id="v4437025536">
E                       <thead>
E                         <tr>
E                           <th scope="col">Variable</th>
E                           <th scope="col">Value</th>
E                         </tr>
E                       </thead>
E                       <tbody>
E                         
E                           <tr>
E                             <td>args</td>
E                             <td class="code"><pre>()</pre></td>
E                           </tr>
E                         
E                           <tr>
E                             <td>func</td>
E                             <td class="code"><pre>&lt;built-in method fetchone of SQLiteCursorWrapper object at 0x1087b70b0&gt;</pre></td>
E                           </tr>
E                         
E                           <tr>
E                             <td>kwargs</td>
E                             <td class="code"><pre>{}</pre></td>
E                           </tr>
E                         
E                           <tr>
E                             <td>self</td>
E                             <td class="code"><pre>&lt;django.db.utils.DatabaseErrorWrapper object at 0x108841db0&gt;</pre></td>
E                           </tr>
E                         
E                       </tbody>
E                     </table>
E                     </details>
E                   
E                 </li>
E               
E             </ul>
E           </div>
E         
E           <form action="https://dpaste.com/" name="pasteform" id="pasteform" method="post">
E           <div id="pastebinTraceback" class="pastebin">
E             <input type="hidden" name="language" value="PythonConsole">
E             <input type="hidden" name="title"
E               value="IntegrityError at /users/login/">
E             <input type="hidden" name="source" value="Django Dpaste Agent">
E             <input type="hidden" name="poster" value="Django">
E             <textarea name="content" id="traceback_area" cols="140" rows="25">
E         Environment:
E         
E         
E         Request Method: POST
E         Request URL: http://127.0.0.1:8000/users/login/
E         
E         Django Version: 5.2.4
E         Python Version: 3.13.5
E         Installed Applications:
E         [&#x27;django.contrib.admin&#x27;,
E          &#x27;django.contrib.auth&#x27;,
E          &#x27;django.contrib.contenttypes&#x27;,
E          &#x27;django.contrib.sessions&#x27;,
E          &#x27;django.contrib.messages&#x27;,
E          &#x27;django.contrib.staticfiles&#x27;,
E          &#x27;rest_framework&#x27;,
E          &#x27;corsheaders&#x27;,
E          &#x27;users&#x27;,
E          &#x27;depannage&#x27;,
E          &#x27;rest_framework_simplejwt&#x27;,
E          &#x27;rest_framework_simplejwt.token_blacklist&#x27;,
E          &#x27;channels&#x27;]
E         Installed Middleware:
E         [&#x27;corsheaders.middleware.CorsMiddleware&#x27;,
E          &#x27;django.middleware.security.SecurityMiddleware&#x27;,
E          &#x27;django.contrib.sessions.middleware.SessionMiddleware&#x27;,
E          &#x27;django.middleware.common.CommonMiddleware&#x27;,
E          &#x27;django.middleware.csrf.CsrfViewMiddleware&#x27;,
E          &#x27;django.contrib.auth.middleware.AuthenticationMiddleware&#x27;,
E          &#x27;django.contrib.messages.middleware.MessageMiddleware&#x27;,
E          &#x27;django.middleware.clickjacking.XFrameOptionsMiddleware&#x27;,
E          &#x27;auth.middleware.JWTSecurityMiddleware&#x27;,
E          &#x27;auth.middleware.TokenValidationMiddleware&#x27;]
E         
E         
E         
E         Traceback (most recent call last):
E           File "/Users/mohamedbechirdiarra/Downloads/prototypeGamma/Backend/venv/lib/python3.13/site-packages/django/db/utils.py", line 98, in inner
E             return func(*args, **kwargs)
E                    ^^^^^^^^^^^^^^^^^^^^^
E         
E         The above exception (FOREIGN KEY constraint failed) was the direct cause of the following exception:
E           File "/Users/mohamedbechirdiarra/Downloads/prototypeGamma/Backend/venv/lib/python3.13/site-packages/django/core/handlers/exception.py", line 42, in inner
E             response = await get_response(request)
E                        ^^^^^^^^^^^^^^^^^^^^^^^^^^^
E           File "/Users/mohamedbechirdiarra/Downloads/prototypeGamma/Backend/venv/lib/python3.13/site-packages/django/core/handlers/base.py", line 253, in _get_response_async
E             response = await wrapped_callback(
E                        
E           File "/Users/mohamedbechirdiarra/Downloads/prototypeGamma/Backend/venv/lib/python3.13/site-packages/django/views/decorators/csrf.py", line 65, in _view_wrapper
E             return view_func(request, *args, **kwargs)
E                    ^^^^^^^^^^^^^^^^^^^^^^^^^^^^^^^^^^^
E           File "/Users/mohamedbechirdiarra/Downloads/prototypeGamma/Backend/venv/lib/python3.13/site-packages/rest_framework/viewsets.py", line 125, in view
E             return self.dispatch(request, *args, **kwargs)
E                    ^^^^^^^^^^^^^^^^^^^^^^^^^^^^^^^^^^^^^^^
E           File "/Users/mohamedbechirdiarra/Downloads/prototypeGamma/Backend/users/views.py", line 641, in dispatch
E             return super().dispatch(request, *args, **kwargs)
E                    ^^^^^^^^^^^^^^^^^^^^^^^^^^^^^^^^^^^^^^^^^^
E           File "/Users/mohamedbechirdiarra/Downloads/prototypeGamma/Backend/venv/lib/python3.13/site-packages/rest_framework/views.py", line 515, in dispatch
E             response = self.handle_exception(exc)
E                        ^^^^^^^^^^^^^^^^^^^^^^^^^^
E           File "/Users/mohamedbechirdiarra/Downloads/prototypeGamma/Backend/venv/lib/python3.13/site-packages/rest_framework/views.py", line 475, in handle_exception
E             self.raise_uncaught_exception(exc)
E             ^^^^^^^^^^^^^^^^^^^^^^^^^^^^^^^^^^
E           File "/Users/mohamedbechirdiarra/Downloads/prototypeGamma/Backend/venv/lib/python3.13/site-packages/rest_framework/views.py", line 486, in raise_uncaught_exception
E             raise exc
E             ^^^^^^^^^
E           File "/Users/mohamedbechirdiarra/Downloads/prototypeGamma/Backend/venv/lib/python3.13/site-packages/rest_framework/views.py", line 512, in dispatch
E             response = handler(request, *args, **kwargs)
E                        ^^^^^^^^^^^^^^^^^^^^^^^^^^^^^^^^^
E           File "/Users/mohamedbechirdiarra/Downloads/prototypeGamma/Backend/users/views.py", line 382, in login
E             log_event(request, &#x27;login&#x27;, &#x27;success&#x27;, risk_score=risk_score, metadata={}, user=user)
E             ^^^^^^^^^^^^^^^^^^^^^^^^^^^^^^^^^^^^^^^^^^^^^^^^^^^^^^^^^^^^^^^^^^^^^^^^^^^^^^^^^^^^^
E           File "/Users/mohamedbechirdiarra/Downloads/prototypeGamma/Backend/users/utils.py", line 14, in log_event
E             AuditLog.objects.create(
E             ^
E           File "/Users/mohamedbechirdiarra/Downloads/prototypeGamma/Backend/venv/lib/python3.13/site-packages/django/db/models/manager.py", line 87, in manager_method
E             return getattr(self.get_queryset(), name)(*args, **kwargs)
E                    ^^^^^^^^^^^^^^^^^^^^^^^^^^^^^^^^^^^^^^^^^^^^^^^^^^^
E           File "/Users/mohamedbechirdiarra/Downloads/prototypeGamma/Backend/venv/lib/python3.13/site-packages/django/db/models/query.py", line 663, in create
E             obj.save(force_insert=True, using=self.db)
E             ^^^^^^^^^^^^^^^^^^^^^^^^^^^^^^^^^^^^^^^^^^
E           File "/Users/mohamedbechirdiarra/Downloads/prototypeGamma/Backend/venv/lib/python3.13/site-packages/django/db/models/base.py", line 902, in save
E             self.save_base(
E             ^
E           File "/Users/mohamedbechirdiarra/Downloads/prototypeGamma/Backend/venv/lib/python3.13/site-packages/django/db/models/base.py", line 1008, in save_base
E             updated = self._save_table(
E                       
E           File "/Users/mohamedbechirdiarra/Downloads/prototypeGamma/Backend/venv/lib/python3.13/site-packages/django/db/models/base.py", line 1169, in _save_table
E             results = self._do_insert(
E                       
E           File "/Users/mohamedbechirdiarra/Downloads/prototypeGamma/Backend/venv/lib/python3.13/site-packages/django/db/models/base.py", line 1210, in _do_insert
E             return manager._insert(
E                    
E           File "/Users/mohamedbechirdiarra/Downloads/prototypeGamma/Backend/venv/lib/python3.13/site-packages/django/db/models/manager.py", line 87, in manager_method
E             return getattr(self.get_queryset(), name)(*args, **kwargs)
E                    ^^^^^^^^^^^^^^^^^^^^^^^^^^^^^^^^^^^^^^^^^^^^^^^^^^^
E           File "/Users/mohamedbechirdiarra/Downloads/prototypeGamma/Backend/venv/lib/python3.13/site-packages/django/db/models/query.py", line 1868, in _insert
E             return query.get_compiler(using=using).execute_sql(returning_fields)
E                    ^^^^^^^^^^^^^^^^^^^^^^^^^^^^^^^^^^^^^^^^^^^^^^^^^^^^^^^^^^^^^
E           File "/Users/mohamedbechirdiarra/Downloads/prototypeGamma/Backend/venv/lib/python3.13/site-packages/django/db/models/sql/compiler.py", line 1894, in execute_sql
E             self.connection.ops.fetch_returned_insert_columns(
E             ^
E           File "/Users/mohamedbechirdiarra/Downloads/prototypeGamma/Backend/venv/lib/python3.13/site-packages/django/db/backends/base/operations.py", line 215, in fetch_returned_insert_columns
E             return cursor.fetchone()
E                    ^^^^^^^^^^^^^^^^^
E           File "/Users/mohamedbechirdiarra/Downloads/prototypeGamma/Backend/venv/lib/python3.13/site-packages/django/db/utils.py", line 97, in inner
E             with self:
E                  ^^^^
E           File "/Users/mohamedbechirdiarra/Downloads/prototypeGamma/Backend/venv/lib/python3.13/site-packages/django/db/utils.py", line 91, in __exit__
E             raise dj_exc_value.with_traceback(traceback) from exc_value
E             ^^^^^^^^^^^^^^^^^^^^^^^^^^^^^^^^^^^^^^^^^^^^^^^^^^^^^^^^^^^
E           File "/Users/mohamedbechirdiarra/Downloads/prototypeGamma/Backend/venv/lib/python3.13/site-packages/django/db/utils.py", line 98, in inner
E             return func(*args, **kwargs)
E                    ^^^^^^^^^^^^^^^^^^^^^
E         
E         Exception Type: IntegrityError at /users/login/
E         Exception Value: FOREIGN KEY constraint failed
E         </textarea>
E           <br><br>
E           <input type="submit" value="Share this traceback on a public website">
E           </div>
E         </form>
E         
E         </div>
E         
E         
E         <div id="requestinfo">
E           <h2>Request information</h2>
E         
E         
E           
E             <h3 id="user-info">USER</h3>
E             <p>AnonymousUser</p>
E           
E         
E           <h3 id="get-info">GET</h3>
E           
E             <p>No GET data</p>
E           
E         
E           <h3 id="post-info">POST</h3>
E           
E             <p>No POST data</p>
E           
E         
E           <h3 id="files-info">FILES</h3>
E           
E             <p>No FILES data</p>
E           
E         
E           <h3 id="cookie-info">COOKIES</h3>
E           
E             <p>No cookie data</p>
E           
E         
E           <h3 id="meta-info">META</h3>
E           <table class="req">
E             <thead>
E               <tr>
E                 <th scope="col">Variable</th>
E                 <th scope="col">Value</th>
E               </tr>
E             </thead>
E             <tbody>
E               
E                 <tr>
E                   <td>CONTENT_LENGTH</td>
E                   <td class="code"><pre>&#x27;69&#x27;</pre></td>
E                 </tr>
E               
E                 <tr>
E                   <td>CONTENT_TYPE</td>
E                   <td class="code"><pre>&#x27;application/json&#x27;</pre></td>
E                 </tr>
E               
E                 <tr>
E                   <td>HTTP_ACCEPT</td>
E                   <td class="code"><pre>&#x27;*/*&#x27;</pre></td>
E                 </tr>
E               
E                 <tr>
E                   <td>HTTP_ACCEPT_ENCODING</td>
E                   <td class="code"><pre>&#x27;gzip, deflate&#x27;</pre></td>
E                 </tr>
E               
E                 <tr>
E                   <td>HTTP_CONNECTION</td>
E                   <td class="code"><pre>&#x27;keep-alive&#x27;</pre></td>
E                 </tr>
E               
E                 <tr>
E                   <td>HTTP_HOST</td>
E                   <td class="code"><pre>&#x27;127.0.0.1:8000&#x27;</pre></td>
E                 </tr>
E               
E                 <tr>
E                   <td>HTTP_USER_AGENT</td>
E                   <td class="code"><pre>&#x27;python-requests/2.32.4&#x27;</pre></td>
E                 </tr>
E               
E                 <tr>
E                   <td>PATH_INFO</td>
E                   <td class="code"><pre>&#x27;/users/login/&#x27;</pre></td>
E                 </tr>
E               
E                 <tr>
E                   <td>QUERY_STRING</td>
E                   <td class="code"><pre>&#x27;&#x27;</pre></td>
E                 </tr>
E               
E                 <tr>
E                   <td>REMOTE_ADDR</td>
E                   <td class="code"><pre>&#x27;127.0.0.1&#x27;</pre></td>
E                 </tr>
E               
E                 <tr>
E                   <td>REMOTE_HOST</td>
E                   <td class="code"><pre>&#x27;127.0.0.1&#x27;</pre></td>
E                 </tr>
E               
E                 <tr>
E                   <td>REMOTE_PORT</td>
E                   <td class="code"><pre>53752</pre></td>
E                 </tr>
E               
E                 <tr>
E                   <td>REQUEST_METHOD</td>
E                   <td class="code"><pre>&#x27;POST&#x27;</pre></td>
E                 </tr>
E               
E                 <tr>
E                   <td>SCRIPT_NAME</td>
E                   <td class="code"><pre>&#x27;&#x27;</pre></td>
E                 </tr>
E               
E                 <tr>
E                   <td>SERVER_NAME</td>
E                   <td class="code"><pre>&#x27;127.0.0.1&#x27;</pre></td>
E                 </tr>
E               
E                 <tr>
E                   <td>SERVER_PORT</td>
E                   <td class="code"><pre>&#x27;8000&#x27;</pre></td>
E                 </tr>
E               
E                 <tr>
E                   <td>wsgi.multiprocess</td>
E                   <td class="code"><pre>True</pre></td>
E                 </tr>
E               
E                 <tr>
E                   <td>wsgi.multithread</td>
E                   <td class="code"><pre>True</pre></td>
E                 </tr>
E               
E             </tbody>
E           </table>
E         
E         
E           <h3 id="settings-info">Settings</h3>
E           <h4>Using settings module <code>Backend.auth.settings</code></h4>
E           <table class="req">
E             <thead>
E               <tr>
E                 <th scope="col">Setting</th>
E                 <th scope="col">Value</th>
E               </tr>
E             </thead>
E             <tbody>
E               
E                 <tr>
E                   <td>ABSOLUTE_URL_OVERRIDES</td>
E                   <td class="code"><pre>{}</pre></td>
E                 </tr>
E               
E                 <tr>
E                   <td>ADMINS</td>
E                   <td class="code"><pre>[]</pre></td>
E                 </tr>
E               
E                 <tr>
E                   <td>ALLOWED_HOSTS</td>
E                   <td class="code"><pre>[&#x27;127.0.0.1&#x27;, &#x27;localhost&#x27;, &#x27;testserver&#x27;]</pre></td>
E                 </tr>
E               
E                 <tr>
E                   <td>APPEND_SLASH</td>
E                   <td class="code"><pre>True</pre></td>
E                 </tr>
E               
E                 <tr>
E                   <td>ASGI_APPLICATION</td>
E                   <td class="code"><pre>&#x27;auth.asgi.application&#x27;</pre></td>
E                 </tr>
E               
E                 <tr>
E                   <td>AUTHENTICATION_BACKENDS</td>
E                   <td class="code"><pre>&#x27;********************&#x27;</pre></td>
E                 </tr>
E               
E                 <tr>
E                   <td>AUTH_PASSWORD_VALIDATORS</td>
E                   <td class="code"><pre>&#x27;********************&#x27;</pre></td>
E                 </tr>
E               
E                 <tr>
E                   <td>AUTH_USER_MODEL</td>
E                   <td class="code"><pre>&#x27;********************&#x27;</pre></td>
E                 </tr>
E               
E                 <tr>
E                   <td>BASE_DIR</td>
E                   <td class="code"><pre>PosixPath(&#x27;/Users/mohamedbechirdiarra/Downloads/prototypeGamma/Backend&#x27;)</pre></td>
E                 </tr>
E               
E                 <tr>
E                   <td>BASE_URL</td>
E                   <td class="code"><pre>&#x27;http://127.0.0.1:8000&#x27;</pre></td>
E                 </tr>
E               
E                 <tr>
E                   <td>CACHES</td>
E                   <td class="code"><pre>{&#x27;default&#x27;: {&#x27;BACKEND&#x27;: &#x27;django.core.cache.backends.locmem.LocMemCache&#x27;,
E                      &#x27;LOCATION&#x27;: &#x27;unique-snowflake&#x27;,
E                      &#x27;OPTIONS&#x27;: {&#x27;MAX_ENTRIES&#x27;: 1000},
E                      &#x27;TIMEOUT&#x27;: 300}}</pre></td>
E                 </tr>
E               
E                 <tr>
E                   <td>CACHE_MIDDLEWARE_ALIAS</td>
E                   <td class="code"><pre>&#x27;default&#x27;</pre></td>
E                 </tr>
E               
E                 <tr>
E                   <td>CACHE_MIDDLEWARE_KEY_PREFIX</td>
E                   <td class="code"><pre>&#x27;********************&#x27;</pre></td>
E                 </tr>
E               
E                 <tr>
E                   <td>CACHE_MIDDLEWARE_SECONDS</td>
E                   <td class="code"><pre>600</pre></td>
E                 </tr>
E               
E                 <tr>
E                   <td>CHANNEL_LAYERS</td>
E                   <td class="code"><pre>{&#x27;default&#x27;: {&#x27;BACKEND&#x27;: &#x27;channels.layers.InMemoryChannelLayer&#x27;}}</pre></td>
E                 </tr>
E               
E                 <tr>
E                   <td>CINETPAY_API_KEY</td>
E                   <td class="code"><pre>&#x27;********************&#x27;</pre></td>
E                 </tr>
E               
E                 <tr>
E                   <td>CINETPAY_CONFIG</td>
E                   <td class="code"><pre>{&#x27;API_KEY&#x27;: &#x27;********************&#x27;,
E          &#x27;API_URL&#x27;: &#x27;********************&#x27;,
E          &#x27;CURRENCY&#x27;: &#x27;XOF&#x27;,
E          &#x27;ENVIRONMENT&#x27;: &#x27;Production&#x27;,
E          &#x27;LANG&#x27;: &#x27;fr&#x27;,
E          &#x27;MODE&#x27;: &#x27;PRODUCTION&#x27;,
E          &#x27;SECRET_KEY&#x27;: &#x27;********************&#x27;,
E          &#x27;SITE_ID&#x27;: &#x27;105899471&#x27;,
E          &#x27;USE_SIMULATOR&#x27;: False}</pre></td>
E                 </tr>
E               
E                 <tr>
E                   <td>CINETPAY_ENVIRONMENT</td>
E                   <td class="code"><pre>&#x27;Production&#x27;</pre></td>
E                 </tr>
E               
E                 <tr>
E                   <td>CINETPAY_SECRET_KEY</td>
E                   <td class="code"><pre>&#x27;********************&#x27;</pre></td>
E                 </tr>
E               
E                 <tr>
E                   <td>CINETPAY_SITE_ID</td>
E                   <td class="code"><pre>&#x27;105899471&#x27;</pre></td>
E                 </tr>
E               
E                 <tr>
E                   <td>CINETPAY_USE_SIMULATOR</td>
E                   <td class="code"><pre>False</pre></td>
E                 </tr>
E               
E                 <tr>
E                   <td>CORS_ALLOWED_HEADERS</td>
E                   <td class="code"><pre>[&#x27;Content-Type&#x27;, &#x27;Authorization&#x27;, &#x27;X-Requested-With&#x27;]</pre></td>
E                 </tr>
E               
E                 <tr>
E                   <td>CORS_ALLOWED_METHODS</td>
E                   <td class="code"><pre>[&#x27;GET&#x27;, &#x27;POST&#x27;, &#x27;PUT&#x27;, &#x27;DELETE&#x27;, &#x27;OPTIONS&#x27;]</pre></td>
E                 </tr>
E               
E                 <tr>
E                   <td>CORS_ALLOWED_ORIGINS</td>
E                   <td class="code"><pre>[&#x27;http://localhost:5173&#x27;,
E          &#x27;http://127.0.0.1:5173&#x27;,
E          &#x27;http://localhost:8000&#x27;,
E          &#x27;http://127.0.0.1:8000&#x27;]</pre></td>
E                 </tr>
E               
E                 <tr>
E                   <td>CORS_ALLOW_ALL_ORIGINS</td>
E                   <td class="code"><pre>True</pre></td>
E                 </tr>
E               
E                 <tr>
E                   <td>CORS_ALLOW_CREDENTIALS</td>
E                   <td class="code"><pre>True</pre></td>
E                 </tr>
E               
E                 <tr>
E                   <td>CSRF_COOKIE_AGE</td>
E                   <td class="code"><pre>31449600</pre></td>
E                 </tr>
E               
E                 <tr>
E                   <td>CSRF_COOKIE_DOMAIN</td>
E                   <td class="code"><pre>None</pre></td>
E                 </tr>
E               
E                 <tr>
E                   <td>CSRF_COOKIE_HTTPONLY</td>
E                   <td class="code"><pre>True</pre></td>
E                 </tr>
E               
E                 <tr>
E                   <td>CSRF_COOKIE_NAME</td>
E                   <td class="code"><pre>&#x27;csrftoken&#x27;</pre></td>
E                 </tr>
E               
E                 <tr>
E                   <td>CSRF_COOKIE_PATH</td>
E                   <td class="code"><pre>&#x27;/&#x27;</pre></td>
E                 </tr>
E               
E                 <tr>
E                   <td>CSRF_COOKIE_SAMESITE</td>
E                   <td class="code"><pre>&#x27;Lax&#x27;</pre></td>
E                 </tr>
E               
E                 <tr>
E                   <td>CSRF_COOKIE_SECURE</td>
E                   <td class="code"><pre>True</pre></td>
E                 </tr>
E               
E                 <tr>
E                   <td>CSRF_FAILURE_VIEW</td>
E                   <td class="code"><pre>&#x27;django.views.csrf.csrf_failure&#x27;</pre></td>
E                 </tr>
E               
E                 <tr>
E                   <td>CSRF_HEADER_NAME</td>
E                   <td class="code"><pre>&#x27;HTTP_X_CSRFTOKEN&#x27;</pre></td>
E                 </tr>
E               
E                 <tr>
E                   <td>CSRF_TRUSTED_ORIGINS</td>
E                   <td class="code"><pre>[&#x27;http://localhost:3000&#x27;, &#x27;http://127.0.0.1:3000&#x27;]</pre></td>
E                 </tr>
E               
E                 <tr>
E                   <td>CSRF_USE_SESSIONS</td>
E                   <td class="code"><pre>False</pre></td>
E                 </tr>
E               
E                 <tr>
E                   <td>DATABASES</td>
E                   <td class="code"><pre>{&#x27;default&#x27;: {&#x27;ATOMIC_REQUESTS&#x27;: False,
E                      &#x27;AUTOCOMMIT&#x27;: True,
E                      &#x27;CONN_HEALTH_CHECKS&#x27;: False,
E                      &#x27;CONN_MAX_AGE&#x27;: 0,
E                      &#x27;ENGINE&#x27;: &#x27;django.db.backends.sqlite3&#x27;,
E                      &#x27;HOST&#x27;: &#x27;&#x27;,
E                      &#x27;NAME&#x27;: PosixPath(&#x27;/Users/mohamedbechirdiarra/Downloads/prototypeGamma/Backend/db.sqlite3&#x27;),
E                      &#x27;OPTIONS&#x27;: {},
E                      &#x27;PASSWORD&#x27;: &#x27;********************&#x27;,
E                      &#x27;PORT&#x27;: &#x27;&#x27;,
E                      &#x27;TEST&#x27;: {&#x27;CHARSET&#x27;: None,
E                               &#x27;COLLATION&#x27;: None,
E                               &#x27;MIGRATE&#x27;: True,
E                               &#x27;MIRROR&#x27;: None,
E                               &#x27;NAME&#x27;: None},
E                      &#x27;TIME_ZONE&#x27;: None,
E                      &#x27;USER&#x27;: &#x27;&#x27;}}</pre></td>
E                 </tr>
E               
E                 <tr>
E                   <td>DATABASE_ROUTERS</td>
E                   <td class="code"><pre>[]</pre></td>
E                 </tr>
E               
E                 <tr>
E                   <td>DATA_UPLOAD_MAX_MEMORY_SIZE</td>
E                   <td class="code"><pre>2621440</pre></td>
E                 </tr>
E               
E                 <tr>
E                   <td>DATA_UPLOAD_MAX_NUMBER_FIELDS</td>
E                   <td class="code"><pre>1000</pre></td>
E                 </tr>
E               
E                 <tr>
E                   <td>DATA_UPLOAD_MAX_NUMBER_FILES</td>
E                   <td class="code"><pre>100</pre></td>
E                 </tr>
E               
E                 <tr>
E                   <td>DATETIME_FORMAT</td>
E                   <td class="code"><pre>&#x27;N j, Y, P&#x27;</pre></td>
E                 </tr>
E               
E                 <tr>
E                   <td>DATETIME_INPUT_FORMATS</td>
E                   <td class="code"><pre>[&#x27;%Y-%m-%d %H:%M:%S&#x27;,
E          &#x27;%Y-%m-%d %H:%M:%S.%f&#x27;,
E          &#x27;%Y-%m-%d %H:%M&#x27;,
E          &#x27;%m/%d/%Y %H:%M:%S&#x27;,
E          &#x27;%m/%d/%Y %H:%M:%S.%f&#x27;,
E          &#x27;%m/%d/%Y %H:%M&#x27;,
E          &#x27;%m/%d/%y %H:%M:%S&#x27;,
E          &#x27;%m/%d/%y %H:%M:%S.%f&#x27;,
E          &#x27;%m/%d/%y %H:%M&#x27;]</pre></td>
E                 </tr>
E               
E                 <tr>
E                   <td>DATE_FORMAT</td>
E                   <td class="code"><pre>&#x27;N j, Y&#x27;</pre></td>
E                 </tr>
E               
E                 <tr>
E                   <td>DATE_INPUT_FORMATS</td>
E                   <td class="code"><pre>[&#x27;%Y-%m-%d&#x27;,
E          &#x27;%m/%d/%Y&#x27;,
E          &#x27;%m/%d/%y&#x27;,
E          &#x27;%b %d %Y&#x27;,
E          &#x27;%b %d, %Y&#x27;,
E          &#x27;%d %b %Y&#x27;,
E          &#x27;%d %b, %Y&#x27;,
E          &#x27;%B %d %Y&#x27;,
E          &#x27;%B %d, %Y&#x27;,
E          &#x27;%d %B %Y&#x27;,
E          &#x27;%d %B, %Y&#x27;]</pre></td>
E                 </tr>
E               
E                 <tr>
E                   <td>DEBUG</td>
E                   <td class="code"><pre>True</pre></td>
E                 </tr>
E               
E                 <tr>
E                   <td>DEBUG_PROPAGATE_EXCEPTIONS</td>
E                   <td class="code"><pre>False</pre></td>
E                 </tr>
E               
E                 <tr>
E                   <td>DECIMAL_SEPARATOR</td>
E                   <td class="code"><pre>&#x27;.&#x27;</pre></td>
E                 </tr>
E               
E                 <tr>
E                   <td>DEFAULT_AUTO_FIELD</td>
E                   <td class="code"><pre>&#x27;django.db.models.BigAutoField&#x27;</pre></td>
E                 </tr>
E               
E                 <tr>
E                   <td>DEFAULT_CHARSET</td>
E                   <td class="code"><pre>&#x27;utf-8&#x27;</pre></td>
E                 </tr>
E               
E                 <tr>
E                   <td>DEFAULT_EXCEPTION_REPORTER</td>
E                   <td class="code"><pre>&#x27;django.views.debug.ExceptionReporter&#x27;</pre></td>
E                 </tr>
E               
E                 <tr>
E                   <td>DEFAULT_EXCEPTION_REPORTER_FILTER</td>
E                   <td class="code"><pre>&#x27;django.views.debug.SafeExceptionReporterFilter&#x27;</pre></td>
E                 </tr>
E               
E                 <tr>
E                   <td>DEFAULT_FROM_EMAIL</td>
E                   <td class="code"><pre>&#x27;webmaster@localhost&#x27;</pre></td>
E                 </tr>
E               
E                 <tr>
E                   <td>DEFAULT_INDEX_TABLESPACE</td>
E                   <td class="code"><pre>&#x27;&#x27;</pre></td>
E                 </tr>
E               
E                 <tr>
E                   <td>DEFAULT_TABLESPACE</td>
E                   <td class="code"><pre>&#x27;&#x27;</pre></td>
E                 </tr>
E               
E                 <tr>
E                   <td>DISALLOWED_USER_AGENTS</td>
E                   <td class="code"><pre>[]</pre></td>
E                 </tr>
E               
E                 <tr>
E                   <td>EMAIL_BACKEND</td>
E                   <td class="code"><pre>&#x27;django.core.mail.backends.console.EmailBackend&#x27;</pre></td>
E                 </tr>
E               
E                 <tr>
E                   <td>EMAIL_HOST</td>
E                   <td class="code"><pre>&#x27;localhost&#x27;</pre></td>
E                 </tr>
E               
E                 <tr>
E                   <td>EMAIL_HOST_PASSWORD</td>
E                   <td class="code"><pre>&#x27;********************&#x27;</pre></td>
E                 </tr>
E               
E                 <tr>
E                   <td>EMAIL_HOST_USER</td>
E                   <td class="code"><pre>&#x27;&#x27;</pre></td>
E                 </tr>
E               
E                 <tr>
E                   <td>EMAIL_PORT</td>
E                   <td class="code"><pre>1025</pre></td>
E                 </tr>
E               
E                 <tr>
E                   <td>EMAIL_SSL_CERTFILE</td>
E                   <td class="code"><pre>None</pre></td>
E                 </tr>
E               
E                 <tr>
E                   <td>EMAIL_SSL_KEYFILE</td>
E                   <td class="code"><pre>&#x27;********************&#x27;</pre></td>
E                 </tr>
E               
E                 <tr>
E                   <td>EMAIL_SUBJECT_PREFIX</td>
E                   <td class="code"><pre>&#x27;[Django] &#x27;</pre></td>
E                 </tr>
E               
E                 <tr>
E                   <td>EMAIL_TIMEOUT</td>
E                   <td class="code"><pre>None</pre></td>
E                 </tr>
E               
E                 <tr>
E                   <td>EMAIL_USE_LOCALTIME</td>
E                   <td class="code"><pre>False</pre></td>
E                 </tr>
E               
E                 <tr>
E                   <td>EMAIL_USE_SSL</td>
E                   <td class="code"><pre>False</pre></td>
E                 </tr>
E               
E                 <tr>
E                   <td>EMAIL_USE_TLS</td>
E                   <td class="code"><pre>False</pre></td>
E                 </tr>
E               
E                 <tr>
E                   <td>FILE_UPLOAD_DIRECTORY_PERMISSIONS</td>
E                   <td class="code"><pre>None</pre></td>
E                 </tr>
E               
E                 <tr>
E                   <td>FILE_UPLOAD_HANDLERS</td>
E                   <td class="code"><pre>[&#x27;django.core.files.uploadhandler.MemoryFileUploadHandler&#x27;,
E          &#x27;django.core.files.uploadhandler.TemporaryFileUploadHandler&#x27;]</pre></td>
E                 </tr>
E               
E                 <tr>
E                   <td>FILE_UPLOAD_MAX_MEMORY_SIZE</td>
E                   <td class="code"><pre>2621440</pre></td>
E                 </tr>
E               
E                 <tr>
E                   <td>FILE_UPLOAD_PERMISSIONS</td>
E                   <td class="code"><pre>420</pre></td>
E                 </tr>
E               
E                 <tr>
E                   <td>FILE_UPLOAD_TEMP_DIR</td>
E                   <td class="code"><pre>None</pre></td>
E                 </tr>
E               
E                 <tr>
E                   <td>FIRST_DAY_OF_WEEK</td>
E                   <td class="code"><pre>0</pre></td>
E                 </tr>
E               
E                 <tr>
E                   <td>FIXTURE_DIRS</td>
E                   <td class="code"><pre>[]</pre></td>
E                 </tr>
E               
E                 <tr>
E                   <td>FORCE_SCRIPT_NAME</td>
E                   <td class="code"><pre>None</pre></td>
E                 </tr>
E               
E                 <tr>
E                   <td>FORMAT_MODULE_PATH</td>
E                   <td class="code"><pre>None</pre></td>
E                 </tr>
E               
E                 <tr>
E                   <td>FORMS_URLFIELD_ASSUME_HTTPS</td>
E                   <td class="code"><pre>False</pre></td>
E                 </tr>
E               
E                 <tr>
E                   <td>FORM_RENDERER</td>
E                   <td class="code"><pre>&#x27;django.forms.renderers.DjangoTemplates&#x27;</pre></td>
E                 </tr>
E               
E                 <tr>
E                   <td>FRONTEND_URL</td>
E                   <td class="code"><pre>&#x27;http://127.0.0.1:5173&#x27;</pre></td>
E                 </tr>
E               
E                 <tr>
E                   <td>GDAL_LIBRARY_PATH</td>
E                   <td class="code"><pre>&#x27;C:\\OSGeo4W\\bin\\gdal311.dll&#x27;</pre></td>
E                 </tr>
E               
E                 <tr>
E                   <td>GEOLOCATION_SETTINGS</td>
E                   <td class="code"><pre>{&#x27;CACHE_TIMEOUT&#x27;: 3600, &#x27;DEFAULT_RADIUS_KM&#x27;: 10, &#x27;MAX_RADIUS_KM&#x27;: 50}</pre></td>
E                 </tr>
E               
E                 <tr>
E                   <td>GEOS_LIBRARY_PATH</td>
E                   <td class="code"><pre>&#x27;C:\\OSGeo4W\\bin\\geos_c.dll&#x27;</pre></td>
E                 </tr>
E               
E                 <tr>
E                   <td>IGNORABLE_404_URLS</td>
E                   <td class="code"><pre>[]</pre></td>
E                 </tr>
E               
E                 <tr>
E                   <td>INSTALLED_APPS</td>
E                   <td class="code"><pre>[&#x27;django.contrib.admin&#x27;,
E          &#x27;django.contrib.auth&#x27;,
E          &#x27;django.contrib.contenttypes&#x27;,
E          &#x27;django.contrib.sessions&#x27;,
E          &#x27;django.contrib.messages&#x27;,
E          &#x27;django.contrib.staticfiles&#x27;,
E          &#x27;rest_framework&#x27;,
E          &#x27;corsheaders&#x27;,
E          &#x27;users&#x27;,
E          &#x27;depannage&#x27;,
E          &#x27;rest_framework_simplejwt&#x27;,
E          &#x27;rest_framework_simplejwt.token_blacklist&#x27;,
E          &#x27;channels&#x27;]</pre></td>
E                 </tr>
E               
E                 <tr>
E                   <td>INTERNAL_IPS</td>
E                   <td class="code"><pre>[]</pre></td>
E                 </tr>
E               
E                 <tr>
E                   <td>LANGUAGES</td>
E                   <td class="code"><pre>[(&#x27;af&#x27;, &#x27;Afrikaans&#x27;),
E          (&#x27;ar&#x27;, &#x27;Arabic&#x27;),
E          (&#x27;ar-dz&#x27;, &#x27;Algerian Arabic&#x27;),
E          (&#x27;ast&#x27;, &#x27;Asturian&#x27;),
E          (&#x27;az&#x27;, &#x27;Azerbaijani&#x27;),
E          (&#x27;bg&#x27;, &#x27;Bulgarian&#x27;),
E          (&#x27;be&#x27;, &#x27;Belarusian&#x27;),
E          (&#x27;bn&#x27;, &#x27;Bengali&#x27;),
E          (&#x27;br&#x27;, &#x27;Breton&#x27;),
E          (&#x27;bs&#x27;, &#x27;Bosnian&#x27;),
E          (&#x27;ca&#x27;, &#x27;Catalan&#x27;),
E          (&#x27;ckb&#x27;, &#x27;Central Kurdish (Sorani)&#x27;),
E          (&#x27;cs&#x27;, &#x27;Czech&#x27;),
E          (&#x27;cy&#x27;, &#x27;Welsh&#x27;),
E          (&#x27;da&#x27;, &#x27;Danish&#x27;),
E          (&#x27;de&#x27;, &#x27;German&#x27;),
E          (&#x27;dsb&#x27;, &#x27;Lower Sorbian&#x27;),
E          (&#x27;el&#x27;, &#x27;Greek&#x27;),
E          (&#x27;en&#x27;, &#x27;English&#x27;),
E          (&#x27;en-au&#x27;, &#x27;Australian English&#x27;),
E          (&#x27;en-gb&#x27;, &#x27;British English&#x27;),
E          (&#x27;eo&#x27;, &#x27;Esperanto&#x27;),
E          (&#x27;es&#x27;, &#x27;Spanish&#x27;),
E          (&#x27;es-ar&#x27;, &#x27;Argentinian Spanish&#x27;),
E          (&#x27;es-co&#x27;, &#x27;Colombian Spanish&#x27;),
E          (&#x27;es-mx&#x27;, &#x27;Mexican Spanish&#x27;),
E          (&#x27;es-ni&#x27;, &#x27;Nicaraguan Spanish&#x27;),
E          (&#x27;es-ve&#x27;, &#x27;Venezuelan Spanish&#x27;),
E          (&#x27;et&#x27;, &#x27;Estonian&#x27;),
E          (&#x27;eu&#x27;, &#x27;Basque&#x27;),
E          (&#x27;fa&#x27;, &#x27;Persian&#x27;),
E          (&#x27;fi&#x27;, &#x27;Finnish&#x27;),
E          (&#x27;fr&#x27;, &#x27;French&#x27;),
E          (&#x27;fy&#x27;, &#x27;Frisian&#x27;),
E          (&#x27;ga&#x27;, &#x27;Irish&#x27;),
E          (&#x27;gd&#x27;, &#x27;Scottish Gaelic&#x27;),
E          (&#x27;gl&#x27;, &#x27;Galician&#x27;),
E          (&#x27;he&#x27;, &#x27;Hebrew&#x27;),
E          (&#x27;hi&#x27;, &#x27;Hindi&#x27;),
E          (&#x27;hr&#x27;, &#x27;Croatian&#x27;),
E          (&#x27;hsb&#x27;, &#x27;Upper Sorbian&#x27;),
E          (&#x27;hu&#x27;, &#x27;Hungarian&#x27;),
E          (&#x27;hy&#x27;, &#x27;Armenian&#x27;),
E          (&#x27;ia&#x27;, &#x27;Interlingua&#x27;),
E          (&#x27;id&#x27;, &#x27;Indonesian&#x27;),
E          (&#x27;ig&#x27;, &#x27;Igbo&#x27;),
E          (&#x27;io&#x27;, &#x27;Ido&#x27;),
E          (&#x27;is&#x27;, &#x27;Icelandic&#x27;),
E          (&#x27;it&#x27;, &#x27;Italian&#x27;),
E          (&#x27;ja&#x27;, &#x27;Japanese&#x27;),
E          (&#x27;ka&#x27;, &#x27;Georgian&#x27;),
E          (&#x27;kab&#x27;, &#x27;Kabyle&#x27;),
E          (&#x27;kk&#x27;, &#x27;Kazakh&#x27;),
E          (&#x27;km&#x27;, &#x27;Khmer&#x27;),
E          (&#x27;kn&#x27;, &#x27;Kannada&#x27;),
E          (&#x27;ko&#x27;, &#x27;Korean&#x27;),
E          (&#x27;ky&#x27;, &#x27;Kyrgyz&#x27;),
E          (&#x27;lb&#x27;, &#x27;Luxembourgish&#x27;),
E          (&#x27;lt&#x27;, &#x27;Lithuanian&#x27;),
E          (&#x27;lv&#x27;, &#x27;Latvian&#x27;),
E          (&#x27;mk&#x27;, &#x27;Macedonian&#x27;),
E          (&#x27;ml&#x27;, &#x27;Malayalam&#x27;),
E          (&#x27;mn&#x27;, &#x27;Mongolian&#x27;),
E          (&#x27;mr&#x27;, &#x27;Marathi&#x27;),
E          (&#x27;ms&#x27;, &#x27;Malay&#x27;),
E          (&#x27;my&#x27;, &#x27;Burmese&#x27;),
E          (&#x27;nb&#x27;, &#x27;Norwegian Bokmål&#x27;),
E          (&#x27;ne&#x27;, &#x27;Nepali&#x27;),
E          (&#x27;nl&#x27;, &#x27;Dutch&#x27;),
E          (&#x27;nn&#x27;, &#x27;Norwegian Nynorsk&#x27;),
E          (&#x27;os&#x27;, &#x27;Ossetic&#x27;),
E          (&#x27;pa&#x27;, &#x27;Punjabi&#x27;),
E          (&#x27;pl&#x27;, &#x27;Polish&#x27;),
E          (&#x27;pt&#x27;, &#x27;Portuguese&#x27;),
E          (&#x27;pt-br&#x27;, &#x27;Brazilian Portuguese&#x27;),
E          (&#x27;ro&#x27;, &#x27;Romanian&#x27;),
E          (&#x27;ru&#x27;, &#x27;Russian&#x27;),
E          (&#x27;sk&#x27;, &#x27;Slovak&#x27;),
E          (&#x27;sl&#x27;, &#x27;Slovenian&#x27;),
E          (&#x27;sq&#x27;, &#x27;Albanian&#x27;),
E          (&#x27;sr&#x27;, &#x27;Serbian&#x27;),
E          (&#x27;sr-latn&#x27;, &#x27;Serbian Latin&#x27;),
E          (&#x27;sv&#x27;, &#x27;Swedish&#x27;),
E          (&#x27;sw&#x27;, &#x27;Swahili&#x27;),
E          (&#x27;ta&#x27;, &#x27;Tamil&#x27;),
E          (&#x27;te&#x27;, &#x27;Telugu&#x27;),
E          (&#x27;tg&#x27;, &#x27;Tajik&#x27;),
E          (&#x27;th&#x27;, &#x27;Thai&#x27;),
E          (&#x27;tk&#x27;, &#x27;Turkmen&#x27;),
E          (&#x27;tr&#x27;, &#x27;Turkish&#x27;),
E          (&#x27;tt&#x27;, &#x27;Tatar&#x27;),
E          (&#x27;udm&#x27;, &#x27;Udmurt&#x27;),
E          (&#x27;ug&#x27;, &#x27;Uyghur&#x27;),
E          (&#x27;uk&#x27;, &#x27;Ukrainian&#x27;),
E          (&#x27;ur&#x27;, &#x27;Urdu&#x27;),
E          (&#x27;uz&#x27;, &#x27;Uzbek&#x27;),
E          (&#x27;vi&#x27;, &#x27;Vietnamese&#x27;),
E          (&#x27;zh-hans&#x27;, &#x27;Simplified Chinese&#x27;),
E          (&#x27;zh-hant&#x27;, &#x27;Traditional Chinese&#x27;)]</pre></td>
E                 </tr>
E               
E                 <tr>
E                   <td>LANGUAGES_BIDI</td>
E                   <td class="code"><pre>[&#x27;he&#x27;, &#x27;ar&#x27;, &#x27;ar-dz&#x27;, &#x27;ckb&#x27;, &#x27;fa&#x27;, &#x27;ug&#x27;, &#x27;ur&#x27;]</pre></td>
E                 </tr>
E               
E                 <tr>
E                   <td>LANGUAGE_CODE</td>
E                   <td class="code"><pre>&#x27;en-us&#x27;</pre></td>
E                 </tr>
E               
E                 <tr>
E                   <td>LANGUAGE_COOKIE_AGE</td>
E                   <td class="code"><pre>None</pre></td>
E                 </tr>
E               
E                 <tr>
E                   <td>LANGUAGE_COOKIE_DOMAIN</td>
E                   <td class="code"><pre>None</pre></td>
E                 </tr>
E               
E                 <tr>
E                   <td>LANGUAGE_COOKIE_HTTPONLY</td>
E                   <td class="code"><pre>False</pre></td>
E                 </tr>
E               
E                 <tr>
E                   <td>LANGUAGE_COOKIE_NAME</td>
E                   <td class="code"><pre>&#x27;django_language&#x27;</pre></td>
E                 </tr>
E               
E                 <tr>
E                   <td>LANGUAGE_COOKIE_PATH</td>
E                   <td class="code"><pre>&#x27;/&#x27;</pre></td>
E                 </tr>
E               
E                 <tr>
E                   <td>LANGUAGE_COOKIE_SAMESITE</td>
E                   <td class="code"><pre>None</pre></td>
E                 </tr>
E               
E                 <tr>
E                   <td>LANGUAGE_COOKIE_SECURE</td>
E                   <td class="code"><pre>False</pre></td>
E                 </tr>
E               
E                 <tr>
E                   <td>LOCALE_PATHS</td>
E                   <td class="code"><pre>[]</pre></td>
E                 </tr>
E               
E                 <tr>
E                   <td>LOGGING</td>
E                   <td class="code"><pre>{&#x27;disable_existing_loggers&#x27;: False,
E          &#x27;formatters&#x27;: {&#x27;simple&#x27;: {&#x27;format&#x27;: &#x27;{levelname} {message}&#x27;, &#x27;style&#x27;: &#x27;{&#x27;},
E                         &#x27;verbose&#x27;: {&#x27;format&#x27;: &#x27;{levelname} {asctime} {module} &#x27;
E                                               &#x27;{process:d} {thread:d} {message}&#x27;,
E                                     &#x27;style&#x27;: &#x27;{&#x27;}},
E          &#x27;handlers&#x27;: {&#x27;file&#x27;: {&#x27;class&#x27;: &#x27;logging.FileHandler&#x27;,
E                                &#x27;filename&#x27;: &#x27;django.log&#x27;,
E                                &#x27;formatter&#x27;: &#x27;verbose&#x27;,
E                                &#x27;level&#x27;: &#x27;INFO&#x27;},
E                       &#x27;security_file&#x27;: {&#x27;class&#x27;: &#x27;logging.FileHandler&#x27;,
E                                         &#x27;filename&#x27;: &#x27;security.log&#x27;,
E                                         &#x27;formatter&#x27;: &#x27;verbose&#x27;,
E                                         &#x27;level&#x27;: &#x27;WARNING&#x27;}},
E          &#x27;loggers&#x27;: {&#x27;depannage&#x27;: {&#x27;handlers&#x27;: [&#x27;file&#x27;],
E                                    &#x27;level&#x27;: &#x27;INFO&#x27;,
E                                    &#x27;propagate&#x27;: True},
E                      &#x27;django&#x27;: {&#x27;handlers&#x27;: [&#x27;file&#x27;],
E                                 &#x27;level&#x27;: &#x27;INFO&#x27;,
E                                 &#x27;propagate&#x27;: True},
E                      &#x27;django.security&#x27;: {&#x27;handlers&#x27;: [&#x27;security_file&#x27;],
E                                          &#x27;level&#x27;: &#x27;WARNING&#x27;,
E                                          &#x27;propagate&#x27;: False},
E                      &#x27;users&#x27;: {&#x27;handlers&#x27;: [&#x27;file&#x27;],
E                                &#x27;level&#x27;: &#x27;INFO&#x27;,
E                                &#x27;propagate&#x27;: True}},
E          &#x27;version&#x27;: 1}</pre></td>
E                 </tr>
E               
E                 <tr>
E                   <td>LOGGING_CONFIG</td>
E                   <td class="code"><pre>&#x27;logging.config.dictConfig&#x27;</pre></td>
E                 </tr>
E               
E                 <tr>
E                   <td>LOGIN_REDIRECT_URL</td>
E                   <td class="code"><pre>&#x27;/accounts/profile/&#x27;</pre></td>
E                 </tr>
E               
E                 <tr>
E                   <td>LOGIN_URL</td>
E                   <td class="code"><pre>&#x27;/accounts/login/&#x27;</pre></td>
E                 </tr>
E               
E                 <tr>
E                   <td>LOGOUT_REDIRECT_URL</td>
E                   <td class="code"><pre>None</pre></td>
E                 </tr>
E               
E                 <tr>
E                   <td>MANAGERS</td>
E                   <td class="code"><pre>[]</pre></td>
E                 </tr>
E               
E                 <tr>
E                   <td>MEDIA_ROOT</td>
E                   <td class="code"><pre>&#x27;/Users/mohamedbechirdiarra/Downloads/prototypeGamma/Backend/media&#x27;</pre></td>
E                 </tr>
E               
E                 <tr>
E                   <td>MEDIA_URL</td>
E                   <td class="code"><pre>&#x27;/media/&#x27;</pre></td>
E                 </tr>
E               
E                 <tr>
E                   <td>MESSAGE_STORAGE</td>
E                   <td class="code"><pre>&#x27;django.contrib.messages.storage.fallback.FallbackStorage&#x27;</pre></td>
E                 </tr>
E               
E                 <tr>
E                   <td>MIDDLEWARE</td>
E                   <td class="code"><pre>[&#x27;corsheaders.middleware.CorsMiddleware&#x27;,
E          &#x27;django.middleware.security.SecurityMiddleware&#x27;,
E          &#x27;django.contrib.sessions.middleware.SessionMiddleware&#x27;,
E          &#x27;django.middleware.common.CommonMiddleware&#x27;,
E          &#x27;django.middleware.csrf.CsrfViewMiddleware&#x27;,
E          &#x27;django.contrib.auth.middleware.AuthenticationMiddleware&#x27;,
E          &#x27;django.contrib.messages.middleware.MessageMiddleware&#x27;,
E          &#x27;django.middleware.clickjacking.XFrameOptionsMiddleware&#x27;,
E          &#x27;auth.middleware.JWTSecurityMiddleware&#x27;,
E          &#x27;auth.middleware.TokenValidationMiddleware&#x27;]</pre></td>
E                 </tr>
E               
E                 <tr>
E                   <td>MIGRATION_MODULES</td>
E                   <td class="code"><pre>{}</pre></td>
E                 </tr>
E               
E                 <tr>
E                   <td>MONTH_DAY_FORMAT</td>
E                   <td class="code"><pre>&#x27;F j&#x27;</pre></td>
E                 </tr>
E               
E                 <tr>
E                   <td>NOTIFICATION_CHANNELS</td>
E                   <td class="code"><pre>{&#x27;email&#x27;: True, &#x27;push&#x27;: False, &#x27;sms&#x27;: False}</pre></td>
E                 </tr>
E               
E                 <tr>
E                   <td>NUMBER_GROUPING</td>
E                   <td class="code"><pre>0</pre></td>
E                 </tr>
E               
E                 <tr>
E                   <td>PASSWORD_HASHERS</td>
E                   <td class="code"><pre>&#x27;********************&#x27;</pre></td>
E                 </tr>
E               
E                 <tr>
E                   <td>PASSWORD_RESET_TIMEOUT</td>
E                   <td class="code"><pre>&#x27;********************&#x27;</pre></td>
E                 </tr>
E               
E                 <tr>
E                   <td>PAYMENT_SETTINGS</td>
E                   <td class="code"><pre>{&#x27;CINETPAY_API_KEY&#x27;: &#x27;********************&#x27;,
E          &#x27;CINETPAY_ENVIRONMENT&#x27;: &#x27;Production&#x27;,
E          &#x27;CINETPAY_SITE_ID&#x27;: &#x27;105899471&#x27;}</pre></td>
E                 </tr>
E               
E                 <tr>
E                   <td>PREPEND_WWW</td>
E                   <td class="code"><pre>False</pre></td>
E                 </tr>
E               
E                 <tr>
E                   <td>REST_FRAMEWORK</td>
E                   <td class="code"><pre>{&#x27;DEFAULT_AUTHENTICATION_CLASSES&#x27;: &#x27;********************&#x27;,
E          &#x27;DEFAULT_PAGINATION_CLASS&#x27;: &#x27;rest_framework.pagination.PageNumberPagination&#x27;,
E          &#x27;DEFAULT_PARSER_CLASSES&#x27;: [&#x27;rest_framework.parsers.JSONParser&#x27;,
E                                     &#x27;rest_framework.parsers.MultiPartParser&#x27;,
E                                     &#x27;rest_framework.parsers.FormParser&#x27;],
E          &#x27;DEFAULT_PERMISSION_CLASSES&#x27;: [&#x27;rest_framework.permissions.IsAuthenticated&#x27;],
E          &#x27;DEFAULT_RENDERER_CLASSES&#x27;: [&#x27;rest_framework.renderers.JSONRenderer&#x27;],
E          &#x27;DEFAULT_THROTTLE_CLASSES&#x27;: [&#x27;rest_framework.throttling.UserRateThrottle&#x27;,
E                                       &#x27;rest_framework.throttling.AnonRateThrottle&#x27;,
E                                       &#x27;rest_framework.throttling.ScopedRateThrottle&#x27;],
E          &#x27;DEFAULT_THROTTLE_RATES&#x27;: {&#x27;anon&#x27;: &#x27;10000/day&#x27;,
E                                     &#x27;login&#x27;: &#x27;1000/day&#x27;,
E                                     &#x27;password_reset&#x27;: &#x27;********************&#x27;,
E                                     &#x27;register&#x27;: &#x27;500/day&#x27;,
E                                     &#x27;user&#x27;: &#x27;50000/day&#x27;,
E                                     &#x27;user_me&#x27;: &#x27;1000/day&#x27;},
E          &#x27;EXCEPTION_HANDLER&#x27;: &#x27;rest_framework.views.exception_handler&#x27;,
E          &#x27;PAGE_SIZE&#x27;: 20}</pre></td>
E                 </tr>
E               
E                 <tr>
E                   <td>ROOT_URLCONF</td>
E                   <td class="code"><pre>&#x27;auth.urls&#x27;</pre></td>
E                 </tr>
E               
E                 <tr>
E                   <td>SECRET_KEY</td>
E                   <td class="code"><pre>&#x27;********************&#x27;</pre></td>
E                 </tr>
E               
E                 <tr>
E                   <td>SECRET_KEY_FALLBACKS</td>
E                   <td class="code"><pre>&#x27;********************&#x27;</pre></td>
E                 </tr>
E               
E                 <tr>
E                   <td>SECURE_BROWSER_XSS_FILTER</td>
E                   <td class="code"><pre>True</pre></td>
E                 </tr>
E               
E                 <tr>
E                   <td>SECURE_CONTENT_TYPE_NOSNIFF</td>
E                   <td class="code"><pre>True</pre></td>
E                 </tr>
E               
E                 <tr>
E                   <td>SECURE_CROSS_ORIGIN_OPENER_POLICY</td>
E                   <td class="code"><pre>&#x27;same-origin&#x27;</pre></td>
E                 </tr>
E               
E                 <tr>
E                   <td>SECURE_HSTS_INCLUDE_SUBDOMAINS</td>
E                   <td class="code"><pre>True</pre></td>
E                 </tr>
E               
E                 <tr>
E                   <td>SECURE_HSTS_PRELOAD</td>
E                   <td class="code"><pre>True</pre></td>
E                 </tr>
E               
E                 <tr>
E                   <td>SECURE_HSTS_SECONDS</td>
E                   <td class="code"><pre>31536000</pre></td>
E                 </tr>
E               
E                 <tr>
E                   <td>SECURE_PROXY_SSL_HEADER</td>
E                   <td class="code"><pre>None</pre></td>
E                 </tr>
E               
E                 <tr>
E                   <td>SECURE_REDIRECT_EXEMPT</td>
E                   <td class="code"><pre>[]</pre></td>
E                 </tr>
E               
E                 <tr>
E                   <td>SECURE_REFERRER_POLICY</td>
E                   <td class="code"><pre>&#x27;same-origin&#x27;</pre></td>
E                 </tr>
E               
E                 <tr>
E                   <td>SECURE_SSL_HOST</td>
E                   <td class="code"><pre>None</pre></td>
E                 </tr>
E               
E                 <tr>
E                   <td>SECURE_SSL_REDIRECT</td>
E                   <td class="code"><pre>False</pre></td>
E                 </tr>
E               
E                 <tr>
E                   <td>SERVER_EMAIL</td>
E                   <td class="code"><pre>&#x27;root@localhost&#x27;</pre></td>
E                 </tr>
E               
E                 <tr>
E                   <td>SESSION_CACHE_ALIAS</td>
E                   <td class="code"><pre>&#x27;default&#x27;</pre></td>
E                 </tr>
E               
E                 <tr>
E                   <td>SESSION_COOKIE_AGE</td>
E                   <td class="code"><pre>3600</pre></td>
E                 </tr>
E               
E                 <tr>
E                   <td>SESSION_COOKIE_DOMAIN</td>
E                   <td class="code"><pre>None</pre></td>
E                 </tr>
E               
E                 <tr>
E                   <td>SESSION_COOKIE_HTTPONLY</td>
E                   <td class="code"><pre>True</pre></td>
E                 </tr>
E               
E                 <tr>
E                   <td>SESSION_COOKIE_NAME</td>
E                   <td class="code"><pre>&#x27;sessionid&#x27;</pre></td>
E                 </tr>
E               
E                 <tr>
E                   <td>SESSION_COOKIE_PATH</td>
E                   <td class="code"><pre>&#x27;/&#x27;</pre></td>
E                 </tr>
E               
E                 <tr>
E                   <td>SESSION_COOKIE_SAMESITE</td>
E                   <td class="code"><pre>&#x27;Lax&#x27;</pre></td>
E                 </tr>
E               
E                 <tr>
E                   <td>SESSION_COOKIE_SECURE</td>
E                   <td class="code"><pre>True</pre></td>
E                 </tr>
E               
E                 <tr>
E                   <td>SESSION_ENGINE</td>
E                   <td class="code"><pre>&#x27;django.contrib.sessions.backends.db&#x27;</pre></td>
E                 </tr>
E               
E                 <tr>
E                   <td>SESSION_EXPIRE_AT_BROWSER_CLOSE</td>
E                   <td class="code"><pre>True</pre></td>
E                 </tr>
E               
E                 <tr>
E                   <td>SESSION_FILE_PATH</td>
E                   <td class="code"><pre>None</pre></td>
E                 </tr>
E               
E                 <tr>
E                   <td>SESSION_SAVE_EVERY_REQUEST</td>
E                   <td class="code"><pre>False</pre></td>
E                 </tr>
E               
E                 <tr>
E                   <td>SESSION_SERIALIZER</td>
E                   <td class="code"><pre>&#x27;django.contrib.sessions.serializers.JSONSerializer&#x27;</pre></td>
E                 </tr>
E               
E                 <tr>
E                   <td>SETTINGS_MODULE</td>
E                   <td class="code"><pre>&#x27;Backend.auth.settings&#x27;</pre></td>
E                 </tr>
E               
E                 <tr>
E                   <td>SHORT_DATETIME_FORMAT</td>
E                   <td class="code"><pre>&#x27;m/d/Y P&#x27;</pre></td>
E                 </tr>
E               
E                 <tr>
E                   <td>SHORT_DATE_FORMAT</td>
E                   <td class="code"><pre>&#x27;m/d/Y&#x27;</pre></td>
E                 </tr>
E               
E                 <tr>
E                   <td>SIGNING_BACKEND</td>
E                   <td class="code"><pre>&#x27;django.core.signing.TimestampSigner&#x27;</pre></td>
E                 </tr>
E               
E                 <tr>
E                   <td>SILENCED_SYSTEM_CHECKS</td>
E                   <td class="code"><pre>[]</pre></td>
E                 </tr>
E               
E                 <tr>
E                   <td>SIMPLE_JWT</td>
E                   <td class="code"><pre>{&#x27;ACCESS_TOKEN_LIFETIME&#x27;: &#x27;********************&#x27;,
E          &#x27;ALGORITHM&#x27;: &#x27;HS256&#x27;,
E          &#x27;AUDIENCE&#x27;: None,
E          &#x27;AUTH_HEADER_NAME&#x27;: &#x27;********************&#x27;,
E          &#x27;AUTH_HEADER_TYPES&#x27;: &#x27;********************&#x27;,
E          &#x27;AUTH_TOKEN_CLASSES&#x27;: &#x27;********************&#x27;,
E          &#x27;BLACKLIST_AFTER_ROTATION&#x27;: True,
E          &#x27;ISSUER&#x27;: None,
E          &#x27;JTI_CLAIM&#x27;: &#x27;jti&#x27;,
E          &#x27;JWK_URL&#x27;: None,
E          &#x27;LEEWAY&#x27;: 0,
E          &#x27;REFRESH_TOKEN_LIFETIME&#x27;: &#x27;********************&#x27;,
E          &#x27;ROTATE_REFRESH_TOKENS&#x27;: &#x27;********************&#x27;,
E          &#x27;SIGNING_KEY&#x27;: &#x27;********************&#x27;,
E          &#x27;SLIDING_TOKEN_LIFETIME&#x27;: &#x27;********************&#x27;,
E          &#x27;SLIDING_TOKEN_REFRESH_EXP_CLAIM&#x27;: &#x27;********************&#x27;,
E          &#x27;SLIDING_TOKEN_REFRESH_LIFETIME&#x27;: &#x27;********************&#x27;,
E          &#x27;TOKEN_TYPE_CLAIM&#x27;: &#x27;********************&#x27;,
E          &#x27;TOKEN_USER_CLASS&#x27;: &#x27;********************&#x27;,
E          &#x27;UPDATE_LAST_LOGIN&#x27;: True,
E          &#x27;USER_AUTHENTICATION_RULE&#x27;: &#x27;********************&#x27;,
E          &#x27;USER_ID_CLAIM&#x27;: &#x27;user_id&#x27;,
E          &#x27;USER_ID_FIELD&#x27;: &#x27;id&#x27;,
E          &#x27;VERIFYING_KEY&#x27;: &#x27;********************&#x27;}</pre></td>
E                 </tr>
E               
E                 <tr>
E                   <td>STATICFILES_DIRS</td>
E                   <td class="code"><pre>[]</pre></td>
E                 </tr>
E               
E                 <tr>
E                   <td>STATICFILES_FINDERS</td>
E                   <td class="code"><pre>[&#x27;django.contrib.staticfiles.finders.FileSystemFinder&#x27;,
E          &#x27;django.contrib.staticfiles.finders.AppDirectoriesFinder&#x27;]</pre></td>
E                 </tr>
E               
E                 <tr>
E                   <td>STATIC_ROOT</td>
E                   <td class="code"><pre>&#x27;/Users/mohamedbechirdiarra/Downloads/prototypeGamma/Backend/staticfiles&#x27;</pre></td>
E                 </tr>
E               
E                 <tr>
E                   <td>STATIC_URL</td>
E                   <td class="code"><pre>&#x27;/static/&#x27;</pre></td>
E                 </tr>
E               
E                 <tr>
E                   <td>STORAGES</td>
E                   <td class="code"><pre>{&#x27;default&#x27;: {&#x27;BACKEND&#x27;: &#x27;django.core.files.storage.FileSystemStorage&#x27;},
E          &#x27;staticfiles&#x27;: {&#x27;BACKEND&#x27;: &#x27;django.contrib.staticfiles.storage.StaticFilesStorage&#x27;}}</pre></td>
E                 </tr>
E               
E                 <tr>
E                   <td>TEMPLATES</td>
E                   <td class="code"><pre>[{&#x27;APP_DIRS&#x27;: True,
E           &#x27;BACKEND&#x27;: &#x27;django.template.backends.django.DjangoTemplates&#x27;,
E           &#x27;DIRS&#x27;: [],
E           &#x27;OPTIONS&#x27;: {&#x27;context_processors&#x27;: [&#x27;django.template.context_processors.request&#x27;,
E                                              &#x27;django.contrib.auth.context_processors.auth&#x27;,
E                                              &#x27;django.contrib.messages.context_processors.messages&#x27;]}}]</pre></td>
E                 </tr>
E               
E                 <tr>
E                   <td>TEST_NON_SERIALIZED_APPS</td>
E                   <td class="code"><pre>[]</pre></td>
E                 </tr>
E               
E                 <tr>
E                   <td>TEST_RUNNER</td>
E                   <td class="code"><pre>&#x27;django.test.runner.DiscoverRunner&#x27;</pre></td>
E                 </tr>
E               
E                 <tr>
E                   <td>THOUSAND_SEPARATOR</td>
E                   <td class="code"><pre>&#x27;,&#x27;</pre></td>
E                 </tr>
E               
E                 <tr>
E                   <td>TIME_FORMAT</td>
E                   <td class="code"><pre>&#x27;P&#x27;</pre></td>
E                 </tr>
E               
E                 <tr>
E                   <td>TIME_INPUT_FORMATS</td>
E                   <td class="code"><pre>[&#x27;%H:%M:%S&#x27;, &#x27;%H:%M:%S.%f&#x27;, &#x27;%H:%M&#x27;]</pre></td>
E                 </tr>
E               
E                 <tr>
E                   <td>TIME_ZONE</td>
E                   <td class="code"><pre>&#x27;UTC&#x27;</pre></td>
E                 </tr>
E               
E                 <tr>
E                   <td>USE_I18N</td>
E                   <td class="code"><pre>True</pre></td>
E                 </tr>
E               
E                 <tr>
E                   <td>USE_THOUSAND_SEPARATOR</td>
E                   <td class="code"><pre>False</pre></td>
E                 </tr>
E               
E                 <tr>
E                   <td>USE_TZ</td>
E                   <td class="code"><pre>True</pre></td>
E                 </tr>
E               
E                 <tr>
E                   <td>USE_X_FORWARDED_HOST</td>
E                   <td class="code"><pre>False</pre></td>
E                 </tr>
E               
E                 <tr>
E                   <td>USE_X_FORWARDED_PORT</td>
E                   <td class="code"><pre>False</pre></td>
E                 </tr>
E               
E                 <tr>
E                   <td>WSGI_APPLICATION</td>
E                   <td class="code"><pre>&#x27;auth.wsgi.application&#x27;</pre></td>
E                 </tr>
E               
E                 <tr>
E                   <td>X_FRAME_OPTIONS</td>
E                   <td class="code"><pre>&#x27;DENY&#x27;</pre></td>
E                 </tr>
E               
E                 <tr>
E                   <td>YEAR_MONTH_FORMAT</td>
E                   <td class="code"><pre>&#x27;F Y&#x27;</pre></td>
E                 </tr>
E               
E             </tbody>
E           </table>
E         
E         </div>
E         </main>
E         
E         
E           <footer id="explanation">
E             <p>
E               You’re seeing this error because you have <code>DEBUG = True</code> in your
E               Django settings file. Change that to <code>False</code>, and Django will
E               display a standard page generated by the handler for this status code.
E             </p>
E           </footer>
E         
E         </body>
E         </html>
E         
E       assert 500 == 200
E        +  where 500 = <Response [500]>.status_code

conftest.py:29: AssertionError
_______________________ ERROR at setup of test_user_info _______________________

    @pytest.fixture
    def token():
        # Créer un utilisateur de test unique
        base_url = "http://127.0.0.1:8000"
        username = "testuser_" + ''.join(random.choices(string.ascii_lowercase + string.digits, k=6))
        email = username + "@example.com"
        password = "TestUser1234!"
        register_data = {
            "username": username,
            "email": email,
            "password": password,
            "password2": password,
            "user_type": "client",
            "first_name": "Test",
            "last_name": "User",
            "address": "Test Address",
            "phone_number": "+22500000000"
        }
        # Inscription
        requests.post(f"{base_url}/users/register/", json=register_data)
        # Connexion
        login_data = {"email": email, "password": password}
        resp = requests.post(f"{base_url}/users/login/", json=login_data)
>       assert resp.status_code == 200, f"Échec de la connexion test: {resp.text}"
E       AssertionError: Échec de la connexion test: <!DOCTYPE html>
E         <html lang="en">
E         <head>
E           <meta http-equiv="content-type" content="text/html; charset=utf-8">
E           <meta name="robots" content="NONE,NOARCHIVE">
E           <title>IntegrityError
E                   at /users/login/</title>
E           <style>
E             html * { padding:0; margin:0; }
E             body * { padding:10px 20px; }
E             body * * { padding:0; }
E             body { font-family: sans-serif; background-color:#fff; color:#000; }
E             body > :where(header, main, footer) { border-bottom:1px solid #ddd; }
E             h1 { font-weight:normal; }
E             h2 { margin-bottom:.8em; }
E             h3 { margin:1em 0 .5em 0; }
E             h4 { margin:0 0 .5em 0; font-weight: normal; }
E             code, pre { font-size: 100%; white-space: pre-wrap; word-break: break-word; }
E             summary { cursor: pointer; }
E             table { border:1px solid #ccc; border-collapse: collapse; width:100%; background:white; }
E             tbody td, tbody th { vertical-align:top; padding:2px 3px; }
E             thead th {
E               padding:1px 6px 1px 3px; background:#fefefe; text-align:left;
E               font-weight:normal; font-size: 0.6875rem; border:1px solid #ddd;
E             }
E             tbody th { width:12em; text-align:right; color:#666; padding-right:.5em; }
E             table.vars { margin:5px 10px 2px 40px; width: auto; }
E             table.vars td, table.req td { font-family:monospace; }
E             table td.code { width:100%; }
E             table td.code pre { overflow:hidden; }
E             table.source th { color:#666; }
E             table.source td { font-family:monospace; white-space:pre; border-bottom:1px solid #eee; }
E             ul.traceback { list-style-type:none; color: #222; }
E             ul.traceback li.cause { word-break: break-word; }
E             ul.traceback li.frame { padding-bottom:1em; color:#4f4f4f; }
E             ul.traceback li.user { background-color:#e0e0e0; color:#000 }
E             div.context { padding:10px 0; overflow:hidden; }
E             div.context ol { padding-left:30px; margin:0 10px; list-style-position: inside; }
E             div.context ol li { font-family:monospace; white-space:pre; color:#777; cursor:pointer; padding-left: 2px; }
E             div.context ol li pre { display:inline; }
E             div.context ol.context-line li { color:#464646; background-color:#dfdfdf; padding: 3px 2px; }
E             div.context ol.context-line li span { position:absolute; right:32px; }
E             .user div.context ol.context-line li { background-color:#bbb; color:#000; }
E             .user div.context ol li { color:#666; }
E             div.commands, summary.commands { margin-left: 40px; }
E             div.commands a, summary.commands { color:#555; text-decoration:none; }
E             .user div.commands a { color: black; }
E             #summary { background: #ffc; }
E             #summary h2 { font-weight: normal; color: #666; }
E             #info { padding: 0; }
E             #info > * { padding:10px 20px; }
E             #explanation { background:#eee; }
E             #template, #template-not-exist { background:#f6f6f6; }
E             #template-not-exist ul { margin: 0 0 10px 20px; }
E             #template-not-exist .postmortem-section { margin-bottom: 3px; }
E             #unicode-hint { background:#eee; }
E             #traceback { background:#eee; }
E             #requestinfo { background:#f6f6f6; padding-left:120px; }
E             #summary table { border:none; background:transparent; }
E             #requestinfo h2, #requestinfo h3 { position:relative; margin-left:-100px; }
E             #requestinfo h3 { margin-bottom:-1em; }
E             .error { background: #ffc; }
E             .specific { color:#cc3300; font-weight:bold; }
E             h2 span.commands { font-size: 0.7rem; font-weight:normal; }
E             span.commands a:link {color:#5E5694;}
E             pre.exception_value { font-family: sans-serif; color: #575757; font-size: 1.5rem; margin: 10px 0 10px 0; }
E             .append-bottom { margin-bottom: 10px; }
E             .fname { user-select: all; }
E           </style>
E           
E           <script>
E             function hideAll(elems) {
E               for (var e = 0; e < elems.length; e++) {
E                 elems[e].style.display = 'none';
E               }
E             }
E             window.onload = function() {
E               hideAll(document.querySelectorAll('ol.pre-context'));
E               hideAll(document.querySelectorAll('ol.post-context'));
E               hideAll(document.querySelectorAll('div.pastebin'));
E             }
E             function toggle() {
E               for (var i = 0; i < arguments.length; i++) {
E                 var e = document.getElementById(arguments[i]);
E                 if (e) {
E                   e.style.display = e.style.display == 'none' ? 'block': 'none';
E                 }
E               }
E               return false;
E             }
E             function switchPastebinFriendly(link) {
E               s1 = "Switch to copy-and-paste view";
E               s2 = "Switch back to interactive view";
E               link.textContent = link.textContent.trim() == s1 ? s2: s1;
E               toggle('browserTraceback', 'pastebinTraceback');
E               return false;
E             }
E           </script>
E           
E         </head>
E         <body>
E         <header id="summary">
E           <h1>IntegrityError
E                at /users/login/</h1>
E           <pre class="exception_value">FOREIGN KEY constraint failed</pre>
E           <table class="meta">
E         
E             <tr>
E               <th scope="row">Request Method:</th>
E               <td>POST</td>
E             </tr>
E             <tr>
E               <th scope="row">Request URL:</th>
E               <td>http://127.0.0.1:8000/users/login/</td>
E             </tr>
E         
E             <tr>
E               <th scope="row">Django Version:</th>
E               <td>5.2.4</td>
E             </tr>
E         
E             <tr>
E               <th scope="row">Exception Type:</th>
E               <td>IntegrityError</td>
E             </tr>
E         
E         
E             <tr>
E               <th scope="row">Exception Value:</th>
E               <td><pre>FOREIGN KEY constraint failed</pre></td>
E             </tr>
E         
E         
E             <tr>
E               <th scope="row">Exception Location:</th>
E               <td><span class="fname">/Users/mohamedbechirdiarra/Downloads/prototypeGamma/Backend/venv/lib/python3.13/site-packages/django/db/utils.py</span>, line 98, in inner</td>
E             </tr>
E         
E         
E             <tr>
E               <th scope="row">Raised during:</th>
E               <td>users.views.UserViewSet</td>
E             </tr>
E         
E             <tr>
E               <th scope="row">Python Executable:</th>
E               <td>/Users/mohamedbechirdiarra/Downloads/prototypeGamma/Backend/venv/bin/python3.13</td>
E             </tr>
E             <tr>
E               <th scope="row">Python Version:</th>
E               <td>3.13.5</td>
E             </tr>
E             <tr>
E               <th scope="row">Python Path:</th>
E               <td><pre><code>[&#x27;.&#x27;,
E          &#x27;/Users/mohamedbechirdiarra/Downloads/prototypeGamma/Backend/venv/bin&#x27;,
E          &#x27;/Users/mohamedbechirdiarra/Downloads/prototypeGamma&#x27;,
E          &#x27;/Users/mohamedbechirdiarra/Downloads/prototypeGamma/Backend&#x27;,
E          &#x27;/opt/homebrew/Cellar/python@3.13/3.13.5/Frameworks/Python.framework/Versions/3.13/lib/python313.zip&#x27;,
E          &#x27;/opt/homebrew/Cellar/python@3.13/3.13.5/Frameworks/Python.framework/Versions/3.13/lib/python3.13&#x27;,
E          &#x27;/opt/homebrew/Cellar/python@3.13/3.13.5/Frameworks/Python.framework/Versions/3.13/lib/python3.13/lib-dynload&#x27;,
E          &#x27;/Users/mohamedbechirdiarra/Downloads/prototypeGamma/Backend/venv/lib/python3.13/site-packages&#x27;]</code></pre></td>
E             </tr>
E             <tr>
E               <th scope="row">Server time:</th>
E               <td>Mon, 14 Jul 2025 11:43:29 +0000</td>
E             </tr>
E           </table>
E         </header>
E         
E         <main id="info">
E         
E         
E         
E         
E         <div id="traceback">
E           <h2>Traceback <span class="commands"><a href="#" role="button" onclick="return switchPastebinFriendly(this);">
E             Switch to copy-and-paste view</a></span>
E           </h2>
E           <div id="browserTraceback">
E             <ul class="traceback">
E               
E                 
E                 <li class="frame django">
E                   
E                     <code class="fname">/Users/mohamedbechirdiarra/Downloads/prototypeGamma/Backend/venv/lib/python3.13/site-packages/django/db/utils.py</code>, line 98, in inner
E                   
E         
E                   
E                     <div class="context" id="c4437906816">
E                       
E                         <ol start="91" class="pre-context" id="pre4437906816">
E                         
E                           <li onclick="toggle('pre4437906816', 'post4437906816')"><pre>                raise dj_exc_value.with_traceback(traceback) from exc_value</pre></li>
E                         
E                           <li onclick="toggle('pre4437906816', 'post4437906816')"><pre></pre></li>
E                         
E                           <li onclick="toggle('pre4437906816', 'post4437906816')"><pre>    def __call__(self, func):</pre></li>
E                         
E                           <li onclick="toggle('pre4437906816', 'post4437906816')"><pre>        # Note that we are intentionally not using @wraps here for performance</pre></li>
E                         
E                           <li onclick="toggle('pre4437906816', 'post4437906816')"><pre>        # reasons. Refs #21109.</pre></li>
E                         
E                           <li onclick="toggle('pre4437906816', 'post4437906816')"><pre>        def inner(*args, **kwargs):</pre></li>
E                         
E                           <li onclick="toggle('pre4437906816', 'post4437906816')"><pre>            with self:</pre></li>
E                         
E                         </ol>
E                       
E                       <ol start="98" class="context-line">
E                         <li onclick="toggle('pre4437906816', 'post4437906816')"><pre>                return func(*args, **kwargs)
E                                    ^^^^^^^^^^^^^^^^^^^^^</pre> <span>…</span></li>
E                       </ol>
E                       
E                         <ol start='99' class="post-context" id="post4437906816">
E                           
E                           <li onclick="toggle('pre4437906816', 'post4437906816')"><pre></pre></li>
E                           
E                           <li onclick="toggle('pre4437906816', 'post4437906816')"><pre>        return inner</pre></li>
E                           
E                           <li onclick="toggle('pre4437906816', 'post4437906816')"><pre></pre></li>
E                           
E                           <li onclick="toggle('pre4437906816', 'post4437906816')"><pre></pre></li>
E                           
E                           <li onclick="toggle('pre4437906816', 'post4437906816')"><pre>def load_backend(backend_name):</pre></li>
E                           
E                           <li onclick="toggle('pre4437906816', 'post4437906816')"><pre>    &quot;&quot;&quot;</pre></li>
E                           
E                       </ol>
E                       
E                     </div>
E                   
E         
E                   
E                     
E                       <details>
E                         <summary class="commands">Local vars</summary>
E                     
E                     <table class="vars" id="v4437906816">
E                       <thead>
E                         <tr>
E                           <th scope="col">Variable</th>
E                           <th scope="col">Value</th>
E                         </tr>
E                       </thead>
E                       <tbody>
E                         
E                           <tr>
E                             <td>args</td>
E                             <td class="code"><pre>()</pre></td>
E                           </tr>
E                         
E                           <tr>
E                             <td>func</td>
E                             <td class="code"><pre>&lt;built-in method fetchone of SQLiteCursorWrapper object at 0x1087b7f50&gt;</pre></td>
E                           </tr>
E                         
E                           <tr>
E                             <td>kwargs</td>
E                             <td class="code"><pre>{}</pre></td>
E                           </tr>
E                         
E                           <tr>
E                             <td>self</td>
E                             <td class="code"><pre>&lt;django.db.utils.DatabaseErrorWrapper object at 0x10872bac0&gt;</pre></td>
E                           </tr>
E                         
E                       </tbody>
E                     </table>
E                     </details>
E                   
E                 </li>
E               
E                 
E                   <li class="cause"><h3>
E                   
E                     The above exception (FOREIGN KEY constraint failed) was the direct cause of the following exception:
E                   
E                 </h3></li>
E                 
E                 <li class="frame django">
E                   
E                     <code class="fname">/Users/mohamedbechirdiarra/Downloads/prototypeGamma/Backend/venv/lib/python3.13/site-packages/django/core/handlers/exception.py</code>, line 42, in inner
E                   
E         
E                   
E                     <div class="context" id="c4437996096">
E                       
E                         <ol start="35" class="pre-context" id="pre4437996096">
E                         
E                           <li onclick="toggle('pre4437996096', 'post4437996096')"><pre>    can rely on getting a response instead of an exception.</pre></li>
E                         
E                           <li onclick="toggle('pre4437996096', 'post4437996096')"><pre>    &quot;&quot;&quot;</pre></li>
E                         
E                           <li onclick="toggle('pre4437996096', 'post4437996096')"><pre>    if iscoroutinefunction(get_response):</pre></li>
E                         
E                           <li onclick="toggle('pre4437996096', 'post4437996096')"><pre></pre></li>
E                         
E                           <li onclick="toggle('pre4437996096', 'post4437996096')"><pre>        @wraps(get_response)</pre></li>
E                         
E                           <li onclick="toggle('pre4437996096', 'post4437996096')"><pre>        async def inner(request):</pre></li>
E                         
E                           <li onclick="toggle('pre4437996096', 'post4437996096')"><pre>            try:</pre></li>
E                         
E                         </ol>
E                       
E                       <ol start="42" class="context-line">
E                         <li onclick="toggle('pre4437996096', 'post4437996096')"><pre>                response = await get_response(request)
E                                        ^^^^^^^^^^^^^^^^^^^^^^^^^^^</pre> <span>…</span></li>
E                       </ol>
E                       
E                         <ol start='43' class="post-context" id="post4437996096">
E                           
E                           <li onclick="toggle('pre4437996096', 'post4437996096')"><pre>            except Exception as exc:</pre></li>
E                           
E                           <li onclick="toggle('pre4437996096', 'post4437996096')"><pre>                response = await sync_to_async(</pre></li>
E                           
E                           <li onclick="toggle('pre4437996096', 'post4437996096')"><pre>                    response_for_exception, thread_sensitive=False</pre></li>
E                           
E                           <li onclick="toggle('pre4437996096', 'post4437996096')"><pre>                )(request, exc)</pre></li>
E                           
E                           <li onclick="toggle('pre4437996096', 'post4437996096')"><pre>            return response</pre></li>
E                           
E                           <li onclick="toggle('pre4437996096', 'post4437996096')"><pre></pre></li>
E                           
E                       </ol>
E                       
E                     </div>
E                   
E         
E                   
E                     
E                       <details>
E                         <summary class="commands">Local vars</summary>
E                     
E                     <table class="vars" id="v4437996096">
E                       <thead>
E                         <tr>
E                           <th scope="col">Variable</th>
E                           <th scope="col">Value</th>
E                         </tr>
E                       </thead>
E                       <tbody>
E                         
E                           <tr>
E                             <td>exc</td>
E                             <td class="code"><pre>IntegrityError(&#x27;FOREIGN KEY constraint failed&#x27;)</pre></td>
E                           </tr>
E                         
E                           <tr>
E                             <td>get_response</td>
E                             <td class="code"><pre>&lt;bound method BaseHandler._get_response_async of &lt;django.core.handlers.asgi.ASGIHandler object at 0x107235940&gt;&gt;</pre></td>
E                           </tr>
E                         
E                           <tr>
E                             <td>request</td>
E                             <td class="code"><pre>&lt;ASGIRequest: POST &#x27;/users/login/&#x27;&gt;</pre></td>
E                           </tr>
E                         
E                       </tbody>
E                     </table>
E                     </details>
E                   
E                 </li>
E               
E                 
E                 <li class="frame django">
E                   
E                     <code class="fname">/Users/mohamedbechirdiarra/Downloads/prototypeGamma/Backend/venv/lib/python3.13/site-packages/django/core/handlers/base.py</code>, line 253, in _get_response_async
E                   
E         
E                   
E                     <div class="context" id="c4437909440">
E                       
E                         <ol start="246" class="pre-context" id="pre4437909440">
E                         
E                           <li onclick="toggle('pre4437909440', 'post4437909440')"><pre>            wrapped_callback = self.make_view_atomic(callback)</pre></li>
E                         
E                           <li onclick="toggle('pre4437909440', 'post4437909440')"><pre>            # If it is a synchronous view, run it in a subthread</pre></li>
E                         
E                           <li onclick="toggle('pre4437909440', 'post4437909440')"><pre>            if not iscoroutinefunction(wrapped_callback):</pre></li>
E                         
E                           <li onclick="toggle('pre4437909440', 'post4437909440')"><pre>                wrapped_callback = sync_to_async(</pre></li>
E                         
E                           <li onclick="toggle('pre4437909440', 'post4437909440')"><pre>                    wrapped_callback, thread_sensitive=True</pre></li>
E                         
E                           <li onclick="toggle('pre4437909440', 'post4437909440')"><pre>                )</pre></li>
E                         
E                           <li onclick="toggle('pre4437909440', 'post4437909440')"><pre>            try:</pre></li>
E                         
E                         </ol>
E                       
E                       <ol start="253" class="context-line">
E                         <li onclick="toggle('pre4437909440', 'post4437909440')"><pre>                response = await wrapped_callback(
E                                         </pre> <span>…</span></li>
E                       </ol>
E                       
E                         <ol start='254' class="post-context" id="post4437909440">
E                           
E                           <li onclick="toggle('pre4437909440', 'post4437909440')"><pre>                    request, *callback_args, **callback_kwargs</pre></li>
E                           
E                           <li onclick="toggle('pre4437909440', 'post4437909440')"><pre>                )</pre></li>
E                           
E                           <li onclick="toggle('pre4437909440', 'post4437909440')"><pre>            except Exception as e:</pre></li>
E                           
E                           <li onclick="toggle('pre4437909440', 'post4437909440')"><pre>                response = await sync_to_async(</pre></li>
E                           
E                           <li onclick="toggle('pre4437909440', 'post4437909440')"><pre>                    self.process_exception_by_middleware,</pre></li>
E                           
E                           <li onclick="toggle('pre4437909440', 'post4437909440')"><pre>                    thread_sensitive=True,</pre></li>
E                           
E                       </ol>
E                       
E                     </div>
E                   
E         
E                   
E                     
E                       <details>
E                         <summary class="commands">Local vars</summary>
E                     
E                     <table class="vars" id="v4437909440">
E                       <thead>
E                         <tr>
E                           <th scope="col">Variable</th>
E                           <th scope="col">Value</th>
E                         </tr>
E                       </thead>
E                       <tbody>
E                         
E                           <tr>
E                             <td>callback</td>
E                             <td class="code"><pre>&lt;function UserViewSet at 0x107747c40&gt;</pre></td>
E                           </tr>
E                         
E                           <tr>
E                             <td>callback_args</td>
E                             <td class="code"><pre>()</pre></td>
E                           </tr>
E                         
E                           <tr>
E                             <td>callback_kwargs</td>
E                             <td class="code"><pre>{}</pre></td>
E                           </tr>
E                         
E                           <tr>
E                             <td>middleware_method</td>
E                             <td class="code"><pre>&lt;asgiref.sync.SyncToAsync object at 0x10727f8c0&gt;</pre></td>
E                           </tr>
E                         
E                           <tr>
E                             <td>request</td>
E                             <td class="code"><pre>&lt;ASGIRequest: POST &#x27;/users/login/&#x27;&gt;</pre></td>
E                           </tr>
E                         
E                           <tr>
E                             <td>response</td>
E                             <td class="code"><pre>None</pre></td>
E                           </tr>
E                         
E                           <tr>
E                             <td>self</td>
E                             <td class="code"><pre>&lt;django.core.handlers.asgi.ASGIHandler object at 0x107235940&gt;</pre></td>
E                           </tr>
E                         
E                           <tr>
E                             <td>wrapped_callback</td>
E                             <td class="code"><pre>&lt;asgiref.sync.SyncToAsync object at 0x1087ae3f0&gt;</pre></td>
E                           </tr>
E                         
E                       </tbody>
E                     </table>
E                     </details>
E                   
E                 </li>
E               
E                 
E                 <li class="frame django">
E                   
E                     <code class="fname">/Users/mohamedbechirdiarra/Downloads/prototypeGamma/Backend/venv/lib/python3.13/site-packages/django/views/decorators/csrf.py</code>, line 65, in _view_wrapper
E                   
E         
E                   
E                     <div class="context" id="c4437904512">
E                       
E                         <ol start="58" class="pre-context" id="pre4437904512">
E                         
E                           <li onclick="toggle('pre4437904512', 'post4437904512')"><pre></pre></li>
E                         
E                           <li onclick="toggle('pre4437904512', 'post4437904512')"><pre>        async def _view_wrapper(request, *args, **kwargs):</pre></li>
E                         
E                           <li onclick="toggle('pre4437904512', 'post4437904512')"><pre>            return await view_func(request, *args, **kwargs)</pre></li>
E                         
E                           <li onclick="toggle('pre4437904512', 'post4437904512')"><pre></pre></li>
E                         
E                           <li onclick="toggle('pre4437904512', 'post4437904512')"><pre>    else:</pre></li>
E                         
E                           <li onclick="toggle('pre4437904512', 'post4437904512')"><pre></pre></li>
E                         
E                           <li onclick="toggle('pre4437904512', 'post4437904512')"><pre>        def _view_wrapper(request, *args, **kwargs):</pre></li>
E                         
E                         </ol>
E                       
E                       <ol start="65" class="context-line">
E                         <li onclick="toggle('pre4437904512', 'post4437904512')"><pre>            return view_func(request, *args, **kwargs)
E                                ^^^^^^^^^^^^^^^^^^^^^^^^^^^^^^^^^^^</pre> <span>…</span></li>
E                       </ol>
E                       
E                         <ol start='66' class="post-context" id="post4437904512">
E                           
E                           <li onclick="toggle('pre4437904512', 'post4437904512')"><pre></pre></li>
E                           
E                           <li onclick="toggle('pre4437904512', 'post4437904512')"><pre>    _view_wrapper.csrf_exempt = True</pre></li>
E                           
E                           <li onclick="toggle('pre4437904512', 'post4437904512')"><pre></pre></li>
E                           
E                           <li onclick="toggle('pre4437904512', 'post4437904512')"><pre>    return wraps(view_func)(_view_wrapper)</pre></li>
E                           
E                       </ol>
E                       
E                     </div>
E                   
E         
E                   
E                     
E                       <details>
E                         <summary class="commands">Local vars</summary>
E                     
E                     <table class="vars" id="v4437904512">
E                       <thead>
E                         <tr>
E                           <th scope="col">Variable</th>
E                           <th scope="col">Value</th>
E                         </tr>
E                       </thead>
E                       <tbody>
E                         
E                           <tr>
E                             <td>args</td>
E                             <td class="code"><pre>()</pre></td>
E                           </tr>
E                         
E                           <tr>
E                             <td>kwargs</td>
E                             <td class="code"><pre>{}</pre></td>
E                           </tr>
E                         
E                           <tr>
E                             <td>request</td>
E                             <td class="code"><pre>&lt;ASGIRequest: POST &#x27;/users/login/&#x27;&gt;</pre></td>
E                           </tr>
E                         
E                           <tr>
E                             <td>view_func</td>
E                             <td class="code"><pre>&lt;function UserViewSet at 0x107747ba0&gt;</pre></td>
E                           </tr>
E                         
E                       </tbody>
E                     </table>
E                     </details>
E                   
E                 </li>
E               
E                 
E                 <li class="frame user">
E                   
E                     <code class="fname">/Users/mohamedbechirdiarra/Downloads/prototypeGamma/Backend/venv/lib/python3.13/site-packages/rest_framework/viewsets.py</code>, line 125, in view
E                   
E         
E                   
E                     <div class="context" id="c4436895872">
E                       
E                         <ol start="118" class="pre-context" id="pre4436895872">
E                         
E                           <li onclick="toggle('pre4436895872', 'post4436895872')"><pre>                setattr(self, method, handler)</pre></li>
E                         
E                           <li onclick="toggle('pre4436895872', 'post4436895872')"><pre></pre></li>
E                         
E                           <li onclick="toggle('pre4436895872', 'post4436895872')"><pre>            self.request = request</pre></li>
E                         
E                           <li onclick="toggle('pre4436895872', 'post4436895872')"><pre>            self.args = args</pre></li>
E                         
E                           <li onclick="toggle('pre4436895872', 'post4436895872')"><pre>            self.kwargs = kwargs</pre></li>
E                         
E                           <li onclick="toggle('pre4436895872', 'post4436895872')"><pre></pre></li>
E                         
E                           <li onclick="toggle('pre4436895872', 'post4436895872')"><pre>            # And continue as usual</pre></li>
E                         
E                         </ol>
E                       
E                       <ol start="125" class="context-line">
E                         <li onclick="toggle('pre4436895872', 'post4436895872')"><pre>            return self.dispatch(request, *args, **kwargs)
E                                 ^^^^^^^^^^^^^^^^^^^^^^^^^^^^^^^^^^^^^^^</pre> <span>…</span></li>
E                       </ol>
E                       
E                         <ol start='126' class="post-context" id="post4436895872">
E                           
E                           <li onclick="toggle('pre4436895872', 'post4436895872')"><pre></pre></li>
E                           
E                           <li onclick="toggle('pre4436895872', 'post4436895872')"><pre>        # take name and docstring from class</pre></li>
E                           
E                           <li onclick="toggle('pre4436895872', 'post4436895872')"><pre>        update_wrapper(view, cls, updated=())</pre></li>
E                           
E                           <li onclick="toggle('pre4436895872', 'post4436895872')"><pre></pre></li>
E                           
E                           <li onclick="toggle('pre4436895872', 'post4436895872')"><pre>        # and possible attributes set by decorators</pre></li>
E                           
E                           <li onclick="toggle('pre4436895872', 'post4436895872')"><pre>        # like csrf_exempt from dispatch</pre></li>
E                           
E                       </ol>
E                       
E                     </div>
E                   
E         
E                   
E                     
E                       <details>
E                         <summary class="commands">Local vars</summary>
E                     
E                     <table class="vars" id="v4436895872">
E                       <thead>
E                         <tr>
E                           <th scope="col">Variable</th>
E                           <th scope="col">Value</th>
E                         </tr>
E                       </thead>
E                       <tbody>
E                         
E                           <tr>
E                             <td>action</td>
E                             <td class="code"><pre>&#x27;login&#x27;</pre></td>
E                           </tr>
E                         
E                           <tr>
E                             <td>actions</td>
E                             <td class="code"><pre>{&#x27;post&#x27;: &#x27;login&#x27;}</pre></td>
E                           </tr>
E                         
E                           <tr>
E                             <td>args</td>
E                             <td class="code"><pre>()</pre></td>
E                           </tr>
E                         
E                           <tr>
E                             <td>cls</td>
E                             <td class="code"><pre>&lt;class &#x27;users.views.UserViewSet&#x27;&gt;</pre></td>
E                           </tr>
E                         
E                           <tr>
E                             <td>handler</td>
E                             <td class="code"><pre>&lt;bound method UserViewSet.login of &lt;users.views.UserViewSet object at 0x108824d60&gt;&gt;</pre></td>
E                           </tr>
E                         
E                           <tr>
E                             <td>initkwargs</td>
E                             <td class="code"><pre>{}</pre></td>
E                           </tr>
E                         
E                           <tr>
E                             <td>kwargs</td>
E                             <td class="code"><pre>{}</pre></td>
E                           </tr>
E                         
E                           <tr>
E                             <td>method</td>
E                             <td class="code"><pre>&#x27;post&#x27;</pre></td>
E                           </tr>
E                         
E                           <tr>
E                             <td>request</td>
E                             <td class="code"><pre>&lt;ASGIRequest: POST &#x27;/users/login/&#x27;&gt;</pre></td>
E                           </tr>
E                         
E                           <tr>
E                             <td>self</td>
E                             <td class="code"><pre>&lt;users.views.UserViewSet object at 0x108824d60&gt;</pre></td>
E                           </tr>
E                         
E                       </tbody>
E                     </table>
E                     </details>
E                   
E                 </li>
E               
E                 
E                 <li class="frame user">
E                   
E                     <code class="fname">/Users/mohamedbechirdiarra/Downloads/prototypeGamma/Backend/users/views.py</code>, line 641, in dispatch
E                   
E         
E                   
E                     <div class="context" id="c4437912128">
E                       
E                         <ol start="634" class="pre-context" id="pre4437912128">
E                         
E                           <li onclick="toggle('pre4437912128', 'post4437912128')"><pre>            phone = None</pre></li>
E                         
E                           <li onclick="toggle('pre4437912128', 'post4437912128')"><pre>            if hasattr(user, &#x27;client_profile&#x27;):</pre></li>
E                         
E                           <li onclick="toggle('pre4437912128', 'post4437912128')"><pre>                phone = getattr(user.client_profile, &#x27;phone&#x27;, None)</pre></li>
E                         
E                           <li onclick="toggle('pre4437912128', 'post4437912128')"><pre>            elif hasattr(user, &#x27;technician_profile&#x27;):</pre></li>
E                         
E                           <li onclick="toggle('pre4437912128', 'post4437912128')"><pre>                phone = getattr(user.technician_profile, &#x27;phone&#x27;, None)</pre></li>
E                         
E                           <li onclick="toggle('pre4437912128', 'post4437912128')"><pre>            if not phone:</pre></li>
E                         
E                           <li onclick="toggle('pre4437912128', 'post4437912128')"><pre>                return Response({&#x27;error&#x27;: &#x27;Numéro de téléphone obligatoire. Veuillez compléter votre profil.&#x27;}, status=403)</pre></li>
E                         
E                         </ol>
E                       
E                       <ol start="641" class="context-line">
E                         <li onclick="toggle('pre4437912128', 'post4437912128')"><pre>        return super().dispatch(request, *args, **kwargs)
E                             ^^^^^^^^^^^^^^^^^^^^^^^^^^^^^^^^^^^^^^^^^^</pre> <span>…</span></li>
E                       </ol>
E                       
E                         <ol start='642' class="post-context" id="post4437912128">
E                           
E                           <li onclick="toggle('pre4437912128', 'post4437912128')"><pre></pre></li>
E                           
E                           <li onclick="toggle('pre4437912128', 'post4437912128')"><pre>class SecurityDashboardView(APIView):</pre></li>
E                           
E                           <li onclick="toggle('pre4437912128', 'post4437912128')"><pre>    permission_classes = [IsAdminUser]</pre></li>
E                           
E                           <li onclick="toggle('pre4437912128', 'post4437912128')"><pre></pre></li>
E                           
E                           <li onclick="toggle('pre4437912128', 'post4437912128')"><pre>    def get(self, request):</pre></li>
E                           
E                           <li onclick="toggle('pre4437912128', 'post4437912128')"><pre>        now = timezone.now()</pre></li>
E                           
E                       </ol>
E                       
E                     </div>
E                   
E         
E                   
E                     
E                       <details>
E                         <summary class="commands">Local vars</summary>
E                     
E                     <table class="vars" id="v4437912128">
E                       <thead>
E                         <tr>
E                           <th scope="col">Variable</th>
E                           <th scope="col">Value</th>
E                         </tr>
E                       </thead>
E                       <tbody>
E                         
E                           <tr>
E                             <td>__class__</td>
E                             <td class="code"><pre>&lt;class &#x27;users.views.UserViewSet&#x27;&gt;</pre></td>
E                           </tr>
E                         
E                           <tr>
E                             <td>action</td>
E                             <td class="code"><pre>None</pre></td>
E                           </tr>
E                         
E                           <tr>
E                             <td>args</td>
E                             <td class="code"><pre>()</pre></td>
E                           </tr>
E                         
E                           <tr>
E                             <td>exempt_actions</td>
E                             <td class="code"><pre>[&#x27;register&#x27;, &#x27;login&#x27;, &#x27;refresh_token&#x27;, &#x27;update_profile&#x27;, &#x27;me&#x27;]</pre></td>
E                           </tr>
E                         
E                           <tr>
E                             <td>kwargs</td>
E                             <td class="code"><pre>{}</pre></td>
E                           </tr>
E                         
E                           <tr>
E                             <td>request</td>
E                             <td class="code"><pre>&lt;ASGIRequest: POST &#x27;/users/login/&#x27;&gt;</pre></td>
E                           </tr>
E                         
E                           <tr>
E                             <td>self</td>
E                             <td class="code"><pre>&lt;users.views.UserViewSet object at 0x108824d60&gt;</pre></td>
E                           </tr>
E                         
E                       </tbody>
E                     </table>
E                     </details>
E                   
E                 </li>
E               
E                 
E                 <li class="frame user">
E                   
E                     <code class="fname">/Users/mohamedbechirdiarra/Downloads/prototypeGamma/Backend/venv/lib/python3.13/site-packages/rest_framework/views.py</code>, line 515, in dispatch
E                   
E         
E                   
E                     <div class="context" id="c4437906176">
E                       
E                         <ol start="508" class="pre-context" id="pre4437906176">
E                         
E                           <li onclick="toggle('pre4437906176', 'post4437906176')"><pre>                                  self.http_method_not_allowed)</pre></li>
E                         
E                           <li onclick="toggle('pre4437906176', 'post4437906176')"><pre>            else:</pre></li>
E                         
E                           <li onclick="toggle('pre4437906176', 'post4437906176')"><pre>                handler = self.http_method_not_allowed</pre></li>
E                         
E                           <li onclick="toggle('pre4437906176', 'post4437906176')"><pre></pre></li>
E                         
E                           <li onclick="toggle('pre4437906176', 'post4437906176')"><pre>            response = handler(request, *args, **kwargs)</pre></li>
E                         
E                           <li onclick="toggle('pre4437906176', 'post4437906176')"><pre></pre></li>
E                         
E                           <li onclick="toggle('pre4437906176', 'post4437906176')"><pre>        except Exception as exc:</pre></li>
E                         
E                         </ol>
E                       
E                       <ol start="515" class="context-line">
E                         <li onclick="toggle('pre4437906176', 'post4437906176')"><pre>            response = self.handle_exception(exc)
E                                     ^^^^^^^^^^^^^^^^^^^^^^^^^^</pre> <span>…</span></li>
E                       </ol>
E                       
E                         <ol start='516' class="post-context" id="post4437906176">
E                           
E                           <li onclick="toggle('pre4437906176', 'post4437906176')"><pre></pre></li>
E                           
E                           <li onclick="toggle('pre4437906176', 'post4437906176')"><pre>        self.response = self.finalize_response(request, response, *args, **kwargs)</pre></li>
E                           
E                           <li onclick="toggle('pre4437906176', 'post4437906176')"><pre>        return self.response</pre></li>
E                           
E                           <li onclick="toggle('pre4437906176', 'post4437906176')"><pre></pre></li>
E                           
E                           <li onclick="toggle('pre4437906176', 'post4437906176')"><pre>    def options(self, request, *args, **kwargs):</pre></li>
E                           
E                           <li onclick="toggle('pre4437906176', 'post4437906176')"><pre>        &quot;&quot;&quot;</pre></li>
E                           
E                       </ol>
E                       
E                     </div>
E                   
E         
E                   
E                     
E                       <details>
E                         <summary class="commands">Local vars</summary>
E                     
E                     <table class="vars" id="v4437906176">
E                       <thead>
E                         <tr>
E                           <th scope="col">Variable</th>
E                           <th scope="col">Value</th>
E                         </tr>
E                       </thead>
E                       <tbody>
E                         
E                           <tr>
E                             <td>args</td>
E                             <td class="code"><pre>()</pre></td>
E                           </tr>
E                         
E                           <tr>
E                             <td>handler</td>
E                             <td class="code"><pre>&lt;bound method UserViewSet.login of &lt;users.views.UserViewSet object at 0x108824d60&gt;&gt;</pre></td>
E                           </tr>
E                         
E                           <tr>
E                             <td>kwargs</td>
E                             <td class="code"><pre>{}</pre></td>
E                           </tr>
E                         
E                           <tr>
E                             <td>request</td>
E                             <td class="code"><pre>&lt;rest_framework.request.Request: POST &#x27;/users/login/&#x27;&gt;</pre></td>
E                           </tr>
E                         
E                           <tr>
E                             <td>self</td>
E                             <td class="code"><pre>&lt;users.views.UserViewSet object at 0x108824d60&gt;</pre></td>
E                           </tr>
E                         
E                       </tbody>
E                     </table>
E                     </details>
E                   
E                 </li>
E               
E                 
E                 <li class="frame user">
E                   
E                     <code class="fname">/Users/mohamedbechirdiarra/Downloads/prototypeGamma/Backend/venv/lib/python3.13/site-packages/rest_framework/views.py</code>, line 475, in handle_exception
E                   
E         
E                   
E                     <div class="context" id="c4437914432">
E                       
E                         <ol start="468" class="pre-context" id="pre4437914432">
E                         
E                           <li onclick="toggle('pre4437914432', 'post4437914432')"><pre></pre></li>
E                         
E                           <li onclick="toggle('pre4437914432', 'post4437914432')"><pre>        exception_handler = self.get_exception_handler()</pre></li>
E                         
E                           <li onclick="toggle('pre4437914432', 'post4437914432')"><pre></pre></li>
E                         
E                           <li onclick="toggle('pre4437914432', 'post4437914432')"><pre>        context = self.get_exception_handler_context()</pre></li>
E                         
E                           <li onclick="toggle('pre4437914432', 'post4437914432')"><pre>        response = exception_handler(exc, context)</pre></li>
E                         
E                           <li onclick="toggle('pre4437914432', 'post4437914432')"><pre></pre></li>
E                         
E                           <li onclick="toggle('pre4437914432', 'post4437914432')"><pre>        if response is None:</pre></li>
E                         
E                         </ol>
E                       
E                       <ol start="475" class="context-line">
E                         <li onclick="toggle('pre4437914432', 'post4437914432')"><pre>            self.raise_uncaught_exception(exc)
E                          ^^^^^^^^^^^^^^^^^^^^^^^^^^^^^^^^^^</pre> <span>…</span></li>
E                       </ol>
E                       
E                         <ol start='476' class="post-context" id="post4437914432">
E                           
E                           <li onclick="toggle('pre4437914432', 'post4437914432')"><pre></pre></li>
E                           
E                           <li onclick="toggle('pre4437914432', 'post4437914432')"><pre>        response.exception = True</pre></li>
E                           
E                           <li onclick="toggle('pre4437914432', 'post4437914432')"><pre>        return response</pre></li>
E                           
E                           <li onclick="toggle('pre4437914432', 'post4437914432')"><pre></pre></li>
E                           
E                           <li onclick="toggle('pre4437914432', 'post4437914432')"><pre>    def raise_uncaught_exception(self, exc):</pre></li>
E                           
E                           <li onclick="toggle('pre4437914432', 'post4437914432')"><pre>        if settings.DEBUG:</pre></li>
E                           
E                       </ol>
E                       
E                     </div>
E                   
E         
E                   
E                     
E                       <details>
E                         <summary class="commands">Local vars</summary>
E                     
E                     <table class="vars" id="v4437914432">
E                       <thead>
E                         <tr>
E                           <th scope="col">Variable</th>
E                           <th scope="col">Value</th>
E                         </tr>
E                       </thead>
E                       <tbody>
E                         
E                           <tr>
E                             <td>context</td>
E                             <td class="code"><pre>{&#x27;args&#x27;: (),
E          &#x27;kwargs&#x27;: {},
E          &#x27;request&#x27;: &lt;rest_framework.request.Request: POST &#x27;/users/login/&#x27;&gt;,
E          &#x27;view&#x27;: &lt;users.views.UserViewSet object at 0x108824d60&gt;}</pre></td>
E                           </tr>
E                         
E                           <tr>
E                             <td>exc</td>
E                             <td class="code"><pre>IntegrityError(&#x27;FOREIGN KEY constraint failed&#x27;)</pre></td>
E                           </tr>
E                         
E                           <tr>
E                             <td>exception_handler</td>
E                             <td class="code"><pre>&lt;function exception_handler at 0x10770f100&gt;</pre></td>
E                           </tr>
E                         
E                           <tr>
E                             <td>response</td>
E                             <td class="code"><pre>None</pre></td>
E                           </tr>
E                         
E                           <tr>
E                             <td>self</td>
E                             <td class="code"><pre>&lt;users.views.UserViewSet object at 0x108824d60&gt;</pre></td>
E                           </tr>
E                         
E                       </tbody>
E                     </table>
E                     </details>
E                   
E                 </li>
E               
E                 
E                 <li class="frame user">
E                   
E                     <code class="fname">/Users/mohamedbechirdiarra/Downloads/prototypeGamma/Backend/venv/lib/python3.13/site-packages/rest_framework/views.py</code>, line 486, in raise_uncaught_exception
E                   
E         
E                   
E                     <div class="context" id="c4437901376">
E                       
E                         <ol start="479" class="pre-context" id="pre4437901376">
E                         
E                           <li onclick="toggle('pre4437901376', 'post4437901376')"><pre></pre></li>
E                         
E                           <li onclick="toggle('pre4437901376', 'post4437901376')"><pre>    def raise_uncaught_exception(self, exc):</pre></li>
E                         
E                           <li onclick="toggle('pre4437901376', 'post4437901376')"><pre>        if settings.DEBUG:</pre></li>
E                         
E                           <li onclick="toggle('pre4437901376', 'post4437901376')"><pre>            request = self.request</pre></li>
E                         
E                           <li onclick="toggle('pre4437901376', 'post4437901376')"><pre>            renderer_format = getattr(request.accepted_renderer, &#x27;format&#x27;)</pre></li>
E                         
E                           <li onclick="toggle('pre4437901376', 'post4437901376')"><pre>            use_plaintext_traceback = renderer_format not in (&#x27;html&#x27;, &#x27;api&#x27;, &#x27;admin&#x27;)</pre></li>
E                         
E                           <li onclick="toggle('pre4437901376', 'post4437901376')"><pre>            request.force_plaintext_errors(use_plaintext_traceback)</pre></li>
E                         
E                         </ol>
E                       
E                       <ol start="486" class="context-line">
E                         <li onclick="toggle('pre4437901376', 'post4437901376')"><pre>        raise exc
E                      ^^^^^^^^^</pre> <span>…</span></li>
E                       </ol>
E                       
E                         <ol start='487' class="post-context" id="post4437901376">
E                           
E                           <li onclick="toggle('pre4437901376', 'post4437901376')"><pre></pre></li>
E                           
E                           <li onclick="toggle('pre4437901376', 'post4437901376')"><pre>    # Note: Views are made CSRF exempt from within `as_view` as to prevent</pre></li>
E                           
E                           <li onclick="toggle('pre4437901376', 'post4437901376')"><pre>    # accidental removal of this exemption in cases where `dispatch` needs to</pre></li>
E                           
E                           <li onclick="toggle('pre4437901376', 'post4437901376')"><pre>    # be overridden.</pre></li>
E                           
E                           <li onclick="toggle('pre4437901376', 'post4437901376')"><pre>    def dispatch(self, request, *args, **kwargs):</pre></li>
E                           
E                           <li onclick="toggle('pre4437901376', 'post4437901376')"><pre>        &quot;&quot;&quot;</pre></li>
E                           
E                       </ol>
E                       
E                     </div>
E                   
E         
E                   
E                     
E                       <details>
E                         <summary class="commands">Local vars</summary>
E                     
E                     <table class="vars" id="v4437901376">
E                       <thead>
E                         <tr>
E                           <th scope="col">Variable</th>
E                           <th scope="col">Value</th>
E                         </tr>
E                       </thead>
E                       <tbody>
E                         
E                           <tr>
E                             <td>exc</td>
E                             <td class="code"><pre>IntegrityError(&#x27;FOREIGN KEY constraint failed&#x27;)</pre></td>
E                           </tr>
E                         
E                           <tr>
E                             <td>renderer_format</td>
E                             <td class="code"><pre>&#x27;json&#x27;</pre></td>
E                           </tr>
E                         
E                           <tr>
E                             <td>request</td>
E                             <td class="code"><pre>&lt;rest_framework.request.Request: POST &#x27;/users/login/&#x27;&gt;</pre></td>
E                           </tr>
E                         
E                           <tr>
E                             <td>self</td>
E                             <td class="code"><pre>&lt;users.views.UserViewSet object at 0x108824d60&gt;</pre></td>
E                           </tr>
E                         
E                           <tr>
E                             <td>use_plaintext_traceback</td>
E                             <td class="code"><pre>True</pre></td>
E                           </tr>
E                         
E                       </tbody>
E                     </table>
E                     </details>
E                   
E                 </li>
E               
E                 
E                 <li class="frame user">
E                   
E                     <code class="fname">/Users/mohamedbechirdiarra/Downloads/prototypeGamma/Backend/venv/lib/python3.13/site-packages/rest_framework/views.py</code>, line 512, in dispatch
E                   
E         
E                   
E                     <div class="context" id="c4437904320">
E                       
E                         <ol start="505" class="pre-context" id="pre4437904320">
E                         
E                           <li onclick="toggle('pre4437904320', 'post4437904320')"><pre>            # Get the appropriate handler method</pre></li>
E                         
E                           <li onclick="toggle('pre4437904320', 'post4437904320')"><pre>            if request.method.lower() in self.http_method_names:</pre></li>
E                         
E                           <li onclick="toggle('pre4437904320', 'post4437904320')"><pre>                handler = getattr(self, request.method.lower(),</pre></li>
E                         
E                           <li onclick="toggle('pre4437904320', 'post4437904320')"><pre>                                  self.http_method_not_allowed)</pre></li>
E                         
E                           <li onclick="toggle('pre4437904320', 'post4437904320')"><pre>            else:</pre></li>
E                         
E                           <li onclick="toggle('pre4437904320', 'post4437904320')"><pre>                handler = self.http_method_not_allowed</pre></li>
E                         
E                           <li onclick="toggle('pre4437904320', 'post4437904320')"><pre></pre></li>
E                         
E                         </ol>
E                       
E                       <ol start="512" class="context-line">
E                         <li onclick="toggle('pre4437904320', 'post4437904320')"><pre>            response = handler(request, *args, **kwargs)
E                                     ^^^^^^^^^^^^^^^^^^^^^^^^^^^^^^^^^</pre> <span>…</span></li>
E                       </ol>
E                       
E                         <ol start='513' class="post-context" id="post4437904320">
E                           
E                           <li onclick="toggle('pre4437904320', 'post4437904320')"><pre></pre></li>
E                           
E                           <li onclick="toggle('pre4437904320', 'post4437904320')"><pre>        except Exception as exc:</pre></li>
E                           
E                           <li onclick="toggle('pre4437904320', 'post4437904320')"><pre>            response = self.handle_exception(exc)</pre></li>
E                           
E                           <li onclick="toggle('pre4437904320', 'post4437904320')"><pre></pre></li>
E                           
E                           <li onclick="toggle('pre4437904320', 'post4437904320')"><pre>        self.response = self.finalize_response(request, response, *args, **kwargs)</pre></li>
E                           
E                           <li onclick="toggle('pre4437904320', 'post4437904320')"><pre>        return self.response</pre></li>
E                           
E                       </ol>
E                       
E                     </div>
E                   
E         
E                   
E                     
E                       <details>
E                         <summary class="commands">Local vars</summary>
E                     
E                     <table class="vars" id="v4437904320">
E                       <thead>
E                         <tr>
E                           <th scope="col">Variable</th>
E                           <th scope="col">Value</th>
E                         </tr>
E                       </thead>
E                       <tbody>
E                         
E                           <tr>
E                             <td>args</td>
E                             <td class="code"><pre>()</pre></td>
E                           </tr>
E                         
E                           <tr>
E                             <td>handler</td>
E                             <td class="code"><pre>&lt;bound method UserViewSet.login of &lt;users.views.UserViewSet object at 0x108824d60&gt;&gt;</pre></td>
E                           </tr>
E                         
E                           <tr>
E                             <td>kwargs</td>
E                             <td class="code"><pre>{}</pre></td>
E                           </tr>
E                         
E                           <tr>
E                             <td>request</td>
E                             <td class="code"><pre>&lt;rest_framework.request.Request: POST &#x27;/users/login/&#x27;&gt;</pre></td>
E                           </tr>
E                         
E                           <tr>
E                             <td>self</td>
E                             <td class="code"><pre>&lt;users.views.UserViewSet object at 0x108824d60&gt;</pre></td>
E                           </tr>
E                         
E                       </tbody>
E                     </table>
E                     </details>
E                   
E                 </li>
E               
E                 
E                 <li class="frame user">
E                   
E                     <code class="fname">/Users/mohamedbechirdiarra/Downloads/prototypeGamma/Backend/users/views.py</code>, line 382, in login
E                   
E         
E                   
E                     <div class="context" id="c4437913408">
E                       
E                         <ol start="375" class="pre-context" id="pre4437913408">
E                         
E                           <li onclick="toggle('pre4437913408', 'post4437913408')"><pre>                            event_type=&quot;login_high_risk&quot;</pre></li>
E                         
E                           <li onclick="toggle('pre4437913408', 'post4437913408')"><pre>                        )</pre></li>
E                         
E                           <li onclick="toggle('pre4437913408', 'post4437913408')"><pre>                    return Response({</pre></li>
E                         
E                           <li onclick="toggle('pre4437913408', 'post4437913408')"><pre>                        &#x27;otp_required&#x27;: True,</pre></li>
E                         
E                           <li onclick="toggle('pre4437913408', 'post4437913408')"><pre>                        &#x27;session_uuid&#x27;: str(otp.session_uuid),</pre></li>
E                         
E                           <li onclick="toggle('pre4437913408', 'post4437913408')"><pre>                        &#x27;message&#x27;: &#x27;Un code de vérification a été envoyé à votre email.&#x27;</pre></li>
E                         
E                           <li onclick="toggle('pre4437913408', 'post4437913408')"><pre>                    }, status=200)</pre></li>
E                         
E                         </ol>
E                       
E                       <ol start="382" class="context-line">
E                         <li onclick="toggle('pre4437913408', 'post4437913408')"><pre>                log_event(request, &#x27;login&#x27;, &#x27;success&#x27;, risk_score=risk_score, metadata={}, user=user)
E                              ^^^^^^^^^^^^^^^^^^^^^^^^^^^^^^^^^^^^^^^^^^^^^^^^^^^^^^^^^^^^^^^^^^^^^^^^^^^^^^^^^^^^^</pre> <span>…</span></li>
E                       </ol>
E                       
E                         <ol start='383' class="post-context" id="post4437913408">
E                           
E                           <li onclick="toggle('pre4437913408', 'post4437913408')"><pre>                refresh = RefreshToken.for_user(user)</pre></li>
E                           
E                           <li onclick="toggle('pre4437913408', 'post4437913408')"><pre>                return Response({</pre></li>
E                           
E                           <li onclick="toggle('pre4437913408', 'post4437913408')"><pre>                    &#x27;user&#x27;: UserSerializer(user).data,</pre></li>
E                           
E                           <li onclick="toggle('pre4437913408', 'post4437913408')"><pre>                    &#x27;profile&#x27;: self.get_profile_data(user),</pre></li>
E                           
E                           <li onclick="toggle('pre4437913408', 'post4437913408')"><pre>                    &#x27;refresh&#x27;: str(refresh),</pre></li>
E                           
E                           <li onclick="toggle('pre4437913408', 'post4437913408')"><pre>                    &#x27;access&#x27;: str(refresh.access_token),</pre></li>
E                           
E                       </ol>
E                       
E                     </div>
E                   
E         
E                   
E                     
E                       <details>
E                         <summary class="commands">Local vars</summary>
E                     
E                     <table class="vars" id="v4437913408">
E                       <thead>
E                         <tr>
E                           <th scope="col">Variable</th>
E                           <th scope="col">Value</th>
E                         </tr>
E                       </thead>
E                       <tbody>
E                         
E                           <tr>
E                             <td>email</td>
E                             <td class="code"><pre>&#x27;testuser_9gdtzr@example.com&#x27;</pre></td>
E                           </tr>
E                         
E                           <tr>
E                             <td>password</td>
E                             <td class="code"><pre>&#x27;TestUser1234!&#x27;</pre></td>
E                           </tr>
E                         
E                           <tr>
E                             <td>request</td>
E                             <td class="code"><pre>&lt;rest_framework.request.Request: POST &#x27;/users/login/&#x27;&gt;</pre></td>
E                           </tr>
E                         
E                           <tr>
E                             <td>risk_score</td>
E                             <td class="code"><pre>0</pre></td>
E                           </tr>
E                         
E                           <tr>
E                             <td>self</td>
E                             <td class="code"><pre>&lt;users.views.UserViewSet object at 0x108824d60&gt;</pre></td>
E                           </tr>
E                         
E                           <tr>
E                             <td>user</td>
E                             <td class="code"><pre>&lt;User: testuser_9gdtzr (Client)&gt;</pre></td>
E                           </tr>
E                         
E                       </tbody>
E                     </table>
E                     </details>
E                   
E                 </li>
E               
E                 
E                 <li class="frame user">
E                   
E                     <code class="fname">/Users/mohamedbechirdiarra/Downloads/prototypeGamma/Backend/users/utils.py</code>, line 14, in log_event
E                   
E         
E                   
E                     <div class="context" id="c4437914048">
E                       
E                         <ol start="7" class="pre-context" id="pre4437914048">
E                         
E                           <li onclick="toggle('pre4437914048', 'post4437914048')"><pre>    if user is None:</pre></li>
E                         
E                           <li onclick="toggle('pre4437914048', 'post4437914048')"><pre>        user = request.user if hasattr(request, &#x27;user&#x27;) and request.user.is_authenticated else None</pre></li>
E                         
E                           <li onclick="toggle('pre4437914048', 'post4437914048')"><pre>    ip = request.META.get(&#x27;REMOTE_ADDR&#x27;)</pre></li>
E                         
E                           <li onclick="toggle('pre4437914048', 'post4437914048')"><pre>    user_agent = request.META.get(&#x27;HTTP_USER_AGENT&#x27;, &#x27;&#x27;)</pre></li>
E                         
E                           <li onclick="toggle('pre4437914048', 'post4437914048')"><pre>    geo_country = getattr(request, &#x27;geoip_country&#x27;, &#x27;&#x27;) or request.META.get(&#x27;GEOIP_COUNTRY&#x27;, &#x27;&#x27;)</pre></li>
E                         
E                           <li onclick="toggle('pre4437914048', 'post4437914048')"><pre>    geo_city = getattr(request, &#x27;geoip_city&#x27;, &#x27;&#x27;) or request.META.get(&#x27;GEOIP_CITY&#x27;, &#x27;&#x27;)</pre></li>
E                         
E                           <li onclick="toggle('pre4437914048', 'post4437914048')"><pre>    location = get_location_from_ip(ip)</pre></li>
E                         
E                         </ol>
E                       
E                       <ol start="14" class="context-line">
E                         <li onclick="toggle('pre4437914048', 'post4437914048')"><pre>    AuditLog.objects.create(
E                 ^</pre> <span>…</span></li>
E                       </ol>
E                       
E                         <ol start='15' class="post-context" id="post4437914048">
E                           
E                           <li onclick="toggle('pre4437914048', 'post4437914048')"><pre>        user=user,</pre></li>
E                           
E                           <li onclick="toggle('pre4437914048', 'post4437914048')"><pre>        ip_address=ip,</pre></li>
E                           
E                           <li onclick="toggle('pre4437914048', 'post4437914048')"><pre>        user_agent=user_agent,</pre></li>
E                           
E                           <li onclick="toggle('pre4437914048', 'post4437914048')"><pre>        event_type=event_type,</pre></li>
E                           
E                           <li onclick="toggle('pre4437914048', 'post4437914048')"><pre>        status=status,</pre></li>
E                           
E                           <li onclick="toggle('pre4437914048', 'post4437914048')"><pre>        geo_country=geo_country,</pre></li>
E                           
E                       </ol>
E                       
E                     </div>
E                   
E         
E                   
E                     
E                       <details>
E                         <summary class="commands">Local vars</summary>
E                     
E                     <table class="vars" id="v4437914048">
E                       <thead>
E                         <tr>
E                           <th scope="col">Variable</th>
E                           <th scope="col">Value</th>
E                         </tr>
E                       </thead>
E                       <tbody>
E                         
E                           <tr>
E                             <td>event_type</td>
E                             <td class="code"><pre>&#x27;login&#x27;</pre></td>
E                           </tr>
E                         
E                           <tr>
E                             <td>geo_city</td>
E                             <td class="code"><pre>&#x27;&#x27;</pre></td>
E                           </tr>
E                         
E                           <tr>
E                             <td>geo_country</td>
E                             <td class="code"><pre>&#x27;&#x27;</pre></td>
E                           </tr>
E                         
E                           <tr>
E                             <td>ip</td>
E                             <td class="code"><pre>&#x27;127.0.0.1&#x27;</pre></td>
E                           </tr>
E                         
E                           <tr>
E                             <td>location</td>
E                             <td class="code"><pre>None</pre></td>
E                           </tr>
E                         
E                           <tr>
E                             <td>metadata</td>
E                             <td class="code"><pre>{}</pre></td>
E                           </tr>
E                         
E                           <tr>
E                             <td>request</td>
E                             <td class="code"><pre>&lt;rest_framework.request.Request: POST &#x27;/users/login/&#x27;&gt;</pre></td>
E                           </tr>
E                         
E                           <tr>
E                             <td>risk_score</td>
E                             <td class="code"><pre>0</pre></td>
E                           </tr>
E                         
E                           <tr>
E                             <td>status</td>
E                             <td class="code"><pre>&#x27;success&#x27;</pre></td>
E                           </tr>
E                         
E                           <tr>
E                             <td>user</td>
E                             <td class="code"><pre>&lt;User: testuser_9gdtzr (Client)&gt;</pre></td>
E                           </tr>
E                         
E                           <tr>
E                             <td>user_agent</td>
E                             <td class="code"><pre>&#x27;python-requests/2.32.4&#x27;</pre></td>
E                           </tr>
E                         
E                       </tbody>
E                     </table>
E                     </details>
E                   
E                 </li>
E               
E                 
E                 <li class="frame django">
E                   
E                     <code class="fname">/Users/mohamedbechirdiarra/Downloads/prototypeGamma/Backend/venv/lib/python3.13/site-packages/django/db/models/manager.py</code>, line 87, in manager_method
E                   
E         
E                   
E                     <div class="context" id="c4438558720">
E                       
E                         <ol start="80" class="pre-context" id="pre4438558720">
E                         
E                           <li onclick="toggle('pre4438558720', 'post4438558720')"><pre>        return []</pre></li>
E                         
E                           <li onclick="toggle('pre4438558720', 'post4438558720')"><pre></pre></li>
E                         
E                           <li onclick="toggle('pre4438558720', 'post4438558720')"><pre>    @classmethod</pre></li>
E                         
E                           <li onclick="toggle('pre4438558720', 'post4438558720')"><pre>    def _get_queryset_methods(cls, queryset_class):</pre></li>
E                         
E                           <li onclick="toggle('pre4438558720', 'post4438558720')"><pre>        def create_method(name, method):</pre></li>
E                         
E                           <li onclick="toggle('pre4438558720', 'post4438558720')"><pre>            @wraps(method)</pre></li>
E                         
E                           <li onclick="toggle('pre4438558720', 'post4438558720')"><pre>            def manager_method(self, *args, **kwargs):</pre></li>
E                         
E                         </ol>
E                       
E                       <ol start="87" class="context-line">
E                         <li onclick="toggle('pre4438558720', 'post4438558720')"><pre>                return getattr(self.get_queryset(), name)(*args, **kwargs)
E                                    ^^^^^^^^^^^^^^^^^^^^^^^^^^^^^^^^^^^^^^^^^^^^^^^^^^^</pre> <span>…</span></li>
E                       </ol>
E                       
E                         <ol start='88' class="post-context" id="post4438558720">
E                           
E                           <li onclick="toggle('pre4438558720', 'post4438558720')"><pre></pre></li>
E                           
E                           <li onclick="toggle('pre4438558720', 'post4438558720')"><pre>            return manager_method</pre></li>
E                           
E                           <li onclick="toggle('pre4438558720', 'post4438558720')"><pre></pre></li>
E                           
E                           <li onclick="toggle('pre4438558720', 'post4438558720')"><pre>        new_methods = {}</pre></li>
E                           
E                           <li onclick="toggle('pre4438558720', 'post4438558720')"><pre>        for name, method in inspect.getmembers(</pre></li>
E                           
E                           <li onclick="toggle('pre4438558720', 'post4438558720')"><pre>            queryset_class, predicate=inspect.isfunction</pre></li>
E                           
E                       </ol>
E                       
E                     </div>
E                   
E         
E                   
E                     
E                       <details>
E                         <summary class="commands">Local vars</summary>
E                     
E                     <table class="vars" id="v4438558720">
E                       <thead>
E                         <tr>
E                           <th scope="col">Variable</th>
E                           <th scope="col">Value</th>
E                         </tr>
E                       </thead>
E                       <tbody>
E                         
E                           <tr>
E                             <td>args</td>
E                             <td class="code"><pre>()</pre></td>
E                           </tr>
E                         
E                           <tr>
E                             <td>kwargs</td>
E                             <td class="code"><pre>{&#x27;event_type&#x27;: &#x27;login&#x27;,
E          &#x27;geo_city&#x27;: &#x27;&#x27;,
E          &#x27;geo_country&#x27;: &#x27;&#x27;,
E          &#x27;ip_address&#x27;: &#x27;127.0.0.1&#x27;,
E          &#x27;location&#x27;: None,
E          &#x27;metadata&#x27;: {},
E          &#x27;risk_score&#x27;: 0,
E          &#x27;status&#x27;: &#x27;success&#x27;,
E          &#x27;user&#x27;: &lt;User: testuser_9gdtzr (Client)&gt;,
E          &#x27;user_agent&#x27;: &#x27;python-requests/2.32.4&#x27;}</pre></td>
E                           </tr>
E                         
E                           <tr>
E                             <td>name</td>
E                             <td class="code"><pre>&#x27;create&#x27;</pre></td>
E                           </tr>
E                         
E                           <tr>
E                             <td>self</td>
E                             <td class="code"><pre>&lt;django.db.models.manager.Manager object at 0x10840cad0&gt;</pre></td>
E                           </tr>
E                         
E                       </tbody>
E                     </table>
E                     </details>
E                   
E                 </li>
E               
E                 
E                 <li class="frame django">
E                   
E                     <code class="fname">/Users/mohamedbechirdiarra/Downloads/prototypeGamma/Backend/venv/lib/python3.13/site-packages/django/db/models/query.py</code>, line 663, in create
E                   
E         
E                   
E                     <div class="context" id="c4437907328">
E                       
E                         <ol start="656" class="pre-context" id="pre4437907328">
E                         
E                           <li onclick="toggle('pre4437907328', 'post4437907328')"><pre>            raise ValueError(</pre></li>
E                         
E                           <li onclick="toggle('pre4437907328', 'post4437907328')"><pre>                &quot;The following fields do not exist in this model: %s&quot;</pre></li>
E                         
E                           <li onclick="toggle('pre4437907328', 'post4437907328')"><pre>                % &quot;, &quot;.join(reverse_one_to_one_fields)</pre></li>
E                         
E                           <li onclick="toggle('pre4437907328', 'post4437907328')"><pre>            )</pre></li>
E                         
E                           <li onclick="toggle('pre4437907328', 'post4437907328')"><pre></pre></li>
E                         
E                           <li onclick="toggle('pre4437907328', 'post4437907328')"><pre>        obj = self.model(**kwargs)</pre></li>
E                         
E                           <li onclick="toggle('pre4437907328', 'post4437907328')"><pre>        self._for_write = True</pre></li>
E                         
E                         </ol>
E                       
E                       <ol start="663" class="context-line">
E                         <li onclick="toggle('pre4437907328', 'post4437907328')"><pre>        obj.save(force_insert=True, using=self.db)
E                      ^^^^^^^^^^^^^^^^^^^^^^^^^^^^^^^^^^^^^^^^^^</pre> <span>…</span></li>
E                       </ol>
E                       
E                         <ol start='664' class="post-context" id="post4437907328">
E                           
E                           <li onclick="toggle('pre4437907328', 'post4437907328')"><pre>        return obj</pre></li>
E                           
E                           <li onclick="toggle('pre4437907328', 'post4437907328')"><pre></pre></li>
E                           
E                           <li onclick="toggle('pre4437907328', 'post4437907328')"><pre>    create.alters_data = True</pre></li>
E                           
E                           <li onclick="toggle('pre4437907328', 'post4437907328')"><pre></pre></li>
E                           
E                           <li onclick="toggle('pre4437907328', 'post4437907328')"><pre>    async def acreate(self, **kwargs):</pre></li>
E                           
E                           <li onclick="toggle('pre4437907328', 'post4437907328')"><pre>        return await sync_to_async(self.create)(**kwargs)</pre></li>
E                           
E                       </ol>
E                       
E                     </div>
E                   
E         
E                   
E                     
E                       <details>
E                         <summary class="commands">Local vars</summary>
E                     
E                     <table class="vars" id="v4437907328">
E                       <thead>
E                         <tr>
E                           <th scope="col">Variable</th>
E                           <th scope="col">Value</th>
E                         </tr>
E                       </thead>
E                       <tbody>
E                         
E                           <tr>
E                             <td>kwargs</td>
E                             <td class="code"><pre>{&#x27;event_type&#x27;: &#x27;login&#x27;,
E          &#x27;geo_city&#x27;: &#x27;&#x27;,
E          &#x27;geo_country&#x27;: &#x27;&#x27;,
E          &#x27;ip_address&#x27;: &#x27;127.0.0.1&#x27;,
E          &#x27;location&#x27;: None,
E          &#x27;metadata&#x27;: {},
E          &#x27;risk_score&#x27;: 0,
E          &#x27;status&#x27;: &#x27;success&#x27;,
E          &#x27;user&#x27;: &lt;User: testuser_9gdtzr (Client)&gt;,
E          &#x27;user_agent&#x27;: &#x27;python-requests/2.32.4&#x27;}</pre></td>
E                           </tr>
E                         
E                           <tr>
E                             <td>obj</td>
E                             <td class="code"><pre>&lt;AuditLog: [2025-07-14 11:43:29.885451+00:00] testuser_9gdtzr (Client) - login (success)&gt;</pre></td>
E                           </tr>
E                         
E                           <tr>
E                             <td>reverse_one_to_one_fields</td>
E                             <td class="code"><pre>frozenset()</pre></td>
E                           </tr>
E                         
E                           <tr>
E                             <td>self</td>
E                             <td class="code"><pre>&lt;QuerySet [&lt;AuditLog: [2025-07-14 11:20:26.143987+00:00] None - login (failure)&gt;, &lt;AuditLog: [2025-07-14 11:20:26.172163+00:00] None - login (failure)&gt;, &lt;AuditLog: [2025-07-14 11:20:26.440678+00:00] None - login (failure)&gt;, &lt;AuditLog: [2025-07-14 11:20:26.472641+00:00] None - login (failure)&gt;, &lt;AuditLog: [2025-07-14 11:20:42.818165+00:00] None - login (failure)&gt;, &lt;AuditLog: [2025-07-14 11:20:42.834927+00:00] None - login (failure)&gt;, &lt;AuditLog: [2025-07-14 11:20:42.840926+00:00] None - login (failure)&gt;, &lt;AuditLog: [2025-07-14 11:20:42.849907+00:00] None - login (failure)&gt;, &lt;AuditLog: [2025-07-14 11:20:42.855760+00:00] None - login (failure)&gt;, &lt;AuditLog: [2025-07-14 11:20:42.866003+00:00] None - login (failure)&gt;, &lt;AuditLog: [2025-07-14 11:20:42.871786+00:00] None - login (failure)&gt;, &lt;AuditLog: [2025-07-14 11:20:42.878738+00:00] None - login (failure)&gt;, &lt;AuditLog: [2025-07-14 11:20:42.887097+00:00] None - login (failure)&gt;, &lt;AuditLog: [2025-07-14 11:20:42.933562+00:00] None - login (failure)&gt;, &lt;AuditLog: [2025-07-14 11:20:42.948908+00:00] None - login (failure)&gt;, &lt;AuditLog: [2025-07-14 11:20:42.955057+00:00] None - login (failure)&gt;, &lt;AuditLog: [2025-07-14 11:20:43.030569+00:00] None - login (failure)&gt;, &lt;AuditLog: [2025-07-14 11:20:43.035801+00:00] None - login (failure)&gt;, &lt;AuditLog: [2025-07-14 11:20:43.041067+00:00] None - login (failure)&gt;, &lt;AuditLog: [2025-07-14 11:20:43.057293+00:00] None - login (failure)&gt;, &#x27;...(remaining elements truncated)...&#x27;]&gt;</pre></td>
E                           </tr>
E                         
E                       </tbody>
E                     </table>
E                     </details>
E                   
E                 </li>
E               
E                 
E                 <li class="frame django">
E                   
E                     <code class="fname">/Users/mohamedbechirdiarra/Downloads/prototypeGamma/Backend/venv/lib/python3.13/site-packages/django/db/models/base.py</code>, line 902, in save
E                   
E         
E                   
E                     <div class="context" id="c4437536256">
E                       
E                         <ol start="895" class="pre-context" id="pre4437536256">
E                         
E                           <li onclick="toggle('pre4437536256', 'post4437536256')"><pre>            for field in self._meta.concrete_fields:</pre></li>
E                         
E                           <li onclick="toggle('pre4437536256', 'post4437536256')"><pre>                if field not in pk_fields and not hasattr(field, &quot;through&quot;):</pre></li>
E                         
E                           <li onclick="toggle('pre4437536256', 'post4437536256')"><pre>                    field_names.add(field.attname)</pre></li>
E                         
E                           <li onclick="toggle('pre4437536256', 'post4437536256')"><pre>            loaded_fields = field_names.difference(deferred_non_generated_fields)</pre></li>
E                         
E                           <li onclick="toggle('pre4437536256', 'post4437536256')"><pre>            if loaded_fields:</pre></li>
E                         
E                           <li onclick="toggle('pre4437536256', 'post4437536256')"><pre>                update_fields = frozenset(loaded_fields)</pre></li>
E                         
E                           <li onclick="toggle('pre4437536256', 'post4437536256')"><pre></pre></li>
E                         
E                         </ol>
E                       
E                       <ol start="902" class="context-line">
E                         <li onclick="toggle('pre4437536256', 'post4437536256')"><pre>        self.save_base(
E                      ^</pre> <span>…</span></li>
E                       </ol>
E                       
E                         <ol start='903' class="post-context" id="post4437536256">
E                           
E                           <li onclick="toggle('pre4437536256', 'post4437536256')"><pre>            using=using,</pre></li>
E                           
E                           <li onclick="toggle('pre4437536256', 'post4437536256')"><pre>            force_insert=force_insert,</pre></li>
E                           
E                           <li onclick="toggle('pre4437536256', 'post4437536256')"><pre>            force_update=force_update,</pre></li>
E                           
E                           <li onclick="toggle('pre4437536256', 'post4437536256')"><pre>            update_fields=update_fields,</pre></li>
E                           
E                           <li onclick="toggle('pre4437536256', 'post4437536256')"><pre>        )</pre></li>
E                           
E                           <li onclick="toggle('pre4437536256', 'post4437536256')"><pre></pre></li>
E                           
E                       </ol>
E                       
E                     </div>
E                   
E         
E                   
E                     
E                       <details>
E                         <summary class="commands">Local vars</summary>
E                     
E                     <table class="vars" id="v4437536256">
E                       <thead>
E                         <tr>
E                           <th scope="col">Variable</th>
E                           <th scope="col">Value</th>
E                         </tr>
E                       </thead>
E                       <tbody>
E                         
E                           <tr>
E                             <td>args</td>
E                             <td class="code"><pre>()</pre></td>
E                           </tr>
E                         
E                           <tr>
E                             <td>deferred_non_generated_fields</td>
E                             <td class="code"><pre>set()</pre></td>
E                           </tr>
E                         
E                           <tr>
E                             <td>force_insert</td>
E                             <td class="code"><pre>True</pre></td>
E                           </tr>
E                         
E                           <tr>
E                             <td>force_update</td>
E                             <td class="code"><pre>False</pre></td>
E                           </tr>
E                         
E                           <tr>
E                             <td>self</td>
E                             <td class="code"><pre>&lt;AuditLog: [2025-07-14 11:43:29.885451+00:00] testuser_9gdtzr (Client) - login (success)&gt;</pre></td>
E                           </tr>
E                         
E                           <tr>
E                             <td>update_fields</td>
E                             <td class="code"><pre>None</pre></td>
E                           </tr>
E                         
E                           <tr>
E                             <td>using</td>
E                             <td class="code"><pre>&#x27;default&#x27;</pre></td>
E                           </tr>
E                         
E                       </tbody>
E                     </table>
E                     </details>
E                   
E                 </li>
E               
E                 
E                 <li class="frame django">
E                   
E                     <code class="fname">/Users/mohamedbechirdiarra/Downloads/prototypeGamma/Backend/venv/lib/python3.13/site-packages/django/db/models/base.py</code>, line 1008, in save_base
E                   
E         
E                   
E                     <div class="context" id="c4437907264">
E                       
E                         <ol start="1001" class="pre-context" id="pre4437907264">
E                         
E                           <li onclick="toggle('pre4437907264', 'post4437907264')"><pre>            parent_inserted = False</pre></li>
E                         
E                           <li onclick="toggle('pre4437907264', 'post4437907264')"><pre>            if not raw:</pre></li>
E                         
E                           <li onclick="toggle('pre4437907264', 'post4437907264')"><pre>                # Validate force insert only when parents are inserted.</pre></li>
E                         
E                           <li onclick="toggle('pre4437907264', 'post4437907264')"><pre>                force_insert = self._validate_force_insert(force_insert)</pre></li>
E                         
E                           <li onclick="toggle('pre4437907264', 'post4437907264')"><pre>                parent_inserted = self._save_parents(</pre></li>
E                         
E                           <li onclick="toggle('pre4437907264', 'post4437907264')"><pre>                    cls, using, update_fields, force_insert</pre></li>
E                         
E                           <li onclick="toggle('pre4437907264', 'post4437907264')"><pre>                )</pre></li>
E                         
E                         </ol>
E                       
E                       <ol start="1008" class="context-line">
E                         <li onclick="toggle('pre4437907264', 'post4437907264')"><pre>            updated = self._save_table(
E                                     </pre> <span>…</span></li>
E                       </ol>
E                       
E                         <ol start='1009' class="post-context" id="post4437907264">
E                           
E                           <li onclick="toggle('pre4437907264', 'post4437907264')"><pre>                raw,</pre></li>
E                           
E                           <li onclick="toggle('pre4437907264', 'post4437907264')"><pre>                cls,</pre></li>
E                           
E                           <li onclick="toggle('pre4437907264', 'post4437907264')"><pre>                force_insert or parent_inserted,</pre></li>
E                           
E                           <li onclick="toggle('pre4437907264', 'post4437907264')"><pre>                force_update,</pre></li>
E                           
E                           <li onclick="toggle('pre4437907264', 'post4437907264')"><pre>                using,</pre></li>
E                           
E                           <li onclick="toggle('pre4437907264', 'post4437907264')"><pre>                update_fields,</pre></li>
E                           
E                       </ol>
E                       
E                     </div>
E                   
E         
E                   
E                     
E                       <details>
E                         <summary class="commands">Local vars</summary>
E                     
E                     <table class="vars" id="v4437907264">
E                       <thead>
E                         <tr>
E                           <th scope="col">Variable</th>
E                           <th scope="col">Value</th>
E                         </tr>
E                       </thead>
E                       <tbody>
E                         
E                           <tr>
E                             <td>cls</td>
E                             <td class="code"><pre>&lt;class &#x27;users.models.AuditLog&#x27;&gt;</pre></td>
E                           </tr>
E                         
E                           <tr>
E                             <td>context_manager</td>
E                             <td class="code"><pre>&lt;contextlib._GeneratorContextManager object at 0x108875fd0&gt;</pre></td>
E                           </tr>
E                         
E                           <tr>
E                             <td>force_insert</td>
E                             <td class="code"><pre>(&lt;class &#x27;users.models.AuditLog&#x27;&gt;,)</pre></td>
E                           </tr>
E                         
E                           <tr>
E                             <td>force_update</td>
E                             <td class="code"><pre>False</pre></td>
E                           </tr>
E                         
E                           <tr>
E                             <td>meta</td>
E                             <td class="code"><pre>&lt;Options for AuditLog&gt;</pre></td>
E                           </tr>
E                         
E                           <tr>
E                             <td>origin</td>
E                             <td class="code"><pre>&lt;class &#x27;users.models.AuditLog&#x27;&gt;</pre></td>
E                           </tr>
E                         
E                           <tr>
E                             <td>parent_inserted</td>
E                             <td class="code"><pre>False</pre></td>
E                           </tr>
E                         
E                           <tr>
E                             <td>raw</td>
E                             <td class="code"><pre>False</pre></td>
E                           </tr>
E                         
E                           <tr>
E                             <td>self</td>
E                             <td class="code"><pre>&lt;AuditLog: [2025-07-14 11:43:29.885451+00:00] testuser_9gdtzr (Client) - login (success)&gt;</pre></td>
E                           </tr>
E                         
E                           <tr>
E                             <td>update_fields</td>
E                             <td class="code"><pre>None</pre></td>
E                           </tr>
E                         
E                           <tr>
E                             <td>using</td>
E                             <td class="code"><pre>&#x27;default&#x27;</pre></td>
E                           </tr>
E                         
E                       </tbody>
E                     </table>
E                     </details>
E                   
E                 </li>
E               
E                 
E                 <li class="frame django">
E                   
E                     <code class="fname">/Users/mohamedbechirdiarra/Downloads/prototypeGamma/Backend/venv/lib/python3.13/site-packages/django/db/models/base.py</code>, line 1169, in _save_table
E                   
E         
E                   
E                     <div class="context" id="c4437914496">
E                       
E                         <ol start="1162" class="pre-context" id="pre4437914496">
E                         
E                           <li onclick="toggle('pre4437914496', 'post4437914496')"><pre>                )</pre></li>
E                         
E                           <li onclick="toggle('pre4437914496', 'post4437914496')"><pre>            fields = [</pre></li>
E                         
E                           <li onclick="toggle('pre4437914496', 'post4437914496')"><pre>                f</pre></li>
E                         
E                           <li onclick="toggle('pre4437914496', 'post4437914496')"><pre>                for f in meta.local_concrete_fields</pre></li>
E                         
E                           <li onclick="toggle('pre4437914496', 'post4437914496')"><pre>                if not f.generated and (pk_set or f is not meta.auto_field)</pre></li>
E                         
E                           <li onclick="toggle('pre4437914496', 'post4437914496')"><pre>            ]</pre></li>
E                         
E                           <li onclick="toggle('pre4437914496', 'post4437914496')"><pre>            returning_fields = meta.db_returning_fields</pre></li>
E                         
E                         </ol>
E                       
E                       <ol start="1169" class="context-line">
E                         <li onclick="toggle('pre4437914496', 'post4437914496')"><pre>            results = self._do_insert(
E                                     </pre> <span>…</span></li>
E                       </ol>
E                       
E                         <ol start='1170' class="post-context" id="post4437914496">
E                           
E                           <li onclick="toggle('pre4437914496', 'post4437914496')"><pre>                cls._base_manager, using, fields, returning_fields, raw</pre></li>
E                           
E                           <li onclick="toggle('pre4437914496', 'post4437914496')"><pre>            )</pre></li>
E                           
E                           <li onclick="toggle('pre4437914496', 'post4437914496')"><pre>            if results:</pre></li>
E                           
E                           <li onclick="toggle('pre4437914496', 'post4437914496')"><pre>                for value, field in zip(results[0], returning_fields):</pre></li>
E                           
E                           <li onclick="toggle('pre4437914496', 'post4437914496')"><pre>                    setattr(self, field.attname, value)</pre></li>
E                           
E                           <li onclick="toggle('pre4437914496', 'post4437914496')"><pre>        return updated</pre></li>
E                           
E                       </ol>
E                       
E                     </div>
E                   
E         
E                   
E                     
E                       <details>
E                         <summary class="commands">Local vars</summary>
E                     
E                     <table class="vars" id="v4437914496">
E                       <thead>
E                         <tr>
E                           <th scope="col">Variable</th>
E                           <th scope="col">Value</th>
E                         </tr>
E                       </thead>
E                       <tbody>
E                         
E                           <tr>
E                             <td>cls</td>
E                             <td class="code"><pre>&lt;class &#x27;users.models.AuditLog&#x27;&gt;</pre></td>
E                           </tr>
E                         
E                           <tr>
E                             <td>fields</td>
E                             <td class="code"><pre>[&lt;django.db.models.fields.related.ForeignKey: user&gt;,
E          &lt;django.db.models.fields.GenericIPAddressField: ip_address&gt;,
E          &lt;django.db.models.fields.TextField: user_agent&gt;,
E          &lt;django.db.models.fields.CharField: event_type&gt;,
E          &lt;django.db.models.fields.CharField: status&gt;,
E          &lt;django.db.models.fields.DateTimeField: timestamp&gt;,
E          &lt;django.db.models.fields.CharField: geo_country&gt;,
E          &lt;django.db.models.fields.CharField: geo_city&gt;,
E          &lt;django.db.models.fields.CharField: location&gt;,
E          &lt;django.db.models.fields.PositiveSmallIntegerField: risk_score&gt;,
E          &lt;django.db.models.fields.json.JSONField: metadata&gt;]</pre></td>
E                           </tr>
E                         
E                           <tr>
E                             <td>force_insert</td>
E                             <td class="code"><pre>(&lt;class &#x27;users.models.AuditLog&#x27;&gt;,)</pre></td>
E                           </tr>
E                         
E                           <tr>
E                             <td>force_update</td>
E                             <td class="code"><pre>False</pre></td>
E                           </tr>
E                         
E                           <tr>
E                             <td>meta</td>
E                             <td class="code"><pre>&lt;Options for AuditLog&gt;</pre></td>
E                           </tr>
E                         
E                           <tr>
E                             <td>non_pks_non_generated</td>
E                             <td class="code"><pre>[&lt;django.db.models.fields.related.ForeignKey: user&gt;,
E          &lt;django.db.models.fields.GenericIPAddressField: ip_address&gt;,
E          &lt;django.db.models.fields.TextField: user_agent&gt;,
E          &lt;django.db.models.fields.CharField: event_type&gt;,
E          &lt;django.db.models.fields.CharField: status&gt;,
E          &lt;django.db.models.fields.DateTimeField: timestamp&gt;,
E          &lt;django.db.models.fields.CharField: geo_country&gt;,
E          &lt;django.db.models.fields.CharField: geo_city&gt;,
E          &lt;django.db.models.fields.CharField: location&gt;,
E          &lt;django.db.models.fields.PositiveSmallIntegerField: risk_score&gt;,
E          &lt;django.db.models.fields.json.JSONField: metadata&gt;]</pre></td>
E                           </tr>
E                         
E                           <tr>
E                             <td>pk_fields</td>
E                             <td class="code"><pre>[&lt;django.db.models.fields.BigAutoField: id&gt;]</pre></td>
E                           </tr>
E                         
E                           <tr>
E                             <td>pk_set</td>
E                             <td class="code"><pre>False</pre></td>
E                           </tr>
E                         
E                           <tr>
E                             <td>pk_val</td>
E                             <td class="code"><pre>None</pre></td>
E                           </tr>
E                         
E                           <tr>
E                             <td>raw</td>
E                             <td class="code"><pre>False</pre></td>
E                           </tr>
E                         
E                           <tr>
E                             <td>returning_fields</td>
E                             <td class="code"><pre>[&lt;django.db.models.fields.BigAutoField: id&gt;]</pre></td>
E                           </tr>
E                         
E                           <tr>
E                             <td>self</td>
E                             <td class="code"><pre>&lt;AuditLog: [2025-07-14 11:43:29.885451+00:00] testuser_9gdtzr (Client) - login (success)&gt;</pre></td>
E                           </tr>
E                         
E                           <tr>
E                             <td>update_fields</td>
E                             <td class="code"><pre>None</pre></td>
E                           </tr>
E                         
E                           <tr>
E                             <td>updated</td>
E                             <td class="code"><pre>False</pre></td>
E                           </tr>
E                         
E                           <tr>
E                             <td>using</td>
E                             <td class="code"><pre>&#x27;default&#x27;</pre></td>
E                           </tr>
E                         
E                       </tbody>
E                     </table>
E                     </details>
E                   
E                 </li>
E               
E                 
E                 <li class="frame django">
E                   
E                     <code class="fname">/Users/mohamedbechirdiarra/Downloads/prototypeGamma/Backend/venv/lib/python3.13/site-packages/django/db/models/base.py</code>, line 1210, in _do_insert
E                   
E         
E                   
E                     <div class="context" id="c4437907200">
E                       
E                         <ol start="1203" class="pre-context" id="pre4437907200">
E                         
E                           <li onclick="toggle('pre4437907200', 'post4437907200')"><pre>        return filtered._update(values) &gt; 0</pre></li>
E                         
E                           <li onclick="toggle('pre4437907200', 'post4437907200')"><pre></pre></li>
E                         
E                           <li onclick="toggle('pre4437907200', 'post4437907200')"><pre>    def _do_insert(self, manager, using, fields, returning_fields, raw):</pre></li>
E                         
E                           <li onclick="toggle('pre4437907200', 'post4437907200')"><pre>        &quot;&quot;&quot;</pre></li>
E                         
E                           <li onclick="toggle('pre4437907200', 'post4437907200')"><pre>        Do an INSERT. If returning_fields is defined then this method should</pre></li>
E                         
E                           <li onclick="toggle('pre4437907200', 'post4437907200')"><pre>        return the newly created data for the model.</pre></li>
E                         
E                           <li onclick="toggle('pre4437907200', 'post4437907200')"><pre>        &quot;&quot;&quot;</pre></li>
E                         
E                         </ol>
E                       
E                       <ol start="1210" class="context-line">
E                         <li onclick="toggle('pre4437907200', 'post4437907200')"><pre>        return manager._insert(
E                              </pre> <span>…</span></li>
E                       </ol>
E                       
E                         <ol start='1211' class="post-context" id="post4437907200">
E                           
E                           <li onclick="toggle('pre4437907200', 'post4437907200')"><pre>            [self],</pre></li>
E                           
E                           <li onclick="toggle('pre4437907200', 'post4437907200')"><pre>            fields=fields,</pre></li>
E                           
E                           <li onclick="toggle('pre4437907200', 'post4437907200')"><pre>            returning_fields=returning_fields,</pre></li>
E                           
E                           <li onclick="toggle('pre4437907200', 'post4437907200')"><pre>            using=using,</pre></li>
E                           
E                           <li onclick="toggle('pre4437907200', 'post4437907200')"><pre>            raw=raw,</pre></li>
E                           
E                           <li onclick="toggle('pre4437907200', 'post4437907200')"><pre>        )</pre></li>
E                           
E                       </ol>
E                       
E                     </div>
E                   
E         
E                   
E                     
E                       <details>
E                         <summary class="commands">Local vars</summary>
E                     
E                     <table class="vars" id="v4437907200">
E                       <thead>
E                         <tr>
E                           <th scope="col">Variable</th>
E                           <th scope="col">Value</th>
E                         </tr>
E                       </thead>
E                       <tbody>
E                         
E                           <tr>
E                             <td>fields</td>
E                             <td class="code"><pre>[&lt;django.db.models.fields.related.ForeignKey: user&gt;,
E          &lt;django.db.models.fields.GenericIPAddressField: ip_address&gt;,
E          &lt;django.db.models.fields.TextField: user_agent&gt;,
E          &lt;django.db.models.fields.CharField: event_type&gt;,
E          &lt;django.db.models.fields.CharField: status&gt;,
E          &lt;django.db.models.fields.DateTimeField: timestamp&gt;,
E          &lt;django.db.models.fields.CharField: geo_country&gt;,
E          &lt;django.db.models.fields.CharField: geo_city&gt;,
E          &lt;django.db.models.fields.CharField: location&gt;,
E          &lt;django.db.models.fields.PositiveSmallIntegerField: risk_score&gt;,
E          &lt;django.db.models.fields.json.JSONField: metadata&gt;]</pre></td>
E                           </tr>
E                         
E                           <tr>
E                             <td>manager</td>
E                             <td class="code"><pre>&lt;django.db.models.manager.Manager object at 0x108454b50&gt;</pre></td>
E                           </tr>
E                         
E                           <tr>
E                             <td>raw</td>
E                             <td class="code"><pre>False</pre></td>
E                           </tr>
E                         
E                           <tr>
E                             <td>returning_fields</td>
E                             <td class="code"><pre>[&lt;django.db.models.fields.BigAutoField: id&gt;]</pre></td>
E                           </tr>
E                         
E                           <tr>
E                             <td>self</td>
E                             <td class="code"><pre>&lt;AuditLog: [2025-07-14 11:43:29.885451+00:00] testuser_9gdtzr (Client) - login (success)&gt;</pre></td>
E                           </tr>
E                         
E                           <tr>
E                             <td>using</td>
E                             <td class="code"><pre>&#x27;default&#x27;</pre></td>
E                           </tr>
E                         
E                       </tbody>
E                     </table>
E                     </details>
E                   
E                 </li>
E               
E                 
E                 <li class="frame django">
E                   
E                     <code class="fname">/Users/mohamedbechirdiarra/Downloads/prototypeGamma/Backend/venv/lib/python3.13/site-packages/django/db/models/manager.py</code>, line 87, in manager_method
E                   
E         
E                   
E                     <div class="context" id="c4437537600">
E                       
E                         <ol start="80" class="pre-context" id="pre4437537600">
E                         
E                           <li onclick="toggle('pre4437537600', 'post4437537600')"><pre>        return []</pre></li>
E                         
E                           <li onclick="toggle('pre4437537600', 'post4437537600')"><pre></pre></li>
E                         
E                           <li onclick="toggle('pre4437537600', 'post4437537600')"><pre>    @classmethod</pre></li>
E                         
E                           <li onclick="toggle('pre4437537600', 'post4437537600')"><pre>    def _get_queryset_methods(cls, queryset_class):</pre></li>
E                         
E                           <li onclick="toggle('pre4437537600', 'post4437537600')"><pre>        def create_method(name, method):</pre></li>
E                         
E                           <li onclick="toggle('pre4437537600', 'post4437537600')"><pre>            @wraps(method)</pre></li>
E                         
E                           <li onclick="toggle('pre4437537600', 'post4437537600')"><pre>            def manager_method(self, *args, **kwargs):</pre></li>
E                         
E                         </ol>
E                       
E                       <ol start="87" class="context-line">
E                         <li onclick="toggle('pre4437537600', 'post4437537600')"><pre>                return getattr(self.get_queryset(), name)(*args, **kwargs)
E                                    ^^^^^^^^^^^^^^^^^^^^^^^^^^^^^^^^^^^^^^^^^^^^^^^^^^^</pre> <span>…</span></li>
E                       </ol>
E                       
E                         <ol start='88' class="post-context" id="post4437537600">
E                           
E                           <li onclick="toggle('pre4437537600', 'post4437537600')"><pre></pre></li>
E                           
E                           <li onclick="toggle('pre4437537600', 'post4437537600')"><pre>            return manager_method</pre></li>
E                           
E                           <li onclick="toggle('pre4437537600', 'post4437537600')"><pre></pre></li>
E                           
E                           <li onclick="toggle('pre4437537600', 'post4437537600')"><pre>        new_methods = {}</pre></li>
E                           
E                           <li onclick="toggle('pre4437537600', 'post4437537600')"><pre>        for name, method in inspect.getmembers(</pre></li>
E                           
E                           <li onclick="toggle('pre4437537600', 'post4437537600')"><pre>            queryset_class, predicate=inspect.isfunction</pre></li>
E                           
E                       </ol>
E                       
E                     </div>
E                   
E         
E                   
E                     
E                       <details>
E                         <summary class="commands">Local vars</summary>
E                     
E                     <table class="vars" id="v4437537600">
E                       <thead>
E                         <tr>
E                           <th scope="col">Variable</th>
E                           <th scope="col">Value</th>
E                         </tr>
E                       </thead>
E                       <tbody>
E                         
E                           <tr>
E                             <td>args</td>
E                             <td class="code"><pre>([&lt;AuditLog: [2025-07-14 11:43:29.885451+00:00] testuser_9gdtzr (Client) - login (success)&gt;],)</pre></td>
E                           </tr>
E                         
E                           <tr>
E                             <td>kwargs</td>
E                             <td class="code"><pre>{&#x27;fields&#x27;: [&lt;django.db.models.fields.related.ForeignKey: user&gt;,
E                     &lt;django.db.models.fields.GenericIPAddressField: ip_address&gt;,
E                     &lt;django.db.models.fields.TextField: user_agent&gt;,
E                     &lt;django.db.models.fields.CharField: event_type&gt;,
E                     &lt;django.db.models.fields.CharField: status&gt;,
E                     &lt;django.db.models.fields.DateTimeField: timestamp&gt;,
E                     &lt;django.db.models.fields.CharField: geo_country&gt;,
E                     &lt;django.db.models.fields.CharField: geo_city&gt;,
E                     &lt;django.db.models.fields.CharField: location&gt;,
E                     &lt;django.db.models.fields.PositiveSmallIntegerField: risk_score&gt;,
E                     &lt;django.db.models.fields.json.JSONField: metadata&gt;],
E          &#x27;raw&#x27;: False,
E          &#x27;returning_fields&#x27;: [&lt;django.db.models.fields.BigAutoField: id&gt;],
E          &#x27;using&#x27;: &#x27;default&#x27;}</pre></td>
E                           </tr>
E                         
E                           <tr>
E                             <td>name</td>
E                             <td class="code"><pre>&#x27;_insert&#x27;</pre></td>
E                           </tr>
E                         
E                           <tr>
E                             <td>self</td>
E                             <td class="code"><pre>&lt;django.db.models.manager.Manager object at 0x108454b50&gt;</pre></td>
E                           </tr>
E                         
E                       </tbody>
E                     </table>
E                     </details>
E                   
E                 </li>
E               
E                 
E                 <li class="frame django">
E                   
E                     <code class="fname">/Users/mohamedbechirdiarra/Downloads/prototypeGamma/Backend/venv/lib/python3.13/site-packages/django/db/models/query.py</code>, line 1868, in _insert
E                   
E         
E                   
E                     <div class="context" id="c4437527616">
E                       
E                         <ol start="1861" class="pre-context" id="pre4437527616">
E                         
E                           <li onclick="toggle('pre4437527616', 'post4437527616')"><pre>        query = sql.InsertQuery(</pre></li>
E                         
E                           <li onclick="toggle('pre4437527616', 'post4437527616')"><pre>            self.model,</pre></li>
E                         
E                           <li onclick="toggle('pre4437527616', 'post4437527616')"><pre>            on_conflict=on_conflict,</pre></li>
E                         
E                           <li onclick="toggle('pre4437527616', 'post4437527616')"><pre>            update_fields=update_fields,</pre></li>
E                         
E                           <li onclick="toggle('pre4437527616', 'post4437527616')"><pre>            unique_fields=unique_fields,</pre></li>
E                         
E                           <li onclick="toggle('pre4437527616', 'post4437527616')"><pre>        )</pre></li>
E                         
E                           <li onclick="toggle('pre4437527616', 'post4437527616')"><pre>        query.insert_values(fields, objs, raw=raw)</pre></li>
E                         
E                         </ol>
E                       
E                       <ol start="1868" class="context-line">
E                         <li onclick="toggle('pre4437527616', 'post4437527616')"><pre>        return query.get_compiler(using=using).execute_sql(returning_fields)
E                              ^^^^^^^^^^^^^^^^^^^^^^^^^^^^^^^^^^^^^^^^^^^^^^^^^^^^^^^^^^^^^</pre> <span>…</span></li>
E                       </ol>
E                       
E                         <ol start='1869' class="post-context" id="post4437527616">
E                           
E                           <li onclick="toggle('pre4437527616', 'post4437527616')"><pre></pre></li>
E                           
E                           <li onclick="toggle('pre4437527616', 'post4437527616')"><pre>    _insert.alters_data = True</pre></li>
E                           
E                           <li onclick="toggle('pre4437527616', 'post4437527616')"><pre>    _insert.queryset_only = False</pre></li>
E                           
E                           <li onclick="toggle('pre4437527616', 'post4437527616')"><pre></pre></li>
E                           
E                           <li onclick="toggle('pre4437527616', 'post4437527616')"><pre>    def _batched_insert(</pre></li>
E                           
E                           <li onclick="toggle('pre4437527616', 'post4437527616')"><pre>        self,</pre></li>
E                           
E                       </ol>
E                       
E                     </div>
E                   
E         
E                   
E                     
E                       <details>
E                         <summary class="commands">Local vars</summary>
E                     
E                     <table class="vars" id="v4437527616">
E                       <thead>
E                         <tr>
E                           <th scope="col">Variable</th>
E                           <th scope="col">Value</th>
E                         </tr>
E                       </thead>
E                       <tbody>
E                         
E                           <tr>
E                             <td>fields</td>
E                             <td class="code"><pre>[&lt;django.db.models.fields.related.ForeignKey: user&gt;,
E          &lt;django.db.models.fields.GenericIPAddressField: ip_address&gt;,
E          &lt;django.db.models.fields.TextField: user_agent&gt;,
E          &lt;django.db.models.fields.CharField: event_type&gt;,
E          &lt;django.db.models.fields.CharField: status&gt;,
E          &lt;django.db.models.fields.DateTimeField: timestamp&gt;,
E          &lt;django.db.models.fields.CharField: geo_country&gt;,
E          &lt;django.db.models.fields.CharField: geo_city&gt;,
E          &lt;django.db.models.fields.CharField: location&gt;,
E          &lt;django.db.models.fields.PositiveSmallIntegerField: risk_score&gt;,
E          &lt;django.db.models.fields.json.JSONField: metadata&gt;]</pre></td>
E                           </tr>
E                         
E                           <tr>
E                             <td>objs</td>
E                             <td class="code"><pre>[&lt;AuditLog: [2025-07-14 11:43:29.885451+00:00] testuser_9gdtzr (Client) - login (success)&gt;]</pre></td>
E                           </tr>
E                         
E                           <tr>
E                             <td>on_conflict</td>
E                             <td class="code"><pre>None</pre></td>
E                           </tr>
E                         
E                           <tr>
E                             <td>query</td>
E                             <td class="code"><pre>&lt;django.db.models.sql.subqueries.InsertQuery object at 0x108913930&gt;</pre></td>
E                           </tr>
E                         
E                           <tr>
E                             <td>raw</td>
E                             <td class="code"><pre>False</pre></td>
E                           </tr>
E                         
E                           <tr>
E                             <td>returning_fields</td>
E                             <td class="code"><pre>[&lt;django.db.models.fields.BigAutoField: id&gt;]</pre></td>
E                           </tr>
E                         
E                           <tr>
E                             <td>self</td>
E                             <td class="code"><pre>&lt;QuerySet [&lt;AuditLog: [2025-07-14 11:20:26.143987+00:00] None - login (failure)&gt;, &lt;AuditLog: [2025-07-14 11:20:26.172163+00:00] None - login (failure)&gt;, &lt;AuditLog: [2025-07-14 11:20:26.440678+00:00] None - login (failure)&gt;, &lt;AuditLog: [2025-07-14 11:20:26.472641+00:00] None - login (failure)&gt;, &lt;AuditLog: [2025-07-14 11:20:42.818165+00:00] None - login (failure)&gt;, &lt;AuditLog: [2025-07-14 11:20:42.834927+00:00] None - login (failure)&gt;, &lt;AuditLog: [2025-07-14 11:20:42.840926+00:00] None - login (failure)&gt;, &lt;AuditLog: [2025-07-14 11:20:42.849907+00:00] None - login (failure)&gt;, &lt;AuditLog: [2025-07-14 11:20:42.855760+00:00] None - login (failure)&gt;, &lt;AuditLog: [2025-07-14 11:20:42.866003+00:00] None - login (failure)&gt;, &lt;AuditLog: [2025-07-14 11:20:42.871786+00:00] None - login (failure)&gt;, &lt;AuditLog: [2025-07-14 11:20:42.878738+00:00] None - login (failure)&gt;, &lt;AuditLog: [2025-07-14 11:20:42.887097+00:00] None - login (failure)&gt;, &lt;AuditLog: [2025-07-14 11:20:42.933562+00:00] None - login (failure)&gt;, &lt;AuditLog: [2025-07-14 11:20:42.948908+00:00] None - login (failure)&gt;, &lt;AuditLog: [2025-07-14 11:20:42.955057+00:00] None - login (failure)&gt;, &lt;AuditLog: [2025-07-14 11:20:43.030569+00:00] None - login (failure)&gt;, &lt;AuditLog: [2025-07-14 11:20:43.035801+00:00] None - login (failure)&gt;, &lt;AuditLog: [2025-07-14 11:20:43.041067+00:00] None - login (failure)&gt;, &lt;AuditLog: [2025-07-14 11:20:43.057293+00:00] None - login (failure)&gt;, &#x27;...(remaining elements truncated)...&#x27;]&gt;</pre></td>
E                           </tr>
E                         
E                           <tr>
E                             <td>unique_fields</td>
E                             <td class="code"><pre>None</pre></td>
E                           </tr>
E                         
E                           <tr>
E                             <td>update_fields</td>
E                             <td class="code"><pre>None</pre></td>
E                           </tr>
E                         
E                           <tr>
E                             <td>using</td>
E                             <td class="code"><pre>&#x27;default&#x27;</pre></td>
E                           </tr>
E                         
E                       </tbody>
E                     </table>
E                     </details>
E                   
E                 </li>
E               
E                 
E                 <li class="frame django">
E                   
E                     <code class="fname">/Users/mohamedbechirdiarra/Downloads/prototypeGamma/Backend/venv/lib/python3.13/site-packages/django/db/models/sql/compiler.py</code>, line 1894, in execute_sql
E                   
E         
E                   
E                     <div class="context" id="c4437906624">
E                       
E                         <ol start="1887" class="pre-context" id="pre4437906624">
E                         
E                           <li onclick="toggle('pre4437906624', 'post4437906624')"><pre>                and len(self.query.objs) &gt; 1</pre></li>
E                         
E                           <li onclick="toggle('pre4437906624', 'post4437906624')"><pre>            ):</pre></li>
E                         
E                           <li onclick="toggle('pre4437906624', 'post4437906624')"><pre>                rows = self.connection.ops.fetch_returned_insert_rows(cursor)</pre></li>
E                         
E                           <li onclick="toggle('pre4437906624', 'post4437906624')"><pre>                cols = [field.get_col(opts.db_table) for field in self.returning_fields]</pre></li>
E                         
E                           <li onclick="toggle('pre4437906624', 'post4437906624')"><pre>            elif self.connection.features.can_return_columns_from_insert:</pre></li>
E                         
E                           <li onclick="toggle('pre4437906624', 'post4437906624')"><pre>                assert len(self.query.objs) == 1</pre></li>
E                         
E                           <li onclick="toggle('pre4437906624', 'post4437906624')"><pre>                rows = [</pre></li>
E                         
E                         </ol>
E                       
E                       <ol start="1894" class="context-line">
E                         <li onclick="toggle('pre4437906624', 'post4437906624')"><pre>                    self.connection.ops.fetch_returned_insert_columns(
E                                   ^</pre> <span>…</span></li>
E                       </ol>
E                       
E                         <ol start='1895' class="post-context" id="post4437906624">
E                           
E                           <li onclick="toggle('pre4437906624', 'post4437906624')"><pre>                        cursor,</pre></li>
E                           
E                           <li onclick="toggle('pre4437906624', 'post4437906624')"><pre>                        self.returning_params,</pre></li>
E                           
E                           <li onclick="toggle('pre4437906624', 'post4437906624')"><pre>                    )</pre></li>
E                           
E                           <li onclick="toggle('pre4437906624', 'post4437906624')"><pre>                ]</pre></li>
E                           
E                           <li onclick="toggle('pre4437906624', 'post4437906624')"><pre>                cols = [field.get_col(opts.db_table) for field in self.returning_fields]</pre></li>
E                           
E                           <li onclick="toggle('pre4437906624', 'post4437906624')"><pre>            elif returning_fields and isinstance(</pre></li>
E                           
E                       </ol>
E                       
E                     </div>
E                   
E         
E                   
E                     
E                       <details>
E                         <summary class="commands">Local vars</summary>
E                     
E                     <table class="vars" id="v4437906624">
E                       <thead>
E                         <tr>
E                           <th scope="col">Variable</th>
E                           <th scope="col">Value</th>
E                         </tr>
E                       </thead>
E                       <tbody>
E                         
E                           <tr>
E                             <td>cols</td>
E                             <td class="code"><pre>[]</pre></td>
E                           </tr>
E                         
E                           <tr>
E                             <td>cursor</td>
E                             <td class="code"><pre>&lt;django.db.backends.utils.CursorDebugWrapper object at 0x1088b4050&gt;</pre></td>
E                           </tr>
E                         
E                           <tr>
E                             <td>opts</td>
E                             <td class="code"><pre>&lt;Options for AuditLog&gt;</pre></td>
E                           </tr>
E                         
E                           <tr>
E                             <td>params</td>
E                             <td class="code"><pre>(69,
E          &#x27;127.0.0.1&#x27;,
E          &#x27;python-requests/2.32.4&#x27;,
E          &#x27;login&#x27;,
E          &#x27;success&#x27;,
E          &#x27;2025-07-14 11:43:29.885451&#x27;,
E          &#x27;&#x27;,
E          &#x27;&#x27;,
E          None,
E          0,
E          &#x27;{}&#x27;)</pre></td>
E                           </tr>
E                         
E                           <tr>
E                             <td>returning_fields</td>
E                             <td class="code"><pre>[&lt;django.db.models.fields.BigAutoField: id&gt;]</pre></td>
E                           </tr>
E                         
E                           <tr>
E                             <td>self</td>
E                             <td class="code"><pre>&lt;SQLInsertCompiler model=AuditLog connection=&lt;DatabaseWrapper vendor=&#x27;sqlite&#x27; alias=&#x27;default&#x27;&gt; using=&#x27;default&#x27;&gt;</pre></td>
E                           </tr>
E                         
E                           <tr>
E                             <td>sql</td>
E                             <td class="code"><pre>(&#x27;INSERT INTO &quot;users_auditlog&quot; (&quot;user_id&quot;, &quot;ip_address&quot;, &quot;user_agent&quot;, &#x27;
E          &#x27;&quot;event_type&quot;, &quot;status&quot;, &quot;timestamp&quot;, &quot;geo_country&quot;, &quot;geo_city&quot;, &quot;location&quot;, &#x27;
E          &#x27;&quot;risk_score&quot;, &quot;metadata&quot;) VALUES (%s, %s, %s, %s, %s, %s, %s, %s, %s, %s, &#x27;
E          &#x27;%s) RETURNING &quot;users_auditlog&quot;.&quot;id&quot;&#x27;)</pre></td>
E                           </tr>
E                         
E                       </tbody>
E                     </table>
E                     </details>
E                   
E                 </li>
E               
E                 
E                 <li class="frame django">
E                   
E                     <code class="fname">/Users/mohamedbechirdiarra/Downloads/prototypeGamma/Backend/venv/lib/python3.13/site-packages/django/db/backends/base/operations.py</code>, line 215, in fetch_returned_insert_columns
E                   
E         
E                   
E                     <div class="context" id="c4437904960">
E                       
E                         <ol start="208" class="pre-context" id="pre4437904960">
E                         
E                           <li onclick="toggle('pre4437904960', 'post4437904960')"><pre>            return [&quot;DISTINCT&quot;], []</pre></li>
E                         
E                           <li onclick="toggle('pre4437904960', 'post4437904960')"><pre></pre></li>
E                         
E                           <li onclick="toggle('pre4437904960', 'post4437904960')"><pre>    def fetch_returned_insert_columns(self, cursor, returning_params):</pre></li>
E                         
E                           <li onclick="toggle('pre4437904960', 'post4437904960')"><pre>        &quot;&quot;&quot;</pre></li>
E                         
E                           <li onclick="toggle('pre4437904960', 'post4437904960')"><pre>        Given a cursor object that has just performed an INSERT...RETURNING</pre></li>
E                         
E                           <li onclick="toggle('pre4437904960', 'post4437904960')"><pre>        statement into a table, return the newly created data.</pre></li>
E                         
E                           <li onclick="toggle('pre4437904960', 'post4437904960')"><pre>        &quot;&quot;&quot;</pre></li>
E                         
E                         </ol>
E                       
E                       <ol start="215" class="context-line">
E                         <li onclick="toggle('pre4437904960', 'post4437904960')"><pre>        return cursor.fetchone()
E                             ^^^^^^^^^^^^^^^^^</pre> <span>…</span></li>
E                       </ol>
E                       
E                         <ol start='216' class="post-context" id="post4437904960">
E                           
E                           <li onclick="toggle('pre4437904960', 'post4437904960')"><pre></pre></li>
E                           
E                           <li onclick="toggle('pre4437904960', 'post4437904960')"><pre>    def field_cast_sql(self, db_type, internal_type):</pre></li>
E                           
E                           <li onclick="toggle('pre4437904960', 'post4437904960')"><pre>        &quot;&quot;&quot;</pre></li>
E                           
E                           <li onclick="toggle('pre4437904960', 'post4437904960')"><pre>        Given a column type (e.g. &#x27;BLOB&#x27;, &#x27;VARCHAR&#x27;) and an internal type</pre></li>
E                           
E                           <li onclick="toggle('pre4437904960', 'post4437904960')"><pre>        (e.g. &#x27;GenericIPAddressField&#x27;), return the SQL to cast it before using</pre></li>
E                           
E                           <li onclick="toggle('pre4437904960', 'post4437904960')"><pre>        it in a WHERE statement. The resulting string should contain a &#x27;%s&#x27;</pre></li>
E                           
E                       </ol>
E                       
E                     </div>
E                   
E         
E                   
E                     
E                       <details>
E                         <summary class="commands">Local vars</summary>
E                     
E                     <table class="vars" id="v4437904960">
E                       <thead>
E                         <tr>
E                           <th scope="col">Variable</th>
E                           <th scope="col">Value</th>
E                         </tr>
E                       </thead>
E                       <tbody>
E                         
E                           <tr>
E                             <td>cursor</td>
E                             <td class="code"><pre>&lt;django.db.backends.utils.CursorDebugWrapper object at 0x1088b4050&gt;</pre></td>
E                           </tr>
E                         
E                           <tr>
E                             <td>returning_params</td>
E                             <td class="code"><pre>()</pre></td>
E                           </tr>
E                         
E                           <tr>
E                             <td>self</td>
E                             <td class="code"><pre>&lt;django.db.backends.sqlite3.operations.DatabaseOperations object at 0x1088b6ab0&gt;</pre></td>
E                           </tr>
E                         
E                       </tbody>
E                     </table>
E                     </details>
E                   
E                 </li>
E               
E                 
E                 <li class="frame django">
E                   
E                     <code class="fname">/Users/mohamedbechirdiarra/Downloads/prototypeGamma/Backend/venv/lib/python3.13/site-packages/django/db/utils.py</code>, line 97, in inner
E                   
E         
E                   
E                     <div class="context" id="c4437913536">
E                       
E                         <ol start="90" class="pre-context" id="pre4437913536">
E                         
E                           <li onclick="toggle('pre4437913536', 'post4437913536')"><pre>                    self.wrapper.errors_occurred = True</pre></li>
E                         
E                           <li onclick="toggle('pre4437913536', 'post4437913536')"><pre>                raise dj_exc_value.with_traceback(traceback) from exc_value</pre></li>
E                         
E                           <li onclick="toggle('pre4437913536', 'post4437913536')"><pre></pre></li>
E                         
E                           <li onclick="toggle('pre4437913536', 'post4437913536')"><pre>    def __call__(self, func):</pre></li>
E                         
E                           <li onclick="toggle('pre4437913536', 'post4437913536')"><pre>        # Note that we are intentionally not using @wraps here for performance</pre></li>
E                         
E                           <li onclick="toggle('pre4437913536', 'post4437913536')"><pre>        # reasons. Refs #21109.</pre></li>
E                         
E                           <li onclick="toggle('pre4437913536', 'post4437913536')"><pre>        def inner(*args, **kwargs):</pre></li>
E                         
E                         </ol>
E                       
E                       <ol start="97" class="context-line">
E                         <li onclick="toggle('pre4437913536', 'post4437913536')"><pre>            with self:
E                              ^^^^</pre> <span>…</span></li>
E                       </ol>
E                       
E                         <ol start='98' class="post-context" id="post4437913536">
E                           
E                           <li onclick="toggle('pre4437913536', 'post4437913536')"><pre>                return func(*args, **kwargs)</pre></li>
E                           
E                           <li onclick="toggle('pre4437913536', 'post4437913536')"><pre></pre></li>
E                           
E                           <li onclick="toggle('pre4437913536', 'post4437913536')"><pre>        return inner</pre></li>
E                           
E                           <li onclick="toggle('pre4437913536', 'post4437913536')"><pre></pre></li>
E                           
E                           <li onclick="toggle('pre4437913536', 'post4437913536')"><pre></pre></li>
E                           
E                           <li onclick="toggle('pre4437913536', 'post4437913536')"><pre>def load_backend(backend_name):</pre></li>
E                           
E                       </ol>
E                       
E                     </div>
E                   
E         
E                   
E                     
E                       <details>
E                         <summary class="commands">Local vars</summary>
E                     
E                     <table class="vars" id="v4437913536">
E                       <thead>
E                         <tr>
E                           <th scope="col">Variable</th>
E                           <th scope="col">Value</th>
E                         </tr>
E                       </thead>
E                       <tbody>
E                         
E                           <tr>
E                             <td>args</td>
E                             <td class="code"><pre>()</pre></td>
E                           </tr>
E                         
E                           <tr>
E                             <td>func</td>
E                             <td class="code"><pre>&lt;built-in method fetchone of SQLiteCursorWrapper object at 0x1087b7f50&gt;</pre></td>
E                           </tr>
E                         
E                           <tr>
E                             <td>kwargs</td>
E                             <td class="code"><pre>{}</pre></td>
E                           </tr>
E                         
E                           <tr>
E                             <td>self</td>
E                             <td class="code"><pre>&lt;django.db.utils.DatabaseErrorWrapper object at 0x10872bac0&gt;</pre></td>
E                           </tr>
E                         
E                       </tbody>
E                     </table>
E                     </details>
E                   
E                 </li>
E               
E                 
E                 <li class="frame django">
E                   
E                     <code class="fname">/Users/mohamedbechirdiarra/Downloads/prototypeGamma/Backend/venv/lib/python3.13/site-packages/django/db/utils.py</code>, line 91, in __exit__
E                   
E         
E                   
E                     <div class="context" id="c4437907584">
E                       
E                         <ol start="84" class="pre-context" id="pre4437907584">
E                         
E                           <li onclick="toggle('pre4437907584', 'post4437907584')"><pre>            db_exc_type = getattr(self.wrapper.Database, dj_exc_type.__name__)</pre></li>
E                         
E                           <li onclick="toggle('pre4437907584', 'post4437907584')"><pre>            if issubclass(exc_type, db_exc_type):</pre></li>
E                         
E                           <li onclick="toggle('pre4437907584', 'post4437907584')"><pre>                dj_exc_value = dj_exc_type(*exc_value.args)</pre></li>
E                         
E                           <li onclick="toggle('pre4437907584', 'post4437907584')"><pre>                # Only set the &#x27;errors_occurred&#x27; flag for errors that may make</pre></li>
E                         
E                           <li onclick="toggle('pre4437907584', 'post4437907584')"><pre>                # the connection unusable.</pre></li>
E                         
E                           <li onclick="toggle('pre4437907584', 'post4437907584')"><pre>                if dj_exc_type not in (DataError, IntegrityError):</pre></li>
E                         
E                           <li onclick="toggle('pre4437907584', 'post4437907584')"><pre>                    self.wrapper.errors_occurred = True</pre></li>
E                         
E                         </ol>
E                       
E                       <ol start="91" class="context-line">
E                         <li onclick="toggle('pre4437907584', 'post4437907584')"><pre>                raise dj_exc_value.with_traceback(traceback) from exc_value
E                             ^^^^^^^^^^^^^^^^^^^^^^^^^^^^^^^^^^^^^^^^^^^^^^^^^^^^^^^^^^^</pre> <span>…</span></li>
E                       </ol>
E                       
E                         <ol start='92' class="post-context" id="post4437907584">
E                           
E                           <li onclick="toggle('pre4437907584', 'post4437907584')"><pre></pre></li>
E                           
E                           <li onclick="toggle('pre4437907584', 'post4437907584')"><pre>    def __call__(self, func):</pre></li>
E                           
E                           <li onclick="toggle('pre4437907584', 'post4437907584')"><pre>        # Note that we are intentionally not using @wraps here for performance</pre></li>
E                           
E                           <li onclick="toggle('pre4437907584', 'post4437907584')"><pre>        # reasons. Refs #21109.</pre></li>
E                           
E                           <li onclick="toggle('pre4437907584', 'post4437907584')"><pre>        def inner(*args, **kwargs):</pre></li>
E                           
E                           <li onclick="toggle('pre4437907584', 'post4437907584')"><pre>            with self:</pre></li>
E                           
E                       </ol>
E                       
E                     </div>
E                   
E         
E                   
E                     
E                       <details>
E                         <summary class="commands">Local vars</summary>
E                     
E                     <table class="vars" id="v4437907584">
E                       <thead>
E                         <tr>
E                           <th scope="col">Variable</th>
E                           <th scope="col">Value</th>
E                         </tr>
E                       </thead>
E                       <tbody>
E                         
E                           <tr>
E                             <td>db_exc_type</td>
E                             <td class="code"><pre>&lt;class &#x27;sqlite3.IntegrityError&#x27;&gt;</pre></td>
E                           </tr>
E                         
E                           <tr>
E                             <td>dj_exc_type</td>
E                             <td class="code"><pre>&lt;class &#x27;django.db.utils.IntegrityError&#x27;&gt;</pre></td>
E                           </tr>
E                         
E                           <tr>
E                             <td>dj_exc_value</td>
E                             <td class="code"><pre>IntegrityError(&#x27;FOREIGN KEY constraint failed&#x27;)</pre></td>
E                           </tr>
E                         
E                           <tr>
E                             <td>exc_type</td>
E                             <td class="code"><pre>&lt;class &#x27;sqlite3.IntegrityError&#x27;&gt;</pre></td>
E                           </tr>
E                         
E                           <tr>
E                             <td>exc_value</td>
E                             <td class="code"><pre>IntegrityError(&#x27;FOREIGN KEY constraint failed&#x27;)</pre></td>
E                           </tr>
E                         
E                           <tr>
E                             <td>self</td>
E                             <td class="code"><pre>&lt;django.db.utils.DatabaseErrorWrapper object at 0x10872bac0&gt;</pre></td>
E                           </tr>
E                         
E                           <tr>
E                             <td>traceback</td>
E                             <td class="code"><pre>&lt;traceback object at 0x108851580&gt;</pre></td>
E                           </tr>
E                         
E                       </tbody>
E                     </table>
E                     </details>
E                   
E                 </li>
E               
E                 
E                 <li class="frame django">
E                   
E                     <code class="fname">/Users/mohamedbechirdiarra/Downloads/prototypeGamma/Backend/venv/lib/python3.13/site-packages/django/db/utils.py</code>, line 98, in inner
E                   
E         
E                   
E                     <div class="context" id="c4437906816">
E                       
E                         <ol start="91" class="pre-context" id="pre4437906816">
E                         
E                           <li onclick="toggle('pre4437906816', 'post4437906816')"><pre>                raise dj_exc_value.with_traceback(traceback) from exc_value</pre></li>
E                         
E                           <li onclick="toggle('pre4437906816', 'post4437906816')"><pre></pre></li>
E                         
E                           <li onclick="toggle('pre4437906816', 'post4437906816')"><pre>    def __call__(self, func):</pre></li>
E                         
E                           <li onclick="toggle('pre4437906816', 'post4437906816')"><pre>        # Note that we are intentionally not using @wraps here for performance</pre></li>
E                         
E                           <li onclick="toggle('pre4437906816', 'post4437906816')"><pre>        # reasons. Refs #21109.</pre></li>
E                         
E                           <li onclick="toggle('pre4437906816', 'post4437906816')"><pre>        def inner(*args, **kwargs):</pre></li>
E                         
E                           <li onclick="toggle('pre4437906816', 'post4437906816')"><pre>            with self:</pre></li>
E                         
E                         </ol>
E                       
E                       <ol start="98" class="context-line">
E                         <li onclick="toggle('pre4437906816', 'post4437906816')"><pre>                return func(*args, **kwargs)
E                                    ^^^^^^^^^^^^^^^^^^^^^</pre> <span>…</span></li>
E                       </ol>
E                       
E                         <ol start='99' class="post-context" id="post4437906816">
E                           
E                           <li onclick="toggle('pre4437906816', 'post4437906816')"><pre></pre></li>
E                           
E                           <li onclick="toggle('pre4437906816', 'post4437906816')"><pre>        return inner</pre></li>
E                           
E                           <li onclick="toggle('pre4437906816', 'post4437906816')"><pre></pre></li>
E                           
E                           <li onclick="toggle('pre4437906816', 'post4437906816')"><pre></pre></li>
E                           
E                           <li onclick="toggle('pre4437906816', 'post4437906816')"><pre>def load_backend(backend_name):</pre></li>
E                           
E                           <li onclick="toggle('pre4437906816', 'post4437906816')"><pre>    &quot;&quot;&quot;</pre></li>
E                           
E                       </ol>
E                       
E                     </div>
E                   
E         
E                   
E                     
E                       <details>
E                         <summary class="commands">Local vars</summary>
E                     
E                     <table class="vars" id="v4437906816">
E                       <thead>
E                         <tr>
E                           <th scope="col">Variable</th>
E                           <th scope="col">Value</th>
E                         </tr>
E                       </thead>
E                       <tbody>
E                         
E                           <tr>
E                             <td>args</td>
E                             <td class="code"><pre>()</pre></td>
E                           </tr>
E                         
E                           <tr>
E                             <td>func</td>
E                             <td class="code"><pre>&lt;built-in method fetchone of SQLiteCursorWrapper object at 0x1087b7f50&gt;</pre></td>
E                           </tr>
E                         
E                           <tr>
E                             <td>kwargs</td>
E                             <td class="code"><pre>{}</pre></td>
E                           </tr>
E                         
E                           <tr>
E                             <td>self</td>
E                             <td class="code"><pre>&lt;django.db.utils.DatabaseErrorWrapper object at 0x10872bac0&gt;</pre></td>
E                           </tr>
E                         
E                       </tbody>
E                     </table>
E                     </details>
E                   
E                 </li>
E               
E             </ul>
E           </div>
E         
E           <form action="https://dpaste.com/" name="pasteform" id="pasteform" method="post">
E           <div id="pastebinTraceback" class="pastebin">
E             <input type="hidden" name="language" value="PythonConsole">
E             <input type="hidden" name="title"
E               value="IntegrityError at /users/login/">
E             <input type="hidden" name="source" value="Django Dpaste Agent">
E             <input type="hidden" name="poster" value="Django">
E             <textarea name="content" id="traceback_area" cols="140" rows="25">
E         Environment:
E         
E         
E         Request Method: POST
E         Request URL: http://127.0.0.1:8000/users/login/
E         
E         Django Version: 5.2.4
E         Python Version: 3.13.5
E         Installed Applications:
E         [&#x27;django.contrib.admin&#x27;,
E          &#x27;django.contrib.auth&#x27;,
E          &#x27;django.contrib.contenttypes&#x27;,
E          &#x27;django.contrib.sessions&#x27;,
E          &#x27;django.contrib.messages&#x27;,
E          &#x27;django.contrib.staticfiles&#x27;,
E          &#x27;rest_framework&#x27;,
E          &#x27;corsheaders&#x27;,
E          &#x27;users&#x27;,
E          &#x27;depannage&#x27;,
E          &#x27;rest_framework_simplejwt&#x27;,
E          &#x27;rest_framework_simplejwt.token_blacklist&#x27;,
E          &#x27;channels&#x27;]
E         Installed Middleware:
E         [&#x27;corsheaders.middleware.CorsMiddleware&#x27;,
E          &#x27;django.middleware.security.SecurityMiddleware&#x27;,
E          &#x27;django.contrib.sessions.middleware.SessionMiddleware&#x27;,
E          &#x27;django.middleware.common.CommonMiddleware&#x27;,
E          &#x27;django.middleware.csrf.CsrfViewMiddleware&#x27;,
E          &#x27;django.contrib.auth.middleware.AuthenticationMiddleware&#x27;,
E          &#x27;django.contrib.messages.middleware.MessageMiddleware&#x27;,
E          &#x27;django.middleware.clickjacking.XFrameOptionsMiddleware&#x27;,
E          &#x27;auth.middleware.JWTSecurityMiddleware&#x27;,
E          &#x27;auth.middleware.TokenValidationMiddleware&#x27;]
E         
E         
E         
E         Traceback (most recent call last):
E           File "/Users/mohamedbechirdiarra/Downloads/prototypeGamma/Backend/venv/lib/python3.13/site-packages/django/db/utils.py", line 98, in inner
E             return func(*args, **kwargs)
E                    ^^^^^^^^^^^^^^^^^^^^^
E         
E         The above exception (FOREIGN KEY constraint failed) was the direct cause of the following exception:
E           File "/Users/mohamedbechirdiarra/Downloads/prototypeGamma/Backend/venv/lib/python3.13/site-packages/django/core/handlers/exception.py", line 42, in inner
E             response = await get_response(request)
E                        ^^^^^^^^^^^^^^^^^^^^^^^^^^^
E           File "/Users/mohamedbechirdiarra/Downloads/prototypeGamma/Backend/venv/lib/python3.13/site-packages/django/core/handlers/base.py", line 253, in _get_response_async
E             response = await wrapped_callback(
E                        
E           File "/Users/mohamedbechirdiarra/Downloads/prototypeGamma/Backend/venv/lib/python3.13/site-packages/django/views/decorators/csrf.py", line 65, in _view_wrapper
E             return view_func(request, *args, **kwargs)
E                    ^^^^^^^^^^^^^^^^^^^^^^^^^^^^^^^^^^^
E           File "/Users/mohamedbechirdiarra/Downloads/prototypeGamma/Backend/venv/lib/python3.13/site-packages/rest_framework/viewsets.py", line 125, in view
E             return self.dispatch(request, *args, **kwargs)
E                    ^^^^^^^^^^^^^^^^^^^^^^^^^^^^^^^^^^^^^^^
E           File "/Users/mohamedbechirdiarra/Downloads/prototypeGamma/Backend/users/views.py", line 641, in dispatch
E             return super().dispatch(request, *args, **kwargs)
E                    ^^^^^^^^^^^^^^^^^^^^^^^^^^^^^^^^^^^^^^^^^^
E           File "/Users/mohamedbechirdiarra/Downloads/prototypeGamma/Backend/venv/lib/python3.13/site-packages/rest_framework/views.py", line 515, in dispatch
E             response = self.handle_exception(exc)
E                        ^^^^^^^^^^^^^^^^^^^^^^^^^^
E           File "/Users/mohamedbechirdiarra/Downloads/prototypeGamma/Backend/venv/lib/python3.13/site-packages/rest_framework/views.py", line 475, in handle_exception
E             self.raise_uncaught_exception(exc)
E             ^^^^^^^^^^^^^^^^^^^^^^^^^^^^^^^^^^
E           File "/Users/mohamedbechirdiarra/Downloads/prototypeGamma/Backend/venv/lib/python3.13/site-packages/rest_framework/views.py", line 486, in raise_uncaught_exception
E             raise exc
E             ^^^^^^^^^
E           File "/Users/mohamedbechirdiarra/Downloads/prototypeGamma/Backend/venv/lib/python3.13/site-packages/rest_framework/views.py", line 512, in dispatch
E             response = handler(request, *args, **kwargs)
E                        ^^^^^^^^^^^^^^^^^^^^^^^^^^^^^^^^^
E           File "/Users/mohamedbechirdiarra/Downloads/prototypeGamma/Backend/users/views.py", line 382, in login
E             log_event(request, &#x27;login&#x27;, &#x27;success&#x27;, risk_score=risk_score, metadata={}, user=user)
E             ^^^^^^^^^^^^^^^^^^^^^^^^^^^^^^^^^^^^^^^^^^^^^^^^^^^^^^^^^^^^^^^^^^^^^^^^^^^^^^^^^^^^^
E           File "/Users/mohamedbechirdiarra/Downloads/prototypeGamma/Backend/users/utils.py", line 14, in log_event
E             AuditLog.objects.create(
E             ^
E           File "/Users/mohamedbechirdiarra/Downloads/prototypeGamma/Backend/venv/lib/python3.13/site-packages/django/db/models/manager.py", line 87, in manager_method
E             return getattr(self.get_queryset(), name)(*args, **kwargs)
E                    ^^^^^^^^^^^^^^^^^^^^^^^^^^^^^^^^^^^^^^^^^^^^^^^^^^^
E           File "/Users/mohamedbechirdiarra/Downloads/prototypeGamma/Backend/venv/lib/python3.13/site-packages/django/db/models/query.py", line 663, in create
E             obj.save(force_insert=True, using=self.db)
E             ^^^^^^^^^^^^^^^^^^^^^^^^^^^^^^^^^^^^^^^^^^
E           File "/Users/mohamedbechirdiarra/Downloads/prototypeGamma/Backend/venv/lib/python3.13/site-packages/django/db/models/base.py", line 902, in save
E             self.save_base(
E             ^
E           File "/Users/mohamedbechirdiarra/Downloads/prototypeGamma/Backend/venv/lib/python3.13/site-packages/django/db/models/base.py", line 1008, in save_base
E             updated = self._save_table(
E                       
E           File "/Users/mohamedbechirdiarra/Downloads/prototypeGamma/Backend/venv/lib/python3.13/site-packages/django/db/models/base.py", line 1169, in _save_table
E             results = self._do_insert(
E                       
E           File "/Users/mohamedbechirdiarra/Downloads/prototypeGamma/Backend/venv/lib/python3.13/site-packages/django/db/models/base.py", line 1210, in _do_insert
E             return manager._insert(
E                    
E           File "/Users/mohamedbechirdiarra/Downloads/prototypeGamma/Backend/venv/lib/python3.13/site-packages/django/db/models/manager.py", line 87, in manager_method
E             return getattr(self.get_queryset(), name)(*args, **kwargs)
E                    ^^^^^^^^^^^^^^^^^^^^^^^^^^^^^^^^^^^^^^^^^^^^^^^^^^^
E           File "/Users/mohamedbechirdiarra/Downloads/prototypeGamma/Backend/venv/lib/python3.13/site-packages/django/db/models/query.py", line 1868, in _insert
E             return query.get_compiler(using=using).execute_sql(returning_fields)
E                    ^^^^^^^^^^^^^^^^^^^^^^^^^^^^^^^^^^^^^^^^^^^^^^^^^^^^^^^^^^^^^
E           File "/Users/mohamedbechirdiarra/Downloads/prototypeGamma/Backend/venv/lib/python3.13/site-packages/django/db/models/sql/compiler.py", line 1894, in execute_sql
E             self.connection.ops.fetch_returned_insert_columns(
E             ^
E           File "/Users/mohamedbechirdiarra/Downloads/prototypeGamma/Backend/venv/lib/python3.13/site-packages/django/db/backends/base/operations.py", line 215, in fetch_returned_insert_columns
E             return cursor.fetchone()
E                    ^^^^^^^^^^^^^^^^^
E           File "/Users/mohamedbechirdiarra/Downloads/prototypeGamma/Backend/venv/lib/python3.13/site-packages/django/db/utils.py", line 97, in inner
E             with self:
E                  ^^^^
E           File "/Users/mohamedbechirdiarra/Downloads/prototypeGamma/Backend/venv/lib/python3.13/site-packages/django/db/utils.py", line 91, in __exit__
E             raise dj_exc_value.with_traceback(traceback) from exc_value
E             ^^^^^^^^^^^^^^^^^^^^^^^^^^^^^^^^^^^^^^^^^^^^^^^^^^^^^^^^^^^
E           File "/Users/mohamedbechirdiarra/Downloads/prototypeGamma/Backend/venv/lib/python3.13/site-packages/django/db/utils.py", line 98, in inner
E             return func(*args, **kwargs)
E                    ^^^^^^^^^^^^^^^^^^^^^
E         
E         Exception Type: IntegrityError at /users/login/
E         Exception Value: FOREIGN KEY constraint failed
E         </textarea>
E           <br><br>
E           <input type="submit" value="Share this traceback on a public website">
E           </div>
E         </form>
E         
E         </div>
E         
E         
E         <div id="requestinfo">
E           <h2>Request information</h2>
E         
E         
E           
E             <h3 id="user-info">USER</h3>
E             <p>AnonymousUser</p>
E           
E         
E           <h3 id="get-info">GET</h3>
E           
E             <p>No GET data</p>
E           
E         
E           <h3 id="post-info">POST</h3>
E           
E             <p>No POST data</p>
E           
E         
E           <h3 id="files-info">FILES</h3>
E           
E             <p>No FILES data</p>
E           
E         
E           <h3 id="cookie-info">COOKIES</h3>
E           
E             <p>No cookie data</p>
E           
E         
E           <h3 id="meta-info">META</h3>
E           <table class="req">
E             <thead>
E               <tr>
E                 <th scope="col">Variable</th>
E                 <th scope="col">Value</th>
E               </tr>
E             </thead>
E             <tbody>
E               
E                 <tr>
E                   <td>CONTENT_LENGTH</td>
E                   <td class="code"><pre>&#x27;69&#x27;</pre></td>
E                 </tr>
E               
E                 <tr>
E                   <td>CONTENT_TYPE</td>
E                   <td class="code"><pre>&#x27;application/json&#x27;</pre></td>
E                 </tr>
E               
E                 <tr>
E                   <td>HTTP_ACCEPT</td>
E                   <td class="code"><pre>&#x27;*/*&#x27;</pre></td>
E                 </tr>
E               
E                 <tr>
E                   <td>HTTP_ACCEPT_ENCODING</td>
E                   <td class="code"><pre>&#x27;gzip, deflate&#x27;</pre></td>
E                 </tr>
E               
E                 <tr>
E                   <td>HTTP_CONNECTION</td>
E                   <td class="code"><pre>&#x27;keep-alive&#x27;</pre></td>
E                 </tr>
E               
E                 <tr>
E                   <td>HTTP_HOST</td>
E                   <td class="code"><pre>&#x27;127.0.0.1:8000&#x27;</pre></td>
E                 </tr>
E               
E                 <tr>
E                   <td>HTTP_USER_AGENT</td>
E                   <td class="code"><pre>&#x27;python-requests/2.32.4&#x27;</pre></td>
E                 </tr>
E               
E                 <tr>
E                   <td>PATH_INFO</td>
E                   <td class="code"><pre>&#x27;/users/login/&#x27;</pre></td>
E                 </tr>
E               
E                 <tr>
E                   <td>QUERY_STRING</td>
E                   <td class="code"><pre>&#x27;&#x27;</pre></td>
E                 </tr>
E               
E                 <tr>
E                   <td>REMOTE_ADDR</td>
E                   <td class="code"><pre>&#x27;127.0.0.1&#x27;</pre></td>
E                 </tr>
E               
E                 <tr>
E                   <td>REMOTE_HOST</td>
E                   <td class="code"><pre>&#x27;127.0.0.1&#x27;</pre></td>
E                 </tr>
E               
E                 <tr>
E                   <td>REMOTE_PORT</td>
E                   <td class="code"><pre>53754</pre></td>
E                 </tr>
E               
E                 <tr>
E                   <td>REQUEST_METHOD</td>
E                   <td class="code"><pre>&#x27;POST&#x27;</pre></td>
E                 </tr>
E               
E                 <tr>
E                   <td>SCRIPT_NAME</td>
E                   <td class="code"><pre>&#x27;&#x27;</pre></td>
E                 </tr>
E               
E                 <tr>
E                   <td>SERVER_NAME</td>
E                   <td class="code"><pre>&#x27;127.0.0.1&#x27;</pre></td>
E                 </tr>
E               
E                 <tr>
E                   <td>SERVER_PORT</td>
E                   <td class="code"><pre>&#x27;8000&#x27;</pre></td>
E                 </tr>
E               
E                 <tr>
E                   <td>wsgi.multiprocess</td>
E                   <td class="code"><pre>True</pre></td>
E                 </tr>
E               
E                 <tr>
E                   <td>wsgi.multithread</td>
E                   <td class="code"><pre>True</pre></td>
E                 </tr>
E               
E             </tbody>
E           </table>
E         
E         
E           <h3 id="settings-info">Settings</h3>
E           <h4>Using settings module <code>Backend.auth.settings</code></h4>
E           <table class="req">
E             <thead>
E               <tr>
E                 <th scope="col">Setting</th>
E                 <th scope="col">Value</th>
E               </tr>
E             </thead>
E             <tbody>
E               
E                 <tr>
E                   <td>ABSOLUTE_URL_OVERRIDES</td>
E                   <td class="code"><pre>{}</pre></td>
E                 </tr>
E               
E                 <tr>
E                   <td>ADMINS</td>
E                   <td class="code"><pre>[]</pre></td>
E                 </tr>
E               
E                 <tr>
E                   <td>ALLOWED_HOSTS</td>
E                   <td class="code"><pre>[&#x27;127.0.0.1&#x27;, &#x27;localhost&#x27;, &#x27;testserver&#x27;]</pre></td>
E                 </tr>
E               
E                 <tr>
E                   <td>APPEND_SLASH</td>
E                   <td class="code"><pre>True</pre></td>
E                 </tr>
E               
E                 <tr>
E                   <td>ASGI_APPLICATION</td>
E                   <td class="code"><pre>&#x27;auth.asgi.application&#x27;</pre></td>
E                 </tr>
E               
E                 <tr>
E                   <td>AUTHENTICATION_BACKENDS</td>
E                   <td class="code"><pre>&#x27;********************&#x27;</pre></td>
E                 </tr>
E               
E                 <tr>
E                   <td>AUTH_PASSWORD_VALIDATORS</td>
E                   <td class="code"><pre>&#x27;********************&#x27;</pre></td>
E                 </tr>
E               
E                 <tr>
E                   <td>AUTH_USER_MODEL</td>
E                   <td class="code"><pre>&#x27;********************&#x27;</pre></td>
E                 </tr>
E               
E                 <tr>
E                   <td>BASE_DIR</td>
E                   <td class="code"><pre>PosixPath(&#x27;/Users/mohamedbechirdiarra/Downloads/prototypeGamma/Backend&#x27;)</pre></td>
E                 </tr>
E               
E                 <tr>
E                   <td>BASE_URL</td>
E                   <td class="code"><pre>&#x27;http://127.0.0.1:8000&#x27;</pre></td>
E                 </tr>
E               
E                 <tr>
E                   <td>CACHES</td>
E                   <td class="code"><pre>{&#x27;default&#x27;: {&#x27;BACKEND&#x27;: &#x27;django.core.cache.backends.locmem.LocMemCache&#x27;,
E                      &#x27;LOCATION&#x27;: &#x27;unique-snowflake&#x27;,
E                      &#x27;OPTIONS&#x27;: {&#x27;MAX_ENTRIES&#x27;: 1000},
E                      &#x27;TIMEOUT&#x27;: 300}}</pre></td>
E                 </tr>
E               
E                 <tr>
E                   <td>CACHE_MIDDLEWARE_ALIAS</td>
E                   <td class="code"><pre>&#x27;default&#x27;</pre></td>
E                 </tr>
E               
E                 <tr>
E                   <td>CACHE_MIDDLEWARE_KEY_PREFIX</td>
E                   <td class="code"><pre>&#x27;********************&#x27;</pre></td>
E                 </tr>
E               
E                 <tr>
E                   <td>CACHE_MIDDLEWARE_SECONDS</td>
E                   <td class="code"><pre>600</pre></td>
E                 </tr>
E               
E                 <tr>
E                   <td>CHANNEL_LAYERS</td>
E                   <td class="code"><pre>{&#x27;default&#x27;: {&#x27;BACKEND&#x27;: &#x27;channels.layers.InMemoryChannelLayer&#x27;}}</pre></td>
E                 </tr>
E               
E                 <tr>
E                   <td>CINETPAY_API_KEY</td>
E                   <td class="code"><pre>&#x27;********************&#x27;</pre></td>
E                 </tr>
E               
E                 <tr>
E                   <td>CINETPAY_CONFIG</td>
E                   <td class="code"><pre>{&#x27;API_KEY&#x27;: &#x27;********************&#x27;,
E          &#x27;API_URL&#x27;: &#x27;********************&#x27;,
E          &#x27;CURRENCY&#x27;: &#x27;XOF&#x27;,
E          &#x27;ENVIRONMENT&#x27;: &#x27;Production&#x27;,
E          &#x27;LANG&#x27;: &#x27;fr&#x27;,
E          &#x27;MODE&#x27;: &#x27;PRODUCTION&#x27;,
E          &#x27;SECRET_KEY&#x27;: &#x27;********************&#x27;,
E          &#x27;SITE_ID&#x27;: &#x27;105899471&#x27;,
E          &#x27;USE_SIMULATOR&#x27;: False}</pre></td>
E                 </tr>
E               
E                 <tr>
E                   <td>CINETPAY_ENVIRONMENT</td>
E                   <td class="code"><pre>&#x27;Production&#x27;</pre></td>
E                 </tr>
E               
E                 <tr>
E                   <td>CINETPAY_SECRET_KEY</td>
E                   <td class="code"><pre>&#x27;********************&#x27;</pre></td>
E                 </tr>
E               
E                 <tr>
E                   <td>CINETPAY_SITE_ID</td>
E                   <td class="code"><pre>&#x27;105899471&#x27;</pre></td>
E                 </tr>
E               
E                 <tr>
E                   <td>CINETPAY_USE_SIMULATOR</td>
E                   <td class="code"><pre>False</pre></td>
E                 </tr>
E               
E                 <tr>
E                   <td>CORS_ALLOWED_HEADERS</td>
E                   <td class="code"><pre>[&#x27;Content-Type&#x27;, &#x27;Authorization&#x27;, &#x27;X-Requested-With&#x27;]</pre></td>
E                 </tr>
E               
E                 <tr>
E                   <td>CORS_ALLOWED_METHODS</td>
E                   <td class="code"><pre>[&#x27;GET&#x27;, &#x27;POST&#x27;, &#x27;PUT&#x27;, &#x27;DELETE&#x27;, &#x27;OPTIONS&#x27;]</pre></td>
E                 </tr>
E               
E                 <tr>
E                   <td>CORS_ALLOWED_ORIGINS</td>
E                   <td class="code"><pre>[&#x27;http://localhost:5173&#x27;,
E          &#x27;http://127.0.0.1:5173&#x27;,
E          &#x27;http://localhost:8000&#x27;,
E          &#x27;http://127.0.0.1:8000&#x27;]</pre></td>
E                 </tr>
E               
E                 <tr>
E                   <td>CORS_ALLOW_ALL_ORIGINS</td>
E                   <td class="code"><pre>True</pre></td>
E                 </tr>
E               
E                 <tr>
E                   <td>CORS_ALLOW_CREDENTIALS</td>
E                   <td class="code"><pre>True</pre></td>
E                 </tr>
E               
E                 <tr>
E                   <td>CSRF_COOKIE_AGE</td>
E                   <td class="code"><pre>31449600</pre></td>
E                 </tr>
E               
E                 <tr>
E                   <td>CSRF_COOKIE_DOMAIN</td>
E                   <td class="code"><pre>None</pre></td>
E                 </tr>
E               
E                 <tr>
E                   <td>CSRF_COOKIE_HTTPONLY</td>
E                   <td class="code"><pre>True</pre></td>
E                 </tr>
E               
E                 <tr>
E                   <td>CSRF_COOKIE_NAME</td>
E                   <td class="code"><pre>&#x27;csrftoken&#x27;</pre></td>
E                 </tr>
E               
E                 <tr>
E                   <td>CSRF_COOKIE_PATH</td>
E                   <td class="code"><pre>&#x27;/&#x27;</pre></td>
E                 </tr>
E               
E                 <tr>
E                   <td>CSRF_COOKIE_SAMESITE</td>
E                   <td class="code"><pre>&#x27;Lax&#x27;</pre></td>
E                 </tr>
E               
E                 <tr>
E                   <td>CSRF_COOKIE_SECURE</td>
E                   <td class="code"><pre>True</pre></td>
E                 </tr>
E               
E                 <tr>
E                   <td>CSRF_FAILURE_VIEW</td>
E                   <td class="code"><pre>&#x27;django.views.csrf.csrf_failure&#x27;</pre></td>
E                 </tr>
E               
E                 <tr>
E                   <td>CSRF_HEADER_NAME</td>
E                   <td class="code"><pre>&#x27;HTTP_X_CSRFTOKEN&#x27;</pre></td>
E                 </tr>
E               
E                 <tr>
E                   <td>CSRF_TRUSTED_ORIGINS</td>
E                   <td class="code"><pre>[&#x27;http://localhost:3000&#x27;, &#x27;http://127.0.0.1:3000&#x27;]</pre></td>
E                 </tr>
E               
E                 <tr>
E                   <td>CSRF_USE_SESSIONS</td>
E                   <td class="code"><pre>False</pre></td>
E                 </tr>
E               
E                 <tr>
E                   <td>DATABASES</td>
E                   <td class="code"><pre>{&#x27;default&#x27;: {&#x27;ATOMIC_REQUESTS&#x27;: False,
E                      &#x27;AUTOCOMMIT&#x27;: True,
E                      &#x27;CONN_HEALTH_CHECKS&#x27;: False,
E                      &#x27;CONN_MAX_AGE&#x27;: 0,
E                      &#x27;ENGINE&#x27;: &#x27;django.db.backends.sqlite3&#x27;,
E                      &#x27;HOST&#x27;: &#x27;&#x27;,
E                      &#x27;NAME&#x27;: PosixPath(&#x27;/Users/mohamedbechirdiarra/Downloads/prototypeGamma/Backend/db.sqlite3&#x27;),
E                      &#x27;OPTIONS&#x27;: {},
E                      &#x27;PASSWORD&#x27;: &#x27;********************&#x27;,
E                      &#x27;PORT&#x27;: &#x27;&#x27;,
E                      &#x27;TEST&#x27;: {&#x27;CHARSET&#x27;: None,
E                               &#x27;COLLATION&#x27;: None,
E                               &#x27;MIGRATE&#x27;: True,
E                               &#x27;MIRROR&#x27;: None,
E                               &#x27;NAME&#x27;: None},
E                      &#x27;TIME_ZONE&#x27;: None,
E                      &#x27;USER&#x27;: &#x27;&#x27;}}</pre></td>
E                 </tr>
E               
E                 <tr>
E                   <td>DATABASE_ROUTERS</td>
E                   <td class="code"><pre>[]</pre></td>
E                 </tr>
E               
E                 <tr>
E                   <td>DATA_UPLOAD_MAX_MEMORY_SIZE</td>
E                   <td class="code"><pre>2621440</pre></td>
E                 </tr>
E               
E                 <tr>
E                   <td>DATA_UPLOAD_MAX_NUMBER_FIELDS</td>
E                   <td class="code"><pre>1000</pre></td>
E                 </tr>
E               
E                 <tr>
E                   <td>DATA_UPLOAD_MAX_NUMBER_FILES</td>
E                   <td class="code"><pre>100</pre></td>
E                 </tr>
E               
E                 <tr>
E                   <td>DATETIME_FORMAT</td>
E                   <td class="code"><pre>&#x27;N j, Y, P&#x27;</pre></td>
E                 </tr>
E               
E                 <tr>
E                   <td>DATETIME_INPUT_FORMATS</td>
E                   <td class="code"><pre>[&#x27;%Y-%m-%d %H:%M:%S&#x27;,
E          &#x27;%Y-%m-%d %H:%M:%S.%f&#x27;,
E          &#x27;%Y-%m-%d %H:%M&#x27;,
E          &#x27;%m/%d/%Y %H:%M:%S&#x27;,
E          &#x27;%m/%d/%Y %H:%M:%S.%f&#x27;,
E          &#x27;%m/%d/%Y %H:%M&#x27;,
E          &#x27;%m/%d/%y %H:%M:%S&#x27;,
E          &#x27;%m/%d/%y %H:%M:%S.%f&#x27;,
E          &#x27;%m/%d/%y %H:%M&#x27;]</pre></td>
E                 </tr>
E               
E                 <tr>
E                   <td>DATE_FORMAT</td>
E                   <td class="code"><pre>&#x27;N j, Y&#x27;</pre></td>
E                 </tr>
E               
E                 <tr>
E                   <td>DATE_INPUT_FORMATS</td>
E                   <td class="code"><pre>[&#x27;%Y-%m-%d&#x27;,
E          &#x27;%m/%d/%Y&#x27;,
E          &#x27;%m/%d/%y&#x27;,
E          &#x27;%b %d %Y&#x27;,
E          &#x27;%b %d, %Y&#x27;,
E          &#x27;%d %b %Y&#x27;,
E          &#x27;%d %b, %Y&#x27;,
E          &#x27;%B %d %Y&#x27;,
E          &#x27;%B %d, %Y&#x27;,
E          &#x27;%d %B %Y&#x27;,
E          &#x27;%d %B, %Y&#x27;]</pre></td>
E                 </tr>
E               
E                 <tr>
E                   <td>DEBUG</td>
E                   <td class="code"><pre>True</pre></td>
E                 </tr>
E               
E                 <tr>
E                   <td>DEBUG_PROPAGATE_EXCEPTIONS</td>
E                   <td class="code"><pre>False</pre></td>
E                 </tr>
E               
E                 <tr>
E                   <td>DECIMAL_SEPARATOR</td>
E                   <td class="code"><pre>&#x27;.&#x27;</pre></td>
E                 </tr>
E               
E                 <tr>
E                   <td>DEFAULT_AUTO_FIELD</td>
E                   <td class="code"><pre>&#x27;django.db.models.BigAutoField&#x27;</pre></td>
E                 </tr>
E               
E                 <tr>
E                   <td>DEFAULT_CHARSET</td>
E                   <td class="code"><pre>&#x27;utf-8&#x27;</pre></td>
E                 </tr>
E               
E                 <tr>
E                   <td>DEFAULT_EXCEPTION_REPORTER</td>
E                   <td class="code"><pre>&#x27;django.views.debug.ExceptionReporter&#x27;</pre></td>
E                 </tr>
E               
E                 <tr>
E                   <td>DEFAULT_EXCEPTION_REPORTER_FILTER</td>
E                   <td class="code"><pre>&#x27;django.views.debug.SafeExceptionReporterFilter&#x27;</pre></td>
E                 </tr>
E               
E                 <tr>
E                   <td>DEFAULT_FROM_EMAIL</td>
E                   <td class="code"><pre>&#x27;webmaster@localhost&#x27;</pre></td>
E                 </tr>
E               
E                 <tr>
E                   <td>DEFAULT_INDEX_TABLESPACE</td>
E                   <td class="code"><pre>&#x27;&#x27;</pre></td>
E                 </tr>
E               
E                 <tr>
E                   <td>DEFAULT_TABLESPACE</td>
E                   <td class="code"><pre>&#x27;&#x27;</pre></td>
E                 </tr>
E               
E                 <tr>
E                   <td>DISALLOWED_USER_AGENTS</td>
E                   <td class="code"><pre>[]</pre></td>
E                 </tr>
E               
E                 <tr>
E                   <td>EMAIL_BACKEND</td>
E                   <td class="code"><pre>&#x27;django.core.mail.backends.console.EmailBackend&#x27;</pre></td>
E                 </tr>
E               
E                 <tr>
E                   <td>EMAIL_HOST</td>
E                   <td class="code"><pre>&#x27;localhost&#x27;</pre></td>
E                 </tr>
E               
E                 <tr>
E                   <td>EMAIL_HOST_PASSWORD</td>
E                   <td class="code"><pre>&#x27;********************&#x27;</pre></td>
E                 </tr>
E               
E                 <tr>
E                   <td>EMAIL_HOST_USER</td>
E                   <td class="code"><pre>&#x27;&#x27;</pre></td>
E                 </tr>
E               
E                 <tr>
E                   <td>EMAIL_PORT</td>
E                   <td class="code"><pre>1025</pre></td>
E                 </tr>
E               
E                 <tr>
E                   <td>EMAIL_SSL_CERTFILE</td>
E                   <td class="code"><pre>None</pre></td>
E                 </tr>
E               
E                 <tr>
E                   <td>EMAIL_SSL_KEYFILE</td>
E                   <td class="code"><pre>&#x27;********************&#x27;</pre></td>
E                 </tr>
E               
E                 <tr>
E                   <td>EMAIL_SUBJECT_PREFIX</td>
E                   <td class="code"><pre>&#x27;[Django] &#x27;</pre></td>
E                 </tr>
E               
E                 <tr>
E                   <td>EMAIL_TIMEOUT</td>
E                   <td class="code"><pre>None</pre></td>
E                 </tr>
E               
E                 <tr>
E                   <td>EMAIL_USE_LOCALTIME</td>
E                   <td class="code"><pre>False</pre></td>
E                 </tr>
E               
E                 <tr>
E                   <td>EMAIL_USE_SSL</td>
E                   <td class="code"><pre>False</pre></td>
E                 </tr>
E               
E                 <tr>
E                   <td>EMAIL_USE_TLS</td>
E                   <td class="code"><pre>False</pre></td>
E                 </tr>
E               
E                 <tr>
E                   <td>FILE_UPLOAD_DIRECTORY_PERMISSIONS</td>
E                   <td class="code"><pre>None</pre></td>
E                 </tr>
E               
E                 <tr>
E                   <td>FILE_UPLOAD_HANDLERS</td>
E                   <td class="code"><pre>[&#x27;django.core.files.uploadhandler.MemoryFileUploadHandler&#x27;,
E          &#x27;django.core.files.uploadhandler.TemporaryFileUploadHandler&#x27;]</pre></td>
E                 </tr>
E               
E                 <tr>
E                   <td>FILE_UPLOAD_MAX_MEMORY_SIZE</td>
E                   <td class="code"><pre>2621440</pre></td>
E                 </tr>
E               
E                 <tr>
E                   <td>FILE_UPLOAD_PERMISSIONS</td>
E                   <td class="code"><pre>420</pre></td>
E                 </tr>
E               
E                 <tr>
E                   <td>FILE_UPLOAD_TEMP_DIR</td>
E                   <td class="code"><pre>None</pre></td>
E                 </tr>
E               
E                 <tr>
E                   <td>FIRST_DAY_OF_WEEK</td>
E                   <td class="code"><pre>0</pre></td>
E                 </tr>
E               
E                 <tr>
E                   <td>FIXTURE_DIRS</td>
E                   <td class="code"><pre>[]</pre></td>
E                 </tr>
E               
E                 <tr>
E                   <td>FORCE_SCRIPT_NAME</td>
E                   <td class="code"><pre>None</pre></td>
E                 </tr>
E               
E                 <tr>
E                   <td>FORMAT_MODULE_PATH</td>
E                   <td class="code"><pre>None</pre></td>
E                 </tr>
E               
E                 <tr>
E                   <td>FORMS_URLFIELD_ASSUME_HTTPS</td>
E                   <td class="code"><pre>False</pre></td>
E                 </tr>
E               
E                 <tr>
E                   <td>FORM_RENDERER</td>
E                   <td class="code"><pre>&#x27;django.forms.renderers.DjangoTemplates&#x27;</pre></td>
E                 </tr>
E               
E                 <tr>
E                   <td>FRONTEND_URL</td>
E                   <td class="code"><pre>&#x27;http://127.0.0.1:5173&#x27;</pre></td>
E                 </tr>
E               
E                 <tr>
E                   <td>GDAL_LIBRARY_PATH</td>
E                   <td class="code"><pre>&#x27;C:\\OSGeo4W\\bin\\gdal311.dll&#x27;</pre></td>
E                 </tr>
E               
E                 <tr>
E                   <td>GEOLOCATION_SETTINGS</td>
E                   <td class="code"><pre>{&#x27;CACHE_TIMEOUT&#x27;: 3600, &#x27;DEFAULT_RADIUS_KM&#x27;: 10, &#x27;MAX_RADIUS_KM&#x27;: 50}</pre></td>
E                 </tr>
E               
E                 <tr>
E                   <td>GEOS_LIBRARY_PATH</td>
E                   <td class="code"><pre>&#x27;C:\\OSGeo4W\\bin\\geos_c.dll&#x27;</pre></td>
E                 </tr>
E               
E                 <tr>
E                   <td>IGNORABLE_404_URLS</td>
E                   <td class="code"><pre>[]</pre></td>
E                 </tr>
E               
E                 <tr>
E                   <td>INSTALLED_APPS</td>
E                   <td class="code"><pre>[&#x27;django.contrib.admin&#x27;,
E          &#x27;django.contrib.auth&#x27;,
E          &#x27;django.contrib.contenttypes&#x27;,
E          &#x27;django.contrib.sessions&#x27;,
E          &#x27;django.contrib.messages&#x27;,
E          &#x27;django.contrib.staticfiles&#x27;,
E          &#x27;rest_framework&#x27;,
E          &#x27;corsheaders&#x27;,
E          &#x27;users&#x27;,
E          &#x27;depannage&#x27;,
E          &#x27;rest_framework_simplejwt&#x27;,
E          &#x27;rest_framework_simplejwt.token_blacklist&#x27;,
E          &#x27;channels&#x27;]</pre></td>
E                 </tr>
E               
E                 <tr>
E                   <td>INTERNAL_IPS</td>
E                   <td class="code"><pre>[]</pre></td>
E                 </tr>
E               
E                 <tr>
E                   <td>LANGUAGES</td>
E                   <td class="code"><pre>[(&#x27;af&#x27;, &#x27;Afrikaans&#x27;),
E          (&#x27;ar&#x27;, &#x27;Arabic&#x27;),
E          (&#x27;ar-dz&#x27;, &#x27;Algerian Arabic&#x27;),
E          (&#x27;ast&#x27;, &#x27;Asturian&#x27;),
E          (&#x27;az&#x27;, &#x27;Azerbaijani&#x27;),
E          (&#x27;bg&#x27;, &#x27;Bulgarian&#x27;),
E          (&#x27;be&#x27;, &#x27;Belarusian&#x27;),
E          (&#x27;bn&#x27;, &#x27;Bengali&#x27;),
E          (&#x27;br&#x27;, &#x27;Breton&#x27;),
E          (&#x27;bs&#x27;, &#x27;Bosnian&#x27;),
E          (&#x27;ca&#x27;, &#x27;Catalan&#x27;),
E          (&#x27;ckb&#x27;, &#x27;Central Kurdish (Sorani)&#x27;),
E          (&#x27;cs&#x27;, &#x27;Czech&#x27;),
E          (&#x27;cy&#x27;, &#x27;Welsh&#x27;),
E          (&#x27;da&#x27;, &#x27;Danish&#x27;),
E          (&#x27;de&#x27;, &#x27;German&#x27;),
E          (&#x27;dsb&#x27;, &#x27;Lower Sorbian&#x27;),
E          (&#x27;el&#x27;, &#x27;Greek&#x27;),
E          (&#x27;en&#x27;, &#x27;English&#x27;),
E          (&#x27;en-au&#x27;, &#x27;Australian English&#x27;),
E          (&#x27;en-gb&#x27;, &#x27;British English&#x27;),
E          (&#x27;eo&#x27;, &#x27;Esperanto&#x27;),
E          (&#x27;es&#x27;, &#x27;Spanish&#x27;),
E          (&#x27;es-ar&#x27;, &#x27;Argentinian Spanish&#x27;),
E          (&#x27;es-co&#x27;, &#x27;Colombian Spanish&#x27;),
E          (&#x27;es-mx&#x27;, &#x27;Mexican Spanish&#x27;),
E          (&#x27;es-ni&#x27;, &#x27;Nicaraguan Spanish&#x27;),
E          (&#x27;es-ve&#x27;, &#x27;Venezuelan Spanish&#x27;),
E          (&#x27;et&#x27;, &#x27;Estonian&#x27;),
E          (&#x27;eu&#x27;, &#x27;Basque&#x27;),
E          (&#x27;fa&#x27;, &#x27;Persian&#x27;),
E          (&#x27;fi&#x27;, &#x27;Finnish&#x27;),
E          (&#x27;fr&#x27;, &#x27;French&#x27;),
E          (&#x27;fy&#x27;, &#x27;Frisian&#x27;),
E          (&#x27;ga&#x27;, &#x27;Irish&#x27;),
E          (&#x27;gd&#x27;, &#x27;Scottish Gaelic&#x27;),
E          (&#x27;gl&#x27;, &#x27;Galician&#x27;),
E          (&#x27;he&#x27;, &#x27;Hebrew&#x27;),
E          (&#x27;hi&#x27;, &#x27;Hindi&#x27;),
E          (&#x27;hr&#x27;, &#x27;Croatian&#x27;),
E          (&#x27;hsb&#x27;, &#x27;Upper Sorbian&#x27;),
E          (&#x27;hu&#x27;, &#x27;Hungarian&#x27;),
E          (&#x27;hy&#x27;, &#x27;Armenian&#x27;),
E          (&#x27;ia&#x27;, &#x27;Interlingua&#x27;),
E          (&#x27;id&#x27;, &#x27;Indonesian&#x27;),
E          (&#x27;ig&#x27;, &#x27;Igbo&#x27;),
E          (&#x27;io&#x27;, &#x27;Ido&#x27;),
E          (&#x27;is&#x27;, &#x27;Icelandic&#x27;),
E          (&#x27;it&#x27;, &#x27;Italian&#x27;),
E          (&#x27;ja&#x27;, &#x27;Japanese&#x27;),
E          (&#x27;ka&#x27;, &#x27;Georgian&#x27;),
E          (&#x27;kab&#x27;, &#x27;Kabyle&#x27;),
E          (&#x27;kk&#x27;, &#x27;Kazakh&#x27;),
E          (&#x27;km&#x27;, &#x27;Khmer&#x27;),
E          (&#x27;kn&#x27;, &#x27;Kannada&#x27;),
E          (&#x27;ko&#x27;, &#x27;Korean&#x27;),
E          (&#x27;ky&#x27;, &#x27;Kyrgyz&#x27;),
E          (&#x27;lb&#x27;, &#x27;Luxembourgish&#x27;),
E          (&#x27;lt&#x27;, &#x27;Lithuanian&#x27;),
E          (&#x27;lv&#x27;, &#x27;Latvian&#x27;),
E          (&#x27;mk&#x27;, &#x27;Macedonian&#x27;),
E          (&#x27;ml&#x27;, &#x27;Malayalam&#x27;),
E          (&#x27;mn&#x27;, &#x27;Mongolian&#x27;),
E          (&#x27;mr&#x27;, &#x27;Marathi&#x27;),
E          (&#x27;ms&#x27;, &#x27;Malay&#x27;),
E          (&#x27;my&#x27;, &#x27;Burmese&#x27;),
E          (&#x27;nb&#x27;, &#x27;Norwegian Bokmål&#x27;),
E          (&#x27;ne&#x27;, &#x27;Nepali&#x27;),
E          (&#x27;nl&#x27;, &#x27;Dutch&#x27;),
E          (&#x27;nn&#x27;, &#x27;Norwegian Nynorsk&#x27;),
E          (&#x27;os&#x27;, &#x27;Ossetic&#x27;),
E          (&#x27;pa&#x27;, &#x27;Punjabi&#x27;),
E          (&#x27;pl&#x27;, &#x27;Polish&#x27;),
E          (&#x27;pt&#x27;, &#x27;Portuguese&#x27;),
E          (&#x27;pt-br&#x27;, &#x27;Brazilian Portuguese&#x27;),
E          (&#x27;ro&#x27;, &#x27;Romanian&#x27;),
E          (&#x27;ru&#x27;, &#x27;Russian&#x27;),
E          (&#x27;sk&#x27;, &#x27;Slovak&#x27;),
E          (&#x27;sl&#x27;, &#x27;Slovenian&#x27;),
E          (&#x27;sq&#x27;, &#x27;Albanian&#x27;),
E          (&#x27;sr&#x27;, &#x27;Serbian&#x27;),
E          (&#x27;sr-latn&#x27;, &#x27;Serbian Latin&#x27;),
E          (&#x27;sv&#x27;, &#x27;Swedish&#x27;),
E          (&#x27;sw&#x27;, &#x27;Swahili&#x27;),
E          (&#x27;ta&#x27;, &#x27;Tamil&#x27;),
E          (&#x27;te&#x27;, &#x27;Telugu&#x27;),
E          (&#x27;tg&#x27;, &#x27;Tajik&#x27;),
E          (&#x27;th&#x27;, &#x27;Thai&#x27;),
E          (&#x27;tk&#x27;, &#x27;Turkmen&#x27;),
E          (&#x27;tr&#x27;, &#x27;Turkish&#x27;),
E          (&#x27;tt&#x27;, &#x27;Tatar&#x27;),
E          (&#x27;udm&#x27;, &#x27;Udmurt&#x27;),
E          (&#x27;ug&#x27;, &#x27;Uyghur&#x27;),
E          (&#x27;uk&#x27;, &#x27;Ukrainian&#x27;),
E          (&#x27;ur&#x27;, &#x27;Urdu&#x27;),
E          (&#x27;uz&#x27;, &#x27;Uzbek&#x27;),
E          (&#x27;vi&#x27;, &#x27;Vietnamese&#x27;),
E          (&#x27;zh-hans&#x27;, &#x27;Simplified Chinese&#x27;),
E          (&#x27;zh-hant&#x27;, &#x27;Traditional Chinese&#x27;)]</pre></td>
E                 </tr>
E               
E                 <tr>
E                   <td>LANGUAGES_BIDI</td>
E                   <td class="code"><pre>[&#x27;he&#x27;, &#x27;ar&#x27;, &#x27;ar-dz&#x27;, &#x27;ckb&#x27;, &#x27;fa&#x27;, &#x27;ug&#x27;, &#x27;ur&#x27;]</pre></td>
E                 </tr>
E               
E                 <tr>
E                   <td>LANGUAGE_CODE</td>
E                   <td class="code"><pre>&#x27;en-us&#x27;</pre></td>
E                 </tr>
E               
E                 <tr>
E                   <td>LANGUAGE_COOKIE_AGE</td>
E                   <td class="code"><pre>None</pre></td>
E                 </tr>
E               
E                 <tr>
E                   <td>LANGUAGE_COOKIE_DOMAIN</td>
E                   <td class="code"><pre>None</pre></td>
E                 </tr>
E               
E                 <tr>
E                   <td>LANGUAGE_COOKIE_HTTPONLY</td>
E                   <td class="code"><pre>False</pre></td>
E                 </tr>
E               
E                 <tr>
E                   <td>LANGUAGE_COOKIE_NAME</td>
E                   <td class="code"><pre>&#x27;django_language&#x27;</pre></td>
E                 </tr>
E               
E                 <tr>
E                   <td>LANGUAGE_COOKIE_PATH</td>
E                   <td class="code"><pre>&#x27;/&#x27;</pre></td>
E                 </tr>
E               
E                 <tr>
E                   <td>LANGUAGE_COOKIE_SAMESITE</td>
E                   <td class="code"><pre>None</pre></td>
E                 </tr>
E               
E                 <tr>
E                   <td>LANGUAGE_COOKIE_SECURE</td>
E                   <td class="code"><pre>False</pre></td>
E                 </tr>
E               
E                 <tr>
E                   <td>LOCALE_PATHS</td>
E                   <td class="code"><pre>[]</pre></td>
E                 </tr>
E               
E                 <tr>
E                   <td>LOGGING</td>
E                   <td class="code"><pre>{&#x27;disable_existing_loggers&#x27;: False,
E          &#x27;formatters&#x27;: {&#x27;simple&#x27;: {&#x27;format&#x27;: &#x27;{levelname} {message}&#x27;, &#x27;style&#x27;: &#x27;{&#x27;},
E                         &#x27;verbose&#x27;: {&#x27;format&#x27;: &#x27;{levelname} {asctime} {module} &#x27;
E                                               &#x27;{process:d} {thread:d} {message}&#x27;,
E                                     &#x27;style&#x27;: &#x27;{&#x27;}},
E          &#x27;handlers&#x27;: {&#x27;file&#x27;: {&#x27;class&#x27;: &#x27;logging.FileHandler&#x27;,
E                                &#x27;filename&#x27;: &#x27;django.log&#x27;,
E                                &#x27;formatter&#x27;: &#x27;verbose&#x27;,
E                                &#x27;level&#x27;: &#x27;INFO&#x27;},
E                       &#x27;security_file&#x27;: {&#x27;class&#x27;: &#x27;logging.FileHandler&#x27;,
E                                         &#x27;filename&#x27;: &#x27;security.log&#x27;,
E                                         &#x27;formatter&#x27;: &#x27;verbose&#x27;,
E                                         &#x27;level&#x27;: &#x27;WARNING&#x27;}},
E          &#x27;loggers&#x27;: {&#x27;depannage&#x27;: {&#x27;handlers&#x27;: [&#x27;file&#x27;],
E                                    &#x27;level&#x27;: &#x27;INFO&#x27;,
E                                    &#x27;propagate&#x27;: True},
E                      &#x27;django&#x27;: {&#x27;handlers&#x27;: [&#x27;file&#x27;],
E                                 &#x27;level&#x27;: &#x27;INFO&#x27;,
E                                 &#x27;propagate&#x27;: True},
E                      &#x27;django.security&#x27;: {&#x27;handlers&#x27;: [&#x27;security_file&#x27;],
E                                          &#x27;level&#x27;: &#x27;WARNING&#x27;,
E                                          &#x27;propagate&#x27;: False},
E                      &#x27;users&#x27;: {&#x27;handlers&#x27;: [&#x27;file&#x27;],
E                                &#x27;level&#x27;: &#x27;INFO&#x27;,
E                                &#x27;propagate&#x27;: True}},
E          &#x27;version&#x27;: 1}</pre></td>
E                 </tr>
E               
E                 <tr>
E                   <td>LOGGING_CONFIG</td>
E                   <td class="code"><pre>&#x27;logging.config.dictConfig&#x27;</pre></td>
E                 </tr>
E               
E                 <tr>
E                   <td>LOGIN_REDIRECT_URL</td>
E                   <td class="code"><pre>&#x27;/accounts/profile/&#x27;</pre></td>
E                 </tr>
E               
E                 <tr>
E                   <td>LOGIN_URL</td>
E                   <td class="code"><pre>&#x27;/accounts/login/&#x27;</pre></td>
E                 </tr>
E               
E                 <tr>
E                   <td>LOGOUT_REDIRECT_URL</td>
E                   <td class="code"><pre>None</pre></td>
E                 </tr>
E               
E                 <tr>
E                   <td>MANAGERS</td>
E                   <td class="code"><pre>[]</pre></td>
E                 </tr>
E               
E                 <tr>
E                   <td>MEDIA_ROOT</td>
E                   <td class="code"><pre>&#x27;/Users/mohamedbechirdiarra/Downloads/prototypeGamma/Backend/media&#x27;</pre></td>
E                 </tr>
E               
E                 <tr>
E                   <td>MEDIA_URL</td>
E                   <td class="code"><pre>&#x27;/media/&#x27;</pre></td>
E                 </tr>
E               
E                 <tr>
E                   <td>MESSAGE_STORAGE</td>
E                   <td class="code"><pre>&#x27;django.contrib.messages.storage.fallback.FallbackStorage&#x27;</pre></td>
E                 </tr>
E               
E                 <tr>
E                   <td>MIDDLEWARE</td>
E                   <td class="code"><pre>[&#x27;corsheaders.middleware.CorsMiddleware&#x27;,
E          &#x27;django.middleware.security.SecurityMiddleware&#x27;,
E          &#x27;django.contrib.sessions.middleware.SessionMiddleware&#x27;,
E          &#x27;django.middleware.common.CommonMiddleware&#x27;,
E          &#x27;django.middleware.csrf.CsrfViewMiddleware&#x27;,
E          &#x27;django.contrib.auth.middleware.AuthenticationMiddleware&#x27;,
E          &#x27;django.contrib.messages.middleware.MessageMiddleware&#x27;,
E          &#x27;django.middleware.clickjacking.XFrameOptionsMiddleware&#x27;,
E          &#x27;auth.middleware.JWTSecurityMiddleware&#x27;,
E          &#x27;auth.middleware.TokenValidationMiddleware&#x27;]</pre></td>
E                 </tr>
E               
E                 <tr>
E                   <td>MIGRATION_MODULES</td>
E                   <td class="code"><pre>{}</pre></td>
E                 </tr>
E               
E                 <tr>
E                   <td>MONTH_DAY_FORMAT</td>
E                   <td class="code"><pre>&#x27;F j&#x27;</pre></td>
E                 </tr>
E               
E                 <tr>
E                   <td>NOTIFICATION_CHANNELS</td>
E                   <td class="code"><pre>{&#x27;email&#x27;: True, &#x27;push&#x27;: False, &#x27;sms&#x27;: False}</pre></td>
E                 </tr>
E               
E                 <tr>
E                   <td>NUMBER_GROUPING</td>
E                   <td class="code"><pre>0</pre></td>
E                 </tr>
E               
E                 <tr>
E                   <td>PASSWORD_HASHERS</td>
E                   <td class="code"><pre>&#x27;********************&#x27;</pre></td>
E                 </tr>
E               
E                 <tr>
E                   <td>PASSWORD_RESET_TIMEOUT</td>
E                   <td class="code"><pre>&#x27;********************&#x27;</pre></td>
E                 </tr>
E               
E                 <tr>
E                   <td>PAYMENT_SETTINGS</td>
E                   <td class="code"><pre>{&#x27;CINETPAY_API_KEY&#x27;: &#x27;********************&#x27;,
E          &#x27;CINETPAY_ENVIRONMENT&#x27;: &#x27;Production&#x27;,
E          &#x27;CINETPAY_SITE_ID&#x27;: &#x27;105899471&#x27;}</pre></td>
E                 </tr>
E               
E                 <tr>
E                   <td>PREPEND_WWW</td>
E                   <td class="code"><pre>False</pre></td>
E                 </tr>
E               
E                 <tr>
E                   <td>REST_FRAMEWORK</td>
E                   <td class="code"><pre>{&#x27;DEFAULT_AUTHENTICATION_CLASSES&#x27;: &#x27;********************&#x27;,
E          &#x27;DEFAULT_PAGINATION_CLASS&#x27;: &#x27;rest_framework.pagination.PageNumberPagination&#x27;,
E          &#x27;DEFAULT_PARSER_CLASSES&#x27;: [&#x27;rest_framework.parsers.JSONParser&#x27;,
E                                     &#x27;rest_framework.parsers.MultiPartParser&#x27;,
E                                     &#x27;rest_framework.parsers.FormParser&#x27;],
E          &#x27;DEFAULT_PERMISSION_CLASSES&#x27;: [&#x27;rest_framework.permissions.IsAuthenticated&#x27;],
E          &#x27;DEFAULT_RENDERER_CLASSES&#x27;: [&#x27;rest_framework.renderers.JSONRenderer&#x27;],
E          &#x27;DEFAULT_THROTTLE_CLASSES&#x27;: [&#x27;rest_framework.throttling.UserRateThrottle&#x27;,
E                                       &#x27;rest_framework.throttling.AnonRateThrottle&#x27;,
E                                       &#x27;rest_framework.throttling.ScopedRateThrottle&#x27;],
E          &#x27;DEFAULT_THROTTLE_RATES&#x27;: {&#x27;anon&#x27;: &#x27;10000/day&#x27;,
E                                     &#x27;login&#x27;: &#x27;1000/day&#x27;,
E                                     &#x27;password_reset&#x27;: &#x27;********************&#x27;,
E                                     &#x27;register&#x27;: &#x27;500/day&#x27;,
E                                     &#x27;user&#x27;: &#x27;50000/day&#x27;,
E                                     &#x27;user_me&#x27;: &#x27;1000/day&#x27;},
E          &#x27;EXCEPTION_HANDLER&#x27;: &#x27;rest_framework.views.exception_handler&#x27;,
E          &#x27;PAGE_SIZE&#x27;: 20}</pre></td>
E                 </tr>
E               
E                 <tr>
E                   <td>ROOT_URLCONF</td>
E                   <td class="code"><pre>&#x27;auth.urls&#x27;</pre></td>
E                 </tr>
E               
E                 <tr>
E                   <td>SECRET_KEY</td>
E                   <td class="code"><pre>&#x27;********************&#x27;</pre></td>
E                 </tr>
E               
E                 <tr>
E                   <td>SECRET_KEY_FALLBACKS</td>
E                   <td class="code"><pre>&#x27;********************&#x27;</pre></td>
E                 </tr>
E               
E                 <tr>
E                   <td>SECURE_BROWSER_XSS_FILTER</td>
E                   <td class="code"><pre>True</pre></td>
E                 </tr>
E               
E                 <tr>
E                   <td>SECURE_CONTENT_TYPE_NOSNIFF</td>
E                   <td class="code"><pre>True</pre></td>
E                 </tr>
E               
E                 <tr>
E                   <td>SECURE_CROSS_ORIGIN_OPENER_POLICY</td>
E                   <td class="code"><pre>&#x27;same-origin&#x27;</pre></td>
E                 </tr>
E               
E                 <tr>
E                   <td>SECURE_HSTS_INCLUDE_SUBDOMAINS</td>
E                   <td class="code"><pre>True</pre></td>
E                 </tr>
E               
E                 <tr>
E                   <td>SECURE_HSTS_PRELOAD</td>
E                   <td class="code"><pre>True</pre></td>
E                 </tr>
E               
E                 <tr>
E                   <td>SECURE_HSTS_SECONDS</td>
E                   <td class="code"><pre>31536000</pre></td>
E                 </tr>
E               
E                 <tr>
E                   <td>SECURE_PROXY_SSL_HEADER</td>
E                   <td class="code"><pre>None</pre></td>
E                 </tr>
E               
E                 <tr>
E                   <td>SECURE_REDIRECT_EXEMPT</td>
E                   <td class="code"><pre>[]</pre></td>
E                 </tr>
E               
E                 <tr>
E                   <td>SECURE_REFERRER_POLICY</td>
E                   <td class="code"><pre>&#x27;same-origin&#x27;</pre></td>
E                 </tr>
E               
E                 <tr>
E                   <td>SECURE_SSL_HOST</td>
E                   <td class="code"><pre>None</pre></td>
E                 </tr>
E               
E                 <tr>
E                   <td>SECURE_SSL_REDIRECT</td>
E                   <td class="code"><pre>False</pre></td>
E                 </tr>
E               
E                 <tr>
E                   <td>SERVER_EMAIL</td>
E                   <td class="code"><pre>&#x27;root@localhost&#x27;</pre></td>
E                 </tr>
E               
E                 <tr>
E                   <td>SESSION_CACHE_ALIAS</td>
E                   <td class="code"><pre>&#x27;default&#x27;</pre></td>
E                 </tr>
E               
E                 <tr>
E                   <td>SESSION_COOKIE_AGE</td>
E                   <td class="code"><pre>3600</pre></td>
E                 </tr>
E               
E                 <tr>
E                   <td>SESSION_COOKIE_DOMAIN</td>
E                   <td class="code"><pre>None</pre></td>
E                 </tr>
E               
E                 <tr>
E                   <td>SESSION_COOKIE_HTTPONLY</td>
E                   <td class="code"><pre>True</pre></td>
E                 </tr>
E               
E                 <tr>
E                   <td>SESSION_COOKIE_NAME</td>
E                   <td class="code"><pre>&#x27;sessionid&#x27;</pre></td>
E                 </tr>
E               
E                 <tr>
E                   <td>SESSION_COOKIE_PATH</td>
E                   <td class="code"><pre>&#x27;/&#x27;</pre></td>
E                 </tr>
E               
E                 <tr>
E                   <td>SESSION_COOKIE_SAMESITE</td>
E                   <td class="code"><pre>&#x27;Lax&#x27;</pre></td>
E                 </tr>
E               
E                 <tr>
E                   <td>SESSION_COOKIE_SECURE</td>
E                   <td class="code"><pre>True</pre></td>
E                 </tr>
E               
E                 <tr>
E                   <td>SESSION_ENGINE</td>
E                   <td class="code"><pre>&#x27;django.contrib.sessions.backends.db&#x27;</pre></td>
E                 </tr>
E               
E                 <tr>
E                   <td>SESSION_EXPIRE_AT_BROWSER_CLOSE</td>
E                   <td class="code"><pre>True</pre></td>
E                 </tr>
E               
E                 <tr>
E                   <td>SESSION_FILE_PATH</td>
E                   <td class="code"><pre>None</pre></td>
E                 </tr>
E               
E                 <tr>
E                   <td>SESSION_SAVE_EVERY_REQUEST</td>
E                   <td class="code"><pre>False</pre></td>
E                 </tr>
E               
E                 <tr>
E                   <td>SESSION_SERIALIZER</td>
E                   <td class="code"><pre>&#x27;django.contrib.sessions.serializers.JSONSerializer&#x27;</pre></td>
E                 </tr>
E               
E                 <tr>
E                   <td>SETTINGS_MODULE</td>
E                   <td class="code"><pre>&#x27;Backend.auth.settings&#x27;</pre></td>
E                 </tr>
E               
E                 <tr>
E                   <td>SHORT_DATETIME_FORMAT</td>
E                   <td class="code"><pre>&#x27;m/d/Y P&#x27;</pre></td>
E                 </tr>
E               
E                 <tr>
E                   <td>SHORT_DATE_FORMAT</td>
E                   <td class="code"><pre>&#x27;m/d/Y&#x27;</pre></td>
E                 </tr>
E               
E                 <tr>
E                   <td>SIGNING_BACKEND</td>
E                   <td class="code"><pre>&#x27;django.core.signing.TimestampSigner&#x27;</pre></td>
E                 </tr>
E               
E                 <tr>
E                   <td>SILENCED_SYSTEM_CHECKS</td>
E                   <td class="code"><pre>[]</pre></td>
E                 </tr>
E               
E                 <tr>
E                   <td>SIMPLE_JWT</td>
E                   <td class="code"><pre>{&#x27;ACCESS_TOKEN_LIFETIME&#x27;: &#x27;********************&#x27;,
E          &#x27;ALGORITHM&#x27;: &#x27;HS256&#x27;,
E          &#x27;AUDIENCE&#x27;: None,
E          &#x27;AUTH_HEADER_NAME&#x27;: &#x27;********************&#x27;,
E          &#x27;AUTH_HEADER_TYPES&#x27;: &#x27;********************&#x27;,
E          &#x27;AUTH_TOKEN_CLASSES&#x27;: &#x27;********************&#x27;,
E          &#x27;BLACKLIST_AFTER_ROTATION&#x27;: True,
E          &#x27;ISSUER&#x27;: None,
E          &#x27;JTI_CLAIM&#x27;: &#x27;jti&#x27;,
E          &#x27;JWK_URL&#x27;: None,
E          &#x27;LEEWAY&#x27;: 0,
E          &#x27;REFRESH_TOKEN_LIFETIME&#x27;: &#x27;********************&#x27;,
E          &#x27;ROTATE_REFRESH_TOKENS&#x27;: &#x27;********************&#x27;,
E          &#x27;SIGNING_KEY&#x27;: &#x27;********************&#x27;,
E          &#x27;SLIDING_TOKEN_LIFETIME&#x27;: &#x27;********************&#x27;,
E          &#x27;SLIDING_TOKEN_REFRESH_EXP_CLAIM&#x27;: &#x27;********************&#x27;,
E          &#x27;SLIDING_TOKEN_REFRESH_LIFETIME&#x27;: &#x27;********************&#x27;,
E          &#x27;TOKEN_TYPE_CLAIM&#x27;: &#x27;********************&#x27;,
E          &#x27;TOKEN_USER_CLASS&#x27;: &#x27;********************&#x27;,
E          &#x27;UPDATE_LAST_LOGIN&#x27;: True,
E          &#x27;USER_AUTHENTICATION_RULE&#x27;: &#x27;********************&#x27;,
E          &#x27;USER_ID_CLAIM&#x27;: &#x27;user_id&#x27;,
E          &#x27;USER_ID_FIELD&#x27;: &#x27;id&#x27;,
E          &#x27;VERIFYING_KEY&#x27;: &#x27;********************&#x27;}</pre></td>
E                 </tr>
E               
E                 <tr>
E                   <td>STATICFILES_DIRS</td>
E                   <td class="code"><pre>[]</pre></td>
E                 </tr>
E               
E                 <tr>
E                   <td>STATICFILES_FINDERS</td>
E                   <td class="code"><pre>[&#x27;django.contrib.staticfiles.finders.FileSystemFinder&#x27;,
E          &#x27;django.contrib.staticfiles.finders.AppDirectoriesFinder&#x27;]</pre></td>
E                 </tr>
E               
E                 <tr>
E                   <td>STATIC_ROOT</td>
E                   <td class="code"><pre>&#x27;/Users/mohamedbechirdiarra/Downloads/prototypeGamma/Backend/staticfiles&#x27;</pre></td>
E                 </tr>
E               
E                 <tr>
E                   <td>STATIC_URL</td>
E                   <td class="code"><pre>&#x27;/static/&#x27;</pre></td>
E                 </tr>
E               
E                 <tr>
E                   <td>STORAGES</td>
E                   <td class="code"><pre>{&#x27;default&#x27;: {&#x27;BACKEND&#x27;: &#x27;django.core.files.storage.FileSystemStorage&#x27;},
E          &#x27;staticfiles&#x27;: {&#x27;BACKEND&#x27;: &#x27;django.contrib.staticfiles.storage.StaticFilesStorage&#x27;}}</pre></td>
E                 </tr>
E               
E                 <tr>
E                   <td>TEMPLATES</td>
E                   <td class="code"><pre>[{&#x27;APP_DIRS&#x27;: True,
E           &#x27;BACKEND&#x27;: &#x27;django.template.backends.django.DjangoTemplates&#x27;,
E           &#x27;DIRS&#x27;: [],
E           &#x27;OPTIONS&#x27;: {&#x27;context_processors&#x27;: [&#x27;django.template.context_processors.request&#x27;,
E                                              &#x27;django.contrib.auth.context_processors.auth&#x27;,
E                                              &#x27;django.contrib.messages.context_processors.messages&#x27;]}}]</pre></td>
E                 </tr>
E               
E                 <tr>
E                   <td>TEST_NON_SERIALIZED_APPS</td>
E                   <td class="code"><pre>[]</pre></td>
E                 </tr>
E               
E                 <tr>
E                   <td>TEST_RUNNER</td>
E                   <td class="code"><pre>&#x27;django.test.runner.DiscoverRunner&#x27;</pre></td>
E                 </tr>
E               
E                 <tr>
E                   <td>THOUSAND_SEPARATOR</td>
E                   <td class="code"><pre>&#x27;,&#x27;</pre></td>
E                 </tr>
E               
E                 <tr>
E                   <td>TIME_FORMAT</td>
E                   <td class="code"><pre>&#x27;P&#x27;</pre></td>
E                 </tr>
E               
E                 <tr>
E                   <td>TIME_INPUT_FORMATS</td>
E                   <td class="code"><pre>[&#x27;%H:%M:%S&#x27;, &#x27;%H:%M:%S.%f&#x27;, &#x27;%H:%M&#x27;]</pre></td>
E                 </tr>
E               
E                 <tr>
E                   <td>TIME_ZONE</td>
E                   <td class="code"><pre>&#x27;UTC&#x27;</pre></td>
E                 </tr>
E               
E                 <tr>
E                   <td>USE_I18N</td>
E                   <td class="code"><pre>True</pre></td>
E                 </tr>
E               
E                 <tr>
E                   <td>USE_THOUSAND_SEPARATOR</td>
E                   <td class="code"><pre>False</pre></td>
E                 </tr>
E               
E                 <tr>
E                   <td>USE_TZ</td>
E                   <td class="code"><pre>True</pre></td>
E                 </tr>
E               
E                 <tr>
E                   <td>USE_X_FORWARDED_HOST</td>
E                   <td class="code"><pre>False</pre></td>
E                 </tr>
E               
E                 <tr>
E                   <td>USE_X_FORWARDED_PORT</td>
E                   <td class="code"><pre>False</pre></td>
E                 </tr>
E               
E                 <tr>
E                   <td>WSGI_APPLICATION</td>
E                   <td class="code"><pre>&#x27;auth.wsgi.application&#x27;</pre></td>
E                 </tr>
E               
E                 <tr>
E                   <td>X_FRAME_OPTIONS</td>
E                   <td class="code"><pre>&#x27;DENY&#x27;</pre></td>
E                 </tr>
E               
E                 <tr>
E                   <td>YEAR_MONTH_FORMAT</td>
E                   <td class="code"><pre>&#x27;F Y&#x27;</pre></td>
E                 </tr>
E               
E             </tbody>
E           </table>
E         
E         </div>
E         </main>
E         
E         
E           <footer id="explanation">
E             <p>
E               You’re seeing this error because you have <code>DEBUG = True</code> in your
E               Django settings file. Change that to <code>False</code>, and Django will
E               display a standard page generated by the handler for this status code.
E             </p>
E           </footer>
E         
E         </body>
E         </html>
E         
E       assert 500 == 200
E        +  where 500 = <Response [500]>.status_code

conftest.py:29: AssertionError
_____________________ ERROR at setup of test_chat_endpoint _____________________

    @pytest.fixture
    def token():
        # Créer un utilisateur de test unique
        base_url = "http://127.0.0.1:8000"
        username = "testuser_" + ''.join(random.choices(string.ascii_lowercase + string.digits, k=6))
        email = username + "@example.com"
        password = "TestUser1234!"
        register_data = {
            "username": username,
            "email": email,
            "password": password,
            "password2": password,
            "user_type": "client",
            "first_name": "Test",
            "last_name": "User",
            "address": "Test Address",
            "phone_number": "+22500000000"
        }
        # Inscription
        requests.post(f"{base_url}/users/register/", json=register_data)
        # Connexion
        login_data = {"email": email, "password": password}
        resp = requests.post(f"{base_url}/users/login/", json=login_data)
>       assert resp.status_code == 200, f"Échec de la connexion test: {resp.text}"
E       AssertionError: Échec de la connexion test: <!DOCTYPE html>
E         <html lang="en">
E         <head>
E           <meta http-equiv="content-type" content="text/html; charset=utf-8">
E           <meta name="robots" content="NONE,NOARCHIVE">
E           <title>IntegrityError
E                   at /users/login/</title>
E           <style>
E             html * { padding:0; margin:0; }
E             body * { padding:10px 20px; }
E             body * * { padding:0; }
E             body { font-family: sans-serif; background-color:#fff; color:#000; }
E             body > :where(header, main, footer) { border-bottom:1px solid #ddd; }
E             h1 { font-weight:normal; }
E             h2 { margin-bottom:.8em; }
E             h3 { margin:1em 0 .5em 0; }
E             h4 { margin:0 0 .5em 0; font-weight: normal; }
E             code, pre { font-size: 100%; white-space: pre-wrap; word-break: break-word; }
E             summary { cursor: pointer; }
E             table { border:1px solid #ccc; border-collapse: collapse; width:100%; background:white; }
E             tbody td, tbody th { vertical-align:top; padding:2px 3px; }
E             thead th {
E               padding:1px 6px 1px 3px; background:#fefefe; text-align:left;
E               font-weight:normal; font-size: 0.6875rem; border:1px solid #ddd;
E             }
E             tbody th { width:12em; text-align:right; color:#666; padding-right:.5em; }
E             table.vars { margin:5px 10px 2px 40px; width: auto; }
E             table.vars td, table.req td { font-family:monospace; }
E             table td.code { width:100%; }
E             table td.code pre { overflow:hidden; }
E             table.source th { color:#666; }
E             table.source td { font-family:monospace; white-space:pre; border-bottom:1px solid #eee; }
E             ul.traceback { list-style-type:none; color: #222; }
E             ul.traceback li.cause { word-break: break-word; }
E             ul.traceback li.frame { padding-bottom:1em; color:#4f4f4f; }
E             ul.traceback li.user { background-color:#e0e0e0; color:#000 }
E             div.context { padding:10px 0; overflow:hidden; }
E             div.context ol { padding-left:30px; margin:0 10px; list-style-position: inside; }
E             div.context ol li { font-family:monospace; white-space:pre; color:#777; cursor:pointer; padding-left: 2px; }
E             div.context ol li pre { display:inline; }
E             div.context ol.context-line li { color:#464646; background-color:#dfdfdf; padding: 3px 2px; }
E             div.context ol.context-line li span { position:absolute; right:32px; }
E             .user div.context ol.context-line li { background-color:#bbb; color:#000; }
E             .user div.context ol li { color:#666; }
E             div.commands, summary.commands { margin-left: 40px; }
E             div.commands a, summary.commands { color:#555; text-decoration:none; }
E             .user div.commands a { color: black; }
E             #summary { background: #ffc; }
E             #summary h2 { font-weight: normal; color: #666; }
E             #info { padding: 0; }
E             #info > * { padding:10px 20px; }
E             #explanation { background:#eee; }
E             #template, #template-not-exist { background:#f6f6f6; }
E             #template-not-exist ul { margin: 0 0 10px 20px; }
E             #template-not-exist .postmortem-section { margin-bottom: 3px; }
E             #unicode-hint { background:#eee; }
E             #traceback { background:#eee; }
E             #requestinfo { background:#f6f6f6; padding-left:120px; }
E             #summary table { border:none; background:transparent; }
E             #requestinfo h2, #requestinfo h3 { position:relative; margin-left:-100px; }
E             #requestinfo h3 { margin-bottom:-1em; }
E             .error { background: #ffc; }
E             .specific { color:#cc3300; font-weight:bold; }
E             h2 span.commands { font-size: 0.7rem; font-weight:normal; }
E             span.commands a:link {color:#5E5694;}
E             pre.exception_value { font-family: sans-serif; color: #575757; font-size: 1.5rem; margin: 10px 0 10px 0; }
E             .append-bottom { margin-bottom: 10px; }
E             .fname { user-select: all; }
E           </style>
E           
E           <script>
E             function hideAll(elems) {
E               for (var e = 0; e < elems.length; e++) {
E                 elems[e].style.display = 'none';
E               }
E             }
E             window.onload = function() {
E               hideAll(document.querySelectorAll('ol.pre-context'));
E               hideAll(document.querySelectorAll('ol.post-context'));
E               hideAll(document.querySelectorAll('div.pastebin'));
E             }
E             function toggle() {
E               for (var i = 0; i < arguments.length; i++) {
E                 var e = document.getElementById(arguments[i]);
E                 if (e) {
E                   e.style.display = e.style.display == 'none' ? 'block': 'none';
E                 }
E               }
E               return false;
E             }
E             function switchPastebinFriendly(link) {
E               s1 = "Switch to copy-and-paste view";
E               s2 = "Switch back to interactive view";
E               link.textContent = link.textContent.trim() == s1 ? s2: s1;
E               toggle('browserTraceback', 'pastebinTraceback');
E               return false;
E             }
E           </script>
E           
E         </head>
E         <body>
E         <header id="summary">
E           <h1>IntegrityError
E                at /users/login/</h1>
E           <pre class="exception_value">FOREIGN KEY constraint failed</pre>
E           <table class="meta">
E         
E             <tr>
E               <th scope="row">Request Method:</th>
E               <td>POST</td>
E             </tr>
E             <tr>
E               <th scope="row">Request URL:</th>
E               <td>http://127.0.0.1:8000/users/login/</td>
E             </tr>
E         
E             <tr>
E               <th scope="row">Django Version:</th>
E               <td>5.2.4</td>
E             </tr>
E         
E             <tr>
E               <th scope="row">Exception Type:</th>
E               <td>IntegrityError</td>
E             </tr>
E         
E         
E             <tr>
E               <th scope="row">Exception Value:</th>
E               <td><pre>FOREIGN KEY constraint failed</pre></td>
E             </tr>
E         
E         
E             <tr>
E               <th scope="row">Exception Location:</th>
E               <td><span class="fname">/Users/mohamedbechirdiarra/Downloads/prototypeGamma/Backend/venv/lib/python3.13/site-packages/django/db/utils.py</span>, line 98, in inner</td>
E             </tr>
E         
E         
E             <tr>
E               <th scope="row">Raised during:</th>
E               <td>users.views.UserViewSet</td>
E             </tr>
E         
E             <tr>
E               <th scope="row">Python Executable:</th>
E               <td>/Users/mohamedbechirdiarra/Downloads/prototypeGamma/Backend/venv/bin/python3.13</td>
E             </tr>
E             <tr>
E               <th scope="row">Python Version:</th>
E               <td>3.13.5</td>
E             </tr>
E             <tr>
E               <th scope="row">Python Path:</th>
E               <td><pre><code>[&#x27;.&#x27;,
E          &#x27;/Users/mohamedbechirdiarra/Downloads/prototypeGamma/Backend/venv/bin&#x27;,
E          &#x27;/Users/mohamedbechirdiarra/Downloads/prototypeGamma&#x27;,
E          &#x27;/Users/mohamedbechirdiarra/Downloads/prototypeGamma/Backend&#x27;,
E          &#x27;/opt/homebrew/Cellar/python@3.13/3.13.5/Frameworks/Python.framework/Versions/3.13/lib/python313.zip&#x27;,
E          &#x27;/opt/homebrew/Cellar/python@3.13/3.13.5/Frameworks/Python.framework/Versions/3.13/lib/python3.13&#x27;,
E          &#x27;/opt/homebrew/Cellar/python@3.13/3.13.5/Frameworks/Python.framework/Versions/3.13/lib/python3.13/lib-dynload&#x27;,
E          &#x27;/Users/mohamedbechirdiarra/Downloads/prototypeGamma/Backend/venv/lib/python3.13/site-packages&#x27;]</code></pre></td>
E             </tr>
E             <tr>
E               <th scope="row">Server time:</th>
E               <td>Mon, 14 Jul 2025 11:43:30 +0000</td>
E             </tr>
E           </table>
E         </header>
E         
E         <main id="info">
E         
E         
E         
E         
E         <div id="traceback">
E           <h2>Traceback <span class="commands"><a href="#" role="button" onclick="return switchPastebinFriendly(this);">
E             Switch to copy-and-paste view</a></span>
E           </h2>
E           <div id="browserTraceback">
E             <ul class="traceback">
E               
E                 
E                 <li class="frame django">
E                   
E                     <code class="fname">/Users/mohamedbechirdiarra/Downloads/prototypeGamma/Backend/venv/lib/python3.13/site-packages/django/db/utils.py</code>, line 98, in inner
E                   
E         
E                   
E                     <div class="context" id="c4437132032">
E                       
E                         <ol start="91" class="pre-context" id="pre4437132032">
E                         
E                           <li onclick="toggle('pre4437132032', 'post4437132032')"><pre>                raise dj_exc_value.with_traceback(traceback) from exc_value</pre></li>
E                         
E                           <li onclick="toggle('pre4437132032', 'post4437132032')"><pre></pre></li>
E                         
E                           <li onclick="toggle('pre4437132032', 'post4437132032')"><pre>    def __call__(self, func):</pre></li>
E                         
E                           <li onclick="toggle('pre4437132032', 'post4437132032')"><pre>        # Note that we are intentionally not using @wraps here for performance</pre></li>
E                         
E                           <li onclick="toggle('pre4437132032', 'post4437132032')"><pre>        # reasons. Refs #21109.</pre></li>
E                         
E                           <li onclick="toggle('pre4437132032', 'post4437132032')"><pre>        def inner(*args, **kwargs):</pre></li>
E                         
E                           <li onclick="toggle('pre4437132032', 'post4437132032')"><pre>            with self:</pre></li>
E                         
E                         </ol>
E                       
E                       <ol start="98" class="context-line">
E                         <li onclick="toggle('pre4437132032', 'post4437132032')"><pre>                return func(*args, **kwargs)
E                                    ^^^^^^^^^^^^^^^^^^^^^</pre> <span>…</span></li>
E                       </ol>
E                       
E                         <ol start='99' class="post-context" id="post4437132032">
E                           
E                           <li onclick="toggle('pre4437132032', 'post4437132032')"><pre></pre></li>
E                           
E                           <li onclick="toggle('pre4437132032', 'post4437132032')"><pre>        return inner</pre></li>
E                           
E                           <li onclick="toggle('pre4437132032', 'post4437132032')"><pre></pre></li>
E                           
E                           <li onclick="toggle('pre4437132032', 'post4437132032')"><pre></pre></li>
E                           
E                           <li onclick="toggle('pre4437132032', 'post4437132032')"><pre>def load_backend(backend_name):</pre></li>
E                           
E                           <li onclick="toggle('pre4437132032', 'post4437132032')"><pre>    &quot;&quot;&quot;</pre></li>
E                           
E                       </ol>
E                       
E                     </div>
E                   
E         
E                   
E                     
E                       <details>
E                         <summary class="commands">Local vars</summary>
E                     
E                     <table class="vars" id="v4437132032">
E                       <thead>
E                         <tr>
E                           <th scope="col">Variable</th>
E                           <th scope="col">Value</th>
E                         </tr>
E                       </thead>
E                       <tbody>
E                         
E                           <tr>
E                             <td>args</td>
E                             <td class="code"><pre>()</pre></td>
E                           </tr>
E                         
E                           <tr>
E                             <td>func</td>
E                             <td class="code"><pre>&lt;built-in method fetchone of SQLiteCursorWrapper object at 0x1087b4950&gt;</pre></td>
E                           </tr>
E                         
E                           <tr>
E                             <td>kwargs</td>
E                             <td class="code"><pre>{}</pre></td>
E                           </tr>
E                         
E                           <tr>
E                             <td>self</td>
E                             <td class="code"><pre>&lt;django.db.utils.DatabaseErrorWrapper object at 0x10890d180&gt;</pre></td>
E                           </tr>
E                         
E                       </tbody>
E                     </table>
E                     </details>
E                   
E                 </li>
E               
E                 
E                   <li class="cause"><h3>
E                   
E                     The above exception (FOREIGN KEY constraint failed) was the direct cause of the following exception:
E                   
E                 </h3></li>
E                 
E                 <li class="frame django">
E                   
E                     <code class="fname">/Users/mohamedbechirdiarra/Downloads/prototypeGamma/Backend/venv/lib/python3.13/site-packages/django/core/handlers/exception.py</code>, line 42, in inner
E                   
E         
E                   
E                     <div class="context" id="c4436863104">
E                       
E                         <ol start="35" class="pre-context" id="pre4436863104">
E                         
E                           <li onclick="toggle('pre4436863104', 'post4436863104')"><pre>    can rely on getting a response instead of an exception.</pre></li>
E                         
E                           <li onclick="toggle('pre4436863104', 'post4436863104')"><pre>    &quot;&quot;&quot;</pre></li>
E                         
E                           <li onclick="toggle('pre4436863104', 'post4436863104')"><pre>    if iscoroutinefunction(get_response):</pre></li>
E                         
E                           <li onclick="toggle('pre4436863104', 'post4436863104')"><pre></pre></li>
E                         
E                           <li onclick="toggle('pre4436863104', 'post4436863104')"><pre>        @wraps(get_response)</pre></li>
E                         
E                           <li onclick="toggle('pre4436863104', 'post4436863104')"><pre>        async def inner(request):</pre></li>
E                         
E                           <li onclick="toggle('pre4436863104', 'post4436863104')"><pre>            try:</pre></li>
E                         
E                         </ol>
E                       
E                       <ol start="42" class="context-line">
E                         <li onclick="toggle('pre4436863104', 'post4436863104')"><pre>                response = await get_response(request)
E                                        ^^^^^^^^^^^^^^^^^^^^^^^^^^^</pre> <span>…</span></li>
E                       </ol>
E                       
E                         <ol start='43' class="post-context" id="post4436863104">
E                           
E                           <li onclick="toggle('pre4436863104', 'post4436863104')"><pre>            except Exception as exc:</pre></li>
E                           
E                           <li onclick="toggle('pre4436863104', 'post4436863104')"><pre>                response = await sync_to_async(</pre></li>
E                           
E                           <li onclick="toggle('pre4436863104', 'post4436863104')"><pre>                    response_for_exception, thread_sensitive=False</pre></li>
E                           
E                           <li onclick="toggle('pre4436863104', 'post4436863104')"><pre>                )(request, exc)</pre></li>
E                           
E                           <li onclick="toggle('pre4436863104', 'post4436863104')"><pre>            return response</pre></li>
E                           
E                           <li onclick="toggle('pre4436863104', 'post4436863104')"><pre></pre></li>
E                           
E                       </ol>
E                       
E                     </div>
E                   
E         
E                   
E                     
E                       <details>
E                         <summary class="commands">Local vars</summary>
E                     
E                     <table class="vars" id="v4436863104">
E                       <thead>
E                         <tr>
E                           <th scope="col">Variable</th>
E                           <th scope="col">Value</th>
E                         </tr>
E                       </thead>
E                       <tbody>
E                         
E                           <tr>
E                             <td>exc</td>
E                             <td class="code"><pre>IntegrityError(&#x27;FOREIGN KEY constraint failed&#x27;)</pre></td>
E                           </tr>
E                         
E                           <tr>
E                             <td>get_response</td>
E                             <td class="code"><pre>&lt;bound method BaseHandler._get_response_async of &lt;django.core.handlers.asgi.ASGIHandler object at 0x107235940&gt;&gt;</pre></td>
E                           </tr>
E                         
E                           <tr>
E                             <td>request</td>
E                             <td class="code"><pre>&lt;ASGIRequest: POST &#x27;/users/login/&#x27;&gt;</pre></td>
E                           </tr>
E                         
E                       </tbody>
E                     </table>
E                     </details>
E                   
E                 </li>
E               
E                 
E                 <li class="frame django">
E                   
E                     <code class="fname">/Users/mohamedbechirdiarra/Downloads/prototypeGamma/Backend/venv/lib/python3.13/site-packages/django/core/handlers/base.py</code>, line 253, in _get_response_async
E                   
E         
E                   
E                     <div class="context" id="c4437676800">
E                       
E                         <ol start="246" class="pre-context" id="pre4437676800">
E                         
E                           <li onclick="toggle('pre4437676800', 'post4437676800')"><pre>            wrapped_callback = self.make_view_atomic(callback)</pre></li>
E                         
E                           <li onclick="toggle('pre4437676800', 'post4437676800')"><pre>            # If it is a synchronous view, run it in a subthread</pre></li>
E                         
E                           <li onclick="toggle('pre4437676800', 'post4437676800')"><pre>            if not iscoroutinefunction(wrapped_callback):</pre></li>
E                         
E                           <li onclick="toggle('pre4437676800', 'post4437676800')"><pre>                wrapped_callback = sync_to_async(</pre></li>
E                         
E                           <li onclick="toggle('pre4437676800', 'post4437676800')"><pre>                    wrapped_callback, thread_sensitive=True</pre></li>
E                         
E                           <li onclick="toggle('pre4437676800', 'post4437676800')"><pre>                )</pre></li>
E                         
E                           <li onclick="toggle('pre4437676800', 'post4437676800')"><pre>            try:</pre></li>
E                         
E                         </ol>
E                       
E                       <ol start="253" class="context-line">
E                         <li onclick="toggle('pre4437676800', 'post4437676800')"><pre>                response = await wrapped_callback(
E                                         </pre> <span>…</span></li>
E                       </ol>
E                       
E                         <ol start='254' class="post-context" id="post4437676800">
E                           
E                           <li onclick="toggle('pre4437676800', 'post4437676800')"><pre>                    request, *callback_args, **callback_kwargs</pre></li>
E                           
E                           <li onclick="toggle('pre4437676800', 'post4437676800')"><pre>                )</pre></li>
E                           
E                           <li onclick="toggle('pre4437676800', 'post4437676800')"><pre>            except Exception as e:</pre></li>
E                           
E                           <li onclick="toggle('pre4437676800', 'post4437676800')"><pre>                response = await sync_to_async(</pre></li>
E                           
E                           <li onclick="toggle('pre4437676800', 'post4437676800')"><pre>                    self.process_exception_by_middleware,</pre></li>
E                           
E                           <li onclick="toggle('pre4437676800', 'post4437676800')"><pre>                    thread_sensitive=True,</pre></li>
E                           
E                       </ol>
E                       
E                     </div>
E                   
E         
E                   
E                     
E                       <details>
E                         <summary class="commands">Local vars</summary>
E                     
E                     <table class="vars" id="v4437676800">
E                       <thead>
E                         <tr>
E                           <th scope="col">Variable</th>
E                           <th scope="col">Value</th>
E                         </tr>
E                       </thead>
E                       <tbody>
E                         
E                           <tr>
E                             <td>callback</td>
E                             <td class="code"><pre>&lt;function UserViewSet at 0x107747c40&gt;</pre></td>
E                           </tr>
E                         
E                           <tr>
E                             <td>callback_args</td>
E                             <td class="code"><pre>()</pre></td>
E                           </tr>
E                         
E                           <tr>
E                             <td>callback_kwargs</td>
E                             <td class="code"><pre>{}</pre></td>
E                           </tr>
E                         
E                           <tr>
E                             <td>middleware_method</td>
E                             <td class="code"><pre>&lt;asgiref.sync.SyncToAsync object at 0x10727f8c0&gt;</pre></td>
E                           </tr>
E                         
E                           <tr>
E                             <td>request</td>
E                             <td class="code"><pre>&lt;ASGIRequest: POST &#x27;/users/login/&#x27;&gt;</pre></td>
E                           </tr>
E                         
E                           <tr>
E                             <td>response</td>
E                             <td class="code"><pre>None</pre></td>
E                           </tr>
E                         
E                           <tr>
E                             <td>self</td>
E                             <td class="code"><pre>&lt;django.core.handlers.asgi.ASGIHandler object at 0x107235940&gt;</pre></td>
E                           </tr>
E                         
E                           <tr>
E                             <td>wrapped_callback</td>
E                             <td class="code"><pre>&lt;asgiref.sync.SyncToAsync object at 0x1087acf50&gt;</pre></td>
E                           </tr>
E                         
E                       </tbody>
E                     </table>
E                     </details>
E                   
E                 </li>
E               
E                 
E                 <li class="frame django">
E                   
E                     <code class="fname">/Users/mohamedbechirdiarra/Downloads/prototypeGamma/Backend/venv/lib/python3.13/site-packages/django/views/decorators/csrf.py</code>, line 65, in _view_wrapper
E                   
E         
E                   
E                     <div class="context" id="c4437136000">
E                       
E                         <ol start="58" class="pre-context" id="pre4437136000">
E                         
E                           <li onclick="toggle('pre4437136000', 'post4437136000')"><pre></pre></li>
E                         
E                           <li onclick="toggle('pre4437136000', 'post4437136000')"><pre>        async def _view_wrapper(request, *args, **kwargs):</pre></li>
E                         
E                           <li onclick="toggle('pre4437136000', 'post4437136000')"><pre>            return await view_func(request, *args, **kwargs)</pre></li>
E                         
E                           <li onclick="toggle('pre4437136000', 'post4437136000')"><pre></pre></li>
E                         
E                           <li onclick="toggle('pre4437136000', 'post4437136000')"><pre>    else:</pre></li>
E                         
E                           <li onclick="toggle('pre4437136000', 'post4437136000')"><pre></pre></li>
E                         
E                           <li onclick="toggle('pre4437136000', 'post4437136000')"><pre>        def _view_wrapper(request, *args, **kwargs):</pre></li>
E                         
E                         </ol>
E                       
E                       <ol start="65" class="context-line">
E                         <li onclick="toggle('pre4437136000', 'post4437136000')"><pre>            return view_func(request, *args, **kwargs)
E                                ^^^^^^^^^^^^^^^^^^^^^^^^^^^^^^^^^^^</pre> <span>…</span></li>
E                       </ol>
E                       
E                         <ol start='66' class="post-context" id="post4437136000">
E                           
E                           <li onclick="toggle('pre4437136000', 'post4437136000')"><pre></pre></li>
E                           
E                           <li onclick="toggle('pre4437136000', 'post4437136000')"><pre>    _view_wrapper.csrf_exempt = True</pre></li>
E                           
E                           <li onclick="toggle('pre4437136000', 'post4437136000')"><pre></pre></li>
E                           
E                           <li onclick="toggle('pre4437136000', 'post4437136000')"><pre>    return wraps(view_func)(_view_wrapper)</pre></li>
E                           
E                       </ol>
E                       
E                     </div>
E                   
E         
E                   
E                     
E                       <details>
E                         <summary class="commands">Local vars</summary>
E                     
E                     <table class="vars" id="v4437136000">
E                       <thead>
E                         <tr>
E                           <th scope="col">Variable</th>
E                           <th scope="col">Value</th>
E                         </tr>
E                       </thead>
E                       <tbody>
E                         
E                           <tr>
E                             <td>args</td>
E                             <td class="code"><pre>()</pre></td>
E                           </tr>
E                         
E                           <tr>
E                             <td>kwargs</td>
E                             <td class="code"><pre>{}</pre></td>
E                           </tr>
E                         
E                           <tr>
E                             <td>request</td>
E                             <td class="code"><pre>&lt;ASGIRequest: POST &#x27;/users/login/&#x27;&gt;</pre></td>
E                           </tr>
E                         
E                           <tr>
E                             <td>view_func</td>
E                             <td class="code"><pre>&lt;function UserViewSet at 0x107747ba0&gt;</pre></td>
E                           </tr>
E                         
E                       </tbody>
E                     </table>
E                     </details>
E                   
E                 </li>
E               
E                 
E                 <li class="frame user">
E                   
E                     <code class="fname">/Users/mohamedbechirdiarra/Downloads/prototypeGamma/Backend/venv/lib/python3.13/site-packages/rest_framework/viewsets.py</code>, line 125, in view
E                   
E         
E                   
E                     <div class="context" id="c4437681216">
E                       
E                         <ol start="118" class="pre-context" id="pre4437681216">
E                         
E                           <li onclick="toggle('pre4437681216', 'post4437681216')"><pre>                setattr(self, method, handler)</pre></li>
E                         
E                           <li onclick="toggle('pre4437681216', 'post4437681216')"><pre></pre></li>
E                         
E                           <li onclick="toggle('pre4437681216', 'post4437681216')"><pre>            self.request = request</pre></li>
E                         
E                           <li onclick="toggle('pre4437681216', 'post4437681216')"><pre>            self.args = args</pre></li>
E                         
E                           <li onclick="toggle('pre4437681216', 'post4437681216')"><pre>            self.kwargs = kwargs</pre></li>
E                         
E                           <li onclick="toggle('pre4437681216', 'post4437681216')"><pre></pre></li>
E                         
E                           <li onclick="toggle('pre4437681216', 'post4437681216')"><pre>            # And continue as usual</pre></li>
E                         
E                         </ol>
E                       
E                       <ol start="125" class="context-line">
E                         <li onclick="toggle('pre4437681216', 'post4437681216')"><pre>            return self.dispatch(request, *args, **kwargs)
E                                 ^^^^^^^^^^^^^^^^^^^^^^^^^^^^^^^^^^^^^^^</pre> <span>…</span></li>
E                       </ol>
E                       
E                         <ol start='126' class="post-context" id="post4437681216">
E                           
E                           <li onclick="toggle('pre4437681216', 'post4437681216')"><pre></pre></li>
E                           
E                           <li onclick="toggle('pre4437681216', 'post4437681216')"><pre>        # take name and docstring from class</pre></li>
E                           
E                           <li onclick="toggle('pre4437681216', 'post4437681216')"><pre>        update_wrapper(view, cls, updated=())</pre></li>
E                           
E                           <li onclick="toggle('pre4437681216', 'post4437681216')"><pre></pre></li>
E                           
E                           <li onclick="toggle('pre4437681216', 'post4437681216')"><pre>        # and possible attributes set by decorators</pre></li>
E                           
E                           <li onclick="toggle('pre4437681216', 'post4437681216')"><pre>        # like csrf_exempt from dispatch</pre></li>
E                           
E                       </ol>
E                       
E                     </div>
E                   
E         
E                   
E                     
E                       <details>
E                         <summary class="commands">Local vars</summary>
E                     
E                     <table class="vars" id="v4437681216">
E                       <thead>
E                         <tr>
E                           <th scope="col">Variable</th>
E                           <th scope="col">Value</th>
E                         </tr>
E                       </thead>
E                       <tbody>
E                         
E                           <tr>
E                             <td>action</td>
E                             <td class="code"><pre>&#x27;login&#x27;</pre></td>
E                           </tr>
E                         
E                           <tr>
E                             <td>actions</td>
E                             <td class="code"><pre>{&#x27;post&#x27;: &#x27;login&#x27;}</pre></td>
E                           </tr>
E                         
E                           <tr>
E                             <td>args</td>
E                             <td class="code"><pre>()</pre></td>
E                           </tr>
E                         
E                           <tr>
E                             <td>cls</td>
E                             <td class="code"><pre>&lt;class &#x27;users.views.UserViewSet&#x27;&gt;</pre></td>
E                           </tr>
E                         
E                           <tr>
E                             <td>handler</td>
E                             <td class="code"><pre>&lt;bound method UserViewSet.login of &lt;users.views.UserViewSet object at 0x108827ac0&gt;&gt;</pre></td>
E                           </tr>
E                         
E                           <tr>
E                             <td>initkwargs</td>
E                             <td class="code"><pre>{}</pre></td>
E                           </tr>
E                         
E                           <tr>
E                             <td>kwargs</td>
E                             <td class="code"><pre>{}</pre></td>
E                           </tr>
E                         
E                           <tr>
E                             <td>method</td>
E                             <td class="code"><pre>&#x27;post&#x27;</pre></td>
E                           </tr>
E                         
E                           <tr>
E                             <td>request</td>
E                             <td class="code"><pre>&lt;ASGIRequest: POST &#x27;/users/login/&#x27;&gt;</pre></td>
E                           </tr>
E                         
E                           <tr>
E                             <td>self</td>
E                             <td class="code"><pre>&lt;users.views.UserViewSet object at 0x108827ac0&gt;</pre></td>
E                           </tr>
E                         
E                       </tbody>
E                     </table>
E                     </details>
E                   
E                 </li>
E               
E                 
E                 <li class="frame user">
E                   
E                     <code class="fname">/Users/mohamedbechirdiarra/Downloads/prototypeGamma/Backend/users/views.py</code>, line 641, in dispatch
E                   
E         
E                   
E                     <div class="context" id="c4437685248">
E                       
E                         <ol start="634" class="pre-context" id="pre4437685248">
E                         
E                           <li onclick="toggle('pre4437685248', 'post4437685248')"><pre>            phone = None</pre></li>
E                         
E                           <li onclick="toggle('pre4437685248', 'post4437685248')"><pre>            if hasattr(user, &#x27;client_profile&#x27;):</pre></li>
E                         
E                           <li onclick="toggle('pre4437685248', 'post4437685248')"><pre>                phone = getattr(user.client_profile, &#x27;phone&#x27;, None)</pre></li>
E                         
E                           <li onclick="toggle('pre4437685248', 'post4437685248')"><pre>            elif hasattr(user, &#x27;technician_profile&#x27;):</pre></li>
E                         
E                           <li onclick="toggle('pre4437685248', 'post4437685248')"><pre>                phone = getattr(user.technician_profile, &#x27;phone&#x27;, None)</pre></li>
E                         
E                           <li onclick="toggle('pre4437685248', 'post4437685248')"><pre>            if not phone:</pre></li>
E                         
E                           <li onclick="toggle('pre4437685248', 'post4437685248')"><pre>                return Response({&#x27;error&#x27;: &#x27;Numéro de téléphone obligatoire. Veuillez compléter votre profil.&#x27;}, status=403)</pre></li>
E                         
E                         </ol>
E                       
E                       <ol start="641" class="context-line">
E                         <li onclick="toggle('pre4437685248', 'post4437685248')"><pre>        return super().dispatch(request, *args, **kwargs)
E                             ^^^^^^^^^^^^^^^^^^^^^^^^^^^^^^^^^^^^^^^^^^</pre> <span>…</span></li>
E                       </ol>
E                       
E                         <ol start='642' class="post-context" id="post4437685248">
E                           
E                           <li onclick="toggle('pre4437685248', 'post4437685248')"><pre></pre></li>
E                           
E                           <li onclick="toggle('pre4437685248', 'post4437685248')"><pre>class SecurityDashboardView(APIView):</pre></li>
E                           
E                           <li onclick="toggle('pre4437685248', 'post4437685248')"><pre>    permission_classes = [IsAdminUser]</pre></li>
E                           
E                           <li onclick="toggle('pre4437685248', 'post4437685248')"><pre></pre></li>
E                           
E                           <li onclick="toggle('pre4437685248', 'post4437685248')"><pre>    def get(self, request):</pre></li>
E                           
E                           <li onclick="toggle('pre4437685248', 'post4437685248')"><pre>        now = timezone.now()</pre></li>
E                           
E                       </ol>
E                       
E                     </div>
E                   
E         
E                   
E                     
E                       <details>
E                         <summary class="commands">Local vars</summary>
E                     
E                     <table class="vars" id="v4437685248">
E                       <thead>
E                         <tr>
E                           <th scope="col">Variable</th>
E                           <th scope="col">Value</th>
E                         </tr>
E                       </thead>
E                       <tbody>
E                         
E                           <tr>
E                             <td>__class__</td>
E                             <td class="code"><pre>&lt;class &#x27;users.views.UserViewSet&#x27;&gt;</pre></td>
E                           </tr>
E                         
E                           <tr>
E                             <td>action</td>
E                             <td class="code"><pre>None</pre></td>
E                           </tr>
E                         
E                           <tr>
E                             <td>args</td>
E                             <td class="code"><pre>()</pre></td>
E                           </tr>
E                         
E                           <tr>
E                             <td>exempt_actions</td>
E                             <td class="code"><pre>[&#x27;register&#x27;, &#x27;login&#x27;, &#x27;refresh_token&#x27;, &#x27;update_profile&#x27;, &#x27;me&#x27;]</pre></td>
E                           </tr>
E                         
E                           <tr>
E                             <td>kwargs</td>
E                             <td class="code"><pre>{}</pre></td>
E                           </tr>
E                         
E                           <tr>
E                             <td>request</td>
E                             <td class="code"><pre>&lt;ASGIRequest: POST &#x27;/users/login/&#x27;&gt;</pre></td>
E                           </tr>
E                         
E                           <tr>
E                             <td>self</td>
E                             <td class="code"><pre>&lt;users.views.UserViewSet object at 0x108827ac0&gt;</pre></td>
E                           </tr>
E                         
E                       </tbody>
E                     </table>
E                     </details>
E                   
E                 </li>
E               
E                 
E                 <li class="frame user">
E                   
E                     <code class="fname">/Users/mohamedbechirdiarra/Downloads/prototypeGamma/Backend/venv/lib/python3.13/site-packages/rest_framework/views.py</code>, line 515, in dispatch
E                   
E         
E                   
E                     <div class="context" id="c4437146688">
E                       
E                         <ol start="508" class="pre-context" id="pre4437146688">
E                         
E                           <li onclick="toggle('pre4437146688', 'post4437146688')"><pre>                                  self.http_method_not_allowed)</pre></li>
E                         
E                           <li onclick="toggle('pre4437146688', 'post4437146688')"><pre>            else:</pre></li>
E                         
E                           <li onclick="toggle('pre4437146688', 'post4437146688')"><pre>                handler = self.http_method_not_allowed</pre></li>
E                         
E                           <li onclick="toggle('pre4437146688', 'post4437146688')"><pre></pre></li>
E                         
E                           <li onclick="toggle('pre4437146688', 'post4437146688')"><pre>            response = handler(request, *args, **kwargs)</pre></li>
E                         
E                           <li onclick="toggle('pre4437146688', 'post4437146688')"><pre></pre></li>
E                         
E                           <li onclick="toggle('pre4437146688', 'post4437146688')"><pre>        except Exception as exc:</pre></li>
E                         
E                         </ol>
E                       
E                       <ol start="515" class="context-line">
E                         <li onclick="toggle('pre4437146688', 'post4437146688')"><pre>            response = self.handle_exception(exc)
E                                     ^^^^^^^^^^^^^^^^^^^^^^^^^^</pre> <span>…</span></li>
E                       </ol>
E                       
E                         <ol start='516' class="post-context" id="post4437146688">
E                           
E                           <li onclick="toggle('pre4437146688', 'post4437146688')"><pre></pre></li>
E                           
E                           <li onclick="toggle('pre4437146688', 'post4437146688')"><pre>        self.response = self.finalize_response(request, response, *args, **kwargs)</pre></li>
E                           
E                           <li onclick="toggle('pre4437146688', 'post4437146688')"><pre>        return self.response</pre></li>
E                           
E                           <li onclick="toggle('pre4437146688', 'post4437146688')"><pre></pre></li>
E                           
E                           <li onclick="toggle('pre4437146688', 'post4437146688')"><pre>    def options(self, request, *args, **kwargs):</pre></li>
E                           
E                           <li onclick="toggle('pre4437146688', 'post4437146688')"><pre>        &quot;&quot;&quot;</pre></li>
E                           
E                       </ol>
E                       
E                     </div>
E                   
E         
E                   
E                     
E                       <details>
E                         <summary class="commands">Local vars</summary>
E                     
E                     <table class="vars" id="v4437146688">
E                       <thead>
E                         <tr>
E                           <th scope="col">Variable</th>
E                           <th scope="col">Value</th>
E                         </tr>
E                       </thead>
E                       <tbody>
E                         
E                           <tr>
E                             <td>args</td>
E                             <td class="code"><pre>()</pre></td>
E                           </tr>
E                         
E                           <tr>
E                             <td>handler</td>
E                             <td class="code"><pre>&lt;bound method UserViewSet.login of &lt;users.views.UserViewSet object at 0x108827ac0&gt;&gt;</pre></td>
E                           </tr>
E                         
E                           <tr>
E                             <td>kwargs</td>
E                             <td class="code"><pre>{}</pre></td>
E                           </tr>
E                         
E                           <tr>
E                             <td>request</td>
E                             <td class="code"><pre>&lt;rest_framework.request.Request: POST &#x27;/users/login/&#x27;&gt;</pre></td>
E                           </tr>
E                         
E                           <tr>
E                             <td>self</td>
E                             <td class="code"><pre>&lt;users.views.UserViewSet object at 0x108827ac0&gt;</pre></td>
E                           </tr>
E                         
E                       </tbody>
E                     </table>
E                     </details>
E                   
E                 </li>
E               
E                 
E                 <li class="frame user">
E                   
E                     <code class="fname">/Users/mohamedbechirdiarra/Downloads/prototypeGamma/Backend/venv/lib/python3.13/site-packages/rest_framework/views.py</code>, line 475, in handle_exception
E                   
E         
E                   
E                     <div class="context" id="c4437144576">
E                       
E                         <ol start="468" class="pre-context" id="pre4437144576">
E                         
E                           <li onclick="toggle('pre4437144576', 'post4437144576')"><pre></pre></li>
E                         
E                           <li onclick="toggle('pre4437144576', 'post4437144576')"><pre>        exception_handler = self.get_exception_handler()</pre></li>
E                         
E                           <li onclick="toggle('pre4437144576', 'post4437144576')"><pre></pre></li>
E                         
E                           <li onclick="toggle('pre4437144576', 'post4437144576')"><pre>        context = self.get_exception_handler_context()</pre></li>
E                         
E                           <li onclick="toggle('pre4437144576', 'post4437144576')"><pre>        response = exception_handler(exc, context)</pre></li>
E                         
E                           <li onclick="toggle('pre4437144576', 'post4437144576')"><pre></pre></li>
E                         
E                           <li onclick="toggle('pre4437144576', 'post4437144576')"><pre>        if response is None:</pre></li>
E                         
E                         </ol>
E                       
E                       <ol start="475" class="context-line">
E                         <li onclick="toggle('pre4437144576', 'post4437144576')"><pre>            self.raise_uncaught_exception(exc)
E                          ^^^^^^^^^^^^^^^^^^^^^^^^^^^^^^^^^^</pre> <span>…</span></li>
E                       </ol>
E                       
E                         <ol start='476' class="post-context" id="post4437144576">
E                           
E                           <li onclick="toggle('pre4437144576', 'post4437144576')"><pre></pre></li>
E                           
E                           <li onclick="toggle('pre4437144576', 'post4437144576')"><pre>        response.exception = True</pre></li>
E                           
E                           <li onclick="toggle('pre4437144576', 'post4437144576')"><pre>        return response</pre></li>
E                           
E                           <li onclick="toggle('pre4437144576', 'post4437144576')"><pre></pre></li>
E                           
E                           <li onclick="toggle('pre4437144576', 'post4437144576')"><pre>    def raise_uncaught_exception(self, exc):</pre></li>
E                           
E                           <li onclick="toggle('pre4437144576', 'post4437144576')"><pre>        if settings.DEBUG:</pre></li>
E                           
E                       </ol>
E                       
E                     </div>
E                   
E         
E                   
E                     
E                       <details>
E                         <summary class="commands">Local vars</summary>
E                     
E                     <table class="vars" id="v4437144576">
E                       <thead>
E                         <tr>
E                           <th scope="col">Variable</th>
E                           <th scope="col">Value</th>
E                         </tr>
E                       </thead>
E                       <tbody>
E                         
E                           <tr>
E                             <td>context</td>
E                             <td class="code"><pre>{&#x27;args&#x27;: (),
E          &#x27;kwargs&#x27;: {},
E          &#x27;request&#x27;: &lt;rest_framework.request.Request: POST &#x27;/users/login/&#x27;&gt;,
E          &#x27;view&#x27;: &lt;users.views.UserViewSet object at 0x108827ac0&gt;}</pre></td>
E                           </tr>
E                         
E                           <tr>
E                             <td>exc</td>
E                             <td class="code"><pre>IntegrityError(&#x27;FOREIGN KEY constraint failed&#x27;)</pre></td>
E                           </tr>
E                         
E                           <tr>
E                             <td>exception_handler</td>
E                             <td class="code"><pre>&lt;function exception_handler at 0x10770f100&gt;</pre></td>
E                           </tr>
E                         
E                           <tr>
E                             <td>response</td>
E                             <td class="code"><pre>None</pre></td>
E                           </tr>
E                         
E                           <tr>
E                             <td>self</td>
E                             <td class="code"><pre>&lt;users.views.UserViewSet object at 0x108827ac0&gt;</pre></td>
E                           </tr>
E                         
E                       </tbody>
E                     </table>
E                     </details>
E                   
E                 </li>
E               
E                 
E                 <li class="frame user">
E                   
E                     <code class="fname">/Users/mohamedbechirdiarra/Downloads/prototypeGamma/Backend/venv/lib/python3.13/site-packages/rest_framework/views.py</code>, line 486, in raise_uncaught_exception
E                   
E         
E                   
E                     <div class="context" id="c4437138240">
E                       
E                         <ol start="479" class="pre-context" id="pre4437138240">
E                         
E                           <li onclick="toggle('pre4437138240', 'post4437138240')"><pre></pre></li>
E                         
E                           <li onclick="toggle('pre4437138240', 'post4437138240')"><pre>    def raise_uncaught_exception(self, exc):</pre></li>
E                         
E                           <li onclick="toggle('pre4437138240', 'post4437138240')"><pre>        if settings.DEBUG:</pre></li>
E                         
E                           <li onclick="toggle('pre4437138240', 'post4437138240')"><pre>            request = self.request</pre></li>
E                         
E                           <li onclick="toggle('pre4437138240', 'post4437138240')"><pre>            renderer_format = getattr(request.accepted_renderer, &#x27;format&#x27;)</pre></li>
E                         
E                           <li onclick="toggle('pre4437138240', 'post4437138240')"><pre>            use_plaintext_traceback = renderer_format not in (&#x27;html&#x27;, &#x27;api&#x27;, &#x27;admin&#x27;)</pre></li>
E                         
E                           <li onclick="toggle('pre4437138240', 'post4437138240')"><pre>            request.force_plaintext_errors(use_plaintext_traceback)</pre></li>
E                         
E                         </ol>
E                       
E                       <ol start="486" class="context-line">
E                         <li onclick="toggle('pre4437138240', 'post4437138240')"><pre>        raise exc
E                      ^^^^^^^^^</pre> <span>…</span></li>
E                       </ol>
E                       
E                         <ol start='487' class="post-context" id="post4437138240">
E                           
E                           <li onclick="toggle('pre4437138240', 'post4437138240')"><pre></pre></li>
E                           
E                           <li onclick="toggle('pre4437138240', 'post4437138240')"><pre>    # Note: Views are made CSRF exempt from within `as_view` as to prevent</pre></li>
E                           
E                           <li onclick="toggle('pre4437138240', 'post4437138240')"><pre>    # accidental removal of this exemption in cases where `dispatch` needs to</pre></li>
E                           
E                           <li onclick="toggle('pre4437138240', 'post4437138240')"><pre>    # be overridden.</pre></li>
E                           
E                           <li onclick="toggle('pre4437138240', 'post4437138240')"><pre>    def dispatch(self, request, *args, **kwargs):</pre></li>
E                           
E                           <li onclick="toggle('pre4437138240', 'post4437138240')"><pre>        &quot;&quot;&quot;</pre></li>
E                           
E                       </ol>
E                       
E                     </div>
E                   
E         
E                   
E                     
E                       <details>
E                         <summary class="commands">Local vars</summary>
E                     
E                     <table class="vars" id="v4437138240">
E                       <thead>
E                         <tr>
E                           <th scope="col">Variable</th>
E                           <th scope="col">Value</th>
E                         </tr>
E                       </thead>
E                       <tbody>
E                         
E                           <tr>
E                             <td>exc</td>
E                             <td class="code"><pre>IntegrityError(&#x27;FOREIGN KEY constraint failed&#x27;)</pre></td>
E                           </tr>
E                         
E                           <tr>
E                             <td>renderer_format</td>
E                             <td class="code"><pre>&#x27;json&#x27;</pre></td>
E                           </tr>
E                         
E                           <tr>
E                             <td>request</td>
E                             <td class="code"><pre>&lt;rest_framework.request.Request: POST &#x27;/users/login/&#x27;&gt;</pre></td>
E                           </tr>
E                         
E                           <tr>
E                             <td>self</td>
E                             <td class="code"><pre>&lt;users.views.UserViewSet object at 0x108827ac0&gt;</pre></td>
E                           </tr>
E                         
E                           <tr>
E                             <td>use_plaintext_traceback</td>
E                             <td class="code"><pre>True</pre></td>
E                           </tr>
E                         
E                       </tbody>
E                     </table>
E                     </details>
E                   
E                 </li>
E               
E                 
E                 <li class="frame user">
E                   
E                     <code class="fname">/Users/mohamedbechirdiarra/Downloads/prototypeGamma/Backend/venv/lib/python3.13/site-packages/rest_framework/views.py</code>, line 512, in dispatch
E                   
E         
E                   
E                     <div class="context" id="c4437143744">
E                       
E                         <ol start="505" class="pre-context" id="pre4437143744">
E                         
E                           <li onclick="toggle('pre4437143744', 'post4437143744')"><pre>            # Get the appropriate handler method</pre></li>
E                         
E                           <li onclick="toggle('pre4437143744', 'post4437143744')"><pre>            if request.method.lower() in self.http_method_names:</pre></li>
E                         
E                           <li onclick="toggle('pre4437143744', 'post4437143744')"><pre>                handler = getattr(self, request.method.lower(),</pre></li>
E                         
E                           <li onclick="toggle('pre4437143744', 'post4437143744')"><pre>                                  self.http_method_not_allowed)</pre></li>
E                         
E                           <li onclick="toggle('pre4437143744', 'post4437143744')"><pre>            else:</pre></li>
E                         
E                           <li onclick="toggle('pre4437143744', 'post4437143744')"><pre>                handler = self.http_method_not_allowed</pre></li>
E                         
E                           <li onclick="toggle('pre4437143744', 'post4437143744')"><pre></pre></li>
E                         
E                         </ol>
E                       
E                       <ol start="512" class="context-line">
E                         <li onclick="toggle('pre4437143744', 'post4437143744')"><pre>            response = handler(request, *args, **kwargs)
E                                     ^^^^^^^^^^^^^^^^^^^^^^^^^^^^^^^^^</pre> <span>…</span></li>
E                       </ol>
E                       
E                         <ol start='513' class="post-context" id="post4437143744">
E                           
E                           <li onclick="toggle('pre4437143744', 'post4437143744')"><pre></pre></li>
E                           
E                           <li onclick="toggle('pre4437143744', 'post4437143744')"><pre>        except Exception as exc:</pre></li>
E                           
E                           <li onclick="toggle('pre4437143744', 'post4437143744')"><pre>            response = self.handle_exception(exc)</pre></li>
E                           
E                           <li onclick="toggle('pre4437143744', 'post4437143744')"><pre></pre></li>
E                           
E                           <li onclick="toggle('pre4437143744', 'post4437143744')"><pre>        self.response = self.finalize_response(request, response, *args, **kwargs)</pre></li>
E                           
E                           <li onclick="toggle('pre4437143744', 'post4437143744')"><pre>        return self.response</pre></li>
E                           
E                       </ol>
E                       
E                     </div>
E                   
E         
E                   
E                     
E                       <details>
E                         <summary class="commands">Local vars</summary>
E                     
E                     <table class="vars" id="v4437143744">
E                       <thead>
E                         <tr>
E                           <th scope="col">Variable</th>
E                           <th scope="col">Value</th>
E                         </tr>
E                       </thead>
E                       <tbody>
E                         
E                           <tr>
E                             <td>args</td>
E                             <td class="code"><pre>()</pre></td>
E                           </tr>
E                         
E                           <tr>
E                             <td>handler</td>
E                             <td class="code"><pre>&lt;bound method UserViewSet.login of &lt;users.views.UserViewSet object at 0x108827ac0&gt;&gt;</pre></td>
E                           </tr>
E                         
E                           <tr>
E                             <td>kwargs</td>
E                             <td class="code"><pre>{}</pre></td>
E                           </tr>
E                         
E                           <tr>
E                             <td>request</td>
E                             <td class="code"><pre>&lt;rest_framework.request.Request: POST &#x27;/users/login/&#x27;&gt;</pre></td>
E                           </tr>
E                         
E                           <tr>
E                             <td>self</td>
E                             <td class="code"><pre>&lt;users.views.UserViewSet object at 0x108827ac0&gt;</pre></td>
E                           </tr>
E                         
E                       </tbody>
E                     </table>
E                     </details>
E                   
E                 </li>
E               
E                 
E                 <li class="frame user">
E                   
E                     <code class="fname">/Users/mohamedbechirdiarra/Downloads/prototypeGamma/Backend/users/views.py</code>, line 382, in login
E                   
E         
E                   
E                     <div class="context" id="c4437146816">
E                       
E                         <ol start="375" class="pre-context" id="pre4437146816">
E                         
E                           <li onclick="toggle('pre4437146816', 'post4437146816')"><pre>                            event_type=&quot;login_high_risk&quot;</pre></li>
E                         
E                           <li onclick="toggle('pre4437146816', 'post4437146816')"><pre>                        )</pre></li>
E                         
E                           <li onclick="toggle('pre4437146816', 'post4437146816')"><pre>                    return Response({</pre></li>
E                         
E                           <li onclick="toggle('pre4437146816', 'post4437146816')"><pre>                        &#x27;otp_required&#x27;: True,</pre></li>
E                         
E                           <li onclick="toggle('pre4437146816', 'post4437146816')"><pre>                        &#x27;session_uuid&#x27;: str(otp.session_uuid),</pre></li>
E                         
E                           <li onclick="toggle('pre4437146816', 'post4437146816')"><pre>                        &#x27;message&#x27;: &#x27;Un code de vérification a été envoyé à votre email.&#x27;</pre></li>
E                         
E                           <li onclick="toggle('pre4437146816', 'post4437146816')"><pre>                    }, status=200)</pre></li>
E                         
E                         </ol>
E                       
E                       <ol start="382" class="context-line">
E                         <li onclick="toggle('pre4437146816', 'post4437146816')"><pre>                log_event(request, &#x27;login&#x27;, &#x27;success&#x27;, risk_score=risk_score, metadata={}, user=user)
E                              ^^^^^^^^^^^^^^^^^^^^^^^^^^^^^^^^^^^^^^^^^^^^^^^^^^^^^^^^^^^^^^^^^^^^^^^^^^^^^^^^^^^^^</pre> <span>…</span></li>
E                       </ol>
E                       
E                         <ol start='383' class="post-context" id="post4437146816">
E                           
E                           <li onclick="toggle('pre4437146816', 'post4437146816')"><pre>                refresh = RefreshToken.for_user(user)</pre></li>
E                           
E                           <li onclick="toggle('pre4437146816', 'post4437146816')"><pre>                return Response({</pre></li>
E                           
E                           <li onclick="toggle('pre4437146816', 'post4437146816')"><pre>                    &#x27;user&#x27;: UserSerializer(user).data,</pre></li>
E                           
E                           <li onclick="toggle('pre4437146816', 'post4437146816')"><pre>                    &#x27;profile&#x27;: self.get_profile_data(user),</pre></li>
E                           
E                           <li onclick="toggle('pre4437146816', 'post4437146816')"><pre>                    &#x27;refresh&#x27;: str(refresh),</pre></li>
E                           
E                           <li onclick="toggle('pre4437146816', 'post4437146816')"><pre>                    &#x27;access&#x27;: str(refresh.access_token),</pre></li>
E                           
E                       </ol>
E                       
E                     </div>
E                   
E         
E                   
E                     
E                       <details>
E                         <summary class="commands">Local vars</summary>
E                     
E                     <table class="vars" id="v4437146816">
E                       <thead>
E                         <tr>
E                           <th scope="col">Variable</th>
E                           <th scope="col">Value</th>
E                         </tr>
E                       </thead>
E                       <tbody>
E                         
E                           <tr>
E                             <td>email</td>
E                             <td class="code"><pre>&#x27;testuser_3jeo5l@example.com&#x27;</pre></td>
E                           </tr>
E                         
E                           <tr>
E                             <td>password</td>
E                             <td class="code"><pre>&#x27;TestUser1234!&#x27;</pre></td>
E                           </tr>
E                         
E                           <tr>
E                             <td>request</td>
E                             <td class="code"><pre>&lt;rest_framework.request.Request: POST &#x27;/users/login/&#x27;&gt;</pre></td>
E                           </tr>
E                         
E                           <tr>
E                             <td>risk_score</td>
E                             <td class="code"><pre>0</pre></td>
E                           </tr>
E                         
E                           <tr>
E                             <td>self</td>
E                             <td class="code"><pre>&lt;users.views.UserViewSet object at 0x108827ac0&gt;</pre></td>
E                           </tr>
E                         
E                           <tr>
E                             <td>user</td>
E                             <td class="code"><pre>&lt;User: testuser_3jeo5l (Client)&gt;</pre></td>
E                           </tr>
E                         
E                       </tbody>
E                     </table>
E                     </details>
E                   
E                 </li>
E               
E                 
E                 <li class="frame user">
E                   
E                     <code class="fname">/Users/mohamedbechirdiarra/Downloads/prototypeGamma/Backend/users/utils.py</code>, line 14, in log_event
E                   
E         
E                   
E                     <div class="context" id="c4437145728">
E                       
E                         <ol start="7" class="pre-context" id="pre4437145728">
E                         
E                           <li onclick="toggle('pre4437145728', 'post4437145728')"><pre>    if user is None:</pre></li>
E                         
E                           <li onclick="toggle('pre4437145728', 'post4437145728')"><pre>        user = request.user if hasattr(request, &#x27;user&#x27;) and request.user.is_authenticated else None</pre></li>
E                         
E                           <li onclick="toggle('pre4437145728', 'post4437145728')"><pre>    ip = request.META.get(&#x27;REMOTE_ADDR&#x27;)</pre></li>
E                         
E                           <li onclick="toggle('pre4437145728', 'post4437145728')"><pre>    user_agent = request.META.get(&#x27;HTTP_USER_AGENT&#x27;, &#x27;&#x27;)</pre></li>
E                         
E                           <li onclick="toggle('pre4437145728', 'post4437145728')"><pre>    geo_country = getattr(request, &#x27;geoip_country&#x27;, &#x27;&#x27;) or request.META.get(&#x27;GEOIP_COUNTRY&#x27;, &#x27;&#x27;)</pre></li>
E                         
E                           <li onclick="toggle('pre4437145728', 'post4437145728')"><pre>    geo_city = getattr(request, &#x27;geoip_city&#x27;, &#x27;&#x27;) or request.META.get(&#x27;GEOIP_CITY&#x27;, &#x27;&#x27;)</pre></li>
E                         
E                           <li onclick="toggle('pre4437145728', 'post4437145728')"><pre>    location = get_location_from_ip(ip)</pre></li>
E                         
E                         </ol>
E                       
E                       <ol start="14" class="context-line">
E                         <li onclick="toggle('pre4437145728', 'post4437145728')"><pre>    AuditLog.objects.create(
E                 ^</pre> <span>…</span></li>
E                       </ol>
E                       
E                         <ol start='15' class="post-context" id="post4437145728">
E                           
E                           <li onclick="toggle('pre4437145728', 'post4437145728')"><pre>        user=user,</pre></li>
E                           
E                           <li onclick="toggle('pre4437145728', 'post4437145728')"><pre>        ip_address=ip,</pre></li>
E                           
E                           <li onclick="toggle('pre4437145728', 'post4437145728')"><pre>        user_agent=user_agent,</pre></li>
E                           
E                           <li onclick="toggle('pre4437145728', 'post4437145728')"><pre>        event_type=event_type,</pre></li>
E                           
E                           <li onclick="toggle('pre4437145728', 'post4437145728')"><pre>        status=status,</pre></li>
E                           
E                           <li onclick="toggle('pre4437145728', 'post4437145728')"><pre>        geo_country=geo_country,</pre></li>
E                           
E                       </ol>
E                       
E                     </div>
E                   
E         
E                   
E                     
E                       <details>
E                         <summary class="commands">Local vars</summary>
E                     
E                     <table class="vars" id="v4437145728">
E                       <thead>
E                         <tr>
E                           <th scope="col">Variable</th>
E                           <th scope="col">Value</th>
E                         </tr>
E                       </thead>
E                       <tbody>
E                         
E                           <tr>
E                             <td>event_type</td>
E                             <td class="code"><pre>&#x27;login&#x27;</pre></td>
E                           </tr>
E                         
E                           <tr>
E                             <td>geo_city</td>
E                             <td class="code"><pre>&#x27;&#x27;</pre></td>
E                           </tr>
E                         
E                           <tr>
E                             <td>geo_country</td>
E                             <td class="code"><pre>&#x27;&#x27;</pre></td>
E                           </tr>
E                         
E                           <tr>
E                             <td>ip</td>
E                             <td class="code"><pre>&#x27;127.0.0.1&#x27;</pre></td>
E                           </tr>
E                         
E                           <tr>
E                             <td>location</td>
E                             <td class="code"><pre>None</pre></td>
E                           </tr>
E                         
E                           <tr>
E                             <td>metadata</td>
E                             <td class="code"><pre>{}</pre></td>
E                           </tr>
E                         
E                           <tr>
E                             <td>request</td>
E                             <td class="code"><pre>&lt;rest_framework.request.Request: POST &#x27;/users/login/&#x27;&gt;</pre></td>
E                           </tr>
E                         
E                           <tr>
E                             <td>risk_score</td>
E                             <td class="code"><pre>0</pre></td>
E                           </tr>
E                         
E                           <tr>
E                             <td>status</td>
E                             <td class="code"><pre>&#x27;success&#x27;</pre></td>
E                           </tr>
E                         
E                           <tr>
E                             <td>user</td>
E                             <td class="code"><pre>&lt;User: testuser_3jeo5l (Client)&gt;</pre></td>
E                           </tr>
E                         
E                           <tr>
E                             <td>user_agent</td>
E                             <td class="code"><pre>&#x27;python-requests/2.32.4&#x27;</pre></td>
E                           </tr>
E                         
E                       </tbody>
E                     </table>
E                     </details>
E                   
E                 </li>
E               
E                 
E                 <li class="frame django">
E                   
E                     <code class="fname">/Users/mohamedbechirdiarra/Downloads/prototypeGamma/Backend/venv/lib/python3.13/site-packages/django/db/models/manager.py</code>, line 87, in manager_method
E                   
E         
E                   
E                     <div class="context" id="c4437457408">
E                       
E                         <ol start="80" class="pre-context" id="pre4437457408">
E                         
E                           <li onclick="toggle('pre4437457408', 'post4437457408')"><pre>        return []</pre></li>
E                         
E                           <li onclick="toggle('pre4437457408', 'post4437457408')"><pre></pre></li>
E                         
E                           <li onclick="toggle('pre4437457408', 'post4437457408')"><pre>    @classmethod</pre></li>
E                         
E                           <li onclick="toggle('pre4437457408', 'post4437457408')"><pre>    def _get_queryset_methods(cls, queryset_class):</pre></li>
E                         
E                           <li onclick="toggle('pre4437457408', 'post4437457408')"><pre>        def create_method(name, method):</pre></li>
E                         
E                           <li onclick="toggle('pre4437457408', 'post4437457408')"><pre>            @wraps(method)</pre></li>
E                         
E                           <li onclick="toggle('pre4437457408', 'post4437457408')"><pre>            def manager_method(self, *args, **kwargs):</pre></li>
E                         
E                         </ol>
E                       
E                       <ol start="87" class="context-line">
E                         <li onclick="toggle('pre4437457408', 'post4437457408')"><pre>                return getattr(self.get_queryset(), name)(*args, **kwargs)
E                                    ^^^^^^^^^^^^^^^^^^^^^^^^^^^^^^^^^^^^^^^^^^^^^^^^^^^</pre> <span>…</span></li>
E                       </ol>
E                       
E                         <ol start='88' class="post-context" id="post4437457408">
E                           
E                           <li onclick="toggle('pre4437457408', 'post4437457408')"><pre></pre></li>
E                           
E                           <li onclick="toggle('pre4437457408', 'post4437457408')"><pre>            return manager_method</pre></li>
E                           
E                           <li onclick="toggle('pre4437457408', 'post4437457408')"><pre></pre></li>
E                           
E                           <li onclick="toggle('pre4437457408', 'post4437457408')"><pre>        new_methods = {}</pre></li>
E                           
E                           <li onclick="toggle('pre4437457408', 'post4437457408')"><pre>        for name, method in inspect.getmembers(</pre></li>
E                           
E                           <li onclick="toggle('pre4437457408', 'post4437457408')"><pre>            queryset_class, predicate=inspect.isfunction</pre></li>
E                           
E                       </ol>
E                       
E                     </div>
E                   
E         
E                   
E                     
E                       <details>
E                         <summary class="commands">Local vars</summary>
E                     
E                     <table class="vars" id="v4437457408">
E                       <thead>
E                         <tr>
E                           <th scope="col">Variable</th>
E                           <th scope="col">Value</th>
E                         </tr>
E                       </thead>
E                       <tbody>
E                         
E                           <tr>
E                             <td>args</td>
E                             <td class="code"><pre>()</pre></td>
E                           </tr>
E                         
E                           <tr>
E                             <td>kwargs</td>
E                             <td class="code"><pre>{&#x27;event_type&#x27;: &#x27;login&#x27;,
E          &#x27;geo_city&#x27;: &#x27;&#x27;,
E          &#x27;geo_country&#x27;: &#x27;&#x27;,
E          &#x27;ip_address&#x27;: &#x27;127.0.0.1&#x27;,
E          &#x27;location&#x27;: None,
E          &#x27;metadata&#x27;: {},
E          &#x27;risk_score&#x27;: 0,
E          &#x27;status&#x27;: &#x27;success&#x27;,
E          &#x27;user&#x27;: &lt;User: testuser_3jeo5l (Client)&gt;,
E          &#x27;user_agent&#x27;: &#x27;python-requests/2.32.4&#x27;}</pre></td>
E                           </tr>
E                         
E                           <tr>
E                             <td>name</td>
E                             <td class="code"><pre>&#x27;create&#x27;</pre></td>
E                           </tr>
E                         
E                           <tr>
E                             <td>self</td>
E                             <td class="code"><pre>&lt;django.db.models.manager.Manager object at 0x10840cad0&gt;</pre></td>
E                           </tr>
E                         
E                       </tbody>
E                     </table>
E                     </details>
E                   
E                 </li>
E               
E                 
E                 <li class="frame django">
E                   
E                     <code class="fname">/Users/mohamedbechirdiarra/Downloads/prototypeGamma/Backend/venv/lib/python3.13/site-packages/django/db/models/query.py</code>, line 663, in create
E                   
E         
E                   
E                     <div class="context" id="c4437143168">
E                       
E                         <ol start="656" class="pre-context" id="pre4437143168">
E                         
E                           <li onclick="toggle('pre4437143168', 'post4437143168')"><pre>            raise ValueError(</pre></li>
E                         
E                           <li onclick="toggle('pre4437143168', 'post4437143168')"><pre>                &quot;The following fields do not exist in this model: %s&quot;</pre></li>
E                         
E                           <li onclick="toggle('pre4437143168', 'post4437143168')"><pre>                % &quot;, &quot;.join(reverse_one_to_one_fields)</pre></li>
E                         
E                           <li onclick="toggle('pre4437143168', 'post4437143168')"><pre>            )</pre></li>
E                         
E                           <li onclick="toggle('pre4437143168', 'post4437143168')"><pre></pre></li>
E                         
E                           <li onclick="toggle('pre4437143168', 'post4437143168')"><pre>        obj = self.model(**kwargs)</pre></li>
E                         
E                           <li onclick="toggle('pre4437143168', 'post4437143168')"><pre>        self._for_write = True</pre></li>
E                         
E                         </ol>
E                       
E                       <ol start="663" class="context-line">
E                         <li onclick="toggle('pre4437143168', 'post4437143168')"><pre>        obj.save(force_insert=True, using=self.db)
E                      ^^^^^^^^^^^^^^^^^^^^^^^^^^^^^^^^^^^^^^^^^^</pre> <span>…</span></li>
E                       </ol>
E                       
E                         <ol start='664' class="post-context" id="post4437143168">
E                           
E                           <li onclick="toggle('pre4437143168', 'post4437143168')"><pre>        return obj</pre></li>
E                           
E                           <li onclick="toggle('pre4437143168', 'post4437143168')"><pre></pre></li>
E                           
E                           <li onclick="toggle('pre4437143168', 'post4437143168')"><pre>    create.alters_data = True</pre></li>
E                           
E                           <li onclick="toggle('pre4437143168', 'post4437143168')"><pre></pre></li>
E                           
E                           <li onclick="toggle('pre4437143168', 'post4437143168')"><pre>    async def acreate(self, **kwargs):</pre></li>
E                           
E                           <li onclick="toggle('pre4437143168', 'post4437143168')"><pre>        return await sync_to_async(self.create)(**kwargs)</pre></li>
E                           
E                       </ol>
E                       
E                     </div>
E                   
E         
E                   
E                     
E                       <details>
E                         <summary class="commands">Local vars</summary>
E                     
E                     <table class="vars" id="v4437143168">
E                       <thead>
E                         <tr>
E                           <th scope="col">Variable</th>
E                           <th scope="col">Value</th>
E                         </tr>
E                       </thead>
E                       <tbody>
E                         
E                           <tr>
E                             <td>kwargs</td>
E                             <td class="code"><pre>{&#x27;event_type&#x27;: &#x27;login&#x27;,
E          &#x27;geo_city&#x27;: &#x27;&#x27;,
E          &#x27;geo_country&#x27;: &#x27;&#x27;,
E          &#x27;ip_address&#x27;: &#x27;127.0.0.1&#x27;,
E          &#x27;location&#x27;: None,
E          &#x27;metadata&#x27;: {},
E          &#x27;risk_score&#x27;: 0,
E          &#x27;status&#x27;: &#x27;success&#x27;,
E          &#x27;user&#x27;: &lt;User: testuser_3jeo5l (Client)&gt;,
E          &#x27;user_agent&#x27;: &#x27;python-requests/2.32.4&#x27;}</pre></td>
E                           </tr>
E                         
E                           <tr>
E                             <td>obj</td>
E                             <td class="code"><pre>&lt;AuditLog: [2025-07-14 11:43:30.492155+00:00] testuser_3jeo5l (Client) - login (success)&gt;</pre></td>
E                           </tr>
E                         
E                           <tr>
E                             <td>reverse_one_to_one_fields</td>
E                             <td class="code"><pre>frozenset()</pre></td>
E                           </tr>
E                         
E                           <tr>
E                             <td>self</td>
E                             <td class="code"><pre>&lt;QuerySet [&lt;AuditLog: [2025-07-14 11:20:26.143987+00:00] None - login (failure)&gt;, &lt;AuditLog: [2025-07-14 11:20:26.172163+00:00] None - login (failure)&gt;, &lt;AuditLog: [2025-07-14 11:20:26.440678+00:00] None - login (failure)&gt;, &lt;AuditLog: [2025-07-14 11:20:26.472641+00:00] None - login (failure)&gt;, &lt;AuditLog: [2025-07-14 11:20:42.818165+00:00] None - login (failure)&gt;, &lt;AuditLog: [2025-07-14 11:20:42.834927+00:00] None - login (failure)&gt;, &lt;AuditLog: [2025-07-14 11:20:42.840926+00:00] None - login (failure)&gt;, &lt;AuditLog: [2025-07-14 11:20:42.849907+00:00] None - login (failure)&gt;, &lt;AuditLog: [2025-07-14 11:20:42.855760+00:00] None - login (failure)&gt;, &lt;AuditLog: [2025-07-14 11:20:42.866003+00:00] None - login (failure)&gt;, &lt;AuditLog: [2025-07-14 11:20:42.871786+00:00] None - login (failure)&gt;, &lt;AuditLog: [2025-07-14 11:20:42.878738+00:00] None - login (failure)&gt;, &lt;AuditLog: [2025-07-14 11:20:42.887097+00:00] None - login (failure)&gt;, &lt;AuditLog: [2025-07-14 11:20:42.933562+00:00] None - login (failure)&gt;, &lt;AuditLog: [2025-07-14 11:20:42.948908+00:00] None - login (failure)&gt;, &lt;AuditLog: [2025-07-14 11:20:42.955057+00:00] None - login (failure)&gt;, &lt;AuditLog: [2025-07-14 11:20:43.030569+00:00] None - login (failure)&gt;, &lt;AuditLog: [2025-07-14 11:20:43.035801+00:00] None - login (failure)&gt;, &lt;AuditLog: [2025-07-14 11:20:43.041067+00:00] None - login (failure)&gt;, &lt;AuditLog: [2025-07-14 11:20:43.057293+00:00] None - login (failure)&gt;, &#x27;...(remaining elements truncated)...&#x27;]&gt;</pre></td>
E                           </tr>
E                         
E                       </tbody>
E                     </table>
E                     </details>
E                   
E                 </li>
E               
E                 
E                 <li class="frame django">
E                   
E                     <code class="fname">/Users/mohamedbechirdiarra/Downloads/prototypeGamma/Backend/venv/lib/python3.13/site-packages/django/db/models/base.py</code>, line 902, in save
E                   
E         
E                   
E                     <div class="context" id="c4437455296">
E                       
E                         <ol start="895" class="pre-context" id="pre4437455296">
E                         
E                           <li onclick="toggle('pre4437455296', 'post4437455296')"><pre>            for field in self._meta.concrete_fields:</pre></li>
E                         
E                           <li onclick="toggle('pre4437455296', 'post4437455296')"><pre>                if field not in pk_fields and not hasattr(field, &quot;through&quot;):</pre></li>
E                         
E                           <li onclick="toggle('pre4437455296', 'post4437455296')"><pre>                    field_names.add(field.attname)</pre></li>
E                         
E                           <li onclick="toggle('pre4437455296', 'post4437455296')"><pre>            loaded_fields = field_names.difference(deferred_non_generated_fields)</pre></li>
E                         
E                           <li onclick="toggle('pre4437455296', 'post4437455296')"><pre>            if loaded_fields:</pre></li>
E                         
E                           <li onclick="toggle('pre4437455296', 'post4437455296')"><pre>                update_fields = frozenset(loaded_fields)</pre></li>
E                         
E                           <li onclick="toggle('pre4437455296', 'post4437455296')"><pre></pre></li>
E                         
E                         </ol>
E                       
E                       <ol start="902" class="context-line">
E                         <li onclick="toggle('pre4437455296', 'post4437455296')"><pre>        self.save_base(
E                      ^</pre> <span>…</span></li>
E                       </ol>
E                       
E                         <ol start='903' class="post-context" id="post4437455296">
E                           
E                           <li onclick="toggle('pre4437455296', 'post4437455296')"><pre>            using=using,</pre></li>
E                           
E                           <li onclick="toggle('pre4437455296', 'post4437455296')"><pre>            force_insert=force_insert,</pre></li>
E                           
E                           <li onclick="toggle('pre4437455296', 'post4437455296')"><pre>            force_update=force_update,</pre></li>
E                           
E                           <li onclick="toggle('pre4437455296', 'post4437455296')"><pre>            update_fields=update_fields,</pre></li>
E                           
E                           <li onclick="toggle('pre4437455296', 'post4437455296')"><pre>        )</pre></li>
E                           
E                           <li onclick="toggle('pre4437455296', 'post4437455296')"><pre></pre></li>
E                           
E                       </ol>
E                       
E                     </div>
E                   
E         
E                   
E                     
E                       <details>
E                         <summary class="commands">Local vars</summary>
E                     
E                     <table class="vars" id="v4437455296">
E                       <thead>
E                         <tr>
E                           <th scope="col">Variable</th>
E                           <th scope="col">Value</th>
E                         </tr>
E                       </thead>
E                       <tbody>
E                         
E                           <tr>
E                             <td>args</td>
E                             <td class="code"><pre>()</pre></td>
E                           </tr>
E                         
E                           <tr>
E                             <td>deferred_non_generated_fields</td>
E                             <td class="code"><pre>set()</pre></td>
E                           </tr>
E                         
E                           <tr>
E                             <td>force_insert</td>
E                             <td class="code"><pre>True</pre></td>
E                           </tr>
E                         
E                           <tr>
E                             <td>force_update</td>
E                             <td class="code"><pre>False</pre></td>
E                           </tr>
E                         
E                           <tr>
E                             <td>self</td>
E                             <td class="code"><pre>&lt;AuditLog: [2025-07-14 11:43:30.492155+00:00] testuser_3jeo5l (Client) - login (success)&gt;</pre></td>
E                           </tr>
E                         
E                           <tr>
E                             <td>update_fields</td>
E                             <td class="code"><pre>None</pre></td>
E                           </tr>
E                         
E                           <tr>
E                             <td>using</td>
E                             <td class="code"><pre>&#x27;default&#x27;</pre></td>
E                           </tr>
E                         
E                       </tbody>
E                     </table>
E                     </details>
E                   
E                 </li>
E               
E                 
E                 <li class="frame django">
E                   
E                     <code class="fname">/Users/mohamedbechirdiarra/Downloads/prototypeGamma/Backend/venv/lib/python3.13/site-packages/django/db/models/base.py</code>, line 1008, in save_base
E                   
E         
E                   
E                     <div class="context" id="c4437140160">
E                       
E                         <ol start="1001" class="pre-context" id="pre4437140160">
E                         
E                           <li onclick="toggle('pre4437140160', 'post4437140160')"><pre>            parent_inserted = False</pre></li>
E                         
E                           <li onclick="toggle('pre4437140160', 'post4437140160')"><pre>            if not raw:</pre></li>
E                         
E                           <li onclick="toggle('pre4437140160', 'post4437140160')"><pre>                # Validate force insert only when parents are inserted.</pre></li>
E                         
E                           <li onclick="toggle('pre4437140160', 'post4437140160')"><pre>                force_insert = self._validate_force_insert(force_insert)</pre></li>
E                         
E                           <li onclick="toggle('pre4437140160', 'post4437140160')"><pre>                parent_inserted = self._save_parents(</pre></li>
E                         
E                           <li onclick="toggle('pre4437140160', 'post4437140160')"><pre>                    cls, using, update_fields, force_insert</pre></li>
E                         
E                           <li onclick="toggle('pre4437140160', 'post4437140160')"><pre>                )</pre></li>
E                         
E                         </ol>
E                       
E                       <ol start="1008" class="context-line">
E                         <li onclick="toggle('pre4437140160', 'post4437140160')"><pre>            updated = self._save_table(
E                                     </pre> <span>…</span></li>
E                       </ol>
E                       
E                         <ol start='1009' class="post-context" id="post4437140160">
E                           
E                           <li onclick="toggle('pre4437140160', 'post4437140160')"><pre>                raw,</pre></li>
E                           
E                           <li onclick="toggle('pre4437140160', 'post4437140160')"><pre>                cls,</pre></li>
E                           
E                           <li onclick="toggle('pre4437140160', 'post4437140160')"><pre>                force_insert or parent_inserted,</pre></li>
E                           
E                           <li onclick="toggle('pre4437140160', 'post4437140160')"><pre>                force_update,</pre></li>
E                           
E                           <li onclick="toggle('pre4437140160', 'post4437140160')"><pre>                using,</pre></li>
E                           
E                           <li onclick="toggle('pre4437140160', 'post4437140160')"><pre>                update_fields,</pre></li>
E                           
E                       </ol>
E                       
E                     </div>
E                   
E         
E                   
E                     
E                       <details>
E                         <summary class="commands">Local vars</summary>
E                     
E                     <table class="vars" id="v4437140160">
E                       <thead>
E                         <tr>
E                           <th scope="col">Variable</th>
E                           <th scope="col">Value</th>
E                         </tr>
E                       </thead>
E                       <tbody>
E                         
E                           <tr>
E                             <td>cls</td>
E                             <td class="code"><pre>&lt;class &#x27;users.models.AuditLog&#x27;&gt;</pre></td>
E                           </tr>
E                         
E                           <tr>
E                             <td>context_manager</td>
E                             <td class="code"><pre>&lt;contextlib._GeneratorContextManager object at 0x108762740&gt;</pre></td>
E                           </tr>
E                         
E                           <tr>
E                             <td>force_insert</td>
E                             <td class="code"><pre>(&lt;class &#x27;users.models.AuditLog&#x27;&gt;,)</pre></td>
E                           </tr>
E                         
E                           <tr>
E                             <td>force_update</td>
E                             <td class="code"><pre>False</pre></td>
E                           </tr>
E                         
E                           <tr>
E                             <td>meta</td>
E                             <td class="code"><pre>&lt;Options for AuditLog&gt;</pre></td>
E                           </tr>
E                         
E                           <tr>
E                             <td>origin</td>
E                             <td class="code"><pre>&lt;class &#x27;users.models.AuditLog&#x27;&gt;</pre></td>
E                           </tr>
E                         
E                           <tr>
E                             <td>parent_inserted</td>
E                             <td class="code"><pre>False</pre></td>
E                           </tr>
E                         
E                           <tr>
E                             <td>raw</td>
E                             <td class="code"><pre>False</pre></td>
E                           </tr>
E                         
E                           <tr>
E                             <td>self</td>
E                             <td class="code"><pre>&lt;AuditLog: [2025-07-14 11:43:30.492155+00:00] testuser_3jeo5l (Client) - login (success)&gt;</pre></td>
E                           </tr>
E                         
E                           <tr>
E                             <td>update_fields</td>
E                             <td class="code"><pre>None</pre></td>
E                           </tr>
E                         
E                           <tr>
E                             <td>using</td>
E                             <td class="code"><pre>&#x27;default&#x27;</pre></td>
E                           </tr>
E                         
E                       </tbody>
E                     </table>
E                     </details>
E                   
E                 </li>
E               
E                 
E                 <li class="frame django">
E                   
E                     <code class="fname">/Users/mohamedbechirdiarra/Downloads/prototypeGamma/Backend/venv/lib/python3.13/site-packages/django/db/models/base.py</code>, line 1169, in _save_table
E                   
E         
E                   
E                     <div class="context" id="c4437145280">
E                       
E                         <ol start="1162" class="pre-context" id="pre4437145280">
E                         
E                           <li onclick="toggle('pre4437145280', 'post4437145280')"><pre>                )</pre></li>
E                         
E                           <li onclick="toggle('pre4437145280', 'post4437145280')"><pre>            fields = [</pre></li>
E                         
E                           <li onclick="toggle('pre4437145280', 'post4437145280')"><pre>                f</pre></li>
E                         
E                           <li onclick="toggle('pre4437145280', 'post4437145280')"><pre>                for f in meta.local_concrete_fields</pre></li>
E                         
E                           <li onclick="toggle('pre4437145280', 'post4437145280')"><pre>                if not f.generated and (pk_set or f is not meta.auto_field)</pre></li>
E                         
E                           <li onclick="toggle('pre4437145280', 'post4437145280')"><pre>            ]</pre></li>
E                         
E                           <li onclick="toggle('pre4437145280', 'post4437145280')"><pre>            returning_fields = meta.db_returning_fields</pre></li>
E                         
E                         </ol>
E                       
E                       <ol start="1169" class="context-line">
E                         <li onclick="toggle('pre4437145280', 'post4437145280')"><pre>            results = self._do_insert(
E                                     </pre> <span>…</span></li>
E                       </ol>
E                       
E                         <ol start='1170' class="post-context" id="post4437145280">
E                           
E                           <li onclick="toggle('pre4437145280', 'post4437145280')"><pre>                cls._base_manager, using, fields, returning_fields, raw</pre></li>
E                           
E                           <li onclick="toggle('pre4437145280', 'post4437145280')"><pre>            )</pre></li>
E                           
E                           <li onclick="toggle('pre4437145280', 'post4437145280')"><pre>            if results:</pre></li>
E                           
E                           <li onclick="toggle('pre4437145280', 'post4437145280')"><pre>                for value, field in zip(results[0], returning_fields):</pre></li>
E                           
E                           <li onclick="toggle('pre4437145280', 'post4437145280')"><pre>                    setattr(self, field.attname, value)</pre></li>
E                           
E                           <li onclick="toggle('pre4437145280', 'post4437145280')"><pre>        return updated</pre></li>
E                           
E                       </ol>
E                       
E                     </div>
E                   
E         
E                   
E                     
E                       <details>
E                         <summary class="commands">Local vars</summary>
E                     
E                     <table class="vars" id="v4437145280">
E                       <thead>
E                         <tr>
E                           <th scope="col">Variable</th>
E                           <th scope="col">Value</th>
E                         </tr>
E                       </thead>
E                       <tbody>
E                         
E                           <tr>
E                             <td>cls</td>
E                             <td class="code"><pre>&lt;class &#x27;users.models.AuditLog&#x27;&gt;</pre></td>
E                           </tr>
E                         
E                           <tr>
E                             <td>fields</td>
E                             <td class="code"><pre>[&lt;django.db.models.fields.related.ForeignKey: user&gt;,
E          &lt;django.db.models.fields.GenericIPAddressField: ip_address&gt;,
E          &lt;django.db.models.fields.TextField: user_agent&gt;,
E          &lt;django.db.models.fields.CharField: event_type&gt;,
E          &lt;django.db.models.fields.CharField: status&gt;,
E          &lt;django.db.models.fields.DateTimeField: timestamp&gt;,
E          &lt;django.db.models.fields.CharField: geo_country&gt;,
E          &lt;django.db.models.fields.CharField: geo_city&gt;,
E          &lt;django.db.models.fields.CharField: location&gt;,
E          &lt;django.db.models.fields.PositiveSmallIntegerField: risk_score&gt;,
E          &lt;django.db.models.fields.json.JSONField: metadata&gt;]</pre></td>
E                           </tr>
E                         
E                           <tr>
E                             <td>force_insert</td>
E                             <td class="code"><pre>(&lt;class &#x27;users.models.AuditLog&#x27;&gt;,)</pre></td>
E                           </tr>
E                         
E                           <tr>
E                             <td>force_update</td>
E                             <td class="code"><pre>False</pre></td>
E                           </tr>
E                         
E                           <tr>
E                             <td>meta</td>
E                             <td class="code"><pre>&lt;Options for AuditLog&gt;</pre></td>
E                           </tr>
E                         
E                           <tr>
E                             <td>non_pks_non_generated</td>
E                             <td class="code"><pre>[&lt;django.db.models.fields.related.ForeignKey: user&gt;,
E          &lt;django.db.models.fields.GenericIPAddressField: ip_address&gt;,
E          &lt;django.db.models.fields.TextField: user_agent&gt;,
E          &lt;django.db.models.fields.CharField: event_type&gt;,
E          &lt;django.db.models.fields.CharField: status&gt;,
E          &lt;django.db.models.fields.DateTimeField: timestamp&gt;,
E          &lt;django.db.models.fields.CharField: geo_country&gt;,
E          &lt;django.db.models.fields.CharField: geo_city&gt;,
E          &lt;django.db.models.fields.CharField: location&gt;,
E          &lt;django.db.models.fields.PositiveSmallIntegerField: risk_score&gt;,
E          &lt;django.db.models.fields.json.JSONField: metadata&gt;]</pre></td>
E                           </tr>
E                         
E                           <tr>
E                             <td>pk_fields</td>
E                             <td class="code"><pre>[&lt;django.db.models.fields.BigAutoField: id&gt;]</pre></td>
E                           </tr>
E                         
E                           <tr>
E                             <td>pk_set</td>
E                             <td class="code"><pre>False</pre></td>
E                           </tr>
E                         
E                           <tr>
E                             <td>pk_val</td>
E                             <td class="code"><pre>None</pre></td>
E                           </tr>
E                         
E                           <tr>
E                             <td>raw</td>
E                             <td class="code"><pre>False</pre></td>
E                           </tr>
E                         
E                           <tr>
E                             <td>returning_fields</td>
E                             <td class="code"><pre>[&lt;django.db.models.fields.BigAutoField: id&gt;]</pre></td>
E                           </tr>
E                         
E                           <tr>
E                             <td>self</td>
E                             <td class="code"><pre>&lt;AuditLog: [2025-07-14 11:43:30.492155+00:00] testuser_3jeo5l (Client) - login (success)&gt;</pre></td>
E                           </tr>
E                         
E                           <tr>
E                             <td>update_fields</td>
E                             <td class="code"><pre>None</pre></td>
E                           </tr>
E                         
E                           <tr>
E                             <td>updated</td>
E                             <td class="code"><pre>False</pre></td>
E                           </tr>
E                         
E                           <tr>
E                             <td>using</td>
E                             <td class="code"><pre>&#x27;default&#x27;</pre></td>
E                           </tr>
E                         
E                       </tbody>
E                     </table>
E                     </details>
E                   
E                 </li>
E               
E                 
E                 <li class="frame django">
E                   
E                     <code class="fname">/Users/mohamedbechirdiarra/Downloads/prototypeGamma/Backend/venv/lib/python3.13/site-packages/django/db/models/base.py</code>, line 1210, in _do_insert
E                   
E         
E                   
E                     <div class="context" id="c4437140480">
E                       
E                         <ol start="1203" class="pre-context" id="pre4437140480">
E                         
E                           <li onclick="toggle('pre4437140480', 'post4437140480')"><pre>        return filtered._update(values) &gt; 0</pre></li>
E                         
E                           <li onclick="toggle('pre4437140480', 'post4437140480')"><pre></pre></li>
E                         
E                           <li onclick="toggle('pre4437140480', 'post4437140480')"><pre>    def _do_insert(self, manager, using, fields, returning_fields, raw):</pre></li>
E                         
E                           <li onclick="toggle('pre4437140480', 'post4437140480')"><pre>        &quot;&quot;&quot;</pre></li>
E                         
E                           <li onclick="toggle('pre4437140480', 'post4437140480')"><pre>        Do an INSERT. If returning_fields is defined then this method should</pre></li>
E                         
E                           <li onclick="toggle('pre4437140480', 'post4437140480')"><pre>        return the newly created data for the model.</pre></li>
E                         
E                           <li onclick="toggle('pre4437140480', 'post4437140480')"><pre>        &quot;&quot;&quot;</pre></li>
E                         
E                         </ol>
E                       
E                       <ol start="1210" class="context-line">
E                         <li onclick="toggle('pre4437140480', 'post4437140480')"><pre>        return manager._insert(
E                              </pre> <span>…</span></li>
E                       </ol>
E                       
E                         <ol start='1211' class="post-context" id="post4437140480">
E                           
E                           <li onclick="toggle('pre4437140480', 'post4437140480')"><pre>            [self],</pre></li>
E                           
E                           <li onclick="toggle('pre4437140480', 'post4437140480')"><pre>            fields=fields,</pre></li>
E                           
E                           <li onclick="toggle('pre4437140480', 'post4437140480')"><pre>            returning_fields=returning_fields,</pre></li>
E                           
E                           <li onclick="toggle('pre4437140480', 'post4437140480')"><pre>            using=using,</pre></li>
E                           
E                           <li onclick="toggle('pre4437140480', 'post4437140480')"><pre>            raw=raw,</pre></li>
E                           
E                           <li onclick="toggle('pre4437140480', 'post4437140480')"><pre>        )</pre></li>
E                           
E                       </ol>
E                       
E                     </div>
E                   
E         
E                   
E                     
E                       <details>
E                         <summary class="commands">Local vars</summary>
E                     
E                     <table class="vars" id="v4437140480">
E                       <thead>
E                         <tr>
E                           <th scope="col">Variable</th>
E                           <th scope="col">Value</th>
E                         </tr>
E                       </thead>
E                       <tbody>
E                         
E                           <tr>
E                             <td>fields</td>
E                             <td class="code"><pre>[&lt;django.db.models.fields.related.ForeignKey: user&gt;,
E          &lt;django.db.models.fields.GenericIPAddressField: ip_address&gt;,
E          &lt;django.db.models.fields.TextField: user_agent&gt;,
E          &lt;django.db.models.fields.CharField: event_type&gt;,
E          &lt;django.db.models.fields.CharField: status&gt;,
E          &lt;django.db.models.fields.DateTimeField: timestamp&gt;,
E          &lt;django.db.models.fields.CharField: geo_country&gt;,
E          &lt;django.db.models.fields.CharField: geo_city&gt;,
E          &lt;django.db.models.fields.CharField: location&gt;,
E          &lt;django.db.models.fields.PositiveSmallIntegerField: risk_score&gt;,
E          &lt;django.db.models.fields.json.JSONField: metadata&gt;]</pre></td>
E                           </tr>
E                         
E                           <tr>
E                             <td>manager</td>
E                             <td class="code"><pre>&lt;django.db.models.manager.Manager object at 0x108454b50&gt;</pre></td>
E                           </tr>
E                         
E                           <tr>
E                             <td>raw</td>
E                             <td class="code"><pre>False</pre></td>
E                           </tr>
E                         
E                           <tr>
E                             <td>returning_fields</td>
E                             <td class="code"><pre>[&lt;django.db.models.fields.BigAutoField: id&gt;]</pre></td>
E                           </tr>
E                         
E                           <tr>
E                             <td>self</td>
E                             <td class="code"><pre>&lt;AuditLog: [2025-07-14 11:43:30.492155+00:00] testuser_3jeo5l (Client) - login (success)&gt;</pre></td>
E                           </tr>
E                         
E                           <tr>
E                             <td>using</td>
E                             <td class="code"><pre>&#x27;default&#x27;</pre></td>
E                           </tr>
E                         
E                       </tbody>
E                     </table>
E                     </details>
E                   
E                 </li>
E               
E                 
E                 <li class="frame django">
E                   
E                     <code class="fname">/Users/mohamedbechirdiarra/Downloads/prototypeGamma/Backend/venv/lib/python3.13/site-packages/django/db/models/manager.py</code>, line 87, in manager_method
E                   
E         
E                   
E                     <div class="context" id="c4437448768">
E                       
E                         <ol start="80" class="pre-context" id="pre4437448768">
E                         
E                           <li onclick="toggle('pre4437448768', 'post4437448768')"><pre>        return []</pre></li>
E                         
E                           <li onclick="toggle('pre4437448768', 'post4437448768')"><pre></pre></li>
E                         
E                           <li onclick="toggle('pre4437448768', 'post4437448768')"><pre>    @classmethod</pre></li>
E                         
E                           <li onclick="toggle('pre4437448768', 'post4437448768')"><pre>    def _get_queryset_methods(cls, queryset_class):</pre></li>
E                         
E                           <li onclick="toggle('pre4437448768', 'post4437448768')"><pre>        def create_method(name, method):</pre></li>
E                         
E                           <li onclick="toggle('pre4437448768', 'post4437448768')"><pre>            @wraps(method)</pre></li>
E                         
E                           <li onclick="toggle('pre4437448768', 'post4437448768')"><pre>            def manager_method(self, *args, **kwargs):</pre></li>
E                         
E                         </ol>
E                       
E                       <ol start="87" class="context-line">
E                         <li onclick="toggle('pre4437448768', 'post4437448768')"><pre>                return getattr(self.get_queryset(), name)(*args, **kwargs)
E                                    ^^^^^^^^^^^^^^^^^^^^^^^^^^^^^^^^^^^^^^^^^^^^^^^^^^^</pre> <span>…</span></li>
E                       </ol>
E                       
E                         <ol start='88' class="post-context" id="post4437448768">
E                           
E                           <li onclick="toggle('pre4437448768', 'post4437448768')"><pre></pre></li>
E                           
E                           <li onclick="toggle('pre4437448768', 'post4437448768')"><pre>            return manager_method</pre></li>
E                           
E                           <li onclick="toggle('pre4437448768', 'post4437448768')"><pre></pre></li>
E                           
E                           <li onclick="toggle('pre4437448768', 'post4437448768')"><pre>        new_methods = {}</pre></li>
E                           
E                           <li onclick="toggle('pre4437448768', 'post4437448768')"><pre>        for name, method in inspect.getmembers(</pre></li>
E                           
E                           <li onclick="toggle('pre4437448768', 'post4437448768')"><pre>            queryset_class, predicate=inspect.isfunction</pre></li>
E                           
E                       </ol>
E                       
E                     </div>
E                   
E         
E                   
E                     
E                       <details>
E                         <summary class="commands">Local vars</summary>
E                     
E                     <table class="vars" id="v4437448768">
E                       <thead>
E                         <tr>
E                           <th scope="col">Variable</th>
E                           <th scope="col">Value</th>
E                         </tr>
E                       </thead>
E                       <tbody>
E                         
E                           <tr>
E                             <td>args</td>
E                             <td class="code"><pre>([&lt;AuditLog: [2025-07-14 11:43:30.492155+00:00] testuser_3jeo5l (Client) - login (success)&gt;],)</pre></td>
E                           </tr>
E                         
E                           <tr>
E                             <td>kwargs</td>
E                             <td class="code"><pre>{&#x27;fields&#x27;: [&lt;django.db.models.fields.related.ForeignKey: user&gt;,
E                     &lt;django.db.models.fields.GenericIPAddressField: ip_address&gt;,
E                     &lt;django.db.models.fields.TextField: user_agent&gt;,
E                     &lt;django.db.models.fields.CharField: event_type&gt;,
E                     &lt;django.db.models.fields.CharField: status&gt;,
E                     &lt;django.db.models.fields.DateTimeField: timestamp&gt;,
E                     &lt;django.db.models.fields.CharField: geo_country&gt;,
E                     &lt;django.db.models.fields.CharField: geo_city&gt;,
E                     &lt;django.db.models.fields.CharField: location&gt;,
E                     &lt;django.db.models.fields.PositiveSmallIntegerField: risk_score&gt;,
E                     &lt;django.db.models.fields.json.JSONField: metadata&gt;],
E          &#x27;raw&#x27;: False,
E          &#x27;returning_fields&#x27;: [&lt;django.db.models.fields.BigAutoField: id&gt;],
E          &#x27;using&#x27;: &#x27;default&#x27;}</pre></td>
E                           </tr>
E                         
E                           <tr>
E                             <td>name</td>
E                             <td class="code"><pre>&#x27;_insert&#x27;</pre></td>
E                           </tr>
E                         
E                           <tr>
E                             <td>self</td>
E                             <td class="code"><pre>&lt;django.db.models.manager.Manager object at 0x108454b50&gt;</pre></td>
E                           </tr>
E                         
E                       </tbody>
E                     </table>
E                     </details>
E                   
E                 </li>
E               
E                 
E                 <li class="frame django">
E                   
E                     <code class="fname">/Users/mohamedbechirdiarra/Downloads/prototypeGamma/Backend/venv/lib/python3.13/site-packages/django/db/models/query.py</code>, line 1868, in _insert
E                   
E         
E                   
E                     <div class="context" id="c4437774656">
E                       
E                         <ol start="1861" class="pre-context" id="pre4437774656">
E                         
E                           <li onclick="toggle('pre4437774656', 'post4437774656')"><pre>        query = sql.InsertQuery(</pre></li>
E                         
E                           <li onclick="toggle('pre4437774656', 'post4437774656')"><pre>            self.model,</pre></li>
E                         
E                           <li onclick="toggle('pre4437774656', 'post4437774656')"><pre>            on_conflict=on_conflict,</pre></li>
E                         
E                           <li onclick="toggle('pre4437774656', 'post4437774656')"><pre>            update_fields=update_fields,</pre></li>
E                         
E                           <li onclick="toggle('pre4437774656', 'post4437774656')"><pre>            unique_fields=unique_fields,</pre></li>
E                         
E                           <li onclick="toggle('pre4437774656', 'post4437774656')"><pre>        )</pre></li>
E                         
E                           <li onclick="toggle('pre4437774656', 'post4437774656')"><pre>        query.insert_values(fields, objs, raw=raw)</pre></li>
E                         
E                         </ol>
E                       
E                       <ol start="1868" class="context-line">
E                         <li onclick="toggle('pre4437774656', 'post4437774656')"><pre>        return query.get_compiler(using=using).execute_sql(returning_fields)
E                              ^^^^^^^^^^^^^^^^^^^^^^^^^^^^^^^^^^^^^^^^^^^^^^^^^^^^^^^^^^^^^</pre> <span>…</span></li>
E                       </ol>
E                       
E                         <ol start='1869' class="post-context" id="post4437774656">
E                           
E                           <li onclick="toggle('pre4437774656', 'post4437774656')"><pre></pre></li>
E                           
E                           <li onclick="toggle('pre4437774656', 'post4437774656')"><pre>    _insert.alters_data = True</pre></li>
E                           
E                           <li onclick="toggle('pre4437774656', 'post4437774656')"><pre>    _insert.queryset_only = False</pre></li>
E                           
E                           <li onclick="toggle('pre4437774656', 'post4437774656')"><pre></pre></li>
E                           
E                           <li onclick="toggle('pre4437774656', 'post4437774656')"><pre>    def _batched_insert(</pre></li>
E                           
E                           <li onclick="toggle('pre4437774656', 'post4437774656')"><pre>        self,</pre></li>
E                           
E                       </ol>
E                       
E                     </div>
E                   
E         
E                   
E                     
E                       <details>
E                         <summary class="commands">Local vars</summary>
E                     
E                     <table class="vars" id="v4437774656">
E                       <thead>
E                         <tr>
E                           <th scope="col">Variable</th>
E                           <th scope="col">Value</th>
E                         </tr>
E                       </thead>
E                       <tbody>
E                         
E                           <tr>
E                             <td>fields</td>
E                             <td class="code"><pre>[&lt;django.db.models.fields.related.ForeignKey: user&gt;,
E          &lt;django.db.models.fields.GenericIPAddressField: ip_address&gt;,
E          &lt;django.db.models.fields.TextField: user_agent&gt;,
E          &lt;django.db.models.fields.CharField: event_type&gt;,
E          &lt;django.db.models.fields.CharField: status&gt;,
E          &lt;django.db.models.fields.DateTimeField: timestamp&gt;,
E          &lt;django.db.models.fields.CharField: geo_country&gt;,
E          &lt;django.db.models.fields.CharField: geo_city&gt;,
E          &lt;django.db.models.fields.CharField: location&gt;,
E          &lt;django.db.models.fields.PositiveSmallIntegerField: risk_score&gt;,
E          &lt;django.db.models.fields.json.JSONField: metadata&gt;]</pre></td>
E                           </tr>
E                         
E                           <tr>
E                             <td>objs</td>
E                             <td class="code"><pre>[&lt;AuditLog: [2025-07-14 11:43:30.492155+00:00] testuser_3jeo5l (Client) - login (success)&gt;]</pre></td>
E                           </tr>
E                         
E                           <tr>
E                             <td>on_conflict</td>
E                             <td class="code"><pre>None</pre></td>
E                           </tr>
E                         
E                           <tr>
E                             <td>query</td>
E                             <td class="code"><pre>&lt;django.db.models.sql.subqueries.InsertQuery object at 0x108790590&gt;</pre></td>
E                           </tr>
E                         
E                           <tr>
E                             <td>raw</td>
E                             <td class="code"><pre>False</pre></td>
E                           </tr>
E                         
E                           <tr>
E                             <td>returning_fields</td>
E                             <td class="code"><pre>[&lt;django.db.models.fields.BigAutoField: id&gt;]</pre></td>
E                           </tr>
E                         
E                           <tr>
E                             <td>self</td>
E                             <td class="code"><pre>&lt;QuerySet [&lt;AuditLog: [2025-07-14 11:20:26.143987+00:00] None - login (failure)&gt;, &lt;AuditLog: [2025-07-14 11:20:26.172163+00:00] None - login (failure)&gt;, &lt;AuditLog: [2025-07-14 11:20:26.440678+00:00] None - login (failure)&gt;, &lt;AuditLog: [2025-07-14 11:20:26.472641+00:00] None - login (failure)&gt;, &lt;AuditLog: [2025-07-14 11:20:42.818165+00:00] None - login (failure)&gt;, &lt;AuditLog: [2025-07-14 11:20:42.834927+00:00] None - login (failure)&gt;, &lt;AuditLog: [2025-07-14 11:20:42.840926+00:00] None - login (failure)&gt;, &lt;AuditLog: [2025-07-14 11:20:42.849907+00:00] None - login (failure)&gt;, &lt;AuditLog: [2025-07-14 11:20:42.855760+00:00] None - login (failure)&gt;, &lt;AuditLog: [2025-07-14 11:20:42.866003+00:00] None - login (failure)&gt;, &lt;AuditLog: [2025-07-14 11:20:42.871786+00:00] None - login (failure)&gt;, &lt;AuditLog: [2025-07-14 11:20:42.878738+00:00] None - login (failure)&gt;, &lt;AuditLog: [2025-07-14 11:20:42.887097+00:00] None - login (failure)&gt;, &lt;AuditLog: [2025-07-14 11:20:42.933562+00:00] None - login (failure)&gt;, &lt;AuditLog: [2025-07-14 11:20:42.948908+00:00] None - login (failure)&gt;, &lt;AuditLog: [2025-07-14 11:20:42.955057+00:00] None - login (failure)&gt;, &lt;AuditLog: [2025-07-14 11:20:43.030569+00:00] None - login (failure)&gt;, &lt;AuditLog: [2025-07-14 11:20:43.035801+00:00] None - login (failure)&gt;, &lt;AuditLog: [2025-07-14 11:20:43.041067+00:00] None - login (failure)&gt;, &lt;AuditLog: [2025-07-14 11:20:43.057293+00:00] None - login (failure)&gt;, &#x27;...(remaining elements truncated)...&#x27;]&gt;</pre></td>
E                           </tr>
E                         
E                           <tr>
E                             <td>unique_fields</td>
E                             <td class="code"><pre>None</pre></td>
E                           </tr>
E                         
E                           <tr>
E                             <td>update_fields</td>
E                             <td class="code"><pre>None</pre></td>
E                           </tr>
E                         
E                           <tr>
E                             <td>using</td>
E                             <td class="code"><pre>&#x27;default&#x27;</pre></td>
E                           </tr>
E                         
E                       </tbody>
E                     </table>
E                     </details>
E                   
E                 </li>
E               
E                 
E                 <li class="frame django">
E                   
E                     <code class="fname">/Users/mohamedbechirdiarra/Downloads/prototypeGamma/Backend/venv/lib/python3.13/site-packages/django/db/models/sql/compiler.py</code>, line 1894, in execute_sql
E                   
E         
E                   
E                     <div class="context" id="c4437144512">
E                       
E                         <ol start="1887" class="pre-context" id="pre4437144512">
E                         
E                           <li onclick="toggle('pre4437144512', 'post4437144512')"><pre>                and len(self.query.objs) &gt; 1</pre></li>
E                         
E                           <li onclick="toggle('pre4437144512', 'post4437144512')"><pre>            ):</pre></li>
E                         
E                           <li onclick="toggle('pre4437144512', 'post4437144512')"><pre>                rows = self.connection.ops.fetch_returned_insert_rows(cursor)</pre></li>
E                         
E                           <li onclick="toggle('pre4437144512', 'post4437144512')"><pre>                cols = [field.get_col(opts.db_table) for field in self.returning_fields]</pre></li>
E                         
E                           <li onclick="toggle('pre4437144512', 'post4437144512')"><pre>            elif self.connection.features.can_return_columns_from_insert:</pre></li>
E                         
E                           <li onclick="toggle('pre4437144512', 'post4437144512')"><pre>                assert len(self.query.objs) == 1</pre></li>
E                         
E                           <li onclick="toggle('pre4437144512', 'post4437144512')"><pre>                rows = [</pre></li>
E                         
E                         </ol>
E                       
E                       <ol start="1894" class="context-line">
E                         <li onclick="toggle('pre4437144512', 'post4437144512')"><pre>                    self.connection.ops.fetch_returned_insert_columns(
E                                   ^</pre> <span>…</span></li>
E                       </ol>
E                       
E                         <ol start='1895' class="post-context" id="post4437144512">
E                           
E                           <li onclick="toggle('pre4437144512', 'post4437144512')"><pre>                        cursor,</pre></li>
E                           
E                           <li onclick="toggle('pre4437144512', 'post4437144512')"><pre>                        self.returning_params,</pre></li>
E                           
E                           <li onclick="toggle('pre4437144512', 'post4437144512')"><pre>                    )</pre></li>
E                           
E                           <li onclick="toggle('pre4437144512', 'post4437144512')"><pre>                ]</pre></li>
E                           
E                           <li onclick="toggle('pre4437144512', 'post4437144512')"><pre>                cols = [field.get_col(opts.db_table) for field in self.returning_fields]</pre></li>
E                           
E                           <li onclick="toggle('pre4437144512', 'post4437144512')"><pre>            elif returning_fields and isinstance(</pre></li>
E                           
E                       </ol>
E                       
E                     </div>
E                   
E         
E                   
E                     
E                       <details>
E                         <summary class="commands">Local vars</summary>
E                     
E                     <table class="vars" id="v4437144512">
E                       <thead>
E                         <tr>
E                           <th scope="col">Variable</th>
E                           <th scope="col">Value</th>
E                         </tr>
E                       </thead>
E                       <tbody>
E                         
E                           <tr>
E                             <td>cols</td>
E                             <td class="code"><pre>[]</pre></td>
E                           </tr>
E                         
E                           <tr>
E                             <td>cursor</td>
E                             <td class="code"><pre>&lt;django.db.backends.utils.CursorDebugWrapper object at 0x10871d910&gt;</pre></td>
E                           </tr>
E                         
E                           <tr>
E                             <td>opts</td>
E                             <td class="code"><pre>&lt;Options for AuditLog&gt;</pre></td>
E                           </tr>
E                         
E                           <tr>
E                             <td>params</td>
E                             <td class="code"><pre>(70,
E          &#x27;127.0.0.1&#x27;,
E          &#x27;python-requests/2.32.4&#x27;,
E          &#x27;login&#x27;,
E          &#x27;success&#x27;,
E          &#x27;2025-07-14 11:43:30.492155&#x27;,
E          &#x27;&#x27;,
E          &#x27;&#x27;,
E          None,
E          0,
E          &#x27;{}&#x27;)</pre></td>
E                           </tr>
E                         
E                           <tr>
E                             <td>returning_fields</td>
E                             <td class="code"><pre>[&lt;django.db.models.fields.BigAutoField: id&gt;]</pre></td>
E                           </tr>
E                         
E                           <tr>
E                             <td>self</td>
E                             <td class="code"><pre>&lt;SQLInsertCompiler model=AuditLog connection=&lt;DatabaseWrapper vendor=&#x27;sqlite&#x27; alias=&#x27;default&#x27;&gt; using=&#x27;default&#x27;&gt;</pre></td>
E                           </tr>
E                         
E                           <tr>
E                             <td>sql</td>
E                             <td class="code"><pre>(&#x27;INSERT INTO &quot;users_auditlog&quot; (&quot;user_id&quot;, &quot;ip_address&quot;, &quot;user_agent&quot;, &#x27;
E          &#x27;&quot;event_type&quot;, &quot;status&quot;, &quot;timestamp&quot;, &quot;geo_country&quot;, &quot;geo_city&quot;, &quot;location&quot;, &#x27;
E          &#x27;&quot;risk_score&quot;, &quot;metadata&quot;) VALUES (%s, %s, %s, %s, %s, %s, %s, %s, %s, %s, &#x27;
E          &#x27;%s) RETURNING &quot;users_auditlog&quot;.&quot;id&quot;&#x27;)</pre></td>
E                           </tr>
E                         
E                       </tbody>
E                     </table>
E                     </details>
E                   
E                 </li>
E               
E                 
E                 <li class="frame django">
E                   
E                     <code class="fname">/Users/mohamedbechirdiarra/Downloads/prototypeGamma/Backend/venv/lib/python3.13/site-packages/django/db/backends/base/operations.py</code>, line 215, in fetch_returned_insert_columns
E                   
E         
E                   
E                     <div class="context" id="c4437133504">
E                       
E                         <ol start="208" class="pre-context" id="pre4437133504">
E                         
E                           <li onclick="toggle('pre4437133504', 'post4437133504')"><pre>            return [&quot;DISTINCT&quot;], []</pre></li>
E                         
E                           <li onclick="toggle('pre4437133504', 'post4437133504')"><pre></pre></li>
E                         
E                           <li onclick="toggle('pre4437133504', 'post4437133504')"><pre>    def fetch_returned_insert_columns(self, cursor, returning_params):</pre></li>
E                         
E                           <li onclick="toggle('pre4437133504', 'post4437133504')"><pre>        &quot;&quot;&quot;</pre></li>
E                         
E                           <li onclick="toggle('pre4437133504', 'post4437133504')"><pre>        Given a cursor object that has just performed an INSERT...RETURNING</pre></li>
E                         
E                           <li onclick="toggle('pre4437133504', 'post4437133504')"><pre>        statement into a table, return the newly created data.</pre></li>
E                         
E                           <li onclick="toggle('pre4437133504', 'post4437133504')"><pre>        &quot;&quot;&quot;</pre></li>
E                         
E                         </ol>
E                       
E                       <ol start="215" class="context-line">
E                         <li onclick="toggle('pre4437133504', 'post4437133504')"><pre>        return cursor.fetchone()
E                             ^^^^^^^^^^^^^^^^^</pre> <span>…</span></li>
E                       </ol>
E                       
E                         <ol start='216' class="post-context" id="post4437133504">
E                           
E                           <li onclick="toggle('pre4437133504', 'post4437133504')"><pre></pre></li>
E                           
E                           <li onclick="toggle('pre4437133504', 'post4437133504')"><pre>    def field_cast_sql(self, db_type, internal_type):</pre></li>
E                           
E                           <li onclick="toggle('pre4437133504', 'post4437133504')"><pre>        &quot;&quot;&quot;</pre></li>
E                           
E                           <li onclick="toggle('pre4437133504', 'post4437133504')"><pre>        Given a column type (e.g. &#x27;BLOB&#x27;, &#x27;VARCHAR&#x27;) and an internal type</pre></li>
E                           
E                           <li onclick="toggle('pre4437133504', 'post4437133504')"><pre>        (e.g. &#x27;GenericIPAddressField&#x27;), return the SQL to cast it before using</pre></li>
E                           
E                           <li onclick="toggle('pre4437133504', 'post4437133504')"><pre>        it in a WHERE statement. The resulting string should contain a &#x27;%s&#x27;</pre></li>
E                           
E                       </ol>
E                       
E                     </div>
E                   
E         
E                   
E                     
E                       <details>
E                         <summary class="commands">Local vars</summary>
E                     
E                     <table class="vars" id="v4437133504">
E                       <thead>
E                         <tr>
E                           <th scope="col">Variable</th>
E                           <th scope="col">Value</th>
E                         </tr>
E                       </thead>
E                       <tbody>
E                         
E                           <tr>
E                             <td>cursor</td>
E                             <td class="code"><pre>&lt;django.db.backends.utils.CursorDebugWrapper object at 0x10871d910&gt;</pre></td>
E                           </tr>
E                         
E                           <tr>
E                             <td>returning_params</td>
E                             <td class="code"><pre>()</pre></td>
E                           </tr>
E                         
E                           <tr>
E                             <td>self</td>
E                             <td class="code"><pre>&lt;django.db.backends.sqlite3.operations.DatabaseOperations object at 0x10871fe30&gt;</pre></td>
E                           </tr>
E                         
E                       </tbody>
E                     </table>
E                     </details>
E                   
E                 </li>
E               
E                 
E                 <li class="frame django">
E                   
E                     <code class="fname">/Users/mohamedbechirdiarra/Downloads/prototypeGamma/Backend/venv/lib/python3.13/site-packages/django/db/utils.py</code>, line 97, in inner
E                   
E         
E                   
E                     <div class="context" id="c4437139456">
E                       
E                         <ol start="90" class="pre-context" id="pre4437139456">
E                         
E                           <li onclick="toggle('pre4437139456', 'post4437139456')"><pre>                    self.wrapper.errors_occurred = True</pre></li>
E                         
E                           <li onclick="toggle('pre4437139456', 'post4437139456')"><pre>                raise dj_exc_value.with_traceback(traceback) from exc_value</pre></li>
E                         
E                           <li onclick="toggle('pre4437139456', 'post4437139456')"><pre></pre></li>
E                         
E                           <li onclick="toggle('pre4437139456', 'post4437139456')"><pre>    def __call__(self, func):</pre></li>
E                         
E                           <li onclick="toggle('pre4437139456', 'post4437139456')"><pre>        # Note that we are intentionally not using @wraps here for performance</pre></li>
E                         
E                           <li onclick="toggle('pre4437139456', 'post4437139456')"><pre>        # reasons. Refs #21109.</pre></li>
E                         
E                           <li onclick="toggle('pre4437139456', 'post4437139456')"><pre>        def inner(*args, **kwargs):</pre></li>
E                         
E                         </ol>
E                       
E                       <ol start="97" class="context-line">
E                         <li onclick="toggle('pre4437139456', 'post4437139456')"><pre>            with self:
E                              ^^^^</pre> <span>…</span></li>
E                       </ol>
E                       
E                         <ol start='98' class="post-context" id="post4437139456">
E                           
E                           <li onclick="toggle('pre4437139456', 'post4437139456')"><pre>                return func(*args, **kwargs)</pre></li>
E                           
E                           <li onclick="toggle('pre4437139456', 'post4437139456')"><pre></pre></li>
E                           
E                           <li onclick="toggle('pre4437139456', 'post4437139456')"><pre>        return inner</pre></li>
E                           
E                           <li onclick="toggle('pre4437139456', 'post4437139456')"><pre></pre></li>
E                           
E                           <li onclick="toggle('pre4437139456', 'post4437139456')"><pre></pre></li>
E                           
E                           <li onclick="toggle('pre4437139456', 'post4437139456')"><pre>def load_backend(backend_name):</pre></li>
E                           
E                       </ol>
E                       
E                     </div>
E                   
E         
E                   
E                     
E                       <details>
E                         <summary class="commands">Local vars</summary>
E                     
E                     <table class="vars" id="v4437139456">
E                       <thead>
E                         <tr>
E                           <th scope="col">Variable</th>
E                           <th scope="col">Value</th>
E                         </tr>
E                       </thead>
E                       <tbody>
E                         
E                           <tr>
E                             <td>args</td>
E                             <td class="code"><pre>()</pre></td>
E                           </tr>
E                         
E                           <tr>
E                             <td>func</td>
E                             <td class="code"><pre>&lt;built-in method fetchone of SQLiteCursorWrapper object at 0x1087b4950&gt;</pre></td>
E                           </tr>
E                         
E                           <tr>
E                             <td>kwargs</td>
E                             <td class="code"><pre>{}</pre></td>
E                           </tr>
E                         
E                           <tr>
E                             <td>self</td>
E                             <td class="code"><pre>&lt;django.db.utils.DatabaseErrorWrapper object at 0x10890d180&gt;</pre></td>
E                           </tr>
E                         
E                       </tbody>
E                     </table>
E                     </details>
E                   
E                 </li>
E               
E                 
E                 <li class="frame django">
E                   
E                     <code class="fname">/Users/mohamedbechirdiarra/Downloads/prototypeGamma/Backend/venv/lib/python3.13/site-packages/django/db/utils.py</code>, line 91, in __exit__
E                   
E         
E                   
E                     <div class="context" id="c4437141632">
E                       
E                         <ol start="84" class="pre-context" id="pre4437141632">
E                         
E                           <li onclick="toggle('pre4437141632', 'post4437141632')"><pre>            db_exc_type = getattr(self.wrapper.Database, dj_exc_type.__name__)</pre></li>
E                         
E                           <li onclick="toggle('pre4437141632', 'post4437141632')"><pre>            if issubclass(exc_type, db_exc_type):</pre></li>
E                         
E                           <li onclick="toggle('pre4437141632', 'post4437141632')"><pre>                dj_exc_value = dj_exc_type(*exc_value.args)</pre></li>
E                         
E                           <li onclick="toggle('pre4437141632', 'post4437141632')"><pre>                # Only set the &#x27;errors_occurred&#x27; flag for errors that may make</pre></li>
E                         
E                           <li onclick="toggle('pre4437141632', 'post4437141632')"><pre>                # the connection unusable.</pre></li>
E                         
E                           <li onclick="toggle('pre4437141632', 'post4437141632')"><pre>                if dj_exc_type not in (DataError, IntegrityError):</pre></li>
E                         
E                           <li onclick="toggle('pre4437141632', 'post4437141632')"><pre>                    self.wrapper.errors_occurred = True</pre></li>
E                         
E                         </ol>
E                       
E                       <ol start="91" class="context-line">
E                         <li onclick="toggle('pre4437141632', 'post4437141632')"><pre>                raise dj_exc_value.with_traceback(traceback) from exc_value
E                             ^^^^^^^^^^^^^^^^^^^^^^^^^^^^^^^^^^^^^^^^^^^^^^^^^^^^^^^^^^^</pre> <span>…</span></li>
E                       </ol>
E                       
E                         <ol start='92' class="post-context" id="post4437141632">
E                           
E                           <li onclick="toggle('pre4437141632', 'post4437141632')"><pre></pre></li>
E                           
E                           <li onclick="toggle('pre4437141632', 'post4437141632')"><pre>    def __call__(self, func):</pre></li>
E                           
E                           <li onclick="toggle('pre4437141632', 'post4437141632')"><pre>        # Note that we are intentionally not using @wraps here for performance</pre></li>
E                           
E                           <li onclick="toggle('pre4437141632', 'post4437141632')"><pre>        # reasons. Refs #21109.</pre></li>
E                           
E                           <li onclick="toggle('pre4437141632', 'post4437141632')"><pre>        def inner(*args, **kwargs):</pre></li>
E                           
E                           <li onclick="toggle('pre4437141632', 'post4437141632')"><pre>            with self:</pre></li>
E                           
E                       </ol>
E                       
E                     </div>
E                   
E         
E                   
E                     
E                       <details>
E                         <summary class="commands">Local vars</summary>
E                     
E                     <table class="vars" id="v4437141632">
E                       <thead>
E                         <tr>
E                           <th scope="col">Variable</th>
E                           <th scope="col">Value</th>
E                         </tr>
E                       </thead>
E                       <tbody>
E                         
E                           <tr>
E                             <td>db_exc_type</td>
E                             <td class="code"><pre>&lt;class &#x27;sqlite3.IntegrityError&#x27;&gt;</pre></td>
E                           </tr>
E                         
E                           <tr>
E                             <td>dj_exc_type</td>
E                             <td class="code"><pre>&lt;class &#x27;django.db.utils.IntegrityError&#x27;&gt;</pre></td>
E                           </tr>
E                         
E                           <tr>
E                             <td>dj_exc_value</td>
E                             <td class="code"><pre>IntegrityError(&#x27;FOREIGN KEY constraint failed&#x27;)</pre></td>
E                           </tr>
E                         
E                           <tr>
E                             <td>exc_type</td>
E                             <td class="code"><pre>&lt;class &#x27;sqlite3.IntegrityError&#x27;&gt;</pre></td>
E                           </tr>
E                         
E                           <tr>
E                             <td>exc_value</td>
E                             <td class="code"><pre>IntegrityError(&#x27;FOREIGN KEY constraint failed&#x27;)</pre></td>
E                           </tr>
E                         
E                           <tr>
E                             <td>self</td>
E                             <td class="code"><pre>&lt;django.db.utils.DatabaseErrorWrapper object at 0x10890d180&gt;</pre></td>
E                           </tr>
E                         
E                           <tr>
E                             <td>traceback</td>
E                             <td class="code"><pre>&lt;traceback object at 0x108794300&gt;</pre></td>
E                           </tr>
E                         
E                       </tbody>
E                     </table>
E                     </details>
E                   
E                 </li>
E               
E                 
E                 <li class="frame django">
E                   
E                     <code class="fname">/Users/mohamedbechirdiarra/Downloads/prototypeGamma/Backend/venv/lib/python3.13/site-packages/django/db/utils.py</code>, line 98, in inner
E                   
E         
E                   
E                     <div class="context" id="c4437132032">
E                       
E                         <ol start="91" class="pre-context" id="pre4437132032">
E                         
E                           <li onclick="toggle('pre4437132032', 'post4437132032')"><pre>                raise dj_exc_value.with_traceback(traceback) from exc_value</pre></li>
E                         
E                           <li onclick="toggle('pre4437132032', 'post4437132032')"><pre></pre></li>
E                         
E                           <li onclick="toggle('pre4437132032', 'post4437132032')"><pre>    def __call__(self, func):</pre></li>
E                         
E                           <li onclick="toggle('pre4437132032', 'post4437132032')"><pre>        # Note that we are intentionally not using @wraps here for performance</pre></li>
E                         
E                           <li onclick="toggle('pre4437132032', 'post4437132032')"><pre>        # reasons. Refs #21109.</pre></li>
E                         
E                           <li onclick="toggle('pre4437132032', 'post4437132032')"><pre>        def inner(*args, **kwargs):</pre></li>
E                         
E                           <li onclick="toggle('pre4437132032', 'post4437132032')"><pre>            with self:</pre></li>
E                         
E                         </ol>
E                       
E                       <ol start="98" class="context-line">
E                         <li onclick="toggle('pre4437132032', 'post4437132032')"><pre>                return func(*args, **kwargs)
E                                    ^^^^^^^^^^^^^^^^^^^^^</pre> <span>…</span></li>
E                       </ol>
E                       
E                         <ol start='99' class="post-context" id="post4437132032">
E                           
E                           <li onclick="toggle('pre4437132032', 'post4437132032')"><pre></pre></li>
E                           
E                           <li onclick="toggle('pre4437132032', 'post4437132032')"><pre>        return inner</pre></li>
E                           
E                           <li onclick="toggle('pre4437132032', 'post4437132032')"><pre></pre></li>
E                           
E                           <li onclick="toggle('pre4437132032', 'post4437132032')"><pre></pre></li>
E                           
E                           <li onclick="toggle('pre4437132032', 'post4437132032')"><pre>def load_backend(backend_name):</pre></li>
E                           
E                           <li onclick="toggle('pre4437132032', 'post4437132032')"><pre>    &quot;&quot;&quot;</pre></li>
E                           
E                       </ol>
E                       
E                     </div>
E                   
E         
E                   
E                     
E                       <details>
E                         <summary class="commands">Local vars</summary>
E                     
E                     <table class="vars" id="v4437132032">
E                       <thead>
E                         <tr>
E                           <th scope="col">Variable</th>
E                           <th scope="col">Value</th>
E                         </tr>
E                       </thead>
E                       <tbody>
E                         
E                           <tr>
E                             <td>args</td>
E                             <td class="code"><pre>()</pre></td>
E                           </tr>
E                         
E                           <tr>
E                             <td>func</td>
E                             <td class="code"><pre>&lt;built-in method fetchone of SQLiteCursorWrapper object at 0x1087b4950&gt;</pre></td>
E                           </tr>
E                         
E                           <tr>
E                             <td>kwargs</td>
E                             <td class="code"><pre>{}</pre></td>
E                           </tr>
E                         
E                           <tr>
E                             <td>self</td>
E                             <td class="code"><pre>&lt;django.db.utils.DatabaseErrorWrapper object at 0x10890d180&gt;</pre></td>
E                           </tr>
E                         
E                       </tbody>
E                     </table>
E                     </details>
E                   
E                 </li>
E               
E             </ul>
E           </div>
E         
E           <form action="https://dpaste.com/" name="pasteform" id="pasteform" method="post">
E           <div id="pastebinTraceback" class="pastebin">
E             <input type="hidden" name="language" value="PythonConsole">
E             <input type="hidden" name="title"
E               value="IntegrityError at /users/login/">
E             <input type="hidden" name="source" value="Django Dpaste Agent">
E             <input type="hidden" name="poster" value="Django">
E             <textarea name="content" id="traceback_area" cols="140" rows="25">
E         Environment:
E         
E         
E         Request Method: POST
E         Request URL: http://127.0.0.1:8000/users/login/
E         
E         Django Version: 5.2.4
E         Python Version: 3.13.5
E         Installed Applications:
E         [&#x27;django.contrib.admin&#x27;,
E          &#x27;django.contrib.auth&#x27;,
E          &#x27;django.contrib.contenttypes&#x27;,
E          &#x27;django.contrib.sessions&#x27;,
E          &#x27;django.contrib.messages&#x27;,
E          &#x27;django.contrib.staticfiles&#x27;,
E          &#x27;rest_framework&#x27;,
E          &#x27;corsheaders&#x27;,
E          &#x27;users&#x27;,
E          &#x27;depannage&#x27;,
E          &#x27;rest_framework_simplejwt&#x27;,
E          &#x27;rest_framework_simplejwt.token_blacklist&#x27;,
E          &#x27;channels&#x27;]
E         Installed Middleware:
E         [&#x27;corsheaders.middleware.CorsMiddleware&#x27;,
E          &#x27;django.middleware.security.SecurityMiddleware&#x27;,
E          &#x27;django.contrib.sessions.middleware.SessionMiddleware&#x27;,
E          &#x27;django.middleware.common.CommonMiddleware&#x27;,
E          &#x27;django.middleware.csrf.CsrfViewMiddleware&#x27;,
E          &#x27;django.contrib.auth.middleware.AuthenticationMiddleware&#x27;,
E          &#x27;django.contrib.messages.middleware.MessageMiddleware&#x27;,
E          &#x27;django.middleware.clickjacking.XFrameOptionsMiddleware&#x27;,
E          &#x27;auth.middleware.JWTSecurityMiddleware&#x27;,
E          &#x27;auth.middleware.TokenValidationMiddleware&#x27;]
E         
E         
E         
E         Traceback (most recent call last):
E           File "/Users/mohamedbechirdiarra/Downloads/prototypeGamma/Backend/venv/lib/python3.13/site-packages/django/db/utils.py", line 98, in inner
E             return func(*args, **kwargs)
E                    ^^^^^^^^^^^^^^^^^^^^^
E         
E         The above exception (FOREIGN KEY constraint failed) was the direct cause of the following exception:
E           File "/Users/mohamedbechirdiarra/Downloads/prototypeGamma/Backend/venv/lib/python3.13/site-packages/django/core/handlers/exception.py", line 42, in inner
E             response = await get_response(request)
E                        ^^^^^^^^^^^^^^^^^^^^^^^^^^^
E           File "/Users/mohamedbechirdiarra/Downloads/prototypeGamma/Backend/venv/lib/python3.13/site-packages/django/core/handlers/base.py", line 253, in _get_response_async
E             response = await wrapped_callback(
E                        
E           File "/Users/mohamedbechirdiarra/Downloads/prototypeGamma/Backend/venv/lib/python3.13/site-packages/django/views/decorators/csrf.py", line 65, in _view_wrapper
E             return view_func(request, *args, **kwargs)
E                    ^^^^^^^^^^^^^^^^^^^^^^^^^^^^^^^^^^^
E           File "/Users/mohamedbechirdiarra/Downloads/prototypeGamma/Backend/venv/lib/python3.13/site-packages/rest_framework/viewsets.py", line 125, in view
E             return self.dispatch(request, *args, **kwargs)
E                    ^^^^^^^^^^^^^^^^^^^^^^^^^^^^^^^^^^^^^^^
E           File "/Users/mohamedbechirdiarra/Downloads/prototypeGamma/Backend/users/views.py", line 641, in dispatch
E             return super().dispatch(request, *args, **kwargs)
E                    ^^^^^^^^^^^^^^^^^^^^^^^^^^^^^^^^^^^^^^^^^^
E           File "/Users/mohamedbechirdiarra/Downloads/prototypeGamma/Backend/venv/lib/python3.13/site-packages/rest_framework/views.py", line 515, in dispatch
E             response = self.handle_exception(exc)
E                        ^^^^^^^^^^^^^^^^^^^^^^^^^^
E           File "/Users/mohamedbechirdiarra/Downloads/prototypeGamma/Backend/venv/lib/python3.13/site-packages/rest_framework/views.py", line 475, in handle_exception
E             self.raise_uncaught_exception(exc)
E             ^^^^^^^^^^^^^^^^^^^^^^^^^^^^^^^^^^
E           File "/Users/mohamedbechirdiarra/Downloads/prototypeGamma/Backend/venv/lib/python3.13/site-packages/rest_framework/views.py", line 486, in raise_uncaught_exception
E             raise exc
E             ^^^^^^^^^
E           File "/Users/mohamedbechirdiarra/Downloads/prototypeGamma/Backend/venv/lib/python3.13/site-packages/rest_framework/views.py", line 512, in dispatch
E             response = handler(request, *args, **kwargs)
E                        ^^^^^^^^^^^^^^^^^^^^^^^^^^^^^^^^^
E           File "/Users/mohamedbechirdiarra/Downloads/prototypeGamma/Backend/users/views.py", line 382, in login
E             log_event(request, &#x27;login&#x27;, &#x27;success&#x27;, risk_score=risk_score, metadata={}, user=user)
E             ^^^^^^^^^^^^^^^^^^^^^^^^^^^^^^^^^^^^^^^^^^^^^^^^^^^^^^^^^^^^^^^^^^^^^^^^^^^^^^^^^^^^^
E           File "/Users/mohamedbechirdiarra/Downloads/prototypeGamma/Backend/users/utils.py", line 14, in log_event
E             AuditLog.objects.create(
E             ^
E           File "/Users/mohamedbechirdiarra/Downloads/prototypeGamma/Backend/venv/lib/python3.13/site-packages/django/db/models/manager.py", line 87, in manager_method
E             return getattr(self.get_queryset(), name)(*args, **kwargs)
E                    ^^^^^^^^^^^^^^^^^^^^^^^^^^^^^^^^^^^^^^^^^^^^^^^^^^^
E           File "/Users/mohamedbechirdiarra/Downloads/prototypeGamma/Backend/venv/lib/python3.13/site-packages/django/db/models/query.py", line 663, in create
E             obj.save(force_insert=True, using=self.db)
E             ^^^^^^^^^^^^^^^^^^^^^^^^^^^^^^^^^^^^^^^^^^
E           File "/Users/mohamedbechirdiarra/Downloads/prototypeGamma/Backend/venv/lib/python3.13/site-packages/django/db/models/base.py", line 902, in save
E             self.save_base(
E             ^
E           File "/Users/mohamedbechirdiarra/Downloads/prototypeGamma/Backend/venv/lib/python3.13/site-packages/django/db/models/base.py", line 1008, in save_base
E             updated = self._save_table(
E                       
E           File "/Users/mohamedbechirdiarra/Downloads/prototypeGamma/Backend/venv/lib/python3.13/site-packages/django/db/models/base.py", line 1169, in _save_table
E             results = self._do_insert(
E                       
E           File "/Users/mohamedbechirdiarra/Downloads/prototypeGamma/Backend/venv/lib/python3.13/site-packages/django/db/models/base.py", line 1210, in _do_insert
E             return manager._insert(
E                    
E           File "/Users/mohamedbechirdiarra/Downloads/prototypeGamma/Backend/venv/lib/python3.13/site-packages/django/db/models/manager.py", line 87, in manager_method
E             return getattr(self.get_queryset(), name)(*args, **kwargs)
E                    ^^^^^^^^^^^^^^^^^^^^^^^^^^^^^^^^^^^^^^^^^^^^^^^^^^^
E           File "/Users/mohamedbechirdiarra/Downloads/prototypeGamma/Backend/venv/lib/python3.13/site-packages/django/db/models/query.py", line 1868, in _insert
E             return query.get_compiler(using=using).execute_sql(returning_fields)
E                    ^^^^^^^^^^^^^^^^^^^^^^^^^^^^^^^^^^^^^^^^^^^^^^^^^^^^^^^^^^^^^
E           File "/Users/mohamedbechirdiarra/Downloads/prototypeGamma/Backend/venv/lib/python3.13/site-packages/django/db/models/sql/compiler.py", line 1894, in execute_sql
E             self.connection.ops.fetch_returned_insert_columns(
E             ^
E           File "/Users/mohamedbechirdiarra/Downloads/prototypeGamma/Backend/venv/lib/python3.13/site-packages/django/db/backends/base/operations.py", line 215, in fetch_returned_insert_columns
E             return cursor.fetchone()
E                    ^^^^^^^^^^^^^^^^^
E           File "/Users/mohamedbechirdiarra/Downloads/prototypeGamma/Backend/venv/lib/python3.13/site-packages/django/db/utils.py", line 97, in inner
E             with self:
E                  ^^^^
E           File "/Users/mohamedbechirdiarra/Downloads/prototypeGamma/Backend/venv/lib/python3.13/site-packages/django/db/utils.py", line 91, in __exit__
E             raise dj_exc_value.with_traceback(traceback) from exc_value
E             ^^^^^^^^^^^^^^^^^^^^^^^^^^^^^^^^^^^^^^^^^^^^^^^^^^^^^^^^^^^
E           File "/Users/mohamedbechirdiarra/Downloads/prototypeGamma/Backend/venv/lib/python3.13/site-packages/django/db/utils.py", line 98, in inner
E             return func(*args, **kwargs)
E                    ^^^^^^^^^^^^^^^^^^^^^
E         
E         Exception Type: IntegrityError at /users/login/
E         Exception Value: FOREIGN KEY constraint failed
E         </textarea>
E           <br><br>
E           <input type="submit" value="Share this traceback on a public website">
E           </div>
E         </form>
E         
E         </div>
E         
E         
E         <div id="requestinfo">
E           <h2>Request information</h2>
E         
E         
E           
E             <h3 id="user-info">USER</h3>
E             <p>AnonymousUser</p>
E           
E         
E           <h3 id="get-info">GET</h3>
E           
E             <p>No GET data</p>
E           
E         
E           <h3 id="post-info">POST</h3>
E           
E             <p>No POST data</p>
E           
E         
E           <h3 id="files-info">FILES</h3>
E           
E             <p>No FILES data</p>
E           
E         
E           <h3 id="cookie-info">COOKIES</h3>
E           
E             <p>No cookie data</p>
E           
E         
E           <h3 id="meta-info">META</h3>
E           <table class="req">
E             <thead>
E               <tr>
E                 <th scope="col">Variable</th>
E                 <th scope="col">Value</th>
E               </tr>
E             </thead>
E             <tbody>
E               
E                 <tr>
E                   <td>CONTENT_LENGTH</td>
E                   <td class="code"><pre>&#x27;69&#x27;</pre></td>
E                 </tr>
E               
E                 <tr>
E                   <td>CONTENT_TYPE</td>
E                   <td class="code"><pre>&#x27;application/json&#x27;</pre></td>
E                 </tr>
E               
E                 <tr>
E                   <td>HTTP_ACCEPT</td>
E                   <td class="code"><pre>&#x27;*/*&#x27;</pre></td>
E                 </tr>
E               
E                 <tr>
E                   <td>HTTP_ACCEPT_ENCODING</td>
E                   <td class="code"><pre>&#x27;gzip, deflate&#x27;</pre></td>
E                 </tr>
E               
E                 <tr>
E                   <td>HTTP_CONNECTION</td>
E                   <td class="code"><pre>&#x27;keep-alive&#x27;</pre></td>
E                 </tr>
E               
E                 <tr>
E                   <td>HTTP_HOST</td>
E                   <td class="code"><pre>&#x27;127.0.0.1:8000&#x27;</pre></td>
E                 </tr>
E               
E                 <tr>
E                   <td>HTTP_USER_AGENT</td>
E                   <td class="code"><pre>&#x27;python-requests/2.32.4&#x27;</pre></td>
E                 </tr>
E               
E                 <tr>
E                   <td>PATH_INFO</td>
E                   <td class="code"><pre>&#x27;/users/login/&#x27;</pre></td>
E                 </tr>
E               
E                 <tr>
E                   <td>QUERY_STRING</td>
E                   <td class="code"><pre>&#x27;&#x27;</pre></td>
E                 </tr>
E               
E                 <tr>
E                   <td>REMOTE_ADDR</td>
E                   <td class="code"><pre>&#x27;127.0.0.1&#x27;</pre></td>
E                 </tr>
E               
E                 <tr>
E                   <td>REMOTE_HOST</td>
E                   <td class="code"><pre>&#x27;127.0.0.1&#x27;</pre></td>
E                 </tr>
E               
E                 <tr>
E                   <td>REMOTE_PORT</td>
E                   <td class="code"><pre>53765</pre></td>
E                 </tr>
E               
E                 <tr>
E                   <td>REQUEST_METHOD</td>
E                   <td class="code"><pre>&#x27;POST&#x27;</pre></td>
E                 </tr>
E               
E                 <tr>
E                   <td>SCRIPT_NAME</td>
E                   <td class="code"><pre>&#x27;&#x27;</pre></td>
E                 </tr>
E               
E                 <tr>
E                   <td>SERVER_NAME</td>
E                   <td class="code"><pre>&#x27;127.0.0.1&#x27;</pre></td>
E                 </tr>
E               
E                 <tr>
E                   <td>SERVER_PORT</td>
E                   <td class="code"><pre>&#x27;8000&#x27;</pre></td>
E                 </tr>
E               
E                 <tr>
E                   <td>wsgi.multiprocess</td>
E                   <td class="code"><pre>True</pre></td>
E                 </tr>
E               
E                 <tr>
E                   <td>wsgi.multithread</td>
E                   <td class="code"><pre>True</pre></td>
E                 </tr>
E               
E             </tbody>
E           </table>
E         
E         
E           <h3 id="settings-info">Settings</h3>
E           <h4>Using settings module <code>Backend.auth.settings</code></h4>
E           <table class="req">
E             <thead>
E               <tr>
E                 <th scope="col">Setting</th>
E                 <th scope="col">Value</th>
E               </tr>
E             </thead>
E             <tbody>
E               
E                 <tr>
E                   <td>ABSOLUTE_URL_OVERRIDES</td>
E                   <td class="code"><pre>{}</pre></td>
E                 </tr>
E               
E                 <tr>
E                   <td>ADMINS</td>
E                   <td class="code"><pre>[]</pre></td>
E                 </tr>
E               
E                 <tr>
E                   <td>ALLOWED_HOSTS</td>
E                   <td class="code"><pre>[&#x27;127.0.0.1&#x27;, &#x27;localhost&#x27;, &#x27;testserver&#x27;]</pre></td>
E                 </tr>
E               
E                 <tr>
E                   <td>APPEND_SLASH</td>
E                   <td class="code"><pre>True</pre></td>
E                 </tr>
E               
E                 <tr>
E                   <td>ASGI_APPLICATION</td>
E                   <td class="code"><pre>&#x27;auth.asgi.application&#x27;</pre></td>
E                 </tr>
E               
E                 <tr>
E                   <td>AUTHENTICATION_BACKENDS</td>
E                   <td class="code"><pre>&#x27;********************&#x27;</pre></td>
E                 </tr>
E               
E                 <tr>
E                   <td>AUTH_PASSWORD_VALIDATORS</td>
E                   <td class="code"><pre>&#x27;********************&#x27;</pre></td>
E                 </tr>
E               
E                 <tr>
E                   <td>AUTH_USER_MODEL</td>
E                   <td class="code"><pre>&#x27;********************&#x27;</pre></td>
E                 </tr>
E               
E                 <tr>
E                   <td>BASE_DIR</td>
E                   <td class="code"><pre>PosixPath(&#x27;/Users/mohamedbechirdiarra/Downloads/prototypeGamma/Backend&#x27;)</pre></td>
E                 </tr>
E               
E                 <tr>
E                   <td>BASE_URL</td>
E                   <td class="code"><pre>&#x27;http://127.0.0.1:8000&#x27;</pre></td>
E                 </tr>
E               
E                 <tr>
E                   <td>CACHES</td>
E                   <td class="code"><pre>{&#x27;default&#x27;: {&#x27;BACKEND&#x27;: &#x27;django.core.cache.backends.locmem.LocMemCache&#x27;,
E                      &#x27;LOCATION&#x27;: &#x27;unique-snowflake&#x27;,
E                      &#x27;OPTIONS&#x27;: {&#x27;MAX_ENTRIES&#x27;: 1000},
E                      &#x27;TIMEOUT&#x27;: 300}}</pre></td>
E                 </tr>
E               
E                 <tr>
E                   <td>CACHE_MIDDLEWARE_ALIAS</td>
E                   <td class="code"><pre>&#x27;default&#x27;</pre></td>
E                 </tr>
E               
E                 <tr>
E                   <td>CACHE_MIDDLEWARE_KEY_PREFIX</td>
E                   <td class="code"><pre>&#x27;********************&#x27;</pre></td>
E                 </tr>
E               
E                 <tr>
E                   <td>CACHE_MIDDLEWARE_SECONDS</td>
E                   <td class="code"><pre>600</pre></td>
E                 </tr>
E               
E                 <tr>
E                   <td>CHANNEL_LAYERS</td>
E                   <td class="code"><pre>{&#x27;default&#x27;: {&#x27;BACKEND&#x27;: &#x27;channels.layers.InMemoryChannelLayer&#x27;}}</pre></td>
E                 </tr>
E               
E                 <tr>
E                   <td>CINETPAY_API_KEY</td>
E                   <td class="code"><pre>&#x27;********************&#x27;</pre></td>
E                 </tr>
E               
E                 <tr>
E                   <td>CINETPAY_CONFIG</td>
E                   <td class="code"><pre>{&#x27;API_KEY&#x27;: &#x27;********************&#x27;,
E          &#x27;API_URL&#x27;: &#x27;********************&#x27;,
E          &#x27;CURRENCY&#x27;: &#x27;XOF&#x27;,
E          &#x27;ENVIRONMENT&#x27;: &#x27;Production&#x27;,
E          &#x27;LANG&#x27;: &#x27;fr&#x27;,
E          &#x27;MODE&#x27;: &#x27;PRODUCTION&#x27;,
E          &#x27;SECRET_KEY&#x27;: &#x27;********************&#x27;,
E          &#x27;SITE_ID&#x27;: &#x27;105899471&#x27;,
E          &#x27;USE_SIMULATOR&#x27;: False}</pre></td>
E                 </tr>
E               
E                 <tr>
E                   <td>CINETPAY_ENVIRONMENT</td>
E                   <td class="code"><pre>&#x27;Production&#x27;</pre></td>
E                 </tr>
E               
E                 <tr>
E                   <td>CINETPAY_SECRET_KEY</td>
E                   <td class="code"><pre>&#x27;********************&#x27;</pre></td>
E                 </tr>
E               
E                 <tr>
E                   <td>CINETPAY_SITE_ID</td>
E                   <td class="code"><pre>&#x27;105899471&#x27;</pre></td>
E                 </tr>
E               
E                 <tr>
E                   <td>CINETPAY_USE_SIMULATOR</td>
E                   <td class="code"><pre>False</pre></td>
E                 </tr>
E               
E                 <tr>
E                   <td>CORS_ALLOWED_HEADERS</td>
E                   <td class="code"><pre>[&#x27;Content-Type&#x27;, &#x27;Authorization&#x27;, &#x27;X-Requested-With&#x27;]</pre></td>
E                 </tr>
E               
E                 <tr>
E                   <td>CORS_ALLOWED_METHODS</td>
E                   <td class="code"><pre>[&#x27;GET&#x27;, &#x27;POST&#x27;, &#x27;PUT&#x27;, &#x27;DELETE&#x27;, &#x27;OPTIONS&#x27;]</pre></td>
E                 </tr>
E               
E                 <tr>
E                   <td>CORS_ALLOWED_ORIGINS</td>
E                   <td class="code"><pre>[&#x27;http://localhost:5173&#x27;,
E          &#x27;http://127.0.0.1:5173&#x27;,
E          &#x27;http://localhost:8000&#x27;,
E          &#x27;http://127.0.0.1:8000&#x27;]</pre></td>
E                 </tr>
E               
E                 <tr>
E                   <td>CORS_ALLOW_ALL_ORIGINS</td>
E                   <td class="code"><pre>True</pre></td>
E                 </tr>
E               
E                 <tr>
E                   <td>CORS_ALLOW_CREDENTIALS</td>
E                   <td class="code"><pre>True</pre></td>
E                 </tr>
E               
E                 <tr>
E                   <td>CSRF_COOKIE_AGE</td>
E                   <td class="code"><pre>31449600</pre></td>
E                 </tr>
E               
E                 <tr>
E                   <td>CSRF_COOKIE_DOMAIN</td>
E                   <td class="code"><pre>None</pre></td>
E                 </tr>
E               
E                 <tr>
E                   <td>CSRF_COOKIE_HTTPONLY</td>
E                   <td class="code"><pre>True</pre></td>
E                 </tr>
E               
E                 <tr>
E                   <td>CSRF_COOKIE_NAME</td>
E                   <td class="code"><pre>&#x27;csrftoken&#x27;</pre></td>
E                 </tr>
E               
E                 <tr>
E                   <td>CSRF_COOKIE_PATH</td>
E                   <td class="code"><pre>&#x27;/&#x27;</pre></td>
E                 </tr>
E               
E                 <tr>
E                   <td>CSRF_COOKIE_SAMESITE</td>
E                   <td class="code"><pre>&#x27;Lax&#x27;</pre></td>
E                 </tr>
E               
E                 <tr>
E                   <td>CSRF_COOKIE_SECURE</td>
E                   <td class="code"><pre>True</pre></td>
E                 </tr>
E               
E                 <tr>
E                   <td>CSRF_FAILURE_VIEW</td>
E                   <td class="code"><pre>&#x27;django.views.csrf.csrf_failure&#x27;</pre></td>
E                 </tr>
E               
E                 <tr>
E                   <td>CSRF_HEADER_NAME</td>
E                   <td class="code"><pre>&#x27;HTTP_X_CSRFTOKEN&#x27;</pre></td>
E                 </tr>
E               
E                 <tr>
E                   <td>CSRF_TRUSTED_ORIGINS</td>
E                   <td class="code"><pre>[&#x27;http://localhost:3000&#x27;, &#x27;http://127.0.0.1:3000&#x27;]</pre></td>
E                 </tr>
E               
E                 <tr>
E                   <td>CSRF_USE_SESSIONS</td>
E                   <td class="code"><pre>False</pre></td>
E                 </tr>
E               
E                 <tr>
E                   <td>DATABASES</td>
E                   <td class="code"><pre>{&#x27;default&#x27;: {&#x27;ATOMIC_REQUESTS&#x27;: False,
E                      &#x27;AUTOCOMMIT&#x27;: True,
E                      &#x27;CONN_HEALTH_CHECKS&#x27;: False,
E                      &#x27;CONN_MAX_AGE&#x27;: 0,
E                      &#x27;ENGINE&#x27;: &#x27;django.db.backends.sqlite3&#x27;,
E                      &#x27;HOST&#x27;: &#x27;&#x27;,
E                      &#x27;NAME&#x27;: PosixPath(&#x27;/Users/mohamedbechirdiarra/Downloads/prototypeGamma/Backend/db.sqlite3&#x27;),
E                      &#x27;OPTIONS&#x27;: {},
E                      &#x27;PASSWORD&#x27;: &#x27;********************&#x27;,
E                      &#x27;PORT&#x27;: &#x27;&#x27;,
E                      &#x27;TEST&#x27;: {&#x27;CHARSET&#x27;: None,
E                               &#x27;COLLATION&#x27;: None,
E                               &#x27;MIGRATE&#x27;: True,
E                               &#x27;MIRROR&#x27;: None,
E                               &#x27;NAME&#x27;: None},
E                      &#x27;TIME_ZONE&#x27;: None,
E                      &#x27;USER&#x27;: &#x27;&#x27;}}</pre></td>
E                 </tr>
E               
E                 <tr>
E                   <td>DATABASE_ROUTERS</td>
E                   <td class="code"><pre>[]</pre></td>
E                 </tr>
E               
E                 <tr>
E                   <td>DATA_UPLOAD_MAX_MEMORY_SIZE</td>
E                   <td class="code"><pre>2621440</pre></td>
E                 </tr>
E               
E                 <tr>
E                   <td>DATA_UPLOAD_MAX_NUMBER_FIELDS</td>
E                   <td class="code"><pre>1000</pre></td>
E                 </tr>
E               
E                 <tr>
E                   <td>DATA_UPLOAD_MAX_NUMBER_FILES</td>
E                   <td class="code"><pre>100</pre></td>
E                 </tr>
E               
E                 <tr>
E                   <td>DATETIME_FORMAT</td>
E                   <td class="code"><pre>&#x27;N j, Y, P&#x27;</pre></td>
E                 </tr>
E               
E                 <tr>
E                   <td>DATETIME_INPUT_FORMATS</td>
E                   <td class="code"><pre>[&#x27;%Y-%m-%d %H:%M:%S&#x27;,
E          &#x27;%Y-%m-%d %H:%M:%S.%f&#x27;,
E          &#x27;%Y-%m-%d %H:%M&#x27;,
E          &#x27;%m/%d/%Y %H:%M:%S&#x27;,
E          &#x27;%m/%d/%Y %H:%M:%S.%f&#x27;,
E          &#x27;%m/%d/%Y %H:%M&#x27;,
E          &#x27;%m/%d/%y %H:%M:%S&#x27;,
E          &#x27;%m/%d/%y %H:%M:%S.%f&#x27;,
E          &#x27;%m/%d/%y %H:%M&#x27;]</pre></td>
E                 </tr>
E               
E                 <tr>
E                   <td>DATE_FORMAT</td>
E                   <td class="code"><pre>&#x27;N j, Y&#x27;</pre></td>
E                 </tr>
E               
E                 <tr>
E                   <td>DATE_INPUT_FORMATS</td>
E                   <td class="code"><pre>[&#x27;%Y-%m-%d&#x27;,
E          &#x27;%m/%d/%Y&#x27;,
E          &#x27;%m/%d/%y&#x27;,
E          &#x27;%b %d %Y&#x27;,
E          &#x27;%b %d, %Y&#x27;,
E          &#x27;%d %b %Y&#x27;,
E          &#x27;%d %b, %Y&#x27;,
E          &#x27;%B %d %Y&#x27;,
E          &#x27;%B %d, %Y&#x27;,
E          &#x27;%d %B %Y&#x27;,
E          &#x27;%d %B, %Y&#x27;]</pre></td>
E                 </tr>
E               
E                 <tr>
E                   <td>DEBUG</td>
E                   <td class="code"><pre>True</pre></td>
E                 </tr>
E               
E                 <tr>
E                   <td>DEBUG_PROPAGATE_EXCEPTIONS</td>
E                   <td class="code"><pre>False</pre></td>
E                 </tr>
E               
E                 <tr>
E                   <td>DECIMAL_SEPARATOR</td>
E                   <td class="code"><pre>&#x27;.&#x27;</pre></td>
E                 </tr>
E               
E                 <tr>
E                   <td>DEFAULT_AUTO_FIELD</td>
E                   <td class="code"><pre>&#x27;django.db.models.BigAutoField&#x27;</pre></td>
E                 </tr>
E               
E                 <tr>
E                   <td>DEFAULT_CHARSET</td>
E                   <td class="code"><pre>&#x27;utf-8&#x27;</pre></td>
E                 </tr>
E               
E                 <tr>
E                   <td>DEFAULT_EXCEPTION_REPORTER</td>
E                   <td class="code"><pre>&#x27;django.views.debug.ExceptionReporter&#x27;</pre></td>
E                 </tr>
E               
E                 <tr>
E                   <td>DEFAULT_EXCEPTION_REPORTER_FILTER</td>
E                   <td class="code"><pre>&#x27;django.views.debug.SafeExceptionReporterFilter&#x27;</pre></td>
E                 </tr>
E               
E                 <tr>
E                   <td>DEFAULT_FROM_EMAIL</td>
E                   <td class="code"><pre>&#x27;webmaster@localhost&#x27;</pre></td>
E                 </tr>
E               
E                 <tr>
E                   <td>DEFAULT_INDEX_TABLESPACE</td>
E                   <td class="code"><pre>&#x27;&#x27;</pre></td>
E                 </tr>
E               
E                 <tr>
E                   <td>DEFAULT_TABLESPACE</td>
E                   <td class="code"><pre>&#x27;&#x27;</pre></td>
E                 </tr>
E               
E                 <tr>
E                   <td>DISALLOWED_USER_AGENTS</td>
E                   <td class="code"><pre>[]</pre></td>
E                 </tr>
E               
E                 <tr>
E                   <td>EMAIL_BACKEND</td>
E                   <td class="code"><pre>&#x27;django.core.mail.backends.console.EmailBackend&#x27;</pre></td>
E                 </tr>
E               
E                 <tr>
E                   <td>EMAIL_HOST</td>
E                   <td class="code"><pre>&#x27;localhost&#x27;</pre></td>
E                 </tr>
E               
E                 <tr>
E                   <td>EMAIL_HOST_PASSWORD</td>
E                   <td class="code"><pre>&#x27;********************&#x27;</pre></td>
E                 </tr>
E               
E                 <tr>
E                   <td>EMAIL_HOST_USER</td>
E                   <td class="code"><pre>&#x27;&#x27;</pre></td>
E                 </tr>
E               
E                 <tr>
E                   <td>EMAIL_PORT</td>
E                   <td class="code"><pre>1025</pre></td>
E                 </tr>
E               
E                 <tr>
E                   <td>EMAIL_SSL_CERTFILE</td>
E                   <td class="code"><pre>None</pre></td>
E                 </tr>
E               
E                 <tr>
E                   <td>EMAIL_SSL_KEYFILE</td>
E                   <td class="code"><pre>&#x27;********************&#x27;</pre></td>
E                 </tr>
E               
E                 <tr>
E                   <td>EMAIL_SUBJECT_PREFIX</td>
E                   <td class="code"><pre>&#x27;[Django] &#x27;</pre></td>
E                 </tr>
E               
E                 <tr>
E                   <td>EMAIL_TIMEOUT</td>
E                   <td class="code"><pre>None</pre></td>
E                 </tr>
E               
E                 <tr>
E                   <td>EMAIL_USE_LOCALTIME</td>
E                   <td class="code"><pre>False</pre></td>
E                 </tr>
E               
E                 <tr>
E                   <td>EMAIL_USE_SSL</td>
E                   <td class="code"><pre>False</pre></td>
E                 </tr>
E               
E                 <tr>
E                   <td>EMAIL_USE_TLS</td>
E                   <td class="code"><pre>False</pre></td>
E                 </tr>
E               
E                 <tr>
E                   <td>FILE_UPLOAD_DIRECTORY_PERMISSIONS</td>
E                   <td class="code"><pre>None</pre></td>
E                 </tr>
E               
E                 <tr>
E                   <td>FILE_UPLOAD_HANDLERS</td>
E                   <td class="code"><pre>[&#x27;django.core.files.uploadhandler.MemoryFileUploadHandler&#x27;,
E          &#x27;django.core.files.uploadhandler.TemporaryFileUploadHandler&#x27;]</pre></td>
E                 </tr>
E               
E                 <tr>
E                   <td>FILE_UPLOAD_MAX_MEMORY_SIZE</td>
E                   <td class="code"><pre>2621440</pre></td>
E                 </tr>
E               
E                 <tr>
E                   <td>FILE_UPLOAD_PERMISSIONS</td>
E                   <td class="code"><pre>420</pre></td>
E                 </tr>
E               
E                 <tr>
E                   <td>FILE_UPLOAD_TEMP_DIR</td>
E                   <td class="code"><pre>None</pre></td>
E                 </tr>
E               
E                 <tr>
E                   <td>FIRST_DAY_OF_WEEK</td>
E                   <td class="code"><pre>0</pre></td>
E                 </tr>
E               
E                 <tr>
E                   <td>FIXTURE_DIRS</td>
E                   <td class="code"><pre>[]</pre></td>
E                 </tr>
E               
E                 <tr>
E                   <td>FORCE_SCRIPT_NAME</td>
E                   <td class="code"><pre>None</pre></td>
E                 </tr>
E               
E                 <tr>
E                   <td>FORMAT_MODULE_PATH</td>
E                   <td class="code"><pre>None</pre></td>
E                 </tr>
E               
E                 <tr>
E                   <td>FORMS_URLFIELD_ASSUME_HTTPS</td>
E                   <td class="code"><pre>False</pre></td>
E                 </tr>
E               
E                 <tr>
E                   <td>FORM_RENDERER</td>
E                   <td class="code"><pre>&#x27;django.forms.renderers.DjangoTemplates&#x27;</pre></td>
E                 </tr>
E               
E                 <tr>
E                   <td>FRONTEND_URL</td>
E                   <td class="code"><pre>&#x27;http://127.0.0.1:5173&#x27;</pre></td>
E                 </tr>
E               
E                 <tr>
E                   <td>GDAL_LIBRARY_PATH</td>
E                   <td class="code"><pre>&#x27;C:\\OSGeo4W\\bin\\gdal311.dll&#x27;</pre></td>
E                 </tr>
E               
E                 <tr>
E                   <td>GEOLOCATION_SETTINGS</td>
E                   <td class="code"><pre>{&#x27;CACHE_TIMEOUT&#x27;: 3600, &#x27;DEFAULT_RADIUS_KM&#x27;: 10, &#x27;MAX_RADIUS_KM&#x27;: 50}</pre></td>
E                 </tr>
E               
E                 <tr>
E                   <td>GEOS_LIBRARY_PATH</td>
E                   <td class="code"><pre>&#x27;C:\\OSGeo4W\\bin\\geos_c.dll&#x27;</pre></td>
E                 </tr>
E               
E                 <tr>
E                   <td>IGNORABLE_404_URLS</td>
E                   <td class="code"><pre>[]</pre></td>
E                 </tr>
E               
E                 <tr>
E                   <td>INSTALLED_APPS</td>
E                   <td class="code"><pre>[&#x27;django.contrib.admin&#x27;,
E          &#x27;django.contrib.auth&#x27;,
E          &#x27;django.contrib.contenttypes&#x27;,
E          &#x27;django.contrib.sessions&#x27;,
E          &#x27;django.contrib.messages&#x27;,
E          &#x27;django.contrib.staticfiles&#x27;,
E          &#x27;rest_framework&#x27;,
E          &#x27;corsheaders&#x27;,
E          &#x27;users&#x27;,
E          &#x27;depannage&#x27;,
E          &#x27;rest_framework_simplejwt&#x27;,
E          &#x27;rest_framework_simplejwt.token_blacklist&#x27;,
E          &#x27;channels&#x27;]</pre></td>
E                 </tr>
E               
E                 <tr>
E                   <td>INTERNAL_IPS</td>
E                   <td class="code"><pre>[]</pre></td>
E                 </tr>
E               
E                 <tr>
E                   <td>LANGUAGES</td>
E                   <td class="code"><pre>[(&#x27;af&#x27;, &#x27;Afrikaans&#x27;),
E          (&#x27;ar&#x27;, &#x27;Arabic&#x27;),
E          (&#x27;ar-dz&#x27;, &#x27;Algerian Arabic&#x27;),
E          (&#x27;ast&#x27;, &#x27;Asturian&#x27;),
E          (&#x27;az&#x27;, &#x27;Azerbaijani&#x27;),
E          (&#x27;bg&#x27;, &#x27;Bulgarian&#x27;),
E          (&#x27;be&#x27;, &#x27;Belarusian&#x27;),
E          (&#x27;bn&#x27;, &#x27;Bengali&#x27;),
E          (&#x27;br&#x27;, &#x27;Breton&#x27;),
E          (&#x27;bs&#x27;, &#x27;Bosnian&#x27;),
E          (&#x27;ca&#x27;, &#x27;Catalan&#x27;),
E          (&#x27;ckb&#x27;, &#x27;Central Kurdish (Sorani)&#x27;),
E          (&#x27;cs&#x27;, &#x27;Czech&#x27;),
E          (&#x27;cy&#x27;, &#x27;Welsh&#x27;),
E          (&#x27;da&#x27;, &#x27;Danish&#x27;),
E          (&#x27;de&#x27;, &#x27;German&#x27;),
E          (&#x27;dsb&#x27;, &#x27;Lower Sorbian&#x27;),
E          (&#x27;el&#x27;, &#x27;Greek&#x27;),
E          (&#x27;en&#x27;, &#x27;English&#x27;),
E          (&#x27;en-au&#x27;, &#x27;Australian English&#x27;),
E          (&#x27;en-gb&#x27;, &#x27;British English&#x27;),
E          (&#x27;eo&#x27;, &#x27;Esperanto&#x27;),
E          (&#x27;es&#x27;, &#x27;Spanish&#x27;),
E          (&#x27;es-ar&#x27;, &#x27;Argentinian Spanish&#x27;),
E          (&#x27;es-co&#x27;, &#x27;Colombian Spanish&#x27;),
E          (&#x27;es-mx&#x27;, &#x27;Mexican Spanish&#x27;),
E          (&#x27;es-ni&#x27;, &#x27;Nicaraguan Spanish&#x27;),
E          (&#x27;es-ve&#x27;, &#x27;Venezuelan Spanish&#x27;),
E          (&#x27;et&#x27;, &#x27;Estonian&#x27;),
E          (&#x27;eu&#x27;, &#x27;Basque&#x27;),
E          (&#x27;fa&#x27;, &#x27;Persian&#x27;),
E          (&#x27;fi&#x27;, &#x27;Finnish&#x27;),
E          (&#x27;fr&#x27;, &#x27;French&#x27;),
E          (&#x27;fy&#x27;, &#x27;Frisian&#x27;),
E          (&#x27;ga&#x27;, &#x27;Irish&#x27;),
E          (&#x27;gd&#x27;, &#x27;Scottish Gaelic&#x27;),
E          (&#x27;gl&#x27;, &#x27;Galician&#x27;),
E          (&#x27;he&#x27;, &#x27;Hebrew&#x27;),
E          (&#x27;hi&#x27;, &#x27;Hindi&#x27;),
E          (&#x27;hr&#x27;, &#x27;Croatian&#x27;),
E          (&#x27;hsb&#x27;, &#x27;Upper Sorbian&#x27;),
E          (&#x27;hu&#x27;, &#x27;Hungarian&#x27;),
E          (&#x27;hy&#x27;, &#x27;Armenian&#x27;),
E          (&#x27;ia&#x27;, &#x27;Interlingua&#x27;),
E          (&#x27;id&#x27;, &#x27;Indonesian&#x27;),
E          (&#x27;ig&#x27;, &#x27;Igbo&#x27;),
E          (&#x27;io&#x27;, &#x27;Ido&#x27;),
E          (&#x27;is&#x27;, &#x27;Icelandic&#x27;),
E          (&#x27;it&#x27;, &#x27;Italian&#x27;),
E          (&#x27;ja&#x27;, &#x27;Japanese&#x27;),
E          (&#x27;ka&#x27;, &#x27;Georgian&#x27;),
E          (&#x27;kab&#x27;, &#x27;Kabyle&#x27;),
E          (&#x27;kk&#x27;, &#x27;Kazakh&#x27;),
E          (&#x27;km&#x27;, &#x27;Khmer&#x27;),
E          (&#x27;kn&#x27;, &#x27;Kannada&#x27;),
E          (&#x27;ko&#x27;, &#x27;Korean&#x27;),
E          (&#x27;ky&#x27;, &#x27;Kyrgyz&#x27;),
E          (&#x27;lb&#x27;, &#x27;Luxembourgish&#x27;),
E          (&#x27;lt&#x27;, &#x27;Lithuanian&#x27;),
E          (&#x27;lv&#x27;, &#x27;Latvian&#x27;),
E          (&#x27;mk&#x27;, &#x27;Macedonian&#x27;),
E          (&#x27;ml&#x27;, &#x27;Malayalam&#x27;),
E          (&#x27;mn&#x27;, &#x27;Mongolian&#x27;),
E          (&#x27;mr&#x27;, &#x27;Marathi&#x27;),
E          (&#x27;ms&#x27;, &#x27;Malay&#x27;),
E          (&#x27;my&#x27;, &#x27;Burmese&#x27;),
E          (&#x27;nb&#x27;, &#x27;Norwegian Bokmål&#x27;),
E          (&#x27;ne&#x27;, &#x27;Nepali&#x27;),
E          (&#x27;nl&#x27;, &#x27;Dutch&#x27;),
E          (&#x27;nn&#x27;, &#x27;Norwegian Nynorsk&#x27;),
E          (&#x27;os&#x27;, &#x27;Ossetic&#x27;),
E          (&#x27;pa&#x27;, &#x27;Punjabi&#x27;),
E          (&#x27;pl&#x27;, &#x27;Polish&#x27;),
E          (&#x27;pt&#x27;, &#x27;Portuguese&#x27;),
E          (&#x27;pt-br&#x27;, &#x27;Brazilian Portuguese&#x27;),
E          (&#x27;ro&#x27;, &#x27;Romanian&#x27;),
E          (&#x27;ru&#x27;, &#x27;Russian&#x27;),
E          (&#x27;sk&#x27;, &#x27;Slovak&#x27;),
E          (&#x27;sl&#x27;, &#x27;Slovenian&#x27;),
E          (&#x27;sq&#x27;, &#x27;Albanian&#x27;),
E          (&#x27;sr&#x27;, &#x27;Serbian&#x27;),
E          (&#x27;sr-latn&#x27;, &#x27;Serbian Latin&#x27;),
E          (&#x27;sv&#x27;, &#x27;Swedish&#x27;),
E          (&#x27;sw&#x27;, &#x27;Swahili&#x27;),
E          (&#x27;ta&#x27;, &#x27;Tamil&#x27;),
E          (&#x27;te&#x27;, &#x27;Telugu&#x27;),
E          (&#x27;tg&#x27;, &#x27;Tajik&#x27;),
E          (&#x27;th&#x27;, &#x27;Thai&#x27;),
E          (&#x27;tk&#x27;, &#x27;Turkmen&#x27;),
E          (&#x27;tr&#x27;, &#x27;Turkish&#x27;),
E          (&#x27;tt&#x27;, &#x27;Tatar&#x27;),
E          (&#x27;udm&#x27;, &#x27;Udmurt&#x27;),
E          (&#x27;ug&#x27;, &#x27;Uyghur&#x27;),
E          (&#x27;uk&#x27;, &#x27;Ukrainian&#x27;),
E          (&#x27;ur&#x27;, &#x27;Urdu&#x27;),
E          (&#x27;uz&#x27;, &#x27;Uzbek&#x27;),
E          (&#x27;vi&#x27;, &#x27;Vietnamese&#x27;),
E          (&#x27;zh-hans&#x27;, &#x27;Simplified Chinese&#x27;),
E          (&#x27;zh-hant&#x27;, &#x27;Traditional Chinese&#x27;)]</pre></td>
E                 </tr>
E               
E                 <tr>
E                   <td>LANGUAGES_BIDI</td>
E                   <td class="code"><pre>[&#x27;he&#x27;, &#x27;ar&#x27;, &#x27;ar-dz&#x27;, &#x27;ckb&#x27;, &#x27;fa&#x27;, &#x27;ug&#x27;, &#x27;ur&#x27;]</pre></td>
E                 </tr>
E               
E                 <tr>
E                   <td>LANGUAGE_CODE</td>
E                   <td class="code"><pre>&#x27;en-us&#x27;</pre></td>
E                 </tr>
E               
E                 <tr>
E                   <td>LANGUAGE_COOKIE_AGE</td>
E                   <td class="code"><pre>None</pre></td>
E                 </tr>
E               
E                 <tr>
E                   <td>LANGUAGE_COOKIE_DOMAIN</td>
E                   <td class="code"><pre>None</pre></td>
E                 </tr>
E               
E                 <tr>
E                   <td>LANGUAGE_COOKIE_HTTPONLY</td>
E                   <td class="code"><pre>False</pre></td>
E                 </tr>
E               
E                 <tr>
E                   <td>LANGUAGE_COOKIE_NAME</td>
E                   <td class="code"><pre>&#x27;django_language&#x27;</pre></td>
E                 </tr>
E               
E                 <tr>
E                   <td>LANGUAGE_COOKIE_PATH</td>
E                   <td class="code"><pre>&#x27;/&#x27;</pre></td>
E                 </tr>
E               
E                 <tr>
E                   <td>LANGUAGE_COOKIE_SAMESITE</td>
E                   <td class="code"><pre>None</pre></td>
E                 </tr>
E               
E                 <tr>
E                   <td>LANGUAGE_COOKIE_SECURE</td>
E                   <td class="code"><pre>False</pre></td>
E                 </tr>
E               
E                 <tr>
E                   <td>LOCALE_PATHS</td>
E                   <td class="code"><pre>[]</pre></td>
E                 </tr>
E               
E                 <tr>
E                   <td>LOGGING</td>
E                   <td class="code"><pre>{&#x27;disable_existing_loggers&#x27;: False,
E          &#x27;formatters&#x27;: {&#x27;simple&#x27;: {&#x27;format&#x27;: &#x27;{levelname} {message}&#x27;, &#x27;style&#x27;: &#x27;{&#x27;},
E                         &#x27;verbose&#x27;: {&#x27;format&#x27;: &#x27;{levelname} {asctime} {module} &#x27;
E                                               &#x27;{process:d} {thread:d} {message}&#x27;,
E                                     &#x27;style&#x27;: &#x27;{&#x27;}},
E          &#x27;handlers&#x27;: {&#x27;file&#x27;: {&#x27;class&#x27;: &#x27;logging.FileHandler&#x27;,
E                                &#x27;filename&#x27;: &#x27;django.log&#x27;,
E                                &#x27;formatter&#x27;: &#x27;verbose&#x27;,
E                                &#x27;level&#x27;: &#x27;INFO&#x27;},
E                       &#x27;security_file&#x27;: {&#x27;class&#x27;: &#x27;logging.FileHandler&#x27;,
E                                         &#x27;filename&#x27;: &#x27;security.log&#x27;,
E                                         &#x27;formatter&#x27;: &#x27;verbose&#x27;,
E                                         &#x27;level&#x27;: &#x27;WARNING&#x27;}},
E          &#x27;loggers&#x27;: {&#x27;depannage&#x27;: {&#x27;handlers&#x27;: [&#x27;file&#x27;],
E                                    &#x27;level&#x27;: &#x27;INFO&#x27;,
E                                    &#x27;propagate&#x27;: True},
E                      &#x27;django&#x27;: {&#x27;handlers&#x27;: [&#x27;file&#x27;],
E                                 &#x27;level&#x27;: &#x27;INFO&#x27;,
E                                 &#x27;propagate&#x27;: True},
E                      &#x27;django.security&#x27;: {&#x27;handlers&#x27;: [&#x27;security_file&#x27;],
E                                          &#x27;level&#x27;: &#x27;WARNING&#x27;,
E                                          &#x27;propagate&#x27;: False},
E                      &#x27;users&#x27;: {&#x27;handlers&#x27;: [&#x27;file&#x27;],
E                                &#x27;level&#x27;: &#x27;INFO&#x27;,
E                                &#x27;propagate&#x27;: True}},
E          &#x27;version&#x27;: 1}</pre></td>
E                 </tr>
E               
E                 <tr>
E                   <td>LOGGING_CONFIG</td>
E                   <td class="code"><pre>&#x27;logging.config.dictConfig&#x27;</pre></td>
E                 </tr>
E               
E                 <tr>
E                   <td>LOGIN_REDIRECT_URL</td>
E                   <td class="code"><pre>&#x27;/accounts/profile/&#x27;</pre></td>
E                 </tr>
E               
E                 <tr>
E                   <td>LOGIN_URL</td>
E                   <td class="code"><pre>&#x27;/accounts/login/&#x27;</pre></td>
E                 </tr>
E               
E                 <tr>
E                   <td>LOGOUT_REDIRECT_URL</td>
E                   <td class="code"><pre>None</pre></td>
E                 </tr>
E               
E                 <tr>
E                   <td>MANAGERS</td>
E                   <td class="code"><pre>[]</pre></td>
E                 </tr>
E               
E                 <tr>
E                   <td>MEDIA_ROOT</td>
E                   <td class="code"><pre>&#x27;/Users/mohamedbechirdiarra/Downloads/prototypeGamma/Backend/media&#x27;</pre></td>
E                 </tr>
E               
E                 <tr>
E                   <td>MEDIA_URL</td>
E                   <td class="code"><pre>&#x27;/media/&#x27;</pre></td>
E                 </tr>
E               
E                 <tr>
E                   <td>MESSAGE_STORAGE</td>
E                   <td class="code"><pre>&#x27;django.contrib.messages.storage.fallback.FallbackStorage&#x27;</pre></td>
E                 </tr>
E               
E                 <tr>
E                   <td>MIDDLEWARE</td>
E                   <td class="code"><pre>[&#x27;corsheaders.middleware.CorsMiddleware&#x27;,
E          &#x27;django.middleware.security.SecurityMiddleware&#x27;,
E          &#x27;django.contrib.sessions.middleware.SessionMiddleware&#x27;,
E          &#x27;django.middleware.common.CommonMiddleware&#x27;,
E          &#x27;django.middleware.csrf.CsrfViewMiddleware&#x27;,
E          &#x27;django.contrib.auth.middleware.AuthenticationMiddleware&#x27;,
E          &#x27;django.contrib.messages.middleware.MessageMiddleware&#x27;,
E          &#x27;django.middleware.clickjacking.XFrameOptionsMiddleware&#x27;,
E          &#x27;auth.middleware.JWTSecurityMiddleware&#x27;,
E          &#x27;auth.middleware.TokenValidationMiddleware&#x27;]</pre></td>
E                 </tr>
E               
E                 <tr>
E                   <td>MIGRATION_MODULES</td>
E                   <td class="code"><pre>{}</pre></td>
E                 </tr>
E               
E                 <tr>
E                   <td>MONTH_DAY_FORMAT</td>
E                   <td class="code"><pre>&#x27;F j&#x27;</pre></td>
E                 </tr>
E               
E                 <tr>
E                   <td>NOTIFICATION_CHANNELS</td>
E                   <td class="code"><pre>{&#x27;email&#x27;: True, &#x27;push&#x27;: False, &#x27;sms&#x27;: False}</pre></td>
E                 </tr>
E               
E                 <tr>
E                   <td>NUMBER_GROUPING</td>
E                   <td class="code"><pre>0</pre></td>
E                 </tr>
E               
E                 <tr>
E                   <td>PASSWORD_HASHERS</td>
E                   <td class="code"><pre>&#x27;********************&#x27;</pre></td>
E                 </tr>
E               
E                 <tr>
E                   <td>PASSWORD_RESET_TIMEOUT</td>
E                   <td class="code"><pre>&#x27;********************&#x27;</pre></td>
E                 </tr>
E               
E                 <tr>
E                   <td>PAYMENT_SETTINGS</td>
E                   <td class="code"><pre>{&#x27;CINETPAY_API_KEY&#x27;: &#x27;********************&#x27;,
E          &#x27;CINETPAY_ENVIRONMENT&#x27;: &#x27;Production&#x27;,
E          &#x27;CINETPAY_SITE_ID&#x27;: &#x27;105899471&#x27;}</pre></td>
E                 </tr>
E               
E                 <tr>
E                   <td>PREPEND_WWW</td>
E                   <td class="code"><pre>False</pre></td>
E                 </tr>
E               
E                 <tr>
E                   <td>REST_FRAMEWORK</td>
E                   <td class="code"><pre>{&#x27;DEFAULT_AUTHENTICATION_CLASSES&#x27;: &#x27;********************&#x27;,
E          &#x27;DEFAULT_PAGINATION_CLASS&#x27;: &#x27;rest_framework.pagination.PageNumberPagination&#x27;,
E          &#x27;DEFAULT_PARSER_CLASSES&#x27;: [&#x27;rest_framework.parsers.JSONParser&#x27;,
E                                     &#x27;rest_framework.parsers.MultiPartParser&#x27;,
E                                     &#x27;rest_framework.parsers.FormParser&#x27;],
E          &#x27;DEFAULT_PERMISSION_CLASSES&#x27;: [&#x27;rest_framework.permissions.IsAuthenticated&#x27;],
E          &#x27;DEFAULT_RENDERER_CLASSES&#x27;: [&#x27;rest_framework.renderers.JSONRenderer&#x27;],
E          &#x27;DEFAULT_THROTTLE_CLASSES&#x27;: [&#x27;rest_framework.throttling.UserRateThrottle&#x27;,
E                                       &#x27;rest_framework.throttling.AnonRateThrottle&#x27;,
E                                       &#x27;rest_framework.throttling.ScopedRateThrottle&#x27;],
E          &#x27;DEFAULT_THROTTLE_RATES&#x27;: {&#x27;anon&#x27;: &#x27;10000/day&#x27;,
E                                     &#x27;login&#x27;: &#x27;1000/day&#x27;,
E                                     &#x27;password_reset&#x27;: &#x27;********************&#x27;,
E                                     &#x27;register&#x27;: &#x27;500/day&#x27;,
E                                     &#x27;user&#x27;: &#x27;50000/day&#x27;,
E                                     &#x27;user_me&#x27;: &#x27;1000/day&#x27;},
E          &#x27;EXCEPTION_HANDLER&#x27;: &#x27;rest_framework.views.exception_handler&#x27;,
E          &#x27;PAGE_SIZE&#x27;: 20}</pre></td>
E                 </tr>
E               
E                 <tr>
E                   <td>ROOT_URLCONF</td>
E                   <td class="code"><pre>&#x27;auth.urls&#x27;</pre></td>
E                 </tr>
E               
E                 <tr>
E                   <td>SECRET_KEY</td>
E                   <td class="code"><pre>&#x27;********************&#x27;</pre></td>
E                 </tr>
E               
E                 <tr>
E                   <td>SECRET_KEY_FALLBACKS</td>
E                   <td class="code"><pre>&#x27;********************&#x27;</pre></td>
E                 </tr>
E               
E                 <tr>
E                   <td>SECURE_BROWSER_XSS_FILTER</td>
E                   <td class="code"><pre>True</pre></td>
E                 </tr>
E               
E                 <tr>
E                   <td>SECURE_CONTENT_TYPE_NOSNIFF</td>
E                   <td class="code"><pre>True</pre></td>
E                 </tr>
E               
E                 <tr>
E                   <td>SECURE_CROSS_ORIGIN_OPENER_POLICY</td>
E                   <td class="code"><pre>&#x27;same-origin&#x27;</pre></td>
E                 </tr>
E               
E                 <tr>
E                   <td>SECURE_HSTS_INCLUDE_SUBDOMAINS</td>
E                   <td class="code"><pre>True</pre></td>
E                 </tr>
E               
E                 <tr>
E                   <td>SECURE_HSTS_PRELOAD</td>
E                   <td class="code"><pre>True</pre></td>
E                 </tr>
E               
E                 <tr>
E                   <td>SECURE_HSTS_SECONDS</td>
E                   <td class="code"><pre>31536000</pre></td>
E                 </tr>
E               
E                 <tr>
E                   <td>SECURE_PROXY_SSL_HEADER</td>
E                   <td class="code"><pre>None</pre></td>
E                 </tr>
E               
E                 <tr>
E                   <td>SECURE_REDIRECT_EXEMPT</td>
E                   <td class="code"><pre>[]</pre></td>
E                 </tr>
E               
E                 <tr>
E                   <td>SECURE_REFERRER_POLICY</td>
E                   <td class="code"><pre>&#x27;same-origin&#x27;</pre></td>
E                 </tr>
E               
E                 <tr>
E                   <td>SECURE_SSL_HOST</td>
E                   <td class="code"><pre>None</pre></td>
E                 </tr>
E               
E                 <tr>
E                   <td>SECURE_SSL_REDIRECT</td>
E                   <td class="code"><pre>False</pre></td>
E                 </tr>
E               
E                 <tr>
E                   <td>SERVER_EMAIL</td>
E                   <td class="code"><pre>&#x27;root@localhost&#x27;</pre></td>
E                 </tr>
E               
E                 <tr>
E                   <td>SESSION_CACHE_ALIAS</td>
E                   <td class="code"><pre>&#x27;default&#x27;</pre></td>
E                 </tr>
E               
E                 <tr>
E                   <td>SESSION_COOKIE_AGE</td>
E                   <td class="code"><pre>3600</pre></td>
E                 </tr>
E               
E                 <tr>
E                   <td>SESSION_COOKIE_DOMAIN</td>
E                   <td class="code"><pre>None</pre></td>
E                 </tr>
E               
E                 <tr>
E                   <td>SESSION_COOKIE_HTTPONLY</td>
E                   <td class="code"><pre>True</pre></td>
E                 </tr>
E               
E                 <tr>
E                   <td>SESSION_COOKIE_NAME</td>
E                   <td class="code"><pre>&#x27;sessionid&#x27;</pre></td>
E                 </tr>
E               
E                 <tr>
E                   <td>SESSION_COOKIE_PATH</td>
E                   <td class="code"><pre>&#x27;/&#x27;</pre></td>
E                 </tr>
E               
E                 <tr>
E                   <td>SESSION_COOKIE_SAMESITE</td>
E                   <td class="code"><pre>&#x27;Lax&#x27;</pre></td>
E                 </tr>
E               
E                 <tr>
E                   <td>SESSION_COOKIE_SECURE</td>
E                   <td class="code"><pre>True</pre></td>
E                 </tr>
E               
E                 <tr>
E                   <td>SESSION_ENGINE</td>
E                   <td class="code"><pre>&#x27;django.contrib.sessions.backends.db&#x27;</pre></td>
E                 </tr>
E               
E                 <tr>
E                   <td>SESSION_EXPIRE_AT_BROWSER_CLOSE</td>
E                   <td class="code"><pre>True</pre></td>
E                 </tr>
E               
E                 <tr>
E                   <td>SESSION_FILE_PATH</td>
E                   <td class="code"><pre>None</pre></td>
E                 </tr>
E               
E                 <tr>
E                   <td>SESSION_SAVE_EVERY_REQUEST</td>
E                   <td class="code"><pre>False</pre></td>
E                 </tr>
E               
E                 <tr>
E                   <td>SESSION_SERIALIZER</td>
E                   <td class="code"><pre>&#x27;django.contrib.sessions.serializers.JSONSerializer&#x27;</pre></td>
E                 </tr>
E               
E                 <tr>
E                   <td>SETTINGS_MODULE</td>
E                   <td class="code"><pre>&#x27;Backend.auth.settings&#x27;</pre></td>
E                 </tr>
E               
E                 <tr>
E                   <td>SHORT_DATETIME_FORMAT</td>
E                   <td class="code"><pre>&#x27;m/d/Y P&#x27;</pre></td>
E                 </tr>
E               
E                 <tr>
E                   <td>SHORT_DATE_FORMAT</td>
E                   <td class="code"><pre>&#x27;m/d/Y&#x27;</pre></td>
E                 </tr>
E               
E                 <tr>
E                   <td>SIGNING_BACKEND</td>
E                   <td class="code"><pre>&#x27;django.core.signing.TimestampSigner&#x27;</pre></td>
E                 </tr>
E               
E                 <tr>
E                   <td>SILENCED_SYSTEM_CHECKS</td>
E                   <td class="code"><pre>[]</pre></td>
E                 </tr>
E               
E                 <tr>
E                   <td>SIMPLE_JWT</td>
E                   <td class="code"><pre>{&#x27;ACCESS_TOKEN_LIFETIME&#x27;: &#x27;********************&#x27;,
E          &#x27;ALGORITHM&#x27;: &#x27;HS256&#x27;,
E          &#x27;AUDIENCE&#x27;: None,
E          &#x27;AUTH_HEADER_NAME&#x27;: &#x27;********************&#x27;,
E          &#x27;AUTH_HEADER_TYPES&#x27;: &#x27;********************&#x27;,
E          &#x27;AUTH_TOKEN_CLASSES&#x27;: &#x27;********************&#x27;,
E          &#x27;BLACKLIST_AFTER_ROTATION&#x27;: True,
E          &#x27;ISSUER&#x27;: None,
E          &#x27;JTI_CLAIM&#x27;: &#x27;jti&#x27;,
E          &#x27;JWK_URL&#x27;: None,
E          &#x27;LEEWAY&#x27;: 0,
E          &#x27;REFRESH_TOKEN_LIFETIME&#x27;: &#x27;********************&#x27;,
E          &#x27;ROTATE_REFRESH_TOKENS&#x27;: &#x27;********************&#x27;,
E          &#x27;SIGNING_KEY&#x27;: &#x27;********************&#x27;,
E          &#x27;SLIDING_TOKEN_LIFETIME&#x27;: &#x27;********************&#x27;,
E          &#x27;SLIDING_TOKEN_REFRESH_EXP_CLAIM&#x27;: &#x27;********************&#x27;,
E          &#x27;SLIDING_TOKEN_REFRESH_LIFETIME&#x27;: &#x27;********************&#x27;,
E          &#x27;TOKEN_TYPE_CLAIM&#x27;: &#x27;********************&#x27;,
E          &#x27;TOKEN_USER_CLASS&#x27;: &#x27;********************&#x27;,
E          &#x27;UPDATE_LAST_LOGIN&#x27;: True,
E          &#x27;USER_AUTHENTICATION_RULE&#x27;: &#x27;********************&#x27;,
E          &#x27;USER_ID_CLAIM&#x27;: &#x27;user_id&#x27;,
E          &#x27;USER_ID_FIELD&#x27;: &#x27;id&#x27;,
E          &#x27;VERIFYING_KEY&#x27;: &#x27;********************&#x27;}</pre></td>
E                 </tr>
E               
E                 <tr>
E                   <td>STATICFILES_DIRS</td>
E                   <td class="code"><pre>[]</pre></td>
E                 </tr>
E               
E                 <tr>
E                   <td>STATICFILES_FINDERS</td>
E                   <td class="code"><pre>[&#x27;django.contrib.staticfiles.finders.FileSystemFinder&#x27;,
E          &#x27;django.contrib.staticfiles.finders.AppDirectoriesFinder&#x27;]</pre></td>
E                 </tr>
E               
E                 <tr>
E                   <td>STATIC_ROOT</td>
E                   <td class="code"><pre>&#x27;/Users/mohamedbechirdiarra/Downloads/prototypeGamma/Backend/staticfiles&#x27;</pre></td>
E                 </tr>
E               
E                 <tr>
E                   <td>STATIC_URL</td>
E                   <td class="code"><pre>&#x27;/static/&#x27;</pre></td>
E                 </tr>
E               
E                 <tr>
E                   <td>STORAGES</td>
E                   <td class="code"><pre>{&#x27;default&#x27;: {&#x27;BACKEND&#x27;: &#x27;django.core.files.storage.FileSystemStorage&#x27;},
E          &#x27;staticfiles&#x27;: {&#x27;BACKEND&#x27;: &#x27;django.contrib.staticfiles.storage.StaticFilesStorage&#x27;}}</pre></td>
E                 </tr>
E               
E                 <tr>
E                   <td>TEMPLATES</td>
E                   <td class="code"><pre>[{&#x27;APP_DIRS&#x27;: True,
E           &#x27;BACKEND&#x27;: &#x27;django.template.backends.django.DjangoTemplates&#x27;,
E           &#x27;DIRS&#x27;: [],
E           &#x27;OPTIONS&#x27;: {&#x27;context_processors&#x27;: [&#x27;django.template.context_processors.request&#x27;,
E                                              &#x27;django.contrib.auth.context_processors.auth&#x27;,
E                                              &#x27;django.contrib.messages.context_processors.messages&#x27;]}}]</pre></td>
E                 </tr>
E               
E                 <tr>
E                   <td>TEST_NON_SERIALIZED_APPS</td>
E                   <td class="code"><pre>[]</pre></td>
E                 </tr>
E               
E                 <tr>
E                   <td>TEST_RUNNER</td>
E                   <td class="code"><pre>&#x27;django.test.runner.DiscoverRunner&#x27;</pre></td>
E                 </tr>
E               
E                 <tr>
E                   <td>THOUSAND_SEPARATOR</td>
E                   <td class="code"><pre>&#x27;,&#x27;</pre></td>
E                 </tr>
E               
E                 <tr>
E                   <td>TIME_FORMAT</td>
E                   <td class="code"><pre>&#x27;P&#x27;</pre></td>
E                 </tr>
E               
E                 <tr>
E                   <td>TIME_INPUT_FORMATS</td>
E                   <td class="code"><pre>[&#x27;%H:%M:%S&#x27;, &#x27;%H:%M:%S.%f&#x27;, &#x27;%H:%M&#x27;]</pre></td>
E                 </tr>
E               
E                 <tr>
E                   <td>TIME_ZONE</td>
E                   <td class="code"><pre>&#x27;UTC&#x27;</pre></td>
E                 </tr>
E               
E                 <tr>
E                   <td>USE_I18N</td>
E                   <td class="code"><pre>True</pre></td>
E                 </tr>
E               
E                 <tr>
E                   <td>USE_THOUSAND_SEPARATOR</td>
E                   <td class="code"><pre>False</pre></td>
E                 </tr>
E               
E                 <tr>
E                   <td>USE_TZ</td>
E                   <td class="code"><pre>True</pre></td>
E                 </tr>
E               
E                 <tr>
E                   <td>USE_X_FORWARDED_HOST</td>
E                   <td class="code"><pre>False</pre></td>
E                 </tr>
E               
E                 <tr>
E                   <td>USE_X_FORWARDED_PORT</td>
E                   <td class="code"><pre>False</pre></td>
E                 </tr>
E               
E                 <tr>
E                   <td>WSGI_APPLICATION</td>
E                   <td class="code"><pre>&#x27;auth.wsgi.application&#x27;</pre></td>
E                 </tr>
E               
E                 <tr>
E                   <td>X_FRAME_OPTIONS</td>
E                   <td class="code"><pre>&#x27;DENY&#x27;</pre></td>
E                 </tr>
E               
E                 <tr>
E                   <td>YEAR_MONTH_FORMAT</td>
E                   <td class="code"><pre>&#x27;F Y&#x27;</pre></td>
E                 </tr>
E               
E             </tbody>
E           </table>
E         
E         </div>
E         </main>
E         
E         
E           <footer id="explanation">
E             <p>
E               You’re seeing this error because you have <code>DEBUG = True</code> in your
E               Django settings file. Change that to <code>False</code>, and Django will
E               display a standard page generated by the handler for this status code.
E             </p>
E           </footer>
E         
E         </body>
E         </html>
E         
E       assert 500 == 200
E        +  where 500 = <Response [500]>.status_code

conftest.py:29: AssertionError
____________________ ERROR at setup of test_other_endpoints ____________________

    @pytest.fixture
    def token():
        # Créer un utilisateur de test unique
        base_url = "http://127.0.0.1:8000"
        username = "testuser_" + ''.join(random.choices(string.ascii_lowercase + string.digits, k=6))
        email = username + "@example.com"
        password = "TestUser1234!"
        register_data = {
            "username": username,
            "email": email,
            "password": password,
            "password2": password,
            "user_type": "client",
            "first_name": "Test",
            "last_name": "User",
            "address": "Test Address",
            "phone_number": "+22500000000"
        }
        # Inscription
        requests.post(f"{base_url}/users/register/", json=register_data)
        # Connexion
        login_data = {"email": email, "password": password}
        resp = requests.post(f"{base_url}/users/login/", json=login_data)
>       assert resp.status_code == 200, f"Échec de la connexion test: {resp.text}"
E       AssertionError: Échec de la connexion test: <!DOCTYPE html>
E         <html lang="en">
E         <head>
E           <meta http-equiv="content-type" content="text/html; charset=utf-8">
E           <meta name="robots" content="NONE,NOARCHIVE">
E           <title>IntegrityError
E                   at /users/login/</title>
E           <style>
E             html * { padding:0; margin:0; }
E             body * { padding:10px 20px; }
E             body * * { padding:0; }
E             body { font-family: sans-serif; background-color:#fff; color:#000; }
E             body > :where(header, main, footer) { border-bottom:1px solid #ddd; }
E             h1 { font-weight:normal; }
E             h2 { margin-bottom:.8em; }
E             h3 { margin:1em 0 .5em 0; }
E             h4 { margin:0 0 .5em 0; font-weight: normal; }
E             code, pre { font-size: 100%; white-space: pre-wrap; word-break: break-word; }
E             summary { cursor: pointer; }
E             table { border:1px solid #ccc; border-collapse: collapse; width:100%; background:white; }
E             tbody td, tbody th { vertical-align:top; padding:2px 3px; }
E             thead th {
E               padding:1px 6px 1px 3px; background:#fefefe; text-align:left;
E               font-weight:normal; font-size: 0.6875rem; border:1px solid #ddd;
E             }
E             tbody th { width:12em; text-align:right; color:#666; padding-right:.5em; }
E             table.vars { margin:5px 10px 2px 40px; width: auto; }
E             table.vars td, table.req td { font-family:monospace; }
E             table td.code { width:100%; }
E             table td.code pre { overflow:hidden; }
E             table.source th { color:#666; }
E             table.source td { font-family:monospace; white-space:pre; border-bottom:1px solid #eee; }
E             ul.traceback { list-style-type:none; color: #222; }
E             ul.traceback li.cause { word-break: break-word; }
E             ul.traceback li.frame { padding-bottom:1em; color:#4f4f4f; }
E             ul.traceback li.user { background-color:#e0e0e0; color:#000 }
E             div.context { padding:10px 0; overflow:hidden; }
E             div.context ol { padding-left:30px; margin:0 10px; list-style-position: inside; }
E             div.context ol li { font-family:monospace; white-space:pre; color:#777; cursor:pointer; padding-left: 2px; }
E             div.context ol li pre { display:inline; }
E             div.context ol.context-line li { color:#464646; background-color:#dfdfdf; padding: 3px 2px; }
E             div.context ol.context-line li span { position:absolute; right:32px; }
E             .user div.context ol.context-line li { background-color:#bbb; color:#000; }
E             .user div.context ol li { color:#666; }
E             div.commands, summary.commands { margin-left: 40px; }
E             div.commands a, summary.commands { color:#555; text-decoration:none; }
E             .user div.commands a { color: black; }
E             #summary { background: #ffc; }
E             #summary h2 { font-weight: normal; color: #666; }
E             #info { padding: 0; }
E             #info > * { padding:10px 20px; }
E             #explanation { background:#eee; }
E             #template, #template-not-exist { background:#f6f6f6; }
E             #template-not-exist ul { margin: 0 0 10px 20px; }
E             #template-not-exist .postmortem-section { margin-bottom: 3px; }
E             #unicode-hint { background:#eee; }
E             #traceback { background:#eee; }
E             #requestinfo { background:#f6f6f6; padding-left:120px; }
E             #summary table { border:none; background:transparent; }
E             #requestinfo h2, #requestinfo h3 { position:relative; margin-left:-100px; }
E             #requestinfo h3 { margin-bottom:-1em; }
E             .error { background: #ffc; }
E             .specific { color:#cc3300; font-weight:bold; }
E             h2 span.commands { font-size: 0.7rem; font-weight:normal; }
E             span.commands a:link {color:#5E5694;}
E             pre.exception_value { font-family: sans-serif; color: #575757; font-size: 1.5rem; margin: 10px 0 10px 0; }
E             .append-bottom { margin-bottom: 10px; }
E             .fname { user-select: all; }
E           </style>
E           
E           <script>
E             function hideAll(elems) {
E               for (var e = 0; e < elems.length; e++) {
E                 elems[e].style.display = 'none';
E               }
E             }
E             window.onload = function() {
E               hideAll(document.querySelectorAll('ol.pre-context'));
E               hideAll(document.querySelectorAll('ol.post-context'));
E               hideAll(document.querySelectorAll('div.pastebin'));
E             }
E             function toggle() {
E               for (var i = 0; i < arguments.length; i++) {
E                 var e = document.getElementById(arguments[i]);
E                 if (e) {
E                   e.style.display = e.style.display == 'none' ? 'block': 'none';
E                 }
E               }
E               return false;
E             }
E             function switchPastebinFriendly(link) {
E               s1 = "Switch to copy-and-paste view";
E               s2 = "Switch back to interactive view";
E               link.textContent = link.textContent.trim() == s1 ? s2: s1;
E               toggle('browserTraceback', 'pastebinTraceback');
E               return false;
E             }
E           </script>
E           
E         </head>
E         <body>
E         <header id="summary">
E           <h1>IntegrityError
E                at /users/login/</h1>
E           <pre class="exception_value">FOREIGN KEY constraint failed</pre>
E           <table class="meta">
E         
E             <tr>
E               <th scope="row">Request Method:</th>
E               <td>POST</td>
E             </tr>
E             <tr>
E               <th scope="row">Request URL:</th>
E               <td>http://127.0.0.1:8000/users/login/</td>
E             </tr>
E         
E             <tr>
E               <th scope="row">Django Version:</th>
E               <td>5.2.4</td>
E             </tr>
E         
E             <tr>
E               <th scope="row">Exception Type:</th>
E               <td>IntegrityError</td>
E             </tr>
E         
E         
E             <tr>
E               <th scope="row">Exception Value:</th>
E               <td><pre>FOREIGN KEY constraint failed</pre></td>
E             </tr>
E         
E         
E             <tr>
E               <th scope="row">Exception Location:</th>
E               <td><span class="fname">/Users/mohamedbechirdiarra/Downloads/prototypeGamma/Backend/venv/lib/python3.13/site-packages/django/db/utils.py</span>, line 98, in inner</td>
E             </tr>
E         
E         
E             <tr>
E               <th scope="row">Raised during:</th>
E               <td>users.views.UserViewSet</td>
E             </tr>
E         
E             <tr>
E               <th scope="row">Python Executable:</th>
E               <td>/Users/mohamedbechirdiarra/Downloads/prototypeGamma/Backend/venv/bin/python3.13</td>
E             </tr>
E             <tr>
E               <th scope="row">Python Version:</th>
E               <td>3.13.5</td>
E             </tr>
E             <tr>
E               <th scope="row">Python Path:</th>
E               <td><pre><code>[&#x27;.&#x27;,
E          &#x27;/Users/mohamedbechirdiarra/Downloads/prototypeGamma/Backend/venv/bin&#x27;,
E          &#x27;/Users/mohamedbechirdiarra/Downloads/prototypeGamma&#x27;,
E          &#x27;/Users/mohamedbechirdiarra/Downloads/prototypeGamma/Backend&#x27;,
E          &#x27;/opt/homebrew/Cellar/python@3.13/3.13.5/Frameworks/Python.framework/Versions/3.13/lib/python313.zip&#x27;,
E          &#x27;/opt/homebrew/Cellar/python@3.13/3.13.5/Frameworks/Python.framework/Versions/3.13/lib/python3.13&#x27;,
E          &#x27;/opt/homebrew/Cellar/python@3.13/3.13.5/Frameworks/Python.framework/Versions/3.13/lib/python3.13/lib-dynload&#x27;,
E          &#x27;/Users/mohamedbechirdiarra/Downloads/prototypeGamma/Backend/venv/lib/python3.13/site-packages&#x27;]</code></pre></td>
E             </tr>
E             <tr>
E               <th scope="row">Server time:</th>
E               <td>Mon, 14 Jul 2025 11:43:30 +0000</td>
E             </tr>
E           </table>
E         </header>
E         
E         <main id="info">
E         
E         
E         
E         
E         <div id="traceback">
E           <h2>Traceback <span class="commands"><a href="#" role="button" onclick="return switchPastebinFriendly(this);">
E             Switch to copy-and-paste view</a></span>
E           </h2>
E           <div id="browserTraceback">
E             <ul class="traceback">
E               
E                 
E                 <li class="frame django">
E                   
E                     <code class="fname">/Users/mohamedbechirdiarra/Downloads/prototypeGamma/Backend/venv/lib/python3.13/site-packages/django/db/utils.py</code>, line 98, in inner
E                   
E         
E                   
E                     <div class="context" id="c4438580480">
E                       
E                         <ol start="91" class="pre-context" id="pre4438580480">
E                         
E                           <li onclick="toggle('pre4438580480', 'post4438580480')"><pre>                raise dj_exc_value.with_traceback(traceback) from exc_value</pre></li>
E                         
E                           <li onclick="toggle('pre4438580480', 'post4438580480')"><pre></pre></li>
E                         
E                           <li onclick="toggle('pre4438580480', 'post4438580480')"><pre>    def __call__(self, func):</pre></li>
E                         
E                           <li onclick="toggle('pre4438580480', 'post4438580480')"><pre>        # Note that we are intentionally not using @wraps here for performance</pre></li>
E                         
E                           <li onclick="toggle('pre4438580480', 'post4438580480')"><pre>        # reasons. Refs #21109.</pre></li>
E                         
E                           <li onclick="toggle('pre4438580480', 'post4438580480')"><pre>        def inner(*args, **kwargs):</pre></li>
E                         
E                           <li onclick="toggle('pre4438580480', 'post4438580480')"><pre>            with self:</pre></li>
E                         
E                         </ol>
E                       
E                       <ol start="98" class="context-line">
E                         <li onclick="toggle('pre4438580480', 'post4438580480')"><pre>                return func(*args, **kwargs)
E                                    ^^^^^^^^^^^^^^^^^^^^^</pre> <span>…</span></li>
E                       </ol>
E                       
E                         <ol start='99' class="post-context" id="post4438580480">
E                           
E                           <li onclick="toggle('pre4438580480', 'post4438580480')"><pre></pre></li>
E                           
E                           <li onclick="toggle('pre4438580480', 'post4438580480')"><pre>        return inner</pre></li>
E                           
E                           <li onclick="toggle('pre4438580480', 'post4438580480')"><pre></pre></li>
E                           
E                           <li onclick="toggle('pre4438580480', 'post4438580480')"><pre></pre></li>
E                           
E                           <li onclick="toggle('pre4438580480', 'post4438580480')"><pre>def load_backend(backend_name):</pre></li>
E                           
E                           <li onclick="toggle('pre4438580480', 'post4438580480')"><pre>    &quot;&quot;&quot;</pre></li>
E                           
E                       </ol>
E                       
E                     </div>
E                   
E         
E                   
E                     
E                       <details>
E                         <summary class="commands">Local vars</summary>
E                     
E                     <table class="vars" id="v4438580480">
E                       <thead>
E                         <tr>
E                           <th scope="col">Variable</th>
E                           <th scope="col">Value</th>
E                         </tr>
E                       </thead>
E                       <tbody>
E                         
E                           <tr>
E                             <td>args</td>
E                             <td class="code"><pre>()</pre></td>
E                           </tr>
E                         
E                           <tr>
E                             <td>func</td>
E                             <td class="code"><pre>&lt;built-in method fetchone of SQLiteCursorWrapper object at 0x1087b71d0&gt;</pre></td>
E                           </tr>
E                         
E                           <tr>
E                             <td>kwargs</td>
E                             <td class="code"><pre>{}</pre></td>
E                           </tr>
E                         
E                           <tr>
E                             <td>self</td>
E                             <td class="code"><pre>&lt;django.db.utils.DatabaseErrorWrapper object at 0x108789400&gt;</pre></td>
E                           </tr>
E                         
E                       </tbody>
E                     </table>
E                     </details>
E                   
E                 </li>
E               
E                 
E                   <li class="cause"><h3>
E                   
E                     The above exception (FOREIGN KEY constraint failed) was the direct cause of the following exception:
E                   
E                 </h3></li>
E                 
E                 <li class="frame django">
E                   
E                     <code class="fname">/Users/mohamedbechirdiarra/Downloads/prototypeGamma/Backend/venv/lib/python3.13/site-packages/django/core/handlers/exception.py</code>, line 42, in inner
E                   
E         
E                   
E                     <div class="context" id="c4438587328">
E                       
E                         <ol start="35" class="pre-context" id="pre4438587328">
E                         
E                           <li onclick="toggle('pre4438587328', 'post4438587328')"><pre>    can rely on getting a response instead of an exception.</pre></li>
E                         
E                           <li onclick="toggle('pre4438587328', 'post4438587328')"><pre>    &quot;&quot;&quot;</pre></li>
E                         
E                           <li onclick="toggle('pre4438587328', 'post4438587328')"><pre>    if iscoroutinefunction(get_response):</pre></li>
E                         
E                           <li onclick="toggle('pre4438587328', 'post4438587328')"><pre></pre></li>
E                         
E                           <li onclick="toggle('pre4438587328', 'post4438587328')"><pre>        @wraps(get_response)</pre></li>
E                         
E                           <li onclick="toggle('pre4438587328', 'post4438587328')"><pre>        async def inner(request):</pre></li>
E                         
E                           <li onclick="toggle('pre4438587328', 'post4438587328')"><pre>            try:</pre></li>
E                         
E                         </ol>
E                       
E                       <ol start="42" class="context-line">
E                         <li onclick="toggle('pre4438587328', 'post4438587328')"><pre>                response = await get_response(request)
E                                        ^^^^^^^^^^^^^^^^^^^^^^^^^^^</pre> <span>…</span></li>
E                       </ol>
E                       
E                         <ol start='43' class="post-context" id="post4438587328">
E                           
E                           <li onclick="toggle('pre4438587328', 'post4438587328')"><pre>            except Exception as exc:</pre></li>
E                           
E                           <li onclick="toggle('pre4438587328', 'post4438587328')"><pre>                response = await sync_to_async(</pre></li>
E                           
E                           <li onclick="toggle('pre4438587328', 'post4438587328')"><pre>                    response_for_exception, thread_sensitive=False</pre></li>
E                           
E                           <li onclick="toggle('pre4438587328', 'post4438587328')"><pre>                )(request, exc)</pre></li>
E                           
E                           <li onclick="toggle('pre4438587328', 'post4438587328')"><pre>            return response</pre></li>
E                           
E                           <li onclick="toggle('pre4438587328', 'post4438587328')"><pre></pre></li>
E                           
E                       </ol>
E                       
E                     </div>
E                   
E         
E                   
E                     
E                       <details>
E                         <summary class="commands">Local vars</summary>
E                     
E                     <table class="vars" id="v4438587328">
E                       <thead>
E                         <tr>
E                           <th scope="col">Variable</th>
E                           <th scope="col">Value</th>
E                         </tr>
E                       </thead>
E                       <tbody>
E                         
E                           <tr>
E                             <td>exc</td>
E                             <td class="code"><pre>IntegrityError(&#x27;FOREIGN KEY constraint failed&#x27;)</pre></td>
E                           </tr>
E                         
E                           <tr>
E                             <td>get_response</td>
E                             <td class="code"><pre>&lt;bound method BaseHandler._get_response_async of &lt;django.core.handlers.asgi.ASGIHandler object at 0x107235940&gt;&gt;</pre></td>
E                           </tr>
E                         
E                           <tr>
E                             <td>request</td>
E                             <td class="code"><pre>&lt;ASGIRequest: POST &#x27;/users/login/&#x27;&gt;</pre></td>
E                           </tr>
E                         
E                       </tbody>
E                     </table>
E                     </details>
E                   
E                 </li>
E               
E                 
E                 <li class="frame django">
E                   
E                     <code class="fname">/Users/mohamedbechirdiarra/Downloads/prototypeGamma/Backend/venv/lib/python3.13/site-packages/django/core/handlers/base.py</code>, line 253, in _get_response_async
E                   
E         
E                   
E                     <div class="context" id="c4438384064">
E                       
E                         <ol start="246" class="pre-context" id="pre4438384064">
E                         
E                           <li onclick="toggle('pre4438384064', 'post4438384064')"><pre>            wrapped_callback = self.make_view_atomic(callback)</pre></li>
E                         
E                           <li onclick="toggle('pre4438384064', 'post4438384064')"><pre>            # If it is a synchronous view, run it in a subthread</pre></li>
E                         
E                           <li onclick="toggle('pre4438384064', 'post4438384064')"><pre>            if not iscoroutinefunction(wrapped_callback):</pre></li>
E                         
E                           <li onclick="toggle('pre4438384064', 'post4438384064')"><pre>                wrapped_callback = sync_to_async(</pre></li>
E                         
E                           <li onclick="toggle('pre4438384064', 'post4438384064')"><pre>                    wrapped_callback, thread_sensitive=True</pre></li>
E                         
E                           <li onclick="toggle('pre4438384064', 'post4438384064')"><pre>                )</pre></li>
E                         
E                           <li onclick="toggle('pre4438384064', 'post4438384064')"><pre>            try:</pre></li>
E                         
E                         </ol>
E                       
E                       <ol start="253" class="context-line">
E                         <li onclick="toggle('pre4438384064', 'post4438384064')"><pre>                response = await wrapped_callback(
E                                         </pre> <span>…</span></li>
E                       </ol>
E                       
E                         <ol start='254' class="post-context" id="post4438384064">
E                           
E                           <li onclick="toggle('pre4438384064', 'post4438384064')"><pre>                    request, *callback_args, **callback_kwargs</pre></li>
E                           
E                           <li onclick="toggle('pre4438384064', 'post4438384064')"><pre>                )</pre></li>
E                           
E                           <li onclick="toggle('pre4438384064', 'post4438384064')"><pre>            except Exception as e:</pre></li>
E                           
E                           <li onclick="toggle('pre4438384064', 'post4438384064')"><pre>                response = await sync_to_async(</pre></li>
E                           
E                           <li onclick="toggle('pre4438384064', 'post4438384064')"><pre>                    self.process_exception_by_middleware,</pre></li>
E                           
E                           <li onclick="toggle('pre4438384064', 'post4438384064')"><pre>                    thread_sensitive=True,</pre></li>
E                           
E                       </ol>
E                       
E                     </div>
E                   
E         
E                   
E                     
E                       <details>
E                         <summary class="commands">Local vars</summary>
E                     
E                     <table class="vars" id="v4438384064">
E                       <thead>
E                         <tr>
E                           <th scope="col">Variable</th>
E                           <th scope="col">Value</th>
E                         </tr>
E                       </thead>
E                       <tbody>
E                         
E                           <tr>
E                             <td>callback</td>
E                             <td class="code"><pre>&lt;function UserViewSet at 0x107747c40&gt;</pre></td>
E                           </tr>
E                         
E                           <tr>
E                             <td>callback_args</td>
E                             <td class="code"><pre>()</pre></td>
E                           </tr>
E                         
E                           <tr>
E                             <td>callback_kwargs</td>
E                             <td class="code"><pre>{}</pre></td>
E                           </tr>
E                         
E                           <tr>
E                             <td>middleware_method</td>
E                             <td class="code"><pre>&lt;asgiref.sync.SyncToAsync object at 0x10727f8c0&gt;</pre></td>
E                           </tr>
E                         
E                           <tr>
E                             <td>request</td>
E                             <td class="code"><pre>&lt;ASGIRequest: POST &#x27;/users/login/&#x27;&gt;</pre></td>
E                           </tr>
E                         
E                           <tr>
E                             <td>response</td>
E                             <td class="code"><pre>None</pre></td>
E                           </tr>
E                         
E                           <tr>
E                             <td>self</td>
E                             <td class="code"><pre>&lt;django.core.handlers.asgi.ASGIHandler object at 0x107235940&gt;</pre></td>
E                           </tr>
E                         
E                           <tr>
E                             <td>wrapped_callback</td>
E                             <td class="code"><pre>&lt;asgiref.sync.SyncToAsync object at 0x1087ad9a0&gt;</pre></td>
E                           </tr>
E                         
E                       </tbody>
E                     </table>
E                     </details>
E                   
E                 </li>
E               
E                 
E                 <li class="frame django">
E                   
E                     <code class="fname">/Users/mohamedbechirdiarra/Downloads/prototypeGamma/Backend/venv/lib/python3.13/site-packages/django/views/decorators/csrf.py</code>, line 65, in _view_wrapper
E                   
E         
E                   
E                     <div class="context" id="c4438573568">
E                       
E                         <ol start="58" class="pre-context" id="pre4438573568">
E                         
E                           <li onclick="toggle('pre4438573568', 'post4438573568')"><pre></pre></li>
E                         
E                           <li onclick="toggle('pre4438573568', 'post4438573568')"><pre>        async def _view_wrapper(request, *args, **kwargs):</pre></li>
E                         
E                           <li onclick="toggle('pre4438573568', 'post4438573568')"><pre>            return await view_func(request, *args, **kwargs)</pre></li>
E                         
E                           <li onclick="toggle('pre4438573568', 'post4438573568')"><pre></pre></li>
E                         
E                           <li onclick="toggle('pre4438573568', 'post4438573568')"><pre>    else:</pre></li>
E                         
E                           <li onclick="toggle('pre4438573568', 'post4438573568')"><pre></pre></li>
E                         
E                           <li onclick="toggle('pre4438573568', 'post4438573568')"><pre>        def _view_wrapper(request, *args, **kwargs):</pre></li>
E                         
E                         </ol>
E                       
E                       <ol start="65" class="context-line">
E                         <li onclick="toggle('pre4438573568', 'post4438573568')"><pre>            return view_func(request, *args, **kwargs)
E                                ^^^^^^^^^^^^^^^^^^^^^^^^^^^^^^^^^^^</pre> <span>…</span></li>
E                       </ol>
E                       
E                         <ol start='66' class="post-context" id="post4438573568">
E                           
E                           <li onclick="toggle('pre4438573568', 'post4438573568')"><pre></pre></li>
E                           
E                           <li onclick="toggle('pre4438573568', 'post4438573568')"><pre>    _view_wrapper.csrf_exempt = True</pre></li>
E                           
E                           <li onclick="toggle('pre4438573568', 'post4438573568')"><pre></pre></li>
E                           
E                           <li onclick="toggle('pre4438573568', 'post4438573568')"><pre>    return wraps(view_func)(_view_wrapper)</pre></li>
E                           
E                       </ol>
E                       
E                     </div>
E                   
E         
E                   
E                     
E                       <details>
E                         <summary class="commands">Local vars</summary>
E                     
E                     <table class="vars" id="v4438573568">
E                       <thead>
E                         <tr>
E                           <th scope="col">Variable</th>
E                           <th scope="col">Value</th>
E                         </tr>
E                       </thead>
E                       <tbody>
E                         
E                           <tr>
E                             <td>args</td>
E                             <td class="code"><pre>()</pre></td>
E                           </tr>
E                         
E                           <tr>
E                             <td>kwargs</td>
E                             <td class="code"><pre>{}</pre></td>
E                           </tr>
E                         
E                           <tr>
E                             <td>request</td>
E                             <td class="code"><pre>&lt;ASGIRequest: POST &#x27;/users/login/&#x27;&gt;</pre></td>
E                           </tr>
E                         
E                           <tr>
E                             <td>view_func</td>
E                             <td class="code"><pre>&lt;function UserViewSet at 0x107747ba0&gt;</pre></td>
E                           </tr>
E                         
E                       </tbody>
E                     </table>
E                     </details>
E                   
E                 </li>
E               
E                 
E                 <li class="frame user">
E                   
E                     <code class="fname">/Users/mohamedbechirdiarra/Downloads/prototypeGamma/Backend/venv/lib/python3.13/site-packages/rest_framework/viewsets.py</code>, line 125, in view
E                   
E         
E                   
E                     <div class="context" id="c4438386176">
E                       
E                         <ol start="118" class="pre-context" id="pre4438386176">
E                         
E                           <li onclick="toggle('pre4438386176', 'post4438386176')"><pre>                setattr(self, method, handler)</pre></li>
E                         
E                           <li onclick="toggle('pre4438386176', 'post4438386176')"><pre></pre></li>
E                         
E                           <li onclick="toggle('pre4438386176', 'post4438386176')"><pre>            self.request = request</pre></li>
E                         
E                           <li onclick="toggle('pre4438386176', 'post4438386176')"><pre>            self.args = args</pre></li>
E                         
E                           <li onclick="toggle('pre4438386176', 'post4438386176')"><pre>            self.kwargs = kwargs</pre></li>
E                         
E                           <li onclick="toggle('pre4438386176', 'post4438386176')"><pre></pre></li>
E                         
E                           <li onclick="toggle('pre4438386176', 'post4438386176')"><pre>            # And continue as usual</pre></li>
E                         
E                         </ol>
E                       
E                       <ol start="125" class="context-line">
E                         <li onclick="toggle('pre4438386176', 'post4438386176')"><pre>            return self.dispatch(request, *args, **kwargs)
E                                 ^^^^^^^^^^^^^^^^^^^^^^^^^^^^^^^^^^^^^^^</pre> <span>…</span></li>
E                       </ol>
E                       
E                         <ol start='126' class="post-context" id="post4438386176">
E                           
E                           <li onclick="toggle('pre4438386176', 'post4438386176')"><pre></pre></li>
E                           
E                           <li onclick="toggle('pre4438386176', 'post4438386176')"><pre>        # take name and docstring from class</pre></li>
E                           
E                           <li onclick="toggle('pre4438386176', 'post4438386176')"><pre>        update_wrapper(view, cls, updated=())</pre></li>
E                           
E                           <li onclick="toggle('pre4438386176', 'post4438386176')"><pre></pre></li>
E                           
E                           <li onclick="toggle('pre4438386176', 'post4438386176')"><pre>        # and possible attributes set by decorators</pre></li>
E                           
E                           <li onclick="toggle('pre4438386176', 'post4438386176')"><pre>        # like csrf_exempt from dispatch</pre></li>
E                           
E                       </ol>
E                       
E                     </div>
E                   
E         
E                   
E                     
E                       <details>
E                         <summary class="commands">Local vars</summary>
E                     
E                     <table class="vars" id="v4438386176">
E                       <thead>
E                         <tr>
E                           <th scope="col">Variable</th>
E                           <th scope="col">Value</th>
E                         </tr>
E                       </thead>
E                       <tbody>
E                         
E                           <tr>
E                             <td>action</td>
E                             <td class="code"><pre>&#x27;login&#x27;</pre></td>
E                           </tr>
E                         
E                           <tr>
E                             <td>actions</td>
E                             <td class="code"><pre>{&#x27;post&#x27;: &#x27;login&#x27;}</pre></td>
E                           </tr>
E                         
E                           <tr>
E                             <td>args</td>
E                             <td class="code"><pre>()</pre></td>
E                           </tr>
E                         
E                           <tr>
E                             <td>cls</td>
E                             <td class="code"><pre>&lt;class &#x27;users.views.UserViewSet&#x27;&gt;</pre></td>
E                           </tr>
E                         
E                           <tr>
E                             <td>handler</td>
E                             <td class="code"><pre>&lt;bound method UserViewSet.login of &lt;users.views.UserViewSet object at 0x108826a40&gt;&gt;</pre></td>
E                           </tr>
E                         
E                           <tr>
E                             <td>initkwargs</td>
E                             <td class="code"><pre>{}</pre></td>
E                           </tr>
E                         
E                           <tr>
E                             <td>kwargs</td>
E                             <td class="code"><pre>{}</pre></td>
E                           </tr>
E                         
E                           <tr>
E                             <td>method</td>
E                             <td class="code"><pre>&#x27;post&#x27;</pre></td>
E                           </tr>
E                         
E                           <tr>
E                             <td>request</td>
E                             <td class="code"><pre>&lt;ASGIRequest: POST &#x27;/users/login/&#x27;&gt;</pre></td>
E                           </tr>
E                         
E                           <tr>
E                             <td>self</td>
E                             <td class="code"><pre>&lt;users.views.UserViewSet object at 0x108826a40&gt;</pre></td>
E                           </tr>
E                         
E                       </tbody>
E                     </table>
E                     </details>
E                   
E                 </li>
E               
E                 
E                 <li class="frame user">
E                   
E                     <code class="fname">/Users/mohamedbechirdiarra/Downloads/prototypeGamma/Backend/users/views.py</code>, line 641, in dispatch
E                   
E         
E                   
E                     <div class="context" id="c4438382592">
E                       
E                         <ol start="634" class="pre-context" id="pre4438382592">
E                         
E                           <li onclick="toggle('pre4438382592', 'post4438382592')"><pre>            phone = None</pre></li>
E                         
E                           <li onclick="toggle('pre4438382592', 'post4438382592')"><pre>            if hasattr(user, &#x27;client_profile&#x27;):</pre></li>
E                         
E                           <li onclick="toggle('pre4438382592', 'post4438382592')"><pre>                phone = getattr(user.client_profile, &#x27;phone&#x27;, None)</pre></li>
E                         
E                           <li onclick="toggle('pre4438382592', 'post4438382592')"><pre>            elif hasattr(user, &#x27;technician_profile&#x27;):</pre></li>
E                         
E                           <li onclick="toggle('pre4438382592', 'post4438382592')"><pre>                phone = getattr(user.technician_profile, &#x27;phone&#x27;, None)</pre></li>
E                         
E                           <li onclick="toggle('pre4438382592', 'post4438382592')"><pre>            if not phone:</pre></li>
E                         
E                           <li onclick="toggle('pre4438382592', 'post4438382592')"><pre>                return Response({&#x27;error&#x27;: &#x27;Numéro de téléphone obligatoire. Veuillez compléter votre profil.&#x27;}, status=403)</pre></li>
E                         
E                         </ol>
E                       
E                       <ol start="641" class="context-line">
E                         <li onclick="toggle('pre4438382592', 'post4438382592')"><pre>        return super().dispatch(request, *args, **kwargs)
E                             ^^^^^^^^^^^^^^^^^^^^^^^^^^^^^^^^^^^^^^^^^^</pre> <span>…</span></li>
E                       </ol>
E                       
E                         <ol start='642' class="post-context" id="post4438382592">
E                           
E                           <li onclick="toggle('pre4438382592', 'post4438382592')"><pre></pre></li>
E                           
E                           <li onclick="toggle('pre4438382592', 'post4438382592')"><pre>class SecurityDashboardView(APIView):</pre></li>
E                           
E                           <li onclick="toggle('pre4438382592', 'post4438382592')"><pre>    permission_classes = [IsAdminUser]</pre></li>
E                           
E                           <li onclick="toggle('pre4438382592', 'post4438382592')"><pre></pre></li>
E                           
E                           <li onclick="toggle('pre4438382592', 'post4438382592')"><pre>    def get(self, request):</pre></li>
E                           
E                           <li onclick="toggle('pre4438382592', 'post4438382592')"><pre>        now = timezone.now()</pre></li>
E                           
E                       </ol>
E                       
E                     </div>
E                   
E         
E                   
E                     
E                       <details>
E                         <summary class="commands">Local vars</summary>
E                     
E                     <table class="vars" id="v4438382592">
E                       <thead>
E                         <tr>
E                           <th scope="col">Variable</th>
E                           <th scope="col">Value</th>
E                         </tr>
E                       </thead>
E                       <tbody>
E                         
E                           <tr>
E                             <td>__class__</td>
E                             <td class="code"><pre>&lt;class &#x27;users.views.UserViewSet&#x27;&gt;</pre></td>
E                           </tr>
E                         
E                           <tr>
E                             <td>action</td>
E                             <td class="code"><pre>None</pre></td>
E                           </tr>
E                         
E                           <tr>
E                             <td>args</td>
E                             <td class="code"><pre>()</pre></td>
E                           </tr>
E                         
E                           <tr>
E                             <td>exempt_actions</td>
E                             <td class="code"><pre>[&#x27;register&#x27;, &#x27;login&#x27;, &#x27;refresh_token&#x27;, &#x27;update_profile&#x27;, &#x27;me&#x27;]</pre></td>
E                           </tr>
E                         
E                           <tr>
E                             <td>kwargs</td>
E                             <td class="code"><pre>{}</pre></td>
E                           </tr>
E                         
E                           <tr>
E                             <td>request</td>
E                             <td class="code"><pre>&lt;ASGIRequest: POST &#x27;/users/login/&#x27;&gt;</pre></td>
E                           </tr>
E                         
E                           <tr>
E                             <td>self</td>
E                             <td class="code"><pre>&lt;users.views.UserViewSet object at 0x108826a40&gt;</pre></td>
E                           </tr>
E                         
E                       </tbody>
E                     </table>
E                     </details>
E                   
E                 </li>
E               
E                 
E                 <li class="frame user">
E                   
E                     <code class="fname">/Users/mohamedbechirdiarra/Downloads/prototypeGamma/Backend/venv/lib/python3.13/site-packages/rest_framework/views.py</code>, line 515, in dispatch
E                   
E         
E                   
E                     <div class="context" id="c4438583040">
E                       
E                         <ol start="508" class="pre-context" id="pre4438583040">
E                         
E                           <li onclick="toggle('pre4438583040', 'post4438583040')"><pre>                                  self.http_method_not_allowed)</pre></li>
E                         
E                           <li onclick="toggle('pre4438583040', 'post4438583040')"><pre>            else:</pre></li>
E                         
E                           <li onclick="toggle('pre4438583040', 'post4438583040')"><pre>                handler = self.http_method_not_allowed</pre></li>
E                         
E                           <li onclick="toggle('pre4438583040', 'post4438583040')"><pre></pre></li>
E                         
E                           <li onclick="toggle('pre4438583040', 'post4438583040')"><pre>            response = handler(request, *args, **kwargs)</pre></li>
E                         
E                           <li onclick="toggle('pre4438583040', 'post4438583040')"><pre></pre></li>
E                         
E                           <li onclick="toggle('pre4438583040', 'post4438583040')"><pre>        except Exception as exc:</pre></li>
E                         
E                         </ol>
E                       
E                       <ol start="515" class="context-line">
E                         <li onclick="toggle('pre4438583040', 'post4438583040')"><pre>            response = self.handle_exception(exc)
E                                     ^^^^^^^^^^^^^^^^^^^^^^^^^^</pre> <span>…</span></li>
E                       </ol>
E                       
E                         <ol start='516' class="post-context" id="post4438583040">
E                           
E                           <li onclick="toggle('pre4438583040', 'post4438583040')"><pre></pre></li>
E                           
E                           <li onclick="toggle('pre4438583040', 'post4438583040')"><pre>        self.response = self.finalize_response(request, response, *args, **kwargs)</pre></li>
E                           
E                           <li onclick="toggle('pre4438583040', 'post4438583040')"><pre>        return self.response</pre></li>
E                           
E                           <li onclick="toggle('pre4438583040', 'post4438583040')"><pre></pre></li>
E                           
E                           <li onclick="toggle('pre4438583040', 'post4438583040')"><pre>    def options(self, request, *args, **kwargs):</pre></li>
E                           
E                           <li onclick="toggle('pre4438583040', 'post4438583040')"><pre>        &quot;&quot;&quot;</pre></li>
E                           
E                       </ol>
E                       
E                     </div>
E                   
E         
E                   
E                     
E                       <details>
E                         <summary class="commands">Local vars</summary>
E                     
E                     <table class="vars" id="v4438583040">
E                       <thead>
E                         <tr>
E                           <th scope="col">Variable</th>
E                           <th scope="col">Value</th>
E                         </tr>
E                       </thead>
E                       <tbody>
E                         
E                           <tr>
E                             <td>args</td>
E                             <td class="code"><pre>()</pre></td>
E                           </tr>
E                         
E                           <tr>
E                             <td>handler</td>
E                             <td class="code"><pre>&lt;bound method UserViewSet.login of &lt;users.views.UserViewSet object at 0x108826a40&gt;&gt;</pre></td>
E                           </tr>
E                         
E                           <tr>
E                             <td>kwargs</td>
E                             <td class="code"><pre>{}</pre></td>
E                           </tr>
E                         
E                           <tr>
E                             <td>request</td>
E                             <td class="code"><pre>&lt;rest_framework.request.Request: POST &#x27;/users/login/&#x27;&gt;</pre></td>
E                           </tr>
E                         
E                           <tr>
E                             <td>self</td>
E                             <td class="code"><pre>&lt;users.views.UserViewSet object at 0x108826a40&gt;</pre></td>
E                           </tr>
E                         
E                       </tbody>
E                     </table>
E                     </details>
E                   
E                 </li>
E               
E                 
E                 <li class="frame user">
E                   
E                     <code class="fname">/Users/mohamedbechirdiarra/Downloads/prototypeGamma/Backend/venv/lib/python3.13/site-packages/rest_framework/views.py</code>, line 475, in handle_exception
E                   
E         
E                   
E                     <div class="context" id="c4438582208">
E                       
E                         <ol start="468" class="pre-context" id="pre4438582208">
E                         
E                           <li onclick="toggle('pre4438582208', 'post4438582208')"><pre></pre></li>
E                         
E                           <li onclick="toggle('pre4438582208', 'post4438582208')"><pre>        exception_handler = self.get_exception_handler()</pre></li>
E                         
E                           <li onclick="toggle('pre4438582208', 'post4438582208')"><pre></pre></li>
E                         
E                           <li onclick="toggle('pre4438582208', 'post4438582208')"><pre>        context = self.get_exception_handler_context()</pre></li>
E                         
E                           <li onclick="toggle('pre4438582208', 'post4438582208')"><pre>        response = exception_handler(exc, context)</pre></li>
E                         
E                           <li onclick="toggle('pre4438582208', 'post4438582208')"><pre></pre></li>
E                         
E                           <li onclick="toggle('pre4438582208', 'post4438582208')"><pre>        if response is None:</pre></li>
E                         
E                         </ol>
E                       
E                       <ol start="475" class="context-line">
E                         <li onclick="toggle('pre4438582208', 'post4438582208')"><pre>            self.raise_uncaught_exception(exc)
E                          ^^^^^^^^^^^^^^^^^^^^^^^^^^^^^^^^^^</pre> <span>…</span></li>
E                       </ol>
E                       
E                         <ol start='476' class="post-context" id="post4438582208">
E                           
E                           <li onclick="toggle('pre4438582208', 'post4438582208')"><pre></pre></li>
E                           
E                           <li onclick="toggle('pre4438582208', 'post4438582208')"><pre>        response.exception = True</pre></li>
E                           
E                           <li onclick="toggle('pre4438582208', 'post4438582208')"><pre>        return response</pre></li>
E                           
E                           <li onclick="toggle('pre4438582208', 'post4438582208')"><pre></pre></li>
E                           
E                           <li onclick="toggle('pre4438582208', 'post4438582208')"><pre>    def raise_uncaught_exception(self, exc):</pre></li>
E                           
E                           <li onclick="toggle('pre4438582208', 'post4438582208')"><pre>        if settings.DEBUG:</pre></li>
E                           
E                       </ol>
E                       
E                     </div>
E                   
E         
E                   
E                     
E                       <details>
E                         <summary class="commands">Local vars</summary>
E                     
E                     <table class="vars" id="v4438582208">
E                       <thead>
E                         <tr>
E                           <th scope="col">Variable</th>
E                           <th scope="col">Value</th>
E                         </tr>
E                       </thead>
E                       <tbody>
E                         
E                           <tr>
E                             <td>context</td>
E                             <td class="code"><pre>{&#x27;args&#x27;: (),
E          &#x27;kwargs&#x27;: {},
E          &#x27;request&#x27;: &lt;rest_framework.request.Request: POST &#x27;/users/login/&#x27;&gt;,
E          &#x27;view&#x27;: &lt;users.views.UserViewSet object at 0x108826a40&gt;}</pre></td>
E                           </tr>
E                         
E                           <tr>
E                             <td>exc</td>
E                             <td class="code"><pre>IntegrityError(&#x27;FOREIGN KEY constraint failed&#x27;)</pre></td>
E                           </tr>
E                         
E                           <tr>
E                             <td>exception_handler</td>
E                             <td class="code"><pre>&lt;function exception_handler at 0x10770f100&gt;</pre></td>
E                           </tr>
E                         
E                           <tr>
E                             <td>response</td>
E                             <td class="code"><pre>None</pre></td>
E                           </tr>
E                         
E                           <tr>
E                             <td>self</td>
E                             <td class="code"><pre>&lt;users.views.UserViewSet object at 0x108826a40&gt;</pre></td>
E                           </tr>
E                         
E                       </tbody>
E                     </table>
E                     </details>
E                   
E                 </li>
E               
E                 
E                 <li class="frame user">
E                   
E                     <code class="fname">/Users/mohamedbechirdiarra/Downloads/prototypeGamma/Backend/venv/lib/python3.13/site-packages/rest_framework/views.py</code>, line 486, in raise_uncaught_exception
E                   
E         
E                   
E                     <div class="context" id="c4438588416">
E                       
E                         <ol start="479" class="pre-context" id="pre4438588416">
E                         
E                           <li onclick="toggle('pre4438588416', 'post4438588416')"><pre></pre></li>
E                         
E                           <li onclick="toggle('pre4438588416', 'post4438588416')"><pre>    def raise_uncaught_exception(self, exc):</pre></li>
E                         
E                           <li onclick="toggle('pre4438588416', 'post4438588416')"><pre>        if settings.DEBUG:</pre></li>
E                         
E                           <li onclick="toggle('pre4438588416', 'post4438588416')"><pre>            request = self.request</pre></li>
E                         
E                           <li onclick="toggle('pre4438588416', 'post4438588416')"><pre>            renderer_format = getattr(request.accepted_renderer, &#x27;format&#x27;)</pre></li>
E                         
E                           <li onclick="toggle('pre4438588416', 'post4438588416')"><pre>            use_plaintext_traceback = renderer_format not in (&#x27;html&#x27;, &#x27;api&#x27;, &#x27;admin&#x27;)</pre></li>
E                         
E                           <li onclick="toggle('pre4438588416', 'post4438588416')"><pre>            request.force_plaintext_errors(use_plaintext_traceback)</pre></li>
E                         
E                         </ol>
E                       
E                       <ol start="486" class="context-line">
E                         <li onclick="toggle('pre4438588416', 'post4438588416')"><pre>        raise exc
E                      ^^^^^^^^^</pre> <span>…</span></li>
E                       </ol>
E                       
E                         <ol start='487' class="post-context" id="post4438588416">
E                           
E                           <li onclick="toggle('pre4438588416', 'post4438588416')"><pre></pre></li>
E                           
E                           <li onclick="toggle('pre4438588416', 'post4438588416')"><pre>    # Note: Views are made CSRF exempt from within `as_view` as to prevent</pre></li>
E                           
E                           <li onclick="toggle('pre4438588416', 'post4438588416')"><pre>    # accidental removal of this exemption in cases where `dispatch` needs to</pre></li>
E                           
E                           <li onclick="toggle('pre4438588416', 'post4438588416')"><pre>    # be overridden.</pre></li>
E                           
E                           <li onclick="toggle('pre4438588416', 'post4438588416')"><pre>    def dispatch(self, request, *args, **kwargs):</pre></li>
E                           
E                           <li onclick="toggle('pre4438588416', 'post4438588416')"><pre>        &quot;&quot;&quot;</pre></li>
E                           
E                       </ol>
E                       
E                     </div>
E                   
E         
E                   
E                     
E                       <details>
E                         <summary class="commands">Local vars</summary>
E                     
E                     <table class="vars" id="v4438588416">
E                       <thead>
E                         <tr>
E                           <th scope="col">Variable</th>
E                           <th scope="col">Value</th>
E                         </tr>
E                       </thead>
E                       <tbody>
E                         
E                           <tr>
E                             <td>exc</td>
E                             <td class="code"><pre>IntegrityError(&#x27;FOREIGN KEY constraint failed&#x27;)</pre></td>
E                           </tr>
E                         
E                           <tr>
E                             <td>renderer_format</td>
E                             <td class="code"><pre>&#x27;json&#x27;</pre></td>
E                           </tr>
E                         
E                           <tr>
E                             <td>request</td>
E                             <td class="code"><pre>&lt;rest_framework.request.Request: POST &#x27;/users/login/&#x27;&gt;</pre></td>
E                           </tr>
E                         
E                           <tr>
E                             <td>self</td>
E                             <td class="code"><pre>&lt;users.views.UserViewSet object at 0x108826a40&gt;</pre></td>
E                           </tr>
E                         
E                           <tr>
E                             <td>use_plaintext_traceback</td>
E                             <td class="code"><pre>True</pre></td>
E                           </tr>
E                         
E                       </tbody>
E                     </table>
E                     </details>
E                   
E                 </li>
E               
E                 
E                 <li class="frame user">
E                   
E                     <code class="fname">/Users/mohamedbechirdiarra/Downloads/prototypeGamma/Backend/venv/lib/python3.13/site-packages/rest_framework/views.py</code>, line 512, in dispatch
E                   
E         
E                   
E                     <div class="context" id="c4438582976">
E                       
E                         <ol start="505" class="pre-context" id="pre4438582976">
E                         
E                           <li onclick="toggle('pre4438582976', 'post4438582976')"><pre>            # Get the appropriate handler method</pre></li>
E                         
E                           <li onclick="toggle('pre4438582976', 'post4438582976')"><pre>            if request.method.lower() in self.http_method_names:</pre></li>
E                         
E                           <li onclick="toggle('pre4438582976', 'post4438582976')"><pre>                handler = getattr(self, request.method.lower(),</pre></li>
E                         
E                           <li onclick="toggle('pre4438582976', 'post4438582976')"><pre>                                  self.http_method_not_allowed)</pre></li>
E                         
E                           <li onclick="toggle('pre4438582976', 'post4438582976')"><pre>            else:</pre></li>
E                         
E                           <li onclick="toggle('pre4438582976', 'post4438582976')"><pre>                handler = self.http_method_not_allowed</pre></li>
E                         
E                           <li onclick="toggle('pre4438582976', 'post4438582976')"><pre></pre></li>
E                         
E                         </ol>
E                       
E                       <ol start="512" class="context-line">
E                         <li onclick="toggle('pre4438582976', 'post4438582976')"><pre>            response = handler(request, *args, **kwargs)
E                                     ^^^^^^^^^^^^^^^^^^^^^^^^^^^^^^^^^</pre> <span>…</span></li>
E                       </ol>
E                       
E                         <ol start='513' class="post-context" id="post4438582976">
E                           
E                           <li onclick="toggle('pre4438582976', 'post4438582976')"><pre></pre></li>
E                           
E                           <li onclick="toggle('pre4438582976', 'post4438582976')"><pre>        except Exception as exc:</pre></li>
E                           
E                           <li onclick="toggle('pre4438582976', 'post4438582976')"><pre>            response = self.handle_exception(exc)</pre></li>
E                           
E                           <li onclick="toggle('pre4438582976', 'post4438582976')"><pre></pre></li>
E                           
E                           <li onclick="toggle('pre4438582976', 'post4438582976')"><pre>        self.response = self.finalize_response(request, response, *args, **kwargs)</pre></li>
E                           
E                           <li onclick="toggle('pre4438582976', 'post4438582976')"><pre>        return self.response</pre></li>
E                           
E                       </ol>
E                       
E                     </div>
E                   
E         
E                   
E                     
E                       <details>
E                         <summary class="commands">Local vars</summary>
E                     
E                     <table class="vars" id="v4438582976">
E                       <thead>
E                         <tr>
E                           <th scope="col">Variable</th>
E                           <th scope="col">Value</th>
E                         </tr>
E                       </thead>
E                       <tbody>
E                         
E                           <tr>
E                             <td>args</td>
E                             <td class="code"><pre>()</pre></td>
E                           </tr>
E                         
E                           <tr>
E                             <td>handler</td>
E                             <td class="code"><pre>&lt;bound method UserViewSet.login of &lt;users.views.UserViewSet object at 0x108826a40&gt;&gt;</pre></td>
E                           </tr>
E                         
E                           <tr>
E                             <td>kwargs</td>
E                             <td class="code"><pre>{}</pre></td>
E                           </tr>
E                         
E                           <tr>
E                             <td>request</td>
E                             <td class="code"><pre>&lt;rest_framework.request.Request: POST &#x27;/users/login/&#x27;&gt;</pre></td>
E                           </tr>
E                         
E                           <tr>
E                             <td>self</td>
E                             <td class="code"><pre>&lt;users.views.UserViewSet object at 0x108826a40&gt;</pre></td>
E                           </tr>
E                         
E                       </tbody>
E                     </table>
E                     </details>
E                   
E                 </li>
E               
E                 
E                 <li class="frame user">
E                   
E                     <code class="fname">/Users/mohamedbechirdiarra/Downloads/prototypeGamma/Backend/users/views.py</code>, line 382, in login
E                   
E         
E                   
E                     <div class="context" id="c4438581696">
E                       
E                         <ol start="375" class="pre-context" id="pre4438581696">
E                         
E                           <li onclick="toggle('pre4438581696', 'post4438581696')"><pre>                            event_type=&quot;login_high_risk&quot;</pre></li>
E                         
E                           <li onclick="toggle('pre4438581696', 'post4438581696')"><pre>                        )</pre></li>
E                         
E                           <li onclick="toggle('pre4438581696', 'post4438581696')"><pre>                    return Response({</pre></li>
E                         
E                           <li onclick="toggle('pre4438581696', 'post4438581696')"><pre>                        &#x27;otp_required&#x27;: True,</pre></li>
E                         
E                           <li onclick="toggle('pre4438581696', 'post4438581696')"><pre>                        &#x27;session_uuid&#x27;: str(otp.session_uuid),</pre></li>
E                         
E                           <li onclick="toggle('pre4438581696', 'post4438581696')"><pre>                        &#x27;message&#x27;: &#x27;Un code de vérification a été envoyé à votre email.&#x27;</pre></li>
E                         
E                           <li onclick="toggle('pre4438581696', 'post4438581696')"><pre>                    }, status=200)</pre></li>
E                         
E                         </ol>
E                       
E                       <ol start="382" class="context-line">
E                         <li onclick="toggle('pre4438581696', 'post4438581696')"><pre>                log_event(request, &#x27;login&#x27;, &#x27;success&#x27;, risk_score=risk_score, metadata={}, user=user)
E                              ^^^^^^^^^^^^^^^^^^^^^^^^^^^^^^^^^^^^^^^^^^^^^^^^^^^^^^^^^^^^^^^^^^^^^^^^^^^^^^^^^^^^^</pre> <span>…</span></li>
E                       </ol>
E                       
E                         <ol start='383' class="post-context" id="post4438581696">
E                           
E                           <li onclick="toggle('pre4438581696', 'post4438581696')"><pre>                refresh = RefreshToken.for_user(user)</pre></li>
E                           
E                           <li onclick="toggle('pre4438581696', 'post4438581696')"><pre>                return Response({</pre></li>
E                           
E                           <li onclick="toggle('pre4438581696', 'post4438581696')"><pre>                    &#x27;user&#x27;: UserSerializer(user).data,</pre></li>
E                           
E                           <li onclick="toggle('pre4438581696', 'post4438581696')"><pre>                    &#x27;profile&#x27;: self.get_profile_data(user),</pre></li>
E                           
E                           <li onclick="toggle('pre4438581696', 'post4438581696')"><pre>                    &#x27;refresh&#x27;: str(refresh),</pre></li>
E                           
E                           <li onclick="toggle('pre4438581696', 'post4438581696')"><pre>                    &#x27;access&#x27;: str(refresh.access_token),</pre></li>
E                           
E                       </ol>
E                       
E                     </div>
E                   
E         
E                   
E                     
E                       <details>
E                         <summary class="commands">Local vars</summary>
E                     
E                     <table class="vars" id="v4438581696">
E                       <thead>
E                         <tr>
E                           <th scope="col">Variable</th>
E                           <th scope="col">Value</th>
E                         </tr>
E                       </thead>
E                       <tbody>
E                         
E                           <tr>
E                             <td>email</td>
E                             <td class="code"><pre>&#x27;testuser_b0u62t@example.com&#x27;</pre></td>
E                           </tr>
E                         
E                           <tr>
E                             <td>password</td>
E                             <td class="code"><pre>&#x27;TestUser1234!&#x27;</pre></td>
E                           </tr>
E                         
E                           <tr>
E                             <td>request</td>
E                             <td class="code"><pre>&lt;rest_framework.request.Request: POST &#x27;/users/login/&#x27;&gt;</pre></td>
E                           </tr>
E                         
E                           <tr>
E                             <td>risk_score</td>
E                             <td class="code"><pre>0</pre></td>
E                           </tr>
E                         
E                           <tr>
E                             <td>self</td>
E                             <td class="code"><pre>&lt;users.views.UserViewSet object at 0x108826a40&gt;</pre></td>
E                           </tr>
E                         
E                           <tr>
E                             <td>user</td>
E                             <td class="code"><pre>&lt;User: testuser_b0u62t (Client)&gt;</pre></td>
E                           </tr>
E                         
E                       </tbody>
E                     </table>
E                     </details>
E                   
E                 </li>
E               
E                 
E                 <li class="frame user">
E                   
E                     <code class="fname">/Users/mohamedbechirdiarra/Downloads/prototypeGamma/Backend/users/utils.py</code>, line 14, in log_event
E                   
E         
E                   
E                     <div class="context" id="c4438587392">
E                       
E                         <ol start="7" class="pre-context" id="pre4438587392">
E                         
E                           <li onclick="toggle('pre4438587392', 'post4438587392')"><pre>    if user is None:</pre></li>
E                         
E                           <li onclick="toggle('pre4438587392', 'post4438587392')"><pre>        user = request.user if hasattr(request, &#x27;user&#x27;) and request.user.is_authenticated else None</pre></li>
E                         
E                           <li onclick="toggle('pre4438587392', 'post4438587392')"><pre>    ip = request.META.get(&#x27;REMOTE_ADDR&#x27;)</pre></li>
E                         
E                           <li onclick="toggle('pre4438587392', 'post4438587392')"><pre>    user_agent = request.META.get(&#x27;HTTP_USER_AGENT&#x27;, &#x27;&#x27;)</pre></li>
E                         
E                           <li onclick="toggle('pre4438587392', 'post4438587392')"><pre>    geo_country = getattr(request, &#x27;geoip_country&#x27;, &#x27;&#x27;) or request.META.get(&#x27;GEOIP_COUNTRY&#x27;, &#x27;&#x27;)</pre></li>
E                         
E                           <li onclick="toggle('pre4438587392', 'post4438587392')"><pre>    geo_city = getattr(request, &#x27;geoip_city&#x27;, &#x27;&#x27;) or request.META.get(&#x27;GEOIP_CITY&#x27;, &#x27;&#x27;)</pre></li>
E                         
E                           <li onclick="toggle('pre4438587392', 'post4438587392')"><pre>    location = get_location_from_ip(ip)</pre></li>
E                         
E                         </ol>
E                       
E                       <ol start="14" class="context-line">
E                         <li onclick="toggle('pre4438587392', 'post4438587392')"><pre>    AuditLog.objects.create(
E                 ^</pre> <span>…</span></li>
E                       </ol>
E                       
E                         <ol start='15' class="post-context" id="post4438587392">
E                           
E                           <li onclick="toggle('pre4438587392', 'post4438587392')"><pre>        user=user,</pre></li>
E                           
E                           <li onclick="toggle('pre4438587392', 'post4438587392')"><pre>        ip_address=ip,</pre></li>
E                           
E                           <li onclick="toggle('pre4438587392', 'post4438587392')"><pre>        user_agent=user_agent,</pre></li>
E                           
E                           <li onclick="toggle('pre4438587392', 'post4438587392')"><pre>        event_type=event_type,</pre></li>
E                           
E                           <li onclick="toggle('pre4438587392', 'post4438587392')"><pre>        status=status,</pre></li>
E                           
E                           <li onclick="toggle('pre4438587392', 'post4438587392')"><pre>        geo_country=geo_country,</pre></li>
E                           
E                       </ol>
E                       
E                     </div>
E                   
E         
E                   
E                     
E                       <details>
E                         <summary class="commands">Local vars</summary>
E                     
E                     <table class="vars" id="v4438587392">
E                       <thead>
E                         <tr>
E                           <th scope="col">Variable</th>
E                           <th scope="col">Value</th>
E                         </tr>
E                       </thead>
E                       <tbody>
E                         
E                           <tr>
E                             <td>event_type</td>
E                             <td class="code"><pre>&#x27;login&#x27;</pre></td>
E                           </tr>
E                         
E                           <tr>
E                             <td>geo_city</td>
E                             <td class="code"><pre>&#x27;&#x27;</pre></td>
E                           </tr>
E                         
E                           <tr>
E                             <td>geo_country</td>
E                             <td class="code"><pre>&#x27;&#x27;</pre></td>
E                           </tr>
E                         
E                           <tr>
E                             <td>ip</td>
E                             <td class="code"><pre>&#x27;127.0.0.1&#x27;</pre></td>
E                           </tr>
E                         
E                           <tr>
E                             <td>location</td>
E                             <td class="code"><pre>None</pre></td>
E                           </tr>
E                         
E                           <tr>
E                             <td>metadata</td>
E                             <td class="code"><pre>{}</pre></td>
E                           </tr>
E                         
E                           <tr>
E                             <td>request</td>
E                             <td class="code"><pre>&lt;rest_framework.request.Request: POST &#x27;/users/login/&#x27;&gt;</pre></td>
E                           </tr>
E                         
E                           <tr>
E                             <td>risk_score</td>
E                             <td class="code"><pre>0</pre></td>
E                           </tr>
E                         
E                           <tr>
E                             <td>status</td>
E                             <td class="code"><pre>&#x27;success&#x27;</pre></td>
E                           </tr>
E                         
E                           <tr>
E                             <td>user</td>
E                             <td class="code"><pre>&lt;User: testuser_b0u62t (Client)&gt;</pre></td>
E                           </tr>
E                         
E                           <tr>
E                             <td>user_agent</td>
E                             <td class="code"><pre>&#x27;python-requests/2.32.4&#x27;</pre></td>
E                           </tr>
E                         
E                       </tbody>
E                     </table>
E                     </details>
E                   
E                 </li>
E               
E                 
E                 <li class="frame django">
E                   
E                     <code class="fname">/Users/mohamedbechirdiarra/Downloads/prototypeGamma/Backend/venv/lib/python3.13/site-packages/django/db/models/manager.py</code>, line 87, in manager_method
E                   
E         
E                   
E                     <div class="context" id="c4433027264">
E                       
E                         <ol start="80" class="pre-context" id="pre4433027264">
E                         
E                           <li onclick="toggle('pre4433027264', 'post4433027264')"><pre>        return []</pre></li>
E                         
E                           <li onclick="toggle('pre4433027264', 'post4433027264')"><pre></pre></li>
E                         
E                           <li onclick="toggle('pre4433027264', 'post4433027264')"><pre>    @classmethod</pre></li>
E                         
E                           <li onclick="toggle('pre4433027264', 'post4433027264')"><pre>    def _get_queryset_methods(cls, queryset_class):</pre></li>
E                         
E                           <li onclick="toggle('pre4433027264', 'post4433027264')"><pre>        def create_method(name, method):</pre></li>
E                         
E                           <li onclick="toggle('pre4433027264', 'post4433027264')"><pre>            @wraps(method)</pre></li>
E                         
E                           <li onclick="toggle('pre4433027264', 'post4433027264')"><pre>            def manager_method(self, *args, **kwargs):</pre></li>
E                         
E                         </ol>
E                       
E                       <ol start="87" class="context-line">
E                         <li onclick="toggle('pre4433027264', 'post4433027264')"><pre>                return getattr(self.get_queryset(), name)(*args, **kwargs)
E                                    ^^^^^^^^^^^^^^^^^^^^^^^^^^^^^^^^^^^^^^^^^^^^^^^^^^^</pre> <span>…</span></li>
E                       </ol>
E                       
E                         <ol start='88' class="post-context" id="post4433027264">
E                           
E                           <li onclick="toggle('pre4433027264', 'post4433027264')"><pre></pre></li>
E                           
E                           <li onclick="toggle('pre4433027264', 'post4433027264')"><pre>            return manager_method</pre></li>
E                           
E                           <li onclick="toggle('pre4433027264', 'post4433027264')"><pre></pre></li>
E                           
E                           <li onclick="toggle('pre4433027264', 'post4433027264')"><pre>        new_methods = {}</pre></li>
E                           
E                           <li onclick="toggle('pre4433027264', 'post4433027264')"><pre>        for name, method in inspect.getmembers(</pre></li>
E                           
E                           <li onclick="toggle('pre4433027264', 'post4433027264')"><pre>            queryset_class, predicate=inspect.isfunction</pre></li>
E                           
E                       </ol>
E                       
E                     </div>
E                   
E         
E                   
E                     
E                       <details>
E                         <summary class="commands">Local vars</summary>
E                     
E                     <table class="vars" id="v4433027264">
E                       <thead>
E                         <tr>
E                           <th scope="col">Variable</th>
E                           <th scope="col">Value</th>
E                         </tr>
E                       </thead>
E                       <tbody>
E                         
E                           <tr>
E                             <td>args</td>
E                             <td class="code"><pre>()</pre></td>
E                           </tr>
E                         
E                           <tr>
E                             <td>kwargs</td>
E                             <td class="code"><pre>{&#x27;event_type&#x27;: &#x27;login&#x27;,
E          &#x27;geo_city&#x27;: &#x27;&#x27;,
E          &#x27;geo_country&#x27;: &#x27;&#x27;,
E          &#x27;ip_address&#x27;: &#x27;127.0.0.1&#x27;,
E          &#x27;location&#x27;: None,
E          &#x27;metadata&#x27;: {},
E          &#x27;risk_score&#x27;: 0,
E          &#x27;status&#x27;: &#x27;success&#x27;,
E          &#x27;user&#x27;: &lt;User: testuser_b0u62t (Client)&gt;,
E          &#x27;user_agent&#x27;: &#x27;python-requests/2.32.4&#x27;}</pre></td>
E                           </tr>
E                         
E                           <tr>
E                             <td>name</td>
E                             <td class="code"><pre>&#x27;create&#x27;</pre></td>
E                           </tr>
E                         
E                           <tr>
E                             <td>self</td>
E                             <td class="code"><pre>&lt;django.db.models.manager.Manager object at 0x10840cad0&gt;</pre></td>
E                           </tr>
E                         
E                       </tbody>
E                     </table>
E                     </details>
E                   
E                 </li>
E               
E                 
E                 <li class="frame django">
E                   
E                     <code class="fname">/Users/mohamedbechirdiarra/Downloads/prototypeGamma/Backend/venv/lib/python3.13/site-packages/django/db/models/query.py</code>, line 663, in create
E                   
E         
E                   
E                     <div class="context" id="c4438588288">
E                       
E                         <ol start="656" class="pre-context" id="pre4438588288">
E                         
E                           <li onclick="toggle('pre4438588288', 'post4438588288')"><pre>            raise ValueError(</pre></li>
E                         
E                           <li onclick="toggle('pre4438588288', 'post4438588288')"><pre>                &quot;The following fields do not exist in this model: %s&quot;</pre></li>
E                         
E                           <li onclick="toggle('pre4438588288', 'post4438588288')"><pre>                % &quot;, &quot;.join(reverse_one_to_one_fields)</pre></li>
E                         
E                           <li onclick="toggle('pre4438588288', 'post4438588288')"><pre>            )</pre></li>
E                         
E                           <li onclick="toggle('pre4438588288', 'post4438588288')"><pre></pre></li>
E                         
E                           <li onclick="toggle('pre4438588288', 'post4438588288')"><pre>        obj = self.model(**kwargs)</pre></li>
E                         
E                           <li onclick="toggle('pre4438588288', 'post4438588288')"><pre>        self._for_write = True</pre></li>
E                         
E                         </ol>
E                       
E                       <ol start="663" class="context-line">
E                         <li onclick="toggle('pre4438588288', 'post4438588288')"><pre>        obj.save(force_insert=True, using=self.db)
E                      ^^^^^^^^^^^^^^^^^^^^^^^^^^^^^^^^^^^^^^^^^^</pre> <span>…</span></li>
E                       </ol>
E                       
E                         <ol start='664' class="post-context" id="post4438588288">
E                           
E                           <li onclick="toggle('pre4438588288', 'post4438588288')"><pre>        return obj</pre></li>
E                           
E                           <li onclick="toggle('pre4438588288', 'post4438588288')"><pre></pre></li>
E                           
E                           <li onclick="toggle('pre4438588288', 'post4438588288')"><pre>    create.alters_data = True</pre></li>
E                           
E                           <li onclick="toggle('pre4438588288', 'post4438588288')"><pre></pre></li>
E                           
E                           <li onclick="toggle('pre4438588288', 'post4438588288')"><pre>    async def acreate(self, **kwargs):</pre></li>
E                           
E                           <li onclick="toggle('pre4438588288', 'post4438588288')"><pre>        return await sync_to_async(self.create)(**kwargs)</pre></li>
E                           
E                       </ol>
E                       
E                     </div>
E                   
E         
E                   
E                     
E                       <details>
E                         <summary class="commands">Local vars</summary>
E                     
E                     <table class="vars" id="v4438588288">
E                       <thead>
E                         <tr>
E                           <th scope="col">Variable</th>
E                           <th scope="col">Value</th>
E                         </tr>
E                       </thead>
E                       <tbody>
E                         
E                           <tr>
E                             <td>kwargs</td>
E                             <td class="code"><pre>{&#x27;event_type&#x27;: &#x27;login&#x27;,
E          &#x27;geo_city&#x27;: &#x27;&#x27;,
E          &#x27;geo_country&#x27;: &#x27;&#x27;,
E          &#x27;ip_address&#x27;: &#x27;127.0.0.1&#x27;,
E          &#x27;location&#x27;: None,
E          &#x27;metadata&#x27;: {},
E          &#x27;risk_score&#x27;: 0,
E          &#x27;status&#x27;: &#x27;success&#x27;,
E          &#x27;user&#x27;: &lt;User: testuser_b0u62t (Client)&gt;,
E          &#x27;user_agent&#x27;: &#x27;python-requests/2.32.4&#x27;}</pre></td>
E                           </tr>
E                         
E                           <tr>
E                             <td>obj</td>
E                             <td class="code"><pre>&lt;AuditLog: [2025-07-14 11:43:30.791838+00:00] testuser_b0u62t (Client) - login (success)&gt;</pre></td>
E                           </tr>
E                         
E                           <tr>
E                             <td>reverse_one_to_one_fields</td>
E                             <td class="code"><pre>frozenset()</pre></td>
E                           </tr>
E                         
E                           <tr>
E                             <td>self</td>
E                             <td class="code"><pre>&lt;QuerySet [&lt;AuditLog: [2025-07-14 11:20:26.143987+00:00] None - login (failure)&gt;, &lt;AuditLog: [2025-07-14 11:20:26.172163+00:00] None - login (failure)&gt;, &lt;AuditLog: [2025-07-14 11:20:26.440678+00:00] None - login (failure)&gt;, &lt;AuditLog: [2025-07-14 11:20:26.472641+00:00] None - login (failure)&gt;, &lt;AuditLog: [2025-07-14 11:20:42.818165+00:00] None - login (failure)&gt;, &lt;AuditLog: [2025-07-14 11:20:42.834927+00:00] None - login (failure)&gt;, &lt;AuditLog: [2025-07-14 11:20:42.840926+00:00] None - login (failure)&gt;, &lt;AuditLog: [2025-07-14 11:20:42.849907+00:00] None - login (failure)&gt;, &lt;AuditLog: [2025-07-14 11:20:42.855760+00:00] None - login (failure)&gt;, &lt;AuditLog: [2025-07-14 11:20:42.866003+00:00] None - login (failure)&gt;, &lt;AuditLog: [2025-07-14 11:20:42.871786+00:00] None - login (failure)&gt;, &lt;AuditLog: [2025-07-14 11:20:42.878738+00:00] None - login (failure)&gt;, &lt;AuditLog: [2025-07-14 11:20:42.887097+00:00] None - login (failure)&gt;, &lt;AuditLog: [2025-07-14 11:20:42.933562+00:00] None - login (failure)&gt;, &lt;AuditLog: [2025-07-14 11:20:42.948908+00:00] None - login (failure)&gt;, &lt;AuditLog: [2025-07-14 11:20:42.955057+00:00] None - login (failure)&gt;, &lt;AuditLog: [2025-07-14 11:20:43.030569+00:00] None - login (failure)&gt;, &lt;AuditLog: [2025-07-14 11:20:43.035801+00:00] None - login (failure)&gt;, &lt;AuditLog: [2025-07-14 11:20:43.041067+00:00] None - login (failure)&gt;, &lt;AuditLog: [2025-07-14 11:20:43.057293+00:00] None - login (failure)&gt;, &#x27;...(remaining elements truncated)...&#x27;]&gt;</pre></td>
E                           </tr>
E                         
E                       </tbody>
E                     </table>
E                     </details>
E                   
E                 </li>
E               
E                 
E                 <li class="frame django">
E                   
E                     <code class="fname">/Users/mohamedbechirdiarra/Downloads/prototypeGamma/Backend/venv/lib/python3.13/site-packages/django/db/models/base.py</code>, line 902, in save
E                   
E         
E                   
E                     <div class="context" id="c4438392128">
E                       
E                         <ol start="895" class="pre-context" id="pre4438392128">
E                         
E                           <li onclick="toggle('pre4438392128', 'post4438392128')"><pre>            for field in self._meta.concrete_fields:</pre></li>
E                         
E                           <li onclick="toggle('pre4438392128', 'post4438392128')"><pre>                if field not in pk_fields and not hasattr(field, &quot;through&quot;):</pre></li>
E                         
E                           <li onclick="toggle('pre4438392128', 'post4438392128')"><pre>                    field_names.add(field.attname)</pre></li>
E                         
E                           <li onclick="toggle('pre4438392128', 'post4438392128')"><pre>            loaded_fields = field_names.difference(deferred_non_generated_fields)</pre></li>
E                         
E                           <li onclick="toggle('pre4438392128', 'post4438392128')"><pre>            if loaded_fields:</pre></li>
E                         
E                           <li onclick="toggle('pre4438392128', 'post4438392128')"><pre>                update_fields = frozenset(loaded_fields)</pre></li>
E                         
E                           <li onclick="toggle('pre4438392128', 'post4438392128')"><pre></pre></li>
E                         
E                         </ol>
E                       
E                       <ol start="902" class="context-line">
E                         <li onclick="toggle('pre4438392128', 'post4438392128')"><pre>        self.save_base(
E                      ^</pre> <span>…</span></li>
E                       </ol>
E                       
E                         <ol start='903' class="post-context" id="post4438392128">
E                           
E                           <li onclick="toggle('pre4438392128', 'post4438392128')"><pre>            using=using,</pre></li>
E                           
E                           <li onclick="toggle('pre4438392128', 'post4438392128')"><pre>            force_insert=force_insert,</pre></li>
E                           
E                           <li onclick="toggle('pre4438392128', 'post4438392128')"><pre>            force_update=force_update,</pre></li>
E                           
E                           <li onclick="toggle('pre4438392128', 'post4438392128')"><pre>            update_fields=update_fields,</pre></li>
E                           
E                           <li onclick="toggle('pre4438392128', 'post4438392128')"><pre>        )</pre></li>
E                           
E                           <li onclick="toggle('pre4438392128', 'post4438392128')"><pre></pre></li>
E                           
E                       </ol>
E                       
E                     </div>
E                   
E         
E                   
E                     
E                       <details>
E                         <summary class="commands">Local vars</summary>
E                     
E                     <table class="vars" id="v4438392128">
E                       <thead>
E                         <tr>
E                           <th scope="col">Variable</th>
E                           <th scope="col">Value</th>
E                         </tr>
E                       </thead>
E                       <tbody>
E                         
E                           <tr>
E                             <td>args</td>
E                             <td class="code"><pre>()</pre></td>
E                           </tr>
E                         
E                           <tr>
E                             <td>deferred_non_generated_fields</td>
E                             <td class="code"><pre>set()</pre></td>
E                           </tr>
E                         
E                           <tr>
E                             <td>force_insert</td>
E                             <td class="code"><pre>True</pre></td>
E                           </tr>
E                         
E                           <tr>
E                             <td>force_update</td>
E                             <td class="code"><pre>False</pre></td>
E                           </tr>
E                         
E                           <tr>
E                             <td>self</td>
E                             <td class="code"><pre>&lt;AuditLog: [2025-07-14 11:43:30.791838+00:00] testuser_b0u62t (Client) - login (success)&gt;</pre></td>
E                           </tr>
E                         
E                           <tr>
E                             <td>update_fields</td>
E                             <td class="code"><pre>None</pre></td>
E                           </tr>
E                         
E                           <tr>
E                             <td>using</td>
E                             <td class="code"><pre>&#x27;default&#x27;</pre></td>
E                           </tr>
E                         
E                       </tbody>
E                     </table>
E                     </details>
E                   
E                 </li>
E               
E                 
E                 <li class="frame django">
E                   
E                     <code class="fname">/Users/mohamedbechirdiarra/Downloads/prototypeGamma/Backend/venv/lib/python3.13/site-packages/django/db/models/base.py</code>, line 1008, in save_base
E                   
E         
E                   
E                     <div class="context" id="c4438575168">
E                       
E                         <ol start="1001" class="pre-context" id="pre4438575168">
E                         
E                           <li onclick="toggle('pre4438575168', 'post4438575168')"><pre>            parent_inserted = False</pre></li>
E                         
E                           <li onclick="toggle('pre4438575168', 'post4438575168')"><pre>            if not raw:</pre></li>
E                         
E                           <li onclick="toggle('pre4438575168', 'post4438575168')"><pre>                # Validate force insert only when parents are inserted.</pre></li>
E                         
E                           <li onclick="toggle('pre4438575168', 'post4438575168')"><pre>                force_insert = self._validate_force_insert(force_insert)</pre></li>
E                         
E                           <li onclick="toggle('pre4438575168', 'post4438575168')"><pre>                parent_inserted = self._save_parents(</pre></li>
E                         
E                           <li onclick="toggle('pre4438575168', 'post4438575168')"><pre>                    cls, using, update_fields, force_insert</pre></li>
E                         
E                           <li onclick="toggle('pre4438575168', 'post4438575168')"><pre>                )</pre></li>
E                         
E                         </ol>
E                       
E                       <ol start="1008" class="context-line">
E                         <li onclick="toggle('pre4438575168', 'post4438575168')"><pre>            updated = self._save_table(
E                                     </pre> <span>…</span></li>
E                       </ol>
E                       
E                         <ol start='1009' class="post-context" id="post4438575168">
E                           
E                           <li onclick="toggle('pre4438575168', 'post4438575168')"><pre>                raw,</pre></li>
E                           
E                           <li onclick="toggle('pre4438575168', 'post4438575168')"><pre>                cls,</pre></li>
E                           
E                           <li onclick="toggle('pre4438575168', 'post4438575168')"><pre>                force_insert or parent_inserted,</pre></li>
E                           
E                           <li onclick="toggle('pre4438575168', 'post4438575168')"><pre>                force_update,</pre></li>
E                           
E                           <li onclick="toggle('pre4438575168', 'post4438575168')"><pre>                using,</pre></li>
E                           
E                           <li onclick="toggle('pre4438575168', 'post4438575168')"><pre>                update_fields,</pre></li>
E                           
E                       </ol>
E                       
E                     </div>
E                   
E         
E                   
E                     
E                       <details>
E                         <summary class="commands">Local vars</summary>
E                     
E                     <table class="vars" id="v4438575168">
E                       <thead>
E                         <tr>
E                           <th scope="col">Variable</th>
E                           <th scope="col">Value</th>
E                         </tr>
E                       </thead>
E                       <tbody>
E                         
E                           <tr>
E                             <td>cls</td>
E                             <td class="code"><pre>&lt;class &#x27;users.models.AuditLog&#x27;&gt;</pre></td>
E                           </tr>
E                         
E                           <tr>
E                             <td>context_manager</td>
E                             <td class="code"><pre>&lt;contextlib._GeneratorContextManager object at 0x108762e40&gt;</pre></td>
E                           </tr>
E                         
E                           <tr>
E                             <td>force_insert</td>
E                             <td class="code"><pre>(&lt;class &#x27;users.models.AuditLog&#x27;&gt;,)</pre></td>
E                           </tr>
E                         
E                           <tr>
E                             <td>force_update</td>
E                             <td class="code"><pre>False</pre></td>
E                           </tr>
E                         
E                           <tr>
E                             <td>meta</td>
E                             <td class="code"><pre>&lt;Options for AuditLog&gt;</pre></td>
E                           </tr>
E                         
E                           <tr>
E                             <td>origin</td>
E                             <td class="code"><pre>&lt;class &#x27;users.models.AuditLog&#x27;&gt;</pre></td>
E                           </tr>
E                         
E                           <tr>
E                             <td>parent_inserted</td>
E                             <td class="code"><pre>False</pre></td>
E                           </tr>
E                         
E                           <tr>
E                             <td>raw</td>
E                             <td class="code"><pre>False</pre></td>
E                           </tr>
E                         
E                           <tr>
E                             <td>self</td>
E                             <td class="code"><pre>&lt;AuditLog: [2025-07-14 11:43:30.791838+00:00] testuser_b0u62t (Client) - login (success)&gt;</pre></td>
E                           </tr>
E                         
E                           <tr>
E                             <td>update_fields</td>
E                             <td class="code"><pre>None</pre></td>
E                           </tr>
E                         
E                           <tr>
E                             <td>using</td>
E                             <td class="code"><pre>&#x27;default&#x27;</pre></td>
E                           </tr>
E                         
E                       </tbody>
E                     </table>
E                     </details>
E                   
E                 </li>
E               
E                 
E                 <li class="frame django">
E                   
E                     <code class="fname">/Users/mohamedbechirdiarra/Downloads/prototypeGamma/Backend/venv/lib/python3.13/site-packages/django/db/models/base.py</code>, line 1169, in _save_table
E                   
E         
E                   
E                     <div class="context" id="c4438587200">
E                       
E                         <ol start="1162" class="pre-context" id="pre4438587200">
E                         
E                           <li onclick="toggle('pre4438587200', 'post4438587200')"><pre>                )</pre></li>
E                         
E                           <li onclick="toggle('pre4438587200', 'post4438587200')"><pre>            fields = [</pre></li>
E                         
E                           <li onclick="toggle('pre4438587200', 'post4438587200')"><pre>                f</pre></li>
E                         
E                           <li onclick="toggle('pre4438587200', 'post4438587200')"><pre>                for f in meta.local_concrete_fields</pre></li>
E                         
E                           <li onclick="toggle('pre4438587200', 'post4438587200')"><pre>                if not f.generated and (pk_set or f is not meta.auto_field)</pre></li>
E                         
E                           <li onclick="toggle('pre4438587200', 'post4438587200')"><pre>            ]</pre></li>
E                         
E                           <li onclick="toggle('pre4438587200', 'post4438587200')"><pre>            returning_fields = meta.db_returning_fields</pre></li>
E                         
E                         </ol>
E                       
E                       <ol start="1169" class="context-line">
E                         <li onclick="toggle('pre4438587200', 'post4438587200')"><pre>            results = self._do_insert(
E                                     </pre> <span>…</span></li>
E                       </ol>
E                       
E                         <ol start='1170' class="post-context" id="post4438587200">
E                           
E                           <li onclick="toggle('pre4438587200', 'post4438587200')"><pre>                cls._base_manager, using, fields, returning_fields, raw</pre></li>
E                           
E                           <li onclick="toggle('pre4438587200', 'post4438587200')"><pre>            )</pre></li>
E                           
E                           <li onclick="toggle('pre4438587200', 'post4438587200')"><pre>            if results:</pre></li>
E                           
E                           <li onclick="toggle('pre4438587200', 'post4438587200')"><pre>                for value, field in zip(results[0], returning_fields):</pre></li>
E                           
E                           <li onclick="toggle('pre4438587200', 'post4438587200')"><pre>                    setattr(self, field.attname, value)</pre></li>
E                           
E                           <li onclick="toggle('pre4438587200', 'post4438587200')"><pre>        return updated</pre></li>
E                           
E                       </ol>
E                       
E                     </div>
E                   
E         
E                   
E                     
E                       <details>
E                         <summary class="commands">Local vars</summary>
E                     
E                     <table class="vars" id="v4438587200">
E                       <thead>
E                         <tr>
E                           <th scope="col">Variable</th>
E                           <th scope="col">Value</th>
E                         </tr>
E                       </thead>
E                       <tbody>
E                         
E                           <tr>
E                             <td>cls</td>
E                             <td class="code"><pre>&lt;class &#x27;users.models.AuditLog&#x27;&gt;</pre></td>
E                           </tr>
E                         
E                           <tr>
E                             <td>fields</td>
E                             <td class="code"><pre>[&lt;django.db.models.fields.related.ForeignKey: user&gt;,
E          &lt;django.db.models.fields.GenericIPAddressField: ip_address&gt;,
E          &lt;django.db.models.fields.TextField: user_agent&gt;,
E          &lt;django.db.models.fields.CharField: event_type&gt;,
E          &lt;django.db.models.fields.CharField: status&gt;,
E          &lt;django.db.models.fields.DateTimeField: timestamp&gt;,
E          &lt;django.db.models.fields.CharField: geo_country&gt;,
E          &lt;django.db.models.fields.CharField: geo_city&gt;,
E          &lt;django.db.models.fields.CharField: location&gt;,
E          &lt;django.db.models.fields.PositiveSmallIntegerField: risk_score&gt;,
E          &lt;django.db.models.fields.json.JSONField: metadata&gt;]</pre></td>
E                           </tr>
E                         
E                           <tr>
E                             <td>force_insert</td>
E                             <td class="code"><pre>(&lt;class &#x27;users.models.AuditLog&#x27;&gt;,)</pre></td>
E                           </tr>
E                         
E                           <tr>
E                             <td>force_update</td>
E                             <td class="code"><pre>False</pre></td>
E                           </tr>
E                         
E                           <tr>
E                             <td>meta</td>
E                             <td class="code"><pre>&lt;Options for AuditLog&gt;</pre></td>
E                           </tr>
E                         
E                           <tr>
E                             <td>non_pks_non_generated</td>
E                             <td class="code"><pre>[&lt;django.db.models.fields.related.ForeignKey: user&gt;,
E          &lt;django.db.models.fields.GenericIPAddressField: ip_address&gt;,
E          &lt;django.db.models.fields.TextField: user_agent&gt;,
E          &lt;django.db.models.fields.CharField: event_type&gt;,
E          &lt;django.db.models.fields.CharField: status&gt;,
E          &lt;django.db.models.fields.DateTimeField: timestamp&gt;,
E          &lt;django.db.models.fields.CharField: geo_country&gt;,
E          &lt;django.db.models.fields.CharField: geo_city&gt;,
E          &lt;django.db.models.fields.CharField: location&gt;,
E          &lt;django.db.models.fields.PositiveSmallIntegerField: risk_score&gt;,
E          &lt;django.db.models.fields.json.JSONField: metadata&gt;]</pre></td>
E                           </tr>
E                         
E                           <tr>
E                             <td>pk_fields</td>
E                             <td class="code"><pre>[&lt;django.db.models.fields.BigAutoField: id&gt;]</pre></td>
E                           </tr>
E                         
E                           <tr>
E                             <td>pk_set</td>
E                             <td class="code"><pre>False</pre></td>
E                           </tr>
E                         
E                           <tr>
E                             <td>pk_val</td>
E                             <td class="code"><pre>None</pre></td>
E                           </tr>
E                         
E                           <tr>
E                             <td>raw</td>
E                             <td class="code"><pre>False</pre></td>
E                           </tr>
E                         
E                           <tr>
E                             <td>returning_fields</td>
E                             <td class="code"><pre>[&lt;django.db.models.fields.BigAutoField: id&gt;]</pre></td>
E                           </tr>
E                         
E                           <tr>
E                             <td>self</td>
E                             <td class="code"><pre>&lt;AuditLog: [2025-07-14 11:43:30.791838+00:00] testuser_b0u62t (Client) - login (success)&gt;</pre></td>
E                           </tr>
E                         
E                           <tr>
E                             <td>update_fields</td>
E                             <td class="code"><pre>None</pre></td>
E                           </tr>
E                         
E                           <tr>
E                             <td>updated</td>
E                             <td class="code"><pre>False</pre></td>
E                           </tr>
E                         
E                           <tr>
E                             <td>using</td>
E                             <td class="code"><pre>&#x27;default&#x27;</pre></td>
E                           </tr>
E                         
E                       </tbody>
E                     </table>
E                     </details>
E                   
E                 </li>
E               
E                 
E                 <li class="frame django">
E                   
E                     <code class="fname">/Users/mohamedbechirdiarra/Downloads/prototypeGamma/Backend/venv/lib/python3.13/site-packages/django/db/models/base.py</code>, line 1210, in _do_insert
E                   
E         
E                   
E                     <div class="context" id="c4438587264">
E                       
E                         <ol start="1203" class="pre-context" id="pre4438587264">
E                         
E                           <li onclick="toggle('pre4438587264', 'post4438587264')"><pre>        return filtered._update(values) &gt; 0</pre></li>
E                         
E                           <li onclick="toggle('pre4438587264', 'post4438587264')"><pre></pre></li>
E                         
E                           <li onclick="toggle('pre4438587264', 'post4438587264')"><pre>    def _do_insert(self, manager, using, fields, returning_fields, raw):</pre></li>
E                         
E                           <li onclick="toggle('pre4438587264', 'post4438587264')"><pre>        &quot;&quot;&quot;</pre></li>
E                         
E                           <li onclick="toggle('pre4438587264', 'post4438587264')"><pre>        Do an INSERT. If returning_fields is defined then this method should</pre></li>
E                         
E                           <li onclick="toggle('pre4438587264', 'post4438587264')"><pre>        return the newly created data for the model.</pre></li>
E                         
E                           <li onclick="toggle('pre4438587264', 'post4438587264')"><pre>        &quot;&quot;&quot;</pre></li>
E                         
E                         </ol>
E                       
E                       <ol start="1210" class="context-line">
E                         <li onclick="toggle('pre4438587264', 'post4438587264')"><pre>        return manager._insert(
E                              </pre> <span>…</span></li>
E                       </ol>
E                       
E                         <ol start='1211' class="post-context" id="post4438587264">
E                           
E                           <li onclick="toggle('pre4438587264', 'post4438587264')"><pre>            [self],</pre></li>
E                           
E                           <li onclick="toggle('pre4438587264', 'post4438587264')"><pre>            fields=fields,</pre></li>
E                           
E                           <li onclick="toggle('pre4438587264', 'post4438587264')"><pre>            returning_fields=returning_fields,</pre></li>
E                           
E                           <li onclick="toggle('pre4438587264', 'post4438587264')"><pre>            using=using,</pre></li>
E                           
E                           <li onclick="toggle('pre4438587264', 'post4438587264')"><pre>            raw=raw,</pre></li>
E                           
E                           <li onclick="toggle('pre4438587264', 'post4438587264')"><pre>        )</pre></li>
E                           
E                       </ol>
E                       
E                     </div>
E                   
E         
E                   
E                     
E                       <details>
E                         <summary class="commands">Local vars</summary>
E                     
E                     <table class="vars" id="v4438587264">
E                       <thead>
E                         <tr>
E                           <th scope="col">Variable</th>
E                           <th scope="col">Value</th>
E                         </tr>
E                       </thead>
E                       <tbody>
E                         
E                           <tr>
E                             <td>fields</td>
E                             <td class="code"><pre>[&lt;django.db.models.fields.related.ForeignKey: user&gt;,
E          &lt;django.db.models.fields.GenericIPAddressField: ip_address&gt;,
E          &lt;django.db.models.fields.TextField: user_agent&gt;,
E          &lt;django.db.models.fields.CharField: event_type&gt;,
E          &lt;django.db.models.fields.CharField: status&gt;,
E          &lt;django.db.models.fields.DateTimeField: timestamp&gt;,
E          &lt;django.db.models.fields.CharField: geo_country&gt;,
E          &lt;django.db.models.fields.CharField: geo_city&gt;,
E          &lt;django.db.models.fields.CharField: location&gt;,
E          &lt;django.db.models.fields.PositiveSmallIntegerField: risk_score&gt;,
E          &lt;django.db.models.fields.json.JSONField: metadata&gt;]</pre></td>
E                           </tr>
E                         
E                           <tr>
E                             <td>manager</td>
E                             <td class="code"><pre>&lt;django.db.models.manager.Manager object at 0x108454b50&gt;</pre></td>
E                           </tr>
E                         
E                           <tr>
E                             <td>raw</td>
E                             <td class="code"><pre>False</pre></td>
E                           </tr>
E                         
E                           <tr>
E                             <td>returning_fields</td>
E                             <td class="code"><pre>[&lt;django.db.models.fields.BigAutoField: id&gt;]</pre></td>
E                           </tr>
E                         
E                           <tr>
E                             <td>self</td>
E                             <td class="code"><pre>&lt;AuditLog: [2025-07-14 11:43:30.791838+00:00] testuser_b0u62t (Client) - login (success)&gt;</pre></td>
E                           </tr>
E                         
E                           <tr>
E                             <td>using</td>
E                             <td class="code"><pre>&#x27;default&#x27;</pre></td>
E                           </tr>
E                         
E                       </tbody>
E                     </table>
E                     </details>
E                   
E                 </li>
E               
E                 
E                 <li class="frame django">
E                   
E                     <code class="fname">/Users/mohamedbechirdiarra/Downloads/prototypeGamma/Backend/venv/lib/python3.13/site-packages/django/db/models/manager.py</code>, line 87, in manager_method
E                   
E         
E                   
E                     <div class="context" id="c4437771200">
E                       
E                         <ol start="80" class="pre-context" id="pre4437771200">
E                         
E                           <li onclick="toggle('pre4437771200', 'post4437771200')"><pre>        return []</pre></li>
E                         
E                           <li onclick="toggle('pre4437771200', 'post4437771200')"><pre></pre></li>
E                         
E                           <li onclick="toggle('pre4437771200', 'post4437771200')"><pre>    @classmethod</pre></li>
E                         
E                           <li onclick="toggle('pre4437771200', 'post4437771200')"><pre>    def _get_queryset_methods(cls, queryset_class):</pre></li>
E                         
E                           <li onclick="toggle('pre4437771200', 'post4437771200')"><pre>        def create_method(name, method):</pre></li>
E                         
E                           <li onclick="toggle('pre4437771200', 'post4437771200')"><pre>            @wraps(method)</pre></li>
E                         
E                           <li onclick="toggle('pre4437771200', 'post4437771200')"><pre>            def manager_method(self, *args, **kwargs):</pre></li>
E                         
E                         </ol>
E                       
E                       <ol start="87" class="context-line">
E                         <li onclick="toggle('pre4437771200', 'post4437771200')"><pre>                return getattr(self.get_queryset(), name)(*args, **kwargs)
E                                    ^^^^^^^^^^^^^^^^^^^^^^^^^^^^^^^^^^^^^^^^^^^^^^^^^^^</pre> <span>…</span></li>
E                       </ol>
E                       
E                         <ol start='88' class="post-context" id="post4437771200">
E                           
E                           <li onclick="toggle('pre4437771200', 'post4437771200')"><pre></pre></li>
E                           
E                           <li onclick="toggle('pre4437771200', 'post4437771200')"><pre>            return manager_method</pre></li>
E                           
E                           <li onclick="toggle('pre4437771200', 'post4437771200')"><pre></pre></li>
E                           
E                           <li onclick="toggle('pre4437771200', 'post4437771200')"><pre>        new_methods = {}</pre></li>
E                           
E                           <li onclick="toggle('pre4437771200', 'post4437771200')"><pre>        for name, method in inspect.getmembers(</pre></li>
E                           
E                           <li onclick="toggle('pre4437771200', 'post4437771200')"><pre>            queryset_class, predicate=inspect.isfunction</pre></li>
E                           
E                       </ol>
E                       
E                     </div>
E                   
E         
E                   
E                     
E                       <details>
E                         <summary class="commands">Local vars</summary>
E                     
E                     <table class="vars" id="v4437771200">
E                       <thead>
E                         <tr>
E                           <th scope="col">Variable</th>
E                           <th scope="col">Value</th>
E                         </tr>
E                       </thead>
E                       <tbody>
E                         
E                           <tr>
E                             <td>args</td>
E                             <td class="code"><pre>([&lt;AuditLog: [2025-07-14 11:43:30.791838+00:00] testuser_b0u62t (Client) - login (success)&gt;],)</pre></td>
E                           </tr>
E                         
E                           <tr>
E                             <td>kwargs</td>
E                             <td class="code"><pre>{&#x27;fields&#x27;: [&lt;django.db.models.fields.related.ForeignKey: user&gt;,
E                     &lt;django.db.models.fields.GenericIPAddressField: ip_address&gt;,
E                     &lt;django.db.models.fields.TextField: user_agent&gt;,
E                     &lt;django.db.models.fields.CharField: event_type&gt;,
E                     &lt;django.db.models.fields.CharField: status&gt;,
E                     &lt;django.db.models.fields.DateTimeField: timestamp&gt;,
E                     &lt;django.db.models.fields.CharField: geo_country&gt;,
E                     &lt;django.db.models.fields.CharField: geo_city&gt;,
E                     &lt;django.db.models.fields.CharField: location&gt;,
E                     &lt;django.db.models.fields.PositiveSmallIntegerField: risk_score&gt;,
E                     &lt;django.db.models.fields.json.JSONField: metadata&gt;],
E          &#x27;raw&#x27;: False,
E          &#x27;returning_fields&#x27;: [&lt;django.db.models.fields.BigAutoField: id&gt;],
E          &#x27;using&#x27;: &#x27;default&#x27;}</pre></td>
E                           </tr>
E                         
E                           <tr>
E                             <td>name</td>
E                             <td class="code"><pre>&#x27;_insert&#x27;</pre></td>
E                           </tr>
E                         
E                           <tr>
E                             <td>self</td>
E                             <td class="code"><pre>&lt;django.db.models.manager.Manager object at 0x108454b50&gt;</pre></td>
E                           </tr>
E                         
E                       </tbody>
E                     </table>
E                     </details>
E                   
E                 </li>
E               
E                 
E                 <li class="frame django">
E                   
E                     <code class="fname">/Users/mohamedbechirdiarra/Downloads/prototypeGamma/Backend/venv/lib/python3.13/site-packages/django/db/models/query.py</code>, line 1868, in _insert
E                   
E         
E                   
E                     <div class="context" id="c4438584512">
E                       
E                         <ol start="1861" class="pre-context" id="pre4438584512">
E                         
E                           <li onclick="toggle('pre4438584512', 'post4438584512')"><pre>        query = sql.InsertQuery(</pre></li>
E                         
E                           <li onclick="toggle('pre4438584512', 'post4438584512')"><pre>            self.model,</pre></li>
E                         
E                           <li onclick="toggle('pre4438584512', 'post4438584512')"><pre>            on_conflict=on_conflict,</pre></li>
E                         
E                           <li onclick="toggle('pre4438584512', 'post4438584512')"><pre>            update_fields=update_fields,</pre></li>
E                         
E                           <li onclick="toggle('pre4438584512', 'post4438584512')"><pre>            unique_fields=unique_fields,</pre></li>
E                         
E                           <li onclick="toggle('pre4438584512', 'post4438584512')"><pre>        )</pre></li>
E                         
E                           <li onclick="toggle('pre4438584512', 'post4438584512')"><pre>        query.insert_values(fields, objs, raw=raw)</pre></li>
E                         
E                         </ol>
E                       
E                       <ol start="1868" class="context-line">
E                         <li onclick="toggle('pre4438584512', 'post4438584512')"><pre>        return query.get_compiler(using=using).execute_sql(returning_fields)
E                              ^^^^^^^^^^^^^^^^^^^^^^^^^^^^^^^^^^^^^^^^^^^^^^^^^^^^^^^^^^^^^</pre> <span>…</span></li>
E                       </ol>
E                       
E                         <ol start='1869' class="post-context" id="post4438584512">
E                           
E                           <li onclick="toggle('pre4438584512', 'post4438584512')"><pre></pre></li>
E                           
E                           <li onclick="toggle('pre4438584512', 'post4438584512')"><pre>    _insert.alters_data = True</pre></li>
E                           
E                           <li onclick="toggle('pre4438584512', 'post4438584512')"><pre>    _insert.queryset_only = False</pre></li>
E                           
E                           <li onclick="toggle('pre4438584512', 'post4438584512')"><pre></pre></li>
E                           
E                           <li onclick="toggle('pre4438584512', 'post4438584512')"><pre>    def _batched_insert(</pre></li>
E                           
E                           <li onclick="toggle('pre4438584512', 'post4438584512')"><pre>        self,</pre></li>
E                           
E                       </ol>
E                       
E                     </div>
E                   
E         
E                   
E                     
E                       <details>
E                         <summary class="commands">Local vars</summary>
E                     
E                     <table class="vars" id="v4438584512">
E                       <thead>
E                         <tr>
E                           <th scope="col">Variable</th>
E                           <th scope="col">Value</th>
E                         </tr>
E                       </thead>
E                       <tbody>
E                         
E                           <tr>
E                             <td>fields</td>
E                             <td class="code"><pre>[&lt;django.db.models.fields.related.ForeignKey: user&gt;,
E          &lt;django.db.models.fields.GenericIPAddressField: ip_address&gt;,
E          &lt;django.db.models.fields.TextField: user_agent&gt;,
E          &lt;django.db.models.fields.CharField: event_type&gt;,
E          &lt;django.db.models.fields.CharField: status&gt;,
E          &lt;django.db.models.fields.DateTimeField: timestamp&gt;,
E          &lt;django.db.models.fields.CharField: geo_country&gt;,
E          &lt;django.db.models.fields.CharField: geo_city&gt;,
E          &lt;django.db.models.fields.CharField: location&gt;,
E          &lt;django.db.models.fields.PositiveSmallIntegerField: risk_score&gt;,
E          &lt;django.db.models.fields.json.JSONField: metadata&gt;]</pre></td>
E                           </tr>
E                         
E                           <tr>
E                             <td>objs</td>
E                             <td class="code"><pre>[&lt;AuditLog: [2025-07-14 11:43:30.791838+00:00] testuser_b0u62t (Client) - login (success)&gt;]</pre></td>
E                           </tr>
E                         
E                           <tr>
E                             <td>on_conflict</td>
E                             <td class="code"><pre>None</pre></td>
E                           </tr>
E                         
E                           <tr>
E                             <td>query</td>
E                             <td class="code"><pre>&lt;django.db.models.sql.subqueries.InsertQuery object at 0x1088b0ad0&gt;</pre></td>
E                           </tr>
E                         
E                           <tr>
E                             <td>raw</td>
E                             <td class="code"><pre>False</pre></td>
E                           </tr>
E                         
E                           <tr>
E                             <td>returning_fields</td>
E                             <td class="code"><pre>[&lt;django.db.models.fields.BigAutoField: id&gt;]</pre></td>
E                           </tr>
E                         
E                           <tr>
E                             <td>self</td>
E                             <td class="code"><pre>&lt;QuerySet [&lt;AuditLog: [2025-07-14 11:20:26.143987+00:00] None - login (failure)&gt;, &lt;AuditLog: [2025-07-14 11:20:26.172163+00:00] None - login (failure)&gt;, &lt;AuditLog: [2025-07-14 11:20:26.440678+00:00] None - login (failure)&gt;, &lt;AuditLog: [2025-07-14 11:20:26.472641+00:00] None - login (failure)&gt;, &lt;AuditLog: [2025-07-14 11:20:42.818165+00:00] None - login (failure)&gt;, &lt;AuditLog: [2025-07-14 11:20:42.834927+00:00] None - login (failure)&gt;, &lt;AuditLog: [2025-07-14 11:20:42.840926+00:00] None - login (failure)&gt;, &lt;AuditLog: [2025-07-14 11:20:42.849907+00:00] None - login (failure)&gt;, &lt;AuditLog: [2025-07-14 11:20:42.855760+00:00] None - login (failure)&gt;, &lt;AuditLog: [2025-07-14 11:20:42.866003+00:00] None - login (failure)&gt;, &lt;AuditLog: [2025-07-14 11:20:42.871786+00:00] None - login (failure)&gt;, &lt;AuditLog: [2025-07-14 11:20:42.878738+00:00] None - login (failure)&gt;, &lt;AuditLog: [2025-07-14 11:20:42.887097+00:00] None - login (failure)&gt;, &lt;AuditLog: [2025-07-14 11:20:42.933562+00:00] None - login (failure)&gt;, &lt;AuditLog: [2025-07-14 11:20:42.948908+00:00] None - login (failure)&gt;, &lt;AuditLog: [2025-07-14 11:20:42.955057+00:00] None - login (failure)&gt;, &lt;AuditLog: [2025-07-14 11:20:43.030569+00:00] None - login (failure)&gt;, &lt;AuditLog: [2025-07-14 11:20:43.035801+00:00] None - login (failure)&gt;, &lt;AuditLog: [2025-07-14 11:20:43.041067+00:00] None - login (failure)&gt;, &lt;AuditLog: [2025-07-14 11:20:43.057293+00:00] None - login (failure)&gt;, &#x27;...(remaining elements truncated)...&#x27;]&gt;</pre></td>
E                           </tr>
E                         
E                           <tr>
E                             <td>unique_fields</td>
E                             <td class="code"><pre>None</pre></td>
E                           </tr>
E                         
E                           <tr>
E                             <td>update_fields</td>
E                             <td class="code"><pre>None</pre></td>
E                           </tr>
E                         
E                           <tr>
E                             <td>using</td>
E                             <td class="code"><pre>&#x27;default&#x27;</pre></td>
E                           </tr>
E                         
E                       </tbody>
E                     </table>
E                     </details>
E                   
E                 </li>
E               
E                 
E                 <li class="frame django">
E                   
E                     <code class="fname">/Users/mohamedbechirdiarra/Downloads/prototypeGamma/Backend/venv/lib/python3.13/site-packages/django/db/models/sql/compiler.py</code>, line 1894, in execute_sql
E                   
E         
E                   
E                     <div class="context" id="c4438581632">
E                       
E                         <ol start="1887" class="pre-context" id="pre4438581632">
E                         
E                           <li onclick="toggle('pre4438581632', 'post4438581632')"><pre>                and len(self.query.objs) &gt; 1</pre></li>
E                         
E                           <li onclick="toggle('pre4438581632', 'post4438581632')"><pre>            ):</pre></li>
E                         
E                           <li onclick="toggle('pre4438581632', 'post4438581632')"><pre>                rows = self.connection.ops.fetch_returned_insert_rows(cursor)</pre></li>
E                         
E                           <li onclick="toggle('pre4438581632', 'post4438581632')"><pre>                cols = [field.get_col(opts.db_table) for field in self.returning_fields]</pre></li>
E                         
E                           <li onclick="toggle('pre4438581632', 'post4438581632')"><pre>            elif self.connection.features.can_return_columns_from_insert:</pre></li>
E                         
E                           <li onclick="toggle('pre4438581632', 'post4438581632')"><pre>                assert len(self.query.objs) == 1</pre></li>
E                         
E                           <li onclick="toggle('pre4438581632', 'post4438581632')"><pre>                rows = [</pre></li>
E                         
E                         </ol>
E                       
E                       <ol start="1894" class="context-line">
E                         <li onclick="toggle('pre4438581632', 'post4438581632')"><pre>                    self.connection.ops.fetch_returned_insert_columns(
E                                   ^</pre> <span>…</span></li>
E                       </ol>
E                       
E                         <ol start='1895' class="post-context" id="post4438581632">
E                           
E                           <li onclick="toggle('pre4438581632', 'post4438581632')"><pre>                        cursor,</pre></li>
E                           
E                           <li onclick="toggle('pre4438581632', 'post4438581632')"><pre>                        self.returning_params,</pre></li>
E                           
E                           <li onclick="toggle('pre4438581632', 'post4438581632')"><pre>                    )</pre></li>
E                           
E                           <li onclick="toggle('pre4438581632', 'post4438581632')"><pre>                ]</pre></li>
E                           
E                           <li onclick="toggle('pre4438581632', 'post4438581632')"><pre>                cols = [field.get_col(opts.db_table) for field in self.returning_fields]</pre></li>
E                           
E                           <li onclick="toggle('pre4438581632', 'post4438581632')"><pre>            elif returning_fields and isinstance(</pre></li>
E                           
E                       </ol>
E                       
E                     </div>
E                   
E         
E                   
E                     
E                       <details>
E                         <summary class="commands">Local vars</summary>
E                     
E                     <table class="vars" id="v4438581632">
E                       <thead>
E                         <tr>
E                           <th scope="col">Variable</th>
E                           <th scope="col">Value</th>
E                         </tr>
E                       </thead>
E                       <tbody>
E                         
E                           <tr>
E                             <td>cols</td>
E                             <td class="code"><pre>[]</pre></td>
E                           </tr>
E                         
E                           <tr>
E                             <td>cursor</td>
E                             <td class="code"><pre>&lt;django.db.backends.utils.CursorDebugWrapper object at 0x1088b7cb0&gt;</pre></td>
E                           </tr>
E                         
E                           <tr>
E                             <td>opts</td>
E                             <td class="code"><pre>&lt;Options for AuditLog&gt;</pre></td>
E                           </tr>
E                         
E                           <tr>
E                             <td>params</td>
E                             <td class="code"><pre>(71,
E          &#x27;127.0.0.1&#x27;,
E          &#x27;python-requests/2.32.4&#x27;,
E          &#x27;login&#x27;,
E          &#x27;success&#x27;,
E          &#x27;2025-07-14 11:43:30.791838&#x27;,
E          &#x27;&#x27;,
E          &#x27;&#x27;,
E          None,
E          0,
E          &#x27;{}&#x27;)</pre></td>
E                           </tr>
E                         
E                           <tr>
E                             <td>returning_fields</td>
E                             <td class="code"><pre>[&lt;django.db.models.fields.BigAutoField: id&gt;]</pre></td>
E                           </tr>
E                         
E                           <tr>
E                             <td>self</td>
E                             <td class="code"><pre>&lt;SQLInsertCompiler model=AuditLog connection=&lt;DatabaseWrapper vendor=&#x27;sqlite&#x27; alias=&#x27;default&#x27;&gt; using=&#x27;default&#x27;&gt;</pre></td>
E                           </tr>
E                         
E                           <tr>
E                             <td>sql</td>
E                             <td class="code"><pre>(&#x27;INSERT INTO &quot;users_auditlog&quot; (&quot;user_id&quot;, &quot;ip_address&quot;, &quot;user_agent&quot;, &#x27;
E          &#x27;&quot;event_type&quot;, &quot;status&quot;, &quot;timestamp&quot;, &quot;geo_country&quot;, &quot;geo_city&quot;, &quot;location&quot;, &#x27;
E          &#x27;&quot;risk_score&quot;, &quot;metadata&quot;) VALUES (%s, %s, %s, %s, %s, %s, %s, %s, %s, %s, &#x27;
E          &#x27;%s) RETURNING &quot;users_auditlog&quot;.&quot;id&quot;&#x27;)</pre></td>
E                           </tr>
E                         
E                       </tbody>
E                     </table>
E                     </details>
E                   
E                 </li>
E               
E                 
E                 <li class="frame django">
E                   
E                     <code class="fname">/Users/mohamedbechirdiarra/Downloads/prototypeGamma/Backend/venv/lib/python3.13/site-packages/django/db/backends/base/operations.py</code>, line 215, in fetch_returned_insert_columns
E                   
E         
E                   
E                     <div class="context" id="c4438577024">
E                       
E                         <ol start="208" class="pre-context" id="pre4438577024">
E                         
E                           <li onclick="toggle('pre4438577024', 'post4438577024')"><pre>            return [&quot;DISTINCT&quot;], []</pre></li>
E                         
E                           <li onclick="toggle('pre4438577024', 'post4438577024')"><pre></pre></li>
E                         
E                           <li onclick="toggle('pre4438577024', 'post4438577024')"><pre>    def fetch_returned_insert_columns(self, cursor, returning_params):</pre></li>
E                         
E                           <li onclick="toggle('pre4438577024', 'post4438577024')"><pre>        &quot;&quot;&quot;</pre></li>
E                         
E                           <li onclick="toggle('pre4438577024', 'post4438577024')"><pre>        Given a cursor object that has just performed an INSERT...RETURNING</pre></li>
E                         
E                           <li onclick="toggle('pre4438577024', 'post4438577024')"><pre>        statement into a table, return the newly created data.</pre></li>
E                         
E                           <li onclick="toggle('pre4438577024', 'post4438577024')"><pre>        &quot;&quot;&quot;</pre></li>
E                         
E                         </ol>
E                       
E                       <ol start="215" class="context-line">
E                         <li onclick="toggle('pre4438577024', 'post4438577024')"><pre>        return cursor.fetchone()
E                             ^^^^^^^^^^^^^^^^^</pre> <span>…</span></li>
E                       </ol>
E                       
E                         <ol start='216' class="post-context" id="post4438577024">
E                           
E                           <li onclick="toggle('pre4438577024', 'post4438577024')"><pre></pre></li>
E                           
E                           <li onclick="toggle('pre4438577024', 'post4438577024')"><pre>    def field_cast_sql(self, db_type, internal_type):</pre></li>
E                           
E                           <li onclick="toggle('pre4438577024', 'post4438577024')"><pre>        &quot;&quot;&quot;</pre></li>
E                           
E                           <li onclick="toggle('pre4438577024', 'post4438577024')"><pre>        Given a column type (e.g. &#x27;BLOB&#x27;, &#x27;VARCHAR&#x27;) and an internal type</pre></li>
E                           
E                           <li onclick="toggle('pre4438577024', 'post4438577024')"><pre>        (e.g. &#x27;GenericIPAddressField&#x27;), return the SQL to cast it before using</pre></li>
E                           
E                           <li onclick="toggle('pre4438577024', 'post4438577024')"><pre>        it in a WHERE statement. The resulting string should contain a &#x27;%s&#x27;</pre></li>
E                           
E                       </ol>
E                       
E                     </div>
E                   
E         
E                   
E                     
E                       <details>
E                         <summary class="commands">Local vars</summary>
E                     
E                     <table class="vars" id="v4438577024">
E                       <thead>
E                         <tr>
E                           <th scope="col">Variable</th>
E                           <th scope="col">Value</th>
E                         </tr>
E                       </thead>
E                       <tbody>
E                         
E                           <tr>
E                             <td>cursor</td>
E                             <td class="code"><pre>&lt;django.db.backends.utils.CursorDebugWrapper object at 0x1088b7cb0&gt;</pre></td>
E                           </tr>
E                         
E                           <tr>
E                             <td>returning_params</td>
E                             <td class="code"><pre>()</pre></td>
E                           </tr>
E                         
E                           <tr>
E                             <td>self</td>
E                             <td class="code"><pre>&lt;django.db.backends.sqlite3.operations.DatabaseOperations object at 0x1088b7890&gt;</pre></td>
E                           </tr>
E                         
E                       </tbody>
E                     </table>
E                     </details>
E                   
E                 </li>
E               
E                 
E                 <li class="frame django">
E                   
E                     <code class="fname">/Users/mohamedbechirdiarra/Downloads/prototypeGamma/Backend/venv/lib/python3.13/site-packages/django/db/utils.py</code>, line 97, in inner
E                   
E         
E                   
E                     <div class="context" id="c4438580544">
E                       
E                         <ol start="90" class="pre-context" id="pre4438580544">
E                         
E                           <li onclick="toggle('pre4438580544', 'post4438580544')"><pre>                    self.wrapper.errors_occurred = True</pre></li>
E                         
E                           <li onclick="toggle('pre4438580544', 'post4438580544')"><pre>                raise dj_exc_value.with_traceback(traceback) from exc_value</pre></li>
E                         
E                           <li onclick="toggle('pre4438580544', 'post4438580544')"><pre></pre></li>
E                         
E                           <li onclick="toggle('pre4438580544', 'post4438580544')"><pre>    def __call__(self, func):</pre></li>
E                         
E                           <li onclick="toggle('pre4438580544', 'post4438580544')"><pre>        # Note that we are intentionally not using @wraps here for performance</pre></li>
E                         
E                           <li onclick="toggle('pre4438580544', 'post4438580544')"><pre>        # reasons. Refs #21109.</pre></li>
E                         
E                           <li onclick="toggle('pre4438580544', 'post4438580544')"><pre>        def inner(*args, **kwargs):</pre></li>
E                         
E                         </ol>
E                       
E                       <ol start="97" class="context-line">
E                         <li onclick="toggle('pre4438580544', 'post4438580544')"><pre>            with self:
E                              ^^^^</pre> <span>…</span></li>
E                       </ol>
E                       
E                         <ol start='98' class="post-context" id="post4438580544">
E                           
E                           <li onclick="toggle('pre4438580544', 'post4438580544')"><pre>                return func(*args, **kwargs)</pre></li>
E                           
E                           <li onclick="toggle('pre4438580544', 'post4438580544')"><pre></pre></li>
E                           
E                           <li onclick="toggle('pre4438580544', 'post4438580544')"><pre>        return inner</pre></li>
E                           
E                           <li onclick="toggle('pre4438580544', 'post4438580544')"><pre></pre></li>
E                           
E                           <li onclick="toggle('pre4438580544', 'post4438580544')"><pre></pre></li>
E                           
E                           <li onclick="toggle('pre4438580544', 'post4438580544')"><pre>def load_backend(backend_name):</pre></li>
E                           
E                       </ol>
E                       
E                     </div>
E                   
E         
E                   
E                     
E                       <details>
E                         <summary class="commands">Local vars</summary>
E                     
E                     <table class="vars" id="v4438580544">
E                       <thead>
E                         <tr>
E                           <th scope="col">Variable</th>
E                           <th scope="col">Value</th>
E                         </tr>
E                       </thead>
E                       <tbody>
E                         
E                           <tr>
E                             <td>args</td>
E                             <td class="code"><pre>()</pre></td>
E                           </tr>
E                         
E                           <tr>
E                             <td>func</td>
E                             <td class="code"><pre>&lt;built-in method fetchone of SQLiteCursorWrapper object at 0x1087b71d0&gt;</pre></td>
E                           </tr>
E                         
E                           <tr>
E                             <td>kwargs</td>
E                             <td class="code"><pre>{}</pre></td>
E                           </tr>
E                         
E                           <tr>
E                             <td>self</td>
E                             <td class="code"><pre>&lt;django.db.utils.DatabaseErrorWrapper object at 0x108789400&gt;</pre></td>
E                           </tr>
E                         
E                       </tbody>
E                     </table>
E                     </details>
E                   
E                 </li>
E               
E                 
E                 <li class="frame django">
E                   
E                     <code class="fname">/Users/mohamedbechirdiarra/Downloads/prototypeGamma/Backend/venv/lib/python3.13/site-packages/django/db/utils.py</code>, line 91, in __exit__
E                   
E         
E                   
E                     <div class="context" id="c4438573888">
E                       
E                         <ol start="84" class="pre-context" id="pre4438573888">
E                         
E                           <li onclick="toggle('pre4438573888', 'post4438573888')"><pre>            db_exc_type = getattr(self.wrapper.Database, dj_exc_type.__name__)</pre></li>
E                         
E                           <li onclick="toggle('pre4438573888', 'post4438573888')"><pre>            if issubclass(exc_type, db_exc_type):</pre></li>
E                         
E                           <li onclick="toggle('pre4438573888', 'post4438573888')"><pre>                dj_exc_value = dj_exc_type(*exc_value.args)</pre></li>
E                         
E                           <li onclick="toggle('pre4438573888', 'post4438573888')"><pre>                # Only set the &#x27;errors_occurred&#x27; flag for errors that may make</pre></li>
E                         
E                           <li onclick="toggle('pre4438573888', 'post4438573888')"><pre>                # the connection unusable.</pre></li>
E                         
E                           <li onclick="toggle('pre4438573888', 'post4438573888')"><pre>                if dj_exc_type not in (DataError, IntegrityError):</pre></li>
E                         
E                           <li onclick="toggle('pre4438573888', 'post4438573888')"><pre>                    self.wrapper.errors_occurred = True</pre></li>
E                         
E                         </ol>
E                       
E                       <ol start="91" class="context-line">
E                         <li onclick="toggle('pre4438573888', 'post4438573888')"><pre>                raise dj_exc_value.with_traceback(traceback) from exc_value
E                             ^^^^^^^^^^^^^^^^^^^^^^^^^^^^^^^^^^^^^^^^^^^^^^^^^^^^^^^^^^^</pre> <span>…</span></li>
E                       </ol>
E                       
E                         <ol start='92' class="post-context" id="post4438573888">
E                           
E                           <li onclick="toggle('pre4438573888', 'post4438573888')"><pre></pre></li>
E                           
E                           <li onclick="toggle('pre4438573888', 'post4438573888')"><pre>    def __call__(self, func):</pre></li>
E                           
E                           <li onclick="toggle('pre4438573888', 'post4438573888')"><pre>        # Note that we are intentionally not using @wraps here for performance</pre></li>
E                           
E                           <li onclick="toggle('pre4438573888', 'post4438573888')"><pre>        # reasons. Refs #21109.</pre></li>
E                           
E                           <li onclick="toggle('pre4438573888', 'post4438573888')"><pre>        def inner(*args, **kwargs):</pre></li>
E                           
E                           <li onclick="toggle('pre4438573888', 'post4438573888')"><pre>            with self:</pre></li>
E                           
E                       </ol>
E                       
E                     </div>
E                   
E         
E                   
E                     
E                       <details>
E                         <summary class="commands">Local vars</summary>
E                     
E                     <table class="vars" id="v4438573888">
E                       <thead>
E                         <tr>
E                           <th scope="col">Variable</th>
E                           <th scope="col">Value</th>
E                         </tr>
E                       </thead>
E                       <tbody>
E                         
E                           <tr>
E                             <td>db_exc_type</td>
E                             <td class="code"><pre>&lt;class &#x27;sqlite3.IntegrityError&#x27;&gt;</pre></td>
E                           </tr>
E                         
E                           <tr>
E                             <td>dj_exc_type</td>
E                             <td class="code"><pre>&lt;class &#x27;django.db.utils.IntegrityError&#x27;&gt;</pre></td>
E                           </tr>
E                         
E                           <tr>
E                             <td>dj_exc_value</td>
E                             <td class="code"><pre>IntegrityError(&#x27;FOREIGN KEY constraint failed&#x27;)</pre></td>
E                           </tr>
E                         
E                           <tr>
E                             <td>exc_type</td>
E                             <td class="code"><pre>&lt;class &#x27;sqlite3.IntegrityError&#x27;&gt;</pre></td>
E                           </tr>
E                         
E                           <tr>
E                             <td>exc_value</td>
E                             <td class="code"><pre>IntegrityError(&#x27;FOREIGN KEY constraint failed&#x27;)</pre></td>
E                           </tr>
E                         
E                           <tr>
E                             <td>self</td>
E                             <td class="code"><pre>&lt;django.db.utils.DatabaseErrorWrapper object at 0x108789400&gt;</pre></td>
E                           </tr>
E                         
E                           <tr>
E                             <td>traceback</td>
E                             <td class="code"><pre>&lt;traceback object at 0x1088f5d00&gt;</pre></td>
E                           </tr>
E                         
E                       </tbody>
E                     </table>
E                     </details>
E                   
E                 </li>
E               
E                 
E                 <li class="frame django">
E                   
E                     <code class="fname">/Users/mohamedbechirdiarra/Downloads/prototypeGamma/Backend/venv/lib/python3.13/site-packages/django/db/utils.py</code>, line 98, in inner
E                   
E         
E                   
E                     <div class="context" id="c4438580480">
E                       
E                         <ol start="91" class="pre-context" id="pre4438580480">
E                         
E                           <li onclick="toggle('pre4438580480', 'post4438580480')"><pre>                raise dj_exc_value.with_traceback(traceback) from exc_value</pre></li>
E                         
E                           <li onclick="toggle('pre4438580480', 'post4438580480')"><pre></pre></li>
E                         
E                           <li onclick="toggle('pre4438580480', 'post4438580480')"><pre>    def __call__(self, func):</pre></li>
E                         
E                           <li onclick="toggle('pre4438580480', 'post4438580480')"><pre>        # Note that we are intentionally not using @wraps here for performance</pre></li>
E                         
E                           <li onclick="toggle('pre4438580480', 'post4438580480')"><pre>        # reasons. Refs #21109.</pre></li>
E                         
E                           <li onclick="toggle('pre4438580480', 'post4438580480')"><pre>        def inner(*args, **kwargs):</pre></li>
E                         
E                           <li onclick="toggle('pre4438580480', 'post4438580480')"><pre>            with self:</pre></li>
E                         
E                         </ol>
E                       
E                       <ol start="98" class="context-line">
E                         <li onclick="toggle('pre4438580480', 'post4438580480')"><pre>                return func(*args, **kwargs)
E                                    ^^^^^^^^^^^^^^^^^^^^^</pre> <span>…</span></li>
E                       </ol>
E                       
E                         <ol start='99' class="post-context" id="post4438580480">
E                           
E                           <li onclick="toggle('pre4438580480', 'post4438580480')"><pre></pre></li>
E                           
E                           <li onclick="toggle('pre4438580480', 'post4438580480')"><pre>        return inner</pre></li>
E                           
E                           <li onclick="toggle('pre4438580480', 'post4438580480')"><pre></pre></li>
E                           
E                           <li onclick="toggle('pre4438580480', 'post4438580480')"><pre></pre></li>
E                           
E                           <li onclick="toggle('pre4438580480', 'post4438580480')"><pre>def load_backend(backend_name):</pre></li>
E                           
E                           <li onclick="toggle('pre4438580480', 'post4438580480')"><pre>    &quot;&quot;&quot;</pre></li>
E                           
E                       </ol>
E                       
E                     </div>
E                   
E         
E                   
E                     
E                       <details>
E                         <summary class="commands">Local vars</summary>
E                     
E                     <table class="vars" id="v4438580480">
E                       <thead>
E                         <tr>
E                           <th scope="col">Variable</th>
E                           <th scope="col">Value</th>
E                         </tr>
E                       </thead>
E                       <tbody>
E                         
E                           <tr>
E                             <td>args</td>
E                             <td class="code"><pre>()</pre></td>
E                           </tr>
E                         
E                           <tr>
E                             <td>func</td>
E                             <td class="code"><pre>&lt;built-in method fetchone of SQLiteCursorWrapper object at 0x1087b71d0&gt;</pre></td>
E                           </tr>
E                         
E                           <tr>
E                             <td>kwargs</td>
E                             <td class="code"><pre>{}</pre></td>
E                           </tr>
E                         
E                           <tr>
E                             <td>self</td>
E                             <td class="code"><pre>&lt;django.db.utils.DatabaseErrorWrapper object at 0x108789400&gt;</pre></td>
E                           </tr>
E                         
E                       </tbody>
E                     </table>
E                     </details>
E                   
E                 </li>
E               
E             </ul>
E           </div>
E         
E           <form action="https://dpaste.com/" name="pasteform" id="pasteform" method="post">
E           <div id="pastebinTraceback" class="pastebin">
E             <input type="hidden" name="language" value="PythonConsole">
E             <input type="hidden" name="title"
E               value="IntegrityError at /users/login/">
E             <input type="hidden" name="source" value="Django Dpaste Agent">
E             <input type="hidden" name="poster" value="Django">
E             <textarea name="content" id="traceback_area" cols="140" rows="25">
E         Environment:
E         
E         
E         Request Method: POST
E         Request URL: http://127.0.0.1:8000/users/login/
E         
E         Django Version: 5.2.4
E         Python Version: 3.13.5
E         Installed Applications:
E         [&#x27;django.contrib.admin&#x27;,
E          &#x27;django.contrib.auth&#x27;,
E          &#x27;django.contrib.contenttypes&#x27;,
E          &#x27;django.contrib.sessions&#x27;,
E          &#x27;django.contrib.messages&#x27;,
E          &#x27;django.contrib.staticfiles&#x27;,
E          &#x27;rest_framework&#x27;,
E          &#x27;corsheaders&#x27;,
E          &#x27;users&#x27;,
E          &#x27;depannage&#x27;,
E          &#x27;rest_framework_simplejwt&#x27;,
E          &#x27;rest_framework_simplejwt.token_blacklist&#x27;,
E          &#x27;channels&#x27;]
E         Installed Middleware:
E         [&#x27;corsheaders.middleware.CorsMiddleware&#x27;,
E          &#x27;django.middleware.security.SecurityMiddleware&#x27;,
E          &#x27;django.contrib.sessions.middleware.SessionMiddleware&#x27;,
E          &#x27;django.middleware.common.CommonMiddleware&#x27;,
E          &#x27;django.middleware.csrf.CsrfViewMiddleware&#x27;,
E          &#x27;django.contrib.auth.middleware.AuthenticationMiddleware&#x27;,
E          &#x27;django.contrib.messages.middleware.MessageMiddleware&#x27;,
E          &#x27;django.middleware.clickjacking.XFrameOptionsMiddleware&#x27;,
E          &#x27;auth.middleware.JWTSecurityMiddleware&#x27;,
E          &#x27;auth.middleware.TokenValidationMiddleware&#x27;]
E         
E         
E         
E         Traceback (most recent call last):
E           File "/Users/mohamedbechirdiarra/Downloads/prototypeGamma/Backend/venv/lib/python3.13/site-packages/django/db/utils.py", line 98, in inner
E             return func(*args, **kwargs)
E                    ^^^^^^^^^^^^^^^^^^^^^
E         
E         The above exception (FOREIGN KEY constraint failed) was the direct cause of the following exception:
E           File "/Users/mohamedbechirdiarra/Downloads/prototypeGamma/Backend/venv/lib/python3.13/site-packages/django/core/handlers/exception.py", line 42, in inner
E             response = await get_response(request)
E                        ^^^^^^^^^^^^^^^^^^^^^^^^^^^
E           File "/Users/mohamedbechirdiarra/Downloads/prototypeGamma/Backend/venv/lib/python3.13/site-packages/django/core/handlers/base.py", line 253, in _get_response_async
E             response = await wrapped_callback(
E                        
E           File "/Users/mohamedbechirdiarra/Downloads/prototypeGamma/Backend/venv/lib/python3.13/site-packages/django/views/decorators/csrf.py", line 65, in _view_wrapper
E             return view_func(request, *args, **kwargs)
E                    ^^^^^^^^^^^^^^^^^^^^^^^^^^^^^^^^^^^
E           File "/Users/mohamedbechirdiarra/Downloads/prototypeGamma/Backend/venv/lib/python3.13/site-packages/rest_framework/viewsets.py", line 125, in view
E             return self.dispatch(request, *args, **kwargs)
E                    ^^^^^^^^^^^^^^^^^^^^^^^^^^^^^^^^^^^^^^^
E           File "/Users/mohamedbechirdiarra/Downloads/prototypeGamma/Backend/users/views.py", line 641, in dispatch
E             return super().dispatch(request, *args, **kwargs)
E                    ^^^^^^^^^^^^^^^^^^^^^^^^^^^^^^^^^^^^^^^^^^
E           File "/Users/mohamedbechirdiarra/Downloads/prototypeGamma/Backend/venv/lib/python3.13/site-packages/rest_framework/views.py", line 515, in dispatch
E             response = self.handle_exception(exc)
E                        ^^^^^^^^^^^^^^^^^^^^^^^^^^
E           File "/Users/mohamedbechirdiarra/Downloads/prototypeGamma/Backend/venv/lib/python3.13/site-packages/rest_framework/views.py", line 475, in handle_exception
E             self.raise_uncaught_exception(exc)
E             ^^^^^^^^^^^^^^^^^^^^^^^^^^^^^^^^^^
E           File "/Users/mohamedbechirdiarra/Downloads/prototypeGamma/Backend/venv/lib/python3.13/site-packages/rest_framework/views.py", line 486, in raise_uncaught_exception
E             raise exc
E             ^^^^^^^^^
E           File "/Users/mohamedbechirdiarra/Downloads/prototypeGamma/Backend/venv/lib/python3.13/site-packages/rest_framework/views.py", line 512, in dispatch
E             response = handler(request, *args, **kwargs)
E                        ^^^^^^^^^^^^^^^^^^^^^^^^^^^^^^^^^
E           File "/Users/mohamedbechirdiarra/Downloads/prototypeGamma/Backend/users/views.py", line 382, in login
E             log_event(request, &#x27;login&#x27;, &#x27;success&#x27;, risk_score=risk_score, metadata={}, user=user)
E             ^^^^^^^^^^^^^^^^^^^^^^^^^^^^^^^^^^^^^^^^^^^^^^^^^^^^^^^^^^^^^^^^^^^^^^^^^^^^^^^^^^^^^
E           File "/Users/mohamedbechirdiarra/Downloads/prototypeGamma/Backend/users/utils.py", line 14, in log_event
E             AuditLog.objects.create(
E             ^
E           File "/Users/mohamedbechirdiarra/Downloads/prototypeGamma/Backend/venv/lib/python3.13/site-packages/django/db/models/manager.py", line 87, in manager_method
E             return getattr(self.get_queryset(), name)(*args, **kwargs)
E                    ^^^^^^^^^^^^^^^^^^^^^^^^^^^^^^^^^^^^^^^^^^^^^^^^^^^
E           File "/Users/mohamedbechirdiarra/Downloads/prototypeGamma/Backend/venv/lib/python3.13/site-packages/django/db/models/query.py", line 663, in create
E             obj.save(force_insert=True, using=self.db)
E             ^^^^^^^^^^^^^^^^^^^^^^^^^^^^^^^^^^^^^^^^^^
E           File "/Users/mohamedbechirdiarra/Downloads/prototypeGamma/Backend/venv/lib/python3.13/site-packages/django/db/models/base.py", line 902, in save
E             self.save_base(
E             ^
E           File "/Users/mohamedbechirdiarra/Downloads/prototypeGamma/Backend/venv/lib/python3.13/site-packages/django/db/models/base.py", line 1008, in save_base
E             updated = self._save_table(
E                       
E           File "/Users/mohamedbechirdiarra/Downloads/prototypeGamma/Backend/venv/lib/python3.13/site-packages/django/db/models/base.py", line 1169, in _save_table
E             results = self._do_insert(
E                       
E           File "/Users/mohamedbechirdiarra/Downloads/prototypeGamma/Backend/venv/lib/python3.13/site-packages/django/db/models/base.py", line 1210, in _do_insert
E             return manager._insert(
E                    
E           File "/Users/mohamedbechirdiarra/Downloads/prototypeGamma/Backend/venv/lib/python3.13/site-packages/django/db/models/manager.py", line 87, in manager_method
E             return getattr(self.get_queryset(), name)(*args, **kwargs)
E                    ^^^^^^^^^^^^^^^^^^^^^^^^^^^^^^^^^^^^^^^^^^^^^^^^^^^
E           File "/Users/mohamedbechirdiarra/Downloads/prototypeGamma/Backend/venv/lib/python3.13/site-packages/django/db/models/query.py", line 1868, in _insert
E             return query.get_compiler(using=using).execute_sql(returning_fields)
E                    ^^^^^^^^^^^^^^^^^^^^^^^^^^^^^^^^^^^^^^^^^^^^^^^^^^^^^^^^^^^^^
E           File "/Users/mohamedbechirdiarra/Downloads/prototypeGamma/Backend/venv/lib/python3.13/site-packages/django/db/models/sql/compiler.py", line 1894, in execute_sql
E             self.connection.ops.fetch_returned_insert_columns(
E             ^
E           File "/Users/mohamedbechirdiarra/Downloads/prototypeGamma/Backend/venv/lib/python3.13/site-packages/django/db/backends/base/operations.py", line 215, in fetch_returned_insert_columns
E             return cursor.fetchone()
E                    ^^^^^^^^^^^^^^^^^
E           File "/Users/mohamedbechirdiarra/Downloads/prototypeGamma/Backend/venv/lib/python3.13/site-packages/django/db/utils.py", line 97, in inner
E             with self:
E                  ^^^^
E           File "/Users/mohamedbechirdiarra/Downloads/prototypeGamma/Backend/venv/lib/python3.13/site-packages/django/db/utils.py", line 91, in __exit__
E             raise dj_exc_value.with_traceback(traceback) from exc_value
E             ^^^^^^^^^^^^^^^^^^^^^^^^^^^^^^^^^^^^^^^^^^^^^^^^^^^^^^^^^^^
E           File "/Users/mohamedbechirdiarra/Downloads/prototypeGamma/Backend/venv/lib/python3.13/site-packages/django/db/utils.py", line 98, in inner
E             return func(*args, **kwargs)
E                    ^^^^^^^^^^^^^^^^^^^^^
E         
E         Exception Type: IntegrityError at /users/login/
E         Exception Value: FOREIGN KEY constraint failed
E         </textarea>
E           <br><br>
E           <input type="submit" value="Share this traceback on a public website">
E           </div>
E         </form>
E         
E         </div>
E         
E         
E         <div id="requestinfo">
E           <h2>Request information</h2>
E         
E         
E           
E             <h3 id="user-info">USER</h3>
E             <p>AnonymousUser</p>
E           
E         
E           <h3 id="get-info">GET</h3>
E           
E             <p>No GET data</p>
E           
E         
E           <h3 id="post-info">POST</h3>
E           
E             <p>No POST data</p>
E           
E         
E           <h3 id="files-info">FILES</h3>
E           
E             <p>No FILES data</p>
E           
E         
E           <h3 id="cookie-info">COOKIES</h3>
E           
E             <p>No cookie data</p>
E           
E         
E           <h3 id="meta-info">META</h3>
E           <table class="req">
E             <thead>
E               <tr>
E                 <th scope="col">Variable</th>
E                 <th scope="col">Value</th>
E               </tr>
E             </thead>
E             <tbody>
E               
E                 <tr>
E                   <td>CONTENT_LENGTH</td>
E                   <td class="code"><pre>&#x27;69&#x27;</pre></td>
E                 </tr>
E               
E                 <tr>
E                   <td>CONTENT_TYPE</td>
E                   <td class="code"><pre>&#x27;application/json&#x27;</pre></td>
E                 </tr>
E               
E                 <tr>
E                   <td>HTTP_ACCEPT</td>
E                   <td class="code"><pre>&#x27;*/*&#x27;</pre></td>
E                 </tr>
E               
E                 <tr>
E                   <td>HTTP_ACCEPT_ENCODING</td>
E                   <td class="code"><pre>&#x27;gzip, deflate&#x27;</pre></td>
E                 </tr>
E               
E                 <tr>
E                   <td>HTTP_CONNECTION</td>
E                   <td class="code"><pre>&#x27;keep-alive&#x27;</pre></td>
E                 </tr>
E               
E                 <tr>
E                   <td>HTTP_HOST</td>
E                   <td class="code"><pre>&#x27;127.0.0.1:8000&#x27;</pre></td>
E                 </tr>
E               
E                 <tr>
E                   <td>HTTP_USER_AGENT</td>
E                   <td class="code"><pre>&#x27;python-requests/2.32.4&#x27;</pre></td>
E                 </tr>
E               
E                 <tr>
E                   <td>PATH_INFO</td>
E                   <td class="code"><pre>&#x27;/users/login/&#x27;</pre></td>
E                 </tr>
E               
E                 <tr>
E                   <td>QUERY_STRING</td>
E                   <td class="code"><pre>&#x27;&#x27;</pre></td>
E                 </tr>
E               
E                 <tr>
E                   <td>REMOTE_ADDR</td>
E                   <td class="code"><pre>&#x27;127.0.0.1&#x27;</pre></td>
E                 </tr>
E               
E                 <tr>
E                   <td>REMOTE_HOST</td>
E                   <td class="code"><pre>&#x27;127.0.0.1&#x27;</pre></td>
E                 </tr>
E               
E                 <tr>
E                   <td>REMOTE_PORT</td>
E                   <td class="code"><pre>53768</pre></td>
E                 </tr>
E               
E                 <tr>
E                   <td>REQUEST_METHOD</td>
E                   <td class="code"><pre>&#x27;POST&#x27;</pre></td>
E                 </tr>
E               
E                 <tr>
E                   <td>SCRIPT_NAME</td>
E                   <td class="code"><pre>&#x27;&#x27;</pre></td>
E                 </tr>
E               
E                 <tr>
E                   <td>SERVER_NAME</td>
E                   <td class="code"><pre>&#x27;127.0.0.1&#x27;</pre></td>
E                 </tr>
E               
E                 <tr>
E                   <td>SERVER_PORT</td>
E                   <td class="code"><pre>&#x27;8000&#x27;</pre></td>
E                 </tr>
E               
E                 <tr>
E                   <td>wsgi.multiprocess</td>
E                   <td class="code"><pre>True</pre></td>
E                 </tr>
E               
E                 <tr>
E                   <td>wsgi.multithread</td>
E                   <td class="code"><pre>True</pre></td>
E                 </tr>
E               
E             </tbody>
E           </table>
E         
E         
E           <h3 id="settings-info">Settings</h3>
E           <h4>Using settings module <code>Backend.auth.settings</code></h4>
E           <table class="req">
E             <thead>
E               <tr>
E                 <th scope="col">Setting</th>
E                 <th scope="col">Value</th>
E               </tr>
E             </thead>
E             <tbody>
E               
E                 <tr>
E                   <td>ABSOLUTE_URL_OVERRIDES</td>
E                   <td class="code"><pre>{}</pre></td>
E                 </tr>
E               
E                 <tr>
E                   <td>ADMINS</td>
E                   <td class="code"><pre>[]</pre></td>
E                 </tr>
E               
E                 <tr>
E                   <td>ALLOWED_HOSTS</td>
E                   <td class="code"><pre>[&#x27;127.0.0.1&#x27;, &#x27;localhost&#x27;, &#x27;testserver&#x27;]</pre></td>
E                 </tr>
E               
E                 <tr>
E                   <td>APPEND_SLASH</td>
E                   <td class="code"><pre>True</pre></td>
E                 </tr>
E               
E                 <tr>
E                   <td>ASGI_APPLICATION</td>
E                   <td class="code"><pre>&#x27;auth.asgi.application&#x27;</pre></td>
E                 </tr>
E               
E                 <tr>
E                   <td>AUTHENTICATION_BACKENDS</td>
E                   <td class="code"><pre>&#x27;********************&#x27;</pre></td>
E                 </tr>
E               
E                 <tr>
E                   <td>AUTH_PASSWORD_VALIDATORS</td>
E                   <td class="code"><pre>&#x27;********************&#x27;</pre></td>
E                 </tr>
E               
E                 <tr>
E                   <td>AUTH_USER_MODEL</td>
E                   <td class="code"><pre>&#x27;********************&#x27;</pre></td>
E                 </tr>
E               
E                 <tr>
E                   <td>BASE_DIR</td>
E                   <td class="code"><pre>PosixPath(&#x27;/Users/mohamedbechirdiarra/Downloads/prototypeGamma/Backend&#x27;)</pre></td>
E                 </tr>
E               
E                 <tr>
E                   <td>BASE_URL</td>
E                   <td class="code"><pre>&#x27;http://127.0.0.1:8000&#x27;</pre></td>
E                 </tr>
E               
E                 <tr>
E                   <td>CACHES</td>
E                   <td class="code"><pre>{&#x27;default&#x27;: {&#x27;BACKEND&#x27;: &#x27;django.core.cache.backends.locmem.LocMemCache&#x27;,
E                      &#x27;LOCATION&#x27;: &#x27;unique-snowflake&#x27;,
E                      &#x27;OPTIONS&#x27;: {&#x27;MAX_ENTRIES&#x27;: 1000},
E                      &#x27;TIMEOUT&#x27;: 300}}</pre></td>
E                 </tr>
E               
E                 <tr>
E                   <td>CACHE_MIDDLEWARE_ALIAS</td>
E                   <td class="code"><pre>&#x27;default&#x27;</pre></td>
E                 </tr>
E               
E                 <tr>
E                   <td>CACHE_MIDDLEWARE_KEY_PREFIX</td>
E                   <td class="code"><pre>&#x27;********************&#x27;</pre></td>
E                 </tr>
E               
E                 <tr>
E                   <td>CACHE_MIDDLEWARE_SECONDS</td>
E                   <td class="code"><pre>600</pre></td>
E                 </tr>
E               
E                 <tr>
E                   <td>CHANNEL_LAYERS</td>
E                   <td class="code"><pre>{&#x27;default&#x27;: {&#x27;BACKEND&#x27;: &#x27;channels.layers.InMemoryChannelLayer&#x27;}}</pre></td>
E                 </tr>
E               
E                 <tr>
E                   <td>CINETPAY_API_KEY</td>
E                   <td class="code"><pre>&#x27;********************&#x27;</pre></td>
E                 </tr>
E               
E                 <tr>
E                   <td>CINETPAY_CONFIG</td>
E                   <td class="code"><pre>{&#x27;API_KEY&#x27;: &#x27;********************&#x27;,
E          &#x27;API_URL&#x27;: &#x27;********************&#x27;,
E          &#x27;CURRENCY&#x27;: &#x27;XOF&#x27;,
E          &#x27;ENVIRONMENT&#x27;: &#x27;Production&#x27;,
E          &#x27;LANG&#x27;: &#x27;fr&#x27;,
E          &#x27;MODE&#x27;: &#x27;PRODUCTION&#x27;,
E          &#x27;SECRET_KEY&#x27;: &#x27;********************&#x27;,
E          &#x27;SITE_ID&#x27;: &#x27;105899471&#x27;,
E          &#x27;USE_SIMULATOR&#x27;: False}</pre></td>
E                 </tr>
E               
E                 <tr>
E                   <td>CINETPAY_ENVIRONMENT</td>
E                   <td class="code"><pre>&#x27;Production&#x27;</pre></td>
E                 </tr>
E               
E                 <tr>
E                   <td>CINETPAY_SECRET_KEY</td>
E                   <td class="code"><pre>&#x27;********************&#x27;</pre></td>
E                 </tr>
E               
E                 <tr>
E                   <td>CINETPAY_SITE_ID</td>
E                   <td class="code"><pre>&#x27;105899471&#x27;</pre></td>
E                 </tr>
E               
E                 <tr>
E                   <td>CINETPAY_USE_SIMULATOR</td>
E                   <td class="code"><pre>False</pre></td>
E                 </tr>
E               
E                 <tr>
E                   <td>CORS_ALLOWED_HEADERS</td>
E                   <td class="code"><pre>[&#x27;Content-Type&#x27;, &#x27;Authorization&#x27;, &#x27;X-Requested-With&#x27;]</pre></td>
E                 </tr>
E               
E                 <tr>
E                   <td>CORS_ALLOWED_METHODS</td>
E                   <td class="code"><pre>[&#x27;GET&#x27;, &#x27;POST&#x27;, &#x27;PUT&#x27;, &#x27;DELETE&#x27;, &#x27;OPTIONS&#x27;]</pre></td>
E                 </tr>
E               
E                 <tr>
E                   <td>CORS_ALLOWED_ORIGINS</td>
E                   <td class="code"><pre>[&#x27;http://localhost:5173&#x27;,
E          &#x27;http://127.0.0.1:5173&#x27;,
E          &#x27;http://localhost:8000&#x27;,
E          &#x27;http://127.0.0.1:8000&#x27;]</pre></td>
E                 </tr>
E               
E                 <tr>
E                   <td>CORS_ALLOW_ALL_ORIGINS</td>
E                   <td class="code"><pre>True</pre></td>
E                 </tr>
E               
E                 <tr>
E                   <td>CORS_ALLOW_CREDENTIALS</td>
E                   <td class="code"><pre>True</pre></td>
E                 </tr>
E               
E                 <tr>
E                   <td>CSRF_COOKIE_AGE</td>
E                   <td class="code"><pre>31449600</pre></td>
E                 </tr>
E               
E                 <tr>
E                   <td>CSRF_COOKIE_DOMAIN</td>
E                   <td class="code"><pre>None</pre></td>
E                 </tr>
E               
E                 <tr>
E                   <td>CSRF_COOKIE_HTTPONLY</td>
E                   <td class="code"><pre>True</pre></td>
E                 </tr>
E               
E                 <tr>
E                   <td>CSRF_COOKIE_NAME</td>
E                   <td class="code"><pre>&#x27;csrftoken&#x27;</pre></td>
E                 </tr>
E               
E                 <tr>
E                   <td>CSRF_COOKIE_PATH</td>
E                   <td class="code"><pre>&#x27;/&#x27;</pre></td>
E                 </tr>
E               
E                 <tr>
E                   <td>CSRF_COOKIE_SAMESITE</td>
E                   <td class="code"><pre>&#x27;Lax&#x27;</pre></td>
E                 </tr>
E               
E                 <tr>
E                   <td>CSRF_COOKIE_SECURE</td>
E                   <td class="code"><pre>True</pre></td>
E                 </tr>
E               
E                 <tr>
E                   <td>CSRF_FAILURE_VIEW</td>
E                   <td class="code"><pre>&#x27;django.views.csrf.csrf_failure&#x27;</pre></td>
E                 </tr>
E               
E                 <tr>
E                   <td>CSRF_HEADER_NAME</td>
E                   <td class="code"><pre>&#x27;HTTP_X_CSRFTOKEN&#x27;</pre></td>
E                 </tr>
E               
E                 <tr>
E                   <td>CSRF_TRUSTED_ORIGINS</td>
E                   <td class="code"><pre>[&#x27;http://localhost:3000&#x27;, &#x27;http://127.0.0.1:3000&#x27;]</pre></td>
E                 </tr>
E               
E                 <tr>
E                   <td>CSRF_USE_SESSIONS</td>
E                   <td class="code"><pre>False</pre></td>
E                 </tr>
E               
E                 <tr>
E                   <td>DATABASES</td>
E                   <td class="code"><pre>{&#x27;default&#x27;: {&#x27;ATOMIC_REQUESTS&#x27;: False,
E                      &#x27;AUTOCOMMIT&#x27;: True,
E                      &#x27;CONN_HEALTH_CHECKS&#x27;: False,
E                      &#x27;CONN_MAX_AGE&#x27;: 0,
E                      &#x27;ENGINE&#x27;: &#x27;django.db.backends.sqlite3&#x27;,
E                      &#x27;HOST&#x27;: &#x27;&#x27;,
E                      &#x27;NAME&#x27;: PosixPath(&#x27;/Users/mohamedbechirdiarra/Downloads/prototypeGamma/Backend/db.sqlite3&#x27;),
E                      &#x27;OPTIONS&#x27;: {},
E                      &#x27;PASSWORD&#x27;: &#x27;********************&#x27;,
E                      &#x27;PORT&#x27;: &#x27;&#x27;,
E                      &#x27;TEST&#x27;: {&#x27;CHARSET&#x27;: None,
E                               &#x27;COLLATION&#x27;: None,
E                               &#x27;MIGRATE&#x27;: True,
E                               &#x27;MIRROR&#x27;: None,
E                               &#x27;NAME&#x27;: None},
E                      &#x27;TIME_ZONE&#x27;: None,
E                      &#x27;USER&#x27;: &#x27;&#x27;}}</pre></td>
E                 </tr>
E               
E                 <tr>
E                   <td>DATABASE_ROUTERS</td>
E                   <td class="code"><pre>[]</pre></td>
E                 </tr>
E               
E                 <tr>
E                   <td>DATA_UPLOAD_MAX_MEMORY_SIZE</td>
E                   <td class="code"><pre>2621440</pre></td>
E                 </tr>
E               
E                 <tr>
E                   <td>DATA_UPLOAD_MAX_NUMBER_FIELDS</td>
E                   <td class="code"><pre>1000</pre></td>
E                 </tr>
E               
E                 <tr>
E                   <td>DATA_UPLOAD_MAX_NUMBER_FILES</td>
E                   <td class="code"><pre>100</pre></td>
E                 </tr>
E               
E                 <tr>
E                   <td>DATETIME_FORMAT</td>
E                   <td class="code"><pre>&#x27;N j, Y, P&#x27;</pre></td>
E                 </tr>
E               
E                 <tr>
E                   <td>DATETIME_INPUT_FORMATS</td>
E                   <td class="code"><pre>[&#x27;%Y-%m-%d %H:%M:%S&#x27;,
E          &#x27;%Y-%m-%d %H:%M:%S.%f&#x27;,
E          &#x27;%Y-%m-%d %H:%M&#x27;,
E          &#x27;%m/%d/%Y %H:%M:%S&#x27;,
E          &#x27;%m/%d/%Y %H:%M:%S.%f&#x27;,
E          &#x27;%m/%d/%Y %H:%M&#x27;,
E          &#x27;%m/%d/%y %H:%M:%S&#x27;,
E          &#x27;%m/%d/%y %H:%M:%S.%f&#x27;,
E          &#x27;%m/%d/%y %H:%M&#x27;]</pre></td>
E                 </tr>
E               
E                 <tr>
E                   <td>DATE_FORMAT</td>
E                   <td class="code"><pre>&#x27;N j, Y&#x27;</pre></td>
E                 </tr>
E               
E                 <tr>
E                   <td>DATE_INPUT_FORMATS</td>
E                   <td class="code"><pre>[&#x27;%Y-%m-%d&#x27;,
E          &#x27;%m/%d/%Y&#x27;,
E          &#x27;%m/%d/%y&#x27;,
E          &#x27;%b %d %Y&#x27;,
E          &#x27;%b %d, %Y&#x27;,
E          &#x27;%d %b %Y&#x27;,
E          &#x27;%d %b, %Y&#x27;,
E          &#x27;%B %d %Y&#x27;,
E          &#x27;%B %d, %Y&#x27;,
E          &#x27;%d %B %Y&#x27;,
E          &#x27;%d %B, %Y&#x27;]</pre></td>
E                 </tr>
E               
E                 <tr>
E                   <td>DEBUG</td>
E                   <td class="code"><pre>True</pre></td>
E                 </tr>
E               
E                 <tr>
E                   <td>DEBUG_PROPAGATE_EXCEPTIONS</td>
E                   <td class="code"><pre>False</pre></td>
E                 </tr>
E               
E                 <tr>
E                   <td>DECIMAL_SEPARATOR</td>
E                   <td class="code"><pre>&#x27;.&#x27;</pre></td>
E                 </tr>
E               
E                 <tr>
E                   <td>DEFAULT_AUTO_FIELD</td>
E                   <td class="code"><pre>&#x27;django.db.models.BigAutoField&#x27;</pre></td>
E                 </tr>
E               
E                 <tr>
E                   <td>DEFAULT_CHARSET</td>
E                   <td class="code"><pre>&#x27;utf-8&#x27;</pre></td>
E                 </tr>
E               
E                 <tr>
E                   <td>DEFAULT_EXCEPTION_REPORTER</td>
E                   <td class="code"><pre>&#x27;django.views.debug.ExceptionReporter&#x27;</pre></td>
E                 </tr>
E               
E                 <tr>
E                   <td>DEFAULT_EXCEPTION_REPORTER_FILTER</td>
E                   <td class="code"><pre>&#x27;django.views.debug.SafeExceptionReporterFilter&#x27;</pre></td>
E                 </tr>
E               
E                 <tr>
E                   <td>DEFAULT_FROM_EMAIL</td>
E                   <td class="code"><pre>&#x27;webmaster@localhost&#x27;</pre></td>
E                 </tr>
E               
E                 <tr>
E                   <td>DEFAULT_INDEX_TABLESPACE</td>
E                   <td class="code"><pre>&#x27;&#x27;</pre></td>
E                 </tr>
E               
E                 <tr>
E                   <td>DEFAULT_TABLESPACE</td>
E                   <td class="code"><pre>&#x27;&#x27;</pre></td>
E                 </tr>
E               
E                 <tr>
E                   <td>DISALLOWED_USER_AGENTS</td>
E                   <td class="code"><pre>[]</pre></td>
E                 </tr>
E               
E                 <tr>
E                   <td>EMAIL_BACKEND</td>
E                   <td class="code"><pre>&#x27;django.core.mail.backends.console.EmailBackend&#x27;</pre></td>
E                 </tr>
E               
E                 <tr>
E                   <td>EMAIL_HOST</td>
E                   <td class="code"><pre>&#x27;localhost&#x27;</pre></td>
E                 </tr>
E               
E                 <tr>
E                   <td>EMAIL_HOST_PASSWORD</td>
E                   <td class="code"><pre>&#x27;********************&#x27;</pre></td>
E                 </tr>
E               
E                 <tr>
E                   <td>EMAIL_HOST_USER</td>
E                   <td class="code"><pre>&#x27;&#x27;</pre></td>
E                 </tr>
E               
E                 <tr>
E                   <td>EMAIL_PORT</td>
E                   <td class="code"><pre>1025</pre></td>
E                 </tr>
E               
E                 <tr>
E                   <td>EMAIL_SSL_CERTFILE</td>
E                   <td class="code"><pre>None</pre></td>
E                 </tr>
E               
E                 <tr>
E                   <td>EMAIL_SSL_KEYFILE</td>
E                   <td class="code"><pre>&#x27;********************&#x27;</pre></td>
E                 </tr>
E               
E                 <tr>
E                   <td>EMAIL_SUBJECT_PREFIX</td>
E                   <td class="code"><pre>&#x27;[Django] &#x27;</pre></td>
E                 </tr>
E               
E                 <tr>
E                   <td>EMAIL_TIMEOUT</td>
E                   <td class="code"><pre>None</pre></td>
E                 </tr>
E               
E                 <tr>
E                   <td>EMAIL_USE_LOCALTIME</td>
E                   <td class="code"><pre>False</pre></td>
E                 </tr>
E               
E                 <tr>
E                   <td>EMAIL_USE_SSL</td>
E                   <td class="code"><pre>False</pre></td>
E                 </tr>
E               
E                 <tr>
E                   <td>EMAIL_USE_TLS</td>
E                   <td class="code"><pre>False</pre></td>
E                 </tr>
E               
E                 <tr>
E                   <td>FILE_UPLOAD_DIRECTORY_PERMISSIONS</td>
E                   <td class="code"><pre>None</pre></td>
E                 </tr>
E               
E                 <tr>
E                   <td>FILE_UPLOAD_HANDLERS</td>
E                   <td class="code"><pre>[&#x27;django.core.files.uploadhandler.MemoryFileUploadHandler&#x27;,
E          &#x27;django.core.files.uploadhandler.TemporaryFileUploadHandler&#x27;]</pre></td>
E                 </tr>
E               
E                 <tr>
E                   <td>FILE_UPLOAD_MAX_MEMORY_SIZE</td>
E                   <td class="code"><pre>2621440</pre></td>
E                 </tr>
E               
E                 <tr>
E                   <td>FILE_UPLOAD_PERMISSIONS</td>
E                   <td class="code"><pre>420</pre></td>
E                 </tr>
E               
E                 <tr>
E                   <td>FILE_UPLOAD_TEMP_DIR</td>
E                   <td class="code"><pre>None</pre></td>
E                 </tr>
E               
E                 <tr>
E                   <td>FIRST_DAY_OF_WEEK</td>
E                   <td class="code"><pre>0</pre></td>
E                 </tr>
E               
E                 <tr>
E                   <td>FIXTURE_DIRS</td>
E                   <td class="code"><pre>[]</pre></td>
E                 </tr>
E               
E                 <tr>
E                   <td>FORCE_SCRIPT_NAME</td>
E                   <td class="code"><pre>None</pre></td>
E                 </tr>
E               
E                 <tr>
E                   <td>FORMAT_MODULE_PATH</td>
E                   <td class="code"><pre>None</pre></td>
E                 </tr>
E               
E                 <tr>
E                   <td>FORMS_URLFIELD_ASSUME_HTTPS</td>
E                   <td class="code"><pre>False</pre></td>
E                 </tr>
E               
E                 <tr>
E                   <td>FORM_RENDERER</td>
E                   <td class="code"><pre>&#x27;django.forms.renderers.DjangoTemplates&#x27;</pre></td>
E                 </tr>
E               
E                 <tr>
E                   <td>FRONTEND_URL</td>
E                   <td class="code"><pre>&#x27;http://127.0.0.1:5173&#x27;</pre></td>
E                 </tr>
E               
E                 <tr>
E                   <td>GDAL_LIBRARY_PATH</td>
E                   <td class="code"><pre>&#x27;C:\\OSGeo4W\\bin\\gdal311.dll&#x27;</pre></td>
E                 </tr>
E               
E                 <tr>
E                   <td>GEOLOCATION_SETTINGS</td>
E                   <td class="code"><pre>{&#x27;CACHE_TIMEOUT&#x27;: 3600, &#x27;DEFAULT_RADIUS_KM&#x27;: 10, &#x27;MAX_RADIUS_KM&#x27;: 50}</pre></td>
E                 </tr>
E               
E                 <tr>
E                   <td>GEOS_LIBRARY_PATH</td>
E                   <td class="code"><pre>&#x27;C:\\OSGeo4W\\bin\\geos_c.dll&#x27;</pre></td>
E                 </tr>
E               
E                 <tr>
E                   <td>IGNORABLE_404_URLS</td>
E                   <td class="code"><pre>[]</pre></td>
E                 </tr>
E               
E                 <tr>
E                   <td>INSTALLED_APPS</td>
E                   <td class="code"><pre>[&#x27;django.contrib.admin&#x27;,
E          &#x27;django.contrib.auth&#x27;,
E          &#x27;django.contrib.contenttypes&#x27;,
E          &#x27;django.contrib.sessions&#x27;,
E          &#x27;django.contrib.messages&#x27;,
E          &#x27;django.contrib.staticfiles&#x27;,
E          &#x27;rest_framework&#x27;,
E          &#x27;corsheaders&#x27;,
E          &#x27;users&#x27;,
E          &#x27;depannage&#x27;,
E          &#x27;rest_framework_simplejwt&#x27;,
E          &#x27;rest_framework_simplejwt.token_blacklist&#x27;,
E          &#x27;channels&#x27;]</pre></td>
E                 </tr>
E               
E                 <tr>
E                   <td>INTERNAL_IPS</td>
E                   <td class="code"><pre>[]</pre></td>
E                 </tr>
E               
E                 <tr>
E                   <td>LANGUAGES</td>
E                   <td class="code"><pre>[(&#x27;af&#x27;, &#x27;Afrikaans&#x27;),
E          (&#x27;ar&#x27;, &#x27;Arabic&#x27;),
E          (&#x27;ar-dz&#x27;, &#x27;Algerian Arabic&#x27;),
E          (&#x27;ast&#x27;, &#x27;Asturian&#x27;),
E          (&#x27;az&#x27;, &#x27;Azerbaijani&#x27;),
E          (&#x27;bg&#x27;, &#x27;Bulgarian&#x27;),
E          (&#x27;be&#x27;, &#x27;Belarusian&#x27;),
E          (&#x27;bn&#x27;, &#x27;Bengali&#x27;),
E          (&#x27;br&#x27;, &#x27;Breton&#x27;),
E          (&#x27;bs&#x27;, &#x27;Bosnian&#x27;),
E          (&#x27;ca&#x27;, &#x27;Catalan&#x27;),
E          (&#x27;ckb&#x27;, &#x27;Central Kurdish (Sorani)&#x27;),
E          (&#x27;cs&#x27;, &#x27;Czech&#x27;),
E          (&#x27;cy&#x27;, &#x27;Welsh&#x27;),
E          (&#x27;da&#x27;, &#x27;Danish&#x27;),
E          (&#x27;de&#x27;, &#x27;German&#x27;),
E          (&#x27;dsb&#x27;, &#x27;Lower Sorbian&#x27;),
E          (&#x27;el&#x27;, &#x27;Greek&#x27;),
E          (&#x27;en&#x27;, &#x27;English&#x27;),
E          (&#x27;en-au&#x27;, &#x27;Australian English&#x27;),
E          (&#x27;en-gb&#x27;, &#x27;British English&#x27;),
E          (&#x27;eo&#x27;, &#x27;Esperanto&#x27;),
E          (&#x27;es&#x27;, &#x27;Spanish&#x27;),
E          (&#x27;es-ar&#x27;, &#x27;Argentinian Spanish&#x27;),
E          (&#x27;es-co&#x27;, &#x27;Colombian Spanish&#x27;),
E          (&#x27;es-mx&#x27;, &#x27;Mexican Spanish&#x27;),
E          (&#x27;es-ni&#x27;, &#x27;Nicaraguan Spanish&#x27;),
E          (&#x27;es-ve&#x27;, &#x27;Venezuelan Spanish&#x27;),
E          (&#x27;et&#x27;, &#x27;Estonian&#x27;),
E          (&#x27;eu&#x27;, &#x27;Basque&#x27;),
E          (&#x27;fa&#x27;, &#x27;Persian&#x27;),
E          (&#x27;fi&#x27;, &#x27;Finnish&#x27;),
E          (&#x27;fr&#x27;, &#x27;French&#x27;),
E          (&#x27;fy&#x27;, &#x27;Frisian&#x27;),
E          (&#x27;ga&#x27;, &#x27;Irish&#x27;),
E          (&#x27;gd&#x27;, &#x27;Scottish Gaelic&#x27;),
E          (&#x27;gl&#x27;, &#x27;Galician&#x27;),
E          (&#x27;he&#x27;, &#x27;Hebrew&#x27;),
E          (&#x27;hi&#x27;, &#x27;Hindi&#x27;),
E          (&#x27;hr&#x27;, &#x27;Croatian&#x27;),
E          (&#x27;hsb&#x27;, &#x27;Upper Sorbian&#x27;),
E          (&#x27;hu&#x27;, &#x27;Hungarian&#x27;),
E          (&#x27;hy&#x27;, &#x27;Armenian&#x27;),
E          (&#x27;ia&#x27;, &#x27;Interlingua&#x27;),
E          (&#x27;id&#x27;, &#x27;Indonesian&#x27;),
E          (&#x27;ig&#x27;, &#x27;Igbo&#x27;),
E          (&#x27;io&#x27;, &#x27;Ido&#x27;),
E          (&#x27;is&#x27;, &#x27;Icelandic&#x27;),
E          (&#x27;it&#x27;, &#x27;Italian&#x27;),
E          (&#x27;ja&#x27;, &#x27;Japanese&#x27;),
E          (&#x27;ka&#x27;, &#x27;Georgian&#x27;),
E          (&#x27;kab&#x27;, &#x27;Kabyle&#x27;),
E          (&#x27;kk&#x27;, &#x27;Kazakh&#x27;),
E          (&#x27;km&#x27;, &#x27;Khmer&#x27;),
E          (&#x27;kn&#x27;, &#x27;Kannada&#x27;),
E          (&#x27;ko&#x27;, &#x27;Korean&#x27;),
E          (&#x27;ky&#x27;, &#x27;Kyrgyz&#x27;),
E          (&#x27;lb&#x27;, &#x27;Luxembourgish&#x27;),
E          (&#x27;lt&#x27;, &#x27;Lithuanian&#x27;),
E          (&#x27;lv&#x27;, &#x27;Latvian&#x27;),
E          (&#x27;mk&#x27;, &#x27;Macedonian&#x27;),
E          (&#x27;ml&#x27;, &#x27;Malayalam&#x27;),
E          (&#x27;mn&#x27;, &#x27;Mongolian&#x27;),
E          (&#x27;mr&#x27;, &#x27;Marathi&#x27;),
E          (&#x27;ms&#x27;, &#x27;Malay&#x27;),
E          (&#x27;my&#x27;, &#x27;Burmese&#x27;),
E          (&#x27;nb&#x27;, &#x27;Norwegian Bokmål&#x27;),
E          (&#x27;ne&#x27;, &#x27;Nepali&#x27;),
E          (&#x27;nl&#x27;, &#x27;Dutch&#x27;),
E          (&#x27;nn&#x27;, &#x27;Norwegian Nynorsk&#x27;),
E          (&#x27;os&#x27;, &#x27;Ossetic&#x27;),
E          (&#x27;pa&#x27;, &#x27;Punjabi&#x27;),
E          (&#x27;pl&#x27;, &#x27;Polish&#x27;),
E          (&#x27;pt&#x27;, &#x27;Portuguese&#x27;),
E          (&#x27;pt-br&#x27;, &#x27;Brazilian Portuguese&#x27;),
E          (&#x27;ro&#x27;, &#x27;Romanian&#x27;),
E          (&#x27;ru&#x27;, &#x27;Russian&#x27;),
E          (&#x27;sk&#x27;, &#x27;Slovak&#x27;),
E          (&#x27;sl&#x27;, &#x27;Slovenian&#x27;),
E          (&#x27;sq&#x27;, &#x27;Albanian&#x27;),
E          (&#x27;sr&#x27;, &#x27;Serbian&#x27;),
E          (&#x27;sr-latn&#x27;, &#x27;Serbian Latin&#x27;),
E          (&#x27;sv&#x27;, &#x27;Swedish&#x27;),
E          (&#x27;sw&#x27;, &#x27;Swahili&#x27;),
E          (&#x27;ta&#x27;, &#x27;Tamil&#x27;),
E          (&#x27;te&#x27;, &#x27;Telugu&#x27;),
E          (&#x27;tg&#x27;, &#x27;Tajik&#x27;),
E          (&#x27;th&#x27;, &#x27;Thai&#x27;),
E          (&#x27;tk&#x27;, &#x27;Turkmen&#x27;),
E          (&#x27;tr&#x27;, &#x27;Turkish&#x27;),
E          (&#x27;tt&#x27;, &#x27;Tatar&#x27;),
E          (&#x27;udm&#x27;, &#x27;Udmurt&#x27;),
E          (&#x27;ug&#x27;, &#x27;Uyghur&#x27;),
E          (&#x27;uk&#x27;, &#x27;Ukrainian&#x27;),
E          (&#x27;ur&#x27;, &#x27;Urdu&#x27;),
E          (&#x27;uz&#x27;, &#x27;Uzbek&#x27;),
E          (&#x27;vi&#x27;, &#x27;Vietnamese&#x27;),
E          (&#x27;zh-hans&#x27;, &#x27;Simplified Chinese&#x27;),
E          (&#x27;zh-hant&#x27;, &#x27;Traditional Chinese&#x27;)]</pre></td>
E                 </tr>
E               
E                 <tr>
E                   <td>LANGUAGES_BIDI</td>
E                   <td class="code"><pre>[&#x27;he&#x27;, &#x27;ar&#x27;, &#x27;ar-dz&#x27;, &#x27;ckb&#x27;, &#x27;fa&#x27;, &#x27;ug&#x27;, &#x27;ur&#x27;]</pre></td>
E                 </tr>
E               
E                 <tr>
E                   <td>LANGUAGE_CODE</td>
E                   <td class="code"><pre>&#x27;en-us&#x27;</pre></td>
E                 </tr>
E               
E                 <tr>
E                   <td>LANGUAGE_COOKIE_AGE</td>
E                   <td class="code"><pre>None</pre></td>
E                 </tr>
E               
E                 <tr>
E                   <td>LANGUAGE_COOKIE_DOMAIN</td>
E                   <td class="code"><pre>None</pre></td>
E                 </tr>
E               
E                 <tr>
E                   <td>LANGUAGE_COOKIE_HTTPONLY</td>
E                   <td class="code"><pre>False</pre></td>
E                 </tr>
E               
E                 <tr>
E                   <td>LANGUAGE_COOKIE_NAME</td>
E                   <td class="code"><pre>&#x27;django_language&#x27;</pre></td>
E                 </tr>
E               
E                 <tr>
E                   <td>LANGUAGE_COOKIE_PATH</td>
E                   <td class="code"><pre>&#x27;/&#x27;</pre></td>
E                 </tr>
E               
E                 <tr>
E                   <td>LANGUAGE_COOKIE_SAMESITE</td>
E                   <td class="code"><pre>None</pre></td>
E                 </tr>
E               
E                 <tr>
E                   <td>LANGUAGE_COOKIE_SECURE</td>
E                   <td class="code"><pre>False</pre></td>
E                 </tr>
E               
E                 <tr>
E                   <td>LOCALE_PATHS</td>
E                   <td class="code"><pre>[]</pre></td>
E                 </tr>
E               
E                 <tr>
E                   <td>LOGGING</td>
E                   <td class="code"><pre>{&#x27;disable_existing_loggers&#x27;: False,
E          &#x27;formatters&#x27;: {&#x27;simple&#x27;: {&#x27;format&#x27;: &#x27;{levelname} {message}&#x27;, &#x27;style&#x27;: &#x27;{&#x27;},
E                         &#x27;verbose&#x27;: {&#x27;format&#x27;: &#x27;{levelname} {asctime} {module} &#x27;
E                                               &#x27;{process:d} {thread:d} {message}&#x27;,
E                                     &#x27;style&#x27;: &#x27;{&#x27;}},
E          &#x27;handlers&#x27;: {&#x27;file&#x27;: {&#x27;class&#x27;: &#x27;logging.FileHandler&#x27;,
E                                &#x27;filename&#x27;: &#x27;django.log&#x27;,
E                                &#x27;formatter&#x27;: &#x27;verbose&#x27;,
E                                &#x27;level&#x27;: &#x27;INFO&#x27;},
E                       &#x27;security_file&#x27;: {&#x27;class&#x27;: &#x27;logging.FileHandler&#x27;,
E                                         &#x27;filename&#x27;: &#x27;security.log&#x27;,
E                                         &#x27;formatter&#x27;: &#x27;verbose&#x27;,
E                                         &#x27;level&#x27;: &#x27;WARNING&#x27;}},
E          &#x27;loggers&#x27;: {&#x27;depannage&#x27;: {&#x27;handlers&#x27;: [&#x27;file&#x27;],
E                                    &#x27;level&#x27;: &#x27;INFO&#x27;,
E                                    &#x27;propagate&#x27;: True},
E                      &#x27;django&#x27;: {&#x27;handlers&#x27;: [&#x27;file&#x27;],
E                                 &#x27;level&#x27;: &#x27;INFO&#x27;,
E                                 &#x27;propagate&#x27;: True},
E                      &#x27;django.security&#x27;: {&#x27;handlers&#x27;: [&#x27;security_file&#x27;],
E                                          &#x27;level&#x27;: &#x27;WARNING&#x27;,
E                                          &#x27;propagate&#x27;: False},
E                      &#x27;users&#x27;: {&#x27;handlers&#x27;: [&#x27;file&#x27;],
E                                &#x27;level&#x27;: &#x27;INFO&#x27;,
E                                &#x27;propagate&#x27;: True}},
E          &#x27;version&#x27;: 1}</pre></td>
E                 </tr>
E               
E                 <tr>
E                   <td>LOGGING_CONFIG</td>
E                   <td class="code"><pre>&#x27;logging.config.dictConfig&#x27;</pre></td>
E                 </tr>
E               
E                 <tr>
E                   <td>LOGIN_REDIRECT_URL</td>
E                   <td class="code"><pre>&#x27;/accounts/profile/&#x27;</pre></td>
E                 </tr>
E               
E                 <tr>
E                   <td>LOGIN_URL</td>
E                   <td class="code"><pre>&#x27;/accounts/login/&#x27;</pre></td>
E                 </tr>
E               
E                 <tr>
E                   <td>LOGOUT_REDIRECT_URL</td>
E                   <td class="code"><pre>None</pre></td>
E                 </tr>
E               
E                 <tr>
E                   <td>MANAGERS</td>
E                   <td class="code"><pre>[]</pre></td>
E                 </tr>
E               
E                 <tr>
E                   <td>MEDIA_ROOT</td>
E                   <td class="code"><pre>&#x27;/Users/mohamedbechirdiarra/Downloads/prototypeGamma/Backend/media&#x27;</pre></td>
E                 </tr>
E               
E                 <tr>
E                   <td>MEDIA_URL</td>
E                   <td class="code"><pre>&#x27;/media/&#x27;</pre></td>
E                 </tr>
E               
E                 <tr>
E                   <td>MESSAGE_STORAGE</td>
E                   <td class="code"><pre>&#x27;django.contrib.messages.storage.fallback.FallbackStorage&#x27;</pre></td>
E                 </tr>
E               
E                 <tr>
E                   <td>MIDDLEWARE</td>
E                   <td class="code"><pre>[&#x27;corsheaders.middleware.CorsMiddleware&#x27;,
E          &#x27;django.middleware.security.SecurityMiddleware&#x27;,
E          &#x27;django.contrib.sessions.middleware.SessionMiddleware&#x27;,
E          &#x27;django.middleware.common.CommonMiddleware&#x27;,
E          &#x27;django.middleware.csrf.CsrfViewMiddleware&#x27;,
E          &#x27;django.contrib.auth.middleware.AuthenticationMiddleware&#x27;,
E          &#x27;django.contrib.messages.middleware.MessageMiddleware&#x27;,
E          &#x27;django.middleware.clickjacking.XFrameOptionsMiddleware&#x27;,
E          &#x27;auth.middleware.JWTSecurityMiddleware&#x27;,
E          &#x27;auth.middleware.TokenValidationMiddleware&#x27;]</pre></td>
E                 </tr>
E               
E                 <tr>
E                   <td>MIGRATION_MODULES</td>
E                   <td class="code"><pre>{}</pre></td>
E                 </tr>
E               
E                 <tr>
E                   <td>MONTH_DAY_FORMAT</td>
E                   <td class="code"><pre>&#x27;F j&#x27;</pre></td>
E                 </tr>
E               
E                 <tr>
E                   <td>NOTIFICATION_CHANNELS</td>
E                   <td class="code"><pre>{&#x27;email&#x27;: True, &#x27;push&#x27;: False, &#x27;sms&#x27;: False}</pre></td>
E                 </tr>
E               
E                 <tr>
E                   <td>NUMBER_GROUPING</td>
E                   <td class="code"><pre>0</pre></td>
E                 </tr>
E               
E                 <tr>
E                   <td>PASSWORD_HASHERS</td>
E                   <td class="code"><pre>&#x27;********************&#x27;</pre></td>
E                 </tr>
E               
E                 <tr>
E                   <td>PASSWORD_RESET_TIMEOUT</td>
E                   <td class="code"><pre>&#x27;********************&#x27;</pre></td>
E                 </tr>
E               
E                 <tr>
E                   <td>PAYMENT_SETTINGS</td>
E                   <td class="code"><pre>{&#x27;CINETPAY_API_KEY&#x27;: &#x27;********************&#x27;,
E          &#x27;CINETPAY_ENVIRONMENT&#x27;: &#x27;Production&#x27;,
E          &#x27;CINETPAY_SITE_ID&#x27;: &#x27;105899471&#x27;}</pre></td>
E                 </tr>
E               
E                 <tr>
E                   <td>PREPEND_WWW</td>
E                   <td class="code"><pre>False</pre></td>
E                 </tr>
E               
E                 <tr>
E                   <td>REST_FRAMEWORK</td>
E                   <td class="code"><pre>{&#x27;DEFAULT_AUTHENTICATION_CLASSES&#x27;: &#x27;********************&#x27;,
E          &#x27;DEFAULT_PAGINATION_CLASS&#x27;: &#x27;rest_framework.pagination.PageNumberPagination&#x27;,
E          &#x27;DEFAULT_PARSER_CLASSES&#x27;: [&#x27;rest_framework.parsers.JSONParser&#x27;,
E                                     &#x27;rest_framework.parsers.MultiPartParser&#x27;,
E                                     &#x27;rest_framework.parsers.FormParser&#x27;],
E          &#x27;DEFAULT_PERMISSION_CLASSES&#x27;: [&#x27;rest_framework.permissions.IsAuthenticated&#x27;],
E          &#x27;DEFAULT_RENDERER_CLASSES&#x27;: [&#x27;rest_framework.renderers.JSONRenderer&#x27;],
E          &#x27;DEFAULT_THROTTLE_CLASSES&#x27;: [&#x27;rest_framework.throttling.UserRateThrottle&#x27;,
E                                       &#x27;rest_framework.throttling.AnonRateThrottle&#x27;,
E                                       &#x27;rest_framework.throttling.ScopedRateThrottle&#x27;],
E          &#x27;DEFAULT_THROTTLE_RATES&#x27;: {&#x27;anon&#x27;: &#x27;10000/day&#x27;,
E                                     &#x27;login&#x27;: &#x27;1000/day&#x27;,
E                                     &#x27;password_reset&#x27;: &#x27;********************&#x27;,
E                                     &#x27;register&#x27;: &#x27;500/day&#x27;,
E                                     &#x27;user&#x27;: &#x27;50000/day&#x27;,
E                                     &#x27;user_me&#x27;: &#x27;1000/day&#x27;},
E          &#x27;EXCEPTION_HANDLER&#x27;: &#x27;rest_framework.views.exception_handler&#x27;,
E          &#x27;PAGE_SIZE&#x27;: 20}</pre></td>
E                 </tr>
E               
E                 <tr>
E                   <td>ROOT_URLCONF</td>
E                   <td class="code"><pre>&#x27;auth.urls&#x27;</pre></td>
E                 </tr>
E               
E                 <tr>
E                   <td>SECRET_KEY</td>
E                   <td class="code"><pre>&#x27;********************&#x27;</pre></td>
E                 </tr>
E               
E                 <tr>
E                   <td>SECRET_KEY_FALLBACKS</td>
E                   <td class="code"><pre>&#x27;********************&#x27;</pre></td>
E                 </tr>
E               
E                 <tr>
E                   <td>SECURE_BROWSER_XSS_FILTER</td>
E                   <td class="code"><pre>True</pre></td>
E                 </tr>
E               
E                 <tr>
E                   <td>SECURE_CONTENT_TYPE_NOSNIFF</td>
E                   <td class="code"><pre>True</pre></td>
E                 </tr>
E               
E                 <tr>
E                   <td>SECURE_CROSS_ORIGIN_OPENER_POLICY</td>
E                   <td class="code"><pre>&#x27;same-origin&#x27;</pre></td>
E                 </tr>
E               
E                 <tr>
E                   <td>SECURE_HSTS_INCLUDE_SUBDOMAINS</td>
E                   <td class="code"><pre>True</pre></td>
E                 </tr>
E               
E                 <tr>
E                   <td>SECURE_HSTS_PRELOAD</td>
E                   <td class="code"><pre>True</pre></td>
E                 </tr>
E               
E                 <tr>
E                   <td>SECURE_HSTS_SECONDS</td>
E                   <td class="code"><pre>31536000</pre></td>
E                 </tr>
E               
E                 <tr>
E                   <td>SECURE_PROXY_SSL_HEADER</td>
E                   <td class="code"><pre>None</pre></td>
E                 </tr>
E               
E                 <tr>
E                   <td>SECURE_REDIRECT_EXEMPT</td>
E                   <td class="code"><pre>[]</pre></td>
E                 </tr>
E               
E                 <tr>
E                   <td>SECURE_REFERRER_POLICY</td>
E                   <td class="code"><pre>&#x27;same-origin&#x27;</pre></td>
E                 </tr>
E               
E                 <tr>
E                   <td>SECURE_SSL_HOST</td>
E                   <td class="code"><pre>None</pre></td>
E                 </tr>
E               
E                 <tr>
E                   <td>SECURE_SSL_REDIRECT</td>
E                   <td class="code"><pre>False</pre></td>
E                 </tr>
E               
E                 <tr>
E                   <td>SERVER_EMAIL</td>
E                   <td class="code"><pre>&#x27;root@localhost&#x27;</pre></td>
E                 </tr>
E               
E                 <tr>
E                   <td>SESSION_CACHE_ALIAS</td>
E                   <td class="code"><pre>&#x27;default&#x27;</pre></td>
E                 </tr>
E               
E                 <tr>
E                   <td>SESSION_COOKIE_AGE</td>
E                   <td class="code"><pre>3600</pre></td>
E                 </tr>
E               
E                 <tr>
E                   <td>SESSION_COOKIE_DOMAIN</td>
E                   <td class="code"><pre>None</pre></td>
E                 </tr>
E               
E                 <tr>
E                   <td>SESSION_COOKIE_HTTPONLY</td>
E                   <td class="code"><pre>True</pre></td>
E                 </tr>
E               
E                 <tr>
E                   <td>SESSION_COOKIE_NAME</td>
E                   <td class="code"><pre>&#x27;sessionid&#x27;</pre></td>
E                 </tr>
E               
E                 <tr>
E                   <td>SESSION_COOKIE_PATH</td>
E                   <td class="code"><pre>&#x27;/&#x27;</pre></td>
E                 </tr>
E               
E                 <tr>
E                   <td>SESSION_COOKIE_SAMESITE</td>
E                   <td class="code"><pre>&#x27;Lax&#x27;</pre></td>
E                 </tr>
E               
E                 <tr>
E                   <td>SESSION_COOKIE_SECURE</td>
E                   <td class="code"><pre>True</pre></td>
E                 </tr>
E               
E                 <tr>
E                   <td>SESSION_ENGINE</td>
E                   <td class="code"><pre>&#x27;django.contrib.sessions.backends.db&#x27;</pre></td>
E                 </tr>
E               
E                 <tr>
E                   <td>SESSION_EXPIRE_AT_BROWSER_CLOSE</td>
E                   <td class="code"><pre>True</pre></td>
E                 </tr>
E               
E                 <tr>
E                   <td>SESSION_FILE_PATH</td>
E                   <td class="code"><pre>None</pre></td>
E                 </tr>
E               
E                 <tr>
E                   <td>SESSION_SAVE_EVERY_REQUEST</td>
E                   <td class="code"><pre>False</pre></td>
E                 </tr>
E               
E                 <tr>
E                   <td>SESSION_SERIALIZER</td>
E                   <td class="code"><pre>&#x27;django.contrib.sessions.serializers.JSONSerializer&#x27;</pre></td>
E                 </tr>
E               
E                 <tr>
E                   <td>SETTINGS_MODULE</td>
E                   <td class="code"><pre>&#x27;Backend.auth.settings&#x27;</pre></td>
E                 </tr>
E               
E                 <tr>
E                   <td>SHORT_DATETIME_FORMAT</td>
E                   <td class="code"><pre>&#x27;m/d/Y P&#x27;</pre></td>
E                 </tr>
E               
E                 <tr>
E                   <td>SHORT_DATE_FORMAT</td>
E                   <td class="code"><pre>&#x27;m/d/Y&#x27;</pre></td>
E                 </tr>
E               
E                 <tr>
E                   <td>SIGNING_BACKEND</td>
E                   <td class="code"><pre>&#x27;django.core.signing.TimestampSigner&#x27;</pre></td>
E                 </tr>
E               
E                 <tr>
E                   <td>SILENCED_SYSTEM_CHECKS</td>
E                   <td class="code"><pre>[]</pre></td>
E                 </tr>
E               
E                 <tr>
E                   <td>SIMPLE_JWT</td>
E                   <td class="code"><pre>{&#x27;ACCESS_TOKEN_LIFETIME&#x27;: &#x27;********************&#x27;,
E          &#x27;ALGORITHM&#x27;: &#x27;HS256&#x27;,
E          &#x27;AUDIENCE&#x27;: None,
E          &#x27;AUTH_HEADER_NAME&#x27;: &#x27;********************&#x27;,
E          &#x27;AUTH_HEADER_TYPES&#x27;: &#x27;********************&#x27;,
E          &#x27;AUTH_TOKEN_CLASSES&#x27;: &#x27;********************&#x27;,
E          &#x27;BLACKLIST_AFTER_ROTATION&#x27;: True,
E          &#x27;ISSUER&#x27;: None,
E          &#x27;JTI_CLAIM&#x27;: &#x27;jti&#x27;,
E          &#x27;JWK_URL&#x27;: None,
E          &#x27;LEEWAY&#x27;: 0,
E          &#x27;REFRESH_TOKEN_LIFETIME&#x27;: &#x27;********************&#x27;,
E          &#x27;ROTATE_REFRESH_TOKENS&#x27;: &#x27;********************&#x27;,
E          &#x27;SIGNING_KEY&#x27;: &#x27;********************&#x27;,
E          &#x27;SLIDING_TOKEN_LIFETIME&#x27;: &#x27;********************&#x27;,
E          &#x27;SLIDING_TOKEN_REFRESH_EXP_CLAIM&#x27;: &#x27;********************&#x27;,
E          &#x27;SLIDING_TOKEN_REFRESH_LIFETIME&#x27;: &#x27;********************&#x27;,
E          &#x27;TOKEN_TYPE_CLAIM&#x27;: &#x27;********************&#x27;,
E          &#x27;TOKEN_USER_CLASS&#x27;: &#x27;********************&#x27;,
E          &#x27;UPDATE_LAST_LOGIN&#x27;: True,
E          &#x27;USER_AUTHENTICATION_RULE&#x27;: &#x27;********************&#x27;,
E          &#x27;USER_ID_CLAIM&#x27;: &#x27;user_id&#x27;,
E          &#x27;USER_ID_FIELD&#x27;: &#x27;id&#x27;,
E          &#x27;VERIFYING_KEY&#x27;: &#x27;********************&#x27;}</pre></td>
E                 </tr>
E               
E                 <tr>
E                   <td>STATICFILES_DIRS</td>
E                   <td class="code"><pre>[]</pre></td>
E                 </tr>
E               
E                 <tr>
E                   <td>STATICFILES_FINDERS</td>
E                   <td class="code"><pre>[&#x27;django.contrib.staticfiles.finders.FileSystemFinder&#x27;,
E          &#x27;django.contrib.staticfiles.finders.AppDirectoriesFinder&#x27;]</pre></td>
E                 </tr>
E               
E                 <tr>
E                   <td>STATIC_ROOT</td>
E                   <td class="code"><pre>&#x27;/Users/mohamedbechirdiarra/Downloads/prototypeGamma/Backend/staticfiles&#x27;</pre></td>
E                 </tr>
E               
E                 <tr>
E                   <td>STATIC_URL</td>
E                   <td class="code"><pre>&#x27;/static/&#x27;</pre></td>
E                 </tr>
E               
E                 <tr>
E                   <td>STORAGES</td>
E                   <td class="code"><pre>{&#x27;default&#x27;: {&#x27;BACKEND&#x27;: &#x27;django.core.files.storage.FileSystemStorage&#x27;},
E          &#x27;staticfiles&#x27;: {&#x27;BACKEND&#x27;: &#x27;django.contrib.staticfiles.storage.StaticFilesStorage&#x27;}}</pre></td>
E                 </tr>
E               
E                 <tr>
E                   <td>TEMPLATES</td>
E                   <td class="code"><pre>[{&#x27;APP_DIRS&#x27;: True,
E           &#x27;BACKEND&#x27;: &#x27;django.template.backends.django.DjangoTemplates&#x27;,
E           &#x27;DIRS&#x27;: [],
E           &#x27;OPTIONS&#x27;: {&#x27;context_processors&#x27;: [&#x27;django.template.context_processors.request&#x27;,
E                                              &#x27;django.contrib.auth.context_processors.auth&#x27;,
E                                              &#x27;django.contrib.messages.context_processors.messages&#x27;]}}]</pre></td>
E                 </tr>
E               
E                 <tr>
E                   <td>TEST_NON_SERIALIZED_APPS</td>
E                   <td class="code"><pre>[]</pre></td>
E                 </tr>
E               
E                 <tr>
E                   <td>TEST_RUNNER</td>
E                   <td class="code"><pre>&#x27;django.test.runner.DiscoverRunner&#x27;</pre></td>
E                 </tr>
E               
E                 <tr>
E                   <td>THOUSAND_SEPARATOR</td>
E                   <td class="code"><pre>&#x27;,&#x27;</pre></td>
E                 </tr>
E               
E                 <tr>
E                   <td>TIME_FORMAT</td>
E                   <td class="code"><pre>&#x27;P&#x27;</pre></td>
E                 </tr>
E               
E                 <tr>
E                   <td>TIME_INPUT_FORMATS</td>
E                   <td class="code"><pre>[&#x27;%H:%M:%S&#x27;, &#x27;%H:%M:%S.%f&#x27;, &#x27;%H:%M&#x27;]</pre></td>
E                 </tr>
E               
E                 <tr>
E                   <td>TIME_ZONE</td>
E                   <td class="code"><pre>&#x27;UTC&#x27;</pre></td>
E                 </tr>
E               
E                 <tr>
E                   <td>USE_I18N</td>
E                   <td class="code"><pre>True</pre></td>
E                 </tr>
E               
E                 <tr>
E                   <td>USE_THOUSAND_SEPARATOR</td>
E                   <td class="code"><pre>False</pre></td>
E                 </tr>
E               
E                 <tr>
E                   <td>USE_TZ</td>
E                   <td class="code"><pre>True</pre></td>
E                 </tr>
E               
E                 <tr>
E                   <td>USE_X_FORWARDED_HOST</td>
E                   <td class="code"><pre>False</pre></td>
E                 </tr>
E               
E                 <tr>
E                   <td>USE_X_FORWARDED_PORT</td>
E                   <td class="code"><pre>False</pre></td>
E                 </tr>
E               
E                 <tr>
E                   <td>WSGI_APPLICATION</td>
E                   <td class="code"><pre>&#x27;auth.wsgi.application&#x27;</pre></td>
E                 </tr>
E               
E                 <tr>
E                   <td>X_FRAME_OPTIONS</td>
E                   <td class="code"><pre>&#x27;DENY&#x27;</pre></td>
E                 </tr>
E               
E                 <tr>
E                   <td>YEAR_MONTH_FORMAT</td>
E                   <td class="code"><pre>&#x27;F Y&#x27;</pre></td>
E                 </tr>
E               
E             </tbody>
E           </table>
E         
E         </div>
E         </main>
E         
E         
E           <footer id="explanation">
E             <p>
E               You’re seeing this error because you have <code>DEBUG = True</code> in your
E               Django settings file. Change that to <code>False</code>, and Django will
E               display a standard page generated by the handler for this status code.
E             </p>
E           </footer>
E         
E         </body>
E         </html>
E         
E       assert 500 == 200
E        +  where 500 = <Response [500]>.status_code

conftest.py:29: AssertionError
__________________ ERROR at setup of test_websocket_with_auth __________________

    @pytest.fixture
    def token():
        # Créer un utilisateur de test unique
        base_url = "http://127.0.0.1:8000"
        username = "testuser_" + ''.join(random.choices(string.ascii_lowercase + string.digits, k=6))
        email = username + "@example.com"
        password = "TestUser1234!"
        register_data = {
            "username": username,
            "email": email,
            "password": password,
            "password2": password,
            "user_type": "client",
            "first_name": "Test",
            "last_name": "User",
            "address": "Test Address",
            "phone_number": "+22500000000"
        }
        # Inscription
        requests.post(f"{base_url}/users/register/", json=register_data)
        # Connexion
        login_data = {"email": email, "password": password}
        resp = requests.post(f"{base_url}/users/login/", json=login_data)
>       assert resp.status_code == 200, f"Échec de la connexion test: {resp.text}"
E       AssertionError: Échec de la connexion test: <!DOCTYPE html>
E         <html lang="en">
E         <head>
E           <meta http-equiv="content-type" content="text/html; charset=utf-8">
E           <meta name="robots" content="NONE,NOARCHIVE">
E           <title>IntegrityError
E                   at /users/login/</title>
E           <style>
E             html * { padding:0; margin:0; }
E             body * { padding:10px 20px; }
E             body * * { padding:0; }
E             body { font-family: sans-serif; background-color:#fff; color:#000; }
E             body > :where(header, main, footer) { border-bottom:1px solid #ddd; }
E             h1 { font-weight:normal; }
E             h2 { margin-bottom:.8em; }
E             h3 { margin:1em 0 .5em 0; }
E             h4 { margin:0 0 .5em 0; font-weight: normal; }
E             code, pre { font-size: 100%; white-space: pre-wrap; word-break: break-word; }
E             summary { cursor: pointer; }
E             table { border:1px solid #ccc; border-collapse: collapse; width:100%; background:white; }
E             tbody td, tbody th { vertical-align:top; padding:2px 3px; }
E             thead th {
E               padding:1px 6px 1px 3px; background:#fefefe; text-align:left;
E               font-weight:normal; font-size: 0.6875rem; border:1px solid #ddd;
E             }
E             tbody th { width:12em; text-align:right; color:#666; padding-right:.5em; }
E             table.vars { margin:5px 10px 2px 40px; width: auto; }
E             table.vars td, table.req td { font-family:monospace; }
E             table td.code { width:100%; }
E             table td.code pre { overflow:hidden; }
E             table.source th { color:#666; }
E             table.source td { font-family:monospace; white-space:pre; border-bottom:1px solid #eee; }
E             ul.traceback { list-style-type:none; color: #222; }
E             ul.traceback li.cause { word-break: break-word; }
E             ul.traceback li.frame { padding-bottom:1em; color:#4f4f4f; }
E             ul.traceback li.user { background-color:#e0e0e0; color:#000 }
E             div.context { padding:10px 0; overflow:hidden; }
E             div.context ol { padding-left:30px; margin:0 10px; list-style-position: inside; }
E             div.context ol li { font-family:monospace; white-space:pre; color:#777; cursor:pointer; padding-left: 2px; }
E             div.context ol li pre { display:inline; }
E             div.context ol.context-line li { color:#464646; background-color:#dfdfdf; padding: 3px 2px; }
E             div.context ol.context-line li span { position:absolute; right:32px; }
E             .user div.context ol.context-line li { background-color:#bbb; color:#000; }
E             .user div.context ol li { color:#666; }
E             div.commands, summary.commands { margin-left: 40px; }
E             div.commands a, summary.commands { color:#555; text-decoration:none; }
E             .user div.commands a { color: black; }
E             #summary { background: #ffc; }
E             #summary h2 { font-weight: normal; color: #666; }
E             #info { padding: 0; }
E             #info > * { padding:10px 20px; }
E             #explanation { background:#eee; }
E             #template, #template-not-exist { background:#f6f6f6; }
E             #template-not-exist ul { margin: 0 0 10px 20px; }
E             #template-not-exist .postmortem-section { margin-bottom: 3px; }
E             #unicode-hint { background:#eee; }
E             #traceback { background:#eee; }
E             #requestinfo { background:#f6f6f6; padding-left:120px; }
E             #summary table { border:none; background:transparent; }
E             #requestinfo h2, #requestinfo h3 { position:relative; margin-left:-100px; }
E             #requestinfo h3 { margin-bottom:-1em; }
E             .error { background: #ffc; }
E             .specific { color:#cc3300; font-weight:bold; }
E             h2 span.commands { font-size: 0.7rem; font-weight:normal; }
E             span.commands a:link {color:#5E5694;}
E             pre.exception_value { font-family: sans-serif; color: #575757; font-size: 1.5rem; margin: 10px 0 10px 0; }
E             .append-bottom { margin-bottom: 10px; }
E             .fname { user-select: all; }
E           </style>
E           
E           <script>
E             function hideAll(elems) {
E               for (var e = 0; e < elems.length; e++) {
E                 elems[e].style.display = 'none';
E               }
E             }
E             window.onload = function() {
E               hideAll(document.querySelectorAll('ol.pre-context'));
E               hideAll(document.querySelectorAll('ol.post-context'));
E               hideAll(document.querySelectorAll('div.pastebin'));
E             }
E             function toggle() {
E               for (var i = 0; i < arguments.length; i++) {
E                 var e = document.getElementById(arguments[i]);
E                 if (e) {
E                   e.style.display = e.style.display == 'none' ? 'block': 'none';
E                 }
E               }
E               return false;
E             }
E             function switchPastebinFriendly(link) {
E               s1 = "Switch to copy-and-paste view";
E               s2 = "Switch back to interactive view";
E               link.textContent = link.textContent.trim() == s1 ? s2: s1;
E               toggle('browserTraceback', 'pastebinTraceback');
E               return false;
E             }
E           </script>
E           
E         </head>
E         <body>
E         <header id="summary">
E           <h1>IntegrityError
E                at /users/login/</h1>
E           <pre class="exception_value">FOREIGN KEY constraint failed</pre>
E           <table class="meta">
E         
E             <tr>
E               <th scope="row">Request Method:</th>
E               <td>POST</td>
E             </tr>
E             <tr>
E               <th scope="row">Request URL:</th>
E               <td>http://127.0.0.1:8000/users/login/</td>
E             </tr>
E         
E             <tr>
E               <th scope="row">Django Version:</th>
E               <td>5.2.4</td>
E             </tr>
E         
E             <tr>
E               <th scope="row">Exception Type:</th>
E               <td>IntegrityError</td>
E             </tr>
E         
E         
E             <tr>
E               <th scope="row">Exception Value:</th>
E               <td><pre>FOREIGN KEY constraint failed</pre></td>
E             </tr>
E         
E         
E             <tr>
E               <th scope="row">Exception Location:</th>
E               <td><span class="fname">/Users/mohamedbechirdiarra/Downloads/prototypeGamma/Backend/venv/lib/python3.13/site-packages/django/db/utils.py</span>, line 98, in inner</td>
E             </tr>
E         
E         
E             <tr>
E               <th scope="row">Raised during:</th>
E               <td>users.views.UserViewSet</td>
E             </tr>
E         
E             <tr>
E               <th scope="row">Python Executable:</th>
E               <td>/Users/mohamedbechirdiarra/Downloads/prototypeGamma/Backend/venv/bin/python3.13</td>
E             </tr>
E             <tr>
E               <th scope="row">Python Version:</th>
E               <td>3.13.5</td>
E             </tr>
E             <tr>
E               <th scope="row">Python Path:</th>
E               <td><pre><code>[&#x27;.&#x27;,
E          &#x27;/Users/mohamedbechirdiarra/Downloads/prototypeGamma/Backend/venv/bin&#x27;,
E          &#x27;/Users/mohamedbechirdiarra/Downloads/prototypeGamma&#x27;,
E          &#x27;/Users/mohamedbechirdiarra/Downloads/prototypeGamma/Backend&#x27;,
E          &#x27;/opt/homebrew/Cellar/python@3.13/3.13.5/Frameworks/Python.framework/Versions/3.13/lib/python313.zip&#x27;,
E          &#x27;/opt/homebrew/Cellar/python@3.13/3.13.5/Frameworks/Python.framework/Versions/3.13/lib/python3.13&#x27;,
E          &#x27;/opt/homebrew/Cellar/python@3.13/3.13.5/Frameworks/Python.framework/Versions/3.13/lib/python3.13/lib-dynload&#x27;,
E          &#x27;/Users/mohamedbechirdiarra/Downloads/prototypeGamma/Backend/venv/lib/python3.13/site-packages&#x27;]</code></pre></td>
E             </tr>
E             <tr>
E               <th scope="row">Server time:</th>
E               <td>Mon, 14 Jul 2025 11:43:31 +0000</td>
E             </tr>
E           </table>
E         </header>
E         
E         <main id="info">
E         
E         
E         
E         
E         <div id="traceback">
E           <h2>Traceback <span class="commands"><a href="#" role="button" onclick="return switchPastebinFriendly(this);">
E             Switch to copy-and-paste view</a></span>
E           </h2>
E           <div id="browserTraceback">
E             <ul class="traceback">
E               
E                 
E                 <li class="frame django">
E                   
E                     <code class="fname">/Users/mohamedbechirdiarra/Downloads/prototypeGamma/Backend/venv/lib/python3.13/site-packages/django/db/utils.py</code>, line 98, in inner
E                   
E         
E                   
E                     <div class="context" id="c4437515072">
E                       
E                         <ol start="91" class="pre-context" id="pre4437515072">
E                         
E                           <li onclick="toggle('pre4437515072', 'post4437515072')"><pre>                raise dj_exc_value.with_traceback(traceback) from exc_value</pre></li>
E                         
E                           <li onclick="toggle('pre4437515072', 'post4437515072')"><pre></pre></li>
E                         
E                           <li onclick="toggle('pre4437515072', 'post4437515072')"><pre>    def __call__(self, func):</pre></li>
E                         
E                           <li onclick="toggle('pre4437515072', 'post4437515072')"><pre>        # Note that we are intentionally not using @wraps here for performance</pre></li>
E                         
E                           <li onclick="toggle('pre4437515072', 'post4437515072')"><pre>        # reasons. Refs #21109.</pre></li>
E                         
E                           <li onclick="toggle('pre4437515072', 'post4437515072')"><pre>        def inner(*args, **kwargs):</pre></li>
E                         
E                           <li onclick="toggle('pre4437515072', 'post4437515072')"><pre>            with self:</pre></li>
E                         
E                         </ol>
E                       
E                       <ol start="98" class="context-line">
E                         <li onclick="toggle('pre4437515072', 'post4437515072')"><pre>                return func(*args, **kwargs)
E                                    ^^^^^^^^^^^^^^^^^^^^^</pre> <span>…</span></li>
E                       </ol>
E                       
E                         <ol start='99' class="post-context" id="post4437515072">
E                           
E                           <li onclick="toggle('pre4437515072', 'post4437515072')"><pre></pre></li>
E                           
E                           <li onclick="toggle('pre4437515072', 'post4437515072')"><pre>        return inner</pre></li>
E                           
E                           <li onclick="toggle('pre4437515072', 'post4437515072')"><pre></pre></li>
E                           
E                           <li onclick="toggle('pre4437515072', 'post4437515072')"><pre></pre></li>
E                           
E                           <li onclick="toggle('pre4437515072', 'post4437515072')"><pre>def load_backend(backend_name):</pre></li>
E                           
E                           <li onclick="toggle('pre4437515072', 'post4437515072')"><pre>    &quot;&quot;&quot;</pre></li>
E                           
E                       </ol>
E                       
E                     </div>
E                   
E         
E                   
E                     
E                       <details>
E                         <summary class="commands">Local vars</summary>
E                     
E                     <table class="vars" id="v4437515072">
E                       <thead>
E                         <tr>
E                           <th scope="col">Variable</th>
E                           <th scope="col">Value</th>
E                         </tr>
E                       </thead>
E                       <tbody>
E                         
E                           <tr>
E                             <td>args</td>
E                             <td class="code"><pre>()</pre></td>
E                           </tr>
E                         
E                           <tr>
E                             <td>func</td>
E                             <td class="code"><pre>&lt;built-in method fetchone of SQLiteCursorWrapper object at 0x1087b7ad0&gt;</pre></td>
E                           </tr>
E                         
E                           <tr>
E                             <td>kwargs</td>
E                             <td class="code"><pre>{}</pre></td>
E                           </tr>
E                         
E                           <tr>
E                             <td>self</td>
E                             <td class="code"><pre>&lt;django.db.utils.DatabaseErrorWrapper object at 0x10886e440&gt;</pre></td>
E                           </tr>
E                         
E                       </tbody>
E                     </table>
E                     </details>
E                   
E                 </li>
E               
E                 
E                   <li class="cause"><h3>
E                   
E                     The above exception (FOREIGN KEY constraint failed) was the direct cause of the following exception:
E                   
E                 </h3></li>
E                 
E                 <li class="frame django">
E                   
E                     <code class="fname">/Users/mohamedbechirdiarra/Downloads/prototypeGamma/Backend/venv/lib/python3.13/site-packages/django/core/handlers/exception.py</code>, line 42, in inner
E                   
E         
E                   
E                     <div class="context" id="c4437684032">
E                       
E                         <ol start="35" class="pre-context" id="pre4437684032">
E                         
E                           <li onclick="toggle('pre4437684032', 'post4437684032')"><pre>    can rely on getting a response instead of an exception.</pre></li>
E                         
E                           <li onclick="toggle('pre4437684032', 'post4437684032')"><pre>    &quot;&quot;&quot;</pre></li>
E                         
E                           <li onclick="toggle('pre4437684032', 'post4437684032')"><pre>    if iscoroutinefunction(get_response):</pre></li>
E                         
E                           <li onclick="toggle('pre4437684032', 'post4437684032')"><pre></pre></li>
E                         
E                           <li onclick="toggle('pre4437684032', 'post4437684032')"><pre>        @wraps(get_response)</pre></li>
E                         
E                           <li onclick="toggle('pre4437684032', 'post4437684032')"><pre>        async def inner(request):</pre></li>
E                         
E                           <li onclick="toggle('pre4437684032', 'post4437684032')"><pre>            try:</pre></li>
E                         
E                         </ol>
E                       
E                       <ol start="42" class="context-line">
E                         <li onclick="toggle('pre4437684032', 'post4437684032')"><pre>                response = await get_response(request)
E                                        ^^^^^^^^^^^^^^^^^^^^^^^^^^^</pre> <span>…</span></li>
E                       </ol>
E                       
E                         <ol start='43' class="post-context" id="post4437684032">
E                           
E                           <li onclick="toggle('pre4437684032', 'post4437684032')"><pre>            except Exception as exc:</pre></li>
E                           
E                           <li onclick="toggle('pre4437684032', 'post4437684032')"><pre>                response = await sync_to_async(</pre></li>
E                           
E                           <li onclick="toggle('pre4437684032', 'post4437684032')"><pre>                    response_for_exception, thread_sensitive=False</pre></li>
E                           
E                           <li onclick="toggle('pre4437684032', 'post4437684032')"><pre>                )(request, exc)</pre></li>
E                           
E                           <li onclick="toggle('pre4437684032', 'post4437684032')"><pre>            return response</pre></li>
E                           
E                           <li onclick="toggle('pre4437684032', 'post4437684032')"><pre></pre></li>
E                           
E                       </ol>
E                       
E                     </div>
E                   
E         
E                   
E                     
E                       <details>
E                         <summary class="commands">Local vars</summary>
E                     
E                     <table class="vars" id="v4437684032">
E                       <thead>
E                         <tr>
E                           <th scope="col">Variable</th>
E                           <th scope="col">Value</th>
E                         </tr>
E                       </thead>
E                       <tbody>
E                         
E                           <tr>
E                             <td>exc</td>
E                             <td class="code"><pre>IntegrityError(&#x27;FOREIGN KEY constraint failed&#x27;)</pre></td>
E                           </tr>
E                         
E                           <tr>
E                             <td>get_response</td>
E                             <td class="code"><pre>&lt;bound method BaseHandler._get_response_async of &lt;django.core.handlers.asgi.ASGIHandler object at 0x107235940&gt;&gt;</pre></td>
E                           </tr>
E                         
E                           <tr>
E                             <td>request</td>
E                             <td class="code"><pre>&lt;ASGIRequest: POST &#x27;/users/login/&#x27;&gt;</pre></td>
E                           </tr>
E                         
E                       </tbody>
E                     </table>
E                     </details>
E                   
E                 </li>
E               
E                 
E                 <li class="frame django">
E                   
E                     <code class="fname">/Users/mohamedbechirdiarra/Downloads/prototypeGamma/Backend/venv/lib/python3.13/site-packages/django/core/handlers/base.py</code>, line 253, in _get_response_async
E                   
E         
E                   
E                     <div class="context" id="c4432784192">
E                       
E                         <ol start="246" class="pre-context" id="pre4432784192">
E                         
E                           <li onclick="toggle('pre4432784192', 'post4432784192')"><pre>            wrapped_callback = self.make_view_atomic(callback)</pre></li>
E                         
E                           <li onclick="toggle('pre4432784192', 'post4432784192')"><pre>            # If it is a synchronous view, run it in a subthread</pre></li>
E                         
E                           <li onclick="toggle('pre4432784192', 'post4432784192')"><pre>            if not iscoroutinefunction(wrapped_callback):</pre></li>
E                         
E                           <li onclick="toggle('pre4432784192', 'post4432784192')"><pre>                wrapped_callback = sync_to_async(</pre></li>
E                         
E                           <li onclick="toggle('pre4432784192', 'post4432784192')"><pre>                    wrapped_callback, thread_sensitive=True</pre></li>
E                         
E                           <li onclick="toggle('pre4432784192', 'post4432784192')"><pre>                )</pre></li>
E                         
E                           <li onclick="toggle('pre4432784192', 'post4432784192')"><pre>            try:</pre></li>
E                         
E                         </ol>
E                       
E                       <ol start="253" class="context-line">
E                         <li onclick="toggle('pre4432784192', 'post4432784192')"><pre>                response = await wrapped_callback(
E                                         </pre> <span>…</span></li>
E                       </ol>
E                       
E                         <ol start='254' class="post-context" id="post4432784192">
E                           
E                           <li onclick="toggle('pre4432784192', 'post4432784192')"><pre>                    request, *callback_args, **callback_kwargs</pre></li>
E                           
E                           <li onclick="toggle('pre4432784192', 'post4432784192')"><pre>                )</pre></li>
E                           
E                           <li onclick="toggle('pre4432784192', 'post4432784192')"><pre>            except Exception as e:</pre></li>
E                           
E                           <li onclick="toggle('pre4432784192', 'post4432784192')"><pre>                response = await sync_to_async(</pre></li>
E                           
E                           <li onclick="toggle('pre4432784192', 'post4432784192')"><pre>                    self.process_exception_by_middleware,</pre></li>
E                           
E                           <li onclick="toggle('pre4432784192', 'post4432784192')"><pre>                    thread_sensitive=True,</pre></li>
E                           
E                       </ol>
E                       
E                     </div>
E                   
E         
E                   
E                     
E                       <details>
E                         <summary class="commands">Local vars</summary>
E                     
E                     <table class="vars" id="v4432784192">
E                       <thead>
E                         <tr>
E                           <th scope="col">Variable</th>
E                           <th scope="col">Value</th>
E                         </tr>
E                       </thead>
E                       <tbody>
E                         
E                           <tr>
E                             <td>callback</td>
E                             <td class="code"><pre>&lt;function UserViewSet at 0x107747c40&gt;</pre></td>
E                           </tr>
E                         
E                           <tr>
E                             <td>callback_args</td>
E                             <td class="code"><pre>()</pre></td>
E                           </tr>
E                         
E                           <tr>
E                             <td>callback_kwargs</td>
E                             <td class="code"><pre>{}</pre></td>
E                           </tr>
E                         
E                           <tr>
E                             <td>middleware_method</td>
E                             <td class="code"><pre>&lt;asgiref.sync.SyncToAsync object at 0x10727f8c0&gt;</pre></td>
E                           </tr>
E                         
E                           <tr>
E                             <td>request</td>
E                             <td class="code"><pre>&lt;ASGIRequest: POST &#x27;/users/login/&#x27;&gt;</pre></td>
E                           </tr>
E                         
E                           <tr>
E                             <td>response</td>
E                             <td class="code"><pre>None</pre></td>
E                           </tr>
E                         
E                           <tr>
E                             <td>self</td>
E                             <td class="code"><pre>&lt;django.core.handlers.asgi.ASGIHandler object at 0x107235940&gt;</pre></td>
E                           </tr>
E                         
E                           <tr>
E                             <td>wrapped_callback</td>
E                             <td class="code"><pre>&lt;asgiref.sync.SyncToAsync object at 0x10882f980&gt;</pre></td>
E                           </tr>
E                         
E                       </tbody>
E                     </table>
E                     </details>
E                   
E                 </li>
E               
E                 
E                 <li class="frame django">
E                   
E                     <code class="fname">/Users/mohamedbechirdiarra/Downloads/prototypeGamma/Backend/venv/lib/python3.13/site-packages/django/views/decorators/csrf.py</code>, line 65, in _view_wrapper
E                   
E         
E                   
E                     <div class="context" id="c4437514624">
E                       
E                         <ol start="58" class="pre-context" id="pre4437514624">
E                         
E                           <li onclick="toggle('pre4437514624', 'post4437514624')"><pre></pre></li>
E                         
E                           <li onclick="toggle('pre4437514624', 'post4437514624')"><pre>        async def _view_wrapper(request, *args, **kwargs):</pre></li>
E                         
E                           <li onclick="toggle('pre4437514624', 'post4437514624')"><pre>            return await view_func(request, *args, **kwargs)</pre></li>
E                         
E                           <li onclick="toggle('pre4437514624', 'post4437514624')"><pre></pre></li>
E                         
E                           <li onclick="toggle('pre4437514624', 'post4437514624')"><pre>    else:</pre></li>
E                         
E                           <li onclick="toggle('pre4437514624', 'post4437514624')"><pre></pre></li>
E                         
E                           <li onclick="toggle('pre4437514624', 'post4437514624')"><pre>        def _view_wrapper(request, *args, **kwargs):</pre></li>
E                         
E                         </ol>
E                       
E                       <ol start="65" class="context-line">
E                         <li onclick="toggle('pre4437514624', 'post4437514624')"><pre>            return view_func(request, *args, **kwargs)
E                                ^^^^^^^^^^^^^^^^^^^^^^^^^^^^^^^^^^^</pre> <span>…</span></li>
E                       </ol>
E                       
E                         <ol start='66' class="post-context" id="post4437514624">
E                           
E                           <li onclick="toggle('pre4437514624', 'post4437514624')"><pre></pre></li>
E                           
E                           <li onclick="toggle('pre4437514624', 'post4437514624')"><pre>    _view_wrapper.csrf_exempt = True</pre></li>
E                           
E                           <li onclick="toggle('pre4437514624', 'post4437514624')"><pre></pre></li>
E                           
E                           <li onclick="toggle('pre4437514624', 'post4437514624')"><pre>    return wraps(view_func)(_view_wrapper)</pre></li>
E                           
E                       </ol>
E                       
E                     </div>
E                   
E         
E                   
E                     
E                       <details>
E                         <summary class="commands">Local vars</summary>
E                     
E                     <table class="vars" id="v4437514624">
E                       <thead>
E                         <tr>
E                           <th scope="col">Variable</th>
E                           <th scope="col">Value</th>
E                         </tr>
E                       </thead>
E                       <tbody>
E                         
E                           <tr>
E                             <td>args</td>
E                             <td class="code"><pre>()</pre></td>
E                           </tr>
E                         
E                           <tr>
E                             <td>kwargs</td>
E                             <td class="code"><pre>{}</pre></td>
E                           </tr>
E                         
E                           <tr>
E                             <td>request</td>
E                             <td class="code"><pre>&lt;ASGIRequest: POST &#x27;/users/login/&#x27;&gt;</pre></td>
E                           </tr>
E                         
E                           <tr>
E                             <td>view_func</td>
E                             <td class="code"><pre>&lt;function UserViewSet at 0x107747ba0&gt;</pre></td>
E                           </tr>
E                         
E                       </tbody>
E                     </table>
E                     </details>
E                   
E                 </li>
E               
E                 
E                 <li class="frame user">
E                   
E                     <code class="fname">/Users/mohamedbechirdiarra/Downloads/prototypeGamma/Backend/venv/lib/python3.13/site-packages/rest_framework/viewsets.py</code>, line 125, in view
E                   
E         
E                   
E                     <div class="context" id="c4437352128">
E                       
E                         <ol start="118" class="pre-context" id="pre4437352128">
E                         
E                           <li onclick="toggle('pre4437352128', 'post4437352128')"><pre>                setattr(self, method, handler)</pre></li>
E                         
E                           <li onclick="toggle('pre4437352128', 'post4437352128')"><pre></pre></li>
E                         
E                           <li onclick="toggle('pre4437352128', 'post4437352128')"><pre>            self.request = request</pre></li>
E                         
E                           <li onclick="toggle('pre4437352128', 'post4437352128')"><pre>            self.args = args</pre></li>
E                         
E                           <li onclick="toggle('pre4437352128', 'post4437352128')"><pre>            self.kwargs = kwargs</pre></li>
E                         
E                           <li onclick="toggle('pre4437352128', 'post4437352128')"><pre></pre></li>
E                         
E                           <li onclick="toggle('pre4437352128', 'post4437352128')"><pre>            # And continue as usual</pre></li>
E                         
E                         </ol>
E                       
E                       <ol start="125" class="context-line">
E                         <li onclick="toggle('pre4437352128', 'post4437352128')"><pre>            return self.dispatch(request, *args, **kwargs)
E                                 ^^^^^^^^^^^^^^^^^^^^^^^^^^^^^^^^^^^^^^^</pre> <span>…</span></li>
E                       </ol>
E                       
E                         <ol start='126' class="post-context" id="post4437352128">
E                           
E                           <li onclick="toggle('pre4437352128', 'post4437352128')"><pre></pre></li>
E                           
E                           <li onclick="toggle('pre4437352128', 'post4437352128')"><pre>        # take name and docstring from class</pre></li>
E                           
E                           <li onclick="toggle('pre4437352128', 'post4437352128')"><pre>        update_wrapper(view, cls, updated=())</pre></li>
E                           
E                           <li onclick="toggle('pre4437352128', 'post4437352128')"><pre></pre></li>
E                           
E                           <li onclick="toggle('pre4437352128', 'post4437352128')"><pre>        # and possible attributes set by decorators</pre></li>
E                           
E                           <li onclick="toggle('pre4437352128', 'post4437352128')"><pre>        # like csrf_exempt from dispatch</pre></li>
E                           
E                       </ol>
E                       
E                     </div>
E                   
E         
E                   
E                     
E                       <details>
E                         <summary class="commands">Local vars</summary>
E                     
E                     <table class="vars" id="v4437352128">
E                       <thead>
E                         <tr>
E                           <th scope="col">Variable</th>
E                           <th scope="col">Value</th>
E                         </tr>
E                       </thead>
E                       <tbody>
E                         
E                           <tr>
E                             <td>action</td>
E                             <td class="code"><pre>&#x27;login&#x27;</pre></td>
E                           </tr>
E                         
E                           <tr>
E                             <td>actions</td>
E                             <td class="code"><pre>{&#x27;post&#x27;: &#x27;login&#x27;}</pre></td>
E                           </tr>
E                         
E                           <tr>
E                             <td>args</td>
E                             <td class="code"><pre>()</pre></td>
E                           </tr>
E                         
E                           <tr>
E                             <td>cls</td>
E                             <td class="code"><pre>&lt;class &#x27;users.views.UserViewSet&#x27;&gt;</pre></td>
E                           </tr>
E                         
E                           <tr>
E                             <td>handler</td>
E                             <td class="code"><pre>&lt;bound method UserViewSet.login of &lt;users.views.UserViewSet object at 0x108825c80&gt;&gt;</pre></td>
E                           </tr>
E                         
E                           <tr>
E                             <td>initkwargs</td>
E                             <td class="code"><pre>{}</pre></td>
E                           </tr>
E                         
E                           <tr>
E                             <td>kwargs</td>
E                             <td class="code"><pre>{}</pre></td>
E                           </tr>
E                         
E                           <tr>
E                             <td>method</td>
E                             <td class="code"><pre>&#x27;post&#x27;</pre></td>
E                           </tr>
E                         
E                           <tr>
E                             <td>request</td>
E                             <td class="code"><pre>&lt;ASGIRequest: POST &#x27;/users/login/&#x27;&gt;</pre></td>
E                           </tr>
E                         
E                           <tr>
E                             <td>self</td>
E                             <td class="code"><pre>&lt;users.views.UserViewSet object at 0x108825c80&gt;</pre></td>
E                           </tr>
E                         
E                       </tbody>
E                     </table>
E                     </details>
E                   
E                 </li>
E               
E                 
E                 <li class="frame user">
E                   
E                     <code class="fname">/Users/mohamedbechirdiarra/Downloads/prototypeGamma/Backend/users/views.py</code>, line 641, in dispatch
E                   
E         
E                   
E                     <div class="context" id="c4437350592">
E                       
E                         <ol start="634" class="pre-context" id="pre4437350592">
E                         
E                           <li onclick="toggle('pre4437350592', 'post4437350592')"><pre>            phone = None</pre></li>
E                         
E                           <li onclick="toggle('pre4437350592', 'post4437350592')"><pre>            if hasattr(user, &#x27;client_profile&#x27;):</pre></li>
E                         
E                           <li onclick="toggle('pre4437350592', 'post4437350592')"><pre>                phone = getattr(user.client_profile, &#x27;phone&#x27;, None)</pre></li>
E                         
E                           <li onclick="toggle('pre4437350592', 'post4437350592')"><pre>            elif hasattr(user, &#x27;technician_profile&#x27;):</pre></li>
E                         
E                           <li onclick="toggle('pre4437350592', 'post4437350592')"><pre>                phone = getattr(user.technician_profile, &#x27;phone&#x27;, None)</pre></li>
E                         
E                           <li onclick="toggle('pre4437350592', 'post4437350592')"><pre>            if not phone:</pre></li>
E                         
E                           <li onclick="toggle('pre4437350592', 'post4437350592')"><pre>                return Response({&#x27;error&#x27;: &#x27;Numéro de téléphone obligatoire. Veuillez compléter votre profil.&#x27;}, status=403)</pre></li>
E                         
E                         </ol>
E                       
E                       <ol start="641" class="context-line">
E                         <li onclick="toggle('pre4437350592', 'post4437350592')"><pre>        return super().dispatch(request, *args, **kwargs)
E                             ^^^^^^^^^^^^^^^^^^^^^^^^^^^^^^^^^^^^^^^^^^</pre> <span>…</span></li>
E                       </ol>
E                       
E                         <ol start='642' class="post-context" id="post4437350592">
E                           
E                           <li onclick="toggle('pre4437350592', 'post4437350592')"><pre></pre></li>
E                           
E                           <li onclick="toggle('pre4437350592', 'post4437350592')"><pre>class SecurityDashboardView(APIView):</pre></li>
E                           
E                           <li onclick="toggle('pre4437350592', 'post4437350592')"><pre>    permission_classes = [IsAdminUser]</pre></li>
E                           
E                           <li onclick="toggle('pre4437350592', 'post4437350592')"><pre></pre></li>
E                           
E                           <li onclick="toggle('pre4437350592', 'post4437350592')"><pre>    def get(self, request):</pre></li>
E                           
E                           <li onclick="toggle('pre4437350592', 'post4437350592')"><pre>        now = timezone.now()</pre></li>
E                           
E                       </ol>
E                       
E                     </div>
E                   
E         
E                   
E                     
E                       <details>
E                         <summary class="commands">Local vars</summary>
E                     
E                     <table class="vars" id="v4437350592">
E                       <thead>
E                         <tr>
E                           <th scope="col">Variable</th>
E                           <th scope="col">Value</th>
E                         </tr>
E                       </thead>
E                       <tbody>
E                         
E                           <tr>
E                             <td>__class__</td>
E                             <td class="code"><pre>&lt;class &#x27;users.views.UserViewSet&#x27;&gt;</pre></td>
E                           </tr>
E                         
E                           <tr>
E                             <td>action</td>
E                             <td class="code"><pre>None</pre></td>
E                           </tr>
E                         
E                           <tr>
E                             <td>args</td>
E                             <td class="code"><pre>()</pre></td>
E                           </tr>
E                         
E                           <tr>
E                             <td>exempt_actions</td>
E                             <td class="code"><pre>[&#x27;register&#x27;, &#x27;login&#x27;, &#x27;refresh_token&#x27;, &#x27;update_profile&#x27;, &#x27;me&#x27;]</pre></td>
E                           </tr>
E                         
E                           <tr>
E                             <td>kwargs</td>
E                             <td class="code"><pre>{}</pre></td>
E                           </tr>
E                         
E                           <tr>
E                             <td>request</td>
E                             <td class="code"><pre>&lt;ASGIRequest: POST &#x27;/users/login/&#x27;&gt;</pre></td>
E                           </tr>
E                         
E                           <tr>
E                             <td>self</td>
E                             <td class="code"><pre>&lt;users.views.UserViewSet object at 0x108825c80&gt;</pre></td>
E                           </tr>
E                         
E                       </tbody>
E                     </table>
E                     </details>
E                   
E                 </li>
E               
E                 
E                 <li class="frame user">
E                   
E                     <code class="fname">/Users/mohamedbechirdiarra/Downloads/prototypeGamma/Backend/venv/lib/python3.13/site-packages/rest_framework/views.py</code>, line 515, in dispatch
E                   
E         
E                   
E                     <div class="context" id="c4437513664">
E                       
E                         <ol start="508" class="pre-context" id="pre4437513664">
E                         
E                           <li onclick="toggle('pre4437513664', 'post4437513664')"><pre>                                  self.http_method_not_allowed)</pre></li>
E                         
E                           <li onclick="toggle('pre4437513664', 'post4437513664')"><pre>            else:</pre></li>
E                         
E                           <li onclick="toggle('pre4437513664', 'post4437513664')"><pre>                handler = self.http_method_not_allowed</pre></li>
E                         
E                           <li onclick="toggle('pre4437513664', 'post4437513664')"><pre></pre></li>
E                         
E                           <li onclick="toggle('pre4437513664', 'post4437513664')"><pre>            response = handler(request, *args, **kwargs)</pre></li>
E                         
E                           <li onclick="toggle('pre4437513664', 'post4437513664')"><pre></pre></li>
E                         
E                           <li onclick="toggle('pre4437513664', 'post4437513664')"><pre>        except Exception as exc:</pre></li>
E                         
E                         </ol>
E                       
E                       <ol start="515" class="context-line">
E                         <li onclick="toggle('pre4437513664', 'post4437513664')"><pre>            response = self.handle_exception(exc)
E                                     ^^^^^^^^^^^^^^^^^^^^^^^^^^</pre> <span>…</span></li>
E                       </ol>
E                       
E                         <ol start='516' class="post-context" id="post4437513664">
E                           
E                           <li onclick="toggle('pre4437513664', 'post4437513664')"><pre></pre></li>
E                           
E                           <li onclick="toggle('pre4437513664', 'post4437513664')"><pre>        self.response = self.finalize_response(request, response, *args, **kwargs)</pre></li>
E                           
E                           <li onclick="toggle('pre4437513664', 'post4437513664')"><pre>        return self.response</pre></li>
E                           
E                           <li onclick="toggle('pre4437513664', 'post4437513664')"><pre></pre></li>
E                           
E                           <li onclick="toggle('pre4437513664', 'post4437513664')"><pre>    def options(self, request, *args, **kwargs):</pre></li>
E                           
E                           <li onclick="toggle('pre4437513664', 'post4437513664')"><pre>        &quot;&quot;&quot;</pre></li>
E                           
E                       </ol>
E                       
E                     </div>
E                   
E         
E                   
E                     
E                       <details>
E                         <summary class="commands">Local vars</summary>
E                     
E                     <table class="vars" id="v4437513664">
E                       <thead>
E                         <tr>
E                           <th scope="col">Variable</th>
E                           <th scope="col">Value</th>
E                         </tr>
E                       </thead>
E                       <tbody>
E                         
E                           <tr>
E                             <td>args</td>
E                             <td class="code"><pre>()</pre></td>
E                           </tr>
E                         
E                           <tr>
E                             <td>handler</td>
E                             <td class="code"><pre>&lt;bound method UserViewSet.login of &lt;users.views.UserViewSet object at 0x108825c80&gt;&gt;</pre></td>
E                           </tr>
E                         
E                           <tr>
E                             <td>kwargs</td>
E                             <td class="code"><pre>{}</pre></td>
E                           </tr>
E                         
E                           <tr>
E                             <td>request</td>
E                             <td class="code"><pre>&lt;rest_framework.request.Request: POST &#x27;/users/login/&#x27;&gt;</pre></td>
E                           </tr>
E                         
E                           <tr>
E                             <td>self</td>
E                             <td class="code"><pre>&lt;users.views.UserViewSet object at 0x108825c80&gt;</pre></td>
E                           </tr>
E                         
E                       </tbody>
E                     </table>
E                     </details>
E                   
E                 </li>
E               
E                 
E                 <li class="frame user">
E                   
E                     <code class="fname">/Users/mohamedbechirdiarra/Downloads/prototypeGamma/Backend/venv/lib/python3.13/site-packages/rest_framework/views.py</code>, line 475, in handle_exception
E                   
E         
E                   
E                     <div class="context" id="c4437513280">
E                       
E                         <ol start="468" class="pre-context" id="pre4437513280">
E                         
E                           <li onclick="toggle('pre4437513280', 'post4437513280')"><pre></pre></li>
E                         
E                           <li onclick="toggle('pre4437513280', 'post4437513280')"><pre>        exception_handler = self.get_exception_handler()</pre></li>
E                         
E                           <li onclick="toggle('pre4437513280', 'post4437513280')"><pre></pre></li>
E                         
E                           <li onclick="toggle('pre4437513280', 'post4437513280')"><pre>        context = self.get_exception_handler_context()</pre></li>
E                         
E                           <li onclick="toggle('pre4437513280', 'post4437513280')"><pre>        response = exception_handler(exc, context)</pre></li>
E                         
E                           <li onclick="toggle('pre4437513280', 'post4437513280')"><pre></pre></li>
E                         
E                           <li onclick="toggle('pre4437513280', 'post4437513280')"><pre>        if response is None:</pre></li>
E                         
E                         </ol>
E                       
E                       <ol start="475" class="context-line">
E                         <li onclick="toggle('pre4437513280', 'post4437513280')"><pre>            self.raise_uncaught_exception(exc)
E                          ^^^^^^^^^^^^^^^^^^^^^^^^^^^^^^^^^^</pre> <span>…</span></li>
E                       </ol>
E                       
E                         <ol start='476' class="post-context" id="post4437513280">
E                           
E                           <li onclick="toggle('pre4437513280', 'post4437513280')"><pre></pre></li>
E                           
E                           <li onclick="toggle('pre4437513280', 'post4437513280')"><pre>        response.exception = True</pre></li>
E                           
E                           <li onclick="toggle('pre4437513280', 'post4437513280')"><pre>        return response</pre></li>
E                           
E                           <li onclick="toggle('pre4437513280', 'post4437513280')"><pre></pre></li>
E                           
E                           <li onclick="toggle('pre4437513280', 'post4437513280')"><pre>    def raise_uncaught_exception(self, exc):</pre></li>
E                           
E                           <li onclick="toggle('pre4437513280', 'post4437513280')"><pre>        if settings.DEBUG:</pre></li>
E                           
E                       </ol>
E                       
E                     </div>
E                   
E         
E                   
E                     
E                       <details>
E                         <summary class="commands">Local vars</summary>
E                     
E                     <table class="vars" id="v4437513280">
E                       <thead>
E                         <tr>
E                           <th scope="col">Variable</th>
E                           <th scope="col">Value</th>
E                         </tr>
E                       </thead>
E                       <tbody>
E                         
E                           <tr>
E                             <td>context</td>
E                             <td class="code"><pre>{&#x27;args&#x27;: (),
E          &#x27;kwargs&#x27;: {},
E          &#x27;request&#x27;: &lt;rest_framework.request.Request: POST &#x27;/users/login/&#x27;&gt;,
E          &#x27;view&#x27;: &lt;users.views.UserViewSet object at 0x108825c80&gt;}</pre></td>
E                           </tr>
E                         
E                           <tr>
E                             <td>exc</td>
E                             <td class="code"><pre>IntegrityError(&#x27;FOREIGN KEY constraint failed&#x27;)</pre></td>
E                           </tr>
E                         
E                           <tr>
E                             <td>exception_handler</td>
E                             <td class="code"><pre>&lt;function exception_handler at 0x10770f100&gt;</pre></td>
E                           </tr>
E                         
E                           <tr>
E                             <td>response</td>
E                             <td class="code"><pre>None</pre></td>
E                           </tr>
E                         
E                           <tr>
E                             <td>self</td>
E                             <td class="code"><pre>&lt;users.views.UserViewSet object at 0x108825c80&gt;</pre></td>
E                           </tr>
E                         
E                       </tbody>
E                     </table>
E                     </details>
E                   
E                 </li>
E               
E                 
E                 <li class="frame user">
E                   
E                     <code class="fname">/Users/mohamedbechirdiarra/Downloads/prototypeGamma/Backend/venv/lib/python3.13/site-packages/rest_framework/views.py</code>, line 486, in raise_uncaught_exception
E                   
E         
E                   
E                     <div class="context" id="c4437517760">
E                       
E                         <ol start="479" class="pre-context" id="pre4437517760">
E                         
E                           <li onclick="toggle('pre4437517760', 'post4437517760')"><pre></pre></li>
E                         
E                           <li onclick="toggle('pre4437517760', 'post4437517760')"><pre>    def raise_uncaught_exception(self, exc):</pre></li>
E                         
E                           <li onclick="toggle('pre4437517760', 'post4437517760')"><pre>        if settings.DEBUG:</pre></li>
E                         
E                           <li onclick="toggle('pre4437517760', 'post4437517760')"><pre>            request = self.request</pre></li>
E                         
E                           <li onclick="toggle('pre4437517760', 'post4437517760')"><pre>            renderer_format = getattr(request.accepted_renderer, &#x27;format&#x27;)</pre></li>
E                         
E                           <li onclick="toggle('pre4437517760', 'post4437517760')"><pre>            use_plaintext_traceback = renderer_format not in (&#x27;html&#x27;, &#x27;api&#x27;, &#x27;admin&#x27;)</pre></li>
E                         
E                           <li onclick="toggle('pre4437517760', 'post4437517760')"><pre>            request.force_plaintext_errors(use_plaintext_traceback)</pre></li>
E                         
E                         </ol>
E                       
E                       <ol start="486" class="context-line">
E                         <li onclick="toggle('pre4437517760', 'post4437517760')"><pre>        raise exc
E                      ^^^^^^^^^</pre> <span>…</span></li>
E                       </ol>
E                       
E                         <ol start='487' class="post-context" id="post4437517760">
E                           
E                           <li onclick="toggle('pre4437517760', 'post4437517760')"><pre></pre></li>
E                           
E                           <li onclick="toggle('pre4437517760', 'post4437517760')"><pre>    # Note: Views are made CSRF exempt from within `as_view` as to prevent</pre></li>
E                           
E                           <li onclick="toggle('pre4437517760', 'post4437517760')"><pre>    # accidental removal of this exemption in cases where `dispatch` needs to</pre></li>
E                           
E                           <li onclick="toggle('pre4437517760', 'post4437517760')"><pre>    # be overridden.</pre></li>
E                           
E                           <li onclick="toggle('pre4437517760', 'post4437517760')"><pre>    def dispatch(self, request, *args, **kwargs):</pre></li>
E                           
E                           <li onclick="toggle('pre4437517760', 'post4437517760')"><pre>        &quot;&quot;&quot;</pre></li>
E                           
E                       </ol>
E                       
E                     </div>
E                   
E         
E                   
E                     
E                       <details>
E                         <summary class="commands">Local vars</summary>
E                     
E                     <table class="vars" id="v4437517760">
E                       <thead>
E                         <tr>
E                           <th scope="col">Variable</th>
E                           <th scope="col">Value</th>
E                         </tr>
E                       </thead>
E                       <tbody>
E                         
E                           <tr>
E                             <td>exc</td>
E                             <td class="code"><pre>IntegrityError(&#x27;FOREIGN KEY constraint failed&#x27;)</pre></td>
E                           </tr>
E                         
E                           <tr>
E                             <td>renderer_format</td>
E                             <td class="code"><pre>&#x27;json&#x27;</pre></td>
E                           </tr>
E                         
E                           <tr>
E                             <td>request</td>
E                             <td class="code"><pre>&lt;rest_framework.request.Request: POST &#x27;/users/login/&#x27;&gt;</pre></td>
E                           </tr>
E                         
E                           <tr>
E                             <td>self</td>
E                             <td class="code"><pre>&lt;users.views.UserViewSet object at 0x108825c80&gt;</pre></td>
E                           </tr>
E                         
E                           <tr>
E                             <td>use_plaintext_traceback</td>
E                             <td class="code"><pre>True</pre></td>
E                           </tr>
E                         
E                       </tbody>
E                     </table>
E                     </details>
E                   
E                 </li>
E               
E                 
E                 <li class="frame user">
E                   
E                     <code class="fname">/Users/mohamedbechirdiarra/Downloads/prototypeGamma/Backend/venv/lib/python3.13/site-packages/rest_framework/views.py</code>, line 512, in dispatch
E                   
E         
E                   
E                     <div class="context" id="c4437516928">
E                       
E                         <ol start="505" class="pre-context" id="pre4437516928">
E                         
E                           <li onclick="toggle('pre4437516928', 'post4437516928')"><pre>            # Get the appropriate handler method</pre></li>
E                         
E                           <li onclick="toggle('pre4437516928', 'post4437516928')"><pre>            if request.method.lower() in self.http_method_names:</pre></li>
E                         
E                           <li onclick="toggle('pre4437516928', 'post4437516928')"><pre>                handler = getattr(self, request.method.lower(),</pre></li>
E                         
E                           <li onclick="toggle('pre4437516928', 'post4437516928')"><pre>                                  self.http_method_not_allowed)</pre></li>
E                         
E                           <li onclick="toggle('pre4437516928', 'post4437516928')"><pre>            else:</pre></li>
E                         
E                           <li onclick="toggle('pre4437516928', 'post4437516928')"><pre>                handler = self.http_method_not_allowed</pre></li>
E                         
E                           <li onclick="toggle('pre4437516928', 'post4437516928')"><pre></pre></li>
E                         
E                         </ol>
E                       
E                       <ol start="512" class="context-line">
E                         <li onclick="toggle('pre4437516928', 'post4437516928')"><pre>            response = handler(request, *args, **kwargs)
E                                     ^^^^^^^^^^^^^^^^^^^^^^^^^^^^^^^^^</pre> <span>…</span></li>
E                       </ol>
E                       
E                         <ol start='513' class="post-context" id="post4437516928">
E                           
E                           <li onclick="toggle('pre4437516928', 'post4437516928')"><pre></pre></li>
E                           
E                           <li onclick="toggle('pre4437516928', 'post4437516928')"><pre>        except Exception as exc:</pre></li>
E                           
E                           <li onclick="toggle('pre4437516928', 'post4437516928')"><pre>            response = self.handle_exception(exc)</pre></li>
E                           
E                           <li onclick="toggle('pre4437516928', 'post4437516928')"><pre></pre></li>
E                           
E                           <li onclick="toggle('pre4437516928', 'post4437516928')"><pre>        self.response = self.finalize_response(request, response, *args, **kwargs)</pre></li>
E                           
E                           <li onclick="toggle('pre4437516928', 'post4437516928')"><pre>        return self.response</pre></li>
E                           
E                       </ol>
E                       
E                     </div>
E                   
E         
E                   
E                     
E                       <details>
E                         <summary class="commands">Local vars</summary>
E                     
E                     <table class="vars" id="v4437516928">
E                       <thead>
E                         <tr>
E                           <th scope="col">Variable</th>
E                           <th scope="col">Value</th>
E                         </tr>
E                       </thead>
E                       <tbody>
E                         
E                           <tr>
E                             <td>args</td>
E                             <td class="code"><pre>()</pre></td>
E                           </tr>
E                         
E                           <tr>
E                             <td>handler</td>
E                             <td class="code"><pre>&lt;bound method UserViewSet.login of &lt;users.views.UserViewSet object at 0x108825c80&gt;&gt;</pre></td>
E                           </tr>
E                         
E                           <tr>
E                             <td>kwargs</td>
E                             <td class="code"><pre>{}</pre></td>
E                           </tr>
E                         
E                           <tr>
E                             <td>request</td>
E                             <td class="code"><pre>&lt;rest_framework.request.Request: POST &#x27;/users/login/&#x27;&gt;</pre></td>
E                           </tr>
E                         
E                           <tr>
E                             <td>self</td>
E                             <td class="code"><pre>&lt;users.views.UserViewSet object at 0x108825c80&gt;</pre></td>
E                           </tr>
E                         
E                       </tbody>
E                     </table>
E                     </details>
E                   
E                 </li>
E               
E                 
E                 <li class="frame user">
E                   
E                     <code class="fname">/Users/mohamedbechirdiarra/Downloads/prototypeGamma/Backend/users/views.py</code>, line 382, in login
E                   
E         
E                   
E                     <div class="context" id="c4437510528">
E                       
E                         <ol start="375" class="pre-context" id="pre4437510528">
E                         
E                           <li onclick="toggle('pre4437510528', 'post4437510528')"><pre>                            event_type=&quot;login_high_risk&quot;</pre></li>
E                         
E                           <li onclick="toggle('pre4437510528', 'post4437510528')"><pre>                        )</pre></li>
E                         
E                           <li onclick="toggle('pre4437510528', 'post4437510528')"><pre>                    return Response({</pre></li>
E                         
E                           <li onclick="toggle('pre4437510528', 'post4437510528')"><pre>                        &#x27;otp_required&#x27;: True,</pre></li>
E                         
E                           <li onclick="toggle('pre4437510528', 'post4437510528')"><pre>                        &#x27;session_uuid&#x27;: str(otp.session_uuid),</pre></li>
E                         
E                           <li onclick="toggle('pre4437510528', 'post4437510528')"><pre>                        &#x27;message&#x27;: &#x27;Un code de vérification a été envoyé à votre email.&#x27;</pre></li>
E                         
E                           <li onclick="toggle('pre4437510528', 'post4437510528')"><pre>                    }, status=200)</pre></li>
E                         
E                         </ol>
E                       
E                       <ol start="382" class="context-line">
E                         <li onclick="toggle('pre4437510528', 'post4437510528')"><pre>                log_event(request, &#x27;login&#x27;, &#x27;success&#x27;, risk_score=risk_score, metadata={}, user=user)
E                              ^^^^^^^^^^^^^^^^^^^^^^^^^^^^^^^^^^^^^^^^^^^^^^^^^^^^^^^^^^^^^^^^^^^^^^^^^^^^^^^^^^^^^</pre> <span>…</span></li>
E                       </ol>
E                       
E                         <ol start='383' class="post-context" id="post4437510528">
E                           
E                           <li onclick="toggle('pre4437510528', 'post4437510528')"><pre>                refresh = RefreshToken.for_user(user)</pre></li>
E                           
E                           <li onclick="toggle('pre4437510528', 'post4437510528')"><pre>                return Response({</pre></li>
E                           
E                           <li onclick="toggle('pre4437510528', 'post4437510528')"><pre>                    &#x27;user&#x27;: UserSerializer(user).data,</pre></li>
E                           
E                           <li onclick="toggle('pre4437510528', 'post4437510528')"><pre>                    &#x27;profile&#x27;: self.get_profile_data(user),</pre></li>
E                           
E                           <li onclick="toggle('pre4437510528', 'post4437510528')"><pre>                    &#x27;refresh&#x27;: str(refresh),</pre></li>
E                           
E                           <li onclick="toggle('pre4437510528', 'post4437510528')"><pre>                    &#x27;access&#x27;: str(refresh.access_token),</pre></li>
E                           
E                       </ol>
E                       
E                     </div>
E                   
E         
E                   
E                     
E                       <details>
E                         <summary class="commands">Local vars</summary>
E                     
E                     <table class="vars" id="v4437510528">
E                       <thead>
E                         <tr>
E                           <th scope="col">Variable</th>
E                           <th scope="col">Value</th>
E                         </tr>
E                       </thead>
E                       <tbody>
E                         
E                           <tr>
E                             <td>email</td>
E                             <td class="code"><pre>&#x27;testuser_ktpdeh@example.com&#x27;</pre></td>
E                           </tr>
E                         
E                           <tr>
E                             <td>password</td>
E                             <td class="code"><pre>&#x27;TestUser1234!&#x27;</pre></td>
E                           </tr>
E                         
E                           <tr>
E                             <td>request</td>
E                             <td class="code"><pre>&lt;rest_framework.request.Request: POST &#x27;/users/login/&#x27;&gt;</pre></td>
E                           </tr>
E                         
E                           <tr>
E                             <td>risk_score</td>
E                             <td class="code"><pre>0</pre></td>
E                           </tr>
E                         
E                           <tr>
E                             <td>self</td>
E                             <td class="code"><pre>&lt;users.views.UserViewSet object at 0x108825c80&gt;</pre></td>
E                           </tr>
E                         
E                           <tr>
E                             <td>user</td>
E                             <td class="code"><pre>&lt;User: testuser_ktpdeh (Client)&gt;</pre></td>
E                           </tr>
E                         
E                       </tbody>
E                     </table>
E                     </details>
E                   
E                 </li>
E               
E                 
E                 <li class="frame user">
E                   
E                     <code class="fname">/Users/mohamedbechirdiarra/Downloads/prototypeGamma/Backend/users/utils.py</code>, line 14, in log_event
E                   
E         
E                   
E                     <div class="context" id="c4437512768">
E                       
E                         <ol start="7" class="pre-context" id="pre4437512768">
E                         
E                           <li onclick="toggle('pre4437512768', 'post4437512768')"><pre>    if user is None:</pre></li>
E                         
E                           <li onclick="toggle('pre4437512768', 'post4437512768')"><pre>        user = request.user if hasattr(request, &#x27;user&#x27;) and request.user.is_authenticated else None</pre></li>
E                         
E                           <li onclick="toggle('pre4437512768', 'post4437512768')"><pre>    ip = request.META.get(&#x27;REMOTE_ADDR&#x27;)</pre></li>
E                         
E                           <li onclick="toggle('pre4437512768', 'post4437512768')"><pre>    user_agent = request.META.get(&#x27;HTTP_USER_AGENT&#x27;, &#x27;&#x27;)</pre></li>
E                         
E                           <li onclick="toggle('pre4437512768', 'post4437512768')"><pre>    geo_country = getattr(request, &#x27;geoip_country&#x27;, &#x27;&#x27;) or request.META.get(&#x27;GEOIP_COUNTRY&#x27;, &#x27;&#x27;)</pre></li>
E                         
E                           <li onclick="toggle('pre4437512768', 'post4437512768')"><pre>    geo_city = getattr(request, &#x27;geoip_city&#x27;, &#x27;&#x27;) or request.META.get(&#x27;GEOIP_CITY&#x27;, &#x27;&#x27;)</pre></li>
E                         
E                           <li onclick="toggle('pre4437512768', 'post4437512768')"><pre>    location = get_location_from_ip(ip)</pre></li>
E                         
E                         </ol>
E                       
E                       <ol start="14" class="context-line">
E                         <li onclick="toggle('pre4437512768', 'post4437512768')"><pre>    AuditLog.objects.create(
E                 ^</pre> <span>…</span></li>
E                       </ol>
E                       
E                         <ol start='15' class="post-context" id="post4437512768">
E                           
E                           <li onclick="toggle('pre4437512768', 'post4437512768')"><pre>        user=user,</pre></li>
E                           
E                           <li onclick="toggle('pre4437512768', 'post4437512768')"><pre>        ip_address=ip,</pre></li>
E                           
E                           <li onclick="toggle('pre4437512768', 'post4437512768')"><pre>        user_agent=user_agent,</pre></li>
E                           
E                           <li onclick="toggle('pre4437512768', 'post4437512768')"><pre>        event_type=event_type,</pre></li>
E                           
E                           <li onclick="toggle('pre4437512768', 'post4437512768')"><pre>        status=status,</pre></li>
E                           
E                           <li onclick="toggle('pre4437512768', 'post4437512768')"><pre>        geo_country=geo_country,</pre></li>
E                           
E                       </ol>
E                       
E                     </div>
E                   
E         
E                   
E                     
E                       <details>
E                         <summary class="commands">Local vars</summary>
E                     
E                     <table class="vars" id="v4437512768">
E                       <thead>
E                         <tr>
E                           <th scope="col">Variable</th>
E                           <th scope="col">Value</th>
E                         </tr>
E                       </thead>
E                       <tbody>
E                         
E                           <tr>
E                             <td>event_type</td>
E                             <td class="code"><pre>&#x27;login&#x27;</pre></td>
E                           </tr>
E                         
E                           <tr>
E                             <td>geo_city</td>
E                             <td class="code"><pre>&#x27;&#x27;</pre></td>
E                           </tr>
E                         
E                           <tr>
E                             <td>geo_country</td>
E                             <td class="code"><pre>&#x27;&#x27;</pre></td>
E                           </tr>
E                         
E                           <tr>
E                             <td>ip</td>
E                             <td class="code"><pre>&#x27;127.0.0.1&#x27;</pre></td>
E                           </tr>
E                         
E                           <tr>
E                             <td>location</td>
E                             <td class="code"><pre>None</pre></td>
E                           </tr>
E                         
E                           <tr>
E                             <td>metadata</td>
E                             <td class="code"><pre>{}</pre></td>
E                           </tr>
E                         
E                           <tr>
E                             <td>request</td>
E                             <td class="code"><pre>&lt;rest_framework.request.Request: POST &#x27;/users/login/&#x27;&gt;</pre></td>
E                           </tr>
E                         
E                           <tr>
E                             <td>risk_score</td>
E                             <td class="code"><pre>0</pre></td>
E                           </tr>
E                         
E                           <tr>
E                             <td>status</td>
E                             <td class="code"><pre>&#x27;success&#x27;</pre></td>
E                           </tr>
E                         
E                           <tr>
E                             <td>user</td>
E                             <td class="code"><pre>&lt;User: testuser_ktpdeh (Client)&gt;</pre></td>
E                           </tr>
E                         
E                           <tr>
E                             <td>user_agent</td>
E                             <td class="code"><pre>&#x27;python-requests/2.32.4&#x27;</pre></td>
E                           </tr>
E                         
E                       </tbody>
E                     </table>
E                     </details>
E                   
E                 </li>
E               
E                 
E                 <li class="frame django">
E                   
E                     <code class="fname">/Users/mohamedbechirdiarra/Downloads/prototypeGamma/Backend/venv/lib/python3.13/site-packages/django/db/models/manager.py</code>, line 87, in manager_method
E                   
E         
E                   
E                     <div class="context" id="c4437355968">
E                       
E                         <ol start="80" class="pre-context" id="pre4437355968">
E                         
E                           <li onclick="toggle('pre4437355968', 'post4437355968')"><pre>        return []</pre></li>
E                         
E                           <li onclick="toggle('pre4437355968', 'post4437355968')"><pre></pre></li>
E                         
E                           <li onclick="toggle('pre4437355968', 'post4437355968')"><pre>    @classmethod</pre></li>
E                         
E                           <li onclick="toggle('pre4437355968', 'post4437355968')"><pre>    def _get_queryset_methods(cls, queryset_class):</pre></li>
E                         
E                           <li onclick="toggle('pre4437355968', 'post4437355968')"><pre>        def create_method(name, method):</pre></li>
E                         
E                           <li onclick="toggle('pre4437355968', 'post4437355968')"><pre>            @wraps(method)</pre></li>
E                         
E                           <li onclick="toggle('pre4437355968', 'post4437355968')"><pre>            def manager_method(self, *args, **kwargs):</pre></li>
E                         
E                         </ol>
E                       
E                       <ol start="87" class="context-line">
E                         <li onclick="toggle('pre4437355968', 'post4437355968')"><pre>                return getattr(self.get_queryset(), name)(*args, **kwargs)
E                                    ^^^^^^^^^^^^^^^^^^^^^^^^^^^^^^^^^^^^^^^^^^^^^^^^^^^</pre> <span>…</span></li>
E                       </ol>
E                       
E                         <ol start='88' class="post-context" id="post4437355968">
E                           
E                           <li onclick="toggle('pre4437355968', 'post4437355968')"><pre></pre></li>
E                           
E                           <li onclick="toggle('pre4437355968', 'post4437355968')"><pre>            return manager_method</pre></li>
E                           
E                           <li onclick="toggle('pre4437355968', 'post4437355968')"><pre></pre></li>
E                           
E                           <li onclick="toggle('pre4437355968', 'post4437355968')"><pre>        new_methods = {}</pre></li>
E                           
E                           <li onclick="toggle('pre4437355968', 'post4437355968')"><pre>        for name, method in inspect.getmembers(</pre></li>
E                           
E                           <li onclick="toggle('pre4437355968', 'post4437355968')"><pre>            queryset_class, predicate=inspect.isfunction</pre></li>
E                           
E                       </ol>
E                       
E                     </div>
E                   
E         
E                   
E                     
E                       <details>
E                         <summary class="commands">Local vars</summary>
E                     
E                     <table class="vars" id="v4437355968">
E                       <thead>
E                         <tr>
E                           <th scope="col">Variable</th>
E                           <th scope="col">Value</th>
E                         </tr>
E                       </thead>
E                       <tbody>
E                         
E                           <tr>
E                             <td>args</td>
E                             <td class="code"><pre>()</pre></td>
E                           </tr>
E                         
E                           <tr>
E                             <td>kwargs</td>
E                             <td class="code"><pre>{&#x27;event_type&#x27;: &#x27;login&#x27;,
E          &#x27;geo_city&#x27;: &#x27;&#x27;,
E          &#x27;geo_country&#x27;: &#x27;&#x27;,
E          &#x27;ip_address&#x27;: &#x27;127.0.0.1&#x27;,
E          &#x27;location&#x27;: None,
E          &#x27;metadata&#x27;: {},
E          &#x27;risk_score&#x27;: 0,
E          &#x27;status&#x27;: &#x27;success&#x27;,
E          &#x27;user&#x27;: &lt;User: testuser_ktpdeh (Client)&gt;,
E          &#x27;user_agent&#x27;: &#x27;python-requests/2.32.4&#x27;}</pre></td>
E                           </tr>
E                         
E                           <tr>
E                             <td>name</td>
E                             <td class="code"><pre>&#x27;create&#x27;</pre></td>
E                           </tr>
E                         
E                           <tr>
E                             <td>self</td>
E                             <td class="code"><pre>&lt;django.db.models.manager.Manager object at 0x10840cad0&gt;</pre></td>
E                           </tr>
E                         
E                       </tbody>
E                     </table>
E                     </details>
E                   
E                 </li>
E               
E                 
E                 <li class="frame django">
E                   
E                     <code class="fname">/Users/mohamedbechirdiarra/Downloads/prototypeGamma/Backend/venv/lib/python3.13/site-packages/django/db/models/query.py</code>, line 663, in create
E                   
E         
E                   
E                     <div class="context" id="c4437510720">
E                       
E                         <ol start="656" class="pre-context" id="pre4437510720">
E                         
E                           <li onclick="toggle('pre4437510720', 'post4437510720')"><pre>            raise ValueError(</pre></li>
E                         
E                           <li onclick="toggle('pre4437510720', 'post4437510720')"><pre>                &quot;The following fields do not exist in this model: %s&quot;</pre></li>
E                         
E                           <li onclick="toggle('pre4437510720', 'post4437510720')"><pre>                % &quot;, &quot;.join(reverse_one_to_one_fields)</pre></li>
E                         
E                           <li onclick="toggle('pre4437510720', 'post4437510720')"><pre>            )</pre></li>
E                         
E                           <li onclick="toggle('pre4437510720', 'post4437510720')"><pre></pre></li>
E                         
E                           <li onclick="toggle('pre4437510720', 'post4437510720')"><pre>        obj = self.model(**kwargs)</pre></li>
E                         
E                           <li onclick="toggle('pre4437510720', 'post4437510720')"><pre>        self._for_write = True</pre></li>
E                         
E                         </ol>
E                       
E                       <ol start="663" class="context-line">
E                         <li onclick="toggle('pre4437510720', 'post4437510720')"><pre>        obj.save(force_insert=True, using=self.db)
E                      ^^^^^^^^^^^^^^^^^^^^^^^^^^^^^^^^^^^^^^^^^^</pre> <span>…</span></li>
E                       </ol>
E                       
E                         <ol start='664' class="post-context" id="post4437510720">
E                           
E                           <li onclick="toggle('pre4437510720', 'post4437510720')"><pre>        return obj</pre></li>
E                           
E                           <li onclick="toggle('pre4437510720', 'post4437510720')"><pre></pre></li>
E                           
E                           <li onclick="toggle('pre4437510720', 'post4437510720')"><pre>    create.alters_data = True</pre></li>
E                           
E                           <li onclick="toggle('pre4437510720', 'post4437510720')"><pre></pre></li>
E                           
E                           <li onclick="toggle('pre4437510720', 'post4437510720')"><pre>    async def acreate(self, **kwargs):</pre></li>
E                           
E                           <li onclick="toggle('pre4437510720', 'post4437510720')"><pre>        return await sync_to_async(self.create)(**kwargs)</pre></li>
E                           
E                       </ol>
E                       
E                     </div>
E                   
E         
E                   
E                     
E                       <details>
E                         <summary class="commands">Local vars</summary>
E                     
E                     <table class="vars" id="v4437510720">
E                       <thead>
E                         <tr>
E                           <th scope="col">Variable</th>
E                           <th scope="col">Value</th>
E                         </tr>
E                       </thead>
E                       <tbody>
E                         
E                           <tr>
E                             <td>kwargs</td>
E                             <td class="code"><pre>{&#x27;event_type&#x27;: &#x27;login&#x27;,
E          &#x27;geo_city&#x27;: &#x27;&#x27;,
E          &#x27;geo_country&#x27;: &#x27;&#x27;,
E          &#x27;ip_address&#x27;: &#x27;127.0.0.1&#x27;,
E          &#x27;location&#x27;: None,
E          &#x27;metadata&#x27;: {},
E          &#x27;risk_score&#x27;: 0,
E          &#x27;status&#x27;: &#x27;success&#x27;,
E          &#x27;user&#x27;: &lt;User: testuser_ktpdeh (Client)&gt;,
E          &#x27;user_agent&#x27;: &#x27;python-requests/2.32.4&#x27;}</pre></td>
E                           </tr>
E                         
E                           <tr>
E                             <td>obj</td>
E                             <td class="code"><pre>&lt;AuditLog: [2025-07-14 11:43:31.094526+00:00] testuser_ktpdeh (Client) - login (success)&gt;</pre></td>
E                           </tr>
E                         
E                           <tr>
E                             <td>reverse_one_to_one_fields</td>
E                             <td class="code"><pre>frozenset()</pre></td>
E                           </tr>
E                         
E                           <tr>
E                             <td>self</td>
E                             <td class="code"><pre>&lt;QuerySet [&lt;AuditLog: [2025-07-14 11:20:26.143987+00:00] None - login (failure)&gt;, &lt;AuditLog: [2025-07-14 11:20:26.172163+00:00] None - login (failure)&gt;, &lt;AuditLog: [2025-07-14 11:20:26.440678+00:00] None - login (failure)&gt;, &lt;AuditLog: [2025-07-14 11:20:26.472641+00:00] None - login (failure)&gt;, &lt;AuditLog: [2025-07-14 11:20:42.818165+00:00] None - login (failure)&gt;, &lt;AuditLog: [2025-07-14 11:20:42.834927+00:00] None - login (failure)&gt;, &lt;AuditLog: [2025-07-14 11:20:42.840926+00:00] None - login (failure)&gt;, &lt;AuditLog: [2025-07-14 11:20:42.849907+00:00] None - login (failure)&gt;, &lt;AuditLog: [2025-07-14 11:20:42.855760+00:00] None - login (failure)&gt;, &lt;AuditLog: [2025-07-14 11:20:42.866003+00:00] None - login (failure)&gt;, &lt;AuditLog: [2025-07-14 11:20:42.871786+00:00] None - login (failure)&gt;, &lt;AuditLog: [2025-07-14 11:20:42.878738+00:00] None - login (failure)&gt;, &lt;AuditLog: [2025-07-14 11:20:42.887097+00:00] None - login (failure)&gt;, &lt;AuditLog: [2025-07-14 11:20:42.933562+00:00] None - login (failure)&gt;, &lt;AuditLog: [2025-07-14 11:20:42.948908+00:00] None - login (failure)&gt;, &lt;AuditLog: [2025-07-14 11:20:42.955057+00:00] None - login (failure)&gt;, &lt;AuditLog: [2025-07-14 11:20:43.030569+00:00] None - login (failure)&gt;, &lt;AuditLog: [2025-07-14 11:20:43.035801+00:00] None - login (failure)&gt;, &lt;AuditLog: [2025-07-14 11:20:43.041067+00:00] None - login (failure)&gt;, &lt;AuditLog: [2025-07-14 11:20:43.057293+00:00] None - login (failure)&gt;, &#x27;...(remaining elements truncated)...&#x27;]&gt;</pre></td>
E                           </tr>
E                         
E                       </tbody>
E                     </table>
E                     </details>
E                   
E                 </li>
E               
E                 
E                 <li class="frame django">
E                   
E                     <code class="fname">/Users/mohamedbechirdiarra/Downloads/prototypeGamma/Backend/venv/lib/python3.13/site-packages/django/db/models/base.py</code>, line 902, in save
E                   
E         
E                   
E                     <div class="context" id="c4437514880">
E                       
E                         <ol start="895" class="pre-context" id="pre4437514880">
E                         
E                           <li onclick="toggle('pre4437514880', 'post4437514880')"><pre>            for field in self._meta.concrete_fields:</pre></li>
E                         
E                           <li onclick="toggle('pre4437514880', 'post4437514880')"><pre>                if field not in pk_fields and not hasattr(field, &quot;through&quot;):</pre></li>
E                         
E                           <li onclick="toggle('pre4437514880', 'post4437514880')"><pre>                    field_names.add(field.attname)</pre></li>
E                         
E                           <li onclick="toggle('pre4437514880', 'post4437514880')"><pre>            loaded_fields = field_names.difference(deferred_non_generated_fields)</pre></li>
E                         
E                           <li onclick="toggle('pre4437514880', 'post4437514880')"><pre>            if loaded_fields:</pre></li>
E                         
E                           <li onclick="toggle('pre4437514880', 'post4437514880')"><pre>                update_fields = frozenset(loaded_fields)</pre></li>
E                         
E                           <li onclick="toggle('pre4437514880', 'post4437514880')"><pre></pre></li>
E                         
E                         </ol>
E                       
E                       <ol start="902" class="context-line">
E                         <li onclick="toggle('pre4437514880', 'post4437514880')"><pre>        self.save_base(
E                      ^</pre> <span>…</span></li>
E                       </ol>
E                       
E                         <ol start='903' class="post-context" id="post4437514880">
E                           
E                           <li onclick="toggle('pre4437514880', 'post4437514880')"><pre>            using=using,</pre></li>
E                           
E                           <li onclick="toggle('pre4437514880', 'post4437514880')"><pre>            force_insert=force_insert,</pre></li>
E                           
E                           <li onclick="toggle('pre4437514880', 'post4437514880')"><pre>            force_update=force_update,</pre></li>
E                           
E                           <li onclick="toggle('pre4437514880', 'post4437514880')"><pre>            update_fields=update_fields,</pre></li>
E                           
E                           <li onclick="toggle('pre4437514880', 'post4437514880')"><pre>        )</pre></li>
E                           
E                           <li onclick="toggle('pre4437514880', 'post4437514880')"><pre></pre></li>
E                           
E                       </ol>
E                       
E                     </div>
E                   
E         
E                   
E                     
E                       <details>
E                         <summary class="commands">Local vars</summary>
E                     
E                     <table class="vars" id="v4437514880">
E                       <thead>
E                         <tr>
E                           <th scope="col">Variable</th>
E                           <th scope="col">Value</th>
E                         </tr>
E                       </thead>
E                       <tbody>
E                         
E                           <tr>
E                             <td>args</td>
E                             <td class="code"><pre>()</pre></td>
E                           </tr>
E                         
E                           <tr>
E                             <td>deferred_non_generated_fields</td>
E                             <td class="code"><pre>set()</pre></td>
E                           </tr>
E                         
E                           <tr>
E                             <td>force_insert</td>
E                             <td class="code"><pre>True</pre></td>
E                           </tr>
E                         
E                           <tr>
E                             <td>force_update</td>
E                             <td class="code"><pre>False</pre></td>
E                           </tr>
E                         
E                           <tr>
E                             <td>self</td>
E                             <td class="code"><pre>&lt;AuditLog: [2025-07-14 11:43:31.094526+00:00] testuser_ktpdeh (Client) - login (success)&gt;</pre></td>
E                           </tr>
E                         
E                           <tr>
E                             <td>update_fields</td>
E                             <td class="code"><pre>None</pre></td>
E                           </tr>
E                         
E                           <tr>
E                             <td>using</td>
E                             <td class="code"><pre>&#x27;default&#x27;</pre></td>
E                           </tr>
E                         
E                       </tbody>
E                     </table>
E                     </details>
E                   
E                 </li>
E               
E                 
E                 <li class="frame django">
E                   
E                     <code class="fname">/Users/mohamedbechirdiarra/Downloads/prototypeGamma/Backend/venv/lib/python3.13/site-packages/django/db/models/base.py</code>, line 1008, in save_base
E                   
E         
E                   
E                     <div class="context" id="c4437515264">
E                       
E                         <ol start="1001" class="pre-context" id="pre4437515264">
E                         
E                           <li onclick="toggle('pre4437515264', 'post4437515264')"><pre>            parent_inserted = False</pre></li>
E                         
E                           <li onclick="toggle('pre4437515264', 'post4437515264')"><pre>            if not raw:</pre></li>
E                         
E                           <li onclick="toggle('pre4437515264', 'post4437515264')"><pre>                # Validate force insert only when parents are inserted.</pre></li>
E                         
E                           <li onclick="toggle('pre4437515264', 'post4437515264')"><pre>                force_insert = self._validate_force_insert(force_insert)</pre></li>
E                         
E                           <li onclick="toggle('pre4437515264', 'post4437515264')"><pre>                parent_inserted = self._save_parents(</pre></li>
E                         
E                           <li onclick="toggle('pre4437515264', 'post4437515264')"><pre>                    cls, using, update_fields, force_insert</pre></li>
E                         
E                           <li onclick="toggle('pre4437515264', 'post4437515264')"><pre>                )</pre></li>
E                         
E                         </ol>
E                       
E                       <ol start="1008" class="context-line">
E                         <li onclick="toggle('pre4437515264', 'post4437515264')"><pre>            updated = self._save_table(
E                                     </pre> <span>…</span></li>
E                       </ol>
E                       
E                         <ol start='1009' class="post-context" id="post4437515264">
E                           
E                           <li onclick="toggle('pre4437515264', 'post4437515264')"><pre>                raw,</pre></li>
E                           
E                           <li onclick="toggle('pre4437515264', 'post4437515264')"><pre>                cls,</pre></li>
E                           
E                           <li onclick="toggle('pre4437515264', 'post4437515264')"><pre>                force_insert or parent_inserted,</pre></li>
E                           
E                           <li onclick="toggle('pre4437515264', 'post4437515264')"><pre>                force_update,</pre></li>
E                           
E                           <li onclick="toggle('pre4437515264', 'post4437515264')"><pre>                using,</pre></li>
E                           
E                           <li onclick="toggle('pre4437515264', 'post4437515264')"><pre>                update_fields,</pre></li>
E                           
E                       </ol>
E                       
E                     </div>
E                   
E         
E                   
E                     
E                       <details>
E                         <summary class="commands">Local vars</summary>
E                     
E                     <table class="vars" id="v4437515264">
E                       <thead>
E                         <tr>
E                           <th scope="col">Variable</th>
E                           <th scope="col">Value</th>
E                         </tr>
E                       </thead>
E                       <tbody>
E                         
E                           <tr>
E                             <td>cls</td>
E                             <td class="code"><pre>&lt;class &#x27;users.models.AuditLog&#x27;&gt;</pre></td>
E                           </tr>
E                         
E                           <tr>
E                             <td>context_manager</td>
E                             <td class="code"><pre>&lt;contextlib._GeneratorContextManager object at 0x108763af0&gt;</pre></td>
E                           </tr>
E                         
E                           <tr>
E                             <td>force_insert</td>
E                             <td class="code"><pre>(&lt;class &#x27;users.models.AuditLog&#x27;&gt;,)</pre></td>
E                           </tr>
E                         
E                           <tr>
E                             <td>force_update</td>
E                             <td class="code"><pre>False</pre></td>
E                           </tr>
E                         
E                           <tr>
E                             <td>meta</td>
E                             <td class="code"><pre>&lt;Options for AuditLog&gt;</pre></td>
E                           </tr>
E                         
E                           <tr>
E                             <td>origin</td>
E                             <td class="code"><pre>&lt;class &#x27;users.models.AuditLog&#x27;&gt;</pre></td>
E                           </tr>
E                         
E                           <tr>
E                             <td>parent_inserted</td>
E                             <td class="code"><pre>False</pre></td>
E                           </tr>
E                         
E                           <tr>
E                             <td>raw</td>
E                             <td class="code"><pre>False</pre></td>
E                           </tr>
E                         
E                           <tr>
E                             <td>self</td>
E                             <td class="code"><pre>&lt;AuditLog: [2025-07-14 11:43:31.094526+00:00] testuser_ktpdeh (Client) - login (success)&gt;</pre></td>
E                           </tr>
E                         
E                           <tr>
E                             <td>update_fields</td>
E                             <td class="code"><pre>None</pre></td>
E                           </tr>
E                         
E                           <tr>
E                             <td>using</td>
E                             <td class="code"><pre>&#x27;default&#x27;</pre></td>
E                           </tr>
E                         
E                       </tbody>
E                     </table>
E                     </details>
E                   
E                 </li>
E               
E                 
E                 <li class="frame django">
E                   
E                     <code class="fname">/Users/mohamedbechirdiarra/Downloads/prototypeGamma/Backend/venv/lib/python3.13/site-packages/django/db/models/base.py</code>, line 1169, in _save_table
E                   
E         
E                   
E                     <div class="context" id="c4437520896">
E                       
E                         <ol start="1162" class="pre-context" id="pre4437520896">
E                         
E                           <li onclick="toggle('pre4437520896', 'post4437520896')"><pre>                )</pre></li>
E                         
E                           <li onclick="toggle('pre4437520896', 'post4437520896')"><pre>            fields = [</pre></li>
E                         
E                           <li onclick="toggle('pre4437520896', 'post4437520896')"><pre>                f</pre></li>
E                         
E                           <li onclick="toggle('pre4437520896', 'post4437520896')"><pre>                for f in meta.local_concrete_fields</pre></li>
E                         
E                           <li onclick="toggle('pre4437520896', 'post4437520896')"><pre>                if not f.generated and (pk_set or f is not meta.auto_field)</pre></li>
E                         
E                           <li onclick="toggle('pre4437520896', 'post4437520896')"><pre>            ]</pre></li>
E                         
E                           <li onclick="toggle('pre4437520896', 'post4437520896')"><pre>            returning_fields = meta.db_returning_fields</pre></li>
E                         
E                         </ol>
E                       
E                       <ol start="1169" class="context-line">
E                         <li onclick="toggle('pre4437520896', 'post4437520896')"><pre>            results = self._do_insert(
E                                     </pre> <span>…</span></li>
E                       </ol>
E                       
E                         <ol start='1170' class="post-context" id="post4437520896">
E                           
E                           <li onclick="toggle('pre4437520896', 'post4437520896')"><pre>                cls._base_manager, using, fields, returning_fields, raw</pre></li>
E                           
E                           <li onclick="toggle('pre4437520896', 'post4437520896')"><pre>            )</pre></li>
E                           
E                           <li onclick="toggle('pre4437520896', 'post4437520896')"><pre>            if results:</pre></li>
E                           
E                           <li onclick="toggle('pre4437520896', 'post4437520896')"><pre>                for value, field in zip(results[0], returning_fields):</pre></li>
E                           
E                           <li onclick="toggle('pre4437520896', 'post4437520896')"><pre>                    setattr(self, field.attname, value)</pre></li>
E                           
E                           <li onclick="toggle('pre4437520896', 'post4437520896')"><pre>        return updated</pre></li>
E                           
E                       </ol>
E                       
E                     </div>
E                   
E         
E                   
E                     
E                       <details>
E                         <summary class="commands">Local vars</summary>
E                     
E                     <table class="vars" id="v4437520896">
E                       <thead>
E                         <tr>
E                           <th scope="col">Variable</th>
E                           <th scope="col">Value</th>
E                         </tr>
E                       </thead>
E                       <tbody>
E                         
E                           <tr>
E                             <td>cls</td>
E                             <td class="code"><pre>&lt;class &#x27;users.models.AuditLog&#x27;&gt;</pre></td>
E                           </tr>
E                         
E                           <tr>
E                             <td>fields</td>
E                             <td class="code"><pre>[&lt;django.db.models.fields.related.ForeignKey: user&gt;,
E          &lt;django.db.models.fields.GenericIPAddressField: ip_address&gt;,
E          &lt;django.db.models.fields.TextField: user_agent&gt;,
E          &lt;django.db.models.fields.CharField: event_type&gt;,
E          &lt;django.db.models.fields.CharField: status&gt;,
E          &lt;django.db.models.fields.DateTimeField: timestamp&gt;,
E          &lt;django.db.models.fields.CharField: geo_country&gt;,
E          &lt;django.db.models.fields.CharField: geo_city&gt;,
E          &lt;django.db.models.fields.CharField: location&gt;,
E          &lt;django.db.models.fields.PositiveSmallIntegerField: risk_score&gt;,
E          &lt;django.db.models.fields.json.JSONField: metadata&gt;]</pre></td>
E                           </tr>
E                         
E                           <tr>
E                             <td>force_insert</td>
E                             <td class="code"><pre>(&lt;class &#x27;users.models.AuditLog&#x27;&gt;,)</pre></td>
E                           </tr>
E                         
E                           <tr>
E                             <td>force_update</td>
E                             <td class="code"><pre>False</pre></td>
E                           </tr>
E                         
E                           <tr>
E                             <td>meta</td>
E                             <td class="code"><pre>&lt;Options for AuditLog&gt;</pre></td>
E                           </tr>
E                         
E                           <tr>
E                             <td>non_pks_non_generated</td>
E                             <td class="code"><pre>[&lt;django.db.models.fields.related.ForeignKey: user&gt;,
E          &lt;django.db.models.fields.GenericIPAddressField: ip_address&gt;,
E          &lt;django.db.models.fields.TextField: user_agent&gt;,
E          &lt;django.db.models.fields.CharField: event_type&gt;,
E          &lt;django.db.models.fields.CharField: status&gt;,
E          &lt;django.db.models.fields.DateTimeField: timestamp&gt;,
E          &lt;django.db.models.fields.CharField: geo_country&gt;,
E          &lt;django.db.models.fields.CharField: geo_city&gt;,
E          &lt;django.db.models.fields.CharField: location&gt;,
E          &lt;django.db.models.fields.PositiveSmallIntegerField: risk_score&gt;,
E          &lt;django.db.models.fields.json.JSONField: metadata&gt;]</pre></td>
E                           </tr>
E                         
E                           <tr>
E                             <td>pk_fields</td>
E                             <td class="code"><pre>[&lt;django.db.models.fields.BigAutoField: id&gt;]</pre></td>
E                           </tr>
E                         
E                           <tr>
E                             <td>pk_set</td>
E                             <td class="code"><pre>False</pre></td>
E                           </tr>
E                         
E                           <tr>
E                             <td>pk_val</td>
E                             <td class="code"><pre>None</pre></td>
E                           </tr>
E                         
E                           <tr>
E                             <td>raw</td>
E                             <td class="code"><pre>False</pre></td>
E                           </tr>
E                         
E                           <tr>
E                             <td>returning_fields</td>
E                             <td class="code"><pre>[&lt;django.db.models.fields.BigAutoField: id&gt;]</pre></td>
E                           </tr>
E                         
E                           <tr>
E                             <td>self</td>
E                             <td class="code"><pre>&lt;AuditLog: [2025-07-14 11:43:31.094526+00:00] testuser_ktpdeh (Client) - login (success)&gt;</pre></td>
E                           </tr>
E                         
E                           <tr>
E                             <td>update_fields</td>
E                             <td class="code"><pre>None</pre></td>
E                           </tr>
E                         
E                           <tr>
E                             <td>updated</td>
E                             <td class="code"><pre>False</pre></td>
E                           </tr>
E                         
E                           <tr>
E                             <td>using</td>
E                             <td class="code"><pre>&#x27;default&#x27;</pre></td>
E                           </tr>
E                         
E                       </tbody>
E                     </table>
E                     </details>
E                   
E                 </li>
E               
E                 
E                 <li class="frame django">
E                   
E                     <code class="fname">/Users/mohamedbechirdiarra/Downloads/prototypeGamma/Backend/venv/lib/python3.13/site-packages/django/db/models/base.py</code>, line 1210, in _do_insert
E                   
E         
E                   
E                     <div class="context" id="c4437523520">
E                       
E                         <ol start="1203" class="pre-context" id="pre4437523520">
E                         
E                           <li onclick="toggle('pre4437523520', 'post4437523520')"><pre>        return filtered._update(values) &gt; 0</pre></li>
E                         
E                           <li onclick="toggle('pre4437523520', 'post4437523520')"><pre></pre></li>
E                         
E                           <li onclick="toggle('pre4437523520', 'post4437523520')"><pre>    def _do_insert(self, manager, using, fields, returning_fields, raw):</pre></li>
E                         
E                           <li onclick="toggle('pre4437523520', 'post4437523520')"><pre>        &quot;&quot;&quot;</pre></li>
E                         
E                           <li onclick="toggle('pre4437523520', 'post4437523520')"><pre>        Do an INSERT. If returning_fields is defined then this method should</pre></li>
E                         
E                           <li onclick="toggle('pre4437523520', 'post4437523520')"><pre>        return the newly created data for the model.</pre></li>
E                         
E                           <li onclick="toggle('pre4437523520', 'post4437523520')"><pre>        &quot;&quot;&quot;</pre></li>
E                         
E                         </ol>
E                       
E                       <ol start="1210" class="context-line">
E                         <li onclick="toggle('pre4437523520', 'post4437523520')"><pre>        return manager._insert(
E                              </pre> <span>…</span></li>
E                       </ol>
E                       
E                         <ol start='1211' class="post-context" id="post4437523520">
E                           
E                           <li onclick="toggle('pre4437523520', 'post4437523520')"><pre>            [self],</pre></li>
E                           
E                           <li onclick="toggle('pre4437523520', 'post4437523520')"><pre>            fields=fields,</pre></li>
E                           
E                           <li onclick="toggle('pre4437523520', 'post4437523520')"><pre>            returning_fields=returning_fields,</pre></li>
E                           
E                           <li onclick="toggle('pre4437523520', 'post4437523520')"><pre>            using=using,</pre></li>
E                           
E                           <li onclick="toggle('pre4437523520', 'post4437523520')"><pre>            raw=raw,</pre></li>
E                           
E                           <li onclick="toggle('pre4437523520', 'post4437523520')"><pre>        )</pre></li>
E                           
E                       </ol>
E                       
E                     </div>
E                   
E         
E                   
E                     
E                       <details>
E                         <summary class="commands">Local vars</summary>
E                     
E                     <table class="vars" id="v4437523520">
E                       <thead>
E                         <tr>
E                           <th scope="col">Variable</th>
E                           <th scope="col">Value</th>
E                         </tr>
E                       </thead>
E                       <tbody>
E                         
E                           <tr>
E                             <td>fields</td>
E                             <td class="code"><pre>[&lt;django.db.models.fields.related.ForeignKey: user&gt;,
E          &lt;django.db.models.fields.GenericIPAddressField: ip_address&gt;,
E          &lt;django.db.models.fields.TextField: user_agent&gt;,
E          &lt;django.db.models.fields.CharField: event_type&gt;,
E          &lt;django.db.models.fields.CharField: status&gt;,
E          &lt;django.db.models.fields.DateTimeField: timestamp&gt;,
E          &lt;django.db.models.fields.CharField: geo_country&gt;,
E          &lt;django.db.models.fields.CharField: geo_city&gt;,
E          &lt;django.db.models.fields.CharField: location&gt;,
E          &lt;django.db.models.fields.PositiveSmallIntegerField: risk_score&gt;,
E          &lt;django.db.models.fields.json.JSONField: metadata&gt;]</pre></td>
E                           </tr>
E                         
E                           <tr>
E                             <td>manager</td>
E                             <td class="code"><pre>&lt;django.db.models.manager.Manager object at 0x108454b50&gt;</pre></td>
E                           </tr>
E                         
E                           <tr>
E                             <td>raw</td>
E                             <td class="code"><pre>False</pre></td>
E                           </tr>
E                         
E                           <tr>
E                             <td>returning_fields</td>
E                             <td class="code"><pre>[&lt;django.db.models.fields.BigAutoField: id&gt;]</pre></td>
E                           </tr>
E                         
E                           <tr>
E                             <td>self</td>
E                             <td class="code"><pre>&lt;AuditLog: [2025-07-14 11:43:31.094526+00:00] testuser_ktpdeh (Client) - login (success)&gt;</pre></td>
E                           </tr>
E                         
E                           <tr>
E                             <td>using</td>
E                             <td class="code"><pre>&#x27;default&#x27;</pre></td>
E                           </tr>
E                         
E                       </tbody>
E                     </table>
E                     </details>
E                   
E                 </li>
E               
E                 
E                 <li class="frame django">
E                   
E                     <code class="fname">/Users/mohamedbechirdiarra/Downloads/prototypeGamma/Backend/venv/lib/python3.13/site-packages/django/db/models/manager.py</code>, line 87, in manager_method
E                   
E         
E                   
E                     <div class="context" id="c4438818304">
E                       
E                         <ol start="80" class="pre-context" id="pre4438818304">
E                         
E                           <li onclick="toggle('pre4438818304', 'post4438818304')"><pre>        return []</pre></li>
E                         
E                           <li onclick="toggle('pre4438818304', 'post4438818304')"><pre></pre></li>
E                         
E                           <li onclick="toggle('pre4438818304', 'post4438818304')"><pre>    @classmethod</pre></li>
E                         
E                           <li onclick="toggle('pre4438818304', 'post4438818304')"><pre>    def _get_queryset_methods(cls, queryset_class):</pre></li>
E                         
E                           <li onclick="toggle('pre4438818304', 'post4438818304')"><pre>        def create_method(name, method):</pre></li>
E                         
E                           <li onclick="toggle('pre4438818304', 'post4438818304')"><pre>            @wraps(method)</pre></li>
E                         
E                           <li onclick="toggle('pre4438818304', 'post4438818304')"><pre>            def manager_method(self, *args, **kwargs):</pre></li>
E                         
E                         </ol>
E                       
E                       <ol start="87" class="context-line">
E                         <li onclick="toggle('pre4438818304', 'post4438818304')"><pre>                return getattr(self.get_queryset(), name)(*args, **kwargs)
E                                    ^^^^^^^^^^^^^^^^^^^^^^^^^^^^^^^^^^^^^^^^^^^^^^^^^^^</pre> <span>…</span></li>
E                       </ol>
E                       
E                         <ol start='88' class="post-context" id="post4438818304">
E                           
E                           <li onclick="toggle('pre4438818304', 'post4438818304')"><pre></pre></li>
E                           
E                           <li onclick="toggle('pre4438818304', 'post4438818304')"><pre>            return manager_method</pre></li>
E                           
E                           <li onclick="toggle('pre4438818304', 'post4438818304')"><pre></pre></li>
E                           
E                           <li onclick="toggle('pre4438818304', 'post4438818304')"><pre>        new_methods = {}</pre></li>
E                           
E                           <li onclick="toggle('pre4438818304', 'post4438818304')"><pre>        for name, method in inspect.getmembers(</pre></li>
E                           
E                           <li onclick="toggle('pre4438818304', 'post4438818304')"><pre>            queryset_class, predicate=inspect.isfunction</pre></li>
E                           
E                       </ol>
E                       
E                     </div>
E                   
E         
E                   
E                     
E                       <details>
E                         <summary class="commands">Local vars</summary>
E                     
E                     <table class="vars" id="v4438818304">
E                       <thead>
E                         <tr>
E                           <th scope="col">Variable</th>
E                           <th scope="col">Value</th>
E                         </tr>
E                       </thead>
E                       <tbody>
E                         
E                           <tr>
E                             <td>args</td>
E                             <td class="code"><pre>([&lt;AuditLog: [2025-07-14 11:43:31.094526+00:00] testuser_ktpdeh (Client) - login (success)&gt;],)</pre></td>
E                           </tr>
E                         
E                           <tr>
E                             <td>kwargs</td>
E                             <td class="code"><pre>{&#x27;fields&#x27;: [&lt;django.db.models.fields.related.ForeignKey: user&gt;,
E                     &lt;django.db.models.fields.GenericIPAddressField: ip_address&gt;,
E                     &lt;django.db.models.fields.TextField: user_agent&gt;,
E                     &lt;django.db.models.fields.CharField: event_type&gt;,
E                     &lt;django.db.models.fields.CharField: status&gt;,
E                     &lt;django.db.models.fields.DateTimeField: timestamp&gt;,
E                     &lt;django.db.models.fields.CharField: geo_country&gt;,
E                     &lt;django.db.models.fields.CharField: geo_city&gt;,
E                     &lt;django.db.models.fields.CharField: location&gt;,
E                     &lt;django.db.models.fields.PositiveSmallIntegerField: risk_score&gt;,
E                     &lt;django.db.models.fields.json.JSONField: metadata&gt;],
E          &#x27;raw&#x27;: False,
E          &#x27;returning_fields&#x27;: [&lt;django.db.models.fields.BigAutoField: id&gt;],
E          &#x27;using&#x27;: &#x27;default&#x27;}</pre></td>
E                           </tr>
E                         
E                           <tr>
E                             <td>name</td>
E                             <td class="code"><pre>&#x27;_insert&#x27;</pre></td>
E                           </tr>
E                         
E                           <tr>
E                             <td>self</td>
E                             <td class="code"><pre>&lt;django.db.models.manager.Manager object at 0x108454b50&gt;</pre></td>
E                           </tr>
E                         
E                       </tbody>
E                     </table>
E                     </details>
E                   
E                 </li>
E               
E                 
E                 <li class="frame django">
E                   
E                     <code class="fname">/Users/mohamedbechirdiarra/Downloads/prototypeGamma/Backend/venv/lib/python3.13/site-packages/django/db/models/query.py</code>, line 1868, in _insert
E                   
E         
E                   
E                     <div class="context" id="c4437523392">
E                       
E                         <ol start="1861" class="pre-context" id="pre4437523392">
E                         
E                           <li onclick="toggle('pre4437523392', 'post4437523392')"><pre>        query = sql.InsertQuery(</pre></li>
E                         
E                           <li onclick="toggle('pre4437523392', 'post4437523392')"><pre>            self.model,</pre></li>
E                         
E                           <li onclick="toggle('pre4437523392', 'post4437523392')"><pre>            on_conflict=on_conflict,</pre></li>
E                         
E                           <li onclick="toggle('pre4437523392', 'post4437523392')"><pre>            update_fields=update_fields,</pre></li>
E                         
E                           <li onclick="toggle('pre4437523392', 'post4437523392')"><pre>            unique_fields=unique_fields,</pre></li>
E                         
E                           <li onclick="toggle('pre4437523392', 'post4437523392')"><pre>        )</pre></li>
E                         
E                           <li onclick="toggle('pre4437523392', 'post4437523392')"><pre>        query.insert_values(fields, objs, raw=raw)</pre></li>
E                         
E                         </ol>
E                       
E                       <ol start="1868" class="context-line">
E                         <li onclick="toggle('pre4437523392', 'post4437523392')"><pre>        return query.get_compiler(using=using).execute_sql(returning_fields)
E                              ^^^^^^^^^^^^^^^^^^^^^^^^^^^^^^^^^^^^^^^^^^^^^^^^^^^^^^^^^^^^^</pre> <span>…</span></li>
E                       </ol>
E                       
E                         <ol start='1869' class="post-context" id="post4437523392">
E                           
E                           <li onclick="toggle('pre4437523392', 'post4437523392')"><pre></pre></li>
E                           
E                           <li onclick="toggle('pre4437523392', 'post4437523392')"><pre>    _insert.alters_data = True</pre></li>
E                           
E                           <li onclick="toggle('pre4437523392', 'post4437523392')"><pre>    _insert.queryset_only = False</pre></li>
E                           
E                           <li onclick="toggle('pre4437523392', 'post4437523392')"><pre></pre></li>
E                           
E                           <li onclick="toggle('pre4437523392', 'post4437523392')"><pre>    def _batched_insert(</pre></li>
E                           
E                           <li onclick="toggle('pre4437523392', 'post4437523392')"><pre>        self,</pre></li>
E                           
E                       </ol>
E                       
E                     </div>
E                   
E         
E                   
E                     
E                       <details>
E                         <summary class="commands">Local vars</summary>
E                     
E                     <table class="vars" id="v4437523392">
E                       <thead>
E                         <tr>
E                           <th scope="col">Variable</th>
E                           <th scope="col">Value</th>
E                         </tr>
E                       </thead>
E                       <tbody>
E                         
E                           <tr>
E                             <td>fields</td>
E                             <td class="code"><pre>[&lt;django.db.models.fields.related.ForeignKey: user&gt;,
E          &lt;django.db.models.fields.GenericIPAddressField: ip_address&gt;,
E          &lt;django.db.models.fields.TextField: user_agent&gt;,
E          &lt;django.db.models.fields.CharField: event_type&gt;,
E          &lt;django.db.models.fields.CharField: status&gt;,
E          &lt;django.db.models.fields.DateTimeField: timestamp&gt;,
E          &lt;django.db.models.fields.CharField: geo_country&gt;,
E          &lt;django.db.models.fields.CharField: geo_city&gt;,
E          &lt;django.db.models.fields.CharField: location&gt;,
E          &lt;django.db.models.fields.PositiveSmallIntegerField: risk_score&gt;,
E          &lt;django.db.models.fields.json.JSONField: metadata&gt;]</pre></td>
E                           </tr>
E                         
E                           <tr>
E                             <td>objs</td>
E                             <td class="code"><pre>[&lt;AuditLog: [2025-07-14 11:43:31.094526+00:00] testuser_ktpdeh (Client) - login (success)&gt;]</pre></td>
E                           </tr>
E                         
E                           <tr>
E                             <td>on_conflict</td>
E                             <td class="code"><pre>None</pre></td>
E                           </tr>
E                         
E                           <tr>
E                             <td>query</td>
E                             <td class="code"><pre>&lt;django.db.models.sql.subqueries.InsertQuery object at 0x108834750&gt;</pre></td>
E                           </tr>
E                         
E                           <tr>
E                             <td>raw</td>
E                             <td class="code"><pre>False</pre></td>
E                           </tr>
E                         
E                           <tr>
E                             <td>returning_fields</td>
E                             <td class="code"><pre>[&lt;django.db.models.fields.BigAutoField: id&gt;]</pre></td>
E                           </tr>
E                         
E                           <tr>
E                             <td>self</td>
E                             <td class="code"><pre>&lt;QuerySet [&lt;AuditLog: [2025-07-14 11:20:26.143987+00:00] None - login (failure)&gt;, &lt;AuditLog: [2025-07-14 11:20:26.172163+00:00] None - login (failure)&gt;, &lt;AuditLog: [2025-07-14 11:20:26.440678+00:00] None - login (failure)&gt;, &lt;AuditLog: [2025-07-14 11:20:26.472641+00:00] None - login (failure)&gt;, &lt;AuditLog: [2025-07-14 11:20:42.818165+00:00] None - login (failure)&gt;, &lt;AuditLog: [2025-07-14 11:20:42.834927+00:00] None - login (failure)&gt;, &lt;AuditLog: [2025-07-14 11:20:42.840926+00:00] None - login (failure)&gt;, &lt;AuditLog: [2025-07-14 11:20:42.849907+00:00] None - login (failure)&gt;, &lt;AuditLog: [2025-07-14 11:20:42.855760+00:00] None - login (failure)&gt;, &lt;AuditLog: [2025-07-14 11:20:42.866003+00:00] None - login (failure)&gt;, &lt;AuditLog: [2025-07-14 11:20:42.871786+00:00] None - login (failure)&gt;, &lt;AuditLog: [2025-07-14 11:20:42.878738+00:00] None - login (failure)&gt;, &lt;AuditLog: [2025-07-14 11:20:42.887097+00:00] None - login (failure)&gt;, &lt;AuditLog: [2025-07-14 11:20:42.933562+00:00] None - login (failure)&gt;, &lt;AuditLog: [2025-07-14 11:20:42.948908+00:00] None - login (failure)&gt;, &lt;AuditLog: [2025-07-14 11:20:42.955057+00:00] None - login (failure)&gt;, &lt;AuditLog: [2025-07-14 11:20:43.030569+00:00] None - login (failure)&gt;, &lt;AuditLog: [2025-07-14 11:20:43.035801+00:00] None - login (failure)&gt;, &lt;AuditLog: [2025-07-14 11:20:43.041067+00:00] None - login (failure)&gt;, &lt;AuditLog: [2025-07-14 11:20:43.057293+00:00] None - login (failure)&gt;, &#x27;...(remaining elements truncated)...&#x27;]&gt;</pre></td>
E                           </tr>
E                         
E                           <tr>
E                             <td>unique_fields</td>
E                             <td class="code"><pre>None</pre></td>
E                           </tr>
E                         
E                           <tr>
E                             <td>update_fields</td>
E                             <td class="code"><pre>None</pre></td>
E                           </tr>
E                         
E                           <tr>
E                             <td>using</td>
E                             <td class="code"><pre>&#x27;default&#x27;</pre></td>
E                           </tr>
E                         
E                       </tbody>
E                     </table>
E                     </details>
E                   
E                 </li>
E               
E                 
E                 <li class="frame django">
E                   
E                     <code class="fname">/Users/mohamedbechirdiarra/Downloads/prototypeGamma/Backend/venv/lib/python3.13/site-packages/django/db/models/sql/compiler.py</code>, line 1894, in execute_sql
E                   
E         
E                   
E                     <div class="context" id="c4437512000">
E                       
E                         <ol start="1887" class="pre-context" id="pre4437512000">
E                         
E                           <li onclick="toggle('pre4437512000', 'post4437512000')"><pre>                and len(self.query.objs) &gt; 1</pre></li>
E                         
E                           <li onclick="toggle('pre4437512000', 'post4437512000')"><pre>            ):</pre></li>
E                         
E                           <li onclick="toggle('pre4437512000', 'post4437512000')"><pre>                rows = self.connection.ops.fetch_returned_insert_rows(cursor)</pre></li>
E                         
E                           <li onclick="toggle('pre4437512000', 'post4437512000')"><pre>                cols = [field.get_col(opts.db_table) for field in self.returning_fields]</pre></li>
E                         
E                           <li onclick="toggle('pre4437512000', 'post4437512000')"><pre>            elif self.connection.features.can_return_columns_from_insert:</pre></li>
E                         
E                           <li onclick="toggle('pre4437512000', 'post4437512000')"><pre>                assert len(self.query.objs) == 1</pre></li>
E                         
E                           <li onclick="toggle('pre4437512000', 'post4437512000')"><pre>                rows = [</pre></li>
E                         
E                         </ol>
E                       
E                       <ol start="1894" class="context-line">
E                         <li onclick="toggle('pre4437512000', 'post4437512000')"><pre>                    self.connection.ops.fetch_returned_insert_columns(
E                                   ^</pre> <span>…</span></li>
E                       </ol>
E                       
E                         <ol start='1895' class="post-context" id="post4437512000">
E                           
E                           <li onclick="toggle('pre4437512000', 'post4437512000')"><pre>                        cursor,</pre></li>
E                           
E                           <li onclick="toggle('pre4437512000', 'post4437512000')"><pre>                        self.returning_params,</pre></li>
E                           
E                           <li onclick="toggle('pre4437512000', 'post4437512000')"><pre>                    )</pre></li>
E                           
E                           <li onclick="toggle('pre4437512000', 'post4437512000')"><pre>                ]</pre></li>
E                           
E                           <li onclick="toggle('pre4437512000', 'post4437512000')"><pre>                cols = [field.get_col(opts.db_table) for field in self.returning_fields]</pre></li>
E                           
E                           <li onclick="toggle('pre4437512000', 'post4437512000')"><pre>            elif returning_fields and isinstance(</pre></li>
E                           
E                       </ol>
E                       
E                     </div>
E                   
E         
E                   
E                     
E                       <details>
E                         <summary class="commands">Local vars</summary>
E                     
E                     <table class="vars" id="v4437512000">
E                       <thead>
E                         <tr>
E                           <th scope="col">Variable</th>
E                           <th scope="col">Value</th>
E                         </tr>
E                       </thead>
E                       <tbody>
E                         
E                           <tr>
E                             <td>cols</td>
E                             <td class="code"><pre>[]</pre></td>
E                           </tr>
E                         
E                           <tr>
E                             <td>cursor</td>
E                             <td class="code"><pre>&lt;django.db.backends.utils.CursorDebugWrapper object at 0x108829010&gt;</pre></td>
E                           </tr>
E                         
E                           <tr>
E                             <td>opts</td>
E                             <td class="code"><pre>&lt;Options for AuditLog&gt;</pre></td>
E                           </tr>
E                         
E                           <tr>
E                             <td>params</td>
E                             <td class="code"><pre>(72,
E          &#x27;127.0.0.1&#x27;,
E          &#x27;python-requests/2.32.4&#x27;,
E          &#x27;login&#x27;,
E          &#x27;success&#x27;,
E          &#x27;2025-07-14 11:43:31.094526&#x27;,
E          &#x27;&#x27;,
E          &#x27;&#x27;,
E          None,
E          0,
E          &#x27;{}&#x27;)</pre></td>
E                           </tr>
E                         
E                           <tr>
E                             <td>returning_fields</td>
E                             <td class="code"><pre>[&lt;django.db.models.fields.BigAutoField: id&gt;]</pre></td>
E                           </tr>
E                         
E                           <tr>
E                             <td>self</td>
E                             <td class="code"><pre>&lt;SQLInsertCompiler model=AuditLog connection=&lt;DatabaseWrapper vendor=&#x27;sqlite&#x27; alias=&#x27;default&#x27;&gt; using=&#x27;default&#x27;&gt;</pre></td>
E                           </tr>
E                         
E                           <tr>
E                             <td>sql</td>
E                             <td class="code"><pre>(&#x27;INSERT INTO &quot;users_auditlog&quot; (&quot;user_id&quot;, &quot;ip_address&quot;, &quot;user_agent&quot;, &#x27;
E          &#x27;&quot;event_type&quot;, &quot;status&quot;, &quot;timestamp&quot;, &quot;geo_country&quot;, &quot;geo_city&quot;, &quot;location&quot;, &#x27;
E          &#x27;&quot;risk_score&quot;, &quot;metadata&quot;) VALUES (%s, %s, %s, %s, %s, %s, %s, %s, %s, %s, &#x27;
E          &#x27;%s) RETURNING &quot;users_auditlog&quot;.&quot;id&quot;&#x27;)</pre></td>
E                           </tr>
E                         
E                       </tbody>
E                     </table>
E                     </details>
E                   
E                 </li>
E               
E                 
E                 <li class="frame django">
E                   
E                     <code class="fname">/Users/mohamedbechirdiarra/Downloads/prototypeGamma/Backend/venv/lib/python3.13/site-packages/django/db/backends/base/operations.py</code>, line 215, in fetch_returned_insert_columns
E                   
E         
E                   
E                     <div class="context" id="c4437511168">
E                       
E                         <ol start="208" class="pre-context" id="pre4437511168">
E                         
E                           <li onclick="toggle('pre4437511168', 'post4437511168')"><pre>            return [&quot;DISTINCT&quot;], []</pre></li>
E                         
E                           <li onclick="toggle('pre4437511168', 'post4437511168')"><pre></pre></li>
E                         
E                           <li onclick="toggle('pre4437511168', 'post4437511168')"><pre>    def fetch_returned_insert_columns(self, cursor, returning_params):</pre></li>
E                         
E                           <li onclick="toggle('pre4437511168', 'post4437511168')"><pre>        &quot;&quot;&quot;</pre></li>
E                         
E                           <li onclick="toggle('pre4437511168', 'post4437511168')"><pre>        Given a cursor object that has just performed an INSERT...RETURNING</pre></li>
E                         
E                           <li onclick="toggle('pre4437511168', 'post4437511168')"><pre>        statement into a table, return the newly created data.</pre></li>
E                         
E                           <li onclick="toggle('pre4437511168', 'post4437511168')"><pre>        &quot;&quot;&quot;</pre></li>
E                         
E                         </ol>
E                       
E                       <ol start="215" class="context-line">
E                         <li onclick="toggle('pre4437511168', 'post4437511168')"><pre>        return cursor.fetchone()
E                             ^^^^^^^^^^^^^^^^^</pre> <span>…</span></li>
E                       </ol>
E                       
E                         <ol start='216' class="post-context" id="post4437511168">
E                           
E                           <li onclick="toggle('pre4437511168', 'post4437511168')"><pre></pre></li>
E                           
E                           <li onclick="toggle('pre4437511168', 'post4437511168')"><pre>    def field_cast_sql(self, db_type, internal_type):</pre></li>
E                           
E                           <li onclick="toggle('pre4437511168', 'post4437511168')"><pre>        &quot;&quot;&quot;</pre></li>
E                           
E                           <li onclick="toggle('pre4437511168', 'post4437511168')"><pre>        Given a column type (e.g. &#x27;BLOB&#x27;, &#x27;VARCHAR&#x27;) and an internal type</pre></li>
E                           
E                           <li onclick="toggle('pre4437511168', 'post4437511168')"><pre>        (e.g. &#x27;GenericIPAddressField&#x27;), return the SQL to cast it before using</pre></li>
E                           
E                           <li onclick="toggle('pre4437511168', 'post4437511168')"><pre>        it in a WHERE statement. The resulting string should contain a &#x27;%s&#x27;</pre></li>
E                           
E                       </ol>
E                       
E                     </div>
E                   
E         
E                   
E                     
E                       <details>
E                         <summary class="commands">Local vars</summary>
E                     
E                     <table class="vars" id="v4437511168">
E                       <thead>
E                         <tr>
E                           <th scope="col">Variable</th>
E                           <th scope="col">Value</th>
E                         </tr>
E                       </thead>
E                       <tbody>
E                         
E                           <tr>
E                             <td>cursor</td>
E                             <td class="code"><pre>&lt;django.db.backends.utils.CursorDebugWrapper object at 0x108829010&gt;</pre></td>
E                           </tr>
E                         
E                           <tr>
E                             <td>returning_params</td>
E                             <td class="code"><pre>()</pre></td>
E                           </tr>
E                         
E                           <tr>
E                             <td>self</td>
E                             <td class="code"><pre>&lt;django.db.backends.sqlite3.operations.DatabaseOperations object at 0x10882b890&gt;</pre></td>
E                           </tr>
E                         
E                       </tbody>
E                     </table>
E                     </details>
E                   
E                 </li>
E               
E                 
E                 <li class="frame django">
E                   
E                     <code class="fname">/Users/mohamedbechirdiarra/Downloads/prototypeGamma/Backend/venv/lib/python3.13/site-packages/django/db/utils.py</code>, line 97, in inner
E                   
E         
E                   
E                     <div class="context" id="c4437513792">
E                       
E                         <ol start="90" class="pre-context" id="pre4437513792">
E                         
E                           <li onclick="toggle('pre4437513792', 'post4437513792')"><pre>                    self.wrapper.errors_occurred = True</pre></li>
E                         
E                           <li onclick="toggle('pre4437513792', 'post4437513792')"><pre>                raise dj_exc_value.with_traceback(traceback) from exc_value</pre></li>
E                         
E                           <li onclick="toggle('pre4437513792', 'post4437513792')"><pre></pre></li>
E                         
E                           <li onclick="toggle('pre4437513792', 'post4437513792')"><pre>    def __call__(self, func):</pre></li>
E                         
E                           <li onclick="toggle('pre4437513792', 'post4437513792')"><pre>        # Note that we are intentionally not using @wraps here for performance</pre></li>
E                         
E                           <li onclick="toggle('pre4437513792', 'post4437513792')"><pre>        # reasons. Refs #21109.</pre></li>
E                         
E                           <li onclick="toggle('pre4437513792', 'post4437513792')"><pre>        def inner(*args, **kwargs):</pre></li>
E                         
E                         </ol>
E                       
E                       <ol start="97" class="context-line">
E                         <li onclick="toggle('pre4437513792', 'post4437513792')"><pre>            with self:
E                              ^^^^</pre> <span>…</span></li>
E                       </ol>
E                       
E                         <ol start='98' class="post-context" id="post4437513792">
E                           
E                           <li onclick="toggle('pre4437513792', 'post4437513792')"><pre>                return func(*args, **kwargs)</pre></li>
E                           
E                           <li onclick="toggle('pre4437513792', 'post4437513792')"><pre></pre></li>
E                           
E                           <li onclick="toggle('pre4437513792', 'post4437513792')"><pre>        return inner</pre></li>
E                           
E                           <li onclick="toggle('pre4437513792', 'post4437513792')"><pre></pre></li>
E                           
E                           <li onclick="toggle('pre4437513792', 'post4437513792')"><pre></pre></li>
E                           
E                           <li onclick="toggle('pre4437513792', 'post4437513792')"><pre>def load_backend(backend_name):</pre></li>
E                           
E                       </ol>
E                       
E                     </div>
E                   
E         
E                   
E                     
E                       <details>
E                         <summary class="commands">Local vars</summary>
E                     
E                     <table class="vars" id="v4437513792">
E                       <thead>
E                         <tr>
E                           <th scope="col">Variable</th>
E                           <th scope="col">Value</th>
E                         </tr>
E                       </thead>
E                       <tbody>
E                         
E                           <tr>
E                             <td>args</td>
E                             <td class="code"><pre>()</pre></td>
E                           </tr>
E                         
E                           <tr>
E                             <td>func</td>
E                             <td class="code"><pre>&lt;built-in method fetchone of SQLiteCursorWrapper object at 0x1087b7ad0&gt;</pre></td>
E                           </tr>
E                         
E                           <tr>
E                             <td>kwargs</td>
E                             <td class="code"><pre>{}</pre></td>
E                           </tr>
E                         
E                           <tr>
E                             <td>self</td>
E                             <td class="code"><pre>&lt;django.db.utils.DatabaseErrorWrapper object at 0x10886e440&gt;</pre></td>
E                           </tr>
E                         
E                       </tbody>
E                     </table>
E                     </details>
E                   
E                 </li>
E               
E                 
E                 <li class="frame django">
E                   
E                     <code class="fname">/Users/mohamedbechirdiarra/Downloads/prototypeGamma/Backend/venv/lib/python3.13/site-packages/django/db/utils.py</code>, line 91, in __exit__
E                   
E         
E                   
E                     <div class="context" id="c4437510400">
E                       
E                         <ol start="84" class="pre-context" id="pre4437510400">
E                         
E                           <li onclick="toggle('pre4437510400', 'post4437510400')"><pre>            db_exc_type = getattr(self.wrapper.Database, dj_exc_type.__name__)</pre></li>
E                         
E                           <li onclick="toggle('pre4437510400', 'post4437510400')"><pre>            if issubclass(exc_type, db_exc_type):</pre></li>
E                         
E                           <li onclick="toggle('pre4437510400', 'post4437510400')"><pre>                dj_exc_value = dj_exc_type(*exc_value.args)</pre></li>
E                         
E                           <li onclick="toggle('pre4437510400', 'post4437510400')"><pre>                # Only set the &#x27;errors_occurred&#x27; flag for errors that may make</pre></li>
E                         
E                           <li onclick="toggle('pre4437510400', 'post4437510400')"><pre>                # the connection unusable.</pre></li>
E                         
E                           <li onclick="toggle('pre4437510400', 'post4437510400')"><pre>                if dj_exc_type not in (DataError, IntegrityError):</pre></li>
E                         
E                           <li onclick="toggle('pre4437510400', 'post4437510400')"><pre>                    self.wrapper.errors_occurred = True</pre></li>
E                         
E                         </ol>
E                       
E                       <ol start="91" class="context-line">
E                         <li onclick="toggle('pre4437510400', 'post4437510400')"><pre>                raise dj_exc_value.with_traceback(traceback) from exc_value
E                             ^^^^^^^^^^^^^^^^^^^^^^^^^^^^^^^^^^^^^^^^^^^^^^^^^^^^^^^^^^^</pre> <span>…</span></li>
E                       </ol>
E                       
E                         <ol start='92' class="post-context" id="post4437510400">
E                           
E                           <li onclick="toggle('pre4437510400', 'post4437510400')"><pre></pre></li>
E                           
E                           <li onclick="toggle('pre4437510400', 'post4437510400')"><pre>    def __call__(self, func):</pre></li>
E                           
E                           <li onclick="toggle('pre4437510400', 'post4437510400')"><pre>        # Note that we are intentionally not using @wraps here for performance</pre></li>
E                           
E                           <li onclick="toggle('pre4437510400', 'post4437510400')"><pre>        # reasons. Refs #21109.</pre></li>
E                           
E                           <li onclick="toggle('pre4437510400', 'post4437510400')"><pre>        def inner(*args, **kwargs):</pre></li>
E                           
E                           <li onclick="toggle('pre4437510400', 'post4437510400')"><pre>            with self:</pre></li>
E                           
E                       </ol>
E                       
E                     </div>
E                   
E         
E                   
E                     
E                       <details>
E                         <summary class="commands">Local vars</summary>
E                     
E                     <table class="vars" id="v4437510400">
E                       <thead>
E                         <tr>
E                           <th scope="col">Variable</th>
E                           <th scope="col">Value</th>
E                         </tr>
E                       </thead>
E                       <tbody>
E                         
E                           <tr>
E                             <td>db_exc_type</td>
E                             <td class="code"><pre>&lt;class &#x27;sqlite3.IntegrityError&#x27;&gt;</pre></td>
E                           </tr>
E                         
E                           <tr>
E                             <td>dj_exc_type</td>
E                             <td class="code"><pre>&lt;class &#x27;django.db.utils.IntegrityError&#x27;&gt;</pre></td>
E                           </tr>
E                         
E                           <tr>
E                             <td>dj_exc_value</td>
E                             <td class="code"><pre>IntegrityError(&#x27;FOREIGN KEY constraint failed&#x27;)</pre></td>
E                           </tr>
E                         
E                           <tr>
E                             <td>exc_type</td>
E                             <td class="code"><pre>&lt;class &#x27;sqlite3.IntegrityError&#x27;&gt;</pre></td>
E                           </tr>
E                         
E                           <tr>
E                             <td>exc_value</td>
E                             <td class="code"><pre>IntegrityError(&#x27;FOREIGN KEY constraint failed&#x27;)</pre></td>
E                           </tr>
E                         
E                           <tr>
E                             <td>self</td>
E                             <td class="code"><pre>&lt;django.db.utils.DatabaseErrorWrapper object at 0x10886e440&gt;</pre></td>
E                           </tr>
E                         
E                           <tr>
E                             <td>traceback</td>
E                             <td class="code"><pre>&lt;traceback object at 0x1087f1b40&gt;</pre></td>
E                           </tr>
E                         
E                       </tbody>
E                     </table>
E                     </details>
E                   
E                 </li>
E               
E                 
E                 <li class="frame django">
E                   
E                     <code class="fname">/Users/mohamedbechirdiarra/Downloads/prototypeGamma/Backend/venv/lib/python3.13/site-packages/django/db/utils.py</code>, line 98, in inner
E                   
E         
E                   
E                     <div class="context" id="c4437515072">
E                       
E                         <ol start="91" class="pre-context" id="pre4437515072">
E                         
E                           <li onclick="toggle('pre4437515072', 'post4437515072')"><pre>                raise dj_exc_value.with_traceback(traceback) from exc_value</pre></li>
E                         
E                           <li onclick="toggle('pre4437515072', 'post4437515072')"><pre></pre></li>
E                         
E                           <li onclick="toggle('pre4437515072', 'post4437515072')"><pre>    def __call__(self, func):</pre></li>
E                         
E                           <li onclick="toggle('pre4437515072', 'post4437515072')"><pre>        # Note that we are intentionally not using @wraps here for performance</pre></li>
E                         
E                           <li onclick="toggle('pre4437515072', 'post4437515072')"><pre>        # reasons. Refs #21109.</pre></li>
E                         
E                           <li onclick="toggle('pre4437515072', 'post4437515072')"><pre>        def inner(*args, **kwargs):</pre></li>
E                         
E                           <li onclick="toggle('pre4437515072', 'post4437515072')"><pre>            with self:</pre></li>
E                         
E                         </ol>
E                       
E                       <ol start="98" class="context-line">
E                         <li onclick="toggle('pre4437515072', 'post4437515072')"><pre>                return func(*args, **kwargs)
E                                    ^^^^^^^^^^^^^^^^^^^^^</pre> <span>…</span></li>
E                       </ol>
E                       
E                         <ol start='99' class="post-context" id="post4437515072">
E                           
E                           <li onclick="toggle('pre4437515072', 'post4437515072')"><pre></pre></li>
E                           
E                           <li onclick="toggle('pre4437515072', 'post4437515072')"><pre>        return inner</pre></li>
E                           
E                           <li onclick="toggle('pre4437515072', 'post4437515072')"><pre></pre></li>
E                           
E                           <li onclick="toggle('pre4437515072', 'post4437515072')"><pre></pre></li>
E                           
E                           <li onclick="toggle('pre4437515072', 'post4437515072')"><pre>def load_backend(backend_name):</pre></li>
E                           
E                           <li onclick="toggle('pre4437515072', 'post4437515072')"><pre>    &quot;&quot;&quot;</pre></li>
E                           
E                       </ol>
E                       
E                     </div>
E                   
E         
E                   
E                     
E                       <details>
E                         <summary class="commands">Local vars</summary>
E                     
E                     <table class="vars" id="v4437515072">
E                       <thead>
E                         <tr>
E                           <th scope="col">Variable</th>
E                           <th scope="col">Value</th>
E                         </tr>
E                       </thead>
E                       <tbody>
E                         
E                           <tr>
E                             <td>args</td>
E                             <td class="code"><pre>()</pre></td>
E                           </tr>
E                         
E                           <tr>
E                             <td>func</td>
E                             <td class="code"><pre>&lt;built-in method fetchone of SQLiteCursorWrapper object at 0x1087b7ad0&gt;</pre></td>
E                           </tr>
E                         
E                           <tr>
E                             <td>kwargs</td>
E                             <td class="code"><pre>{}</pre></td>
E                           </tr>
E                         
E                           <tr>
E                             <td>self</td>
E                             <td class="code"><pre>&lt;django.db.utils.DatabaseErrorWrapper object at 0x10886e440&gt;</pre></td>
E                           </tr>
E                         
E                       </tbody>
E                     </table>
E                     </details>
E                   
E                 </li>
E               
E             </ul>
E           </div>
E         
E           <form action="https://dpaste.com/" name="pasteform" id="pasteform" method="post">
E           <div id="pastebinTraceback" class="pastebin">
E             <input type="hidden" name="language" value="PythonConsole">
E             <input type="hidden" name="title"
E               value="IntegrityError at /users/login/">
E             <input type="hidden" name="source" value="Django Dpaste Agent">
E             <input type="hidden" name="poster" value="Django">
E             <textarea name="content" id="traceback_area" cols="140" rows="25">
E         Environment:
E         
E         
E         Request Method: POST
E         Request URL: http://127.0.0.1:8000/users/login/
E         
E         Django Version: 5.2.4
E         Python Version: 3.13.5
E         Installed Applications:
E         [&#x27;django.contrib.admin&#x27;,
E          &#x27;django.contrib.auth&#x27;,
E          &#x27;django.contrib.contenttypes&#x27;,
E          &#x27;django.contrib.sessions&#x27;,
E          &#x27;django.contrib.messages&#x27;,
E          &#x27;django.contrib.staticfiles&#x27;,
E          &#x27;rest_framework&#x27;,
E          &#x27;corsheaders&#x27;,
E          &#x27;users&#x27;,
E          &#x27;depannage&#x27;,
E          &#x27;rest_framework_simplejwt&#x27;,
E          &#x27;rest_framework_simplejwt.token_blacklist&#x27;,
E          &#x27;channels&#x27;]
E         Installed Middleware:
E         [&#x27;corsheaders.middleware.CorsMiddleware&#x27;,
E          &#x27;django.middleware.security.SecurityMiddleware&#x27;,
E          &#x27;django.contrib.sessions.middleware.SessionMiddleware&#x27;,
E          &#x27;django.middleware.common.CommonMiddleware&#x27;,
E          &#x27;django.middleware.csrf.CsrfViewMiddleware&#x27;,
E          &#x27;django.contrib.auth.middleware.AuthenticationMiddleware&#x27;,
E          &#x27;django.contrib.messages.middleware.MessageMiddleware&#x27;,
E          &#x27;django.middleware.clickjacking.XFrameOptionsMiddleware&#x27;,
E          &#x27;auth.middleware.JWTSecurityMiddleware&#x27;,
E          &#x27;auth.middleware.TokenValidationMiddleware&#x27;]
E         
E         
E         
E         Traceback (most recent call last):
E           File "/Users/mohamedbechirdiarra/Downloads/prototypeGamma/Backend/venv/lib/python3.13/site-packages/django/db/utils.py", line 98, in inner
E             return func(*args, **kwargs)
E                    ^^^^^^^^^^^^^^^^^^^^^
E         
E         The above exception (FOREIGN KEY constraint failed) was the direct cause of the following exception:
E           File "/Users/mohamedbechirdiarra/Downloads/prototypeGamma/Backend/venv/lib/python3.13/site-packages/django/core/handlers/exception.py", line 42, in inner
E             response = await get_response(request)
E                        ^^^^^^^^^^^^^^^^^^^^^^^^^^^
E           File "/Users/mohamedbechirdiarra/Downloads/prototypeGamma/Backend/venv/lib/python3.13/site-packages/django/core/handlers/base.py", line 253, in _get_response_async
E             response = await wrapped_callback(
E                        
E           File "/Users/mohamedbechirdiarra/Downloads/prototypeGamma/Backend/venv/lib/python3.13/site-packages/django/views/decorators/csrf.py", line 65, in _view_wrapper
E             return view_func(request, *args, **kwargs)
E                    ^^^^^^^^^^^^^^^^^^^^^^^^^^^^^^^^^^^
E           File "/Users/mohamedbechirdiarra/Downloads/prototypeGamma/Backend/venv/lib/python3.13/site-packages/rest_framework/viewsets.py", line 125, in view
E             return self.dispatch(request, *args, **kwargs)
E                    ^^^^^^^^^^^^^^^^^^^^^^^^^^^^^^^^^^^^^^^
E           File "/Users/mohamedbechirdiarra/Downloads/prototypeGamma/Backend/users/views.py", line 641, in dispatch
E             return super().dispatch(request, *args, **kwargs)
E                    ^^^^^^^^^^^^^^^^^^^^^^^^^^^^^^^^^^^^^^^^^^
E           File "/Users/mohamedbechirdiarra/Downloads/prototypeGamma/Backend/venv/lib/python3.13/site-packages/rest_framework/views.py", line 515, in dispatch
E             response = self.handle_exception(exc)
E                        ^^^^^^^^^^^^^^^^^^^^^^^^^^
E           File "/Users/mohamedbechirdiarra/Downloads/prototypeGamma/Backend/venv/lib/python3.13/site-packages/rest_framework/views.py", line 475, in handle_exception
E             self.raise_uncaught_exception(exc)
E             ^^^^^^^^^^^^^^^^^^^^^^^^^^^^^^^^^^
E           File "/Users/mohamedbechirdiarra/Downloads/prototypeGamma/Backend/venv/lib/python3.13/site-packages/rest_framework/views.py", line 486, in raise_uncaught_exception
E             raise exc
E             ^^^^^^^^^
E           File "/Users/mohamedbechirdiarra/Downloads/prototypeGamma/Backend/venv/lib/python3.13/site-packages/rest_framework/views.py", line 512, in dispatch
E             response = handler(request, *args, **kwargs)
E                        ^^^^^^^^^^^^^^^^^^^^^^^^^^^^^^^^^
E           File "/Users/mohamedbechirdiarra/Downloads/prototypeGamma/Backend/users/views.py", line 382, in login
E             log_event(request, &#x27;login&#x27;, &#x27;success&#x27;, risk_score=risk_score, metadata={}, user=user)
E             ^^^^^^^^^^^^^^^^^^^^^^^^^^^^^^^^^^^^^^^^^^^^^^^^^^^^^^^^^^^^^^^^^^^^^^^^^^^^^^^^^^^^^
E           File "/Users/mohamedbechirdiarra/Downloads/prototypeGamma/Backend/users/utils.py", line 14, in log_event
E             AuditLog.objects.create(
E             ^
E           File "/Users/mohamedbechirdiarra/Downloads/prototypeGamma/Backend/venv/lib/python3.13/site-packages/django/db/models/manager.py", line 87, in manager_method
E             return getattr(self.get_queryset(), name)(*args, **kwargs)
E                    ^^^^^^^^^^^^^^^^^^^^^^^^^^^^^^^^^^^^^^^^^^^^^^^^^^^
E           File "/Users/mohamedbechirdiarra/Downloads/prototypeGamma/Backend/venv/lib/python3.13/site-packages/django/db/models/query.py", line 663, in create
E             obj.save(force_insert=True, using=self.db)
E             ^^^^^^^^^^^^^^^^^^^^^^^^^^^^^^^^^^^^^^^^^^
E           File "/Users/mohamedbechirdiarra/Downloads/prototypeGamma/Backend/venv/lib/python3.13/site-packages/django/db/models/base.py", line 902, in save
E             self.save_base(
E             ^
E           File "/Users/mohamedbechirdiarra/Downloads/prototypeGamma/Backend/venv/lib/python3.13/site-packages/django/db/models/base.py", line 1008, in save_base
E             updated = self._save_table(
E                       
E           File "/Users/mohamedbechirdiarra/Downloads/prototypeGamma/Backend/venv/lib/python3.13/site-packages/django/db/models/base.py", line 1169, in _save_table
E             results = self._do_insert(
E                       
E           File "/Users/mohamedbechirdiarra/Downloads/prototypeGamma/Backend/venv/lib/python3.13/site-packages/django/db/models/base.py", line 1210, in _do_insert
E             return manager._insert(
E                    
E           File "/Users/mohamedbechirdiarra/Downloads/prototypeGamma/Backend/venv/lib/python3.13/site-packages/django/db/models/manager.py", line 87, in manager_method
E             return getattr(self.get_queryset(), name)(*args, **kwargs)
E                    ^^^^^^^^^^^^^^^^^^^^^^^^^^^^^^^^^^^^^^^^^^^^^^^^^^^
E           File "/Users/mohamedbechirdiarra/Downloads/prototypeGamma/Backend/venv/lib/python3.13/site-packages/django/db/models/query.py", line 1868, in _insert
E             return query.get_compiler(using=using).execute_sql(returning_fields)
E                    ^^^^^^^^^^^^^^^^^^^^^^^^^^^^^^^^^^^^^^^^^^^^^^^^^^^^^^^^^^^^^
E           File "/Users/mohamedbechirdiarra/Downloads/prototypeGamma/Backend/venv/lib/python3.13/site-packages/django/db/models/sql/compiler.py", line 1894, in execute_sql
E             self.connection.ops.fetch_returned_insert_columns(
E             ^
E           File "/Users/mohamedbechirdiarra/Downloads/prototypeGamma/Backend/venv/lib/python3.13/site-packages/django/db/backends/base/operations.py", line 215, in fetch_returned_insert_columns
E             return cursor.fetchone()
E                    ^^^^^^^^^^^^^^^^^
E           File "/Users/mohamedbechirdiarra/Downloads/prototypeGamma/Backend/venv/lib/python3.13/site-packages/django/db/utils.py", line 97, in inner
E             with self:
E                  ^^^^
E           File "/Users/mohamedbechirdiarra/Downloads/prototypeGamma/Backend/venv/lib/python3.13/site-packages/django/db/utils.py", line 91, in __exit__
E             raise dj_exc_value.with_traceback(traceback) from exc_value
E             ^^^^^^^^^^^^^^^^^^^^^^^^^^^^^^^^^^^^^^^^^^^^^^^^^^^^^^^^^^^
E           File "/Users/mohamedbechirdiarra/Downloads/prototypeGamma/Backend/venv/lib/python3.13/site-packages/django/db/utils.py", line 98, in inner
E             return func(*args, **kwargs)
E                    ^^^^^^^^^^^^^^^^^^^^^
E         
E         Exception Type: IntegrityError at /users/login/
E         Exception Value: FOREIGN KEY constraint failed
E         </textarea>
E           <br><br>
E           <input type="submit" value="Share this traceback on a public website">
E           </div>
E         </form>
E         
E         </div>
E         
E         
E         <div id="requestinfo">
E           <h2>Request information</h2>
E         
E         
E           
E             <h3 id="user-info">USER</h3>
E             <p>AnonymousUser</p>
E           
E         
E           <h3 id="get-info">GET</h3>
E           
E             <p>No GET data</p>
E           
E         
E           <h3 id="post-info">POST</h3>
E           
E             <p>No POST data</p>
E           
E         
E           <h3 id="files-info">FILES</h3>
E           
E             <p>No FILES data</p>
E           
E         
E           <h3 id="cookie-info">COOKIES</h3>
E           
E             <p>No cookie data</p>
E           
E         
E           <h3 id="meta-info">META</h3>
E           <table class="req">
E             <thead>
E               <tr>
E                 <th scope="col">Variable</th>
E                 <th scope="col">Value</th>
E               </tr>
E             </thead>
E             <tbody>
E               
E                 <tr>
E                   <td>CONTENT_LENGTH</td>
E                   <td class="code"><pre>&#x27;69&#x27;</pre></td>
E                 </tr>
E               
E                 <tr>
E                   <td>CONTENT_TYPE</td>
E                   <td class="code"><pre>&#x27;application/json&#x27;</pre></td>
E                 </tr>
E               
E                 <tr>
E                   <td>HTTP_ACCEPT</td>
E                   <td class="code"><pre>&#x27;*/*&#x27;</pre></td>
E                 </tr>
E               
E                 <tr>
E                   <td>HTTP_ACCEPT_ENCODING</td>
E                   <td class="code"><pre>&#x27;gzip, deflate&#x27;</pre></td>
E                 </tr>
E               
E                 <tr>
E                   <td>HTTP_CONNECTION</td>
E                   <td class="code"><pre>&#x27;keep-alive&#x27;</pre></td>
E                 </tr>
E               
E                 <tr>
E                   <td>HTTP_HOST</td>
E                   <td class="code"><pre>&#x27;127.0.0.1:8000&#x27;</pre></td>
E                 </tr>
E               
E                 <tr>
E                   <td>HTTP_USER_AGENT</td>
E                   <td class="code"><pre>&#x27;python-requests/2.32.4&#x27;</pre></td>
E                 </tr>
E               
E                 <tr>
E                   <td>PATH_INFO</td>
E                   <td class="code"><pre>&#x27;/users/login/&#x27;</pre></td>
E                 </tr>
E               
E                 <tr>
E                   <td>QUERY_STRING</td>
E                   <td class="code"><pre>&#x27;&#x27;</pre></td>
E                 </tr>
E               
E                 <tr>
E                   <td>REMOTE_ADDR</td>
E                   <td class="code"><pre>&#x27;127.0.0.1&#x27;</pre></td>
E                 </tr>
E               
E                 <tr>
E                   <td>REMOTE_HOST</td>
E                   <td class="code"><pre>&#x27;127.0.0.1&#x27;</pre></td>
E                 </tr>
E               
E                 <tr>
E                   <td>REMOTE_PORT</td>
E                   <td class="code"><pre>53770</pre></td>
E                 </tr>
E               
E                 <tr>
E                   <td>REQUEST_METHOD</td>
E                   <td class="code"><pre>&#x27;POST&#x27;</pre></td>
E                 </tr>
E               
E                 <tr>
E                   <td>SCRIPT_NAME</td>
E                   <td class="code"><pre>&#x27;&#x27;</pre></td>
E                 </tr>
E               
E                 <tr>
E                   <td>SERVER_NAME</td>
E                   <td class="code"><pre>&#x27;127.0.0.1&#x27;</pre></td>
E                 </tr>
E               
E                 <tr>
E                   <td>SERVER_PORT</td>
E                   <td class="code"><pre>&#x27;8000&#x27;</pre></td>
E                 </tr>
E               
E                 <tr>
E                   <td>wsgi.multiprocess</td>
E                   <td class="code"><pre>True</pre></td>
E                 </tr>
E               
E                 <tr>
E                   <td>wsgi.multithread</td>
E                   <td class="code"><pre>True</pre></td>
E                 </tr>
E               
E             </tbody>
E           </table>
E         
E         
E           <h3 id="settings-info">Settings</h3>
E           <h4>Using settings module <code>Backend.auth.settings</code></h4>
E           <table class="req">
E             <thead>
E               <tr>
E                 <th scope="col">Setting</th>
E                 <th scope="col">Value</th>
E               </tr>
E             </thead>
E             <tbody>
E               
E                 <tr>
E                   <td>ABSOLUTE_URL_OVERRIDES</td>
E                   <td class="code"><pre>{}</pre></td>
E                 </tr>
E               
E                 <tr>
E                   <td>ADMINS</td>
E                   <td class="code"><pre>[]</pre></td>
E                 </tr>
E               
E                 <tr>
E                   <td>ALLOWED_HOSTS</td>
E                   <td class="code"><pre>[&#x27;127.0.0.1&#x27;, &#x27;localhost&#x27;, &#x27;testserver&#x27;]</pre></td>
E                 </tr>
E               
E                 <tr>
E                   <td>APPEND_SLASH</td>
E                   <td class="code"><pre>True</pre></td>
E                 </tr>
E               
E                 <tr>
E                   <td>ASGI_APPLICATION</td>
E                   <td class="code"><pre>&#x27;auth.asgi.application&#x27;</pre></td>
E                 </tr>
E               
E                 <tr>
E                   <td>AUTHENTICATION_BACKENDS</td>
E                   <td class="code"><pre>&#x27;********************&#x27;</pre></td>
E                 </tr>
E               
E                 <tr>
E                   <td>AUTH_PASSWORD_VALIDATORS</td>
E                   <td class="code"><pre>&#x27;********************&#x27;</pre></td>
E                 </tr>
E               
E                 <tr>
E                   <td>AUTH_USER_MODEL</td>
E                   <td class="code"><pre>&#x27;********************&#x27;</pre></td>
E                 </tr>
E               
E                 <tr>
E                   <td>BASE_DIR</td>
E                   <td class="code"><pre>PosixPath(&#x27;/Users/mohamedbechirdiarra/Downloads/prototypeGamma/Backend&#x27;)</pre></td>
E                 </tr>
E               
E                 <tr>
E                   <td>BASE_URL</td>
E                   <td class="code"><pre>&#x27;http://127.0.0.1:8000&#x27;</pre></td>
E                 </tr>
E               
E                 <tr>
E                   <td>CACHES</td>
E                   <td class="code"><pre>{&#x27;default&#x27;: {&#x27;BACKEND&#x27;: &#x27;django.core.cache.backends.locmem.LocMemCache&#x27;,
E                      &#x27;LOCATION&#x27;: &#x27;unique-snowflake&#x27;,
E                      &#x27;OPTIONS&#x27;: {&#x27;MAX_ENTRIES&#x27;: 1000},
E                      &#x27;TIMEOUT&#x27;: 300}}</pre></td>
E                 </tr>
E               
E                 <tr>
E                   <td>CACHE_MIDDLEWARE_ALIAS</td>
E                   <td class="code"><pre>&#x27;default&#x27;</pre></td>
E                 </tr>
E               
E                 <tr>
E                   <td>CACHE_MIDDLEWARE_KEY_PREFIX</td>
E                   <td class="code"><pre>&#x27;********************&#x27;</pre></td>
E                 </tr>
E               
E                 <tr>
E                   <td>CACHE_MIDDLEWARE_SECONDS</td>
E                   <td class="code"><pre>600</pre></td>
E                 </tr>
E               
E                 <tr>
E                   <td>CHANNEL_LAYERS</td>
E                   <td class="code"><pre>{&#x27;default&#x27;: {&#x27;BACKEND&#x27;: &#x27;channels.layers.InMemoryChannelLayer&#x27;}}</pre></td>
E                 </tr>
E               
E                 <tr>
E                   <td>CINETPAY_API_KEY</td>
E                   <td class="code"><pre>&#x27;********************&#x27;</pre></td>
E                 </tr>
E               
E                 <tr>
E                   <td>CINETPAY_CONFIG</td>
E                   <td class="code"><pre>{&#x27;API_KEY&#x27;: &#x27;********************&#x27;,
E          &#x27;API_URL&#x27;: &#x27;********************&#x27;,
E          &#x27;CURRENCY&#x27;: &#x27;XOF&#x27;,
E          &#x27;ENVIRONMENT&#x27;: &#x27;Production&#x27;,
E          &#x27;LANG&#x27;: &#x27;fr&#x27;,
E          &#x27;MODE&#x27;: &#x27;PRODUCTION&#x27;,
E          &#x27;SECRET_KEY&#x27;: &#x27;********************&#x27;,
E          &#x27;SITE_ID&#x27;: &#x27;105899471&#x27;,
E          &#x27;USE_SIMULATOR&#x27;: False}</pre></td>
E                 </tr>
E               
E                 <tr>
E                   <td>CINETPAY_ENVIRONMENT</td>
E                   <td class="code"><pre>&#x27;Production&#x27;</pre></td>
E                 </tr>
E               
E                 <tr>
E                   <td>CINETPAY_SECRET_KEY</td>
E                   <td class="code"><pre>&#x27;********************&#x27;</pre></td>
E                 </tr>
E               
E                 <tr>
E                   <td>CINETPAY_SITE_ID</td>
E                   <td class="code"><pre>&#x27;105899471&#x27;</pre></td>
E                 </tr>
E               
E                 <tr>
E                   <td>CINETPAY_USE_SIMULATOR</td>
E                   <td class="code"><pre>False</pre></td>
E                 </tr>
E               
E                 <tr>
E                   <td>CORS_ALLOWED_HEADERS</td>
E                   <td class="code"><pre>[&#x27;Content-Type&#x27;, &#x27;Authorization&#x27;, &#x27;X-Requested-With&#x27;]</pre></td>
E                 </tr>
E               
E                 <tr>
E                   <td>CORS_ALLOWED_METHODS</td>
E                   <td class="code"><pre>[&#x27;GET&#x27;, &#x27;POST&#x27;, &#x27;PUT&#x27;, &#x27;DELETE&#x27;, &#x27;OPTIONS&#x27;]</pre></td>
E                 </tr>
E               
E                 <tr>
E                   <td>CORS_ALLOWED_ORIGINS</td>
E                   <td class="code"><pre>[&#x27;http://localhost:5173&#x27;,
E          &#x27;http://127.0.0.1:5173&#x27;,
E          &#x27;http://localhost:8000&#x27;,
E          &#x27;http://127.0.0.1:8000&#x27;]</pre></td>
E                 </tr>
E               
E                 <tr>
E                   <td>CORS_ALLOW_ALL_ORIGINS</td>
E                   <td class="code"><pre>True</pre></td>
E                 </tr>
E               
E                 <tr>
E                   <td>CORS_ALLOW_CREDENTIALS</td>
E                   <td class="code"><pre>True</pre></td>
E                 </tr>
E               
E                 <tr>
E                   <td>CSRF_COOKIE_AGE</td>
E                   <td class="code"><pre>31449600</pre></td>
E                 </tr>
E               
E                 <tr>
E                   <td>CSRF_COOKIE_DOMAIN</td>
E                   <td class="code"><pre>None</pre></td>
E                 </tr>
E               
E                 <tr>
E                   <td>CSRF_COOKIE_HTTPONLY</td>
E                   <td class="code"><pre>True</pre></td>
E                 </tr>
E               
E                 <tr>
E                   <td>CSRF_COOKIE_NAME</td>
E                   <td class="code"><pre>&#x27;csrftoken&#x27;</pre></td>
E                 </tr>
E               
E                 <tr>
E                   <td>CSRF_COOKIE_PATH</td>
E                   <td class="code"><pre>&#x27;/&#x27;</pre></td>
E                 </tr>
E               
E                 <tr>
E                   <td>CSRF_COOKIE_SAMESITE</td>
E                   <td class="code"><pre>&#x27;Lax&#x27;</pre></td>
E                 </tr>
E               
E                 <tr>
E                   <td>CSRF_COOKIE_SECURE</td>
E                   <td class="code"><pre>True</pre></td>
E                 </tr>
E               
E                 <tr>
E                   <td>CSRF_FAILURE_VIEW</td>
E                   <td class="code"><pre>&#x27;django.views.csrf.csrf_failure&#x27;</pre></td>
E                 </tr>
E               
E                 <tr>
E                   <td>CSRF_HEADER_NAME</td>
E                   <td class="code"><pre>&#x27;HTTP_X_CSRFTOKEN&#x27;</pre></td>
E                 </tr>
E               
E                 <tr>
E                   <td>CSRF_TRUSTED_ORIGINS</td>
E                   <td class="code"><pre>[&#x27;http://localhost:3000&#x27;, &#x27;http://127.0.0.1:3000&#x27;]</pre></td>
E                 </tr>
E               
E                 <tr>
E                   <td>CSRF_USE_SESSIONS</td>
E                   <td class="code"><pre>False</pre></td>
E                 </tr>
E               
E                 <tr>
E                   <td>DATABASES</td>
E                   <td class="code"><pre>{&#x27;default&#x27;: {&#x27;ATOMIC_REQUESTS&#x27;: False,
E                      &#x27;AUTOCOMMIT&#x27;: True,
E                      &#x27;CONN_HEALTH_CHECKS&#x27;: False,
E                      &#x27;CONN_MAX_AGE&#x27;: 0,
E                      &#x27;ENGINE&#x27;: &#x27;django.db.backends.sqlite3&#x27;,
E                      &#x27;HOST&#x27;: &#x27;&#x27;,
E                      &#x27;NAME&#x27;: PosixPath(&#x27;/Users/mohamedbechirdiarra/Downloads/prototypeGamma/Backend/db.sqlite3&#x27;),
E                      &#x27;OPTIONS&#x27;: {},
E                      &#x27;PASSWORD&#x27;: &#x27;********************&#x27;,
E                      &#x27;PORT&#x27;: &#x27;&#x27;,
E                      &#x27;TEST&#x27;: {&#x27;CHARSET&#x27;: None,
E                               &#x27;COLLATION&#x27;: None,
E                               &#x27;MIGRATE&#x27;: True,
E                               &#x27;MIRROR&#x27;: None,
E                               &#x27;NAME&#x27;: None},
E                      &#x27;TIME_ZONE&#x27;: None,
E                      &#x27;USER&#x27;: &#x27;&#x27;}}</pre></td>
E                 </tr>
E               
E                 <tr>
E                   <td>DATABASE_ROUTERS</td>
E                   <td class="code"><pre>[]</pre></td>
E                 </tr>
E               
E                 <tr>
E                   <td>DATA_UPLOAD_MAX_MEMORY_SIZE</td>
E                   <td class="code"><pre>2621440</pre></td>
E                 </tr>
E               
E                 <tr>
E                   <td>DATA_UPLOAD_MAX_NUMBER_FIELDS</td>
E                   <td class="code"><pre>1000</pre></td>
E                 </tr>
E               
E                 <tr>
E                   <td>DATA_UPLOAD_MAX_NUMBER_FILES</td>
E                   <td class="code"><pre>100</pre></td>
E                 </tr>
E               
E                 <tr>
E                   <td>DATETIME_FORMAT</td>
E                   <td class="code"><pre>&#x27;N j, Y, P&#x27;</pre></td>
E                 </tr>
E               
E                 <tr>
E                   <td>DATETIME_INPUT_FORMATS</td>
E                   <td class="code"><pre>[&#x27;%Y-%m-%d %H:%M:%S&#x27;,
E          &#x27;%Y-%m-%d %H:%M:%S.%f&#x27;,
E          &#x27;%Y-%m-%d %H:%M&#x27;,
E          &#x27;%m/%d/%Y %H:%M:%S&#x27;,
E          &#x27;%m/%d/%Y %H:%M:%S.%f&#x27;,
E          &#x27;%m/%d/%Y %H:%M&#x27;,
E          &#x27;%m/%d/%y %H:%M:%S&#x27;,
E          &#x27;%m/%d/%y %H:%M:%S.%f&#x27;,
E          &#x27;%m/%d/%y %H:%M&#x27;]</pre></td>
E                 </tr>
E               
E                 <tr>
E                   <td>DATE_FORMAT</td>
E                   <td class="code"><pre>&#x27;N j, Y&#x27;</pre></td>
E                 </tr>
E               
E                 <tr>
E                   <td>DATE_INPUT_FORMATS</td>
E                   <td class="code"><pre>[&#x27;%Y-%m-%d&#x27;,
E          &#x27;%m/%d/%Y&#x27;,
E          &#x27;%m/%d/%y&#x27;,
E          &#x27;%b %d %Y&#x27;,
E          &#x27;%b %d, %Y&#x27;,
E          &#x27;%d %b %Y&#x27;,
E          &#x27;%d %b, %Y&#x27;,
E          &#x27;%B %d %Y&#x27;,
E          &#x27;%B %d, %Y&#x27;,
E          &#x27;%d %B %Y&#x27;,
E          &#x27;%d %B, %Y&#x27;]</pre></td>
E                 </tr>
E               
E                 <tr>
E                   <td>DEBUG</td>
E                   <td class="code"><pre>True</pre></td>
E                 </tr>
E               
E                 <tr>
E                   <td>DEBUG_PROPAGATE_EXCEPTIONS</td>
E                   <td class="code"><pre>False</pre></td>
E                 </tr>
E               
E                 <tr>
E                   <td>DECIMAL_SEPARATOR</td>
E                   <td class="code"><pre>&#x27;.&#x27;</pre></td>
E                 </tr>
E               
E                 <tr>
E                   <td>DEFAULT_AUTO_FIELD</td>
E                   <td class="code"><pre>&#x27;django.db.models.BigAutoField&#x27;</pre></td>
E                 </tr>
E               
E                 <tr>
E                   <td>DEFAULT_CHARSET</td>
E                   <td class="code"><pre>&#x27;utf-8&#x27;</pre></td>
E                 </tr>
E               
E                 <tr>
E                   <td>DEFAULT_EXCEPTION_REPORTER</td>
E                   <td class="code"><pre>&#x27;django.views.debug.ExceptionReporter&#x27;</pre></td>
E                 </tr>
E               
E                 <tr>
E                   <td>DEFAULT_EXCEPTION_REPORTER_FILTER</td>
E                   <td class="code"><pre>&#x27;django.views.debug.SafeExceptionReporterFilter&#x27;</pre></td>
E                 </tr>
E               
E                 <tr>
E                   <td>DEFAULT_FROM_EMAIL</td>
E                   <td class="code"><pre>&#x27;webmaster@localhost&#x27;</pre></td>
E                 </tr>
E               
E                 <tr>
E                   <td>DEFAULT_INDEX_TABLESPACE</td>
E                   <td class="code"><pre>&#x27;&#x27;</pre></td>
E                 </tr>
E               
E                 <tr>
E                   <td>DEFAULT_TABLESPACE</td>
E                   <td class="code"><pre>&#x27;&#x27;</pre></td>
E                 </tr>
E               
E                 <tr>
E                   <td>DISALLOWED_USER_AGENTS</td>
E                   <td class="code"><pre>[]</pre></td>
E                 </tr>
E               
E                 <tr>
E                   <td>EMAIL_BACKEND</td>
E                   <td class="code"><pre>&#x27;django.core.mail.backends.console.EmailBackend&#x27;</pre></td>
E                 </tr>
E               
E                 <tr>
E                   <td>EMAIL_HOST</td>
E                   <td class="code"><pre>&#x27;localhost&#x27;</pre></td>
E                 </tr>
E               
E                 <tr>
E                   <td>EMAIL_HOST_PASSWORD</td>
E                   <td class="code"><pre>&#x27;********************&#x27;</pre></td>
E                 </tr>
E               
E                 <tr>
E                   <td>EMAIL_HOST_USER</td>
E                   <td class="code"><pre>&#x27;&#x27;</pre></td>
E                 </tr>
E               
E                 <tr>
E                   <td>EMAIL_PORT</td>
E                   <td class="code"><pre>1025</pre></td>
E                 </tr>
E               
E                 <tr>
E                   <td>EMAIL_SSL_CERTFILE</td>
E                   <td class="code"><pre>None</pre></td>
E                 </tr>
E               
E                 <tr>
E                   <td>EMAIL_SSL_KEYFILE</td>
E                   <td class="code"><pre>&#x27;********************&#x27;</pre></td>
E                 </tr>
E               
E                 <tr>
E                   <td>EMAIL_SUBJECT_PREFIX</td>
E                   <td class="code"><pre>&#x27;[Django] &#x27;</pre></td>
E                 </tr>
E               
E                 <tr>
E                   <td>EMAIL_TIMEOUT</td>
E                   <td class="code"><pre>None</pre></td>
E                 </tr>
E               
E                 <tr>
E                   <td>EMAIL_USE_LOCALTIME</td>
E                   <td class="code"><pre>False</pre></td>
E                 </tr>
E               
E                 <tr>
E                   <td>EMAIL_USE_SSL</td>
E                   <td class="code"><pre>False</pre></td>
E                 </tr>
E               
E                 <tr>
E                   <td>EMAIL_USE_TLS</td>
E                   <td class="code"><pre>False</pre></td>
E                 </tr>
E               
E                 <tr>
E                   <td>FILE_UPLOAD_DIRECTORY_PERMISSIONS</td>
E                   <td class="code"><pre>None</pre></td>
E                 </tr>
E               
E                 <tr>
E                   <td>FILE_UPLOAD_HANDLERS</td>
E                   <td class="code"><pre>[&#x27;django.core.files.uploadhandler.MemoryFileUploadHandler&#x27;,
E          &#x27;django.core.files.uploadhandler.TemporaryFileUploadHandler&#x27;]</pre></td>
E                 </tr>
E               
E                 <tr>
E                   <td>FILE_UPLOAD_MAX_MEMORY_SIZE</td>
E                   <td class="code"><pre>2621440</pre></td>
E                 </tr>
E               
E                 <tr>
E                   <td>FILE_UPLOAD_PERMISSIONS</td>
E                   <td class="code"><pre>420</pre></td>
E                 </tr>
E               
E                 <tr>
E                   <td>FILE_UPLOAD_TEMP_DIR</td>
E                   <td class="code"><pre>None</pre></td>
E                 </tr>
E               
E                 <tr>
E                   <td>FIRST_DAY_OF_WEEK</td>
E                   <td class="code"><pre>0</pre></td>
E                 </tr>
E               
E                 <tr>
E                   <td>FIXTURE_DIRS</td>
E                   <td class="code"><pre>[]</pre></td>
E                 </tr>
E               
E                 <tr>
E                   <td>FORCE_SCRIPT_NAME</td>
E                   <td class="code"><pre>None</pre></td>
E                 </tr>
E               
E                 <tr>
E                   <td>FORMAT_MODULE_PATH</td>
E                   <td class="code"><pre>None</pre></td>
E                 </tr>
E               
E                 <tr>
E                   <td>FORMS_URLFIELD_ASSUME_HTTPS</td>
E                   <td class="code"><pre>False</pre></td>
E                 </tr>
E               
E                 <tr>
E                   <td>FORM_RENDERER</td>
E                   <td class="code"><pre>&#x27;django.forms.renderers.DjangoTemplates&#x27;</pre></td>
E                 </tr>
E               
E                 <tr>
E                   <td>FRONTEND_URL</td>
E                   <td class="code"><pre>&#x27;http://127.0.0.1:5173&#x27;</pre></td>
E                 </tr>
E               
E                 <tr>
E                   <td>GDAL_LIBRARY_PATH</td>
E                   <td class="code"><pre>&#x27;C:\\OSGeo4W\\bin\\gdal311.dll&#x27;</pre></td>
E                 </tr>
E               
E                 <tr>
E                   <td>GEOLOCATION_SETTINGS</td>
E                   <td class="code"><pre>{&#x27;CACHE_TIMEOUT&#x27;: 3600, &#x27;DEFAULT_RADIUS_KM&#x27;: 10, &#x27;MAX_RADIUS_KM&#x27;: 50}</pre></td>
E                 </tr>
E               
E                 <tr>
E                   <td>GEOS_LIBRARY_PATH</td>
E                   <td class="code"><pre>&#x27;C:\\OSGeo4W\\bin\\geos_c.dll&#x27;</pre></td>
E                 </tr>
E               
E                 <tr>
E                   <td>IGNORABLE_404_URLS</td>
E                   <td class="code"><pre>[]</pre></td>
E                 </tr>
E               
E                 <tr>
E                   <td>INSTALLED_APPS</td>
E                   <td class="code"><pre>[&#x27;django.contrib.admin&#x27;,
E          &#x27;django.contrib.auth&#x27;,
E          &#x27;django.contrib.contenttypes&#x27;,
E          &#x27;django.contrib.sessions&#x27;,
E          &#x27;django.contrib.messages&#x27;,
E          &#x27;django.contrib.staticfiles&#x27;,
E          &#x27;rest_framework&#x27;,
E          &#x27;corsheaders&#x27;,
E          &#x27;users&#x27;,
E          &#x27;depannage&#x27;,
E          &#x27;rest_framework_simplejwt&#x27;,
E          &#x27;rest_framework_simplejwt.token_blacklist&#x27;,
E          &#x27;channels&#x27;]</pre></td>
E                 </tr>
E               
E                 <tr>
E                   <td>INTERNAL_IPS</td>
E                   <td class="code"><pre>[]</pre></td>
E                 </tr>
E               
E                 <tr>
E                   <td>LANGUAGES</td>
E                   <td class="code"><pre>[(&#x27;af&#x27;, &#x27;Afrikaans&#x27;),
E          (&#x27;ar&#x27;, &#x27;Arabic&#x27;),
E          (&#x27;ar-dz&#x27;, &#x27;Algerian Arabic&#x27;),
E          (&#x27;ast&#x27;, &#x27;Asturian&#x27;),
E          (&#x27;az&#x27;, &#x27;Azerbaijani&#x27;),
E          (&#x27;bg&#x27;, &#x27;Bulgarian&#x27;),
E          (&#x27;be&#x27;, &#x27;Belarusian&#x27;),
E          (&#x27;bn&#x27;, &#x27;Bengali&#x27;),
E          (&#x27;br&#x27;, &#x27;Breton&#x27;),
E          (&#x27;bs&#x27;, &#x27;Bosnian&#x27;),
E          (&#x27;ca&#x27;, &#x27;Catalan&#x27;),
E          (&#x27;ckb&#x27;, &#x27;Central Kurdish (Sorani)&#x27;),
E          (&#x27;cs&#x27;, &#x27;Czech&#x27;),
E          (&#x27;cy&#x27;, &#x27;Welsh&#x27;),
E          (&#x27;da&#x27;, &#x27;Danish&#x27;),
E          (&#x27;de&#x27;, &#x27;German&#x27;),
E          (&#x27;dsb&#x27;, &#x27;Lower Sorbian&#x27;),
E          (&#x27;el&#x27;, &#x27;Greek&#x27;),
E          (&#x27;en&#x27;, &#x27;English&#x27;),
E          (&#x27;en-au&#x27;, &#x27;Australian English&#x27;),
E          (&#x27;en-gb&#x27;, &#x27;British English&#x27;),
E          (&#x27;eo&#x27;, &#x27;Esperanto&#x27;),
E          (&#x27;es&#x27;, &#x27;Spanish&#x27;),
E          (&#x27;es-ar&#x27;, &#x27;Argentinian Spanish&#x27;),
E          (&#x27;es-co&#x27;, &#x27;Colombian Spanish&#x27;),
E          (&#x27;es-mx&#x27;, &#x27;Mexican Spanish&#x27;),
E          (&#x27;es-ni&#x27;, &#x27;Nicaraguan Spanish&#x27;),
E          (&#x27;es-ve&#x27;, &#x27;Venezuelan Spanish&#x27;),
E          (&#x27;et&#x27;, &#x27;Estonian&#x27;),
E          (&#x27;eu&#x27;, &#x27;Basque&#x27;),
E          (&#x27;fa&#x27;, &#x27;Persian&#x27;),
E          (&#x27;fi&#x27;, &#x27;Finnish&#x27;),
E          (&#x27;fr&#x27;, &#x27;French&#x27;),
E          (&#x27;fy&#x27;, &#x27;Frisian&#x27;),
E          (&#x27;ga&#x27;, &#x27;Irish&#x27;),
E          (&#x27;gd&#x27;, &#x27;Scottish Gaelic&#x27;),
E          (&#x27;gl&#x27;, &#x27;Galician&#x27;),
E          (&#x27;he&#x27;, &#x27;Hebrew&#x27;),
E          (&#x27;hi&#x27;, &#x27;Hindi&#x27;),
E          (&#x27;hr&#x27;, &#x27;Croatian&#x27;),
E          (&#x27;hsb&#x27;, &#x27;Upper Sorbian&#x27;),
E          (&#x27;hu&#x27;, &#x27;Hungarian&#x27;),
E          (&#x27;hy&#x27;, &#x27;Armenian&#x27;),
E          (&#x27;ia&#x27;, &#x27;Interlingua&#x27;),
E          (&#x27;id&#x27;, &#x27;Indonesian&#x27;),
E          (&#x27;ig&#x27;, &#x27;Igbo&#x27;),
E          (&#x27;io&#x27;, &#x27;Ido&#x27;),
E          (&#x27;is&#x27;, &#x27;Icelandic&#x27;),
E          (&#x27;it&#x27;, &#x27;Italian&#x27;),
E          (&#x27;ja&#x27;, &#x27;Japanese&#x27;),
E          (&#x27;ka&#x27;, &#x27;Georgian&#x27;),
E          (&#x27;kab&#x27;, &#x27;Kabyle&#x27;),
E          (&#x27;kk&#x27;, &#x27;Kazakh&#x27;),
E          (&#x27;km&#x27;, &#x27;Khmer&#x27;),
E          (&#x27;kn&#x27;, &#x27;Kannada&#x27;),
E          (&#x27;ko&#x27;, &#x27;Korean&#x27;),
E          (&#x27;ky&#x27;, &#x27;Kyrgyz&#x27;),
E          (&#x27;lb&#x27;, &#x27;Luxembourgish&#x27;),
E          (&#x27;lt&#x27;, &#x27;Lithuanian&#x27;),
E          (&#x27;lv&#x27;, &#x27;Latvian&#x27;),
E          (&#x27;mk&#x27;, &#x27;Macedonian&#x27;),
E          (&#x27;ml&#x27;, &#x27;Malayalam&#x27;),
E          (&#x27;mn&#x27;, &#x27;Mongolian&#x27;),
E          (&#x27;mr&#x27;, &#x27;Marathi&#x27;),
E          (&#x27;ms&#x27;, &#x27;Malay&#x27;),
E          (&#x27;my&#x27;, &#x27;Burmese&#x27;),
E          (&#x27;nb&#x27;, &#x27;Norwegian Bokmål&#x27;),
E          (&#x27;ne&#x27;, &#x27;Nepali&#x27;),
E          (&#x27;nl&#x27;, &#x27;Dutch&#x27;),
E          (&#x27;nn&#x27;, &#x27;Norwegian Nynorsk&#x27;),
E          (&#x27;os&#x27;, &#x27;Ossetic&#x27;),
E          (&#x27;pa&#x27;, &#x27;Punjabi&#x27;),
E          (&#x27;pl&#x27;, &#x27;Polish&#x27;),
E          (&#x27;pt&#x27;, &#x27;Portuguese&#x27;),
E          (&#x27;pt-br&#x27;, &#x27;Brazilian Portuguese&#x27;),
E          (&#x27;ro&#x27;, &#x27;Romanian&#x27;),
E          (&#x27;ru&#x27;, &#x27;Russian&#x27;),
E          (&#x27;sk&#x27;, &#x27;Slovak&#x27;),
E          (&#x27;sl&#x27;, &#x27;Slovenian&#x27;),
E          (&#x27;sq&#x27;, &#x27;Albanian&#x27;),
E          (&#x27;sr&#x27;, &#x27;Serbian&#x27;),
E          (&#x27;sr-latn&#x27;, &#x27;Serbian Latin&#x27;),
E          (&#x27;sv&#x27;, &#x27;Swedish&#x27;),
E          (&#x27;sw&#x27;, &#x27;Swahili&#x27;),
E          (&#x27;ta&#x27;, &#x27;Tamil&#x27;),
E          (&#x27;te&#x27;, &#x27;Telugu&#x27;),
E          (&#x27;tg&#x27;, &#x27;Tajik&#x27;),
E          (&#x27;th&#x27;, &#x27;Thai&#x27;),
E          (&#x27;tk&#x27;, &#x27;Turkmen&#x27;),
E          (&#x27;tr&#x27;, &#x27;Turkish&#x27;),
E          (&#x27;tt&#x27;, &#x27;Tatar&#x27;),
E          (&#x27;udm&#x27;, &#x27;Udmurt&#x27;),
E          (&#x27;ug&#x27;, &#x27;Uyghur&#x27;),
E          (&#x27;uk&#x27;, &#x27;Ukrainian&#x27;),
E          (&#x27;ur&#x27;, &#x27;Urdu&#x27;),
E          (&#x27;uz&#x27;, &#x27;Uzbek&#x27;),
E          (&#x27;vi&#x27;, &#x27;Vietnamese&#x27;),
E          (&#x27;zh-hans&#x27;, &#x27;Simplified Chinese&#x27;),
E          (&#x27;zh-hant&#x27;, &#x27;Traditional Chinese&#x27;)]</pre></td>
E                 </tr>
E               
E                 <tr>
E                   <td>LANGUAGES_BIDI</td>
E                   <td class="code"><pre>[&#x27;he&#x27;, &#x27;ar&#x27;, &#x27;ar-dz&#x27;, &#x27;ckb&#x27;, &#x27;fa&#x27;, &#x27;ug&#x27;, &#x27;ur&#x27;]</pre></td>
E                 </tr>
E               
E                 <tr>
E                   <td>LANGUAGE_CODE</td>
E                   <td class="code"><pre>&#x27;en-us&#x27;</pre></td>
E                 </tr>
E               
E                 <tr>
E                   <td>LANGUAGE_COOKIE_AGE</td>
E                   <td class="code"><pre>None</pre></td>
E                 </tr>
E               
E                 <tr>
E                   <td>LANGUAGE_COOKIE_DOMAIN</td>
E                   <td class="code"><pre>None</pre></td>
E                 </tr>
E               
E                 <tr>
E                   <td>LANGUAGE_COOKIE_HTTPONLY</td>
E                   <td class="code"><pre>False</pre></td>
E                 </tr>
E               
E                 <tr>
E                   <td>LANGUAGE_COOKIE_NAME</td>
E                   <td class="code"><pre>&#x27;django_language&#x27;</pre></td>
E                 </tr>
E               
E                 <tr>
E                   <td>LANGUAGE_COOKIE_PATH</td>
E                   <td class="code"><pre>&#x27;/&#x27;</pre></td>
E                 </tr>
E               
E                 <tr>
E                   <td>LANGUAGE_COOKIE_SAMESITE</td>
E                   <td class="code"><pre>None</pre></td>
E                 </tr>
E               
E                 <tr>
E                   <td>LANGUAGE_COOKIE_SECURE</td>
E                   <td class="code"><pre>False</pre></td>
E                 </tr>
E               
E                 <tr>
E                   <td>LOCALE_PATHS</td>
E                   <td class="code"><pre>[]</pre></td>
E                 </tr>
E               
E                 <tr>
E                   <td>LOGGING</td>
E                   <td class="code"><pre>{&#x27;disable_existing_loggers&#x27;: False,
E          &#x27;formatters&#x27;: {&#x27;simple&#x27;: {&#x27;format&#x27;: &#x27;{levelname} {message}&#x27;, &#x27;style&#x27;: &#x27;{&#x27;},
E                         &#x27;verbose&#x27;: {&#x27;format&#x27;: &#x27;{levelname} {asctime} {module} &#x27;
E                                               &#x27;{process:d} {thread:d} {message}&#x27;,
E                                     &#x27;style&#x27;: &#x27;{&#x27;}},
E          &#x27;handlers&#x27;: {&#x27;file&#x27;: {&#x27;class&#x27;: &#x27;logging.FileHandler&#x27;,
E                                &#x27;filename&#x27;: &#x27;django.log&#x27;,
E                                &#x27;formatter&#x27;: &#x27;verbose&#x27;,
E                                &#x27;level&#x27;: &#x27;INFO&#x27;},
E                       &#x27;security_file&#x27;: {&#x27;class&#x27;: &#x27;logging.FileHandler&#x27;,
E                                         &#x27;filename&#x27;: &#x27;security.log&#x27;,
E                                         &#x27;formatter&#x27;: &#x27;verbose&#x27;,
E                                         &#x27;level&#x27;: &#x27;WARNING&#x27;}},
E          &#x27;loggers&#x27;: {&#x27;depannage&#x27;: {&#x27;handlers&#x27;: [&#x27;file&#x27;],
E                                    &#x27;level&#x27;: &#x27;INFO&#x27;,
E                                    &#x27;propagate&#x27;: True},
E                      &#x27;django&#x27;: {&#x27;handlers&#x27;: [&#x27;file&#x27;],
E                                 &#x27;level&#x27;: &#x27;INFO&#x27;,
E                                 &#x27;propagate&#x27;: True},
E                      &#x27;django.security&#x27;: {&#x27;handlers&#x27;: [&#x27;security_file&#x27;],
E                                          &#x27;level&#x27;: &#x27;WARNING&#x27;,
E                                          &#x27;propagate&#x27;: False},
E                      &#x27;users&#x27;: {&#x27;handlers&#x27;: [&#x27;file&#x27;],
E                                &#x27;level&#x27;: &#x27;INFO&#x27;,
E                                &#x27;propagate&#x27;: True}},
E          &#x27;version&#x27;: 1}</pre></td>
E                 </tr>
E               
E                 <tr>
E                   <td>LOGGING_CONFIG</td>
E                   <td class="code"><pre>&#x27;logging.config.dictConfig&#x27;</pre></td>
E                 </tr>
E               
E                 <tr>
E                   <td>LOGIN_REDIRECT_URL</td>
E                   <td class="code"><pre>&#x27;/accounts/profile/&#x27;</pre></td>
E                 </tr>
E               
E                 <tr>
E                   <td>LOGIN_URL</td>
E                   <td class="code"><pre>&#x27;/accounts/login/&#x27;</pre></td>
E                 </tr>
E               
E                 <tr>
E                   <td>LOGOUT_REDIRECT_URL</td>
E                   <td class="code"><pre>None</pre></td>
E                 </tr>
E               
E                 <tr>
E                   <td>MANAGERS</td>
E                   <td class="code"><pre>[]</pre></td>
E                 </tr>
E               
E                 <tr>
E                   <td>MEDIA_ROOT</td>
E                   <td class="code"><pre>&#x27;/Users/mohamedbechirdiarra/Downloads/prototypeGamma/Backend/media&#x27;</pre></td>
E                 </tr>
E               
E                 <tr>
E                   <td>MEDIA_URL</td>
E                   <td class="code"><pre>&#x27;/media/&#x27;</pre></td>
E                 </tr>
E               
E                 <tr>
E                   <td>MESSAGE_STORAGE</td>
E                   <td class="code"><pre>&#x27;django.contrib.messages.storage.fallback.FallbackStorage&#x27;</pre></td>
E                 </tr>
E               
E                 <tr>
E                   <td>MIDDLEWARE</td>
E                   <td class="code"><pre>[&#x27;corsheaders.middleware.CorsMiddleware&#x27;,
E          &#x27;django.middleware.security.SecurityMiddleware&#x27;,
E          &#x27;django.contrib.sessions.middleware.SessionMiddleware&#x27;,
E          &#x27;django.middleware.common.CommonMiddleware&#x27;,
E          &#x27;django.middleware.csrf.CsrfViewMiddleware&#x27;,
E          &#x27;django.contrib.auth.middleware.AuthenticationMiddleware&#x27;,
E          &#x27;django.contrib.messages.middleware.MessageMiddleware&#x27;,
E          &#x27;django.middleware.clickjacking.XFrameOptionsMiddleware&#x27;,
E          &#x27;auth.middleware.JWTSecurityMiddleware&#x27;,
E          &#x27;auth.middleware.TokenValidationMiddleware&#x27;]</pre></td>
E                 </tr>
E               
E                 <tr>
E                   <td>MIGRATION_MODULES</td>
E                   <td class="code"><pre>{}</pre></td>
E                 </tr>
E               
E                 <tr>
E                   <td>MONTH_DAY_FORMAT</td>
E                   <td class="code"><pre>&#x27;F j&#x27;</pre></td>
E                 </tr>
E               
E                 <tr>
E                   <td>NOTIFICATION_CHANNELS</td>
E                   <td class="code"><pre>{&#x27;email&#x27;: True, &#x27;push&#x27;: False, &#x27;sms&#x27;: False}</pre></td>
E                 </tr>
E               
E                 <tr>
E                   <td>NUMBER_GROUPING</td>
E                   <td class="code"><pre>0</pre></td>
E                 </tr>
E               
E                 <tr>
E                   <td>PASSWORD_HASHERS</td>
E                   <td class="code"><pre>&#x27;********************&#x27;</pre></td>
E                 </tr>
E               
E                 <tr>
E                   <td>PASSWORD_RESET_TIMEOUT</td>
E                   <td class="code"><pre>&#x27;********************&#x27;</pre></td>
E                 </tr>
E               
E                 <tr>
E                   <td>PAYMENT_SETTINGS</td>
E                   <td class="code"><pre>{&#x27;CINETPAY_API_KEY&#x27;: &#x27;********************&#x27;,
E          &#x27;CINETPAY_ENVIRONMENT&#x27;: &#x27;Production&#x27;,
E          &#x27;CINETPAY_SITE_ID&#x27;: &#x27;105899471&#x27;}</pre></td>
E                 </tr>
E               
E                 <tr>
E                   <td>PREPEND_WWW</td>
E                   <td class="code"><pre>False</pre></td>
E                 </tr>
E               
E                 <tr>
E                   <td>REST_FRAMEWORK</td>
E                   <td class="code"><pre>{&#x27;DEFAULT_AUTHENTICATION_CLASSES&#x27;: &#x27;********************&#x27;,
E          &#x27;DEFAULT_PAGINATION_CLASS&#x27;: &#x27;rest_framework.pagination.PageNumberPagination&#x27;,
E          &#x27;DEFAULT_PARSER_CLASSES&#x27;: [&#x27;rest_framework.parsers.JSONParser&#x27;,
E                                     &#x27;rest_framework.parsers.MultiPartParser&#x27;,
E                                     &#x27;rest_framework.parsers.FormParser&#x27;],
E          &#x27;DEFAULT_PERMISSION_CLASSES&#x27;: [&#x27;rest_framework.permissions.IsAuthenticated&#x27;],
E          &#x27;DEFAULT_RENDERER_CLASSES&#x27;: [&#x27;rest_framework.renderers.JSONRenderer&#x27;],
E          &#x27;DEFAULT_THROTTLE_CLASSES&#x27;: [&#x27;rest_framework.throttling.UserRateThrottle&#x27;,
E                                       &#x27;rest_framework.throttling.AnonRateThrottle&#x27;,
E                                       &#x27;rest_framework.throttling.ScopedRateThrottle&#x27;],
E          &#x27;DEFAULT_THROTTLE_RATES&#x27;: {&#x27;anon&#x27;: &#x27;10000/day&#x27;,
E                                     &#x27;login&#x27;: &#x27;1000/day&#x27;,
E                                     &#x27;password_reset&#x27;: &#x27;********************&#x27;,
E                                     &#x27;register&#x27;: &#x27;500/day&#x27;,
E                                     &#x27;user&#x27;: &#x27;50000/day&#x27;,
E                                     &#x27;user_me&#x27;: &#x27;1000/day&#x27;},
E          &#x27;EXCEPTION_HANDLER&#x27;: &#x27;rest_framework.views.exception_handler&#x27;,
E          &#x27;PAGE_SIZE&#x27;: 20}</pre></td>
E                 </tr>
E               
E                 <tr>
E                   <td>ROOT_URLCONF</td>
E                   <td class="code"><pre>&#x27;auth.urls&#x27;</pre></td>
E                 </tr>
E               
E                 <tr>
E                   <td>SECRET_KEY</td>
E                   <td class="code"><pre>&#x27;********************&#x27;</pre></td>
E                 </tr>
E               
E                 <tr>
E                   <td>SECRET_KEY_FALLBACKS</td>
E                   <td class="code"><pre>&#x27;********************&#x27;</pre></td>
E                 </tr>
E               
E                 <tr>
E                   <td>SECURE_BROWSER_XSS_FILTER</td>
E                   <td class="code"><pre>True</pre></td>
E                 </tr>
E               
E                 <tr>
E                   <td>SECURE_CONTENT_TYPE_NOSNIFF</td>
E                   <td class="code"><pre>True</pre></td>
E                 </tr>
E               
E                 <tr>
E                   <td>SECURE_CROSS_ORIGIN_OPENER_POLICY</td>
E                   <td class="code"><pre>&#x27;same-origin&#x27;</pre></td>
E                 </tr>
E               
E                 <tr>
E                   <td>SECURE_HSTS_INCLUDE_SUBDOMAINS</td>
E                   <td class="code"><pre>True</pre></td>
E                 </tr>
E               
E                 <tr>
E                   <td>SECURE_HSTS_PRELOAD</td>
E                   <td class="code"><pre>True</pre></td>
E                 </tr>
E               
E                 <tr>
E                   <td>SECURE_HSTS_SECONDS</td>
E                   <td class="code"><pre>31536000</pre></td>
E                 </tr>
E               
E                 <tr>
E                   <td>SECURE_PROXY_SSL_HEADER</td>
E                   <td class="code"><pre>None</pre></td>
E                 </tr>
E               
E                 <tr>
E                   <td>SECURE_REDIRECT_EXEMPT</td>
E                   <td class="code"><pre>[]</pre></td>
E                 </tr>
E               
E                 <tr>
E                   <td>SECURE_REFERRER_POLICY</td>
E                   <td class="code"><pre>&#x27;same-origin&#x27;</pre></td>
E                 </tr>
E               
E                 <tr>
E                   <td>SECURE_SSL_HOST</td>
E                   <td class="code"><pre>None</pre></td>
E                 </tr>
E               
E                 <tr>
E                   <td>SECURE_SSL_REDIRECT</td>
E                   <td class="code"><pre>False</pre></td>
E                 </tr>
E               
E                 <tr>
E                   <td>SERVER_EMAIL</td>
E                   <td class="code"><pre>&#x27;root@localhost&#x27;</pre></td>
E                 </tr>
E               
E                 <tr>
E                   <td>SESSION_CACHE_ALIAS</td>
E                   <td class="code"><pre>&#x27;default&#x27;</pre></td>
E                 </tr>
E               
E                 <tr>
E                   <td>SESSION_COOKIE_AGE</td>
E                   <td class="code"><pre>3600</pre></td>
E                 </tr>
E               
E                 <tr>
E                   <td>SESSION_COOKIE_DOMAIN</td>
E                   <td class="code"><pre>None</pre></td>
E                 </tr>
E               
E                 <tr>
E                   <td>SESSION_COOKIE_HTTPONLY</td>
E                   <td class="code"><pre>True</pre></td>
E                 </tr>
E               
E                 <tr>
E                   <td>SESSION_COOKIE_NAME</td>
E                   <td class="code"><pre>&#x27;sessionid&#x27;</pre></td>
E                 </tr>
E               
E                 <tr>
E                   <td>SESSION_COOKIE_PATH</td>
E                   <td class="code"><pre>&#x27;/&#x27;</pre></td>
E                 </tr>
E               
E                 <tr>
E                   <td>SESSION_COOKIE_SAMESITE</td>
E                   <td class="code"><pre>&#x27;Lax&#x27;</pre></td>
E                 </tr>
E               
E                 <tr>
E                   <td>SESSION_COOKIE_SECURE</td>
E                   <td class="code"><pre>True</pre></td>
E                 </tr>
E               
E                 <tr>
E                   <td>SESSION_ENGINE</td>
E                   <td class="code"><pre>&#x27;django.contrib.sessions.backends.db&#x27;</pre></td>
E                 </tr>
E               
E                 <tr>
E                   <td>SESSION_EXPIRE_AT_BROWSER_CLOSE</td>
E                   <td class="code"><pre>True</pre></td>
E                 </tr>
E               
E                 <tr>
E                   <td>SESSION_FILE_PATH</td>
E                   <td class="code"><pre>None</pre></td>
E                 </tr>
E               
E                 <tr>
E                   <td>SESSION_SAVE_EVERY_REQUEST</td>
E                   <td class="code"><pre>False</pre></td>
E                 </tr>
E               
E                 <tr>
E                   <td>SESSION_SERIALIZER</td>
E                   <td class="code"><pre>&#x27;django.contrib.sessions.serializers.JSONSerializer&#x27;</pre></td>
E                 </tr>
E               
E                 <tr>
E                   <td>SETTINGS_MODULE</td>
E                   <td class="code"><pre>&#x27;Backend.auth.settings&#x27;</pre></td>
E                 </tr>
E               
E                 <tr>
E                   <td>SHORT_DATETIME_FORMAT</td>
E                   <td class="code"><pre>&#x27;m/d/Y P&#x27;</pre></td>
E                 </tr>
E               
E                 <tr>
E                   <td>SHORT_DATE_FORMAT</td>
E                   <td class="code"><pre>&#x27;m/d/Y&#x27;</pre></td>
E                 </tr>
E               
E                 <tr>
E                   <td>SIGNING_BACKEND</td>
E                   <td class="code"><pre>&#x27;django.core.signing.TimestampSigner&#x27;</pre></td>
E                 </tr>
E               
E                 <tr>
E                   <td>SILENCED_SYSTEM_CHECKS</td>
E                   <td class="code"><pre>[]</pre></td>
E                 </tr>
E               
E                 <tr>
E                   <td>SIMPLE_JWT</td>
E                   <td class="code"><pre>{&#x27;ACCESS_TOKEN_LIFETIME&#x27;: &#x27;********************&#x27;,
E          &#x27;ALGORITHM&#x27;: &#x27;HS256&#x27;,
E          &#x27;AUDIENCE&#x27;: None,
E          &#x27;AUTH_HEADER_NAME&#x27;: &#x27;********************&#x27;,
E          &#x27;AUTH_HEADER_TYPES&#x27;: &#x27;********************&#x27;,
E          &#x27;AUTH_TOKEN_CLASSES&#x27;: &#x27;********************&#x27;,
E          &#x27;BLACKLIST_AFTER_ROTATION&#x27;: True,
E          &#x27;ISSUER&#x27;: None,
E          &#x27;JTI_CLAIM&#x27;: &#x27;jti&#x27;,
E          &#x27;JWK_URL&#x27;: None,
E          &#x27;LEEWAY&#x27;: 0,
E          &#x27;REFRESH_TOKEN_LIFETIME&#x27;: &#x27;********************&#x27;,
E          &#x27;ROTATE_REFRESH_TOKENS&#x27;: &#x27;********************&#x27;,
E          &#x27;SIGNING_KEY&#x27;: &#x27;********************&#x27;,
E          &#x27;SLIDING_TOKEN_LIFETIME&#x27;: &#x27;********************&#x27;,
E          &#x27;SLIDING_TOKEN_REFRESH_EXP_CLAIM&#x27;: &#x27;********************&#x27;,
E          &#x27;SLIDING_TOKEN_REFRESH_LIFETIME&#x27;: &#x27;********************&#x27;,
E          &#x27;TOKEN_TYPE_CLAIM&#x27;: &#x27;********************&#x27;,
E          &#x27;TOKEN_USER_CLASS&#x27;: &#x27;********************&#x27;,
E          &#x27;UPDATE_LAST_LOGIN&#x27;: True,
E          &#x27;USER_AUTHENTICATION_RULE&#x27;: &#x27;********************&#x27;,
E          &#x27;USER_ID_CLAIM&#x27;: &#x27;user_id&#x27;,
E          &#x27;USER_ID_FIELD&#x27;: &#x27;id&#x27;,
E          &#x27;VERIFYING_KEY&#x27;: &#x27;********************&#x27;}</pre></td>
E                 </tr>
E               
E                 <tr>
E                   <td>STATICFILES_DIRS</td>
E                   <td class="code"><pre>[]</pre></td>
E                 </tr>
E               
E                 <tr>
E                   <td>STATICFILES_FINDERS</td>
E                   <td class="code"><pre>[&#x27;django.contrib.staticfiles.finders.FileSystemFinder&#x27;,
E          &#x27;django.contrib.staticfiles.finders.AppDirectoriesFinder&#x27;]</pre></td>
E                 </tr>
E               
E                 <tr>
E                   <td>STATIC_ROOT</td>
E                   <td class="code"><pre>&#x27;/Users/mohamedbechirdiarra/Downloads/prototypeGamma/Backend/staticfiles&#x27;</pre></td>
E                 </tr>
E               
E                 <tr>
E                   <td>STATIC_URL</td>
E                   <td class="code"><pre>&#x27;/static/&#x27;</pre></td>
E                 </tr>
E               
E                 <tr>
E                   <td>STORAGES</td>
E                   <td class="code"><pre>{&#x27;default&#x27;: {&#x27;BACKEND&#x27;: &#x27;django.core.files.storage.FileSystemStorage&#x27;},
E          &#x27;staticfiles&#x27;: {&#x27;BACKEND&#x27;: &#x27;django.contrib.staticfiles.storage.StaticFilesStorage&#x27;}}</pre></td>
E                 </tr>
E               
E                 <tr>
E                   <td>TEMPLATES</td>
E                   <td class="code"><pre>[{&#x27;APP_DIRS&#x27;: True,
E           &#x27;BACKEND&#x27;: &#x27;django.template.backends.django.DjangoTemplates&#x27;,
E           &#x27;DIRS&#x27;: [],
E           &#x27;OPTIONS&#x27;: {&#x27;context_processors&#x27;: [&#x27;django.template.context_processors.request&#x27;,
E                                              &#x27;django.contrib.auth.context_processors.auth&#x27;,
E                                              &#x27;django.contrib.messages.context_processors.messages&#x27;]}}]</pre></td>
E                 </tr>
E               
E                 <tr>
E                   <td>TEST_NON_SERIALIZED_APPS</td>
E                   <td class="code"><pre>[]</pre></td>
E                 </tr>
E               
E                 <tr>
E                   <td>TEST_RUNNER</td>
E                   <td class="code"><pre>&#x27;django.test.runner.DiscoverRunner&#x27;</pre></td>
E                 </tr>
E               
E                 <tr>
E                   <td>THOUSAND_SEPARATOR</td>
E                   <td class="code"><pre>&#x27;,&#x27;</pre></td>
E                 </tr>
E               
E                 <tr>
E                   <td>TIME_FORMAT</td>
E                   <td class="code"><pre>&#x27;P&#x27;</pre></td>
E                 </tr>
E               
E                 <tr>
E                   <td>TIME_INPUT_FORMATS</td>
E                   <td class="code"><pre>[&#x27;%H:%M:%S&#x27;, &#x27;%H:%M:%S.%f&#x27;, &#x27;%H:%M&#x27;]</pre></td>
E                 </tr>
E               
E                 <tr>
E                   <td>TIME_ZONE</td>
E                   <td class="code"><pre>&#x27;UTC&#x27;</pre></td>
E                 </tr>
E               
E                 <tr>
E                   <td>USE_I18N</td>
E                   <td class="code"><pre>True</pre></td>
E                 </tr>
E               
E                 <tr>
E                   <td>USE_THOUSAND_SEPARATOR</td>
E                   <td class="code"><pre>False</pre></td>
E                 </tr>
E               
E                 <tr>
E                   <td>USE_TZ</td>
E                   <td class="code"><pre>True</pre></td>
E                 </tr>
E               
E                 <tr>
E                   <td>USE_X_FORWARDED_HOST</td>
E                   <td class="code"><pre>False</pre></td>
E                 </tr>
E               
E                 <tr>
E                   <td>USE_X_FORWARDED_PORT</td>
E                   <td class="code"><pre>False</pre></td>
E                 </tr>
E               
E                 <tr>
E                   <td>WSGI_APPLICATION</td>
E                   <td class="code"><pre>&#x27;auth.wsgi.application&#x27;</pre></td>
E                 </tr>
E               
E                 <tr>
E                   <td>X_FRAME_OPTIONS</td>
E                   <td class="code"><pre>&#x27;DENY&#x27;</pre></td>
E                 </tr>
E               
E                 <tr>
E                   <td>YEAR_MONTH_FORMAT</td>
E                   <td class="code"><pre>&#x27;F Y&#x27;</pre></td>
E                 </tr>
E               
E             </tbody>
E           </table>
E         
E         </div>
E         </main>
E         
E         
E           <footer id="explanation">
E             <p>
E               You’re seeing this error because you have <code>DEBUG = True</code> in your
E               Django settings file. Change that to <code>False</code>, and Django will
E               display a standard page generated by the handler for this status code.
E             </p>
E           </footer>
E         
E         </body>
E         </html>
E         
E       assert 500 == 200
E        +  where 500 = <Response [500]>.status_code

conftest.py:29: AssertionError
_______________________ ERROR at setup of test_endpoint ________________________
file /Users/mohamedbechirdiarra/Downloads/prototypeGamma/test_correctifs_appliques.py, line 35
  def test_endpoint(endpoint, method="GET", data=None, expected_status=200, description=""):
E       fixture 'endpoint' not found
>       available fixtures: _class_event_loop, _function_event_loop, _module_event_loop, _package_event_loop, _session_event_loop, cache, capfd, capfdbinary, caplog, capsys, capsysbinary, capteesys, doctest_namespace, event_loop_policy, monkeypatch, pytestconfig, record_property, record_testsuite_property, record_xml_attribute, recwarn, tmp_path, tmp_path_factory, tmpdir, tmpdir_factory, token, unused_tcp_port, unused_tcp_port_factory, unused_udp_port, unused_udp_port_factory
>       use 'pytest --fixtures [testpath]' for help on them.

/Users/mohamedbechirdiarra/Downloads/prototypeGamma/test_correctifs_appliques.py:35
______________________ ERROR at setup of test_pagination _______________________
file /Users/mohamedbechirdiarra/Downloads/prototypeGamma/test_correctifs_appliques.py, line 77
  def test_pagination(endpoint, description=""):
E       fixture 'endpoint' not found
>       available fixtures: _class_event_loop, _function_event_loop, _module_event_loop, _package_event_loop, _session_event_loop, cache, capfd, capfdbinary, caplog, capsys, capsysbinary, capteesys, doctest_namespace, event_loop_policy, monkeypatch, pytestconfig, record_property, record_testsuite_property, record_xml_attribute, recwarn, tmp_path, tmp_path_factory, tmpdir, tmpdir_factory, token, unused_tcp_port, unused_tcp_port_factory, unused_udp_port, unused_udp_port_factory
>       use 'pytest --fixtures [testpath]' for help on them.

/Users/mohamedbechirdiarra/Downloads/prototypeGamma/test_correctifs_appliques.py:77
___________________ ERROR at setup of test_review_statistics ___________________
file /Users/mohamedbechirdiarra/Downloads/prototypeGamma/test_enhanced_review_system.py, line 229
  def test_review_statistics(technician_token):
E       fixture 'technician_token' not found
>       available fixtures: _class_event_loop, _function_event_loop, _module_event_loop, _package_event_loop, _session_event_loop, cache, capfd, capfdbinary, caplog, capsys, capsysbinary, capteesys, doctest_namespace, event_loop_policy, monkeypatch, pytestconfig, record_property, record_testsuite_property, record_xml_attribute, recwarn, tmp_path, tmp_path_factory, tmpdir, tmpdir_factory, token, unused_tcp_port, unused_tcp_port_factory, unused_udp_port, unused_udp_port_factory
>       use 'pytest --fixtures [testpath]' for help on them.

/Users/mohamedbechirdiarra/Downloads/prototypeGamma/test_enhanced_review_system.py:229
___________________ ERROR at setup of test_review_analytics ____________________
file /Users/mohamedbechirdiarra/Downloads/prototypeGamma/test_enhanced_review_system.py, line 250
  def test_review_analytics(technician_token):
E       fixture 'technician_token' not found
>       available fixtures: _class_event_loop, _function_event_loop, _module_event_loop, _package_event_loop, _session_event_loop, cache, capfd, capfdbinary, caplog, capsys, capsysbinary, capteesys, doctest_namespace, event_loop_policy, monkeypatch, pytestconfig, record_property, record_testsuite_property, record_xml_attribute, recwarn, tmp_path, tmp_path_factory, tmpdir, tmpdir_factory, token, unused_tcp_port, unused_tcp_port_factory, unused_udp_port, unused_udp_port_factory
>       use 'pytest --fixtures [testpath]' for help on them.

/Users/mohamedbechirdiarra/Downloads/prototypeGamma/test_enhanced_review_system.py:250
____________________ ERROR at setup of test_quality_metrics ____________________
file /Users/mohamedbechirdiarra/Downloads/prototypeGamma/test_enhanced_review_system.py, line 270
  def test_quality_metrics(technician_token):
E       fixture 'technician_token' not found
>       available fixtures: _class_event_loop, _function_event_loop, _module_event_loop, _package_event_loop, _session_event_loop, cache, capfd, capfdbinary, caplog, capsys, capsysbinary, capteesys, doctest_namespace, event_loop_policy, monkeypatch, pytestconfig, record_property, record_testsuite_property, record_xml_attribute, recwarn, tmp_path, tmp_path_factory, tmpdir, tmpdir_factory, token, unused_tcp_port, unused_tcp_port_factory, unused_udp_port, unused_udp_port_factory
>       use 'pytest --fixtures [testpath]' for help on them.

/Users/mohamedbechirdiarra/Downloads/prototypeGamma/test_enhanced_review_system.py:270
_____________________ ERROR at setup of test_popular_tags ______________________
file /Users/mohamedbechirdiarra/Downloads/prototypeGamma/test_enhanced_review_system.py, line 290
  def test_popular_tags(technician_token):
E       fixture 'technician_token' not found
>       available fixtures: _class_event_loop, _function_event_loop, _module_event_loop, _package_event_loop, _session_event_loop, cache, capfd, capfdbinary, caplog, capsys, capsysbinary, capteesys, doctest_namespace, event_loop_policy, monkeypatch, pytestconfig, record_property, record_testsuite_property, record_xml_attribute, recwarn, tmp_path, tmp_path_factory, tmpdir, tmpdir_factory, token, unused_tcp_port, unused_tcp_port_factory, unused_udp_port, unused_udp_port_factory
>       use 'pytest --fixtures [testpath]' for help on them.

/Users/mohamedbechirdiarra/Downloads/prototypeGamma/test_enhanced_review_system.py:290
___________________ ERROR at setup of test_review_moderation ___________________
file /Users/mohamedbechirdiarra/Downloads/prototypeGamma/test_enhanced_review_system.py, line 310
  def test_review_moderation(admin_token, review_id):
E       fixture 'admin_token' not found
>       available fixtures: _class_event_loop, _function_event_loop, _module_event_loop, _package_event_loop, _session_event_loop, cache, capfd, capfdbinary, caplog, capsys, capsysbinary, capteesys, doctest_namespace, event_loop_policy, monkeypatch, pytestconfig, record_property, record_testsuite_property, record_xml_attribute, recwarn, tmp_path, tmp_path_factory, tmpdir, tmpdir_factory, token, unused_tcp_port, unused_tcp_port_factory, unused_udp_port, unused_udp_port_factory
>       use 'pytest --fixtures [testpath]' for help on them.

/Users/mohamedbechirdiarra/Downloads/prototypeGamma/test_enhanced_review_system.py:310
____________________ ERROR at setup of test_review_flagging ____________________
file /Users/mohamedbechirdiarra/Downloads/prototypeGamma/test_enhanced_review_system.py, line 334
  def test_review_flagging(client_token, review_id):
E       fixture 'client_token' not found
>       available fixtures: _class_event_loop, _function_event_loop, _module_event_loop, _package_event_loop, _session_event_loop, cache, capfd, capfdbinary, caplog, capsys, capsysbinary, capteesys, doctest_namespace, event_loop_policy, monkeypatch, pytestconfig, record_property, record_testsuite_property, record_xml_attribute, recwarn, tmp_path, tmp_path_factory, tmpdir, tmpdir_factory, token, unused_tcp_port, unused_tcp_port_factory, unused_udp_port, unused_udp_port_factory
>       use 'pytest --fixtures [testpath]' for help on them.

/Users/mohamedbechirdiarra/Downloads/prototypeGamma/test_enhanced_review_system.py:334
_____________________ ERROR at setup of test_review_update _____________________
file /Users/mohamedbechirdiarra/Downloads/prototypeGamma/test_enhanced_review_system.py, line 351
  def test_review_update(client_token, review_id):
E       fixture 'client_token' not found
>       available fixtures: _class_event_loop, _function_event_loop, _module_event_loop, _package_event_loop, _session_event_loop, cache, capfd, capfdbinary, caplog, capsys, capsysbinary, capteesys, doctest_namespace, event_loop_policy, monkeypatch, pytestconfig, record_property, record_testsuite_property, record_xml_attribute, recwarn, tmp_path, tmp_path_factory, tmpdir, tmpdir_factory, token, unused_tcp_port, unused_tcp_port_factory, unused_udp_port, unused_udp_port_factory
>       use 'pytest --fixtures [testpath]' for help on them.

/Users/mohamedbechirdiarra/Downloads/prototypeGamma/test_enhanced_review_system.py:351
____________________ ERROR at setup of test_review_received ____________________
file /Users/mohamedbechirdiarra/Downloads/prototypeGamma/test_enhanced_review_system.py, line 374
  def test_review_received(technician_token):
E       fixture 'technician_token' not found
>       available fixtures: _class_event_loop, _function_event_loop, _module_event_loop, _package_event_loop, _session_event_loop, cache, capfd, capfdbinary, caplog, capsys, capsysbinary, capteesys, doctest_namespace, event_loop_policy, monkeypatch, pytestconfig, record_property, record_testsuite_property, record_xml_attribute, recwarn, tmp_path, tmp_path_factory, tmpdir, tmpdir_factory, token, unused_tcp_port, unused_tcp_port_factory, unused_udp_port, unused_udp_port_factory
>       use 'pytest --fixtures [testpath]' for help on them.

/Users/mohamedbechirdiarra/Downloads/prototypeGamma/test_enhanced_review_system.py:374
_____________________ ERROR at setup of test_review_given ______________________
file /Users/mohamedbechirdiarra/Downloads/prototypeGamma/test_enhanced_review_system.py, line 397
  def test_review_given(client_token):
E       fixture 'client_token' not found
>       available fixtures: _class_event_loop, _function_event_loop, _module_event_loop, _package_event_loop, _session_event_loop, cache, capfd, capfdbinary, caplog, capsys, capsysbinary, capteesys, doctest_namespace, event_loop_policy, monkeypatch, pytestconfig, record_property, record_testsuite_property, record_xml_attribute, recwarn, tmp_path, tmp_path_factory, tmpdir, tmpdir_factory, token, unused_tcp_port, unused_tcp_port_factory, unused_udp_port, unused_udp_port_factory
>       use 'pytest --fixtures [testpath]' for help on them.

/Users/mohamedbechirdiarra/Downloads/prototypeGamma/test_enhanced_review_system.py:397
___________ ERROR at setup of test_request_creation_and_notification ___________
file /Users/mohamedbechirdiarra/Downloads/prototypeGamma/test_technician_request_receiver.py, line 195
  def test_request_creation_and_notification(client_data):
E       fixture 'client_data' not found
>       available fixtures: _class_event_loop, _function_event_loop, _module_event_loop, _package_event_loop, _session_event_loop, cache, capfd, capfdbinary, caplog, capsys, capsysbinary, capteesys, doctest_namespace, event_loop_policy, monkeypatch, pytestconfig, record_property, record_testsuite_property, record_xml_attribute, recwarn, tmp_path, tmp_path_factory, tmpdir, tmpdir_factory, token, unused_tcp_port, unused_tcp_port_factory, unused_udp_port, unused_udp_port_factory
>       use 'pytest --fixtures [testpath]' for help on them.

/Users/mohamedbechirdiarra/Downloads/prototypeGamma/test_technician_request_receiver.py:195
_______________ ERROR at setup of test_technician_notifications ________________
file /Users/mohamedbechirdiarra/Downloads/prototypeGamma/test_technician_request_receiver.py, line 275
  def test_technician_notifications(technicians):
E       fixture 'technicians' not found
>       available fixtures: _class_event_loop, _function_event_loop, _module_event_loop, _package_event_loop, _session_event_loop, cache, capfd, capfdbinary, caplog, capsys, capsysbinary, capteesys, doctest_namespace, event_loop_policy, monkeypatch, pytestconfig, record_property, record_testsuite_property, record_xml_attribute, recwarn, tmp_path, tmp_path_factory, tmpdir, tmpdir_factory, token, unused_tcp_port, unused_tcp_port_factory, unused_udp_port, unused_udp_port_factory
>       use 'pytest --fixtures [testpath]' for help on them.

/Users/mohamedbechirdiarra/Downloads/prototypeGamma/test_technician_request_receiver.py:275
__________________ ERROR at setup of test_request_assignment ___________________
file /Users/mohamedbechirdiarra/Downloads/prototypeGamma/test_technician_request_receiver.py, line 310
  def test_request_assignment(technicians, created_requests):
E       fixture 'technicians' not found
>       available fixtures: _class_event_loop, _function_event_loop, _module_event_loop, _package_event_loop, _session_event_loop, cache, capfd, capfdbinary, caplog, capsys, capsysbinary, capteesys, doctest_namespace, event_loop_policy, monkeypatch, pytestconfig, record_property, record_testsuite_property, record_xml_attribute, recwarn, tmp_path, tmp_path_factory, tmpdir, tmpdir_factory, token, unused_tcp_port, unused_tcp_port_factory, unused_udp_port, unused_udp_port_factory
>       use 'pytest --fixtures [testpath]' for help on them.

/Users/mohamedbechirdiarra/Downloads/prototypeGamma/test_technician_request_receiver.py:310
_________________ ERROR at setup of test_dashboard_integration _________________
file /Users/mohamedbechirdiarra/Downloads/prototypeGamma/test_technician_request_receiver.py, line 362
  def test_dashboard_integration(technicians):
E       fixture 'technicians' not found
>       available fixtures: _class_event_loop, _function_event_loop, _module_event_loop, _package_event_loop, _session_event_loop, cache, capfd, capfdbinary, caplog, capsys, capsysbinary, capteesys, doctest_namespace, event_loop_policy, monkeypatch, pytestconfig, record_property, record_testsuite_property, record_xml_attribute, recwarn, tmp_path, tmp_path_factory, tmpdir, tmpdir_factory, token, unused_tcp_port, unused_tcp_port_factory, unused_udp_port, unused_udp_port_factory
>       use 'pytest --fixtures [testpath]' for help on them.

/Users/mohamedbechirdiarra/Downloads/prototypeGamma/test_technician_request_receiver.py:362
_________________ ERROR at setup of test_technician_dashboard __________________

    @pytest.fixture
    def token():
        # Créer un utilisateur de test unique
        base_url = "http://127.0.0.1:8000"
        username = "testuser_" + ''.join(random.choices(string.ascii_lowercase + string.digits, k=6))
        email = username + "@example.com"
        password = "TestUser1234!"
        register_data = {
            "username": username,
            "email": email,
            "password": password,
            "password2": password,
            "user_type": "client",
            "first_name": "Test",
            "last_name": "User",
            "address": "Test Address",
            "phone_number": "+22500000000"
        }
        # Inscription
        requests.post(f"{base_url}/users/register/", json=register_data)
        # Connexion
        login_data = {"email": email, "password": password}
        resp = requests.post(f"{base_url}/users/login/", json=login_data)
>       assert resp.status_code == 200, f"Échec de la connexion test: {resp.text}"
E       AssertionError: Échec de la connexion test: <!DOCTYPE html>
E         <html lang="en">
E         <head>
E           <meta http-equiv="content-type" content="text/html; charset=utf-8">
E           <meta name="robots" content="NONE,NOARCHIVE">
E           <title>IntegrityError
E                   at /users/login/</title>
E           <style>
E             html * { padding:0; margin:0; }
E             body * { padding:10px 20px; }
E             body * * { padding:0; }
E             body { font-family: sans-serif; background-color:#fff; color:#000; }
E             body > :where(header, main, footer) { border-bottom:1px solid #ddd; }
E             h1 { font-weight:normal; }
E             h2 { margin-bottom:.8em; }
E             h3 { margin:1em 0 .5em 0; }
E             h4 { margin:0 0 .5em 0; font-weight: normal; }
E             code, pre { font-size: 100%; white-space: pre-wrap; word-break: break-word; }
E             summary { cursor: pointer; }
E             table { border:1px solid #ccc; border-collapse: collapse; width:100%; background:white; }
E             tbody td, tbody th { vertical-align:top; padding:2px 3px; }
E             thead th {
E               padding:1px 6px 1px 3px; background:#fefefe; text-align:left;
E               font-weight:normal; font-size: 0.6875rem; border:1px solid #ddd;
E             }
E             tbody th { width:12em; text-align:right; color:#666; padding-right:.5em; }
E             table.vars { margin:5px 10px 2px 40px; width: auto; }
E             table.vars td, table.req td { font-family:monospace; }
E             table td.code { width:100%; }
E             table td.code pre { overflow:hidden; }
E             table.source th { color:#666; }
E             table.source td { font-family:monospace; white-space:pre; border-bottom:1px solid #eee; }
E             ul.traceback { list-style-type:none; color: #222; }
E             ul.traceback li.cause { word-break: break-word; }
E             ul.traceback li.frame { padding-bottom:1em; color:#4f4f4f; }
E             ul.traceback li.user { background-color:#e0e0e0; color:#000 }
E             div.context { padding:10px 0; overflow:hidden; }
E             div.context ol { padding-left:30px; margin:0 10px; list-style-position: inside; }
E             div.context ol li { font-family:monospace; white-space:pre; color:#777; cursor:pointer; padding-left: 2px; }
E             div.context ol li pre { display:inline; }
E             div.context ol.context-line li { color:#464646; background-color:#dfdfdf; padding: 3px 2px; }
E             div.context ol.context-line li span { position:absolute; right:32px; }
E             .user div.context ol.context-line li { background-color:#bbb; color:#000; }
E             .user div.context ol li { color:#666; }
E             div.commands, summary.commands { margin-left: 40px; }
E             div.commands a, summary.commands { color:#555; text-decoration:none; }
E             .user div.commands a { color: black; }
E             #summary { background: #ffc; }
E             #summary h2 { font-weight: normal; color: #666; }
E             #info { padding: 0; }
E             #info > * { padding:10px 20px; }
E             #explanation { background:#eee; }
E             #template, #template-not-exist { background:#f6f6f6; }
E             #template-not-exist ul { margin: 0 0 10px 20px; }
E             #template-not-exist .postmortem-section { margin-bottom: 3px; }
E             #unicode-hint { background:#eee; }
E             #traceback { background:#eee; }
E             #requestinfo { background:#f6f6f6; padding-left:120px; }
E             #summary table { border:none; background:transparent; }
E             #requestinfo h2, #requestinfo h3 { position:relative; margin-left:-100px; }
E             #requestinfo h3 { margin-bottom:-1em; }
E             .error { background: #ffc; }
E             .specific { color:#cc3300; font-weight:bold; }
E             h2 span.commands { font-size: 0.7rem; font-weight:normal; }
E             span.commands a:link {color:#5E5694;}
E             pre.exception_value { font-family: sans-serif; color: #575757; font-size: 1.5rem; margin: 10px 0 10px 0; }
E             .append-bottom { margin-bottom: 10px; }
E             .fname { user-select: all; }
E           </style>
E           
E           <script>
E             function hideAll(elems) {
E               for (var e = 0; e < elems.length; e++) {
E                 elems[e].style.display = 'none';
E               }
E             }
E             window.onload = function() {
E               hideAll(document.querySelectorAll('ol.pre-context'));
E               hideAll(document.querySelectorAll('ol.post-context'));
E               hideAll(document.querySelectorAll('div.pastebin'));
E             }
E             function toggle() {
E               for (var i = 0; i < arguments.length; i++) {
E                 var e = document.getElementById(arguments[i]);
E                 if (e) {
E                   e.style.display = e.style.display == 'none' ? 'block': 'none';
E                 }
E               }
E               return false;
E             }
E             function switchPastebinFriendly(link) {
E               s1 = "Switch to copy-and-paste view";
E               s2 = "Switch back to interactive view";
E               link.textContent = link.textContent.trim() == s1 ? s2: s1;
E               toggle('browserTraceback', 'pastebinTraceback');
E               return false;
E             }
E           </script>
E           
E         </head>
E         <body>
E         <header id="summary">
E           <h1>IntegrityError
E                at /users/login/</h1>
E           <pre class="exception_value">FOREIGN KEY constraint failed</pre>
E           <table class="meta">
E         
E             <tr>
E               <th scope="row">Request Method:</th>
E               <td>POST</td>
E             </tr>
E             <tr>
E               <th scope="row">Request URL:</th>
E               <td>http://127.0.0.1:8000/users/login/</td>
E             </tr>
E         
E             <tr>
E               <th scope="row">Django Version:</th>
E               <td>5.2.4</td>
E             </tr>
E         
E             <tr>
E               <th scope="row">Exception Type:</th>
E               <td>IntegrityError</td>
E             </tr>
E         
E         
E             <tr>
E               <th scope="row">Exception Value:</th>
E               <td><pre>FOREIGN KEY constraint failed</pre></td>
E             </tr>
E         
E         
E             <tr>
E               <th scope="row">Exception Location:</th>
E               <td><span class="fname">/Users/mohamedbechirdiarra/Downloads/prototypeGamma/Backend/venv/lib/python3.13/site-packages/django/db/utils.py</span>, line 98, in inner</td>
E             </tr>
E         
E         
E             <tr>
E               <th scope="row">Raised during:</th>
E               <td>users.views.UserViewSet</td>
E             </tr>
E         
E             <tr>
E               <th scope="row">Python Executable:</th>
E               <td>/Users/mohamedbechirdiarra/Downloads/prototypeGamma/Backend/venv/bin/python3.13</td>
E             </tr>
E             <tr>
E               <th scope="row">Python Version:</th>
E               <td>3.13.5</td>
E             </tr>
E             <tr>
E               <th scope="row">Python Path:</th>
E               <td><pre><code>[&#x27;.&#x27;,
E          &#x27;/Users/mohamedbechirdiarra/Downloads/prototypeGamma/Backend/venv/bin&#x27;,
E          &#x27;/Users/mohamedbechirdiarra/Downloads/prototypeGamma&#x27;,
E          &#x27;/Users/mohamedbechirdiarra/Downloads/prototypeGamma/Backend&#x27;,
E          &#x27;/opt/homebrew/Cellar/python@3.13/3.13.5/Frameworks/Python.framework/Versions/3.13/lib/python313.zip&#x27;,
E          &#x27;/opt/homebrew/Cellar/python@3.13/3.13.5/Frameworks/Python.framework/Versions/3.13/lib/python3.13&#x27;,
E          &#x27;/opt/homebrew/Cellar/python@3.13/3.13.5/Frameworks/Python.framework/Versions/3.13/lib/python3.13/lib-dynload&#x27;,
E          &#x27;/Users/mohamedbechirdiarra/Downloads/prototypeGamma/Backend/venv/lib/python3.13/site-packages&#x27;]</code></pre></td>
E             </tr>
E             <tr>
E               <th scope="row">Server time:</th>
E               <td>Mon, 14 Jul 2025 11:43:35 +0000</td>
E             </tr>
E           </table>
E         </header>
E         
E         <main id="info">
E         
E         
E         
E         
E         <div id="traceback">
E           <h2>Traceback <span class="commands"><a href="#" role="button" onclick="return switchPastebinFriendly(this);">
E             Switch to copy-and-paste view</a></span>
E           </h2>
E           <div id="browserTraceback">
E             <ul class="traceback">
E               
E                 
E                 <li class="frame django">
E                   
E                     <code class="fname">/Users/mohamedbechirdiarra/Downloads/prototypeGamma/Backend/venv/lib/python3.13/site-packages/django/db/utils.py</code>, line 98, in inner
E                   
E         
E                   
E                     <div class="context" id="c4431235840">
E                       
E                         <ol start="91" class="pre-context" id="pre4431235840">
E                         
E                           <li onclick="toggle('pre4431235840', 'post4431235840')"><pre>                raise dj_exc_value.with_traceback(traceback) from exc_value</pre></li>
E                         
E                           <li onclick="toggle('pre4431235840', 'post4431235840')"><pre></pre></li>
E                         
E                           <li onclick="toggle('pre4431235840', 'post4431235840')"><pre>    def __call__(self, func):</pre></li>
E                         
E                           <li onclick="toggle('pre4431235840', 'post4431235840')"><pre>        # Note that we are intentionally not using @wraps here for performance</pre></li>
E                         
E                           <li onclick="toggle('pre4431235840', 'post4431235840')"><pre>        # reasons. Refs #21109.</pre></li>
E                         
E                           <li onclick="toggle('pre4431235840', 'post4431235840')"><pre>        def inner(*args, **kwargs):</pre></li>
E                         
E                           <li onclick="toggle('pre4431235840', 'post4431235840')"><pre>            with self:</pre></li>
E                         
E                         </ol>
E                       
E                       <ol start="98" class="context-line">
E                         <li onclick="toggle('pre4431235840', 'post4431235840')"><pre>                return func(*args, **kwargs)
E                                    ^^^^^^^^^^^^^^^^^^^^^</pre> <span>…</span></li>
E                       </ol>
E                       
E                         <ol start='99' class="post-context" id="post4431235840">
E                           
E                           <li onclick="toggle('pre4431235840', 'post4431235840')"><pre></pre></li>
E                           
E                           <li onclick="toggle('pre4431235840', 'post4431235840')"><pre>        return inner</pre></li>
E                           
E                           <li onclick="toggle('pre4431235840', 'post4431235840')"><pre></pre></li>
E                           
E                           <li onclick="toggle('pre4431235840', 'post4431235840')"><pre></pre></li>
E                           
E                           <li onclick="toggle('pre4431235840', 'post4431235840')"><pre>def load_backend(backend_name):</pre></li>
E                           
E                           <li onclick="toggle('pre4431235840', 'post4431235840')"><pre>    &quot;&quot;&quot;</pre></li>
E                           
E                       </ol>
E                       
E                     </div>
E                   
E         
E                   
E                     
E                       <details>
E                         <summary class="commands">Local vars</summary>
E                     
E                     <table class="vars" id="v4431235840">
E                       <thead>
E                         <tr>
E                           <th scope="col">Variable</th>
E                           <th scope="col">Value</th>
E                         </tr>
E                       </thead>
E                       <tbody>
E                         
E                           <tr>
E                             <td>args</td>
E                             <td class="code"><pre>()</pre></td>
E                           </tr>
E                         
E                           <tr>
E                             <td>func</td>
E                             <td class="code"><pre>&lt;built-in method fetchone of SQLiteCursorWrapper object at 0x107227e30&gt;</pre></td>
E                           </tr>
E                         
E                           <tr>
E                             <td>kwargs</td>
E                             <td class="code"><pre>{}</pre></td>
E                           </tr>
E                         
E                           <tr>
E                             <td>self</td>
E                             <td class="code"><pre>&lt;django.db.utils.DatabaseErrorWrapper object at 0x1088097c0&gt;</pre></td>
E                           </tr>
E                         
E                       </tbody>
E                     </table>
E                     </details>
E                   
E                 </li>
E               
E                 
E                   <li class="cause"><h3>
E                   
E                     The above exception (FOREIGN KEY constraint failed) was the direct cause of the following exception:
E                   
E                 </h3></li>
E                 
E                 <li class="frame django">
E                   
E                     <code class="fname">/Users/mohamedbechirdiarra/Downloads/prototypeGamma/Backend/venv/lib/python3.13/site-packages/django/core/handlers/exception.py</code>, line 42, in inner
E                   
E         
E                   
E                     <div class="context" id="c4437023936">
E                       
E                         <ol start="35" class="pre-context" id="pre4437023936">
E                         
E                           <li onclick="toggle('pre4437023936', 'post4437023936')"><pre>    can rely on getting a response instead of an exception.</pre></li>
E                         
E                           <li onclick="toggle('pre4437023936', 'post4437023936')"><pre>    &quot;&quot;&quot;</pre></li>
E                         
E                           <li onclick="toggle('pre4437023936', 'post4437023936')"><pre>    if iscoroutinefunction(get_response):</pre></li>
E                         
E                           <li onclick="toggle('pre4437023936', 'post4437023936')"><pre></pre></li>
E                         
E                           <li onclick="toggle('pre4437023936', 'post4437023936')"><pre>        @wraps(get_response)</pre></li>
E                         
E                           <li onclick="toggle('pre4437023936', 'post4437023936')"><pre>        async def inner(request):</pre></li>
E                         
E                           <li onclick="toggle('pre4437023936', 'post4437023936')"><pre>            try:</pre></li>
E                         
E                         </ol>
E                       
E                       <ol start="42" class="context-line">
E                         <li onclick="toggle('pre4437023936', 'post4437023936')"><pre>                response = await get_response(request)
E                                        ^^^^^^^^^^^^^^^^^^^^^^^^^^^</pre> <span>…</span></li>
E                       </ol>
E                       
E                         <ol start='43' class="post-context" id="post4437023936">
E                           
E                           <li onclick="toggle('pre4437023936', 'post4437023936')"><pre>            except Exception as exc:</pre></li>
E                           
E                           <li onclick="toggle('pre4437023936', 'post4437023936')"><pre>                response = await sync_to_async(</pre></li>
E                           
E                           <li onclick="toggle('pre4437023936', 'post4437023936')"><pre>                    response_for_exception, thread_sensitive=False</pre></li>
E                           
E                           <li onclick="toggle('pre4437023936', 'post4437023936')"><pre>                )(request, exc)</pre></li>
E                           
E                           <li onclick="toggle('pre4437023936', 'post4437023936')"><pre>            return response</pre></li>
E                           
E                           <li onclick="toggle('pre4437023936', 'post4437023936')"><pre></pre></li>
E                           
E                       </ol>
E                       
E                     </div>
E                   
E         
E                   
E                     
E                       <details>
E                         <summary class="commands">Local vars</summary>
E                     
E                     <table class="vars" id="v4437023936">
E                       <thead>
E                         <tr>
E                           <th scope="col">Variable</th>
E                           <th scope="col">Value</th>
E                         </tr>
E                       </thead>
E                       <tbody>
E                         
E                           <tr>
E                             <td>exc</td>
E                             <td class="code"><pre>IntegrityError(&#x27;FOREIGN KEY constraint failed&#x27;)</pre></td>
E                           </tr>
E                         
E                           <tr>
E                             <td>get_response</td>
E                             <td class="code"><pre>&lt;bound method BaseHandler._get_response_async of &lt;django.core.handlers.asgi.ASGIHandler object at 0x107235940&gt;&gt;</pre></td>
E                           </tr>
E                         
E                           <tr>
E                             <td>request</td>
E                             <td class="code"><pre>&lt;ASGIRequest: POST &#x27;/users/login/&#x27;&gt;</pre></td>
E                           </tr>
E                         
E                       </tbody>
E                     </table>
E                     </details>
E                   
E                 </li>
E               
E                 
E                 <li class="frame django">
E                   
E                     <code class="fname">/Users/mohamedbechirdiarra/Downloads/prototypeGamma/Backend/venv/lib/python3.13/site-packages/django/core/handlers/base.py</code>, line 253, in _get_response_async
E                   
E         
E                   
E                     <div class="context" id="c4433956608">
E                       
E                         <ol start="246" class="pre-context" id="pre4433956608">
E                         
E                           <li onclick="toggle('pre4433956608', 'post4433956608')"><pre>            wrapped_callback = self.make_view_atomic(callback)</pre></li>
E                         
E                           <li onclick="toggle('pre4433956608', 'post4433956608')"><pre>            # If it is a synchronous view, run it in a subthread</pre></li>
E                         
E                           <li onclick="toggle('pre4433956608', 'post4433956608')"><pre>            if not iscoroutinefunction(wrapped_callback):</pre></li>
E                         
E                           <li onclick="toggle('pre4433956608', 'post4433956608')"><pre>                wrapped_callback = sync_to_async(</pre></li>
E                         
E                           <li onclick="toggle('pre4433956608', 'post4433956608')"><pre>                    wrapped_callback, thread_sensitive=True</pre></li>
E                         
E                           <li onclick="toggle('pre4433956608', 'post4433956608')"><pre>                )</pre></li>
E                         
E                           <li onclick="toggle('pre4433956608', 'post4433956608')"><pre>            try:</pre></li>
E                         
E                         </ol>
E                       
E                       <ol start="253" class="context-line">
E                         <li onclick="toggle('pre4433956608', 'post4433956608')"><pre>                response = await wrapped_callback(
E                                         </pre> <span>…</span></li>
E                       </ol>
E                       
E                         <ol start='254' class="post-context" id="post4433956608">
E                           
E                           <li onclick="toggle('pre4433956608', 'post4433956608')"><pre>                    request, *callback_args, **callback_kwargs</pre></li>
E                           
E                           <li onclick="toggle('pre4433956608', 'post4433956608')"><pre>                )</pre></li>
E                           
E                           <li onclick="toggle('pre4433956608', 'post4433956608')"><pre>            except Exception as e:</pre></li>
E                           
E                           <li onclick="toggle('pre4433956608', 'post4433956608')"><pre>                response = await sync_to_async(</pre></li>
E                           
E                           <li onclick="toggle('pre4433956608', 'post4433956608')"><pre>                    self.process_exception_by_middleware,</pre></li>
E                           
E                           <li onclick="toggle('pre4433956608', 'post4433956608')"><pre>                    thread_sensitive=True,</pre></li>
E                           
E                       </ol>
E                       
E                     </div>
E                   
E         
E                   
E                     
E                       <details>
E                         <summary class="commands">Local vars</summary>
E                     
E                     <table class="vars" id="v4433956608">
E                       <thead>
E                         <tr>
E                           <th scope="col">Variable</th>
E                           <th scope="col">Value</th>
E                         </tr>
E                       </thead>
E                       <tbody>
E                         
E                           <tr>
E                             <td>callback</td>
E                             <td class="code"><pre>&lt;function UserViewSet at 0x107747c40&gt;</pre></td>
E                           </tr>
E                         
E                           <tr>
E                             <td>callback_args</td>
E                             <td class="code"><pre>()</pre></td>
E                           </tr>
E                         
E                           <tr>
E                             <td>callback_kwargs</td>
E                             <td class="code"><pre>{}</pre></td>
E                           </tr>
E                         
E                           <tr>
E                             <td>middleware_method</td>
E                             <td class="code"><pre>&lt;asgiref.sync.SyncToAsync object at 0x10727f8c0&gt;</pre></td>
E                           </tr>
E                         
E                           <tr>
E                             <td>request</td>
E                             <td class="code"><pre>&lt;ASGIRequest: POST &#x27;/users/login/&#x27;&gt;</pre></td>
E                           </tr>
E                         
E                           <tr>
E                             <td>response</td>
E                             <td class="code"><pre>None</pre></td>
E                           </tr>
E                         
E                           <tr>
E                             <td>self</td>
E                             <td class="code"><pre>&lt;django.core.handlers.asgi.ASGIHandler object at 0x107235940&gt;</pre></td>
E                           </tr>
E                         
E                           <tr>
E                             <td>wrapped_callback</td>
E                             <td class="code"><pre>&lt;asgiref.sync.SyncToAsync object at 0x108494d70&gt;</pre></td>
E                           </tr>
E                         
E                       </tbody>
E                     </table>
E                     </details>
E                   
E                 </li>
E               
E                 
E                 <li class="frame django">
E                   
E                     <code class="fname">/Users/mohamedbechirdiarra/Downloads/prototypeGamma/Backend/venv/lib/python3.13/site-packages/django/views/decorators/csrf.py</code>, line 65, in _view_wrapper
E                   
E         
E                   
E                     <div class="context" id="c4437019712">
E                       
E                         <ol start="58" class="pre-context" id="pre4437019712">
E                         
E                           <li onclick="toggle('pre4437019712', 'post4437019712')"><pre></pre></li>
E                         
E                           <li onclick="toggle('pre4437019712', 'post4437019712')"><pre>        async def _view_wrapper(request, *args, **kwargs):</pre></li>
E                         
E                           <li onclick="toggle('pre4437019712', 'post4437019712')"><pre>            return await view_func(request, *args, **kwargs)</pre></li>
E                         
E                           <li onclick="toggle('pre4437019712', 'post4437019712')"><pre></pre></li>
E                         
E                           <li onclick="toggle('pre4437019712', 'post4437019712')"><pre>    else:</pre></li>
E                         
E                           <li onclick="toggle('pre4437019712', 'post4437019712')"><pre></pre></li>
E                         
E                           <li onclick="toggle('pre4437019712', 'post4437019712')"><pre>        def _view_wrapper(request, *args, **kwargs):</pre></li>
E                         
E                         </ol>
E                       
E                       <ol start="65" class="context-line">
E                         <li onclick="toggle('pre4437019712', 'post4437019712')"><pre>            return view_func(request, *args, **kwargs)
E                                ^^^^^^^^^^^^^^^^^^^^^^^^^^^^^^^^^^^</pre> <span>…</span></li>
E                       </ol>
E                       
E                         <ol start='66' class="post-context" id="post4437019712">
E                           
E                           <li onclick="toggle('pre4437019712', 'post4437019712')"><pre></pre></li>
E                           
E                           <li onclick="toggle('pre4437019712', 'post4437019712')"><pre>    _view_wrapper.csrf_exempt = True</pre></li>
E                           
E                           <li onclick="toggle('pre4437019712', 'post4437019712')"><pre></pre></li>
E                           
E                           <li onclick="toggle('pre4437019712', 'post4437019712')"><pre>    return wraps(view_func)(_view_wrapper)</pre></li>
E                           
E                       </ol>
E                       
E                     </div>
E                   
E         
E                   
E                     
E                       <details>
E                         <summary class="commands">Local vars</summary>
E                     
E                     <table class="vars" id="v4437019712">
E                       <thead>
E                         <tr>
E                           <th scope="col">Variable</th>
E                           <th scope="col">Value</th>
E                         </tr>
E                       </thead>
E                       <tbody>
E                         
E                           <tr>
E                             <td>args</td>
E                             <td class="code"><pre>()</pre></td>
E                           </tr>
E                         
E                           <tr>
E                             <td>kwargs</td>
E                             <td class="code"><pre>{}</pre></td>
E                           </tr>
E                         
E                           <tr>
E                             <td>request</td>
E                             <td class="code"><pre>&lt;ASGIRequest: POST &#x27;/users/login/&#x27;&gt;</pre></td>
E                           </tr>
E                         
E                           <tr>
E                             <td>view_func</td>
E                             <td class="code"><pre>&lt;function UserViewSet at 0x107747ba0&gt;</pre></td>
E                           </tr>
E                         
E                       </tbody>
E                     </table>
E                     </details>
E                   
E                 </li>
E               
E                 
E                 <li class="frame user">
E                   
E                     <code class="fname">/Users/mohamedbechirdiarra/Downloads/prototypeGamma/Backend/venv/lib/python3.13/site-packages/rest_framework/viewsets.py</code>, line 125, in view
E                   
E         
E                   
E                     <div class="context" id="c4437774016">
E                       
E                         <ol start="118" class="pre-context" id="pre4437774016">
E                         
E                           <li onclick="toggle('pre4437774016', 'post4437774016')"><pre>                setattr(self, method, handler)</pre></li>
E                         
E                           <li onclick="toggle('pre4437774016', 'post4437774016')"><pre></pre></li>
E                         
E                           <li onclick="toggle('pre4437774016', 'post4437774016')"><pre>            self.request = request</pre></li>
E                         
E                           <li onclick="toggle('pre4437774016', 'post4437774016')"><pre>            self.args = args</pre></li>
E                         
E                           <li onclick="toggle('pre4437774016', 'post4437774016')"><pre>            self.kwargs = kwargs</pre></li>
E                         
E                           <li onclick="toggle('pre4437774016', 'post4437774016')"><pre></pre></li>
E                         
E                           <li onclick="toggle('pre4437774016', 'post4437774016')"><pre>            # And continue as usual</pre></li>
E                         
E                         </ol>
E                       
E                       <ol start="125" class="context-line">
E                         <li onclick="toggle('pre4437774016', 'post4437774016')"><pre>            return self.dispatch(request, *args, **kwargs)
E                                 ^^^^^^^^^^^^^^^^^^^^^^^^^^^^^^^^^^^^^^^</pre> <span>…</span></li>
E                       </ol>
E                       
E                         <ol start='126' class="post-context" id="post4437774016">
E                           
E                           <li onclick="toggle('pre4437774016', 'post4437774016')"><pre></pre></li>
E                           
E                           <li onclick="toggle('pre4437774016', 'post4437774016')"><pre>        # take name and docstring from class</pre></li>
E                           
E                           <li onclick="toggle('pre4437774016', 'post4437774016')"><pre>        update_wrapper(view, cls, updated=())</pre></li>
E                           
E                           <li onclick="toggle('pre4437774016', 'post4437774016')"><pre></pre></li>
E                           
E                           <li onclick="toggle('pre4437774016', 'post4437774016')"><pre>        # and possible attributes set by decorators</pre></li>
E                           
E                           <li onclick="toggle('pre4437774016', 'post4437774016')"><pre>        # like csrf_exempt from dispatch</pre></li>
E                           
E                       </ol>
E                       
E                     </div>
E                   
E         
E                   
E                     
E                       <details>
E                         <summary class="commands">Local vars</summary>
E                     
E                     <table class="vars" id="v4437774016">
E                       <thead>
E                         <tr>
E                           <th scope="col">Variable</th>
E                           <th scope="col">Value</th>
E                         </tr>
E                       </thead>
E                       <tbody>
E                         
E                           <tr>
E                             <td>action</td>
E                             <td class="code"><pre>&#x27;login&#x27;</pre></td>
E                           </tr>
E                         
E                           <tr>
E                             <td>actions</td>
E                             <td class="code"><pre>{&#x27;post&#x27;: &#x27;login&#x27;}</pre></td>
E                           </tr>
E                         
E                           <tr>
E                             <td>args</td>
E                             <td class="code"><pre>()</pre></td>
E                           </tr>
E                         
E                           <tr>
E                             <td>cls</td>
E                             <td class="code"><pre>&lt;class &#x27;users.views.UserViewSet&#x27;&gt;</pre></td>
E                           </tr>
E                         
E                           <tr>
E                             <td>handler</td>
E                             <td class="code"><pre>&lt;bound method UserViewSet.login of &lt;users.views.UserViewSet object at 0x1084a3b70&gt;&gt;</pre></td>
E                           </tr>
E                         
E                           <tr>
E                             <td>initkwargs</td>
E                             <td class="code"><pre>{}</pre></td>
E                           </tr>
E                         
E                           <tr>
E                             <td>kwargs</td>
E                             <td class="code"><pre>{}</pre></td>
E                           </tr>
E                         
E                           <tr>
E                             <td>method</td>
E                             <td class="code"><pre>&#x27;post&#x27;</pre></td>
E                           </tr>
E                         
E                           <tr>
E                             <td>request</td>
E                             <td class="code"><pre>&lt;ASGIRequest: POST &#x27;/users/login/&#x27;&gt;</pre></td>
E                           </tr>
E                         
E                           <tr>
E                             <td>self</td>
E                             <td class="code"><pre>&lt;users.views.UserViewSet object at 0x1084a3b70&gt;</pre></td>
E                           </tr>
E                         
E                       </tbody>
E                     </table>
E                     </details>
E                   
E                 </li>
E               
E                 
E                 <li class="frame user">
E                   
E                     <code class="fname">/Users/mohamedbechirdiarra/Downloads/prototypeGamma/Backend/users/views.py</code>, line 641, in dispatch
E                   
E         
E                   
E                     <div class="context" id="c4437026240">
E                       
E                         <ol start="634" class="pre-context" id="pre4437026240">
E                         
E                           <li onclick="toggle('pre4437026240', 'post4437026240')"><pre>            phone = None</pre></li>
E                         
E                           <li onclick="toggle('pre4437026240', 'post4437026240')"><pre>            if hasattr(user, &#x27;client_profile&#x27;):</pre></li>
E                         
E                           <li onclick="toggle('pre4437026240', 'post4437026240')"><pre>                phone = getattr(user.client_profile, &#x27;phone&#x27;, None)</pre></li>
E                         
E                           <li onclick="toggle('pre4437026240', 'post4437026240')"><pre>            elif hasattr(user, &#x27;technician_profile&#x27;):</pre></li>
E                         
E                           <li onclick="toggle('pre4437026240', 'post4437026240')"><pre>                phone = getattr(user.technician_profile, &#x27;phone&#x27;, None)</pre></li>
E                         
E                           <li onclick="toggle('pre4437026240', 'post4437026240')"><pre>            if not phone:</pre></li>
E                         
E                           <li onclick="toggle('pre4437026240', 'post4437026240')"><pre>                return Response({&#x27;error&#x27;: &#x27;Numéro de téléphone obligatoire. Veuillez compléter votre profil.&#x27;}, status=403)</pre></li>
E                         
E                         </ol>
E                       
E                       <ol start="641" class="context-line">
E                         <li onclick="toggle('pre4437026240', 'post4437026240')"><pre>        return super().dispatch(request, *args, **kwargs)
E                             ^^^^^^^^^^^^^^^^^^^^^^^^^^^^^^^^^^^^^^^^^^</pre> <span>…</span></li>
E                       </ol>
E                       
E                         <ol start='642' class="post-context" id="post4437026240">
E                           
E                           <li onclick="toggle('pre4437026240', 'post4437026240')"><pre></pre></li>
E                           
E                           <li onclick="toggle('pre4437026240', 'post4437026240')"><pre>class SecurityDashboardView(APIView):</pre></li>
E                           
E                           <li onclick="toggle('pre4437026240', 'post4437026240')"><pre>    permission_classes = [IsAdminUser]</pre></li>
E                           
E                           <li onclick="toggle('pre4437026240', 'post4437026240')"><pre></pre></li>
E                           
E                           <li onclick="toggle('pre4437026240', 'post4437026240')"><pre>    def get(self, request):</pre></li>
E                           
E                           <li onclick="toggle('pre4437026240', 'post4437026240')"><pre>        now = timezone.now()</pre></li>
E                           
E                       </ol>
E                       
E                     </div>
E                   
E         
E                   
E                     
E                       <details>
E                         <summary class="commands">Local vars</summary>
E                     
E                     <table class="vars" id="v4437026240">
E                       <thead>
E                         <tr>
E                           <th scope="col">Variable</th>
E                           <th scope="col">Value</th>
E                         </tr>
E                       </thead>
E                       <tbody>
E                         
E                           <tr>
E                             <td>__class__</td>
E                             <td class="code"><pre>&lt;class &#x27;users.views.UserViewSet&#x27;&gt;</pre></td>
E                           </tr>
E                         
E                           <tr>
E                             <td>action</td>
E                             <td class="code"><pre>None</pre></td>
E                           </tr>
E                         
E                           <tr>
E                             <td>args</td>
E                             <td class="code"><pre>()</pre></td>
E                           </tr>
E                         
E                           <tr>
E                             <td>exempt_actions</td>
E                             <td class="code"><pre>[&#x27;register&#x27;, &#x27;login&#x27;, &#x27;refresh_token&#x27;, &#x27;update_profile&#x27;, &#x27;me&#x27;]</pre></td>
E                           </tr>
E                         
E                           <tr>
E                             <td>kwargs</td>
E                             <td class="code"><pre>{}</pre></td>
E                           </tr>
E                         
E                           <tr>
E                             <td>request</td>
E                             <td class="code"><pre>&lt;ASGIRequest: POST &#x27;/users/login/&#x27;&gt;</pre></td>
E                           </tr>
E                         
E                           <tr>
E                             <td>self</td>
E                             <td class="code"><pre>&lt;users.views.UserViewSet object at 0x1084a3b70&gt;</pre></td>
E                           </tr>
E                         
E                       </tbody>
E                     </table>
E                     </details>
E                   
E                 </li>
E               
E                 
E                 <li class="frame user">
E                   
E                     <code class="fname">/Users/mohamedbechirdiarra/Downloads/prototypeGamma/Backend/venv/lib/python3.13/site-packages/rest_framework/views.py</code>, line 515, in dispatch
E                   
E         
E                   
E                     <div class="context" id="c4437024832">
E                       
E                         <ol start="508" class="pre-context" id="pre4437024832">
E                         
E                           <li onclick="toggle('pre4437024832', 'post4437024832')"><pre>                                  self.http_method_not_allowed)</pre></li>
E                         
E                           <li onclick="toggle('pre4437024832', 'post4437024832')"><pre>            else:</pre></li>
E                         
E                           <li onclick="toggle('pre4437024832', 'post4437024832')"><pre>                handler = self.http_method_not_allowed</pre></li>
E                         
E                           <li onclick="toggle('pre4437024832', 'post4437024832')"><pre></pre></li>
E                         
E                           <li onclick="toggle('pre4437024832', 'post4437024832')"><pre>            response = handler(request, *args, **kwargs)</pre></li>
E                         
E                           <li onclick="toggle('pre4437024832', 'post4437024832')"><pre></pre></li>
E                         
E                           <li onclick="toggle('pre4437024832', 'post4437024832')"><pre>        except Exception as exc:</pre></li>
E                         
E                         </ol>
E                       
E                       <ol start="515" class="context-line">
E                         <li onclick="toggle('pre4437024832', 'post4437024832')"><pre>            response = self.handle_exception(exc)
E                                     ^^^^^^^^^^^^^^^^^^^^^^^^^^</pre> <span>…</span></li>
E                       </ol>
E                       
E                         <ol start='516' class="post-context" id="post4437024832">
E                           
E                           <li onclick="toggle('pre4437024832', 'post4437024832')"><pre></pre></li>
E                           
E                           <li onclick="toggle('pre4437024832', 'post4437024832')"><pre>        self.response = self.finalize_response(request, response, *args, **kwargs)</pre></li>
E                           
E                           <li onclick="toggle('pre4437024832', 'post4437024832')"><pre>        return self.response</pre></li>
E                           
E                           <li onclick="toggle('pre4437024832', 'post4437024832')"><pre></pre></li>
E                           
E                           <li onclick="toggle('pre4437024832', 'post4437024832')"><pre>    def options(self, request, *args, **kwargs):</pre></li>
E                           
E                           <li onclick="toggle('pre4437024832', 'post4437024832')"><pre>        &quot;&quot;&quot;</pre></li>
E                           
E                       </ol>
E                       
E                     </div>
E                   
E         
E                   
E                     
E                       <details>
E                         <summary class="commands">Local vars</summary>
E                     
E                     <table class="vars" id="v4437024832">
E                       <thead>
E                         <tr>
E                           <th scope="col">Variable</th>
E                           <th scope="col">Value</th>
E                         </tr>
E                       </thead>
E                       <tbody>
E                         
E                           <tr>
E                             <td>args</td>
E                             <td class="code"><pre>()</pre></td>
E                           </tr>
E                         
E                           <tr>
E                             <td>handler</td>
E                             <td class="code"><pre>&lt;bound method UserViewSet.login of &lt;users.views.UserViewSet object at 0x1084a3b70&gt;&gt;</pre></td>
E                           </tr>
E                         
E                           <tr>
E                             <td>kwargs</td>
E                             <td class="code"><pre>{}</pre></td>
E                           </tr>
E                         
E                           <tr>
E                             <td>request</td>
E                             <td class="code"><pre>&lt;rest_framework.request.Request: POST &#x27;/users/login/&#x27;&gt;</pre></td>
E                           </tr>
E                         
E                           <tr>
E                             <td>self</td>
E                             <td class="code"><pre>&lt;users.views.UserViewSet object at 0x1084a3b70&gt;</pre></td>
E                           </tr>
E                         
E                       </tbody>
E                     </table>
E                     </details>
E                   
E                 </li>
E               
E                 
E                 <li class="frame user">
E                   
E                     <code class="fname">/Users/mohamedbechirdiarra/Downloads/prototypeGamma/Backend/venv/lib/python3.13/site-packages/rest_framework/views.py</code>, line 475, in handle_exception
E                   
E         
E                   
E                     <div class="context" id="c4433122560">
E                       
E                         <ol start="468" class="pre-context" id="pre4433122560">
E                         
E                           <li onclick="toggle('pre4433122560', 'post4433122560')"><pre></pre></li>
E                         
E                           <li onclick="toggle('pre4433122560', 'post4433122560')"><pre>        exception_handler = self.get_exception_handler()</pre></li>
E                         
E                           <li onclick="toggle('pre4433122560', 'post4433122560')"><pre></pre></li>
E                         
E                           <li onclick="toggle('pre4433122560', 'post4433122560')"><pre>        context = self.get_exception_handler_context()</pre></li>
E                         
E                           <li onclick="toggle('pre4433122560', 'post4433122560')"><pre>        response = exception_handler(exc, context)</pre></li>
E                         
E                           <li onclick="toggle('pre4433122560', 'post4433122560')"><pre></pre></li>
E                         
E                           <li onclick="toggle('pre4433122560', 'post4433122560')"><pre>        if response is None:</pre></li>
E                         
E                         </ol>
E                       
E                       <ol start="475" class="context-line">
E                         <li onclick="toggle('pre4433122560', 'post4433122560')"><pre>            self.raise_uncaught_exception(exc)
E                          ^^^^^^^^^^^^^^^^^^^^^^^^^^^^^^^^^^</pre> <span>…</span></li>
E                       </ol>
E                       
E                         <ol start='476' class="post-context" id="post4433122560">
E                           
E                           <li onclick="toggle('pre4433122560', 'post4433122560')"><pre></pre></li>
E                           
E                           <li onclick="toggle('pre4433122560', 'post4433122560')"><pre>        response.exception = True</pre></li>
E                           
E                           <li onclick="toggle('pre4433122560', 'post4433122560')"><pre>        return response</pre></li>
E                           
E                           <li onclick="toggle('pre4433122560', 'post4433122560')"><pre></pre></li>
E                           
E                           <li onclick="toggle('pre4433122560', 'post4433122560')"><pre>    def raise_uncaught_exception(self, exc):</pre></li>
E                           
E                           <li onclick="toggle('pre4433122560', 'post4433122560')"><pre>        if settings.DEBUG:</pre></li>
E                           
E                       </ol>
E                       
E                     </div>
E                   
E         
E                   
E                     
E                       <details>
E                         <summary class="commands">Local vars</summary>
E                     
E                     <table class="vars" id="v4433122560">
E                       <thead>
E                         <tr>
E                           <th scope="col">Variable</th>
E                           <th scope="col">Value</th>
E                         </tr>
E                       </thead>
E                       <tbody>
E                         
E                           <tr>
E                             <td>context</td>
E                             <td class="code"><pre>{&#x27;args&#x27;: (),
E          &#x27;kwargs&#x27;: {},
E          &#x27;request&#x27;: &lt;rest_framework.request.Request: POST &#x27;/users/login/&#x27;&gt;,
E          &#x27;view&#x27;: &lt;users.views.UserViewSet object at 0x1084a3b70&gt;}</pre></td>
E                           </tr>
E                         
E                           <tr>
E                             <td>exc</td>
E                             <td class="code"><pre>IntegrityError(&#x27;FOREIGN KEY constraint failed&#x27;)</pre></td>
E                           </tr>
E                         
E                           <tr>
E                             <td>exception_handler</td>
E                             <td class="code"><pre>&lt;function exception_handler at 0x10770f100&gt;</pre></td>
E                           </tr>
E                         
E                           <tr>
E                             <td>response</td>
E                             <td class="code"><pre>None</pre></td>
E                           </tr>
E                         
E                           <tr>
E                             <td>self</td>
E                             <td class="code"><pre>&lt;users.views.UserViewSet object at 0x1084a3b70&gt;</pre></td>
E                           </tr>
E                         
E                       </tbody>
E                     </table>
E                     </details>
E                   
E                 </li>
E               
E                 
E                 <li class="frame user">
E                   
E                     <code class="fname">/Users/mohamedbechirdiarra/Downloads/prototypeGamma/Backend/venv/lib/python3.13/site-packages/rest_framework/views.py</code>, line 486, in raise_uncaught_exception
E                   
E         
E                   
E                     <div class="context" id="c4437779648">
E                       
E                         <ol start="479" class="pre-context" id="pre4437779648">
E                         
E                           <li onclick="toggle('pre4437779648', 'post4437779648')"><pre></pre></li>
E                         
E                           <li onclick="toggle('pre4437779648', 'post4437779648')"><pre>    def raise_uncaught_exception(self, exc):</pre></li>
E                         
E                           <li onclick="toggle('pre4437779648', 'post4437779648')"><pre>        if settings.DEBUG:</pre></li>
E                         
E                           <li onclick="toggle('pre4437779648', 'post4437779648')"><pre>            request = self.request</pre></li>
E                         
E                           <li onclick="toggle('pre4437779648', 'post4437779648')"><pre>            renderer_format = getattr(request.accepted_renderer, &#x27;format&#x27;)</pre></li>
E                         
E                           <li onclick="toggle('pre4437779648', 'post4437779648')"><pre>            use_plaintext_traceback = renderer_format not in (&#x27;html&#x27;, &#x27;api&#x27;, &#x27;admin&#x27;)</pre></li>
E                         
E                           <li onclick="toggle('pre4437779648', 'post4437779648')"><pre>            request.force_plaintext_errors(use_plaintext_traceback)</pre></li>
E                         
E                         </ol>
E                       
E                       <ol start="486" class="context-line">
E                         <li onclick="toggle('pre4437779648', 'post4437779648')"><pre>        raise exc
E                      ^^^^^^^^^</pre> <span>…</span></li>
E                       </ol>
E                       
E                         <ol start='487' class="post-context" id="post4437779648">
E                           
E                           <li onclick="toggle('pre4437779648', 'post4437779648')"><pre></pre></li>
E                           
E                           <li onclick="toggle('pre4437779648', 'post4437779648')"><pre>    # Note: Views are made CSRF exempt from within `as_view` as to prevent</pre></li>
E                           
E                           <li onclick="toggle('pre4437779648', 'post4437779648')"><pre>    # accidental removal of this exemption in cases where `dispatch` needs to</pre></li>
E                           
E                           <li onclick="toggle('pre4437779648', 'post4437779648')"><pre>    # be overridden.</pre></li>
E                           
E                           <li onclick="toggle('pre4437779648', 'post4437779648')"><pre>    def dispatch(self, request, *args, **kwargs):</pre></li>
E                           
E                           <li onclick="toggle('pre4437779648', 'post4437779648')"><pre>        &quot;&quot;&quot;</pre></li>
E                           
E                       </ol>
E                       
E                     </div>
E                   
E         
E                   
E                     
E                       <details>
E                         <summary class="commands">Local vars</summary>
E                     
E                     <table class="vars" id="v4437779648">
E                       <thead>
E                         <tr>
E                           <th scope="col">Variable</th>
E                           <th scope="col">Value</th>
E                         </tr>
E                       </thead>
E                       <tbody>
E                         
E                           <tr>
E                             <td>exc</td>
E                             <td class="code"><pre>IntegrityError(&#x27;FOREIGN KEY constraint failed&#x27;)</pre></td>
E                           </tr>
E                         
E                           <tr>
E                             <td>renderer_format</td>
E                             <td class="code"><pre>&#x27;json&#x27;</pre></td>
E                           </tr>
E                         
E                           <tr>
E                             <td>request</td>
E                             <td class="code"><pre>&lt;rest_framework.request.Request: POST &#x27;/users/login/&#x27;&gt;</pre></td>
E                           </tr>
E                         
E                           <tr>
E                             <td>self</td>
E                             <td class="code"><pre>&lt;users.views.UserViewSet object at 0x1084a3b70&gt;</pre></td>
E                           </tr>
E                         
E                           <tr>
E                             <td>use_plaintext_traceback</td>
E                             <td class="code"><pre>True</pre></td>
E                           </tr>
E                         
E                       </tbody>
E                     </table>
E                     </details>
E                   
E                 </li>
E               
E                 
E                 <li class="frame user">
E                   
E                     <code class="fname">/Users/mohamedbechirdiarra/Downloads/prototypeGamma/Backend/venv/lib/python3.13/site-packages/rest_framework/views.py</code>, line 512, in dispatch
E                   
E         
E                   
E                     <div class="context" id="c4437770496">
E                       
E                         <ol start="505" class="pre-context" id="pre4437770496">
E                         
E                           <li onclick="toggle('pre4437770496', 'post4437770496')"><pre>            # Get the appropriate handler method</pre></li>
E                         
E                           <li onclick="toggle('pre4437770496', 'post4437770496')"><pre>            if request.method.lower() in self.http_method_names:</pre></li>
E                         
E                           <li onclick="toggle('pre4437770496', 'post4437770496')"><pre>                handler = getattr(self, request.method.lower(),</pre></li>
E                         
E                           <li onclick="toggle('pre4437770496', 'post4437770496')"><pre>                                  self.http_method_not_allowed)</pre></li>
E                         
E                           <li onclick="toggle('pre4437770496', 'post4437770496')"><pre>            else:</pre></li>
E                         
E                           <li onclick="toggle('pre4437770496', 'post4437770496')"><pre>                handler = self.http_method_not_allowed</pre></li>
E                         
E                           <li onclick="toggle('pre4437770496', 'post4437770496')"><pre></pre></li>
E                         
E                         </ol>
E                       
E                       <ol start="512" class="context-line">
E                         <li onclick="toggle('pre4437770496', 'post4437770496')"><pre>            response = handler(request, *args, **kwargs)
E                                     ^^^^^^^^^^^^^^^^^^^^^^^^^^^^^^^^^</pre> <span>…</span></li>
E                       </ol>
E                       
E                         <ol start='513' class="post-context" id="post4437770496">
E                           
E                           <li onclick="toggle('pre4437770496', 'post4437770496')"><pre></pre></li>
E                           
E                           <li onclick="toggle('pre4437770496', 'post4437770496')"><pre>        except Exception as exc:</pre></li>
E                           
E                           <li onclick="toggle('pre4437770496', 'post4437770496')"><pre>            response = self.handle_exception(exc)</pre></li>
E                           
E                           <li onclick="toggle('pre4437770496', 'post4437770496')"><pre></pre></li>
E                           
E                           <li onclick="toggle('pre4437770496', 'post4437770496')"><pre>        self.response = self.finalize_response(request, response, *args, **kwargs)</pre></li>
E                           
E                           <li onclick="toggle('pre4437770496', 'post4437770496')"><pre>        return self.response</pre></li>
E                           
E                       </ol>
E                       
E                     </div>
E                   
E         
E                   
E                     
E                       <details>
E                         <summary class="commands">Local vars</summary>
E                     
E                     <table class="vars" id="v4437770496">
E                       <thead>
E                         <tr>
E                           <th scope="col">Variable</th>
E                           <th scope="col">Value</th>
E                         </tr>
E                       </thead>
E                       <tbody>
E                         
E                           <tr>
E                             <td>args</td>
E                             <td class="code"><pre>()</pre></td>
E                           </tr>
E                         
E                           <tr>
E                             <td>handler</td>
E                             <td class="code"><pre>&lt;bound method UserViewSet.login of &lt;users.views.UserViewSet object at 0x1084a3b70&gt;&gt;</pre></td>
E                           </tr>
E                         
E                           <tr>
E                             <td>kwargs</td>
E                             <td class="code"><pre>{}</pre></td>
E                           </tr>
E                         
E                           <tr>
E                             <td>request</td>
E                             <td class="code"><pre>&lt;rest_framework.request.Request: POST &#x27;/users/login/&#x27;&gt;</pre></td>
E                           </tr>
E                         
E                           <tr>
E                             <td>self</td>
E                             <td class="code"><pre>&lt;users.views.UserViewSet object at 0x1084a3b70&gt;</pre></td>
E                           </tr>
E                         
E                       </tbody>
E                     </table>
E                     </details>
E                   
E                 </li>
E               
E                 
E                 <li class="frame user">
E                   
E                     <code class="fname">/Users/mohamedbechirdiarra/Downloads/prototypeGamma/Backend/users/views.py</code>, line 382, in login
E                   
E         
E                   
E                     <div class="context" id="c4436868800">
E                       
E                         <ol start="375" class="pre-context" id="pre4436868800">
E                         
E                           <li onclick="toggle('pre4436868800', 'post4436868800')"><pre>                            event_type=&quot;login_high_risk&quot;</pre></li>
E                         
E                           <li onclick="toggle('pre4436868800', 'post4436868800')"><pre>                        )</pre></li>
E                         
E                           <li onclick="toggle('pre4436868800', 'post4436868800')"><pre>                    return Response({</pre></li>
E                         
E                           <li onclick="toggle('pre4436868800', 'post4436868800')"><pre>                        &#x27;otp_required&#x27;: True,</pre></li>
E                         
E                           <li onclick="toggle('pre4436868800', 'post4436868800')"><pre>                        &#x27;session_uuid&#x27;: str(otp.session_uuid),</pre></li>
E                         
E                           <li onclick="toggle('pre4436868800', 'post4436868800')"><pre>                        &#x27;message&#x27;: &#x27;Un code de vérification a été envoyé à votre email.&#x27;</pre></li>
E                         
E                           <li onclick="toggle('pre4436868800', 'post4436868800')"><pre>                    }, status=200)</pre></li>
E                         
E                         </ol>
E                       
E                       <ol start="382" class="context-line">
E                         <li onclick="toggle('pre4436868800', 'post4436868800')"><pre>                log_event(request, &#x27;login&#x27;, &#x27;success&#x27;, risk_score=risk_score, metadata={}, user=user)
E                              ^^^^^^^^^^^^^^^^^^^^^^^^^^^^^^^^^^^^^^^^^^^^^^^^^^^^^^^^^^^^^^^^^^^^^^^^^^^^^^^^^^^^^</pre> <span>…</span></li>
E                       </ol>
E                       
E                         <ol start='383' class="post-context" id="post4436868800">
E                           
E                           <li onclick="toggle('pre4436868800', 'post4436868800')"><pre>                refresh = RefreshToken.for_user(user)</pre></li>
E                           
E                           <li onclick="toggle('pre4436868800', 'post4436868800')"><pre>                return Response({</pre></li>
E                           
E                           <li onclick="toggle('pre4436868800', 'post4436868800')"><pre>                    &#x27;user&#x27;: UserSerializer(user).data,</pre></li>
E                           
E                           <li onclick="toggle('pre4436868800', 'post4436868800')"><pre>                    &#x27;profile&#x27;: self.get_profile_data(user),</pre></li>
E                           
E                           <li onclick="toggle('pre4436868800', 'post4436868800')"><pre>                    &#x27;refresh&#x27;: str(refresh),</pre></li>
E                           
E                           <li onclick="toggle('pre4436868800', 'post4436868800')"><pre>                    &#x27;access&#x27;: str(refresh.access_token),</pre></li>
E                           
E                       </ol>
E                       
E                     </div>
E                   
E         
E                   
E                     
E                       <details>
E                         <summary class="commands">Local vars</summary>
E                     
E                     <table class="vars" id="v4436868800">
E                       <thead>
E                         <tr>
E                           <th scope="col">Variable</th>
E                           <th scope="col">Value</th>
E                         </tr>
E                       </thead>
E                       <tbody>
E                         
E                           <tr>
E                             <td>email</td>
E                             <td class="code"><pre>&#x27;testuser_uptvnd@example.com&#x27;</pre></td>
E                           </tr>
E                         
E                           <tr>
E                             <td>password</td>
E                             <td class="code"><pre>&#x27;TestUser1234!&#x27;</pre></td>
E                           </tr>
E                         
E                           <tr>
E                             <td>request</td>
E                             <td class="code"><pre>&lt;rest_framework.request.Request: POST &#x27;/users/login/&#x27;&gt;</pre></td>
E                           </tr>
E                         
E                           <tr>
E                             <td>risk_score</td>
E                             <td class="code"><pre>0</pre></td>
E                           </tr>
E                         
E                           <tr>
E                             <td>self</td>
E                             <td class="code"><pre>&lt;users.views.UserViewSet object at 0x1084a3b70&gt;</pre></td>
E                           </tr>
E                         
E                           <tr>
E                             <td>user</td>
E                             <td class="code"><pre>&lt;User: testuser_uptvnd (Client)&gt;</pre></td>
E                           </tr>
E                         
E                       </tbody>
E                     </table>
E                     </details>
E                   
E                 </li>
E               
E                 
E                 <li class="frame user">
E                   
E                     <code class="fname">/Users/mohamedbechirdiarra/Downloads/prototypeGamma/Backend/users/utils.py</code>, line 14, in log_event
E                   
E         
E                   
E                     <div class="context" id="c4436856320">
E                       
E                         <ol start="7" class="pre-context" id="pre4436856320">
E                         
E                           <li onclick="toggle('pre4436856320', 'post4436856320')"><pre>    if user is None:</pre></li>
E                         
E                           <li onclick="toggle('pre4436856320', 'post4436856320')"><pre>        user = request.user if hasattr(request, &#x27;user&#x27;) and request.user.is_authenticated else None</pre></li>
E                         
E                           <li onclick="toggle('pre4436856320', 'post4436856320')"><pre>    ip = request.META.get(&#x27;REMOTE_ADDR&#x27;)</pre></li>
E                         
E                           <li onclick="toggle('pre4436856320', 'post4436856320')"><pre>    user_agent = request.META.get(&#x27;HTTP_USER_AGENT&#x27;, &#x27;&#x27;)</pre></li>
E                         
E                           <li onclick="toggle('pre4436856320', 'post4436856320')"><pre>    geo_country = getattr(request, &#x27;geoip_country&#x27;, &#x27;&#x27;) or request.META.get(&#x27;GEOIP_COUNTRY&#x27;, &#x27;&#x27;)</pre></li>
E                         
E                           <li onclick="toggle('pre4436856320', 'post4436856320')"><pre>    geo_city = getattr(request, &#x27;geoip_city&#x27;, &#x27;&#x27;) or request.META.get(&#x27;GEOIP_CITY&#x27;, &#x27;&#x27;)</pre></li>
E                         
E                           <li onclick="toggle('pre4436856320', 'post4436856320')"><pre>    location = get_location_from_ip(ip)</pre></li>
E                         
E                         </ol>
E                       
E                       <ol start="14" class="context-line">
E                         <li onclick="toggle('pre4436856320', 'post4436856320')"><pre>    AuditLog.objects.create(
E                 ^</pre> <span>…</span></li>
E                       </ol>
E                       
E                         <ol start='15' class="post-context" id="post4436856320">
E                           
E                           <li onclick="toggle('pre4436856320', 'post4436856320')"><pre>        user=user,</pre></li>
E                           
E                           <li onclick="toggle('pre4436856320', 'post4436856320')"><pre>        ip_address=ip,</pre></li>
E                           
E                           <li onclick="toggle('pre4436856320', 'post4436856320')"><pre>        user_agent=user_agent,</pre></li>
E                           
E                           <li onclick="toggle('pre4436856320', 'post4436856320')"><pre>        event_type=event_type,</pre></li>
E                           
E                           <li onclick="toggle('pre4436856320', 'post4436856320')"><pre>        status=status,</pre></li>
E                           
E                           <li onclick="toggle('pre4436856320', 'post4436856320')"><pre>        geo_country=geo_country,</pre></li>
E                           
E                       </ol>
E                       
E                     </div>
E                   
E         
E                   
E                     
E                       <details>
E                         <summary class="commands">Local vars</summary>
E                     
E                     <table class="vars" id="v4436856320">
E                       <thead>
E                         <tr>
E                           <th scope="col">Variable</th>
E                           <th scope="col">Value</th>
E                         </tr>
E                       </thead>
E                       <tbody>
E                         
E                           <tr>
E                             <td>event_type</td>
E                             <td class="code"><pre>&#x27;login&#x27;</pre></td>
E                           </tr>
E                         
E                           <tr>
E                             <td>geo_city</td>
E                             <td class="code"><pre>&#x27;&#x27;</pre></td>
E                           </tr>
E                         
E                           <tr>
E                             <td>geo_country</td>
E                             <td class="code"><pre>&#x27;&#x27;</pre></td>
E                           </tr>
E                         
E                           <tr>
E                             <td>ip</td>
E                             <td class="code"><pre>&#x27;127.0.0.1&#x27;</pre></td>
E                           </tr>
E                         
E                           <tr>
E                             <td>location</td>
E                             <td class="code"><pre>None</pre></td>
E                           </tr>
E                         
E                           <tr>
E                             <td>metadata</td>
E                             <td class="code"><pre>{}</pre></td>
E                           </tr>
E                         
E                           <tr>
E                             <td>request</td>
E                             <td class="code"><pre>&lt;rest_framework.request.Request: POST &#x27;/users/login/&#x27;&gt;</pre></td>
E                           </tr>
E                         
E                           <tr>
E                             <td>risk_score</td>
E                             <td class="code"><pre>0</pre></td>
E                           </tr>
E                         
E                           <tr>
E                             <td>status</td>
E                             <td class="code"><pre>&#x27;success&#x27;</pre></td>
E                           </tr>
E                         
E                           <tr>
E                             <td>user</td>
E                             <td class="code"><pre>&lt;User: testuser_uptvnd (Client)&gt;</pre></td>
E                           </tr>
E                         
E                           <tr>
E                             <td>user_agent</td>
E                             <td class="code"><pre>&#x27;python-requests/2.32.4&#x27;</pre></td>
E                           </tr>
E                         
E                       </tbody>
E                     </table>
E                     </details>
E                   
E                 </li>
E               
E                 
E                 <li class="frame django">
E                   
E                     <code class="fname">/Users/mohamedbechirdiarra/Downloads/prototypeGamma/Backend/venv/lib/python3.13/site-packages/django/db/models/manager.py</code>, line 87, in manager_method
E                   
E         
E                   
E                     <div class="context" id="c4434562176">
E                       
E                         <ol start="80" class="pre-context" id="pre4434562176">
E                         
E                           <li onclick="toggle('pre4434562176', 'post4434562176')"><pre>        return []</pre></li>
E                         
E                           <li onclick="toggle('pre4434562176', 'post4434562176')"><pre></pre></li>
E                         
E                           <li onclick="toggle('pre4434562176', 'post4434562176')"><pre>    @classmethod</pre></li>
E                         
E                           <li onclick="toggle('pre4434562176', 'post4434562176')"><pre>    def _get_queryset_methods(cls, queryset_class):</pre></li>
E                         
E                           <li onclick="toggle('pre4434562176', 'post4434562176')"><pre>        def create_method(name, method):</pre></li>
E                         
E                           <li onclick="toggle('pre4434562176', 'post4434562176')"><pre>            @wraps(method)</pre></li>
E                         
E                           <li onclick="toggle('pre4434562176', 'post4434562176')"><pre>            def manager_method(self, *args, **kwargs):</pre></li>
E                         
E                         </ol>
E                       
E                       <ol start="87" class="context-line">
E                         <li onclick="toggle('pre4434562176', 'post4434562176')"><pre>                return getattr(self.get_queryset(), name)(*args, **kwargs)
E                                    ^^^^^^^^^^^^^^^^^^^^^^^^^^^^^^^^^^^^^^^^^^^^^^^^^^^</pre> <span>…</span></li>
E                       </ol>
E                       
E                         <ol start='88' class="post-context" id="post4434562176">
E                           
E                           <li onclick="toggle('pre4434562176', 'post4434562176')"><pre></pre></li>
E                           
E                           <li onclick="toggle('pre4434562176', 'post4434562176')"><pre>            return manager_method</pre></li>
E                           
E                           <li onclick="toggle('pre4434562176', 'post4434562176')"><pre></pre></li>
E                           
E                           <li onclick="toggle('pre4434562176', 'post4434562176')"><pre>        new_methods = {}</pre></li>
E                           
E                           <li onclick="toggle('pre4434562176', 'post4434562176')"><pre>        for name, method in inspect.getmembers(</pre></li>
E                           
E                           <li onclick="toggle('pre4434562176', 'post4434562176')"><pre>            queryset_class, predicate=inspect.isfunction</pre></li>
E                           
E                       </ol>
E                       
E                     </div>
E                   
E         
E                   
E                     
E                       <details>
E                         <summary class="commands">Local vars</summary>
E                     
E                     <table class="vars" id="v4434562176">
E                       <thead>
E                         <tr>
E                           <th scope="col">Variable</th>
E                           <th scope="col">Value</th>
E                         </tr>
E                       </thead>
E                       <tbody>
E                         
E                           <tr>
E                             <td>args</td>
E                             <td class="code"><pre>()</pre></td>
E                           </tr>
E                         
E                           <tr>
E                             <td>kwargs</td>
E                             <td class="code"><pre>{&#x27;event_type&#x27;: &#x27;login&#x27;,
E          &#x27;geo_city&#x27;: &#x27;&#x27;,
E          &#x27;geo_country&#x27;: &#x27;&#x27;,
E          &#x27;ip_address&#x27;: &#x27;127.0.0.1&#x27;,
E          &#x27;location&#x27;: None,
E          &#x27;metadata&#x27;: {},
E          &#x27;risk_score&#x27;: 0,
E          &#x27;status&#x27;: &#x27;success&#x27;,
E          &#x27;user&#x27;: &lt;User: testuser_uptvnd (Client)&gt;,
E          &#x27;user_agent&#x27;: &#x27;python-requests/2.32.4&#x27;}</pre></td>
E                           </tr>
E                         
E                           <tr>
E                             <td>name</td>
E                             <td class="code"><pre>&#x27;create&#x27;</pre></td>
E                           </tr>
E                         
E                           <tr>
E                             <td>self</td>
E                             <td class="code"><pre>&lt;django.db.models.manager.Manager object at 0x10840cad0&gt;</pre></td>
E                           </tr>
E                         
E                       </tbody>
E                     </table>
E                     </details>
E                   
E                 </li>
E               
E                 
E                 <li class="frame django">
E                   
E                     <code class="fname">/Users/mohamedbechirdiarra/Downloads/prototypeGamma/Backend/venv/lib/python3.13/site-packages/django/db/models/query.py</code>, line 663, in create
E                   
E         
E                   
E                     <div class="context" id="c4436863104">
E                       
E                         <ol start="656" class="pre-context" id="pre4436863104">
E                         
E                           <li onclick="toggle('pre4436863104', 'post4436863104')"><pre>            raise ValueError(</pre></li>
E                         
E                           <li onclick="toggle('pre4436863104', 'post4436863104')"><pre>                &quot;The following fields do not exist in this model: %s&quot;</pre></li>
E                         
E                           <li onclick="toggle('pre4436863104', 'post4436863104')"><pre>                % &quot;, &quot;.join(reverse_one_to_one_fields)</pre></li>
E                         
E                           <li onclick="toggle('pre4436863104', 'post4436863104')"><pre>            )</pre></li>
E                         
E                           <li onclick="toggle('pre4436863104', 'post4436863104')"><pre></pre></li>
E                         
E                           <li onclick="toggle('pre4436863104', 'post4436863104')"><pre>        obj = self.model(**kwargs)</pre></li>
E                         
E                           <li onclick="toggle('pre4436863104', 'post4436863104')"><pre>        self._for_write = True</pre></li>
E                         
E                         </ol>
E                       
E                       <ol start="663" class="context-line">
E                         <li onclick="toggle('pre4436863104', 'post4436863104')"><pre>        obj.save(force_insert=True, using=self.db)
E                      ^^^^^^^^^^^^^^^^^^^^^^^^^^^^^^^^^^^^^^^^^^</pre> <span>…</span></li>
E                       </ol>
E                       
E                         <ol start='664' class="post-context" id="post4436863104">
E                           
E                           <li onclick="toggle('pre4436863104', 'post4436863104')"><pre>        return obj</pre></li>
E                           
E                           <li onclick="toggle('pre4436863104', 'post4436863104')"><pre></pre></li>
E                           
E                           <li onclick="toggle('pre4436863104', 'post4436863104')"><pre>    create.alters_data = True</pre></li>
E                           
E                           <li onclick="toggle('pre4436863104', 'post4436863104')"><pre></pre></li>
E                           
E                           <li onclick="toggle('pre4436863104', 'post4436863104')"><pre>    async def acreate(self, **kwargs):</pre></li>
E                           
E                           <li onclick="toggle('pre4436863104', 'post4436863104')"><pre>        return await sync_to_async(self.create)(**kwargs)</pre></li>
E                           
E                       </ol>
E                       
E                     </div>
E                   
E         
E                   
E                     
E                       <details>
E                         <summary class="commands">Local vars</summary>
E                     
E                     <table class="vars" id="v4436863104">
E                       <thead>
E                         <tr>
E                           <th scope="col">Variable</th>
E                           <th scope="col">Value</th>
E                         </tr>
E                       </thead>
E                       <tbody>
E                         
E                           <tr>
E                             <td>kwargs</td>
E                             <td class="code"><pre>{&#x27;event_type&#x27;: &#x27;login&#x27;,
E          &#x27;geo_city&#x27;: &#x27;&#x27;,
E          &#x27;geo_country&#x27;: &#x27;&#x27;,
E          &#x27;ip_address&#x27;: &#x27;127.0.0.1&#x27;,
E          &#x27;location&#x27;: None,
E          &#x27;metadata&#x27;: {},
E          &#x27;risk_score&#x27;: 0,
E          &#x27;status&#x27;: &#x27;success&#x27;,
E          &#x27;user&#x27;: &lt;User: testuser_uptvnd (Client)&gt;,
E          &#x27;user_agent&#x27;: &#x27;python-requests/2.32.4&#x27;}</pre></td>
E                           </tr>
E                         
E                           <tr>
E                             <td>obj</td>
E                             <td class="code"><pre>&lt;AuditLog: [2025-07-14 11:43:35.686208+00:00] testuser_uptvnd (Client) - login (success)&gt;</pre></td>
E                           </tr>
E                         
E                           <tr>
E                             <td>reverse_one_to_one_fields</td>
E                             <td class="code"><pre>frozenset()</pre></td>
E                           </tr>
E                         
E                           <tr>
E                             <td>self</td>
E                             <td class="code"><pre>&lt;QuerySet [&lt;AuditLog: [2025-07-14 11:20:26.143987+00:00] None - login (failure)&gt;, &lt;AuditLog: [2025-07-14 11:20:26.172163+00:00] None - login (failure)&gt;, &lt;AuditLog: [2025-07-14 11:20:26.440678+00:00] None - login (failure)&gt;, &lt;AuditLog: [2025-07-14 11:20:26.472641+00:00] None - login (failure)&gt;, &lt;AuditLog: [2025-07-14 11:20:42.818165+00:00] None - login (failure)&gt;, &lt;AuditLog: [2025-07-14 11:20:42.834927+00:00] None - login (failure)&gt;, &lt;AuditLog: [2025-07-14 11:20:42.840926+00:00] None - login (failure)&gt;, &lt;AuditLog: [2025-07-14 11:20:42.849907+00:00] None - login (failure)&gt;, &lt;AuditLog: [2025-07-14 11:20:42.855760+00:00] None - login (failure)&gt;, &lt;AuditLog: [2025-07-14 11:20:42.866003+00:00] None - login (failure)&gt;, &lt;AuditLog: [2025-07-14 11:20:42.871786+00:00] None - login (failure)&gt;, &lt;AuditLog: [2025-07-14 11:20:42.878738+00:00] None - login (failure)&gt;, &lt;AuditLog: [2025-07-14 11:20:42.887097+00:00] None - login (failure)&gt;, &lt;AuditLog: [2025-07-14 11:20:42.933562+00:00] None - login (failure)&gt;, &lt;AuditLog: [2025-07-14 11:20:42.948908+00:00] None - login (failure)&gt;, &lt;AuditLog: [2025-07-14 11:20:42.955057+00:00] None - login (failure)&gt;, &lt;AuditLog: [2025-07-14 11:20:43.030569+00:00] None - login (failure)&gt;, &lt;AuditLog: [2025-07-14 11:20:43.035801+00:00] None - login (failure)&gt;, &lt;AuditLog: [2025-07-14 11:20:43.041067+00:00] None - login (failure)&gt;, &lt;AuditLog: [2025-07-14 11:20:43.057293+00:00] None - login (failure)&gt;, &#x27;...(remaining elements truncated)...&#x27;]&gt;</pre></td>
E                           </tr>
E                         
E                       </tbody>
E                     </table>
E                     </details>
E                   
E                 </li>
E               
E                 
E                 <li class="frame django">
E                   
E                     <code class="fname">/Users/mohamedbechirdiarra/Downloads/prototypeGamma/Backend/venv/lib/python3.13/site-packages/django/db/models/base.py</code>, line 902, in save
E                   
E         
E                   
E                     <div class="context" id="c4436866048">
E                       
E                         <ol start="895" class="pre-context" id="pre4436866048">
E                         
E                           <li onclick="toggle('pre4436866048', 'post4436866048')"><pre>            for field in self._meta.concrete_fields:</pre></li>
E                         
E                           <li onclick="toggle('pre4436866048', 'post4436866048')"><pre>                if field not in pk_fields and not hasattr(field, &quot;through&quot;):</pre></li>
E                         
E                           <li onclick="toggle('pre4436866048', 'post4436866048')"><pre>                    field_names.add(field.attname)</pre></li>
E                         
E                           <li onclick="toggle('pre4436866048', 'post4436866048')"><pre>            loaded_fields = field_names.difference(deferred_non_generated_fields)</pre></li>
E                         
E                           <li onclick="toggle('pre4436866048', 'post4436866048')"><pre>            if loaded_fields:</pre></li>
E                         
E                           <li onclick="toggle('pre4436866048', 'post4436866048')"><pre>                update_fields = frozenset(loaded_fields)</pre></li>
E                         
E                           <li onclick="toggle('pre4436866048', 'post4436866048')"><pre></pre></li>
E                         
E                         </ol>
E                       
E                       <ol start="902" class="context-line">
E                         <li onclick="toggle('pre4436866048', 'post4436866048')"><pre>        self.save_base(
E                      ^</pre> <span>…</span></li>
E                       </ol>
E                       
E                         <ol start='903' class="post-context" id="post4436866048">
E                           
E                           <li onclick="toggle('pre4436866048', 'post4436866048')"><pre>            using=using,</pre></li>
E                           
E                           <li onclick="toggle('pre4436866048', 'post4436866048')"><pre>            force_insert=force_insert,</pre></li>
E                           
E                           <li onclick="toggle('pre4436866048', 'post4436866048')"><pre>            force_update=force_update,</pre></li>
E                           
E                           <li onclick="toggle('pre4436866048', 'post4436866048')"><pre>            update_fields=update_fields,</pre></li>
E                           
E                           <li onclick="toggle('pre4436866048', 'post4436866048')"><pre>        )</pre></li>
E                           
E                           <li onclick="toggle('pre4436866048', 'post4436866048')"><pre></pre></li>
E                           
E                       </ol>
E                       
E                     </div>
E                   
E         
E                   
E                     
E                       <details>
E                         <summary class="commands">Local vars</summary>
E                     
E                     <table class="vars" id="v4436866048">
E                       <thead>
E                         <tr>
E                           <th scope="col">Variable</th>
E                           <th scope="col">Value</th>
E                         </tr>
E                       </thead>
E                       <tbody>
E                         
E                           <tr>
E                             <td>args</td>
E                             <td class="code"><pre>()</pre></td>
E                           </tr>
E                         
E                           <tr>
E                             <td>deferred_non_generated_fields</td>
E                             <td class="code"><pre>set()</pre></td>
E                           </tr>
E                         
E                           <tr>
E                             <td>force_insert</td>
E                             <td class="code"><pre>True</pre></td>
E                           </tr>
E                         
E                           <tr>
E                             <td>force_update</td>
E                             <td class="code"><pre>False</pre></td>
E                           </tr>
E                         
E                           <tr>
E                             <td>self</td>
E                             <td class="code"><pre>&lt;AuditLog: [2025-07-14 11:43:35.686208+00:00] testuser_uptvnd (Client) - login (success)&gt;</pre></td>
E                           </tr>
E                         
E                           <tr>
E                             <td>update_fields</td>
E                             <td class="code"><pre>None</pre></td>
E                           </tr>
E                         
E                           <tr>
E                             <td>using</td>
E                             <td class="code"><pre>&#x27;default&#x27;</pre></td>
E                           </tr>
E                         
E                       </tbody>
E                     </table>
E                     </details>
E                   
E                 </li>
E               
E                 
E                 <li class="frame django">
E                   
E                     <code class="fname">/Users/mohamedbechirdiarra/Downloads/prototypeGamma/Backend/venv/lib/python3.13/site-packages/django/db/models/base.py</code>, line 1008, in save_base
E                   
E         
E                   
E                     <div class="context" id="c4436857984">
E                       
E                         <ol start="1001" class="pre-context" id="pre4436857984">
E                         
E                           <li onclick="toggle('pre4436857984', 'post4436857984')"><pre>            parent_inserted = False</pre></li>
E                         
E                           <li onclick="toggle('pre4436857984', 'post4436857984')"><pre>            if not raw:</pre></li>
E                         
E                           <li onclick="toggle('pre4436857984', 'post4436857984')"><pre>                # Validate force insert only when parents are inserted.</pre></li>
E                         
E                           <li onclick="toggle('pre4436857984', 'post4436857984')"><pre>                force_insert = self._validate_force_insert(force_insert)</pre></li>
E                         
E                           <li onclick="toggle('pre4436857984', 'post4436857984')"><pre>                parent_inserted = self._save_parents(</pre></li>
E                         
E                           <li onclick="toggle('pre4436857984', 'post4436857984')"><pre>                    cls, using, update_fields, force_insert</pre></li>
E                         
E                           <li onclick="toggle('pre4436857984', 'post4436857984')"><pre>                )</pre></li>
E                         
E                         </ol>
E                       
E                       <ol start="1008" class="context-line">
E                         <li onclick="toggle('pre4436857984', 'post4436857984')"><pre>            updated = self._save_table(
E                                     </pre> <span>…</span></li>
E                       </ol>
E                       
E                         <ol start='1009' class="post-context" id="post4436857984">
E                           
E                           <li onclick="toggle('pre4436857984', 'post4436857984')"><pre>                raw,</pre></li>
E                           
E                           <li onclick="toggle('pre4436857984', 'post4436857984')"><pre>                cls,</pre></li>
E                           
E                           <li onclick="toggle('pre4436857984', 'post4436857984')"><pre>                force_insert or parent_inserted,</pre></li>
E                           
E                           <li onclick="toggle('pre4436857984', 'post4436857984')"><pre>                force_update,</pre></li>
E                           
E                           <li onclick="toggle('pre4436857984', 'post4436857984')"><pre>                using,</pre></li>
E                           
E                           <li onclick="toggle('pre4436857984', 'post4436857984')"><pre>                update_fields,</pre></li>
E                           
E                       </ol>
E                       
E                     </div>
E                   
E         
E                   
E                     
E                       <details>
E                         <summary class="commands">Local vars</summary>
E                     
E                     <table class="vars" id="v4436857984">
E                       <thead>
E                         <tr>
E                           <th scope="col">Variable</th>
E                           <th scope="col">Value</th>
E                         </tr>
E                       </thead>
E                       <tbody>
E                         
E                           <tr>
E                             <td>cls</td>
E                             <td class="code"><pre>&lt;class &#x27;users.models.AuditLog&#x27;&gt;</pre></td>
E                           </tr>
E                         
E                           <tr>
E                             <td>context_manager</td>
E                             <td class="code"><pre>&lt;contextlib._GeneratorContextManager object at 0x108875400&gt;</pre></td>
E                           </tr>
E                         
E                           <tr>
E                             <td>force_insert</td>
E                             <td class="code"><pre>(&lt;class &#x27;users.models.AuditLog&#x27;&gt;,)</pre></td>
E                           </tr>
E                         
E                           <tr>
E                             <td>force_update</td>
E                             <td class="code"><pre>False</pre></td>
E                           </tr>
E                         
E                           <tr>
E                             <td>meta</td>
E                             <td class="code"><pre>&lt;Options for AuditLog&gt;</pre></td>
E                           </tr>
E                         
E                           <tr>
E                             <td>origin</td>
E                             <td class="code"><pre>&lt;class &#x27;users.models.AuditLog&#x27;&gt;</pre></td>
E                           </tr>
E                         
E                           <tr>
E                             <td>parent_inserted</td>
E                             <td class="code"><pre>False</pre></td>
E                           </tr>
E                         
E                           <tr>
E                             <td>raw</td>
E                             <td class="code"><pre>False</pre></td>
E                           </tr>
E                         
E                           <tr>
E                             <td>self</td>
E                             <td class="code"><pre>&lt;AuditLog: [2025-07-14 11:43:35.686208+00:00] testuser_uptvnd (Client) - login (success)&gt;</pre></td>
E                           </tr>
E                         
E                           <tr>
E                             <td>update_fields</td>
E                             <td class="code"><pre>None</pre></td>
E                           </tr>
E                         
E                           <tr>
E                             <td>using</td>
E                             <td class="code"><pre>&#x27;default&#x27;</pre></td>
E                           </tr>
E                         
E                       </tbody>
E                     </table>
E                     </details>
E                   
E                 </li>
E               
E                 
E                 <li class="frame django">
E                   
E                     <code class="fname">/Users/mohamedbechirdiarra/Downloads/prototypeGamma/Backend/venv/lib/python3.13/site-packages/django/db/models/base.py</code>, line 1169, in _save_table
E                   
E         
E                   
E                     <div class="context" id="c4436859008">
E                       
E                         <ol start="1162" class="pre-context" id="pre4436859008">
E                         
E                           <li onclick="toggle('pre4436859008', 'post4436859008')"><pre>                )</pre></li>
E                         
E                           <li onclick="toggle('pre4436859008', 'post4436859008')"><pre>            fields = [</pre></li>
E                         
E                           <li onclick="toggle('pre4436859008', 'post4436859008')"><pre>                f</pre></li>
E                         
E                           <li onclick="toggle('pre4436859008', 'post4436859008')"><pre>                for f in meta.local_concrete_fields</pre></li>
E                         
E                           <li onclick="toggle('pre4436859008', 'post4436859008')"><pre>                if not f.generated and (pk_set or f is not meta.auto_field)</pre></li>
E                         
E                           <li onclick="toggle('pre4436859008', 'post4436859008')"><pre>            ]</pre></li>
E                         
E                           <li onclick="toggle('pre4436859008', 'post4436859008')"><pre>            returning_fields = meta.db_returning_fields</pre></li>
E                         
E                         </ol>
E                       
E                       <ol start="1169" class="context-line">
E                         <li onclick="toggle('pre4436859008', 'post4436859008')"><pre>            results = self._do_insert(
E                                     </pre> <span>…</span></li>
E                       </ol>
E                       
E                         <ol start='1170' class="post-context" id="post4436859008">
E                           
E                           <li onclick="toggle('pre4436859008', 'post4436859008')"><pre>                cls._base_manager, using, fields, returning_fields, raw</pre></li>
E                           
E                           <li onclick="toggle('pre4436859008', 'post4436859008')"><pre>            )</pre></li>
E                           
E                           <li onclick="toggle('pre4436859008', 'post4436859008')"><pre>            if results:</pre></li>
E                           
E                           <li onclick="toggle('pre4436859008', 'post4436859008')"><pre>                for value, field in zip(results[0], returning_fields):</pre></li>
E                           
E                           <li onclick="toggle('pre4436859008', 'post4436859008')"><pre>                    setattr(self, field.attname, value)</pre></li>
E                           
E                           <li onclick="toggle('pre4436859008', 'post4436859008')"><pre>        return updated</pre></li>
E                           
E                       </ol>
E                       
E                     </div>
E                   
E         
E                   
E                     
E                       <details>
E                         <summary class="commands">Local vars</summary>
E                     
E                     <table class="vars" id="v4436859008">
E                       <thead>
E                         <tr>
E                           <th scope="col">Variable</th>
E                           <th scope="col">Value</th>
E                         </tr>
E                       </thead>
E                       <tbody>
E                         
E                           <tr>
E                             <td>cls</td>
E                             <td class="code"><pre>&lt;class &#x27;users.models.AuditLog&#x27;&gt;</pre></td>
E                           </tr>
E                         
E                           <tr>
E                             <td>fields</td>
E                             <td class="code"><pre>[&lt;django.db.models.fields.related.ForeignKey: user&gt;,
E          &lt;django.db.models.fields.GenericIPAddressField: ip_address&gt;,
E          &lt;django.db.models.fields.TextField: user_agent&gt;,
E          &lt;django.db.models.fields.CharField: event_type&gt;,
E          &lt;django.db.models.fields.CharField: status&gt;,
E          &lt;django.db.models.fields.DateTimeField: timestamp&gt;,
E          &lt;django.db.models.fields.CharField: geo_country&gt;,
E          &lt;django.db.models.fields.CharField: geo_city&gt;,
E          &lt;django.db.models.fields.CharField: location&gt;,
E          &lt;django.db.models.fields.PositiveSmallIntegerField: risk_score&gt;,
E          &lt;django.db.models.fields.json.JSONField: metadata&gt;]</pre></td>
E                           </tr>
E                         
E                           <tr>
E                             <td>force_insert</td>
E                             <td class="code"><pre>(&lt;class &#x27;users.models.AuditLog&#x27;&gt;,)</pre></td>
E                           </tr>
E                         
E                           <tr>
E                             <td>force_update</td>
E                             <td class="code"><pre>False</pre></td>
E                           </tr>
E                         
E                           <tr>
E                             <td>meta</td>
E                             <td class="code"><pre>&lt;Options for AuditLog&gt;</pre></td>
E                           </tr>
E                         
E                           <tr>
E                             <td>non_pks_non_generated</td>
E                             <td class="code"><pre>[&lt;django.db.models.fields.related.ForeignKey: user&gt;,
E          &lt;django.db.models.fields.GenericIPAddressField: ip_address&gt;,
E          &lt;django.db.models.fields.TextField: user_agent&gt;,
E          &lt;django.db.models.fields.CharField: event_type&gt;,
E          &lt;django.db.models.fields.CharField: status&gt;,
E          &lt;django.db.models.fields.DateTimeField: timestamp&gt;,
E          &lt;django.db.models.fields.CharField: geo_country&gt;,
E          &lt;django.db.models.fields.CharField: geo_city&gt;,
E          &lt;django.db.models.fields.CharField: location&gt;,
E          &lt;django.db.models.fields.PositiveSmallIntegerField: risk_score&gt;,
E          &lt;django.db.models.fields.json.JSONField: metadata&gt;]</pre></td>
E                           </tr>
E                         
E                           <tr>
E                             <td>pk_fields</td>
E                             <td class="code"><pre>[&lt;django.db.models.fields.BigAutoField: id&gt;]</pre></td>
E                           </tr>
E                         
E                           <tr>
E                             <td>pk_set</td>
E                             <td class="code"><pre>False</pre></td>
E                           </tr>
E                         
E                           <tr>
E                             <td>pk_val</td>
E                             <td class="code"><pre>None</pre></td>
E                           </tr>
E                         
E                           <tr>
E                             <td>raw</td>
E                             <td class="code"><pre>False</pre></td>
E                           </tr>
E                         
E                           <tr>
E                             <td>returning_fields</td>
E                             <td class="code"><pre>[&lt;django.db.models.fields.BigAutoField: id&gt;]</pre></td>
E                           </tr>
E                         
E                           <tr>
E                             <td>self</td>
E                             <td class="code"><pre>&lt;AuditLog: [2025-07-14 11:43:35.686208+00:00] testuser_uptvnd (Client) - login (success)&gt;</pre></td>
E                           </tr>
E                         
E                           <tr>
E                             <td>update_fields</td>
E                             <td class="code"><pre>None</pre></td>
E                           </tr>
E                         
E                           <tr>
E                             <td>updated</td>
E                             <td class="code"><pre>False</pre></td>
E                           </tr>
E                         
E                           <tr>
E                             <td>using</td>
E                             <td class="code"><pre>&#x27;default&#x27;</pre></td>
E                           </tr>
E                         
E                       </tbody>
E                     </table>
E                     </details>
E                   
E                 </li>
E               
E                 
E                 <li class="frame django">
E                   
E                     <code class="fname">/Users/mohamedbechirdiarra/Downloads/prototypeGamma/Backend/venv/lib/python3.13/site-packages/django/db/models/base.py</code>, line 1210, in _do_insert
E                   
E         
E                   
E                     <div class="context" id="c4436858816">
E                       
E                         <ol start="1203" class="pre-context" id="pre4436858816">
E                         
E                           <li onclick="toggle('pre4436858816', 'post4436858816')"><pre>        return filtered._update(values) &gt; 0</pre></li>
E                         
E                           <li onclick="toggle('pre4436858816', 'post4436858816')"><pre></pre></li>
E                         
E                           <li onclick="toggle('pre4436858816', 'post4436858816')"><pre>    def _do_insert(self, manager, using, fields, returning_fields, raw):</pre></li>
E                         
E                           <li onclick="toggle('pre4436858816', 'post4436858816')"><pre>        &quot;&quot;&quot;</pre></li>
E                         
E                           <li onclick="toggle('pre4436858816', 'post4436858816')"><pre>        Do an INSERT. If returning_fields is defined then this method should</pre></li>
E                         
E                           <li onclick="toggle('pre4436858816', 'post4436858816')"><pre>        return the newly created data for the model.</pre></li>
E                         
E                           <li onclick="toggle('pre4436858816', 'post4436858816')"><pre>        &quot;&quot;&quot;</pre></li>
E                         
E                         </ol>
E                       
E                       <ol start="1210" class="context-line">
E                         <li onclick="toggle('pre4436858816', 'post4436858816')"><pre>        return manager._insert(
E                              </pre> <span>…</span></li>
E                       </ol>
E                       
E                         <ol start='1211' class="post-context" id="post4436858816">
E                           
E                           <li onclick="toggle('pre4436858816', 'post4436858816')"><pre>            [self],</pre></li>
E                           
E                           <li onclick="toggle('pre4436858816', 'post4436858816')"><pre>            fields=fields,</pre></li>
E                           
E                           <li onclick="toggle('pre4436858816', 'post4436858816')"><pre>            returning_fields=returning_fields,</pre></li>
E                           
E                           <li onclick="toggle('pre4436858816', 'post4436858816')"><pre>            using=using,</pre></li>
E                           
E                           <li onclick="toggle('pre4436858816', 'post4436858816')"><pre>            raw=raw,</pre></li>
E                           
E                           <li onclick="toggle('pre4436858816', 'post4436858816')"><pre>        )</pre></li>
E                           
E                       </ol>
E                       
E                     </div>
E                   
E         
E                   
E                     
E                       <details>
E                         <summary class="commands">Local vars</summary>
E                     
E                     <table class="vars" id="v4436858816">
E                       <thead>
E                         <tr>
E                           <th scope="col">Variable</th>
E                           <th scope="col">Value</th>
E                         </tr>
E                       </thead>
E                       <tbody>
E                         
E                           <tr>
E                             <td>fields</td>
E                             <td class="code"><pre>[&lt;django.db.models.fields.related.ForeignKey: user&gt;,
E          &lt;django.db.models.fields.GenericIPAddressField: ip_address&gt;,
E          &lt;django.db.models.fields.TextField: user_agent&gt;,
E          &lt;django.db.models.fields.CharField: event_type&gt;,
E          &lt;django.db.models.fields.CharField: status&gt;,
E          &lt;django.db.models.fields.DateTimeField: timestamp&gt;,
E          &lt;django.db.models.fields.CharField: geo_country&gt;,
E          &lt;django.db.models.fields.CharField: geo_city&gt;,
E          &lt;django.db.models.fields.CharField: location&gt;,
E          &lt;django.db.models.fields.PositiveSmallIntegerField: risk_score&gt;,
E          &lt;django.db.models.fields.json.JSONField: metadata&gt;]</pre></td>
E                           </tr>
E                         
E                           <tr>
E                             <td>manager</td>
E                             <td class="code"><pre>&lt;django.db.models.manager.Manager object at 0x108454b50&gt;</pre></td>
E                           </tr>
E                         
E                           <tr>
E                             <td>raw</td>
E                             <td class="code"><pre>False</pre></td>
E                           </tr>
E                         
E                           <tr>
E                             <td>returning_fields</td>
E                             <td class="code"><pre>[&lt;django.db.models.fields.BigAutoField: id&gt;]</pre></td>
E                           </tr>
E                         
E                           <tr>
E                             <td>self</td>
E                             <td class="code"><pre>&lt;AuditLog: [2025-07-14 11:43:35.686208+00:00] testuser_uptvnd (Client) - login (success)&gt;</pre></td>
E                           </tr>
E                         
E                           <tr>
E                             <td>using</td>
E                             <td class="code"><pre>&#x27;default&#x27;</pre></td>
E                           </tr>
E                         
E                       </tbody>
E                     </table>
E                     </details>
E                   
E                 </li>
E               
E                 
E                 <li class="frame django">
E                   
E                     <code class="fname">/Users/mohamedbechirdiarra/Downloads/prototypeGamma/Backend/venv/lib/python3.13/site-packages/django/db/models/manager.py</code>, line 87, in manager_method
E                   
E         
E                   
E                     <div class="context" id="c4436866112">
E                       
E                         <ol start="80" class="pre-context" id="pre4436866112">
E                         
E                           <li onclick="toggle('pre4436866112', 'post4436866112')"><pre>        return []</pre></li>
E                         
E                           <li onclick="toggle('pre4436866112', 'post4436866112')"><pre></pre></li>
E                         
E                           <li onclick="toggle('pre4436866112', 'post4436866112')"><pre>    @classmethod</pre></li>
E                         
E                           <li onclick="toggle('pre4436866112', 'post4436866112')"><pre>    def _get_queryset_methods(cls, queryset_class):</pre></li>
E                         
E                           <li onclick="toggle('pre4436866112', 'post4436866112')"><pre>        def create_method(name, method):</pre></li>
E                         
E                           <li onclick="toggle('pre4436866112', 'post4436866112')"><pre>            @wraps(method)</pre></li>
E                         
E                           <li onclick="toggle('pre4436866112', 'post4436866112')"><pre>            def manager_method(self, *args, **kwargs):</pre></li>
E                         
E                         </ol>
E                       
E                       <ol start="87" class="context-line">
E                         <li onclick="toggle('pre4436866112', 'post4436866112')"><pre>                return getattr(self.get_queryset(), name)(*args, **kwargs)
E                                    ^^^^^^^^^^^^^^^^^^^^^^^^^^^^^^^^^^^^^^^^^^^^^^^^^^^</pre> <span>…</span></li>
E                       </ol>
E                       
E                         <ol start='88' class="post-context" id="post4436866112">
E                           
E                           <li onclick="toggle('pre4436866112', 'post4436866112')"><pre></pre></li>
E                           
E                           <li onclick="toggle('pre4436866112', 'post4436866112')"><pre>            return manager_method</pre></li>
E                           
E                           <li onclick="toggle('pre4436866112', 'post4436866112')"><pre></pre></li>
E                           
E                           <li onclick="toggle('pre4436866112', 'post4436866112')"><pre>        new_methods = {}</pre></li>
E                           
E                           <li onclick="toggle('pre4436866112', 'post4436866112')"><pre>        for name, method in inspect.getmembers(</pre></li>
E                           
E                           <li onclick="toggle('pre4436866112', 'post4436866112')"><pre>            queryset_class, predicate=inspect.isfunction</pre></li>
E                           
E                       </ol>
E                       
E                     </div>
E                   
E         
E                   
E                     
E                       <details>
E                         <summary class="commands">Local vars</summary>
E                     
E                     <table class="vars" id="v4436866112">
E                       <thead>
E                         <tr>
E                           <th scope="col">Variable</th>
E                           <th scope="col">Value</th>
E                         </tr>
E                       </thead>
E                       <tbody>
E                         
E                           <tr>
E                             <td>args</td>
E                             <td class="code"><pre>([&lt;AuditLog: [2025-07-14 11:43:35.686208+00:00] testuser_uptvnd (Client) - login (success)&gt;],)</pre></td>
E                           </tr>
E                         
E                           <tr>
E                             <td>kwargs</td>
E                             <td class="code"><pre>{&#x27;fields&#x27;: [&lt;django.db.models.fields.related.ForeignKey: user&gt;,
E                     &lt;django.db.models.fields.GenericIPAddressField: ip_address&gt;,
E                     &lt;django.db.models.fields.TextField: user_agent&gt;,
E                     &lt;django.db.models.fields.CharField: event_type&gt;,
E                     &lt;django.db.models.fields.CharField: status&gt;,
E                     &lt;django.db.models.fields.DateTimeField: timestamp&gt;,
E                     &lt;django.db.models.fields.CharField: geo_country&gt;,
E                     &lt;django.db.models.fields.CharField: geo_city&gt;,
E                     &lt;django.db.models.fields.CharField: location&gt;,
E                     &lt;django.db.models.fields.PositiveSmallIntegerField: risk_score&gt;,
E                     &lt;django.db.models.fields.json.JSONField: metadata&gt;],
E          &#x27;raw&#x27;: False,
E          &#x27;returning_fields&#x27;: [&lt;django.db.models.fields.BigAutoField: id&gt;],
E          &#x27;using&#x27;: &#x27;default&#x27;}</pre></td>
E                           </tr>
E                         
E                           <tr>
E                             <td>name</td>
E                             <td class="code"><pre>&#x27;_insert&#x27;</pre></td>
E                           </tr>
E                         
E                           <tr>
E                             <td>self</td>
E                             <td class="code"><pre>&lt;django.db.models.manager.Manager object at 0x108454b50&gt;</pre></td>
E                           </tr>
E                         
E                       </tbody>
E                     </table>
E                     </details>
E                   
E                 </li>
E               
E                 
E                 <li class="frame django">
E                   
E                     <code class="fname">/Users/mohamedbechirdiarra/Downloads/prototypeGamma/Backend/venv/lib/python3.13/site-packages/django/db/models/query.py</code>, line 1868, in _insert
E                   
E         
E                   
E                     <div class="context" id="c4436867392">
E                       
E                         <ol start="1861" class="pre-context" id="pre4436867392">
E                         
E                           <li onclick="toggle('pre4436867392', 'post4436867392')"><pre>        query = sql.InsertQuery(</pre></li>
E                         
E                           <li onclick="toggle('pre4436867392', 'post4436867392')"><pre>            self.model,</pre></li>
E                         
E                           <li onclick="toggle('pre4436867392', 'post4436867392')"><pre>            on_conflict=on_conflict,</pre></li>
E                         
E                           <li onclick="toggle('pre4436867392', 'post4436867392')"><pre>            update_fields=update_fields,</pre></li>
E                         
E                           <li onclick="toggle('pre4436867392', 'post4436867392')"><pre>            unique_fields=unique_fields,</pre></li>
E                         
E                           <li onclick="toggle('pre4436867392', 'post4436867392')"><pre>        )</pre></li>
E                         
E                           <li onclick="toggle('pre4436867392', 'post4436867392')"><pre>        query.insert_values(fields, objs, raw=raw)</pre></li>
E                         
E                         </ol>
E                       
E                       <ol start="1868" class="context-line">
E                         <li onclick="toggle('pre4436867392', 'post4436867392')"><pre>        return query.get_compiler(using=using).execute_sql(returning_fields)
E                              ^^^^^^^^^^^^^^^^^^^^^^^^^^^^^^^^^^^^^^^^^^^^^^^^^^^^^^^^^^^^^</pre> <span>…</span></li>
E                       </ol>
E                       
E                         <ol start='1869' class="post-context" id="post4436867392">
E                           
E                           <li onclick="toggle('pre4436867392', 'post4436867392')"><pre></pre></li>
E                           
E                           <li onclick="toggle('pre4436867392', 'post4436867392')"><pre>    _insert.alters_data = True</pre></li>
E                           
E                           <li onclick="toggle('pre4436867392', 'post4436867392')"><pre>    _insert.queryset_only = False</pre></li>
E                           
E                           <li onclick="toggle('pre4436867392', 'post4436867392')"><pre></pre></li>
E                           
E                           <li onclick="toggle('pre4436867392', 'post4436867392')"><pre>    def _batched_insert(</pre></li>
E                           
E                           <li onclick="toggle('pre4436867392', 'post4436867392')"><pre>        self,</pre></li>
E                           
E                       </ol>
E                       
E                     </div>
E                   
E         
E                   
E                     
E                       <details>
E                         <summary class="commands">Local vars</summary>
E                     
E                     <table class="vars" id="v4436867392">
E                       <thead>
E                         <tr>
E                           <th scope="col">Variable</th>
E                           <th scope="col">Value</th>
E                         </tr>
E                       </thead>
E                       <tbody>
E                         
E                           <tr>
E                             <td>fields</td>
E                             <td class="code"><pre>[&lt;django.db.models.fields.related.ForeignKey: user&gt;,
E          &lt;django.db.models.fields.GenericIPAddressField: ip_address&gt;,
E          &lt;django.db.models.fields.TextField: user_agent&gt;,
E          &lt;django.db.models.fields.CharField: event_type&gt;,
E          &lt;django.db.models.fields.CharField: status&gt;,
E          &lt;django.db.models.fields.DateTimeField: timestamp&gt;,
E          &lt;django.db.models.fields.CharField: geo_country&gt;,
E          &lt;django.db.models.fields.CharField: geo_city&gt;,
E          &lt;django.db.models.fields.CharField: location&gt;,
E          &lt;django.db.models.fields.PositiveSmallIntegerField: risk_score&gt;,
E          &lt;django.db.models.fields.json.JSONField: metadata&gt;]</pre></td>
E                           </tr>
E                         
E                           <tr>
E                             <td>objs</td>
E                             <td class="code"><pre>[&lt;AuditLog: [2025-07-14 11:43:35.686208+00:00] testuser_uptvnd (Client) - login (success)&gt;]</pre></td>
E                           </tr>
E                         
E                           <tr>
E                             <td>on_conflict</td>
E                             <td class="code"><pre>None</pre></td>
E                           </tr>
E                         
E                           <tr>
E                             <td>query</td>
E                             <td class="code"><pre>&lt;django.db.models.sql.subqueries.InsertQuery object at 0x1087df690&gt;</pre></td>
E                           </tr>
E                         
E                           <tr>
E                             <td>raw</td>
E                             <td class="code"><pre>False</pre></td>
E                           </tr>
E                         
E                           <tr>
E                             <td>returning_fields</td>
E                             <td class="code"><pre>[&lt;django.db.models.fields.BigAutoField: id&gt;]</pre></td>
E                           </tr>
E                         
E                           <tr>
E                             <td>self</td>
E                             <td class="code"><pre>&lt;QuerySet [&lt;AuditLog: [2025-07-14 11:20:26.143987+00:00] None - login (failure)&gt;, &lt;AuditLog: [2025-07-14 11:20:26.172163+00:00] None - login (failure)&gt;, &lt;AuditLog: [2025-07-14 11:20:26.440678+00:00] None - login (failure)&gt;, &lt;AuditLog: [2025-07-14 11:20:26.472641+00:00] None - login (failure)&gt;, &lt;AuditLog: [2025-07-14 11:20:42.818165+00:00] None - login (failure)&gt;, &lt;AuditLog: [2025-07-14 11:20:42.834927+00:00] None - login (failure)&gt;, &lt;AuditLog: [2025-07-14 11:20:42.840926+00:00] None - login (failure)&gt;, &lt;AuditLog: [2025-07-14 11:20:42.849907+00:00] None - login (failure)&gt;, &lt;AuditLog: [2025-07-14 11:20:42.855760+00:00] None - login (failure)&gt;, &lt;AuditLog: [2025-07-14 11:20:42.866003+00:00] None - login (failure)&gt;, &lt;AuditLog: [2025-07-14 11:20:42.871786+00:00] None - login (failure)&gt;, &lt;AuditLog: [2025-07-14 11:20:42.878738+00:00] None - login (failure)&gt;, &lt;AuditLog: [2025-07-14 11:20:42.887097+00:00] None - login (failure)&gt;, &lt;AuditLog: [2025-07-14 11:20:42.933562+00:00] None - login (failure)&gt;, &lt;AuditLog: [2025-07-14 11:20:42.948908+00:00] None - login (failure)&gt;, &lt;AuditLog: [2025-07-14 11:20:42.955057+00:00] None - login (failure)&gt;, &lt;AuditLog: [2025-07-14 11:20:43.030569+00:00] None - login (failure)&gt;, &lt;AuditLog: [2025-07-14 11:20:43.035801+00:00] None - login (failure)&gt;, &lt;AuditLog: [2025-07-14 11:20:43.041067+00:00] None - login (failure)&gt;, &lt;AuditLog: [2025-07-14 11:20:43.057293+00:00] None - login (failure)&gt;, &#x27;...(remaining elements truncated)...&#x27;]&gt;</pre></td>
E                           </tr>
E                         
E                           <tr>
E                             <td>unique_fields</td>
E                             <td class="code"><pre>None</pre></td>
E                           </tr>
E                         
E                           <tr>
E                             <td>update_fields</td>
E                             <td class="code"><pre>None</pre></td>
E                           </tr>
E                         
E                           <tr>
E                             <td>using</td>
E                             <td class="code"><pre>&#x27;default&#x27;</pre></td>
E                           </tr>
E                         
E                       </tbody>
E                     </table>
E                     </details>
E                   
E                 </li>
E               
E                 
E                 <li class="frame django">
E                   
E                     <code class="fname">/Users/mohamedbechirdiarra/Downloads/prototypeGamma/Backend/venv/lib/python3.13/site-packages/django/db/models/sql/compiler.py</code>, line 1894, in execute_sql
E                   
E         
E                   
E                     <div class="context" id="c4436864512">
E                       
E                         <ol start="1887" class="pre-context" id="pre4436864512">
E                         
E                           <li onclick="toggle('pre4436864512', 'post4436864512')"><pre>                and len(self.query.objs) &gt; 1</pre></li>
E                         
E                           <li onclick="toggle('pre4436864512', 'post4436864512')"><pre>            ):</pre></li>
E                         
E                           <li onclick="toggle('pre4436864512', 'post4436864512')"><pre>                rows = self.connection.ops.fetch_returned_insert_rows(cursor)</pre></li>
E                         
E                           <li onclick="toggle('pre4436864512', 'post4436864512')"><pre>                cols = [field.get_col(opts.db_table) for field in self.returning_fields]</pre></li>
E                         
E                           <li onclick="toggle('pre4436864512', 'post4436864512')"><pre>            elif self.connection.features.can_return_columns_from_insert:</pre></li>
E                         
E                           <li onclick="toggle('pre4436864512', 'post4436864512')"><pre>                assert len(self.query.objs) == 1</pre></li>
E                         
E                           <li onclick="toggle('pre4436864512', 'post4436864512')"><pre>                rows = [</pre></li>
E                         
E                         </ol>
E                       
E                       <ol start="1894" class="context-line">
E                         <li onclick="toggle('pre4436864512', 'post4436864512')"><pre>                    self.connection.ops.fetch_returned_insert_columns(
E                                   ^</pre> <span>…</span></li>
E                       </ol>
E                       
E                         <ol start='1895' class="post-context" id="post4436864512">
E                           
E                           <li onclick="toggle('pre4436864512', 'post4436864512')"><pre>                        cursor,</pre></li>
E                           
E                           <li onclick="toggle('pre4436864512', 'post4436864512')"><pre>                        self.returning_params,</pre></li>
E                           
E                           <li onclick="toggle('pre4436864512', 'post4436864512')"><pre>                    )</pre></li>
E                           
E                           <li onclick="toggle('pre4436864512', 'post4436864512')"><pre>                ]</pre></li>
E                           
E                           <li onclick="toggle('pre4436864512', 'post4436864512')"><pre>                cols = [field.get_col(opts.db_table) for field in self.returning_fields]</pre></li>
E                           
E                           <li onclick="toggle('pre4436864512', 'post4436864512')"><pre>            elif returning_fields and isinstance(</pre></li>
E                           
E                       </ol>
E                       
E                     </div>
E                   
E         
E                   
E                     
E                       <details>
E                         <summary class="commands">Local vars</summary>
E                     
E                     <table class="vars" id="v4436864512">
E                       <thead>
E                         <tr>
E                           <th scope="col">Variable</th>
E                           <th scope="col">Value</th>
E                         </tr>
E                       </thead>
E                       <tbody>
E                         
E                           <tr>
E                             <td>cols</td>
E                             <td class="code"><pre>[]</pre></td>
E                           </tr>
E                         
E                           <tr>
E                             <td>cursor</td>
E                             <td class="code"><pre>&lt;django.db.backends.utils.CursorDebugWrapper object at 0x10876e750&gt;</pre></td>
E                           </tr>
E                         
E                           <tr>
E                             <td>opts</td>
E                             <td class="code"><pre>&lt;Options for AuditLog&gt;</pre></td>
E                           </tr>
E                         
E                           <tr>
E                             <td>params</td>
E                             <td class="code"><pre>(73,
E          &#x27;127.0.0.1&#x27;,
E          &#x27;python-requests/2.32.4&#x27;,
E          &#x27;login&#x27;,
E          &#x27;success&#x27;,
E          &#x27;2025-07-14 11:43:35.686208&#x27;,
E          &#x27;&#x27;,
E          &#x27;&#x27;,
E          None,
E          0,
E          &#x27;{}&#x27;)</pre></td>
E                           </tr>
E                         
E                           <tr>
E                             <td>returning_fields</td>
E                             <td class="code"><pre>[&lt;django.db.models.fields.BigAutoField: id&gt;]</pre></td>
E                           </tr>
E                         
E                           <tr>
E                             <td>self</td>
E                             <td class="code"><pre>&lt;SQLInsertCompiler model=AuditLog connection=&lt;DatabaseWrapper vendor=&#x27;sqlite&#x27; alias=&#x27;default&#x27;&gt; using=&#x27;default&#x27;&gt;</pre></td>
E                           </tr>
E                         
E                           <tr>
E                             <td>sql</td>
E                             <td class="code"><pre>(&#x27;INSERT INTO &quot;users_auditlog&quot; (&quot;user_id&quot;, &quot;ip_address&quot;, &quot;user_agent&quot;, &#x27;
E          &#x27;&quot;event_type&quot;, &quot;status&quot;, &quot;timestamp&quot;, &quot;geo_country&quot;, &quot;geo_city&quot;, &quot;location&quot;, &#x27;
E          &#x27;&quot;risk_score&quot;, &quot;metadata&quot;) VALUES (%s, %s, %s, %s, %s, %s, %s, %s, %s, %s, &#x27;
E          &#x27;%s) RETURNING &quot;users_auditlog&quot;.&quot;id&quot;&#x27;)</pre></td>
E                           </tr>
E                         
E                       </tbody>
E                     </table>
E                     </details>
E                   
E                 </li>
E               
E                 
E                 <li class="frame django">
E                   
E                     <code class="fname">/Users/mohamedbechirdiarra/Downloads/prototypeGamma/Backend/venv/lib/python3.13/site-packages/django/db/backends/base/operations.py</code>, line 215, in fetch_returned_insert_columns
E                   
E         
E                   
E                     <div class="context" id="c4431243520">
E                       
E                         <ol start="208" class="pre-context" id="pre4431243520">
E                         
E                           <li onclick="toggle('pre4431243520', 'post4431243520')"><pre>            return [&quot;DISTINCT&quot;], []</pre></li>
E                         
E                           <li onclick="toggle('pre4431243520', 'post4431243520')"><pre></pre></li>
E                         
E                           <li onclick="toggle('pre4431243520', 'post4431243520')"><pre>    def fetch_returned_insert_columns(self, cursor, returning_params):</pre></li>
E                         
E                           <li onclick="toggle('pre4431243520', 'post4431243520')"><pre>        &quot;&quot;&quot;</pre></li>
E                         
E                           <li onclick="toggle('pre4431243520', 'post4431243520')"><pre>        Given a cursor object that has just performed an INSERT...RETURNING</pre></li>
E                         
E                           <li onclick="toggle('pre4431243520', 'post4431243520')"><pre>        statement into a table, return the newly created data.</pre></li>
E                         
E                           <li onclick="toggle('pre4431243520', 'post4431243520')"><pre>        &quot;&quot;&quot;</pre></li>
E                         
E                         </ol>
E                       
E                       <ol start="215" class="context-line">
E                         <li onclick="toggle('pre4431243520', 'post4431243520')"><pre>        return cursor.fetchone()
E                             ^^^^^^^^^^^^^^^^^</pre> <span>…</span></li>
E                       </ol>
E                       
E                         <ol start='216' class="post-context" id="post4431243520">
E                           
E                           <li onclick="toggle('pre4431243520', 'post4431243520')"><pre></pre></li>
E                           
E                           <li onclick="toggle('pre4431243520', 'post4431243520')"><pre>    def field_cast_sql(self, db_type, internal_type):</pre></li>
E                           
E                           <li onclick="toggle('pre4431243520', 'post4431243520')"><pre>        &quot;&quot;&quot;</pre></li>
E                           
E                           <li onclick="toggle('pre4431243520', 'post4431243520')"><pre>        Given a column type (e.g. &#x27;BLOB&#x27;, &#x27;VARCHAR&#x27;) and an internal type</pre></li>
E                           
E                           <li onclick="toggle('pre4431243520', 'post4431243520')"><pre>        (e.g. &#x27;GenericIPAddressField&#x27;), return the SQL to cast it before using</pre></li>
E                           
E                           <li onclick="toggle('pre4431243520', 'post4431243520')"><pre>        it in a WHERE statement. The resulting string should contain a &#x27;%s&#x27;</pre></li>
E                           
E                       </ol>
E                       
E                     </div>
E                   
E         
E                   
E                     
E                       <details>
E                         <summary class="commands">Local vars</summary>
E                     
E                     <table class="vars" id="v4431243520">
E                       <thead>
E                         <tr>
E                           <th scope="col">Variable</th>
E                           <th scope="col">Value</th>
E                         </tr>
E                       </thead>
E                       <tbody>
E                         
E                           <tr>
E                             <td>cursor</td>
E                             <td class="code"><pre>&lt;django.db.backends.utils.CursorDebugWrapper object at 0x10876e750&gt;</pre></td>
E                           </tr>
E                         
E                           <tr>
E                             <td>returning_params</td>
E                             <td class="code"><pre>()</pre></td>
E                           </tr>
E                         
E                           <tr>
E                             <td>self</td>
E                             <td class="code"><pre>&lt;django.db.backends.sqlite3.operations.DatabaseOperations object at 0x10876cd10&gt;</pre></td>
E                           </tr>
E                         
E                       </tbody>
E                     </table>
E                     </details>
E                   
E                 </li>
E               
E                 
E                 <li class="frame django">
E                   
E                     <code class="fname">/Users/mohamedbechirdiarra/Downloads/prototypeGamma/Backend/venv/lib/python3.13/site-packages/django/db/utils.py</code>, line 97, in inner
E                   
E         
E                   
E                     <div class="context" id="c4436863488">
E                       
E                         <ol start="90" class="pre-context" id="pre4436863488">
E                         
E                           <li onclick="toggle('pre4436863488', 'post4436863488')"><pre>                    self.wrapper.errors_occurred = True</pre></li>
E                         
E                           <li onclick="toggle('pre4436863488', 'post4436863488')"><pre>                raise dj_exc_value.with_traceback(traceback) from exc_value</pre></li>
E                         
E                           <li onclick="toggle('pre4436863488', 'post4436863488')"><pre></pre></li>
E                         
E                           <li onclick="toggle('pre4436863488', 'post4436863488')"><pre>    def __call__(self, func):</pre></li>
E                         
E                           <li onclick="toggle('pre4436863488', 'post4436863488')"><pre>        # Note that we are intentionally not using @wraps here for performance</pre></li>
E                         
E                           <li onclick="toggle('pre4436863488', 'post4436863488')"><pre>        # reasons. Refs #21109.</pre></li>
E                         
E                           <li onclick="toggle('pre4436863488', 'post4436863488')"><pre>        def inner(*args, **kwargs):</pre></li>
E                         
E                         </ol>
E                       
E                       <ol start="97" class="context-line">
E                         <li onclick="toggle('pre4436863488', 'post4436863488')"><pre>            with self:
E                              ^^^^</pre> <span>…</span></li>
E                       </ol>
E                       
E                         <ol start='98' class="post-context" id="post4436863488">
E                           
E                           <li onclick="toggle('pre4436863488', 'post4436863488')"><pre>                return func(*args, **kwargs)</pre></li>
E                           
E                           <li onclick="toggle('pre4436863488', 'post4436863488')"><pre></pre></li>
E                           
E                           <li onclick="toggle('pre4436863488', 'post4436863488')"><pre>        return inner</pre></li>
E                           
E                           <li onclick="toggle('pre4436863488', 'post4436863488')"><pre></pre></li>
E                           
E                           <li onclick="toggle('pre4436863488', 'post4436863488')"><pre></pre></li>
E                           
E                           <li onclick="toggle('pre4436863488', 'post4436863488')"><pre>def load_backend(backend_name):</pre></li>
E                           
E                       </ol>
E                       
E                     </div>
E                   
E         
E                   
E                     
E                       <details>
E                         <summary class="commands">Local vars</summary>
E                     
E                     <table class="vars" id="v4436863488">
E                       <thead>
E                         <tr>
E                           <th scope="col">Variable</th>
E                           <th scope="col">Value</th>
E                         </tr>
E                       </thead>
E                       <tbody>
E                         
E                           <tr>
E                             <td>args</td>
E                             <td class="code"><pre>()</pre></td>
E                           </tr>
E                         
E                           <tr>
E                             <td>func</td>
E                             <td class="code"><pre>&lt;built-in method fetchone of SQLiteCursorWrapper object at 0x107227e30&gt;</pre></td>
E                           </tr>
E                         
E                           <tr>
E                             <td>kwargs</td>
E                             <td class="code"><pre>{}</pre></td>
E                           </tr>
E                         
E                           <tr>
E                             <td>self</td>
E                             <td class="code"><pre>&lt;django.db.utils.DatabaseErrorWrapper object at 0x1088097c0&gt;</pre></td>
E                           </tr>
E                         
E                       </tbody>
E                     </table>
E                     </details>
E                   
E                 </li>
E               
E                 
E                 <li class="frame django">
E                   
E                     <code class="fname">/Users/mohamedbechirdiarra/Downloads/prototypeGamma/Backend/venv/lib/python3.13/site-packages/django/db/utils.py</code>, line 91, in __exit__
E                   
E         
E                   
E                     <div class="context" id="c4436864064">
E                       
E                         <ol start="84" class="pre-context" id="pre4436864064">
E                         
E                           <li onclick="toggle('pre4436864064', 'post4436864064')"><pre>            db_exc_type = getattr(self.wrapper.Database, dj_exc_type.__name__)</pre></li>
E                         
E                           <li onclick="toggle('pre4436864064', 'post4436864064')"><pre>            if issubclass(exc_type, db_exc_type):</pre></li>
E                         
E                           <li onclick="toggle('pre4436864064', 'post4436864064')"><pre>                dj_exc_value = dj_exc_type(*exc_value.args)</pre></li>
E                         
E                           <li onclick="toggle('pre4436864064', 'post4436864064')"><pre>                # Only set the &#x27;errors_occurred&#x27; flag for errors that may make</pre></li>
E                         
E                           <li onclick="toggle('pre4436864064', 'post4436864064')"><pre>                # the connection unusable.</pre></li>
E                         
E                           <li onclick="toggle('pre4436864064', 'post4436864064')"><pre>                if dj_exc_type not in (DataError, IntegrityError):</pre></li>
E                         
E                           <li onclick="toggle('pre4436864064', 'post4436864064')"><pre>                    self.wrapper.errors_occurred = True</pre></li>
E                         
E                         </ol>
E                       
E                       <ol start="91" class="context-line">
E                         <li onclick="toggle('pre4436864064', 'post4436864064')"><pre>                raise dj_exc_value.with_traceback(traceback) from exc_value
E                             ^^^^^^^^^^^^^^^^^^^^^^^^^^^^^^^^^^^^^^^^^^^^^^^^^^^^^^^^^^^</pre> <span>…</span></li>
E                       </ol>
E                       
E                         <ol start='92' class="post-context" id="post4436864064">
E                           
E                           <li onclick="toggle('pre4436864064', 'post4436864064')"><pre></pre></li>
E                           
E                           <li onclick="toggle('pre4436864064', 'post4436864064')"><pre>    def __call__(self, func):</pre></li>
E                           
E                           <li onclick="toggle('pre4436864064', 'post4436864064')"><pre>        # Note that we are intentionally not using @wraps here for performance</pre></li>
E                           
E                           <li onclick="toggle('pre4436864064', 'post4436864064')"><pre>        # reasons. Refs #21109.</pre></li>
E                           
E                           <li onclick="toggle('pre4436864064', 'post4436864064')"><pre>        def inner(*args, **kwargs):</pre></li>
E                           
E                           <li onclick="toggle('pre4436864064', 'post4436864064')"><pre>            with self:</pre></li>
E                           
E                       </ol>
E                       
E                     </div>
E                   
E         
E                   
E                     
E                       <details>
E                         <summary class="commands">Local vars</summary>
E                     
E                     <table class="vars" id="v4436864064">
E                       <thead>
E                         <tr>
E                           <th scope="col">Variable</th>
E                           <th scope="col">Value</th>
E                         </tr>
E                       </thead>
E                       <tbody>
E                         
E                           <tr>
E                             <td>db_exc_type</td>
E                             <td class="code"><pre>&lt;class &#x27;sqlite3.IntegrityError&#x27;&gt;</pre></td>
E                           </tr>
E                         
E                           <tr>
E                             <td>dj_exc_type</td>
E                             <td class="code"><pre>&lt;class &#x27;django.db.utils.IntegrityError&#x27;&gt;</pre></td>
E                           </tr>
E                         
E                           <tr>
E                             <td>dj_exc_value</td>
E                             <td class="code"><pre>IntegrityError(&#x27;FOREIGN KEY constraint failed&#x27;)</pre></td>
E                           </tr>
E                         
E                           <tr>
E                             <td>exc_type</td>
E                             <td class="code"><pre>&lt;class &#x27;sqlite3.IntegrityError&#x27;&gt;</pre></td>
E                           </tr>
E                         
E                           <tr>
E                             <td>exc_value</td>
E                             <td class="code"><pre>IntegrityError(&#x27;FOREIGN KEY constraint failed&#x27;)</pre></td>
E                           </tr>
E                         
E                           <tr>
E                             <td>self</td>
E                             <td class="code"><pre>&lt;django.db.utils.DatabaseErrorWrapper object at 0x1088097c0&gt;</pre></td>
E                           </tr>
E                         
E                           <tr>
E                             <td>traceback</td>
E                             <td class="code"><pre>&lt;traceback object at 0x1081f4b00&gt;</pre></td>
E                           </tr>
E                         
E                       </tbody>
E                     </table>
E                     </details>
E                   
E                 </li>
E               
E                 
E                 <li class="frame django">
E                   
E                     <code class="fname">/Users/mohamedbechirdiarra/Downloads/prototypeGamma/Backend/venv/lib/python3.13/site-packages/django/db/utils.py</code>, line 98, in inner
E                   
E         
E                   
E                     <div class="context" id="c4431235840">
E                       
E                         <ol start="91" class="pre-context" id="pre4431235840">
E                         
E                           <li onclick="toggle('pre4431235840', 'post4431235840')"><pre>                raise dj_exc_value.with_traceback(traceback) from exc_value</pre></li>
E                         
E                           <li onclick="toggle('pre4431235840', 'post4431235840')"><pre></pre></li>
E                         
E                           <li onclick="toggle('pre4431235840', 'post4431235840')"><pre>    def __call__(self, func):</pre></li>
E                         
E                           <li onclick="toggle('pre4431235840', 'post4431235840')"><pre>        # Note that we are intentionally not using @wraps here for performance</pre></li>
E                         
E                           <li onclick="toggle('pre4431235840', 'post4431235840')"><pre>        # reasons. Refs #21109.</pre></li>
E                         
E                           <li onclick="toggle('pre4431235840', 'post4431235840')"><pre>        def inner(*args, **kwargs):</pre></li>
E                         
E                           <li onclick="toggle('pre4431235840', 'post4431235840')"><pre>            with self:</pre></li>
E                         
E                         </ol>
E                       
E                       <ol start="98" class="context-line">
E                         <li onclick="toggle('pre4431235840', 'post4431235840')"><pre>                return func(*args, **kwargs)
E                                    ^^^^^^^^^^^^^^^^^^^^^</pre> <span>…</span></li>
E                       </ol>
E                       
E                         <ol start='99' class="post-context" id="post4431235840">
E                           
E                           <li onclick="toggle('pre4431235840', 'post4431235840')"><pre></pre></li>
E                           
E                           <li onclick="toggle('pre4431235840', 'post4431235840')"><pre>        return inner</pre></li>
E                           
E                           <li onclick="toggle('pre4431235840', 'post4431235840')"><pre></pre></li>
E                           
E                           <li onclick="toggle('pre4431235840', 'post4431235840')"><pre></pre></li>
E                           
E                           <li onclick="toggle('pre4431235840', 'post4431235840')"><pre>def load_backend(backend_name):</pre></li>
E                           
E                           <li onclick="toggle('pre4431235840', 'post4431235840')"><pre>    &quot;&quot;&quot;</pre></li>
E                           
E                       </ol>
E                       
E                     </div>
E                   
E         
E                   
E                     
E                       <details>
E                         <summary class="commands">Local vars</summary>
E                     
E                     <table class="vars" id="v4431235840">
E                       <thead>
E                         <tr>
E                           <th scope="col">Variable</th>
E                           <th scope="col">Value</th>
E                         </tr>
E                       </thead>
E                       <tbody>
E                         
E                           <tr>
E                             <td>args</td>
E                             <td class="code"><pre>()</pre></td>
E                           </tr>
E                         
E                           <tr>
E                             <td>func</td>
E                             <td class="code"><pre>&lt;built-in method fetchone of SQLiteCursorWrapper object at 0x107227e30&gt;</pre></td>
E                           </tr>
E                         
E                           <tr>
E                             <td>kwargs</td>
E                             <td class="code"><pre>{}</pre></td>
E                           </tr>
E                         
E                           <tr>
E                             <td>self</td>
E                             <td class="code"><pre>&lt;django.db.utils.DatabaseErrorWrapper object at 0x1088097c0&gt;</pre></td>
E                           </tr>
E                         
E                       </tbody>
E                     </table>
E                     </details>
E                   
E                 </li>
E               
E             </ul>
E           </div>
E         
E           <form action="https://dpaste.com/" name="pasteform" id="pasteform" method="post">
E           <div id="pastebinTraceback" class="pastebin">
E             <input type="hidden" name="language" value="PythonConsole">
E             <input type="hidden" name="title"
E               value="IntegrityError at /users/login/">
E             <input type="hidden" name="source" value="Django Dpaste Agent">
E             <input type="hidden" name="poster" value="Django">
E             <textarea name="content" id="traceback_area" cols="140" rows="25">
E         Environment:
E         
E         
E         Request Method: POST
E         Request URL: http://127.0.0.1:8000/users/login/
E         
E         Django Version: 5.2.4
E         Python Version: 3.13.5
E         Installed Applications:
E         [&#x27;django.contrib.admin&#x27;,
E          &#x27;django.contrib.auth&#x27;,
E          &#x27;django.contrib.contenttypes&#x27;,
E          &#x27;django.contrib.sessions&#x27;,
E          &#x27;django.contrib.messages&#x27;,
E          &#x27;django.contrib.staticfiles&#x27;,
E          &#x27;rest_framework&#x27;,
E          &#x27;corsheaders&#x27;,
E          &#x27;users&#x27;,
E          &#x27;depannage&#x27;,
E          &#x27;rest_framework_simplejwt&#x27;,
E          &#x27;rest_framework_simplejwt.token_blacklist&#x27;,
E          &#x27;channels&#x27;]
E         Installed Middleware:
E         [&#x27;corsheaders.middleware.CorsMiddleware&#x27;,
E          &#x27;django.middleware.security.SecurityMiddleware&#x27;,
E          &#x27;django.contrib.sessions.middleware.SessionMiddleware&#x27;,
E          &#x27;django.middleware.common.CommonMiddleware&#x27;,
E          &#x27;django.middleware.csrf.CsrfViewMiddleware&#x27;,
E          &#x27;django.contrib.auth.middleware.AuthenticationMiddleware&#x27;,
E          &#x27;django.contrib.messages.middleware.MessageMiddleware&#x27;,
E          &#x27;django.middleware.clickjacking.XFrameOptionsMiddleware&#x27;,
E          &#x27;auth.middleware.JWTSecurityMiddleware&#x27;,
E          &#x27;auth.middleware.TokenValidationMiddleware&#x27;]
E         
E         
E         
E         Traceback (most recent call last):
E           File "/Users/mohamedbechirdiarra/Downloads/prototypeGamma/Backend/venv/lib/python3.13/site-packages/django/db/utils.py", line 98, in inner
E             return func(*args, **kwargs)
E                    ^^^^^^^^^^^^^^^^^^^^^
E         
E         The above exception (FOREIGN KEY constraint failed) was the direct cause of the following exception:
E           File "/Users/mohamedbechirdiarra/Downloads/prototypeGamma/Backend/venv/lib/python3.13/site-packages/django/core/handlers/exception.py", line 42, in inner
E             response = await get_response(request)
E                        ^^^^^^^^^^^^^^^^^^^^^^^^^^^
E           File "/Users/mohamedbechirdiarra/Downloads/prototypeGamma/Backend/venv/lib/python3.13/site-packages/django/core/handlers/base.py", line 253, in _get_response_async
E             response = await wrapped_callback(
E                        
E           File "/Users/mohamedbechirdiarra/Downloads/prototypeGamma/Backend/venv/lib/python3.13/site-packages/django/views/decorators/csrf.py", line 65, in _view_wrapper
E             return view_func(request, *args, **kwargs)
E                    ^^^^^^^^^^^^^^^^^^^^^^^^^^^^^^^^^^^
E           File "/Users/mohamedbechirdiarra/Downloads/prototypeGamma/Backend/venv/lib/python3.13/site-packages/rest_framework/viewsets.py", line 125, in view
E             return self.dispatch(request, *args, **kwargs)
E                    ^^^^^^^^^^^^^^^^^^^^^^^^^^^^^^^^^^^^^^^
E           File "/Users/mohamedbechirdiarra/Downloads/prototypeGamma/Backend/users/views.py", line 641, in dispatch
E             return super().dispatch(request, *args, **kwargs)
E                    ^^^^^^^^^^^^^^^^^^^^^^^^^^^^^^^^^^^^^^^^^^
E           File "/Users/mohamedbechirdiarra/Downloads/prototypeGamma/Backend/venv/lib/python3.13/site-packages/rest_framework/views.py", line 515, in dispatch
E             response = self.handle_exception(exc)
E                        ^^^^^^^^^^^^^^^^^^^^^^^^^^
E           File "/Users/mohamedbechirdiarra/Downloads/prototypeGamma/Backend/venv/lib/python3.13/site-packages/rest_framework/views.py", line 475, in handle_exception
E             self.raise_uncaught_exception(exc)
E             ^^^^^^^^^^^^^^^^^^^^^^^^^^^^^^^^^^
E           File "/Users/mohamedbechirdiarra/Downloads/prototypeGamma/Backend/venv/lib/python3.13/site-packages/rest_framework/views.py", line 486, in raise_uncaught_exception
E             raise exc
E             ^^^^^^^^^
E           File "/Users/mohamedbechirdiarra/Downloads/prototypeGamma/Backend/venv/lib/python3.13/site-packages/rest_framework/views.py", line 512, in dispatch
E             response = handler(request, *args, **kwargs)
E                        ^^^^^^^^^^^^^^^^^^^^^^^^^^^^^^^^^
E           File "/Users/mohamedbechirdiarra/Downloads/prototypeGamma/Backend/users/views.py", line 382, in login
E             log_event(request, &#x27;login&#x27;, &#x27;success&#x27;, risk_score=risk_score, metadata={}, user=user)
E             ^^^^^^^^^^^^^^^^^^^^^^^^^^^^^^^^^^^^^^^^^^^^^^^^^^^^^^^^^^^^^^^^^^^^^^^^^^^^^^^^^^^^^
E           File "/Users/mohamedbechirdiarra/Downloads/prototypeGamma/Backend/users/utils.py", line 14, in log_event
E             AuditLog.objects.create(
E             ^
E           File "/Users/mohamedbechirdiarra/Downloads/prototypeGamma/Backend/venv/lib/python3.13/site-packages/django/db/models/manager.py", line 87, in manager_method
E             return getattr(self.get_queryset(), name)(*args, **kwargs)
E                    ^^^^^^^^^^^^^^^^^^^^^^^^^^^^^^^^^^^^^^^^^^^^^^^^^^^
E           File "/Users/mohamedbechirdiarra/Downloads/prototypeGamma/Backend/venv/lib/python3.13/site-packages/django/db/models/query.py", line 663, in create
E             obj.save(force_insert=True, using=self.db)
E             ^^^^^^^^^^^^^^^^^^^^^^^^^^^^^^^^^^^^^^^^^^
E           File "/Users/mohamedbechirdiarra/Downloads/prototypeGamma/Backend/venv/lib/python3.13/site-packages/django/db/models/base.py", line 902, in save
E             self.save_base(
E             ^
E           File "/Users/mohamedbechirdiarra/Downloads/prototypeGamma/Backend/venv/lib/python3.13/site-packages/django/db/models/base.py", line 1008, in save_base
E             updated = self._save_table(
E                       
E           File "/Users/mohamedbechirdiarra/Downloads/prototypeGamma/Backend/venv/lib/python3.13/site-packages/django/db/models/base.py", line 1169, in _save_table
E             results = self._do_insert(
E                       
E           File "/Users/mohamedbechirdiarra/Downloads/prototypeGamma/Backend/venv/lib/python3.13/site-packages/django/db/models/base.py", line 1210, in _do_insert
E             return manager._insert(
E                    
E           File "/Users/mohamedbechirdiarra/Downloads/prototypeGamma/Backend/venv/lib/python3.13/site-packages/django/db/models/manager.py", line 87, in manager_method
E             return getattr(self.get_queryset(), name)(*args, **kwargs)
E                    ^^^^^^^^^^^^^^^^^^^^^^^^^^^^^^^^^^^^^^^^^^^^^^^^^^^
E           File "/Users/mohamedbechirdiarra/Downloads/prototypeGamma/Backend/venv/lib/python3.13/site-packages/django/db/models/query.py", line 1868, in _insert
E             return query.get_compiler(using=using).execute_sql(returning_fields)
E                    ^^^^^^^^^^^^^^^^^^^^^^^^^^^^^^^^^^^^^^^^^^^^^^^^^^^^^^^^^^^^^
E           File "/Users/mohamedbechirdiarra/Downloads/prototypeGamma/Backend/venv/lib/python3.13/site-packages/django/db/models/sql/compiler.py", line 1894, in execute_sql
E             self.connection.ops.fetch_returned_insert_columns(
E             ^
E           File "/Users/mohamedbechirdiarra/Downloads/prototypeGamma/Backend/venv/lib/python3.13/site-packages/django/db/backends/base/operations.py", line 215, in fetch_returned_insert_columns
E             return cursor.fetchone()
E                    ^^^^^^^^^^^^^^^^^
E           File "/Users/mohamedbechirdiarra/Downloads/prototypeGamma/Backend/venv/lib/python3.13/site-packages/django/db/utils.py", line 97, in inner
E             with self:
E                  ^^^^
E           File "/Users/mohamedbechirdiarra/Downloads/prototypeGamma/Backend/venv/lib/python3.13/site-packages/django/db/utils.py", line 91, in __exit__
E             raise dj_exc_value.with_traceback(traceback) from exc_value
E             ^^^^^^^^^^^^^^^^^^^^^^^^^^^^^^^^^^^^^^^^^^^^^^^^^^^^^^^^^^^
E           File "/Users/mohamedbechirdiarra/Downloads/prototypeGamma/Backend/venv/lib/python3.13/site-packages/django/db/utils.py", line 98, in inner
E             return func(*args, **kwargs)
E                    ^^^^^^^^^^^^^^^^^^^^^
E         
E         Exception Type: IntegrityError at /users/login/
E         Exception Value: FOREIGN KEY constraint failed
E         </textarea>
E           <br><br>
E           <input type="submit" value="Share this traceback on a public website">
E           </div>
E         </form>
E         
E         </div>
E         
E         
E         <div id="requestinfo">
E           <h2>Request information</h2>
E         
E         
E           
E             <h3 id="user-info">USER</h3>
E             <p>AnonymousUser</p>
E           
E         
E           <h3 id="get-info">GET</h3>
E           
E             <p>No GET data</p>
E           
E         
E           <h3 id="post-info">POST</h3>
E           
E             <p>No POST data</p>
E           
E         
E           <h3 id="files-info">FILES</h3>
E           
E             <p>No FILES data</p>
E           
E         
E           <h3 id="cookie-info">COOKIES</h3>
E           
E             <p>No cookie data</p>
E           
E         
E           <h3 id="meta-info">META</h3>
E           <table class="req">
E             <thead>
E               <tr>
E                 <th scope="col">Variable</th>
E                 <th scope="col">Value</th>
E               </tr>
E             </thead>
E             <tbody>
E               
E                 <tr>
E                   <td>CONTENT_LENGTH</td>
E                   <td class="code"><pre>&#x27;69&#x27;</pre></td>
E                 </tr>
E               
E                 <tr>
E                   <td>CONTENT_TYPE</td>
E                   <td class="code"><pre>&#x27;application/json&#x27;</pre></td>
E                 </tr>
E               
E                 <tr>
E                   <td>HTTP_ACCEPT</td>
E                   <td class="code"><pre>&#x27;*/*&#x27;</pre></td>
E                 </tr>
E               
E                 <tr>
E                   <td>HTTP_ACCEPT_ENCODING</td>
E                   <td class="code"><pre>&#x27;gzip, deflate&#x27;</pre></td>
E                 </tr>
E               
E                 <tr>
E                   <td>HTTP_CONNECTION</td>
E                   <td class="code"><pre>&#x27;keep-alive&#x27;</pre></td>
E                 </tr>
E               
E                 <tr>
E                   <td>HTTP_HOST</td>
E                   <td class="code"><pre>&#x27;127.0.0.1:8000&#x27;</pre></td>
E                 </tr>
E               
E                 <tr>
E                   <td>HTTP_USER_AGENT</td>
E                   <td class="code"><pre>&#x27;python-requests/2.32.4&#x27;</pre></td>
E                 </tr>
E               
E                 <tr>
E                   <td>PATH_INFO</td>
E                   <td class="code"><pre>&#x27;/users/login/&#x27;</pre></td>
E                 </tr>
E               
E                 <tr>
E                   <td>QUERY_STRING</td>
E                   <td class="code"><pre>&#x27;&#x27;</pre></td>
E                 </tr>
E               
E                 <tr>
E                   <td>REMOTE_ADDR</td>
E                   <td class="code"><pre>&#x27;127.0.0.1&#x27;</pre></td>
E                 </tr>
E               
E                 <tr>
E                   <td>REMOTE_HOST</td>
E                   <td class="code"><pre>&#x27;127.0.0.1&#x27;</pre></td>
E                 </tr>
E               
E                 <tr>
E                   <td>REMOTE_PORT</td>
E                   <td class="code"><pre>53978</pre></td>
E                 </tr>
E               
E                 <tr>
E                   <td>REQUEST_METHOD</td>
E                   <td class="code"><pre>&#x27;POST&#x27;</pre></td>
E                 </tr>
E               
E                 <tr>
E                   <td>SCRIPT_NAME</td>
E                   <td class="code"><pre>&#x27;&#x27;</pre></td>
E                 </tr>
E               
E                 <tr>
E                   <td>SERVER_NAME</td>
E                   <td class="code"><pre>&#x27;127.0.0.1&#x27;</pre></td>
E                 </tr>
E               
E                 <tr>
E                   <td>SERVER_PORT</td>
E                   <td class="code"><pre>&#x27;8000&#x27;</pre></td>
E                 </tr>
E               
E                 <tr>
E                   <td>wsgi.multiprocess</td>
E                   <td class="code"><pre>True</pre></td>
E                 </tr>
E               
E                 <tr>
E                   <td>wsgi.multithread</td>
E                   <td class="code"><pre>True</pre></td>
E                 </tr>
E               
E             </tbody>
E           </table>
E         
E         
E           <h3 id="settings-info">Settings</h3>
E           <h4>Using settings module <code>Backend.auth.settings</code></h4>
E           <table class="req">
E             <thead>
E               <tr>
E                 <th scope="col">Setting</th>
E                 <th scope="col">Value</th>
E               </tr>
E             </thead>
E             <tbody>
E               
E                 <tr>
E                   <td>ABSOLUTE_URL_OVERRIDES</td>
E                   <td class="code"><pre>{}</pre></td>
E                 </tr>
E               
E                 <tr>
E                   <td>ADMINS</td>
E                   <td class="code"><pre>[]</pre></td>
E                 </tr>
E               
E                 <tr>
E                   <td>ALLOWED_HOSTS</td>
E                   <td class="code"><pre>[&#x27;127.0.0.1&#x27;, &#x27;localhost&#x27;, &#x27;testserver&#x27;]</pre></td>
E                 </tr>
E               
E                 <tr>
E                   <td>APPEND_SLASH</td>
E                   <td class="code"><pre>True</pre></td>
E                 </tr>
E               
E                 <tr>
E                   <td>ASGI_APPLICATION</td>
E                   <td class="code"><pre>&#x27;auth.asgi.application&#x27;</pre></td>
E                 </tr>
E               
E                 <tr>
E                   <td>AUTHENTICATION_BACKENDS</td>
E                   <td class="code"><pre>&#x27;********************&#x27;</pre></td>
E                 </tr>
E               
E                 <tr>
E                   <td>AUTH_PASSWORD_VALIDATORS</td>
E                   <td class="code"><pre>&#x27;********************&#x27;</pre></td>
E                 </tr>
E               
E                 <tr>
E                   <td>AUTH_USER_MODEL</td>
E                   <td class="code"><pre>&#x27;********************&#x27;</pre></td>
E                 </tr>
E               
E                 <tr>
E                   <td>BASE_DIR</td>
E                   <td class="code"><pre>PosixPath(&#x27;/Users/mohamedbechirdiarra/Downloads/prototypeGamma/Backend&#x27;)</pre></td>
E                 </tr>
E               
E                 <tr>
E                   <td>BASE_URL</td>
E                   <td class="code"><pre>&#x27;http://127.0.0.1:8000&#x27;</pre></td>
E                 </tr>
E               
E                 <tr>
E                   <td>CACHES</td>
E                   <td class="code"><pre>{&#x27;default&#x27;: {&#x27;BACKEND&#x27;: &#x27;django.core.cache.backends.locmem.LocMemCache&#x27;,
E                      &#x27;LOCATION&#x27;: &#x27;unique-snowflake&#x27;,
E                      &#x27;OPTIONS&#x27;: {&#x27;MAX_ENTRIES&#x27;: 1000},
E                      &#x27;TIMEOUT&#x27;: 300}}</pre></td>
E                 </tr>
E               
E                 <tr>
E                   <td>CACHE_MIDDLEWARE_ALIAS</td>
E                   <td class="code"><pre>&#x27;default&#x27;</pre></td>
E                 </tr>
E               
E                 <tr>
E                   <td>CACHE_MIDDLEWARE_KEY_PREFIX</td>
E                   <td class="code"><pre>&#x27;********************&#x27;</pre></td>
E                 </tr>
E               
E                 <tr>
E                   <td>CACHE_MIDDLEWARE_SECONDS</td>
E                   <td class="code"><pre>600</pre></td>
E                 </tr>
E               
E                 <tr>
E                   <td>CHANNEL_LAYERS</td>
E                   <td class="code"><pre>{&#x27;default&#x27;: {&#x27;BACKEND&#x27;: &#x27;channels.layers.InMemoryChannelLayer&#x27;}}</pre></td>
E                 </tr>
E               
E                 <tr>
E                   <td>CINETPAY_API_KEY</td>
E                   <td class="code"><pre>&#x27;********************&#x27;</pre></td>
E                 </tr>
E               
E                 <tr>
E                   <td>CINETPAY_CONFIG</td>
E                   <td class="code"><pre>{&#x27;API_KEY&#x27;: &#x27;********************&#x27;,
E          &#x27;API_URL&#x27;: &#x27;********************&#x27;,
E          &#x27;CURRENCY&#x27;: &#x27;XOF&#x27;,
E          &#x27;ENVIRONMENT&#x27;: &#x27;Production&#x27;,
E          &#x27;LANG&#x27;: &#x27;fr&#x27;,
E          &#x27;MODE&#x27;: &#x27;PRODUCTION&#x27;,
E          &#x27;SECRET_KEY&#x27;: &#x27;********************&#x27;,
E          &#x27;SITE_ID&#x27;: &#x27;105899471&#x27;,
E          &#x27;USE_SIMULATOR&#x27;: False}</pre></td>
E                 </tr>
E               
E                 <tr>
E                   <td>CINETPAY_ENVIRONMENT</td>
E                   <td class="code"><pre>&#x27;Production&#x27;</pre></td>
E                 </tr>
E               
E                 <tr>
E                   <td>CINETPAY_SECRET_KEY</td>
E                   <td class="code"><pre>&#x27;********************&#x27;</pre></td>
E                 </tr>
E               
E                 <tr>
E                   <td>CINETPAY_SITE_ID</td>
E                   <td class="code"><pre>&#x27;105899471&#x27;</pre></td>
E                 </tr>
E               
E                 <tr>
E                   <td>CINETPAY_USE_SIMULATOR</td>
E                   <td class="code"><pre>False</pre></td>
E                 </tr>
E               
E                 <tr>
E                   <td>CORS_ALLOWED_HEADERS</td>
E                   <td class="code"><pre>[&#x27;Content-Type&#x27;, &#x27;Authorization&#x27;, &#x27;X-Requested-With&#x27;]</pre></td>
E                 </tr>
E               
E                 <tr>
E                   <td>CORS_ALLOWED_METHODS</td>
E                   <td class="code"><pre>[&#x27;GET&#x27;, &#x27;POST&#x27;, &#x27;PUT&#x27;, &#x27;DELETE&#x27;, &#x27;OPTIONS&#x27;]</pre></td>
E                 </tr>
E               
E                 <tr>
E                   <td>CORS_ALLOWED_ORIGINS</td>
E                   <td class="code"><pre>[&#x27;http://localhost:5173&#x27;,
E          &#x27;http://127.0.0.1:5173&#x27;,
E          &#x27;http://localhost:8000&#x27;,
E          &#x27;http://127.0.0.1:8000&#x27;]</pre></td>
E                 </tr>
E               
E                 <tr>
E                   <td>CORS_ALLOW_ALL_ORIGINS</td>
E                   <td class="code"><pre>True</pre></td>
E                 </tr>
E               
E                 <tr>
E                   <td>CORS_ALLOW_CREDENTIALS</td>
E                   <td class="code"><pre>True</pre></td>
E                 </tr>
E               
E                 <tr>
E                   <td>CSRF_COOKIE_AGE</td>
E                   <td class="code"><pre>31449600</pre></td>
E                 </tr>
E               
E                 <tr>
E                   <td>CSRF_COOKIE_DOMAIN</td>
E                   <td class="code"><pre>None</pre></td>
E                 </tr>
E               
E                 <tr>
E                   <td>CSRF_COOKIE_HTTPONLY</td>
E                   <td class="code"><pre>True</pre></td>
E                 </tr>
E               
E                 <tr>
E                   <td>CSRF_COOKIE_NAME</td>
E                   <td class="code"><pre>&#x27;csrftoken&#x27;</pre></td>
E                 </tr>
E               
E                 <tr>
E                   <td>CSRF_COOKIE_PATH</td>
E                   <td class="code"><pre>&#x27;/&#x27;</pre></td>
E                 </tr>
E               
E                 <tr>
E                   <td>CSRF_COOKIE_SAMESITE</td>
E                   <td class="code"><pre>&#x27;Lax&#x27;</pre></td>
E                 </tr>
E               
E                 <tr>
E                   <td>CSRF_COOKIE_SECURE</td>
E                   <td class="code"><pre>True</pre></td>
E                 </tr>
E               
E                 <tr>
E                   <td>CSRF_FAILURE_VIEW</td>
E                   <td class="code"><pre>&#x27;django.views.csrf.csrf_failure&#x27;</pre></td>
E                 </tr>
E               
E                 <tr>
E                   <td>CSRF_HEADER_NAME</td>
E                   <td class="code"><pre>&#x27;HTTP_X_CSRFTOKEN&#x27;</pre></td>
E                 </tr>
E               
E                 <tr>
E                   <td>CSRF_TRUSTED_ORIGINS</td>
E                   <td class="code"><pre>[&#x27;http://localhost:3000&#x27;, &#x27;http://127.0.0.1:3000&#x27;]</pre></td>
E                 </tr>
E               
E                 <tr>
E                   <td>CSRF_USE_SESSIONS</td>
E                   <td class="code"><pre>False</pre></td>
E                 </tr>
E               
E                 <tr>
E                   <td>DATABASES</td>
E                   <td class="code"><pre>{&#x27;default&#x27;: {&#x27;ATOMIC_REQUESTS&#x27;: False,
E                      &#x27;AUTOCOMMIT&#x27;: True,
E                      &#x27;CONN_HEALTH_CHECKS&#x27;: False,
E                      &#x27;CONN_MAX_AGE&#x27;: 0,
E                      &#x27;ENGINE&#x27;: &#x27;django.db.backends.sqlite3&#x27;,
E                      &#x27;HOST&#x27;: &#x27;&#x27;,
E                      &#x27;NAME&#x27;: PosixPath(&#x27;/Users/mohamedbechirdiarra/Downloads/prototypeGamma/Backend/db.sqlite3&#x27;),
E                      &#x27;OPTIONS&#x27;: {},
E                      &#x27;PASSWORD&#x27;: &#x27;********************&#x27;,
E                      &#x27;PORT&#x27;: &#x27;&#x27;,
E                      &#x27;TEST&#x27;: {&#x27;CHARSET&#x27;: None,
E                               &#x27;COLLATION&#x27;: None,
E                               &#x27;MIGRATE&#x27;: True,
E                               &#x27;MIRROR&#x27;: None,
E                               &#x27;NAME&#x27;: None},
E                      &#x27;TIME_ZONE&#x27;: None,
E                      &#x27;USER&#x27;: &#x27;&#x27;}}</pre></td>
E                 </tr>
E               
E                 <tr>
E                   <td>DATABASE_ROUTERS</td>
E                   <td class="code"><pre>[]</pre></td>
E                 </tr>
E               
E                 <tr>
E                   <td>DATA_UPLOAD_MAX_MEMORY_SIZE</td>
E                   <td class="code"><pre>2621440</pre></td>
E                 </tr>
E               
E                 <tr>
E                   <td>DATA_UPLOAD_MAX_NUMBER_FIELDS</td>
E                   <td class="code"><pre>1000</pre></td>
E                 </tr>
E               
E                 <tr>
E                   <td>DATA_UPLOAD_MAX_NUMBER_FILES</td>
E                   <td class="code"><pre>100</pre></td>
E                 </tr>
E               
E                 <tr>
E                   <td>DATETIME_FORMAT</td>
E                   <td class="code"><pre>&#x27;N j, Y, P&#x27;</pre></td>
E                 </tr>
E               
E                 <tr>
E                   <td>DATETIME_INPUT_FORMATS</td>
E                   <td class="code"><pre>[&#x27;%Y-%m-%d %H:%M:%S&#x27;,
E          &#x27;%Y-%m-%d %H:%M:%S.%f&#x27;,
E          &#x27;%Y-%m-%d %H:%M&#x27;,
E          &#x27;%m/%d/%Y %H:%M:%S&#x27;,
E          &#x27;%m/%d/%Y %H:%M:%S.%f&#x27;,
E          &#x27;%m/%d/%Y %H:%M&#x27;,
E          &#x27;%m/%d/%y %H:%M:%S&#x27;,
E          &#x27;%m/%d/%y %H:%M:%S.%f&#x27;,
E          &#x27;%m/%d/%y %H:%M&#x27;]</pre></td>
E                 </tr>
E               
E                 <tr>
E                   <td>DATE_FORMAT</td>
E                   <td class="code"><pre>&#x27;N j, Y&#x27;</pre></td>
E                 </tr>
E               
E                 <tr>
E                   <td>DATE_INPUT_FORMATS</td>
E                   <td class="code"><pre>[&#x27;%Y-%m-%d&#x27;,
E          &#x27;%m/%d/%Y&#x27;,
E          &#x27;%m/%d/%y&#x27;,
E          &#x27;%b %d %Y&#x27;,
E          &#x27;%b %d, %Y&#x27;,
E          &#x27;%d %b %Y&#x27;,
E          &#x27;%d %b, %Y&#x27;,
E          &#x27;%B %d %Y&#x27;,
E          &#x27;%B %d, %Y&#x27;,
E          &#x27;%d %B %Y&#x27;,
E          &#x27;%d %B, %Y&#x27;]</pre></td>
E                 </tr>
E               
E                 <tr>
E                   <td>DEBUG</td>
E                   <td class="code"><pre>True</pre></td>
E                 </tr>
E               
E                 <tr>
E                   <td>DEBUG_PROPAGATE_EXCEPTIONS</td>
E                   <td class="code"><pre>False</pre></td>
E                 </tr>
E               
E                 <tr>
E                   <td>DECIMAL_SEPARATOR</td>
E                   <td class="code"><pre>&#x27;.&#x27;</pre></td>
E                 </tr>
E               
E                 <tr>
E                   <td>DEFAULT_AUTO_FIELD</td>
E                   <td class="code"><pre>&#x27;django.db.models.BigAutoField&#x27;</pre></td>
E                 </tr>
E               
E                 <tr>
E                   <td>DEFAULT_CHARSET</td>
E                   <td class="code"><pre>&#x27;utf-8&#x27;</pre></td>
E                 </tr>
E               
E                 <tr>
E                   <td>DEFAULT_EXCEPTION_REPORTER</td>
E                   <td class="code"><pre>&#x27;django.views.debug.ExceptionReporter&#x27;</pre></td>
E                 </tr>
E               
E                 <tr>
E                   <td>DEFAULT_EXCEPTION_REPORTER_FILTER</td>
E                   <td class="code"><pre>&#x27;django.views.debug.SafeExceptionReporterFilter&#x27;</pre></td>
E                 </tr>
E               
E                 <tr>
E                   <td>DEFAULT_FROM_EMAIL</td>
E                   <td class="code"><pre>&#x27;webmaster@localhost&#x27;</pre></td>
E                 </tr>
E               
E                 <tr>
E                   <td>DEFAULT_INDEX_TABLESPACE</td>
E                   <td class="code"><pre>&#x27;&#x27;</pre></td>
E                 </tr>
E               
E                 <tr>
E                   <td>DEFAULT_TABLESPACE</td>
E                   <td class="code"><pre>&#x27;&#x27;</pre></td>
E                 </tr>
E               
E                 <tr>
E                   <td>DISALLOWED_USER_AGENTS</td>
E                   <td class="code"><pre>[]</pre></td>
E                 </tr>
E               
E                 <tr>
E                   <td>EMAIL_BACKEND</td>
E                   <td class="code"><pre>&#x27;django.core.mail.backends.console.EmailBackend&#x27;</pre></td>
E                 </tr>
E               
E                 <tr>
E                   <td>EMAIL_HOST</td>
E                   <td class="code"><pre>&#x27;localhost&#x27;</pre></td>
E                 </tr>
E               
E                 <tr>
E                   <td>EMAIL_HOST_PASSWORD</td>
E                   <td class="code"><pre>&#x27;********************&#x27;</pre></td>
E                 </tr>
E               
E                 <tr>
E                   <td>EMAIL_HOST_USER</td>
E                   <td class="code"><pre>&#x27;&#x27;</pre></td>
E                 </tr>
E               
E                 <tr>
E                   <td>EMAIL_PORT</td>
E                   <td class="code"><pre>1025</pre></td>
E                 </tr>
E               
E                 <tr>
E                   <td>EMAIL_SSL_CERTFILE</td>
E                   <td class="code"><pre>None</pre></td>
E                 </tr>
E               
E                 <tr>
E                   <td>EMAIL_SSL_KEYFILE</td>
E                   <td class="code"><pre>&#x27;********************&#x27;</pre></td>
E                 </tr>
E               
E                 <tr>
E                   <td>EMAIL_SUBJECT_PREFIX</td>
E                   <td class="code"><pre>&#x27;[Django] &#x27;</pre></td>
E                 </tr>
E               
E                 <tr>
E                   <td>EMAIL_TIMEOUT</td>
E                   <td class="code"><pre>None</pre></td>
E                 </tr>
E               
E                 <tr>
E                   <td>EMAIL_USE_LOCALTIME</td>
E                   <td class="code"><pre>False</pre></td>
E                 </tr>
E               
E                 <tr>
E                   <td>EMAIL_USE_SSL</td>
E                   <td class="code"><pre>False</pre></td>
E                 </tr>
E               
E                 <tr>
E                   <td>EMAIL_USE_TLS</td>
E                   <td class="code"><pre>False</pre></td>
E                 </tr>
E               
E                 <tr>
E                   <td>FILE_UPLOAD_DIRECTORY_PERMISSIONS</td>
E                   <td class="code"><pre>None</pre></td>
E                 </tr>
E               
E                 <tr>
E                   <td>FILE_UPLOAD_HANDLERS</td>
E                   <td class="code"><pre>[&#x27;django.core.files.uploadhandler.MemoryFileUploadHandler&#x27;,
E          &#x27;django.core.files.uploadhandler.TemporaryFileUploadHandler&#x27;]</pre></td>
E                 </tr>
E               
E                 <tr>
E                   <td>FILE_UPLOAD_MAX_MEMORY_SIZE</td>
E                   <td class="code"><pre>2621440</pre></td>
E                 </tr>
E               
E                 <tr>
E                   <td>FILE_UPLOAD_PERMISSIONS</td>
E                   <td class="code"><pre>420</pre></td>
E                 </tr>
E               
E                 <tr>
E                   <td>FILE_UPLOAD_TEMP_DIR</td>
E                   <td class="code"><pre>None</pre></td>
E                 </tr>
E               
E                 <tr>
E                   <td>FIRST_DAY_OF_WEEK</td>
E                   <td class="code"><pre>0</pre></td>
E                 </tr>
E               
E                 <tr>
E                   <td>FIXTURE_DIRS</td>
E                   <td class="code"><pre>[]</pre></td>
E                 </tr>
E               
E                 <tr>
E                   <td>FORCE_SCRIPT_NAME</td>
E                   <td class="code"><pre>None</pre></td>
E                 </tr>
E               
E                 <tr>
E                   <td>FORMAT_MODULE_PATH</td>
E                   <td class="code"><pre>None</pre></td>
E                 </tr>
E               
E                 <tr>
E                   <td>FORMS_URLFIELD_ASSUME_HTTPS</td>
E                   <td class="code"><pre>False</pre></td>
E                 </tr>
E               
E                 <tr>
E                   <td>FORM_RENDERER</td>
E                   <td class="code"><pre>&#x27;django.forms.renderers.DjangoTemplates&#x27;</pre></td>
E                 </tr>
E               
E                 <tr>
E                   <td>FRONTEND_URL</td>
E                   <td class="code"><pre>&#x27;http://127.0.0.1:5173&#x27;</pre></td>
E                 </tr>
E               
E                 <tr>
E                   <td>GDAL_LIBRARY_PATH</td>
E                   <td class="code"><pre>&#x27;C:\\OSGeo4W\\bin\\gdal311.dll&#x27;</pre></td>
E                 </tr>
E               
E                 <tr>
E                   <td>GEOLOCATION_SETTINGS</td>
E                   <td class="code"><pre>{&#x27;CACHE_TIMEOUT&#x27;: 3600, &#x27;DEFAULT_RADIUS_KM&#x27;: 10, &#x27;MAX_RADIUS_KM&#x27;: 50}</pre></td>
E                 </tr>
E               
E                 <tr>
E                   <td>GEOS_LIBRARY_PATH</td>
E                   <td class="code"><pre>&#x27;C:\\OSGeo4W\\bin\\geos_c.dll&#x27;</pre></td>
E                 </tr>
E               
E                 <tr>
E                   <td>IGNORABLE_404_URLS</td>
E                   <td class="code"><pre>[]</pre></td>
E                 </tr>
E               
E                 <tr>
E                   <td>INSTALLED_APPS</td>
E                   <td class="code"><pre>[&#x27;django.contrib.admin&#x27;,
E          &#x27;django.contrib.auth&#x27;,
E          &#x27;django.contrib.contenttypes&#x27;,
E          &#x27;django.contrib.sessions&#x27;,
E          &#x27;django.contrib.messages&#x27;,
E          &#x27;django.contrib.staticfiles&#x27;,
E          &#x27;rest_framework&#x27;,
E          &#x27;corsheaders&#x27;,
E          &#x27;users&#x27;,
E          &#x27;depannage&#x27;,
E          &#x27;rest_framework_simplejwt&#x27;,
E          &#x27;rest_framework_simplejwt.token_blacklist&#x27;,
E          &#x27;channels&#x27;]</pre></td>
E                 </tr>
E               
E                 <tr>
E                   <td>INTERNAL_IPS</td>
E                   <td class="code"><pre>[]</pre></td>
E                 </tr>
E               
E                 <tr>
E                   <td>LANGUAGES</td>
E                   <td class="code"><pre>[(&#x27;af&#x27;, &#x27;Afrikaans&#x27;),
E          (&#x27;ar&#x27;, &#x27;Arabic&#x27;),
E          (&#x27;ar-dz&#x27;, &#x27;Algerian Arabic&#x27;),
E          (&#x27;ast&#x27;, &#x27;Asturian&#x27;),
E          (&#x27;az&#x27;, &#x27;Azerbaijani&#x27;),
E          (&#x27;bg&#x27;, &#x27;Bulgarian&#x27;),
E          (&#x27;be&#x27;, &#x27;Belarusian&#x27;),
E          (&#x27;bn&#x27;, &#x27;Bengali&#x27;),
E          (&#x27;br&#x27;, &#x27;Breton&#x27;),
E          (&#x27;bs&#x27;, &#x27;Bosnian&#x27;),
E          (&#x27;ca&#x27;, &#x27;Catalan&#x27;),
E          (&#x27;ckb&#x27;, &#x27;Central Kurdish (Sorani)&#x27;),
E          (&#x27;cs&#x27;, &#x27;Czech&#x27;),
E          (&#x27;cy&#x27;, &#x27;Welsh&#x27;),
E          (&#x27;da&#x27;, &#x27;Danish&#x27;),
E          (&#x27;de&#x27;, &#x27;German&#x27;),
E          (&#x27;dsb&#x27;, &#x27;Lower Sorbian&#x27;),
E          (&#x27;el&#x27;, &#x27;Greek&#x27;),
E          (&#x27;en&#x27;, &#x27;English&#x27;),
E          (&#x27;en-au&#x27;, &#x27;Australian English&#x27;),
E          (&#x27;en-gb&#x27;, &#x27;British English&#x27;),
E          (&#x27;eo&#x27;, &#x27;Esperanto&#x27;),
E          (&#x27;es&#x27;, &#x27;Spanish&#x27;),
E          (&#x27;es-ar&#x27;, &#x27;Argentinian Spanish&#x27;),
E          (&#x27;es-co&#x27;, &#x27;Colombian Spanish&#x27;),
E          (&#x27;es-mx&#x27;, &#x27;Mexican Spanish&#x27;),
E          (&#x27;es-ni&#x27;, &#x27;Nicaraguan Spanish&#x27;),
E          (&#x27;es-ve&#x27;, &#x27;Venezuelan Spanish&#x27;),
E          (&#x27;et&#x27;, &#x27;Estonian&#x27;),
E          (&#x27;eu&#x27;, &#x27;Basque&#x27;),
E          (&#x27;fa&#x27;, &#x27;Persian&#x27;),
E          (&#x27;fi&#x27;, &#x27;Finnish&#x27;),
E          (&#x27;fr&#x27;, &#x27;French&#x27;),
E          (&#x27;fy&#x27;, &#x27;Frisian&#x27;),
E          (&#x27;ga&#x27;, &#x27;Irish&#x27;),
E          (&#x27;gd&#x27;, &#x27;Scottish Gaelic&#x27;),
E          (&#x27;gl&#x27;, &#x27;Galician&#x27;),
E          (&#x27;he&#x27;, &#x27;Hebrew&#x27;),
E          (&#x27;hi&#x27;, &#x27;Hindi&#x27;),
E          (&#x27;hr&#x27;, &#x27;Croatian&#x27;),
E          (&#x27;hsb&#x27;, &#x27;Upper Sorbian&#x27;),
E          (&#x27;hu&#x27;, &#x27;Hungarian&#x27;),
E          (&#x27;hy&#x27;, &#x27;Armenian&#x27;),
E          (&#x27;ia&#x27;, &#x27;Interlingua&#x27;),
E          (&#x27;id&#x27;, &#x27;Indonesian&#x27;),
E          (&#x27;ig&#x27;, &#x27;Igbo&#x27;),
E          (&#x27;io&#x27;, &#x27;Ido&#x27;),
E          (&#x27;is&#x27;, &#x27;Icelandic&#x27;),
E          (&#x27;it&#x27;, &#x27;Italian&#x27;),
E          (&#x27;ja&#x27;, &#x27;Japanese&#x27;),
E          (&#x27;ka&#x27;, &#x27;Georgian&#x27;),
E          (&#x27;kab&#x27;, &#x27;Kabyle&#x27;),
E          (&#x27;kk&#x27;, &#x27;Kazakh&#x27;),
E          (&#x27;km&#x27;, &#x27;Khmer&#x27;),
E          (&#x27;kn&#x27;, &#x27;Kannada&#x27;),
E          (&#x27;ko&#x27;, &#x27;Korean&#x27;),
E          (&#x27;ky&#x27;, &#x27;Kyrgyz&#x27;),
E          (&#x27;lb&#x27;, &#x27;Luxembourgish&#x27;),
E          (&#x27;lt&#x27;, &#x27;Lithuanian&#x27;),
E          (&#x27;lv&#x27;, &#x27;Latvian&#x27;),
E          (&#x27;mk&#x27;, &#x27;Macedonian&#x27;),
E          (&#x27;ml&#x27;, &#x27;Malayalam&#x27;),
E          (&#x27;mn&#x27;, &#x27;Mongolian&#x27;),
E          (&#x27;mr&#x27;, &#x27;Marathi&#x27;),
E          (&#x27;ms&#x27;, &#x27;Malay&#x27;),
E          (&#x27;my&#x27;, &#x27;Burmese&#x27;),
E          (&#x27;nb&#x27;, &#x27;Norwegian Bokmål&#x27;),
E          (&#x27;ne&#x27;, &#x27;Nepali&#x27;),
E          (&#x27;nl&#x27;, &#x27;Dutch&#x27;),
E          (&#x27;nn&#x27;, &#x27;Norwegian Nynorsk&#x27;),
E          (&#x27;os&#x27;, &#x27;Ossetic&#x27;),
E          (&#x27;pa&#x27;, &#x27;Punjabi&#x27;),
E          (&#x27;pl&#x27;, &#x27;Polish&#x27;),
E          (&#x27;pt&#x27;, &#x27;Portuguese&#x27;),
E          (&#x27;pt-br&#x27;, &#x27;Brazilian Portuguese&#x27;),
E          (&#x27;ro&#x27;, &#x27;Romanian&#x27;),
E          (&#x27;ru&#x27;, &#x27;Russian&#x27;),
E          (&#x27;sk&#x27;, &#x27;Slovak&#x27;),
E          (&#x27;sl&#x27;, &#x27;Slovenian&#x27;),
E          (&#x27;sq&#x27;, &#x27;Albanian&#x27;),
E          (&#x27;sr&#x27;, &#x27;Serbian&#x27;),
E          (&#x27;sr-latn&#x27;, &#x27;Serbian Latin&#x27;),
E          (&#x27;sv&#x27;, &#x27;Swedish&#x27;),
E          (&#x27;sw&#x27;, &#x27;Swahili&#x27;),
E          (&#x27;ta&#x27;, &#x27;Tamil&#x27;),
E          (&#x27;te&#x27;, &#x27;Telugu&#x27;),
E          (&#x27;tg&#x27;, &#x27;Tajik&#x27;),
E          (&#x27;th&#x27;, &#x27;Thai&#x27;),
E          (&#x27;tk&#x27;, &#x27;Turkmen&#x27;),
E          (&#x27;tr&#x27;, &#x27;Turkish&#x27;),
E          (&#x27;tt&#x27;, &#x27;Tatar&#x27;),
E          (&#x27;udm&#x27;, &#x27;Udmurt&#x27;),
E          (&#x27;ug&#x27;, &#x27;Uyghur&#x27;),
E          (&#x27;uk&#x27;, &#x27;Ukrainian&#x27;),
E          (&#x27;ur&#x27;, &#x27;Urdu&#x27;),
E          (&#x27;uz&#x27;, &#x27;Uzbek&#x27;),
E          (&#x27;vi&#x27;, &#x27;Vietnamese&#x27;),
E          (&#x27;zh-hans&#x27;, &#x27;Simplified Chinese&#x27;),
E          (&#x27;zh-hant&#x27;, &#x27;Traditional Chinese&#x27;)]</pre></td>
E                 </tr>
E               
E                 <tr>
E                   <td>LANGUAGES_BIDI</td>
E                   <td class="code"><pre>[&#x27;he&#x27;, &#x27;ar&#x27;, &#x27;ar-dz&#x27;, &#x27;ckb&#x27;, &#x27;fa&#x27;, &#x27;ug&#x27;, &#x27;ur&#x27;]</pre></td>
E                 </tr>
E               
E                 <tr>
E                   <td>LANGUAGE_CODE</td>
E                   <td class="code"><pre>&#x27;en-us&#x27;</pre></td>
E                 </tr>
E               
E                 <tr>
E                   <td>LANGUAGE_COOKIE_AGE</td>
E                   <td class="code"><pre>None</pre></td>
E                 </tr>
E               
E                 <tr>
E                   <td>LANGUAGE_COOKIE_DOMAIN</td>
E                   <td class="code"><pre>None</pre></td>
E                 </tr>
E               
E                 <tr>
E                   <td>LANGUAGE_COOKIE_HTTPONLY</td>
E                   <td class="code"><pre>False</pre></td>
E                 </tr>
E               
E                 <tr>
E                   <td>LANGUAGE_COOKIE_NAME</td>
E                   <td class="code"><pre>&#x27;django_language&#x27;</pre></td>
E                 </tr>
E               
E                 <tr>
E                   <td>LANGUAGE_COOKIE_PATH</td>
E                   <td class="code"><pre>&#x27;/&#x27;</pre></td>
E                 </tr>
E               
E                 <tr>
E                   <td>LANGUAGE_COOKIE_SAMESITE</td>
E                   <td class="code"><pre>None</pre></td>
E                 </tr>
E               
E                 <tr>
E                   <td>LANGUAGE_COOKIE_SECURE</td>
E                   <td class="code"><pre>False</pre></td>
E                 </tr>
E               
E                 <tr>
E                   <td>LOCALE_PATHS</td>
E                   <td class="code"><pre>[]</pre></td>
E                 </tr>
E               
E                 <tr>
E                   <td>LOGGING</td>
E                   <td class="code"><pre>{&#x27;disable_existing_loggers&#x27;: False,
E          &#x27;formatters&#x27;: {&#x27;simple&#x27;: {&#x27;format&#x27;: &#x27;{levelname} {message}&#x27;, &#x27;style&#x27;: &#x27;{&#x27;},
E                         &#x27;verbose&#x27;: {&#x27;format&#x27;: &#x27;{levelname} {asctime} {module} &#x27;
E                                               &#x27;{process:d} {thread:d} {message}&#x27;,
E                                     &#x27;style&#x27;: &#x27;{&#x27;}},
E          &#x27;handlers&#x27;: {&#x27;file&#x27;: {&#x27;class&#x27;: &#x27;logging.FileHandler&#x27;,
E                                &#x27;filename&#x27;: &#x27;django.log&#x27;,
E                                &#x27;formatter&#x27;: &#x27;verbose&#x27;,
E                                &#x27;level&#x27;: &#x27;INFO&#x27;},
E                       &#x27;security_file&#x27;: {&#x27;class&#x27;: &#x27;logging.FileHandler&#x27;,
E                                         &#x27;filename&#x27;: &#x27;security.log&#x27;,
E                                         &#x27;formatter&#x27;: &#x27;verbose&#x27;,
E                                         &#x27;level&#x27;: &#x27;WARNING&#x27;}},
E          &#x27;loggers&#x27;: {&#x27;depannage&#x27;: {&#x27;handlers&#x27;: [&#x27;file&#x27;],
E                                    &#x27;level&#x27;: &#x27;INFO&#x27;,
E                                    &#x27;propagate&#x27;: True},
E                      &#x27;django&#x27;: {&#x27;handlers&#x27;: [&#x27;file&#x27;],
E                                 &#x27;level&#x27;: &#x27;INFO&#x27;,
E                                 &#x27;propagate&#x27;: True},
E                      &#x27;django.security&#x27;: {&#x27;handlers&#x27;: [&#x27;security_file&#x27;],
E                                          &#x27;level&#x27;: &#x27;WARNING&#x27;,
E                                          &#x27;propagate&#x27;: False},
E                      &#x27;users&#x27;: {&#x27;handlers&#x27;: [&#x27;file&#x27;],
E                                &#x27;level&#x27;: &#x27;INFO&#x27;,
E                                &#x27;propagate&#x27;: True}},
E          &#x27;version&#x27;: 1}</pre></td>
E                 </tr>
E               
E                 <tr>
E                   <td>LOGGING_CONFIG</td>
E                   <td class="code"><pre>&#x27;logging.config.dictConfig&#x27;</pre></td>
E                 </tr>
E               
E                 <tr>
E                   <td>LOGIN_REDIRECT_URL</td>
E                   <td class="code"><pre>&#x27;/accounts/profile/&#x27;</pre></td>
E                 </tr>
E               
E                 <tr>
E                   <td>LOGIN_URL</td>
E                   <td class="code"><pre>&#x27;/accounts/login/&#x27;</pre></td>
E                 </tr>
E               
E                 <tr>
E                   <td>LOGOUT_REDIRECT_URL</td>
E                   <td class="code"><pre>None</pre></td>
E                 </tr>
E               
E                 <tr>
E                   <td>MANAGERS</td>
E                   <td class="code"><pre>[]</pre></td>
E                 </tr>
E               
E                 <tr>
E                   <td>MEDIA_ROOT</td>
E                   <td class="code"><pre>&#x27;/Users/mohamedbechirdiarra/Downloads/prototypeGamma/Backend/media&#x27;</pre></td>
E                 </tr>
E               
E                 <tr>
E                   <td>MEDIA_URL</td>
E                   <td class="code"><pre>&#x27;/media/&#x27;</pre></td>
E                 </tr>
E               
E                 <tr>
E                   <td>MESSAGE_STORAGE</td>
E                   <td class="code"><pre>&#x27;django.contrib.messages.storage.fallback.FallbackStorage&#x27;</pre></td>
E                 </tr>
E               
E                 <tr>
E                   <td>MIDDLEWARE</td>
E                   <td class="code"><pre>[&#x27;corsheaders.middleware.CorsMiddleware&#x27;,
E          &#x27;django.middleware.security.SecurityMiddleware&#x27;,
E          &#x27;django.contrib.sessions.middleware.SessionMiddleware&#x27;,
E          &#x27;django.middleware.common.CommonMiddleware&#x27;,
E          &#x27;django.middleware.csrf.CsrfViewMiddleware&#x27;,
E          &#x27;django.contrib.auth.middleware.AuthenticationMiddleware&#x27;,
E          &#x27;django.contrib.messages.middleware.MessageMiddleware&#x27;,
E          &#x27;django.middleware.clickjacking.XFrameOptionsMiddleware&#x27;,
E          &#x27;auth.middleware.JWTSecurityMiddleware&#x27;,
E          &#x27;auth.middleware.TokenValidationMiddleware&#x27;]</pre></td>
E                 </tr>
E               
E                 <tr>
E                   <td>MIGRATION_MODULES</td>
E                   <td class="code"><pre>{}</pre></td>
E                 </tr>
E               
E                 <tr>
E                   <td>MONTH_DAY_FORMAT</td>
E                   <td class="code"><pre>&#x27;F j&#x27;</pre></td>
E                 </tr>
E               
E                 <tr>
E                   <td>NOTIFICATION_CHANNELS</td>
E                   <td class="code"><pre>{&#x27;email&#x27;: True, &#x27;push&#x27;: False, &#x27;sms&#x27;: False}</pre></td>
E                 </tr>
E               
E                 <tr>
E                   <td>NUMBER_GROUPING</td>
E                   <td class="code"><pre>0</pre></td>
E                 </tr>
E               
E                 <tr>
E                   <td>PASSWORD_HASHERS</td>
E                   <td class="code"><pre>&#x27;********************&#x27;</pre></td>
E                 </tr>
E               
E                 <tr>
E                   <td>PASSWORD_RESET_TIMEOUT</td>
E                   <td class="code"><pre>&#x27;********************&#x27;</pre></td>
E                 </tr>
E               
E                 <tr>
E                   <td>PAYMENT_SETTINGS</td>
E                   <td class="code"><pre>{&#x27;CINETPAY_API_KEY&#x27;: &#x27;********************&#x27;,
E          &#x27;CINETPAY_ENVIRONMENT&#x27;: &#x27;Production&#x27;,
E          &#x27;CINETPAY_SITE_ID&#x27;: &#x27;105899471&#x27;}</pre></td>
E                 </tr>
E               
E                 <tr>
E                   <td>PREPEND_WWW</td>
E                   <td class="code"><pre>False</pre></td>
E                 </tr>
E               
E                 <tr>
E                   <td>REST_FRAMEWORK</td>
E                   <td class="code"><pre>{&#x27;DEFAULT_AUTHENTICATION_CLASSES&#x27;: &#x27;********************&#x27;,
E          &#x27;DEFAULT_PAGINATION_CLASS&#x27;: &#x27;rest_framework.pagination.PageNumberPagination&#x27;,
E          &#x27;DEFAULT_PARSER_CLASSES&#x27;: [&#x27;rest_framework.parsers.JSONParser&#x27;,
E                                     &#x27;rest_framework.parsers.MultiPartParser&#x27;,
E                                     &#x27;rest_framework.parsers.FormParser&#x27;],
E          &#x27;DEFAULT_PERMISSION_CLASSES&#x27;: [&#x27;rest_framework.permissions.IsAuthenticated&#x27;],
E          &#x27;DEFAULT_RENDERER_CLASSES&#x27;: [&#x27;rest_framework.renderers.JSONRenderer&#x27;],
E          &#x27;DEFAULT_THROTTLE_CLASSES&#x27;: [&#x27;rest_framework.throttling.UserRateThrottle&#x27;,
E                                       &#x27;rest_framework.throttling.AnonRateThrottle&#x27;,
E                                       &#x27;rest_framework.throttling.ScopedRateThrottle&#x27;],
E          &#x27;DEFAULT_THROTTLE_RATES&#x27;: {&#x27;anon&#x27;: &#x27;10000/day&#x27;,
E                                     &#x27;login&#x27;: &#x27;1000/day&#x27;,
E                                     &#x27;password_reset&#x27;: &#x27;********************&#x27;,
E                                     &#x27;register&#x27;: &#x27;500/day&#x27;,
E                                     &#x27;user&#x27;: &#x27;50000/day&#x27;,
E                                     &#x27;user_me&#x27;: &#x27;1000/day&#x27;},
E          &#x27;EXCEPTION_HANDLER&#x27;: &#x27;rest_framework.views.exception_handler&#x27;,
E          &#x27;PAGE_SIZE&#x27;: 20}</pre></td>
E                 </tr>
E               
E                 <tr>
E                   <td>ROOT_URLCONF</td>
E                   <td class="code"><pre>&#x27;auth.urls&#x27;</pre></td>
E                 </tr>
E               
E                 <tr>
E                   <td>SECRET_KEY</td>
E                   <td class="code"><pre>&#x27;********************&#x27;</pre></td>
E                 </tr>
E               
E                 <tr>
E                   <td>SECRET_KEY_FALLBACKS</td>
E                   <td class="code"><pre>&#x27;********************&#x27;</pre></td>
E                 </tr>
E               
E                 <tr>
E                   <td>SECURE_BROWSER_XSS_FILTER</td>
E                   <td class="code"><pre>True</pre></td>
E                 </tr>
E               
E                 <tr>
E                   <td>SECURE_CONTENT_TYPE_NOSNIFF</td>
E                   <td class="code"><pre>True</pre></td>
E                 </tr>
E               
E                 <tr>
E                   <td>SECURE_CROSS_ORIGIN_OPENER_POLICY</td>
E                   <td class="code"><pre>&#x27;same-origin&#x27;</pre></td>
E                 </tr>
E               
E                 <tr>
E                   <td>SECURE_HSTS_INCLUDE_SUBDOMAINS</td>
E                   <td class="code"><pre>True</pre></td>
E                 </tr>
E               
E                 <tr>
E                   <td>SECURE_HSTS_PRELOAD</td>
E                   <td class="code"><pre>True</pre></td>
E                 </tr>
E               
E                 <tr>
E                   <td>SECURE_HSTS_SECONDS</td>
E                   <td class="code"><pre>31536000</pre></td>
E                 </tr>
E               
E                 <tr>
E                   <td>SECURE_PROXY_SSL_HEADER</td>
E                   <td class="code"><pre>None</pre></td>
E                 </tr>
E               
E                 <tr>
E                   <td>SECURE_REDIRECT_EXEMPT</td>
E                   <td class="code"><pre>[]</pre></td>
E                 </tr>
E               
E                 <tr>
E                   <td>SECURE_REFERRER_POLICY</td>
E                   <td class="code"><pre>&#x27;same-origin&#x27;</pre></td>
E                 </tr>
E               
E                 <tr>
E                   <td>SECURE_SSL_HOST</td>
E                   <td class="code"><pre>None</pre></td>
E                 </tr>
E               
E                 <tr>
E                   <td>SECURE_SSL_REDIRECT</td>
E                   <td class="code"><pre>False</pre></td>
E                 </tr>
E               
E                 <tr>
E                   <td>SERVER_EMAIL</td>
E                   <td class="code"><pre>&#x27;root@localhost&#x27;</pre></td>
E                 </tr>
E               
E                 <tr>
E                   <td>SESSION_CACHE_ALIAS</td>
E                   <td class="code"><pre>&#x27;default&#x27;</pre></td>
E                 </tr>
E               
E                 <tr>
E                   <td>SESSION_COOKIE_AGE</td>
E                   <td class="code"><pre>3600</pre></td>
E                 </tr>
E               
E                 <tr>
E                   <td>SESSION_COOKIE_DOMAIN</td>
E                   <td class="code"><pre>None</pre></td>
E                 </tr>
E               
E                 <tr>
E                   <td>SESSION_COOKIE_HTTPONLY</td>
E                   <td class="code"><pre>True</pre></td>
E                 </tr>
E               
E                 <tr>
E                   <td>SESSION_COOKIE_NAME</td>
E                   <td class="code"><pre>&#x27;sessionid&#x27;</pre></td>
E                 </tr>
E               
E                 <tr>
E                   <td>SESSION_COOKIE_PATH</td>
E                   <td class="code"><pre>&#x27;/&#x27;</pre></td>
E                 </tr>
E               
E                 <tr>
E                   <td>SESSION_COOKIE_SAMESITE</td>
E                   <td class="code"><pre>&#x27;Lax&#x27;</pre></td>
E                 </tr>
E               
E                 <tr>
E                   <td>SESSION_COOKIE_SECURE</td>
E                   <td class="code"><pre>True</pre></td>
E                 </tr>
E               
E                 <tr>
E                   <td>SESSION_ENGINE</td>
E                   <td class="code"><pre>&#x27;django.contrib.sessions.backends.db&#x27;</pre></td>
E                 </tr>
E               
E                 <tr>
E                   <td>SESSION_EXPIRE_AT_BROWSER_CLOSE</td>
E                   <td class="code"><pre>True</pre></td>
E                 </tr>
E               
E                 <tr>
E                   <td>SESSION_FILE_PATH</td>
E                   <td class="code"><pre>None</pre></td>
E                 </tr>
E               
E                 <tr>
E                   <td>SESSION_SAVE_EVERY_REQUEST</td>
E                   <td class="code"><pre>False</pre></td>
E                 </tr>
E               
E                 <tr>
E                   <td>SESSION_SERIALIZER</td>
E                   <td class="code"><pre>&#x27;django.contrib.sessions.serializers.JSONSerializer&#x27;</pre></td>
E                 </tr>
E               
E                 <tr>
E                   <td>SETTINGS_MODULE</td>
E                   <td class="code"><pre>&#x27;Backend.auth.settings&#x27;</pre></td>
E                 </tr>
E               
E                 <tr>
E                   <td>SHORT_DATETIME_FORMAT</td>
E                   <td class="code"><pre>&#x27;m/d/Y P&#x27;</pre></td>
E                 </tr>
E               
E                 <tr>
E                   <td>SHORT_DATE_FORMAT</td>
E                   <td class="code"><pre>&#x27;m/d/Y&#x27;</pre></td>
E                 </tr>
E               
E                 <tr>
E                   <td>SIGNING_BACKEND</td>
E                   <td class="code"><pre>&#x27;django.core.signing.TimestampSigner&#x27;</pre></td>
E                 </tr>
E               
E                 <tr>
E                   <td>SILENCED_SYSTEM_CHECKS</td>
E                   <td class="code"><pre>[]</pre></td>
E                 </tr>
E               
E                 <tr>
E                   <td>SIMPLE_JWT</td>
E                   <td class="code"><pre>{&#x27;ACCESS_TOKEN_LIFETIME&#x27;: &#x27;********************&#x27;,
E          &#x27;ALGORITHM&#x27;: &#x27;HS256&#x27;,
E          &#x27;AUDIENCE&#x27;: None,
E          &#x27;AUTH_HEADER_NAME&#x27;: &#x27;********************&#x27;,
E          &#x27;AUTH_HEADER_TYPES&#x27;: &#x27;********************&#x27;,
E          &#x27;AUTH_TOKEN_CLASSES&#x27;: &#x27;********************&#x27;,
E          &#x27;BLACKLIST_AFTER_ROTATION&#x27;: True,
E          &#x27;ISSUER&#x27;: None,
E          &#x27;JTI_CLAIM&#x27;: &#x27;jti&#x27;,
E          &#x27;JWK_URL&#x27;: None,
E          &#x27;LEEWAY&#x27;: 0,
E          &#x27;REFRESH_TOKEN_LIFETIME&#x27;: &#x27;********************&#x27;,
E          &#x27;ROTATE_REFRESH_TOKENS&#x27;: &#x27;********************&#x27;,
E          &#x27;SIGNING_KEY&#x27;: &#x27;********************&#x27;,
E          &#x27;SLIDING_TOKEN_LIFETIME&#x27;: &#x27;********************&#x27;,
E          &#x27;SLIDING_TOKEN_REFRESH_EXP_CLAIM&#x27;: &#x27;********************&#x27;,
E          &#x27;SLIDING_TOKEN_REFRESH_LIFETIME&#x27;: &#x27;********************&#x27;,
E          &#x27;TOKEN_TYPE_CLAIM&#x27;: &#x27;********************&#x27;,
E          &#x27;TOKEN_USER_CLASS&#x27;: &#x27;********************&#x27;,
E          &#x27;UPDATE_LAST_LOGIN&#x27;: True,
E          &#x27;USER_AUTHENTICATION_RULE&#x27;: &#x27;********************&#x27;,
E          &#x27;USER_ID_CLAIM&#x27;: &#x27;user_id&#x27;,
E          &#x27;USER_ID_FIELD&#x27;: &#x27;id&#x27;,
E          &#x27;VERIFYING_KEY&#x27;: &#x27;********************&#x27;}</pre></td>
E                 </tr>
E               
E                 <tr>
E                   <td>STATICFILES_DIRS</td>
E                   <td class="code"><pre>[]</pre></td>
E                 </tr>
E               
E                 <tr>
E                   <td>STATICFILES_FINDERS</td>
E                   <td class="code"><pre>[&#x27;django.contrib.staticfiles.finders.FileSystemFinder&#x27;,
E          &#x27;django.contrib.staticfiles.finders.AppDirectoriesFinder&#x27;]</pre></td>
E                 </tr>
E               
E                 <tr>
E                   <td>STATIC_ROOT</td>
E                   <td class="code"><pre>&#x27;/Users/mohamedbechirdiarra/Downloads/prototypeGamma/Backend/staticfiles&#x27;</pre></td>
E                 </tr>
E               
E                 <tr>
E                   <td>STATIC_URL</td>
E                   <td class="code"><pre>&#x27;/static/&#x27;</pre></td>
E                 </tr>
E               
E                 <tr>
E                   <td>STORAGES</td>
E                   <td class="code"><pre>{&#x27;default&#x27;: {&#x27;BACKEND&#x27;: &#x27;django.core.files.storage.FileSystemStorage&#x27;},
E          &#x27;staticfiles&#x27;: {&#x27;BACKEND&#x27;: &#x27;django.contrib.staticfiles.storage.StaticFilesStorage&#x27;}}</pre></td>
E                 </tr>
E               
E                 <tr>
E                   <td>TEMPLATES</td>
E                   <td class="code"><pre>[{&#x27;APP_DIRS&#x27;: True,
E           &#x27;BACKEND&#x27;: &#x27;django.template.backends.django.DjangoTemplates&#x27;,
E           &#x27;DIRS&#x27;: [],
E           &#x27;OPTIONS&#x27;: {&#x27;context_processors&#x27;: [&#x27;django.template.context_processors.request&#x27;,
E                                              &#x27;django.contrib.auth.context_processors.auth&#x27;,
E                                              &#x27;django.contrib.messages.context_processors.messages&#x27;]}}]</pre></td>
E                 </tr>
E               
E                 <tr>
E                   <td>TEST_NON_SERIALIZED_APPS</td>
E                   <td class="code"><pre>[]</pre></td>
E                 </tr>
E               
E                 <tr>
E                   <td>TEST_RUNNER</td>
E                   <td class="code"><pre>&#x27;django.test.runner.DiscoverRunner&#x27;</pre></td>
E                 </tr>
E               
E                 <tr>
E                   <td>THOUSAND_SEPARATOR</td>
E                   <td class="code"><pre>&#x27;,&#x27;</pre></td>
E                 </tr>
E               
E                 <tr>
E                   <td>TIME_FORMAT</td>
E                   <td class="code"><pre>&#x27;P&#x27;</pre></td>
E                 </tr>
E               
E                 <tr>
E                   <td>TIME_INPUT_FORMATS</td>
E                   <td class="code"><pre>[&#x27;%H:%M:%S&#x27;, &#x27;%H:%M:%S.%f&#x27;, &#x27;%H:%M&#x27;]</pre></td>
E                 </tr>
E               
E                 <tr>
E                   <td>TIME_ZONE</td>
E                   <td class="code"><pre>&#x27;UTC&#x27;</pre></td>
E                 </tr>
E               
E                 <tr>
E                   <td>USE_I18N</td>
E                   <td class="code"><pre>True</pre></td>
E                 </tr>
E               
E                 <tr>
E                   <td>USE_THOUSAND_SEPARATOR</td>
E                   <td class="code"><pre>False</pre></td>
E                 </tr>
E               
E                 <tr>
E                   <td>USE_TZ</td>
E                   <td class="code"><pre>True</pre></td>
E                 </tr>
E               
E                 <tr>
E                   <td>USE_X_FORWARDED_HOST</td>
E                   <td class="code"><pre>False</pre></td>
E                 </tr>
E               
E                 <tr>
E                   <td>USE_X_FORWARDED_PORT</td>
E                   <td class="code"><pre>False</pre></td>
E                 </tr>
E               
E                 <tr>
E                   <td>WSGI_APPLICATION</td>
E                   <td class="code"><pre>&#x27;auth.wsgi.application&#x27;</pre></td>
E                 </tr>
E               
E                 <tr>
E                   <td>X_FRAME_OPTIONS</td>
E                   <td class="code"><pre>&#x27;DENY&#x27;</pre></td>
E                 </tr>
E               
E                 <tr>
E                   <td>YEAR_MONTH_FORMAT</td>
E                   <td class="code"><pre>&#x27;F Y&#x27;</pre></td>
E                 </tr>
E               
E             </tbody>
E           </table>
E         
E         </div>
E         </main>
E         
E         
E           <footer id="explanation">
E             <p>
E               You’re seeing this error because you have <code>DEBUG = True</code> in your
E               Django settings file. Change that to <code>False</code>, and Django will
E               display a standard page generated by the handler for this status code.
E             </p>
E           </footer>
E         
E         </body>
E         </html>
E         
E       assert 500 == 200
E        +  where 500 = <Response [500]>.status_code

conftest.py:29: AssertionError
=================================== FAILURES ===================================
_________________________ test_websocket_notification __________________________

args = (), kwargs = {}

    def inner(*args, **kwargs):
        with self:
>           return func(*args, **kwargs)
                   ^^^^^^^^^^^^^^^^^^^^^
E           sqlite3.IntegrityError: FOREIGN KEY constraint failed

venv/lib/python3.13/site-packages/django/db/utils.py:98: IntegrityError

The above exception was the direct cause of the following exception:

    def test_websocket_notification():
        """Test complet de création de notification avec vérification WebSocket."""
    
        print("🔔 Test de notification WebSocket")
        print("=" * 50)
    
        # 1. Créer une notification
>       notification = create_test_notification()
                       ^^^^^^^^^^^^^^^^^^^^^^^^^^

Backend/test_notification.py:61: 
_ _ _ _ _ _ _ _ _ _ _ _ _ _ _ _ _ _ _ _ _ _ _ _ _ _ _ _ _ _ _ _ _ _ _ _ _ _ _ _ 
Backend/test_notification.py:38: in create_test_notification
    notification = Notification.objects.create(
venv/lib/python3.13/site-packages/django/db/models/manager.py:87: in manager_method
    return getattr(self.get_queryset(), name)(*args, **kwargs)
           ^^^^^^^^^^^^^^^^^^^^^^^^^^^^^^^^^^^^^^^^^^^^^^^^^^^
venv/lib/python3.13/site-packages/django/db/models/query.py:663: in create
    obj.save(force_insert=True, using=self.db)
venv/lib/python3.13/site-packages/django/db/models/base.py:902: in save
    self.save_base(
venv/lib/python3.13/site-packages/django/db/models/base.py:1008: in save_base
    updated = self._save_table(
venv/lib/python3.13/site-packages/django/db/models/base.py:1169: in _save_table
    results = self._do_insert(
venv/lib/python3.13/site-packages/django/db/models/base.py:1210: in _do_insert
    return manager._insert(
venv/lib/python3.13/site-packages/django/db/models/manager.py:87: in manager_method
    return getattr(self.get_queryset(), name)(*args, **kwargs)
           ^^^^^^^^^^^^^^^^^^^^^^^^^^^^^^^^^^^^^^^^^^^^^^^^^^^
venv/lib/python3.13/site-packages/django/db/models/query.py:1868: in _insert
    return query.get_compiler(using=using).execute_sql(returning_fields)
           ^^^^^^^^^^^^^^^^^^^^^^^^^^^^^^^^^^^^^^^^^^^^^^^^^^^^^^^^^^^^^
venv/lib/python3.13/site-packages/django/db/models/sql/compiler.py:1894: in execute_sql
    self.connection.ops.fetch_returned_insert_columns(
venv/lib/python3.13/site-packages/django/db/backends/base/operations.py:215: in fetch_returned_insert_columns
    return cursor.fetchone()
           ^^^^^^^^^^^^^^^^^
venv/lib/python3.13/site-packages/django/db/utils.py:97: in inner
    with self:
         ^^^^
venv/lib/python3.13/site-packages/django/db/utils.py:91: in __exit__
    raise dj_exc_value.with_traceback(traceback) from exc_value
_ _ _ _ _ _ _ _ _ _ _ _ _ _ _ _ _ _ _ _ _ _ _ _ _ _ _ _ _ _ _ _ _ _ _ _ _ _ _ _ 

args = (), kwargs = {}

    def inner(*args, **kwargs):
        with self:
>           return func(*args, **kwargs)
                   ^^^^^^^^^^^^^^^^^^^^^
E           django.db.utils.IntegrityError: FOREIGN KEY constraint failed

venv/lib/python3.13/site-packages/django/db/utils.py:98: IntegrityError
----------------------------- Captured stdout call -----------------------------
🔔 Test de notification WebSocket
==================================================
______________________ TokenExpiryTest.test_expired_token ______________________

self = <django.db.backends.utils.CursorDebugWrapper object at 0x106d1ff20>
sql = 'INSERT INTO "users_user" ("password", "last_login", "is_superuser", "username", "first_name", "last_name", "is_staff"...created_at", "updated_at") VALUES (%s, %s, %s, %s, %s, %s, %s, %s, %s, %s, %s, %s, %s, %s) RETURNING "users_user"."id"'
params = ('pbkdf2_sha256$1000000$G7aXUK5ln1TJJdpyO7MsoW$o6P4gEDnwbB3IEIsBtHzbGM7iZqFA5yD0wQpEjZXEiY=', None, False, 'testuser', '', '', ...)
ignored_wrapper_args = (False, {'connection': <DatabaseWrapper vendor='sqlite' alias='default'>, 'cursor': <django.db.backends.utils.CursorDebugWrapper object at 0x106d1ff20>})

    def _execute(self, sql, params, *ignored_wrapper_args):
        # Raise a warning during app initialization (stored_app_configs is only
        # ever set during testing).
        if not apps.ready and not apps.stored_app_configs:
            warnings.warn(self.APPS_NOT_READY_WARNING_MSG, category=RuntimeWarning)
        self.db.validate_no_broken_transaction()
        with self.db.wrap_database_errors:
            if params is None:
                # params default might be backend specific.
                return self.cursor.execute(sql)
            else:
>               return self.cursor.execute(sql, params)
                       ^^^^^^^^^^^^^^^^^^^^^^^^^^^^^^^^

venv/lib/python3.13/site-packages/django/db/backends/utils.py:105: 
_ _ _ _ _ _ _ _ _ _ _ _ _ _ _ _ _ _ _ _ _ _ _ _ _ _ _ _ _ _ _ _ _ _ _ _ _ _ _ _ 

self = <django.db.backends.sqlite3.base.SQLiteCursorWrapper object at 0x106e3e720>
query = 'INSERT INTO "users_user" ("password", "last_login", "is_superuser", "username", "first_name", "last_name", "is_staff"...s_verified", "created_at", "updated_at") VALUES (?, ?, ?, ?, ?, ?, ?, ?, ?, ?, ?, ?, ?, ?) RETURNING "users_user"."id"'
params = ('pbkdf2_sha256$1000000$G7aXUK5ln1TJJdpyO7MsoW$o6P4gEDnwbB3IEIsBtHzbGM7iZqFA5yD0wQpEjZXEiY=', None, False, 'testuser', '', '', ...)

    def execute(self, query, params=None):
        if params is None:
            return super().execute(query)
        # Extract names if params is a mapping, i.e. "pyformat" style is used.
        param_names = list(params) if isinstance(params, Mapping) else None
        query = self.convert_query(query, param_names=param_names)
>       return super().execute(query, params)
               ^^^^^^^^^^^^^^^^^^^^^^^^^^^^^^
E       sqlite3.IntegrityError: UNIQUE constraint failed: users_user.username

venv/lib/python3.13/site-packages/django/db/backends/sqlite3/base.py:360: IntegrityError

The above exception was the direct cause of the following exception:

self = <test_token_expiry.TokenExpiryTest testMethod=test_expired_token>

    def setUp(self):
>       self.user = User.objects.create_user(username='testuser', password='testpass')
                    ^^^^^^^^^^^^^^^^^^^^^^^^^^^^^^^^^^^^^^^^^^^^^^^^^^^^^^^^^^^^^^^^^^

Backend/test_token_expiry.py:12: 
_ _ _ _ _ _ _ _ _ _ _ _ _ _ _ _ _ _ _ _ _ _ _ _ _ _ _ _ _ _ _ _ _ _ _ _ _ _ _ _ 
venv/lib/python3.13/site-packages/django/contrib/auth/models.py:175: in create_user
    return self._create_user(username, email, password, **extra_fields)
           ^^^^^^^^^^^^^^^^^^^^^^^^^^^^^^^^^^^^^^^^^^^^^^^^^^^^^^^^^^^^
venv/lib/python3.13/site-packages/django/contrib/auth/models.py:163: in _create_user
    user.save(using=self._db)
venv/lib/python3.13/site-packages/django/contrib/auth/base_user.py:65: in save
    super().save(*args, **kwargs)
venv/lib/python3.13/site-packages/django/db/models/base.py:902: in save
    self.save_base(
venv/lib/python3.13/site-packages/django/db/models/base.py:1008: in save_base
    updated = self._save_table(
venv/lib/python3.13/site-packages/django/db/models/base.py:1169: in _save_table
    results = self._do_insert(
venv/lib/python3.13/site-packages/django/db/models/base.py:1210: in _do_insert
    return manager._insert(
venv/lib/python3.13/site-packages/django/db/models/manager.py:87: in manager_method
    return getattr(self.get_queryset(), name)(*args, **kwargs)
           ^^^^^^^^^^^^^^^^^^^^^^^^^^^^^^^^^^^^^^^^^^^^^^^^^^^
venv/lib/python3.13/site-packages/django/db/models/query.py:1868: in _insert
    return query.get_compiler(using=using).execute_sql(returning_fields)
           ^^^^^^^^^^^^^^^^^^^^^^^^^^^^^^^^^^^^^^^^^^^^^^^^^^^^^^^^^^^^^
venv/lib/python3.13/site-packages/django/db/models/sql/compiler.py:1882: in execute_sql
    cursor.execute(sql, params)
venv/lib/python3.13/site-packages/django/db/backends/utils.py:122: in execute
    return super().execute(sql, params)
           ^^^^^^^^^^^^^^^^^^^^^^^^^^^^
venv/lib/python3.13/site-packages/django/db/backends/utils.py:79: in execute
    return self._execute_with_wrappers(
venv/lib/python3.13/site-packages/django/db/backends/utils.py:92: in _execute_with_wrappers
    return executor(sql, params, many, context)
           ^^^^^^^^^^^^^^^^^^^^^^^^^^^^^^^^^^^^
venv/lib/python3.13/site-packages/django/db/backends/utils.py:100: in _execute
    with self.db.wrap_database_errors:
         ^^^^^^^^^^^^^^^^^^^^^^^^^^^^
venv/lib/python3.13/site-packages/django/db/utils.py:91: in __exit__
    raise dj_exc_value.with_traceback(traceback) from exc_value
venv/lib/python3.13/site-packages/django/db/backends/utils.py:105: in _execute
    return self.cursor.execute(sql, params)
           ^^^^^^^^^^^^^^^^^^^^^^^^^^^^^^^^
_ _ _ _ _ _ _ _ _ _ _ _ _ _ _ _ _ _ _ _ _ _ _ _ _ _ _ _ _ _ _ _ _ _ _ _ _ _ _ _ 

self = <django.db.backends.sqlite3.base.SQLiteCursorWrapper object at 0x106e3e720>
query = 'INSERT INTO "users_user" ("password", "last_login", "is_superuser", "username", "first_name", "last_name", "is_staff"...s_verified", "created_at", "updated_at") VALUES (?, ?, ?, ?, ?, ?, ?, ?, ?, ?, ?, ?, ?, ?) RETURNING "users_user"."id"'
params = ('pbkdf2_sha256$1000000$G7aXUK5ln1TJJdpyO7MsoW$o6P4gEDnwbB3IEIsBtHzbGM7iZqFA5yD0wQpEjZXEiY=', None, False, 'testuser', '', '', ...)

    def execute(self, query, params=None):
        if params is None:
            return super().execute(query)
        # Extract names if params is a mapping, i.e. "pyformat" style is used.
        param_names = list(params) if isinstance(params, Mapping) else None
        query = self.convert_query(query, param_names=param_names)
>       return super().execute(query, params)
               ^^^^^^^^^^^^^^^^^^^^^^^^^^^^^^
E       django.db.utils.IntegrityError: UNIQUE constraint failed: users_user.username

venv/lib/python3.13/site-packages/django/db/backends/sqlite3/base.py:360: IntegrityError
__________________________________ test_login __________________________________

request = <WSGIRequest: POST '/users/login/'>

    @wraps(get_response)
    def inner(request):
        try:
>           response = get_response(request)
                       ^^^^^^^^^^^^^^^^^^^^^

venv/lib/python3.13/site-packages/django/core/handlers/exception.py:55: 
_ _ _ _ _ _ _ _ _ _ _ _ _ _ _ _ _ _ _ _ _ _ _ _ _ _ _ _ _ _ _ _ _ _ _ _ _ _ _ _ 
venv/lib/python3.13/site-packages/django/core/handlers/base.py:181: in _get_response
    callback, callback_args, callback_kwargs = self.resolve_request(request)
                                               ^^^^^^^^^^^^^^^^^^^^^^^^^^^^^
venv/lib/python3.13/site-packages/django/core/handlers/base.py:313: in resolve_request
    resolver_match = resolver.resolve(request.path_info)
                     ^^^^^^^^^^^^^^^^^^^^^^^^^^^^^^^^^^^
venv/lib/python3.13/site-packages/django/urls/resolvers.py:666: in resolve
    for pattern in self.url_patterns:
                   ^^^^^^^^^^^^^^^^^
venv/lib/python3.13/site-packages/django/utils/functional.py:47: in __get__
    res = instance.__dict__[self.name] = self.func(instance)
                                         ^^^^^^^^^^^^^^^^^^^
venv/lib/python3.13/site-packages/django/urls/resolvers.py:718: in url_patterns
    patterns = getattr(self.urlconf_module, "urlpatterns", self.urlconf_module)
                       ^^^^^^^^^^^^^^^^^^^
venv/lib/python3.13/site-packages/django/utils/functional.py:47: in __get__
    res = instance.__dict__[self.name] = self.func(instance)
                                         ^^^^^^^^^^^^^^^^^^^
venv/lib/python3.13/site-packages/django/urls/resolvers.py:711: in urlconf_module
    return import_module(self.urlconf_name)
           ^^^^^^^^^^^^^^^^^^^^^^^^^^^^^^^^
/opt/homebrew/Cellar/python@3.13/3.13.5/Frameworks/Python.framework/Versions/3.13/lib/python3.13/importlib/__init__.py:88: in import_module
    return _bootstrap._gcd_import(name[level:], package, level)
           ^^^^^^^^^^^^^^^^^^^^^^^^^^^^^^^^^^^^^^^^^^^^^^^^^^^^
Backend/auth/urls.py:8: in <module>
    path('users/', include('users.urls')),
                   ^^^^^^^^^^^^^^^^^^^^^
venv/lib/python3.13/site-packages/django/urls/conf.py:39: in include
    urlconf_module = import_module(urlconf_module)
                     ^^^^^^^^^^^^^^^^^^^^^^^^^^^^^
/opt/homebrew/Cellar/python@3.13/3.13.5/Frameworks/Python.framework/Versions/3.13/lib/python3.13/importlib/__init__.py:88: in import_module
    return _bootstrap._gcd_import(name[level:], package, level)
           ^^^^^^^^^^^^^^^^^^^^^^^^^^^^^^^^^^^^^^^^^^^^^^^^^^^^
Backend/users/urls.py:2: in <module>
    from .views import (
Backend/users/views.py:10: in <module>
    from .utils import log_event, send_security_notification
Backend/users/utils.py:4: in <module>
    from depannage.utils import get_location_from_ip
_ _ _ _ _ _ _ _ _ _ _ _ _ _ _ _ _ _ _ _ _ _ _ _ _ _ _ _ _ _ _ _ _ _ _ _ _ _ _ _ 

    import uuid
    import hashlib
    import hmac
    from django.conf import settings
    from datetime import datetime
    from math import radians, sin, cos, sqrt, atan2
    import os
>   import geoip2.database
E   ModuleNotFoundError: No module named 'geoip2'

Backend/depannage/utils.py:8: ModuleNotFoundError

During handling of the above exception, another exception occurred:

request = <WSGIRequest: POST '/users/login/'>

    @wraps(get_response)
    def inner(request):
        try:
>           response = get_response(request)
                       ^^^^^^^^^^^^^^^^^^^^^

venv/lib/python3.13/site-packages/django/core/handlers/exception.py:55: 
_ _ _ _ _ _ _ _ _ _ _ _ _ _ _ _ _ _ _ _ _ _ _ _ _ _ _ _ _ _ _ _ _ _ _ _ _ _ _ _ 
Backend/auth/middleware.py:48: in __call__
    return self.get_response(request)
           ^^^^^^^^^^^^^^^^^^^^^^^^^^
venv/lib/python3.13/site-packages/django/core/handlers/exception.py:57: in inner
    response = response_for_exception(request, exc)
               ^^^^^^^^^^^^^^^^^^^^^^^^^^^^^^^^^^^^
venv/lib/python3.13/site-packages/django/core/handlers/exception.py:141: in response_for_exception
    response = handle_uncaught_exception(
venv/lib/python3.13/site-packages/django/core/handlers/exception.py:182: in handle_uncaught_exception
    return debug.technical_500_response(request, *exc_info)
           ^^^^^^^^^^^^^^^^^^^^^^^^^^^^^^^^^^^^^^^^^^^^^^^^
venv/lib/python3.13/site-packages/django/views/debug.py:69: in technical_500_response
    html = reporter.get_traceback_html()
           ^^^^^^^^^^^^^^^^^^^^^^^^^^^^^
venv/lib/python3.13/site-packages/django/views/debug.py:428: in get_traceback_html
    c = Context(self.get_traceback_data(), use_l10n=False)
                ^^^^^^^^^^^^^^^^^^^^^^^^^
venv/lib/python3.13/site-packages/django/views/debug.py:411: in get_traceback_data
    c["raising_view_name"] = get_caller(self.request)
                             ^^^^^^^^^^^^^^^^^^^^^^^^
venv/lib/python3.13/site-packages/django/views/debug.py:102: in get_caller
    resolver_match = resolve(request.path)
                     ^^^^^^^^^^^^^^^^^^^^^
venv/lib/python3.13/site-packages/django/urls/base.py:25: in resolve
    return get_resolver(urlconf).resolve(path)
           ^^^^^^^^^^^^^^^^^^^^^^^^^^^^^^^^^^^
venv/lib/python3.13/site-packages/django/urls/resolvers.py:666: in resolve
    for pattern in self.url_patterns:
                   ^^^^^^^^^^^^^^^^^
venv/lib/python3.13/site-packages/django/utils/functional.py:47: in __get__
    res = instance.__dict__[self.name] = self.func(instance)
                                         ^^^^^^^^^^^^^^^^^^^
venv/lib/python3.13/site-packages/django/urls/resolvers.py:718: in url_patterns
    patterns = getattr(self.urlconf_module, "urlpatterns", self.urlconf_module)
                       ^^^^^^^^^^^^^^^^^^^
venv/lib/python3.13/site-packages/django/utils/functional.py:47: in __get__
    res = instance.__dict__[self.name] = self.func(instance)
                                         ^^^^^^^^^^^^^^^^^^^
venv/lib/python3.13/site-packages/django/urls/resolvers.py:711: in urlconf_module
    return import_module(self.urlconf_name)
           ^^^^^^^^^^^^^^^^^^^^^^^^^^^^^^^^
/opt/homebrew/Cellar/python@3.13/3.13.5/Frameworks/Python.framework/Versions/3.13/lib/python3.13/importlib/__init__.py:88: in import_module
    return _bootstrap._gcd_import(name[level:], package, level)
           ^^^^^^^^^^^^^^^^^^^^^^^^^^^^^^^^^^^^^^^^^^^^^^^^^^^^
Backend/auth/urls.py:8: in <module>
    path('users/', include('users.urls')),
                   ^^^^^^^^^^^^^^^^^^^^^
venv/lib/python3.13/site-packages/django/urls/conf.py:39: in include
    urlconf_module = import_module(urlconf_module)
                     ^^^^^^^^^^^^^^^^^^^^^^^^^^^^^
/opt/homebrew/Cellar/python@3.13/3.13.5/Frameworks/Python.framework/Versions/3.13/lib/python3.13/importlib/__init__.py:88: in import_module
    return _bootstrap._gcd_import(name[level:], package, level)
           ^^^^^^^^^^^^^^^^^^^^^^^^^^^^^^^^^^^^^^^^^^^^^^^^^^^^
Backend/users/urls.py:2: in <module>
    from .views import (
Backend/users/views.py:10: in <module>
    from .utils import log_event, send_security_notification
Backend/users/utils.py:4: in <module>
    from depannage.utils import get_location_from_ip
_ _ _ _ _ _ _ _ _ _ _ _ _ _ _ _ _ _ _ _ _ _ _ _ _ _ _ _ _ _ _ _ _ _ _ _ _ _ _ _ 

    import uuid
    import hashlib
    import hmac
    from django.conf import settings
    from datetime import datetime
    from math import radians, sin, cos, sqrt, atan2
    import os
>   import geoip2.database
E   ModuleNotFoundError: No module named 'geoip2'

Backend/depannage/utils.py:8: ModuleNotFoundError

During handling of the above exception, another exception occurred:

request = <WSGIRequest: POST '/users/login/'>

    @wraps(get_response)
    def inner(request):
        try:
>           response = get_response(request)
                       ^^^^^^^^^^^^^^^^^^^^^

venv/lib/python3.13/site-packages/django/core/handlers/exception.py:55: 
_ _ _ _ _ _ _ _ _ _ _ _ _ _ _ _ _ _ _ _ _ _ _ _ _ _ _ _ _ _ _ _ _ _ _ _ _ _ _ _ 
Backend/auth/middleware.py:24: in __call__
    response = self.get_response(request)
               ^^^^^^^^^^^^^^^^^^^^^^^^^^
venv/lib/python3.13/site-packages/django/core/handlers/exception.py:57: in inner
    response = response_for_exception(request, exc)
               ^^^^^^^^^^^^^^^^^^^^^^^^^^^^^^^^^^^^
venv/lib/python3.13/site-packages/django/core/handlers/exception.py:141: in response_for_exception
    response = handle_uncaught_exception(
venv/lib/python3.13/site-packages/django/core/handlers/exception.py:182: in handle_uncaught_exception
    return debug.technical_500_response(request, *exc_info)
           ^^^^^^^^^^^^^^^^^^^^^^^^^^^^^^^^^^^^^^^^^^^^^^^^
venv/lib/python3.13/site-packages/django/views/debug.py:69: in technical_500_response
    html = reporter.get_traceback_html()
           ^^^^^^^^^^^^^^^^^^^^^^^^^^^^^
venv/lib/python3.13/site-packages/django/views/debug.py:428: in get_traceback_html
    c = Context(self.get_traceback_data(), use_l10n=False)
                ^^^^^^^^^^^^^^^^^^^^^^^^^
venv/lib/python3.13/site-packages/django/views/debug.py:411: in get_traceback_data
    c["raising_view_name"] = get_caller(self.request)
                             ^^^^^^^^^^^^^^^^^^^^^^^^
venv/lib/python3.13/site-packages/django/views/debug.py:102: in get_caller
    resolver_match = resolve(request.path)
                     ^^^^^^^^^^^^^^^^^^^^^
venv/lib/python3.13/site-packages/django/urls/base.py:25: in resolve
    return get_resolver(urlconf).resolve(path)
           ^^^^^^^^^^^^^^^^^^^^^^^^^^^^^^^^^^^
venv/lib/python3.13/site-packages/django/urls/resolvers.py:666: in resolve
    for pattern in self.url_patterns:
                   ^^^^^^^^^^^^^^^^^
venv/lib/python3.13/site-packages/django/utils/functional.py:47: in __get__
    res = instance.__dict__[self.name] = self.func(instance)
                                         ^^^^^^^^^^^^^^^^^^^
venv/lib/python3.13/site-packages/django/urls/resolvers.py:718: in url_patterns
    patterns = getattr(self.urlconf_module, "urlpatterns", self.urlconf_module)
                       ^^^^^^^^^^^^^^^^^^^
venv/lib/python3.13/site-packages/django/utils/functional.py:47: in __get__
    res = instance.__dict__[self.name] = self.func(instance)
                                         ^^^^^^^^^^^^^^^^^^^
venv/lib/python3.13/site-packages/django/urls/resolvers.py:711: in urlconf_module
    return import_module(self.urlconf_name)
           ^^^^^^^^^^^^^^^^^^^^^^^^^^^^^^^^
/opt/homebrew/Cellar/python@3.13/3.13.5/Frameworks/Python.framework/Versions/3.13/lib/python3.13/importlib/__init__.py:88: in import_module
    return _bootstrap._gcd_import(name[level:], package, level)
           ^^^^^^^^^^^^^^^^^^^^^^^^^^^^^^^^^^^^^^^^^^^^^^^^^^^^
Backend/auth/urls.py:8: in <module>
    path('users/', include('users.urls')),
                   ^^^^^^^^^^^^^^^^^^^^^
venv/lib/python3.13/site-packages/django/urls/conf.py:39: in include
    urlconf_module = import_module(urlconf_module)
                     ^^^^^^^^^^^^^^^^^^^^^^^^^^^^^
/opt/homebrew/Cellar/python@3.13/3.13.5/Frameworks/Python.framework/Versions/3.13/lib/python3.13/importlib/__init__.py:88: in import_module
    return _bootstrap._gcd_import(name[level:], package, level)
           ^^^^^^^^^^^^^^^^^^^^^^^^^^^^^^^^^^^^^^^^^^^^^^^^^^^^
Backend/users/urls.py:2: in <module>
    from .views import (
Backend/users/views.py:10: in <module>
    from .utils import log_event, send_security_notification
Backend/users/utils.py:4: in <module>
    from depannage.utils import get_location_from_ip
_ _ _ _ _ _ _ _ _ _ _ _ _ _ _ _ _ _ _ _ _ _ _ _ _ _ _ _ _ _ _ _ _ _ _ _ _ _ _ _ 

    import uuid
    import hashlib
    import hmac
    from django.conf import settings
    from datetime import datetime
    from math import radians, sin, cos, sqrt, atan2
    import os
>   import geoip2.database
E   ModuleNotFoundError: No module named 'geoip2'

Backend/depannage/utils.py:8: ModuleNotFoundError

During handling of the above exception, another exception occurred:

request = <WSGIRequest: POST '/users/login/'>

    @wraps(get_response)
    def inner(request):
        try:
>           response = get_response(request)
                       ^^^^^^^^^^^^^^^^^^^^^

venv/lib/python3.13/site-packages/django/core/handlers/exception.py:55: 
_ _ _ _ _ _ _ _ _ _ _ _ _ _ _ _ _ _ _ _ _ _ _ _ _ _ _ _ _ _ _ _ _ _ _ _ _ _ _ _ 
venv/lib/python3.13/site-packages/django/utils/deprecation.py:120: in __call__
    response = response or self.get_response(request)
                           ^^^^^^^^^^^^^^^^^^^^^^^^^^
venv/lib/python3.13/site-packages/django/core/handlers/exception.py:57: in inner
    response = response_for_exception(request, exc)
               ^^^^^^^^^^^^^^^^^^^^^^^^^^^^^^^^^^^^
venv/lib/python3.13/site-packages/django/core/handlers/exception.py:141: in response_for_exception
    response = handle_uncaught_exception(
venv/lib/python3.13/site-packages/django/core/handlers/exception.py:182: in handle_uncaught_exception
    return debug.technical_500_response(request, *exc_info)
           ^^^^^^^^^^^^^^^^^^^^^^^^^^^^^^^^^^^^^^^^^^^^^^^^
venv/lib/python3.13/site-packages/django/views/debug.py:69: in technical_500_response
    html = reporter.get_traceback_html()
           ^^^^^^^^^^^^^^^^^^^^^^^^^^^^^
venv/lib/python3.13/site-packages/django/views/debug.py:428: in get_traceback_html
    c = Context(self.get_traceback_data(), use_l10n=False)
                ^^^^^^^^^^^^^^^^^^^^^^^^^
venv/lib/python3.13/site-packages/django/views/debug.py:411: in get_traceback_data
    c["raising_view_name"] = get_caller(self.request)
                             ^^^^^^^^^^^^^^^^^^^^^^^^
venv/lib/python3.13/site-packages/django/views/debug.py:102: in get_caller
    resolver_match = resolve(request.path)
                     ^^^^^^^^^^^^^^^^^^^^^
venv/lib/python3.13/site-packages/django/urls/base.py:25: in resolve
    return get_resolver(urlconf).resolve(path)
           ^^^^^^^^^^^^^^^^^^^^^^^^^^^^^^^^^^^
venv/lib/python3.13/site-packages/django/urls/resolvers.py:666: in resolve
    for pattern in self.url_patterns:
                   ^^^^^^^^^^^^^^^^^
venv/lib/python3.13/site-packages/django/utils/functional.py:47: in __get__
    res = instance.__dict__[self.name] = self.func(instance)
                                         ^^^^^^^^^^^^^^^^^^^
venv/lib/python3.13/site-packages/django/urls/resolvers.py:718: in url_patterns
    patterns = getattr(self.urlconf_module, "urlpatterns", self.urlconf_module)
                       ^^^^^^^^^^^^^^^^^^^
venv/lib/python3.13/site-packages/django/utils/functional.py:47: in __get__
    res = instance.__dict__[self.name] = self.func(instance)
                                         ^^^^^^^^^^^^^^^^^^^
venv/lib/python3.13/site-packages/django/urls/resolvers.py:711: in urlconf_module
    return import_module(self.urlconf_name)
           ^^^^^^^^^^^^^^^^^^^^^^^^^^^^^^^^
/opt/homebrew/Cellar/python@3.13/3.13.5/Frameworks/Python.framework/Versions/3.13/lib/python3.13/importlib/__init__.py:88: in import_module
    return _bootstrap._gcd_import(name[level:], package, level)
           ^^^^^^^^^^^^^^^^^^^^^^^^^^^^^^^^^^^^^^^^^^^^^^^^^^^^
Backend/auth/urls.py:8: in <module>
    path('users/', include('users.urls')),
                   ^^^^^^^^^^^^^^^^^^^^^
venv/lib/python3.13/site-packages/django/urls/conf.py:39: in include
    urlconf_module = import_module(urlconf_module)
                     ^^^^^^^^^^^^^^^^^^^^^^^^^^^^^
/opt/homebrew/Cellar/python@3.13/3.13.5/Frameworks/Python.framework/Versions/3.13/lib/python3.13/importlib/__init__.py:88: in import_module
    return _bootstrap._gcd_import(name[level:], package, level)
           ^^^^^^^^^^^^^^^^^^^^^^^^^^^^^^^^^^^^^^^^^^^^^^^^^^^^
Backend/users/urls.py:2: in <module>
    from .views import (
Backend/users/views.py:10: in <module>
    from .utils import log_event, send_security_notification
Backend/users/utils.py:4: in <module>
    from depannage.utils import get_location_from_ip
_ _ _ _ _ _ _ _ _ _ _ _ _ _ _ _ _ _ _ _ _ _ _ _ _ _ _ _ _ _ _ _ _ _ _ _ _ _ _ _ 

    import uuid
    import hashlib
    import hmac
    from django.conf import settings
    from datetime import datetime
    from math import radians, sin, cos, sqrt, atan2
    import os
>   import geoip2.database
E   ModuleNotFoundError: No module named 'geoip2'

Backend/depannage/utils.py:8: ModuleNotFoundError

During handling of the above exception, another exception occurred:

request = <WSGIRequest: POST '/users/login/'>

    @wraps(get_response)
    def inner(request):
        try:
>           response = get_response(request)
                       ^^^^^^^^^^^^^^^^^^^^^

venv/lib/python3.13/site-packages/django/core/handlers/exception.py:55: 
_ _ _ _ _ _ _ _ _ _ _ _ _ _ _ _ _ _ _ _ _ _ _ _ _ _ _ _ _ _ _ _ _ _ _ _ _ _ _ _ 
venv/lib/python3.13/site-packages/django/utils/deprecation.py:120: in __call__
    response = response or self.get_response(request)
                           ^^^^^^^^^^^^^^^^^^^^^^^^^^
venv/lib/python3.13/site-packages/django/core/handlers/exception.py:57: in inner
    response = response_for_exception(request, exc)
               ^^^^^^^^^^^^^^^^^^^^^^^^^^^^^^^^^^^^
venv/lib/python3.13/site-packages/django/core/handlers/exception.py:141: in response_for_exception
    response = handle_uncaught_exception(
venv/lib/python3.13/site-packages/django/core/handlers/exception.py:182: in handle_uncaught_exception
    return debug.technical_500_response(request, *exc_info)
           ^^^^^^^^^^^^^^^^^^^^^^^^^^^^^^^^^^^^^^^^^^^^^^^^
venv/lib/python3.13/site-packages/django/views/debug.py:69: in technical_500_response
    html = reporter.get_traceback_html()
           ^^^^^^^^^^^^^^^^^^^^^^^^^^^^^
venv/lib/python3.13/site-packages/django/views/debug.py:428: in get_traceback_html
    c = Context(self.get_traceback_data(), use_l10n=False)
                ^^^^^^^^^^^^^^^^^^^^^^^^^
venv/lib/python3.13/site-packages/django/views/debug.py:411: in get_traceback_data
    c["raising_view_name"] = get_caller(self.request)
                             ^^^^^^^^^^^^^^^^^^^^^^^^
venv/lib/python3.13/site-packages/django/views/debug.py:102: in get_caller
    resolver_match = resolve(request.path)
                     ^^^^^^^^^^^^^^^^^^^^^
venv/lib/python3.13/site-packages/django/urls/base.py:25: in resolve
    return get_resolver(urlconf).resolve(path)
           ^^^^^^^^^^^^^^^^^^^^^^^^^^^^^^^^^^^
venv/lib/python3.13/site-packages/django/urls/resolvers.py:666: in resolve
    for pattern in self.url_patterns:
                   ^^^^^^^^^^^^^^^^^
venv/lib/python3.13/site-packages/django/utils/functional.py:47: in __get__
    res = instance.__dict__[self.name] = self.func(instance)
                                         ^^^^^^^^^^^^^^^^^^^
venv/lib/python3.13/site-packages/django/urls/resolvers.py:718: in url_patterns
    patterns = getattr(self.urlconf_module, "urlpatterns", self.urlconf_module)
                       ^^^^^^^^^^^^^^^^^^^
venv/lib/python3.13/site-packages/django/utils/functional.py:47: in __get__
    res = instance.__dict__[self.name] = self.func(instance)
                                         ^^^^^^^^^^^^^^^^^^^
venv/lib/python3.13/site-packages/django/urls/resolvers.py:711: in urlconf_module
    return import_module(self.urlconf_name)
           ^^^^^^^^^^^^^^^^^^^^^^^^^^^^^^^^
/opt/homebrew/Cellar/python@3.13/3.13.5/Frameworks/Python.framework/Versions/3.13/lib/python3.13/importlib/__init__.py:88: in import_module
    return _bootstrap._gcd_import(name[level:], package, level)
           ^^^^^^^^^^^^^^^^^^^^^^^^^^^^^^^^^^^^^^^^^^^^^^^^^^^^
Backend/auth/urls.py:8: in <module>
    path('users/', include('users.urls')),
                   ^^^^^^^^^^^^^^^^^^^^^
venv/lib/python3.13/site-packages/django/urls/conf.py:39: in include
    urlconf_module = import_module(urlconf_module)
                     ^^^^^^^^^^^^^^^^^^^^^^^^^^^^^
/opt/homebrew/Cellar/python@3.13/3.13.5/Frameworks/Python.framework/Versions/3.13/lib/python3.13/importlib/__init__.py:88: in import_module
    return _bootstrap._gcd_import(name[level:], package, level)
           ^^^^^^^^^^^^^^^^^^^^^^^^^^^^^^^^^^^^^^^^^^^^^^^^^^^^
Backend/users/urls.py:2: in <module>
    from .views import (
Backend/users/views.py:10: in <module>
    from .utils import log_event, send_security_notification
Backend/users/utils.py:4: in <module>
    from depannage.utils import get_location_from_ip
_ _ _ _ _ _ _ _ _ _ _ _ _ _ _ _ _ _ _ _ _ _ _ _ _ _ _ _ _ _ _ _ _ _ _ _ _ _ _ _ 

    import uuid
    import hashlib
    import hmac
    from django.conf import settings
    from datetime import datetime
    from math import radians, sin, cos, sqrt, atan2
    import os
>   import geoip2.database
E   ModuleNotFoundError: No module named 'geoip2'

Backend/depannage/utils.py:8: ModuleNotFoundError

During handling of the above exception, another exception occurred:

request = <WSGIRequest: POST '/users/login/'>

    @wraps(get_response)
    def inner(request):
        try:
>           response = get_response(request)
                       ^^^^^^^^^^^^^^^^^^^^^

venv/lib/python3.13/site-packages/django/core/handlers/exception.py:55: 
_ _ _ _ _ _ _ _ _ _ _ _ _ _ _ _ _ _ _ _ _ _ _ _ _ _ _ _ _ _ _ _ _ _ _ _ _ _ _ _ 
venv/lib/python3.13/site-packages/django/utils/deprecation.py:120: in __call__
    response = response or self.get_response(request)
                           ^^^^^^^^^^^^^^^^^^^^^^^^^^
venv/lib/python3.13/site-packages/django/core/handlers/exception.py:57: in inner
    response = response_for_exception(request, exc)
               ^^^^^^^^^^^^^^^^^^^^^^^^^^^^^^^^^^^^
venv/lib/python3.13/site-packages/django/core/handlers/exception.py:141: in response_for_exception
    response = handle_uncaught_exception(
venv/lib/python3.13/site-packages/django/core/handlers/exception.py:182: in handle_uncaught_exception
    return debug.technical_500_response(request, *exc_info)
           ^^^^^^^^^^^^^^^^^^^^^^^^^^^^^^^^^^^^^^^^^^^^^^^^
venv/lib/python3.13/site-packages/django/views/debug.py:69: in technical_500_response
    html = reporter.get_traceback_html()
           ^^^^^^^^^^^^^^^^^^^^^^^^^^^^^
venv/lib/python3.13/site-packages/django/views/debug.py:428: in get_traceback_html
    c = Context(self.get_traceback_data(), use_l10n=False)
                ^^^^^^^^^^^^^^^^^^^^^^^^^
venv/lib/python3.13/site-packages/django/views/debug.py:411: in get_traceback_data
    c["raising_view_name"] = get_caller(self.request)
                             ^^^^^^^^^^^^^^^^^^^^^^^^
venv/lib/python3.13/site-packages/django/views/debug.py:102: in get_caller
    resolver_match = resolve(request.path)
                     ^^^^^^^^^^^^^^^^^^^^^
venv/lib/python3.13/site-packages/django/urls/base.py:25: in resolve
    return get_resolver(urlconf).resolve(path)
           ^^^^^^^^^^^^^^^^^^^^^^^^^^^^^^^^^^^
venv/lib/python3.13/site-packages/django/urls/resolvers.py:666: in resolve
    for pattern in self.url_patterns:
                   ^^^^^^^^^^^^^^^^^
venv/lib/python3.13/site-packages/django/utils/functional.py:47: in __get__
    res = instance.__dict__[self.name] = self.func(instance)
                                         ^^^^^^^^^^^^^^^^^^^
venv/lib/python3.13/site-packages/django/urls/resolvers.py:718: in url_patterns
    patterns = getattr(self.urlconf_module, "urlpatterns", self.urlconf_module)
                       ^^^^^^^^^^^^^^^^^^^
venv/lib/python3.13/site-packages/django/utils/functional.py:47: in __get__
    res = instance.__dict__[self.name] = self.func(instance)
                                         ^^^^^^^^^^^^^^^^^^^
venv/lib/python3.13/site-packages/django/urls/resolvers.py:711: in urlconf_module
    return import_module(self.urlconf_name)
           ^^^^^^^^^^^^^^^^^^^^^^^^^^^^^^^^
/opt/homebrew/Cellar/python@3.13/3.13.5/Frameworks/Python.framework/Versions/3.13/lib/python3.13/importlib/__init__.py:88: in import_module
    return _bootstrap._gcd_import(name[level:], package, level)
           ^^^^^^^^^^^^^^^^^^^^^^^^^^^^^^^^^^^^^^^^^^^^^^^^^^^^
Backend/auth/urls.py:8: in <module>
    path('users/', include('users.urls')),
                   ^^^^^^^^^^^^^^^^^^^^^
venv/lib/python3.13/site-packages/django/urls/conf.py:39: in include
    urlconf_module = import_module(urlconf_module)
                     ^^^^^^^^^^^^^^^^^^^^^^^^^^^^^
/opt/homebrew/Cellar/python@3.13/3.13.5/Frameworks/Python.framework/Versions/3.13/lib/python3.13/importlib/__init__.py:88: in import_module
    return _bootstrap._gcd_import(name[level:], package, level)
           ^^^^^^^^^^^^^^^^^^^^^^^^^^^^^^^^^^^^^^^^^^^^^^^^^^^^
Backend/users/urls.py:2: in <module>
    from .views import (
Backend/users/views.py:10: in <module>
    from .utils import log_event, send_security_notification
Backend/users/utils.py:4: in <module>
    from depannage.utils import get_location_from_ip
_ _ _ _ _ _ _ _ _ _ _ _ _ _ _ _ _ _ _ _ _ _ _ _ _ _ _ _ _ _ _ _ _ _ _ _ _ _ _ _ 

    import uuid
    import hashlib
    import hmac
    from django.conf import settings
    from datetime import datetime
    from math import radians, sin, cos, sqrt, atan2
    import os
>   import geoip2.database
E   ModuleNotFoundError: No module named 'geoip2'

Backend/depannage/utils.py:8: ModuleNotFoundError

During handling of the above exception, another exception occurred:

request = <WSGIRequest: POST '/users/login/'>

    @wraps(get_response)
    def inner(request):
        try:
>           response = get_response(request)
                       ^^^^^^^^^^^^^^^^^^^^^

venv/lib/python3.13/site-packages/django/core/handlers/exception.py:55: 
_ _ _ _ _ _ _ _ _ _ _ _ _ _ _ _ _ _ _ _ _ _ _ _ _ _ _ _ _ _ _ _ _ _ _ _ _ _ _ _ 
venv/lib/python3.13/site-packages/django/utils/deprecation.py:120: in __call__
    response = response or self.get_response(request)
                           ^^^^^^^^^^^^^^^^^^^^^^^^^^
venv/lib/python3.13/site-packages/django/core/handlers/exception.py:57: in inner
    response = response_for_exception(request, exc)
               ^^^^^^^^^^^^^^^^^^^^^^^^^^^^^^^^^^^^
venv/lib/python3.13/site-packages/django/core/handlers/exception.py:141: in response_for_exception
    response = handle_uncaught_exception(
venv/lib/python3.13/site-packages/django/core/handlers/exception.py:182: in handle_uncaught_exception
    return debug.technical_500_response(request, *exc_info)
           ^^^^^^^^^^^^^^^^^^^^^^^^^^^^^^^^^^^^^^^^^^^^^^^^
venv/lib/python3.13/site-packages/django/views/debug.py:69: in technical_500_response
    html = reporter.get_traceback_html()
           ^^^^^^^^^^^^^^^^^^^^^^^^^^^^^
venv/lib/python3.13/site-packages/django/views/debug.py:428: in get_traceback_html
    c = Context(self.get_traceback_data(), use_l10n=False)
                ^^^^^^^^^^^^^^^^^^^^^^^^^
venv/lib/python3.13/site-packages/django/views/debug.py:411: in get_traceback_data
    c["raising_view_name"] = get_caller(self.request)
                             ^^^^^^^^^^^^^^^^^^^^^^^^
venv/lib/python3.13/site-packages/django/views/debug.py:102: in get_caller
    resolver_match = resolve(request.path)
                     ^^^^^^^^^^^^^^^^^^^^^
venv/lib/python3.13/site-packages/django/urls/base.py:25: in resolve
    return get_resolver(urlconf).resolve(path)
           ^^^^^^^^^^^^^^^^^^^^^^^^^^^^^^^^^^^
venv/lib/python3.13/site-packages/django/urls/resolvers.py:666: in resolve
    for pattern in self.url_patterns:
                   ^^^^^^^^^^^^^^^^^
venv/lib/python3.13/site-packages/django/utils/functional.py:47: in __get__
    res = instance.__dict__[self.name] = self.func(instance)
                                         ^^^^^^^^^^^^^^^^^^^
venv/lib/python3.13/site-packages/django/urls/resolvers.py:718: in url_patterns
    patterns = getattr(self.urlconf_module, "urlpatterns", self.urlconf_module)
                       ^^^^^^^^^^^^^^^^^^^
venv/lib/python3.13/site-packages/django/utils/functional.py:47: in __get__
    res = instance.__dict__[self.name] = self.func(instance)
                                         ^^^^^^^^^^^^^^^^^^^
venv/lib/python3.13/site-packages/django/urls/resolvers.py:711: in urlconf_module
    return import_module(self.urlconf_name)
           ^^^^^^^^^^^^^^^^^^^^^^^^^^^^^^^^
/opt/homebrew/Cellar/python@3.13/3.13.5/Frameworks/Python.framework/Versions/3.13/lib/python3.13/importlib/__init__.py:88: in import_module
    return _bootstrap._gcd_import(name[level:], package, level)
           ^^^^^^^^^^^^^^^^^^^^^^^^^^^^^^^^^^^^^^^^^^^^^^^^^^^^
Backend/auth/urls.py:8: in <module>
    path('users/', include('users.urls')),
                   ^^^^^^^^^^^^^^^^^^^^^
venv/lib/python3.13/site-packages/django/urls/conf.py:39: in include
    urlconf_module = import_module(urlconf_module)
                     ^^^^^^^^^^^^^^^^^^^^^^^^^^^^^
/opt/homebrew/Cellar/python@3.13/3.13.5/Frameworks/Python.framework/Versions/3.13/lib/python3.13/importlib/__init__.py:88: in import_module
    return _bootstrap._gcd_import(name[level:], package, level)
           ^^^^^^^^^^^^^^^^^^^^^^^^^^^^^^^^^^^^^^^^^^^^^^^^^^^^
Backend/users/urls.py:2: in <module>
    from .views import (
Backend/users/views.py:10: in <module>
    from .utils import log_event, send_security_notification
Backend/users/utils.py:4: in <module>
    from depannage.utils import get_location_from_ip
_ _ _ _ _ _ _ _ _ _ _ _ _ _ _ _ _ _ _ _ _ _ _ _ _ _ _ _ _ _ _ _ _ _ _ _ _ _ _ _ 

    import uuid
    import hashlib
    import hmac
    from django.conf import settings
    from datetime import datetime
    from math import radians, sin, cos, sqrt, atan2
    import os
>   import geoip2.database
E   ModuleNotFoundError: No module named 'geoip2'

Backend/depannage/utils.py:8: ModuleNotFoundError

During handling of the above exception, another exception occurred:

request = <WSGIRequest: POST '/users/login/'>

    @wraps(get_response)
    def inner(request):
        try:
>           response = get_response(request)
                       ^^^^^^^^^^^^^^^^^^^^^

venv/lib/python3.13/site-packages/django/core/handlers/exception.py:55: 
_ _ _ _ _ _ _ _ _ _ _ _ _ _ _ _ _ _ _ _ _ _ _ _ _ _ _ _ _ _ _ _ _ _ _ _ _ _ _ _ 
venv/lib/python3.13/site-packages/django/utils/deprecation.py:120: in __call__
    response = response or self.get_response(request)
                           ^^^^^^^^^^^^^^^^^^^^^^^^^^
venv/lib/python3.13/site-packages/django/core/handlers/exception.py:57: in inner
    response = response_for_exception(request, exc)
               ^^^^^^^^^^^^^^^^^^^^^^^^^^^^^^^^^^^^
venv/lib/python3.13/site-packages/django/core/handlers/exception.py:141: in response_for_exception
    response = handle_uncaught_exception(
venv/lib/python3.13/site-packages/django/core/handlers/exception.py:182: in handle_uncaught_exception
    return debug.technical_500_response(request, *exc_info)
           ^^^^^^^^^^^^^^^^^^^^^^^^^^^^^^^^^^^^^^^^^^^^^^^^
venv/lib/python3.13/site-packages/django/views/debug.py:69: in technical_500_response
    html = reporter.get_traceback_html()
           ^^^^^^^^^^^^^^^^^^^^^^^^^^^^^
venv/lib/python3.13/site-packages/django/views/debug.py:428: in get_traceback_html
    c = Context(self.get_traceback_data(), use_l10n=False)
                ^^^^^^^^^^^^^^^^^^^^^^^^^
venv/lib/python3.13/site-packages/django/views/debug.py:411: in get_traceback_data
    c["raising_view_name"] = get_caller(self.request)
                             ^^^^^^^^^^^^^^^^^^^^^^^^
venv/lib/python3.13/site-packages/django/views/debug.py:102: in get_caller
    resolver_match = resolve(request.path)
                     ^^^^^^^^^^^^^^^^^^^^^
venv/lib/python3.13/site-packages/django/urls/base.py:25: in resolve
    return get_resolver(urlconf).resolve(path)
           ^^^^^^^^^^^^^^^^^^^^^^^^^^^^^^^^^^^
venv/lib/python3.13/site-packages/django/urls/resolvers.py:666: in resolve
    for pattern in self.url_patterns:
                   ^^^^^^^^^^^^^^^^^
venv/lib/python3.13/site-packages/django/utils/functional.py:47: in __get__
    res = instance.__dict__[self.name] = self.func(instance)
                                         ^^^^^^^^^^^^^^^^^^^
venv/lib/python3.13/site-packages/django/urls/resolvers.py:718: in url_patterns
    patterns = getattr(self.urlconf_module, "urlpatterns", self.urlconf_module)
                       ^^^^^^^^^^^^^^^^^^^
venv/lib/python3.13/site-packages/django/utils/functional.py:47: in __get__
    res = instance.__dict__[self.name] = self.func(instance)
                                         ^^^^^^^^^^^^^^^^^^^
venv/lib/python3.13/site-packages/django/urls/resolvers.py:711: in urlconf_module
    return import_module(self.urlconf_name)
           ^^^^^^^^^^^^^^^^^^^^^^^^^^^^^^^^
/opt/homebrew/Cellar/python@3.13/3.13.5/Frameworks/Python.framework/Versions/3.13/lib/python3.13/importlib/__init__.py:88: in import_module
    return _bootstrap._gcd_import(name[level:], package, level)
           ^^^^^^^^^^^^^^^^^^^^^^^^^^^^^^^^^^^^^^^^^^^^^^^^^^^^
Backend/auth/urls.py:8: in <module>
    path('users/', include('users.urls')),
                   ^^^^^^^^^^^^^^^^^^^^^
venv/lib/python3.13/site-packages/django/urls/conf.py:39: in include
    urlconf_module = import_module(urlconf_module)
                     ^^^^^^^^^^^^^^^^^^^^^^^^^^^^^
/opt/homebrew/Cellar/python@3.13/3.13.5/Frameworks/Python.framework/Versions/3.13/lib/python3.13/importlib/__init__.py:88: in import_module
    return _bootstrap._gcd_import(name[level:], package, level)
           ^^^^^^^^^^^^^^^^^^^^^^^^^^^^^^^^^^^^^^^^^^^^^^^^^^^^
Backend/users/urls.py:2: in <module>
    from .views import (
Backend/users/views.py:10: in <module>
    from .utils import log_event, send_security_notification
Backend/users/utils.py:4: in <module>
    from depannage.utils import get_location_from_ip
_ _ _ _ _ _ _ _ _ _ _ _ _ _ _ _ _ _ _ _ _ _ _ _ _ _ _ _ _ _ _ _ _ _ _ _ _ _ _ _ 

    import uuid
    import hashlib
    import hmac
    from django.conf import settings
    from datetime import datetime
    from math import radians, sin, cos, sqrt, atan2
    import os
>   import geoip2.database
E   ModuleNotFoundError: No module named 'geoip2'

Backend/depannage/utils.py:8: ModuleNotFoundError

During handling of the above exception, another exception occurred:

request = <WSGIRequest: POST '/users/login/'>

    @wraps(get_response)
    def inner(request):
        try:
>           response = get_response(request)
                       ^^^^^^^^^^^^^^^^^^^^^

venv/lib/python3.13/site-packages/django/core/handlers/exception.py:55: 
_ _ _ _ _ _ _ _ _ _ _ _ _ _ _ _ _ _ _ _ _ _ _ _ _ _ _ _ _ _ _ _ _ _ _ _ _ _ _ _ 
venv/lib/python3.13/site-packages/django/utils/deprecation.py:120: in __call__
    response = response or self.get_response(request)
                           ^^^^^^^^^^^^^^^^^^^^^^^^^^
venv/lib/python3.13/site-packages/django/core/handlers/exception.py:57: in inner
    response = response_for_exception(request, exc)
               ^^^^^^^^^^^^^^^^^^^^^^^^^^^^^^^^^^^^
venv/lib/python3.13/site-packages/django/core/handlers/exception.py:141: in response_for_exception
    response = handle_uncaught_exception(
venv/lib/python3.13/site-packages/django/core/handlers/exception.py:182: in handle_uncaught_exception
    return debug.technical_500_response(request, *exc_info)
           ^^^^^^^^^^^^^^^^^^^^^^^^^^^^^^^^^^^^^^^^^^^^^^^^
venv/lib/python3.13/site-packages/django/views/debug.py:69: in technical_500_response
    html = reporter.get_traceback_html()
           ^^^^^^^^^^^^^^^^^^^^^^^^^^^^^
venv/lib/python3.13/site-packages/django/views/debug.py:428: in get_traceback_html
    c = Context(self.get_traceback_data(), use_l10n=False)
                ^^^^^^^^^^^^^^^^^^^^^^^^^
venv/lib/python3.13/site-packages/django/views/debug.py:411: in get_traceback_data
    c["raising_view_name"] = get_caller(self.request)
                             ^^^^^^^^^^^^^^^^^^^^^^^^
venv/lib/python3.13/site-packages/django/views/debug.py:102: in get_caller
    resolver_match = resolve(request.path)
                     ^^^^^^^^^^^^^^^^^^^^^
venv/lib/python3.13/site-packages/django/urls/base.py:25: in resolve
    return get_resolver(urlconf).resolve(path)
           ^^^^^^^^^^^^^^^^^^^^^^^^^^^^^^^^^^^
venv/lib/python3.13/site-packages/django/urls/resolvers.py:666: in resolve
    for pattern in self.url_patterns:
                   ^^^^^^^^^^^^^^^^^
venv/lib/python3.13/site-packages/django/utils/functional.py:47: in __get__
    res = instance.__dict__[self.name] = self.func(instance)
                                         ^^^^^^^^^^^^^^^^^^^
venv/lib/python3.13/site-packages/django/urls/resolvers.py:718: in url_patterns
    patterns = getattr(self.urlconf_module, "urlpatterns", self.urlconf_module)
                       ^^^^^^^^^^^^^^^^^^^
venv/lib/python3.13/site-packages/django/utils/functional.py:47: in __get__
    res = instance.__dict__[self.name] = self.func(instance)
                                         ^^^^^^^^^^^^^^^^^^^
venv/lib/python3.13/site-packages/django/urls/resolvers.py:711: in urlconf_module
    return import_module(self.urlconf_name)
           ^^^^^^^^^^^^^^^^^^^^^^^^^^^^^^^^
/opt/homebrew/Cellar/python@3.13/3.13.5/Frameworks/Python.framework/Versions/3.13/lib/python3.13/importlib/__init__.py:88: in import_module
    return _bootstrap._gcd_import(name[level:], package, level)
           ^^^^^^^^^^^^^^^^^^^^^^^^^^^^^^^^^^^^^^^^^^^^^^^^^^^^
Backend/auth/urls.py:8: in <module>
    path('users/', include('users.urls')),
                   ^^^^^^^^^^^^^^^^^^^^^
venv/lib/python3.13/site-packages/django/urls/conf.py:39: in include
    urlconf_module = import_module(urlconf_module)
                     ^^^^^^^^^^^^^^^^^^^^^^^^^^^^^
/opt/homebrew/Cellar/python@3.13/3.13.5/Frameworks/Python.framework/Versions/3.13/lib/python3.13/importlib/__init__.py:88: in import_module
    return _bootstrap._gcd_import(name[level:], package, level)
           ^^^^^^^^^^^^^^^^^^^^^^^^^^^^^^^^^^^^^^^^^^^^^^^^^^^^
Backend/users/urls.py:2: in <module>
    from .views import (
Backend/users/views.py:10: in <module>
    from .utils import log_event, send_security_notification
Backend/users/utils.py:4: in <module>
    from depannage.utils import get_location_from_ip
_ _ _ _ _ _ _ _ _ _ _ _ _ _ _ _ _ _ _ _ _ _ _ _ _ _ _ _ _ _ _ _ _ _ _ _ _ _ _ _ 

    import uuid
    import hashlib
    import hmac
    from django.conf import settings
    from datetime import datetime
    from math import radians, sin, cos, sqrt, atan2
    import os
>   import geoip2.database
E   ModuleNotFoundError: No module named 'geoip2'

Backend/depannage/utils.py:8: ModuleNotFoundError

During handling of the above exception, another exception occurred:

request = <WSGIRequest: POST '/users/login/'>

    @wraps(get_response)
    def inner(request):
        try:
>           response = get_response(request)
                       ^^^^^^^^^^^^^^^^^^^^^

venv/lib/python3.13/site-packages/django/core/handlers/exception.py:55: 
_ _ _ _ _ _ _ _ _ _ _ _ _ _ _ _ _ _ _ _ _ _ _ _ _ _ _ _ _ _ _ _ _ _ _ _ _ _ _ _ 
venv/lib/python3.13/site-packages/django/utils/deprecation.py:120: in __call__
    response = response or self.get_response(request)
                           ^^^^^^^^^^^^^^^^^^^^^^^^^^
venv/lib/python3.13/site-packages/django/core/handlers/exception.py:57: in inner
    response = response_for_exception(request, exc)
               ^^^^^^^^^^^^^^^^^^^^^^^^^^^^^^^^^^^^
venv/lib/python3.13/site-packages/django/core/handlers/exception.py:141: in response_for_exception
    response = handle_uncaught_exception(
venv/lib/python3.13/site-packages/django/core/handlers/exception.py:182: in handle_uncaught_exception
    return debug.technical_500_response(request, *exc_info)
           ^^^^^^^^^^^^^^^^^^^^^^^^^^^^^^^^^^^^^^^^^^^^^^^^
venv/lib/python3.13/site-packages/django/views/debug.py:69: in technical_500_response
    html = reporter.get_traceback_html()
           ^^^^^^^^^^^^^^^^^^^^^^^^^^^^^
venv/lib/python3.13/site-packages/django/views/debug.py:428: in get_traceback_html
    c = Context(self.get_traceback_data(), use_l10n=False)
                ^^^^^^^^^^^^^^^^^^^^^^^^^
venv/lib/python3.13/site-packages/django/views/debug.py:411: in get_traceback_data
    c["raising_view_name"] = get_caller(self.request)
                             ^^^^^^^^^^^^^^^^^^^^^^^^
venv/lib/python3.13/site-packages/django/views/debug.py:102: in get_caller
    resolver_match = resolve(request.path)
                     ^^^^^^^^^^^^^^^^^^^^^
venv/lib/python3.13/site-packages/django/urls/base.py:25: in resolve
    return get_resolver(urlconf).resolve(path)
           ^^^^^^^^^^^^^^^^^^^^^^^^^^^^^^^^^^^
venv/lib/python3.13/site-packages/django/urls/resolvers.py:666: in resolve
    for pattern in self.url_patterns:
                   ^^^^^^^^^^^^^^^^^
venv/lib/python3.13/site-packages/django/utils/functional.py:47: in __get__
    res = instance.__dict__[self.name] = self.func(instance)
                                         ^^^^^^^^^^^^^^^^^^^
venv/lib/python3.13/site-packages/django/urls/resolvers.py:718: in url_patterns
    patterns = getattr(self.urlconf_module, "urlpatterns", self.urlconf_module)
                       ^^^^^^^^^^^^^^^^^^^
venv/lib/python3.13/site-packages/django/utils/functional.py:47: in __get__
    res = instance.__dict__[self.name] = self.func(instance)
                                         ^^^^^^^^^^^^^^^^^^^
venv/lib/python3.13/site-packages/django/urls/resolvers.py:711: in urlconf_module
    return import_module(self.urlconf_name)
           ^^^^^^^^^^^^^^^^^^^^^^^^^^^^^^^^
/opt/homebrew/Cellar/python@3.13/3.13.5/Frameworks/Python.framework/Versions/3.13/lib/python3.13/importlib/__init__.py:88: in import_module
    return _bootstrap._gcd_import(name[level:], package, level)
           ^^^^^^^^^^^^^^^^^^^^^^^^^^^^^^^^^^^^^^^^^^^^^^^^^^^^
Backend/auth/urls.py:8: in <module>
    path('users/', include('users.urls')),
                   ^^^^^^^^^^^^^^^^^^^^^
venv/lib/python3.13/site-packages/django/urls/conf.py:39: in include
    urlconf_module = import_module(urlconf_module)
                     ^^^^^^^^^^^^^^^^^^^^^^^^^^^^^
/opt/homebrew/Cellar/python@3.13/3.13.5/Frameworks/Python.framework/Versions/3.13/lib/python3.13/importlib/__init__.py:88: in import_module
    return _bootstrap._gcd_import(name[level:], package, level)
           ^^^^^^^^^^^^^^^^^^^^^^^^^^^^^^^^^^^^^^^^^^^^^^^^^^^^
Backend/users/urls.py:2: in <module>
    from .views import (
Backend/users/views.py:10: in <module>
    from .utils import log_event, send_security_notification
Backend/users/utils.py:4: in <module>
    from depannage.utils import get_location_from_ip
_ _ _ _ _ _ _ _ _ _ _ _ _ _ _ _ _ _ _ _ _ _ _ _ _ _ _ _ _ _ _ _ _ _ _ _ _ _ _ _ 

    import uuid
    import hashlib
    import hmac
    from django.conf import settings
    from datetime import datetime
    from math import radians, sin, cos, sqrt, atan2
    import os
>   import geoip2.database
E   ModuleNotFoundError: No module named 'geoip2'

Backend/depannage/utils.py:8: ModuleNotFoundError

During handling of the above exception, another exception occurred:

request = <WSGIRequest: POST '/users/login/'>

    @wraps(get_response)
    def inner(request):
        try:
>           response = get_response(request)
                       ^^^^^^^^^^^^^^^^^^^^^

venv/lib/python3.13/site-packages/django/core/handlers/exception.py:55: 
_ _ _ _ _ _ _ _ _ _ _ _ _ _ _ _ _ _ _ _ _ _ _ _ _ _ _ _ _ _ _ _ _ _ _ _ _ _ _ _ 
venv/lib/python3.13/site-packages/corsheaders/middleware.py:56: in __call__
    result = self.get_response(request)
             ^^^^^^^^^^^^^^^^^^^^^^^^^^
venv/lib/python3.13/site-packages/django/core/handlers/exception.py:57: in inner
    response = response_for_exception(request, exc)
               ^^^^^^^^^^^^^^^^^^^^^^^^^^^^^^^^^^^^
venv/lib/python3.13/site-packages/django/core/handlers/exception.py:141: in response_for_exception
    response = handle_uncaught_exception(
venv/lib/python3.13/site-packages/django/core/handlers/exception.py:182: in handle_uncaught_exception
    return debug.technical_500_response(request, *exc_info)
           ^^^^^^^^^^^^^^^^^^^^^^^^^^^^^^^^^^^^^^^^^^^^^^^^
venv/lib/python3.13/site-packages/django/views/debug.py:69: in technical_500_response
    html = reporter.get_traceback_html()
           ^^^^^^^^^^^^^^^^^^^^^^^^^^^^^
venv/lib/python3.13/site-packages/django/views/debug.py:428: in get_traceback_html
    c = Context(self.get_traceback_data(), use_l10n=False)
                ^^^^^^^^^^^^^^^^^^^^^^^^^
venv/lib/python3.13/site-packages/django/views/debug.py:411: in get_traceback_data
    c["raising_view_name"] = get_caller(self.request)
                             ^^^^^^^^^^^^^^^^^^^^^^^^
venv/lib/python3.13/site-packages/django/views/debug.py:102: in get_caller
    resolver_match = resolve(request.path)
                     ^^^^^^^^^^^^^^^^^^^^^
venv/lib/python3.13/site-packages/django/urls/base.py:25: in resolve
    return get_resolver(urlconf).resolve(path)
           ^^^^^^^^^^^^^^^^^^^^^^^^^^^^^^^^^^^
venv/lib/python3.13/site-packages/django/urls/resolvers.py:666: in resolve
    for pattern in self.url_patterns:
                   ^^^^^^^^^^^^^^^^^
venv/lib/python3.13/site-packages/django/utils/functional.py:47: in __get__
    res = instance.__dict__[self.name] = self.func(instance)
                                         ^^^^^^^^^^^^^^^^^^^
venv/lib/python3.13/site-packages/django/urls/resolvers.py:718: in url_patterns
    patterns = getattr(self.urlconf_module, "urlpatterns", self.urlconf_module)
                       ^^^^^^^^^^^^^^^^^^^
venv/lib/python3.13/site-packages/django/utils/functional.py:47: in __get__
    res = instance.__dict__[self.name] = self.func(instance)
                                         ^^^^^^^^^^^^^^^^^^^
venv/lib/python3.13/site-packages/django/urls/resolvers.py:711: in urlconf_module
    return import_module(self.urlconf_name)
           ^^^^^^^^^^^^^^^^^^^^^^^^^^^^^^^^
/opt/homebrew/Cellar/python@3.13/3.13.5/Frameworks/Python.framework/Versions/3.13/lib/python3.13/importlib/__init__.py:88: in import_module
    return _bootstrap._gcd_import(name[level:], package, level)
           ^^^^^^^^^^^^^^^^^^^^^^^^^^^^^^^^^^^^^^^^^^^^^^^^^^^^
Backend/auth/urls.py:8: in <module>
    path('users/', include('users.urls')),
                   ^^^^^^^^^^^^^^^^^^^^^
venv/lib/python3.13/site-packages/django/urls/conf.py:39: in include
    urlconf_module = import_module(urlconf_module)
                     ^^^^^^^^^^^^^^^^^^^^^^^^^^^^^
/opt/homebrew/Cellar/python@3.13/3.13.5/Frameworks/Python.framework/Versions/3.13/lib/python3.13/importlib/__init__.py:88: in import_module
    return _bootstrap._gcd_import(name[level:], package, level)
           ^^^^^^^^^^^^^^^^^^^^^^^^^^^^^^^^^^^^^^^^^^^^^^^^^^^^
Backend/users/urls.py:2: in <module>
    from .views import (
Backend/users/views.py:10: in <module>
    from .utils import log_event, send_security_notification
Backend/users/utils.py:4: in <module>
    from depannage.utils import get_location_from_ip
_ _ _ _ _ _ _ _ _ _ _ _ _ _ _ _ _ _ _ _ _ _ _ _ _ _ _ _ _ _ _ _ _ _ _ _ _ _ _ _ 

    import uuid
    import hashlib
    import hmac
    from django.conf import settings
    from datetime import datetime
    from math import radians, sin, cos, sqrt, atan2
    import os
>   import geoip2.database
E   ModuleNotFoundError: No module named 'geoip2'

Backend/depannage/utils.py:8: ModuleNotFoundError

During handling of the above exception, another exception occurred:

    def test_login():
        """Test de la connexion avec l'utilisateur"""
        client = APIClient()
        data = {
            'email': 'client1@example.com',
            'password': 'Test1234!'
        }
>       response = client.post('/users/login/', data, format='json')
                   ^^^^^^^^^^^^^^^^^^^^^^^^^^^^^^^^^^^^^^^^^^^^^^^^^

Backend/test_user.py:49: 
_ _ _ _ _ _ _ _ _ _ _ _ _ _ _ _ _ _ _ _ _ _ _ _ _ _ _ _ _ _ _ _ _ _ _ _ _ _ _ _ 
venv/lib/python3.13/site-packages/rest_framework/test.py:299: in post
    response = super().post(
venv/lib/python3.13/site-packages/rest_framework/test.py:213: in post
    return self.generic('POST', path, data, content_type, **extra)
           ^^^^^^^^^^^^^^^^^^^^^^^^^^^^^^^^^^^^^^^^^^^^^^^^^^^^^^^
venv/lib/python3.13/site-packages/rest_framework/test.py:237: in generic
    return super().generic(
venv/lib/python3.13/site-packages/django/test/client.py:671: in generic
    return self.request(**r)
           ^^^^^^^^^^^^^^^^^
venv/lib/python3.13/site-packages/rest_framework/test.py:289: in request
    return super().request(**kwargs)
           ^^^^^^^^^^^^^^^^^^^^^^^^^
venv/lib/python3.13/site-packages/rest_framework/test.py:241: in request
    request = super().request(**kwargs)
              ^^^^^^^^^^^^^^^^^^^^^^^^^
venv/lib/python3.13/site-packages/django/test/client.py:1082: in request
    response = self.handler(environ)
               ^^^^^^^^^^^^^^^^^^^^^
venv/lib/python3.13/site-packages/django/test/client.py:186: in __call__
    response = self.get_response(request)
               ^^^^^^^^^^^^^^^^^^^^^^^^^^
venv/lib/python3.13/site-packages/rest_framework/test.py:261: in get_response
    return super().get_response(request)
           ^^^^^^^^^^^^^^^^^^^^^^^^^^^^^
venv/lib/python3.13/site-packages/django/core/handlers/base.py:140: in get_response
    response = self._middleware_chain(request)
               ^^^^^^^^^^^^^^^^^^^^^^^^^^^^^^^
venv/lib/python3.13/site-packages/django/core/handlers/exception.py:57: in inner
    response = response_for_exception(request, exc)
               ^^^^^^^^^^^^^^^^^^^^^^^^^^^^^^^^^^^^
venv/lib/python3.13/site-packages/django/core/handlers/exception.py:141: in response_for_exception
    response = handle_uncaught_exception(
venv/lib/python3.13/site-packages/django/core/handlers/exception.py:182: in handle_uncaught_exception
    return debug.technical_500_response(request, *exc_info)
           ^^^^^^^^^^^^^^^^^^^^^^^^^^^^^^^^^^^^^^^^^^^^^^^^
venv/lib/python3.13/site-packages/django/views/debug.py:69: in technical_500_response
    html = reporter.get_traceback_html()
           ^^^^^^^^^^^^^^^^^^^^^^^^^^^^^
venv/lib/python3.13/site-packages/django/views/debug.py:428: in get_traceback_html
    c = Context(self.get_traceback_data(), use_l10n=False)
                ^^^^^^^^^^^^^^^^^^^^^^^^^
venv/lib/python3.13/site-packages/django/views/debug.py:411: in get_traceback_data
    c["raising_view_name"] = get_caller(self.request)
                             ^^^^^^^^^^^^^^^^^^^^^^^^
venv/lib/python3.13/site-packages/django/views/debug.py:102: in get_caller
    resolver_match = resolve(request.path)
                     ^^^^^^^^^^^^^^^^^^^^^
venv/lib/python3.13/site-packages/django/urls/base.py:25: in resolve
    return get_resolver(urlconf).resolve(path)
           ^^^^^^^^^^^^^^^^^^^^^^^^^^^^^^^^^^^
venv/lib/python3.13/site-packages/django/urls/resolvers.py:666: in resolve
    for pattern in self.url_patterns:
                   ^^^^^^^^^^^^^^^^^
venv/lib/python3.13/site-packages/django/utils/functional.py:47: in __get__
    res = instance.__dict__[self.name] = self.func(instance)
                                         ^^^^^^^^^^^^^^^^^^^
venv/lib/python3.13/site-packages/django/urls/resolvers.py:718: in url_patterns
    patterns = getattr(self.urlconf_module, "urlpatterns", self.urlconf_module)
                       ^^^^^^^^^^^^^^^^^^^
venv/lib/python3.13/site-packages/django/utils/functional.py:47: in __get__
    res = instance.__dict__[self.name] = self.func(instance)
                                         ^^^^^^^^^^^^^^^^^^^
venv/lib/python3.13/site-packages/django/urls/resolvers.py:711: in urlconf_module
    return import_module(self.urlconf_name)
           ^^^^^^^^^^^^^^^^^^^^^^^^^^^^^^^^
/opt/homebrew/Cellar/python@3.13/3.13.5/Frameworks/Python.framework/Versions/3.13/lib/python3.13/importlib/__init__.py:88: in import_module
    return _bootstrap._gcd_import(name[level:], package, level)
           ^^^^^^^^^^^^^^^^^^^^^^^^^^^^^^^^^^^^^^^^^^^^^^^^^^^^
<frozen importlib._bootstrap>:1387: in _gcd_import
    ???
<frozen importlib._bootstrap>:1360: in _find_and_load
    ???
<frozen importlib._bootstrap>:1331: in _find_and_load_unlocked
    ???
<frozen importlib._bootstrap>:935: in _load_unlocked
    ???
<frozen importlib._bootstrap_external>:1026: in exec_module
    ???
<frozen importlib._bootstrap>:488: in _call_with_frames_removed
    ???
Backend/auth/urls.py:8: in <module>
    path('users/', include('users.urls')),
                   ^^^^^^^^^^^^^^^^^^^^^
venv/lib/python3.13/site-packages/django/urls/conf.py:39: in include
    urlconf_module = import_module(urlconf_module)
                     ^^^^^^^^^^^^^^^^^^^^^^^^^^^^^
/opt/homebrew/Cellar/python@3.13/3.13.5/Frameworks/Python.framework/Versions/3.13/lib/python3.13/importlib/__init__.py:88: in import_module
    return _bootstrap._gcd_import(name[level:], package, level)
           ^^^^^^^^^^^^^^^^^^^^^^^^^^^^^^^^^^^^^^^^^^^^^^^^^^^^
<frozen importlib._bootstrap>:1387: in _gcd_import
    ???
<frozen importlib._bootstrap>:1360: in _find_and_load
    ???
<frozen importlib._bootstrap>:1331: in _find_and_load_unlocked
    ???
<frozen importlib._bootstrap>:935: in _load_unlocked
    ???
<frozen importlib._bootstrap_external>:1026: in exec_module
    ???
<frozen importlib._bootstrap>:488: in _call_with_frames_removed
    ???
Backend/users/urls.py:2: in <module>
    from .views import (
Backend/users/views.py:10: in <module>
    from .utils import log_event, send_security_notification
Backend/users/utils.py:4: in <module>
    from depannage.utils import get_location_from_ip
_ _ _ _ _ _ _ _ _ _ _ _ _ _ _ _ _ _ _ _ _ _ _ _ _ _ _ _ _ _ _ _ _ _ _ _ _ _ _ _ 

    import uuid
    import hashlib
    import hmac
    from django.conf import settings
    from datetime import datetime
    from math import radians, sin, cos, sqrt, atan2
    import os
>   import geoip2.database
E   ModuleNotFoundError: No module named 'geoip2'

Backend/depannage/utils.py:8: ModuleNotFoundError
_____________________ test_register_and_login_mali_client ______________________

request = <WSGIRequest: POST '/users/register/'>

    @wraps(get_response)
    def inner(request):
        try:
>           response = get_response(request)
                       ^^^^^^^^^^^^^^^^^^^^^

venv/lib/python3.13/site-packages/django/core/handlers/exception.py:55: 
_ _ _ _ _ _ _ _ _ _ _ _ _ _ _ _ _ _ _ _ _ _ _ _ _ _ _ _ _ _ _ _ _ _ _ _ _ _ _ _ 
venv/lib/python3.13/site-packages/django/core/handlers/base.py:181: in _get_response
    callback, callback_args, callback_kwargs = self.resolve_request(request)
                                               ^^^^^^^^^^^^^^^^^^^^^^^^^^^^^
venv/lib/python3.13/site-packages/django/core/handlers/base.py:313: in resolve_request
    resolver_match = resolver.resolve(request.path_info)
                     ^^^^^^^^^^^^^^^^^^^^^^^^^^^^^^^^^^^
venv/lib/python3.13/site-packages/django/urls/resolvers.py:666: in resolve
    for pattern in self.url_patterns:
                   ^^^^^^^^^^^^^^^^^
venv/lib/python3.13/site-packages/django/utils/functional.py:47: in __get__
    res = instance.__dict__[self.name] = self.func(instance)
                                         ^^^^^^^^^^^^^^^^^^^
venv/lib/python3.13/site-packages/django/urls/resolvers.py:718: in url_patterns
    patterns = getattr(self.urlconf_module, "urlpatterns", self.urlconf_module)
                       ^^^^^^^^^^^^^^^^^^^
venv/lib/python3.13/site-packages/django/utils/functional.py:47: in __get__
    res = instance.__dict__[self.name] = self.func(instance)
                                         ^^^^^^^^^^^^^^^^^^^
venv/lib/python3.13/site-packages/django/urls/resolvers.py:711: in urlconf_module
    return import_module(self.urlconf_name)
           ^^^^^^^^^^^^^^^^^^^^^^^^^^^^^^^^
/opt/homebrew/Cellar/python@3.13/3.13.5/Frameworks/Python.framework/Versions/3.13/lib/python3.13/importlib/__init__.py:88: in import_module
    return _bootstrap._gcd_import(name[level:], package, level)
           ^^^^^^^^^^^^^^^^^^^^^^^^^^^^^^^^^^^^^^^^^^^^^^^^^^^^
Backend/auth/urls.py:8: in <module>
    path('users/', include('users.urls')),
                   ^^^^^^^^^^^^^^^^^^^^^
venv/lib/python3.13/site-packages/django/urls/conf.py:39: in include
    urlconf_module = import_module(urlconf_module)
                     ^^^^^^^^^^^^^^^^^^^^^^^^^^^^^
/opt/homebrew/Cellar/python@3.13/3.13.5/Frameworks/Python.framework/Versions/3.13/lib/python3.13/importlib/__init__.py:88: in import_module
    return _bootstrap._gcd_import(name[level:], package, level)
           ^^^^^^^^^^^^^^^^^^^^^^^^^^^^^^^^^^^^^^^^^^^^^^^^^^^^
Backend/users/urls.py:2: in <module>
    from .views import (
Backend/users/views.py:10: in <module>
    from .utils import log_event, send_security_notification
Backend/users/utils.py:4: in <module>
    from depannage.utils import get_location_from_ip
_ _ _ _ _ _ _ _ _ _ _ _ _ _ _ _ _ _ _ _ _ _ _ _ _ _ _ _ _ _ _ _ _ _ _ _ _ _ _ _ 

    import uuid
    import hashlib
    import hmac
    from django.conf import settings
    from datetime import datetime
    from math import radians, sin, cos, sqrt, atan2
    import os
>   import geoip2.database
E   ModuleNotFoundError: No module named 'geoip2'

Backend/depannage/utils.py:8: ModuleNotFoundError

During handling of the above exception, another exception occurred:

request = <WSGIRequest: POST '/users/register/'>

    @wraps(get_response)
    def inner(request):
        try:
>           response = get_response(request)
                       ^^^^^^^^^^^^^^^^^^^^^

venv/lib/python3.13/site-packages/django/core/handlers/exception.py:55: 
_ _ _ _ _ _ _ _ _ _ _ _ _ _ _ _ _ _ _ _ _ _ _ _ _ _ _ _ _ _ _ _ _ _ _ _ _ _ _ _ 
Backend/auth/middleware.py:48: in __call__
    return self.get_response(request)
           ^^^^^^^^^^^^^^^^^^^^^^^^^^
venv/lib/python3.13/site-packages/django/core/handlers/exception.py:57: in inner
    response = response_for_exception(request, exc)
               ^^^^^^^^^^^^^^^^^^^^^^^^^^^^^^^^^^^^
venv/lib/python3.13/site-packages/django/core/handlers/exception.py:141: in response_for_exception
    response = handle_uncaught_exception(
venv/lib/python3.13/site-packages/django/core/handlers/exception.py:182: in handle_uncaught_exception
    return debug.technical_500_response(request, *exc_info)
           ^^^^^^^^^^^^^^^^^^^^^^^^^^^^^^^^^^^^^^^^^^^^^^^^
venv/lib/python3.13/site-packages/django/views/debug.py:69: in technical_500_response
    html = reporter.get_traceback_html()
           ^^^^^^^^^^^^^^^^^^^^^^^^^^^^^
venv/lib/python3.13/site-packages/django/views/debug.py:428: in get_traceback_html
    c = Context(self.get_traceback_data(), use_l10n=False)
                ^^^^^^^^^^^^^^^^^^^^^^^^^
venv/lib/python3.13/site-packages/django/views/debug.py:411: in get_traceback_data
    c["raising_view_name"] = get_caller(self.request)
                             ^^^^^^^^^^^^^^^^^^^^^^^^
venv/lib/python3.13/site-packages/django/views/debug.py:102: in get_caller
    resolver_match = resolve(request.path)
                     ^^^^^^^^^^^^^^^^^^^^^
venv/lib/python3.13/site-packages/django/urls/base.py:25: in resolve
    return get_resolver(urlconf).resolve(path)
           ^^^^^^^^^^^^^^^^^^^^^^^^^^^^^^^^^^^
venv/lib/python3.13/site-packages/django/urls/resolvers.py:666: in resolve
    for pattern in self.url_patterns:
                   ^^^^^^^^^^^^^^^^^
venv/lib/python3.13/site-packages/django/utils/functional.py:47: in __get__
    res = instance.__dict__[self.name] = self.func(instance)
                                         ^^^^^^^^^^^^^^^^^^^
venv/lib/python3.13/site-packages/django/urls/resolvers.py:718: in url_patterns
    patterns = getattr(self.urlconf_module, "urlpatterns", self.urlconf_module)
                       ^^^^^^^^^^^^^^^^^^^
venv/lib/python3.13/site-packages/django/utils/functional.py:47: in __get__
    res = instance.__dict__[self.name] = self.func(instance)
                                         ^^^^^^^^^^^^^^^^^^^
venv/lib/python3.13/site-packages/django/urls/resolvers.py:711: in urlconf_module
    return import_module(self.urlconf_name)
           ^^^^^^^^^^^^^^^^^^^^^^^^^^^^^^^^
/opt/homebrew/Cellar/python@3.13/3.13.5/Frameworks/Python.framework/Versions/3.13/lib/python3.13/importlib/__init__.py:88: in import_module
    return _bootstrap._gcd_import(name[level:], package, level)
           ^^^^^^^^^^^^^^^^^^^^^^^^^^^^^^^^^^^^^^^^^^^^^^^^^^^^
Backend/auth/urls.py:8: in <module>
    path('users/', include('users.urls')),
                   ^^^^^^^^^^^^^^^^^^^^^
venv/lib/python3.13/site-packages/django/urls/conf.py:39: in include
    urlconf_module = import_module(urlconf_module)
                     ^^^^^^^^^^^^^^^^^^^^^^^^^^^^^
/opt/homebrew/Cellar/python@3.13/3.13.5/Frameworks/Python.framework/Versions/3.13/lib/python3.13/importlib/__init__.py:88: in import_module
    return _bootstrap._gcd_import(name[level:], package, level)
           ^^^^^^^^^^^^^^^^^^^^^^^^^^^^^^^^^^^^^^^^^^^^^^^^^^^^
Backend/users/urls.py:2: in <module>
    from .views import (
Backend/users/views.py:10: in <module>
    from .utils import log_event, send_security_notification
Backend/users/utils.py:4: in <module>
    from depannage.utils import get_location_from_ip
_ _ _ _ _ _ _ _ _ _ _ _ _ _ _ _ _ _ _ _ _ _ _ _ _ _ _ _ _ _ _ _ _ _ _ _ _ _ _ _ 

    import uuid
    import hashlib
    import hmac
    from django.conf import settings
    from datetime import datetime
    from math import radians, sin, cos, sqrt, atan2
    import os
>   import geoip2.database
E   ModuleNotFoundError: No module named 'geoip2'

Backend/depannage/utils.py:8: ModuleNotFoundError

During handling of the above exception, another exception occurred:

request = <WSGIRequest: POST '/users/register/'>

    @wraps(get_response)
    def inner(request):
        try:
>           response = get_response(request)
                       ^^^^^^^^^^^^^^^^^^^^^

venv/lib/python3.13/site-packages/django/core/handlers/exception.py:55: 
_ _ _ _ _ _ _ _ _ _ _ _ _ _ _ _ _ _ _ _ _ _ _ _ _ _ _ _ _ _ _ _ _ _ _ _ _ _ _ _ 
Backend/auth/middleware.py:24: in __call__
    response = self.get_response(request)
               ^^^^^^^^^^^^^^^^^^^^^^^^^^
venv/lib/python3.13/site-packages/django/core/handlers/exception.py:57: in inner
    response = response_for_exception(request, exc)
               ^^^^^^^^^^^^^^^^^^^^^^^^^^^^^^^^^^^^
venv/lib/python3.13/site-packages/django/core/handlers/exception.py:141: in response_for_exception
    response = handle_uncaught_exception(
venv/lib/python3.13/site-packages/django/core/handlers/exception.py:182: in handle_uncaught_exception
    return debug.technical_500_response(request, *exc_info)
           ^^^^^^^^^^^^^^^^^^^^^^^^^^^^^^^^^^^^^^^^^^^^^^^^
venv/lib/python3.13/site-packages/django/views/debug.py:69: in technical_500_response
    html = reporter.get_traceback_html()
           ^^^^^^^^^^^^^^^^^^^^^^^^^^^^^
venv/lib/python3.13/site-packages/django/views/debug.py:428: in get_traceback_html
    c = Context(self.get_traceback_data(), use_l10n=False)
                ^^^^^^^^^^^^^^^^^^^^^^^^^
venv/lib/python3.13/site-packages/django/views/debug.py:411: in get_traceback_data
    c["raising_view_name"] = get_caller(self.request)
                             ^^^^^^^^^^^^^^^^^^^^^^^^
venv/lib/python3.13/site-packages/django/views/debug.py:102: in get_caller
    resolver_match = resolve(request.path)
                     ^^^^^^^^^^^^^^^^^^^^^
venv/lib/python3.13/site-packages/django/urls/base.py:25: in resolve
    return get_resolver(urlconf).resolve(path)
           ^^^^^^^^^^^^^^^^^^^^^^^^^^^^^^^^^^^
venv/lib/python3.13/site-packages/django/urls/resolvers.py:666: in resolve
    for pattern in self.url_patterns:
                   ^^^^^^^^^^^^^^^^^
venv/lib/python3.13/site-packages/django/utils/functional.py:47: in __get__
    res = instance.__dict__[self.name] = self.func(instance)
                                         ^^^^^^^^^^^^^^^^^^^
venv/lib/python3.13/site-packages/django/urls/resolvers.py:718: in url_patterns
    patterns = getattr(self.urlconf_module, "urlpatterns", self.urlconf_module)
                       ^^^^^^^^^^^^^^^^^^^
venv/lib/python3.13/site-packages/django/utils/functional.py:47: in __get__
    res = instance.__dict__[self.name] = self.func(instance)
                                         ^^^^^^^^^^^^^^^^^^^
venv/lib/python3.13/site-packages/django/urls/resolvers.py:711: in urlconf_module
    return import_module(self.urlconf_name)
           ^^^^^^^^^^^^^^^^^^^^^^^^^^^^^^^^
/opt/homebrew/Cellar/python@3.13/3.13.5/Frameworks/Python.framework/Versions/3.13/lib/python3.13/importlib/__init__.py:88: in import_module
    return _bootstrap._gcd_import(name[level:], package, level)
           ^^^^^^^^^^^^^^^^^^^^^^^^^^^^^^^^^^^^^^^^^^^^^^^^^^^^
Backend/auth/urls.py:8: in <module>
    path('users/', include('users.urls')),
                   ^^^^^^^^^^^^^^^^^^^^^
venv/lib/python3.13/site-packages/django/urls/conf.py:39: in include
    urlconf_module = import_module(urlconf_module)
                     ^^^^^^^^^^^^^^^^^^^^^^^^^^^^^
/opt/homebrew/Cellar/python@3.13/3.13.5/Frameworks/Python.framework/Versions/3.13/lib/python3.13/importlib/__init__.py:88: in import_module
    return _bootstrap._gcd_import(name[level:], package, level)
           ^^^^^^^^^^^^^^^^^^^^^^^^^^^^^^^^^^^^^^^^^^^^^^^^^^^^
Backend/users/urls.py:2: in <module>
    from .views import (
Backend/users/views.py:10: in <module>
    from .utils import log_event, send_security_notification
Backend/users/utils.py:4: in <module>
    from depannage.utils import get_location_from_ip
_ _ _ _ _ _ _ _ _ _ _ _ _ _ _ _ _ _ _ _ _ _ _ _ _ _ _ _ _ _ _ _ _ _ _ _ _ _ _ _ 

    import uuid
    import hashlib
    import hmac
    from django.conf import settings
    from datetime import datetime
    from math import radians, sin, cos, sqrt, atan2
    import os
>   import geoip2.database
E   ModuleNotFoundError: No module named 'geoip2'

Backend/depannage/utils.py:8: ModuleNotFoundError

During handling of the above exception, another exception occurred:

request = <WSGIRequest: POST '/users/register/'>

    @wraps(get_response)
    def inner(request):
        try:
>           response = get_response(request)
                       ^^^^^^^^^^^^^^^^^^^^^

venv/lib/python3.13/site-packages/django/core/handlers/exception.py:55: 
_ _ _ _ _ _ _ _ _ _ _ _ _ _ _ _ _ _ _ _ _ _ _ _ _ _ _ _ _ _ _ _ _ _ _ _ _ _ _ _ 
venv/lib/python3.13/site-packages/django/utils/deprecation.py:120: in __call__
    response = response or self.get_response(request)
                           ^^^^^^^^^^^^^^^^^^^^^^^^^^
venv/lib/python3.13/site-packages/django/core/handlers/exception.py:57: in inner
    response = response_for_exception(request, exc)
               ^^^^^^^^^^^^^^^^^^^^^^^^^^^^^^^^^^^^
venv/lib/python3.13/site-packages/django/core/handlers/exception.py:141: in response_for_exception
    response = handle_uncaught_exception(
venv/lib/python3.13/site-packages/django/core/handlers/exception.py:182: in handle_uncaught_exception
    return debug.technical_500_response(request, *exc_info)
           ^^^^^^^^^^^^^^^^^^^^^^^^^^^^^^^^^^^^^^^^^^^^^^^^
venv/lib/python3.13/site-packages/django/views/debug.py:69: in technical_500_response
    html = reporter.get_traceback_html()
           ^^^^^^^^^^^^^^^^^^^^^^^^^^^^^
venv/lib/python3.13/site-packages/django/views/debug.py:428: in get_traceback_html
    c = Context(self.get_traceback_data(), use_l10n=False)
                ^^^^^^^^^^^^^^^^^^^^^^^^^
venv/lib/python3.13/site-packages/django/views/debug.py:411: in get_traceback_data
    c["raising_view_name"] = get_caller(self.request)
                             ^^^^^^^^^^^^^^^^^^^^^^^^
venv/lib/python3.13/site-packages/django/views/debug.py:102: in get_caller
    resolver_match = resolve(request.path)
                     ^^^^^^^^^^^^^^^^^^^^^
venv/lib/python3.13/site-packages/django/urls/base.py:25: in resolve
    return get_resolver(urlconf).resolve(path)
           ^^^^^^^^^^^^^^^^^^^^^^^^^^^^^^^^^^^
venv/lib/python3.13/site-packages/django/urls/resolvers.py:666: in resolve
    for pattern in self.url_patterns:
                   ^^^^^^^^^^^^^^^^^
venv/lib/python3.13/site-packages/django/utils/functional.py:47: in __get__
    res = instance.__dict__[self.name] = self.func(instance)
                                         ^^^^^^^^^^^^^^^^^^^
venv/lib/python3.13/site-packages/django/urls/resolvers.py:718: in url_patterns
    patterns = getattr(self.urlconf_module, "urlpatterns", self.urlconf_module)
                       ^^^^^^^^^^^^^^^^^^^
venv/lib/python3.13/site-packages/django/utils/functional.py:47: in __get__
    res = instance.__dict__[self.name] = self.func(instance)
                                         ^^^^^^^^^^^^^^^^^^^
venv/lib/python3.13/site-packages/django/urls/resolvers.py:711: in urlconf_module
    return import_module(self.urlconf_name)
           ^^^^^^^^^^^^^^^^^^^^^^^^^^^^^^^^
/opt/homebrew/Cellar/python@3.13/3.13.5/Frameworks/Python.framework/Versions/3.13/lib/python3.13/importlib/__init__.py:88: in import_module
    return _bootstrap._gcd_import(name[level:], package, level)
           ^^^^^^^^^^^^^^^^^^^^^^^^^^^^^^^^^^^^^^^^^^^^^^^^^^^^
Backend/auth/urls.py:8: in <module>
    path('users/', include('users.urls')),
                   ^^^^^^^^^^^^^^^^^^^^^
venv/lib/python3.13/site-packages/django/urls/conf.py:39: in include
    urlconf_module = import_module(urlconf_module)
                     ^^^^^^^^^^^^^^^^^^^^^^^^^^^^^
/opt/homebrew/Cellar/python@3.13/3.13.5/Frameworks/Python.framework/Versions/3.13/lib/python3.13/importlib/__init__.py:88: in import_module
    return _bootstrap._gcd_import(name[level:], package, level)
           ^^^^^^^^^^^^^^^^^^^^^^^^^^^^^^^^^^^^^^^^^^^^^^^^^^^^
Backend/users/urls.py:2: in <module>
    from .views import (
Backend/users/views.py:10: in <module>
    from .utils import log_event, send_security_notification
Backend/users/utils.py:4: in <module>
    from depannage.utils import get_location_from_ip
_ _ _ _ _ _ _ _ _ _ _ _ _ _ _ _ _ _ _ _ _ _ _ _ _ _ _ _ _ _ _ _ _ _ _ _ _ _ _ _ 

    import uuid
    import hashlib
    import hmac
    from django.conf import settings
    from datetime import datetime
    from math import radians, sin, cos, sqrt, atan2
    import os
>   import geoip2.database
E   ModuleNotFoundError: No module named 'geoip2'

Backend/depannage/utils.py:8: ModuleNotFoundError

During handling of the above exception, another exception occurred:

request = <WSGIRequest: POST '/users/register/'>

    @wraps(get_response)
    def inner(request):
        try:
>           response = get_response(request)
                       ^^^^^^^^^^^^^^^^^^^^^

venv/lib/python3.13/site-packages/django/core/handlers/exception.py:55: 
_ _ _ _ _ _ _ _ _ _ _ _ _ _ _ _ _ _ _ _ _ _ _ _ _ _ _ _ _ _ _ _ _ _ _ _ _ _ _ _ 
venv/lib/python3.13/site-packages/django/utils/deprecation.py:120: in __call__
    response = response or self.get_response(request)
                           ^^^^^^^^^^^^^^^^^^^^^^^^^^
venv/lib/python3.13/site-packages/django/core/handlers/exception.py:57: in inner
    response = response_for_exception(request, exc)
               ^^^^^^^^^^^^^^^^^^^^^^^^^^^^^^^^^^^^
venv/lib/python3.13/site-packages/django/core/handlers/exception.py:141: in response_for_exception
    response = handle_uncaught_exception(
venv/lib/python3.13/site-packages/django/core/handlers/exception.py:182: in handle_uncaught_exception
    return debug.technical_500_response(request, *exc_info)
           ^^^^^^^^^^^^^^^^^^^^^^^^^^^^^^^^^^^^^^^^^^^^^^^^
venv/lib/python3.13/site-packages/django/views/debug.py:69: in technical_500_response
    html = reporter.get_traceback_html()
           ^^^^^^^^^^^^^^^^^^^^^^^^^^^^^
venv/lib/python3.13/site-packages/django/views/debug.py:428: in get_traceback_html
    c = Context(self.get_traceback_data(), use_l10n=False)
                ^^^^^^^^^^^^^^^^^^^^^^^^^
venv/lib/python3.13/site-packages/django/views/debug.py:411: in get_traceback_data
    c["raising_view_name"] = get_caller(self.request)
                             ^^^^^^^^^^^^^^^^^^^^^^^^
venv/lib/python3.13/site-packages/django/views/debug.py:102: in get_caller
    resolver_match = resolve(request.path)
                     ^^^^^^^^^^^^^^^^^^^^^
venv/lib/python3.13/site-packages/django/urls/base.py:25: in resolve
    return get_resolver(urlconf).resolve(path)
           ^^^^^^^^^^^^^^^^^^^^^^^^^^^^^^^^^^^
venv/lib/python3.13/site-packages/django/urls/resolvers.py:666: in resolve
    for pattern in self.url_patterns:
                   ^^^^^^^^^^^^^^^^^
venv/lib/python3.13/site-packages/django/utils/functional.py:47: in __get__
    res = instance.__dict__[self.name] = self.func(instance)
                                         ^^^^^^^^^^^^^^^^^^^
venv/lib/python3.13/site-packages/django/urls/resolvers.py:718: in url_patterns
    patterns = getattr(self.urlconf_module, "urlpatterns", self.urlconf_module)
                       ^^^^^^^^^^^^^^^^^^^
venv/lib/python3.13/site-packages/django/utils/functional.py:47: in __get__
    res = instance.__dict__[self.name] = self.func(instance)
                                         ^^^^^^^^^^^^^^^^^^^
venv/lib/python3.13/site-packages/django/urls/resolvers.py:711: in urlconf_module
    return import_module(self.urlconf_name)
           ^^^^^^^^^^^^^^^^^^^^^^^^^^^^^^^^
/opt/homebrew/Cellar/python@3.13/3.13.5/Frameworks/Python.framework/Versions/3.13/lib/python3.13/importlib/__init__.py:88: in import_module
    return _bootstrap._gcd_import(name[level:], package, level)
           ^^^^^^^^^^^^^^^^^^^^^^^^^^^^^^^^^^^^^^^^^^^^^^^^^^^^
Backend/auth/urls.py:8: in <module>
    path('users/', include('users.urls')),
                   ^^^^^^^^^^^^^^^^^^^^^
venv/lib/python3.13/site-packages/django/urls/conf.py:39: in include
    urlconf_module = import_module(urlconf_module)
                     ^^^^^^^^^^^^^^^^^^^^^^^^^^^^^
/opt/homebrew/Cellar/python@3.13/3.13.5/Frameworks/Python.framework/Versions/3.13/lib/python3.13/importlib/__init__.py:88: in import_module
    return _bootstrap._gcd_import(name[level:], package, level)
           ^^^^^^^^^^^^^^^^^^^^^^^^^^^^^^^^^^^^^^^^^^^^^^^^^^^^
Backend/users/urls.py:2: in <module>
    from .views import (
Backend/users/views.py:10: in <module>
    from .utils import log_event, send_security_notification
Backend/users/utils.py:4: in <module>
    from depannage.utils import get_location_from_ip
_ _ _ _ _ _ _ _ _ _ _ _ _ _ _ _ _ _ _ _ _ _ _ _ _ _ _ _ _ _ _ _ _ _ _ _ _ _ _ _ 

    import uuid
    import hashlib
    import hmac
    from django.conf import settings
    from datetime import datetime
    from math import radians, sin, cos, sqrt, atan2
    import os
>   import geoip2.database
E   ModuleNotFoundError: No module named 'geoip2'

Backend/depannage/utils.py:8: ModuleNotFoundError

During handling of the above exception, another exception occurred:

request = <WSGIRequest: POST '/users/register/'>

    @wraps(get_response)
    def inner(request):
        try:
>           response = get_response(request)
                       ^^^^^^^^^^^^^^^^^^^^^

venv/lib/python3.13/site-packages/django/core/handlers/exception.py:55: 
_ _ _ _ _ _ _ _ _ _ _ _ _ _ _ _ _ _ _ _ _ _ _ _ _ _ _ _ _ _ _ _ _ _ _ _ _ _ _ _ 
venv/lib/python3.13/site-packages/django/utils/deprecation.py:120: in __call__
    response = response or self.get_response(request)
                           ^^^^^^^^^^^^^^^^^^^^^^^^^^
venv/lib/python3.13/site-packages/django/core/handlers/exception.py:57: in inner
    response = response_for_exception(request, exc)
               ^^^^^^^^^^^^^^^^^^^^^^^^^^^^^^^^^^^^
venv/lib/python3.13/site-packages/django/core/handlers/exception.py:141: in response_for_exception
    response = handle_uncaught_exception(
venv/lib/python3.13/site-packages/django/core/handlers/exception.py:182: in handle_uncaught_exception
    return debug.technical_500_response(request, *exc_info)
           ^^^^^^^^^^^^^^^^^^^^^^^^^^^^^^^^^^^^^^^^^^^^^^^^
venv/lib/python3.13/site-packages/django/views/debug.py:69: in technical_500_response
    html = reporter.get_traceback_html()
           ^^^^^^^^^^^^^^^^^^^^^^^^^^^^^
venv/lib/python3.13/site-packages/django/views/debug.py:428: in get_traceback_html
    c = Context(self.get_traceback_data(), use_l10n=False)
                ^^^^^^^^^^^^^^^^^^^^^^^^^
venv/lib/python3.13/site-packages/django/views/debug.py:411: in get_traceback_data
    c["raising_view_name"] = get_caller(self.request)
                             ^^^^^^^^^^^^^^^^^^^^^^^^
venv/lib/python3.13/site-packages/django/views/debug.py:102: in get_caller
    resolver_match = resolve(request.path)
                     ^^^^^^^^^^^^^^^^^^^^^
venv/lib/python3.13/site-packages/django/urls/base.py:25: in resolve
    return get_resolver(urlconf).resolve(path)
           ^^^^^^^^^^^^^^^^^^^^^^^^^^^^^^^^^^^
venv/lib/python3.13/site-packages/django/urls/resolvers.py:666: in resolve
    for pattern in self.url_patterns:
                   ^^^^^^^^^^^^^^^^^
venv/lib/python3.13/site-packages/django/utils/functional.py:47: in __get__
    res = instance.__dict__[self.name] = self.func(instance)
                                         ^^^^^^^^^^^^^^^^^^^
venv/lib/python3.13/site-packages/django/urls/resolvers.py:718: in url_patterns
    patterns = getattr(self.urlconf_module, "urlpatterns", self.urlconf_module)
                       ^^^^^^^^^^^^^^^^^^^
venv/lib/python3.13/site-packages/django/utils/functional.py:47: in __get__
    res = instance.__dict__[self.name] = self.func(instance)
                                         ^^^^^^^^^^^^^^^^^^^
venv/lib/python3.13/site-packages/django/urls/resolvers.py:711: in urlconf_module
    return import_module(self.urlconf_name)
           ^^^^^^^^^^^^^^^^^^^^^^^^^^^^^^^^
/opt/homebrew/Cellar/python@3.13/3.13.5/Frameworks/Python.framework/Versions/3.13/lib/python3.13/importlib/__init__.py:88: in import_module
    return _bootstrap._gcd_import(name[level:], package, level)
           ^^^^^^^^^^^^^^^^^^^^^^^^^^^^^^^^^^^^^^^^^^^^^^^^^^^^
Backend/auth/urls.py:8: in <module>
    path('users/', include('users.urls')),
                   ^^^^^^^^^^^^^^^^^^^^^
venv/lib/python3.13/site-packages/django/urls/conf.py:39: in include
    urlconf_module = import_module(urlconf_module)
                     ^^^^^^^^^^^^^^^^^^^^^^^^^^^^^
/opt/homebrew/Cellar/python@3.13/3.13.5/Frameworks/Python.framework/Versions/3.13/lib/python3.13/importlib/__init__.py:88: in import_module
    return _bootstrap._gcd_import(name[level:], package, level)
           ^^^^^^^^^^^^^^^^^^^^^^^^^^^^^^^^^^^^^^^^^^^^^^^^^^^^
Backend/users/urls.py:2: in <module>
    from .views import (
Backend/users/views.py:10: in <module>
    from .utils import log_event, send_security_notification
Backend/users/utils.py:4: in <module>
    from depannage.utils import get_location_from_ip
_ _ _ _ _ _ _ _ _ _ _ _ _ _ _ _ _ _ _ _ _ _ _ _ _ _ _ _ _ _ _ _ _ _ _ _ _ _ _ _ 

    import uuid
    import hashlib
    import hmac
    from django.conf import settings
    from datetime import datetime
    from math import radians, sin, cos, sqrt, atan2
    import os
>   import geoip2.database
E   ModuleNotFoundError: No module named 'geoip2'

Backend/depannage/utils.py:8: ModuleNotFoundError

During handling of the above exception, another exception occurred:

request = <WSGIRequest: POST '/users/register/'>

    @wraps(get_response)
    def inner(request):
        try:
>           response = get_response(request)
                       ^^^^^^^^^^^^^^^^^^^^^

venv/lib/python3.13/site-packages/django/core/handlers/exception.py:55: 
_ _ _ _ _ _ _ _ _ _ _ _ _ _ _ _ _ _ _ _ _ _ _ _ _ _ _ _ _ _ _ _ _ _ _ _ _ _ _ _ 
venv/lib/python3.13/site-packages/django/utils/deprecation.py:120: in __call__
    response = response or self.get_response(request)
                           ^^^^^^^^^^^^^^^^^^^^^^^^^^
venv/lib/python3.13/site-packages/django/core/handlers/exception.py:57: in inner
    response = response_for_exception(request, exc)
               ^^^^^^^^^^^^^^^^^^^^^^^^^^^^^^^^^^^^
venv/lib/python3.13/site-packages/django/core/handlers/exception.py:141: in response_for_exception
    response = handle_uncaught_exception(
venv/lib/python3.13/site-packages/django/core/handlers/exception.py:182: in handle_uncaught_exception
    return debug.technical_500_response(request, *exc_info)
           ^^^^^^^^^^^^^^^^^^^^^^^^^^^^^^^^^^^^^^^^^^^^^^^^
venv/lib/python3.13/site-packages/django/views/debug.py:69: in technical_500_response
    html = reporter.get_traceback_html()
           ^^^^^^^^^^^^^^^^^^^^^^^^^^^^^
venv/lib/python3.13/site-packages/django/views/debug.py:428: in get_traceback_html
    c = Context(self.get_traceback_data(), use_l10n=False)
                ^^^^^^^^^^^^^^^^^^^^^^^^^
venv/lib/python3.13/site-packages/django/views/debug.py:411: in get_traceback_data
    c["raising_view_name"] = get_caller(self.request)
                             ^^^^^^^^^^^^^^^^^^^^^^^^
venv/lib/python3.13/site-packages/django/views/debug.py:102: in get_caller
    resolver_match = resolve(request.path)
                     ^^^^^^^^^^^^^^^^^^^^^
venv/lib/python3.13/site-packages/django/urls/base.py:25: in resolve
    return get_resolver(urlconf).resolve(path)
           ^^^^^^^^^^^^^^^^^^^^^^^^^^^^^^^^^^^
venv/lib/python3.13/site-packages/django/urls/resolvers.py:666: in resolve
    for pattern in self.url_patterns:
                   ^^^^^^^^^^^^^^^^^
venv/lib/python3.13/site-packages/django/utils/functional.py:47: in __get__
    res = instance.__dict__[self.name] = self.func(instance)
                                         ^^^^^^^^^^^^^^^^^^^
venv/lib/python3.13/site-packages/django/urls/resolvers.py:718: in url_patterns
    patterns = getattr(self.urlconf_module, "urlpatterns", self.urlconf_module)
                       ^^^^^^^^^^^^^^^^^^^
venv/lib/python3.13/site-packages/django/utils/functional.py:47: in __get__
    res = instance.__dict__[self.name] = self.func(instance)
                                         ^^^^^^^^^^^^^^^^^^^
venv/lib/python3.13/site-packages/django/urls/resolvers.py:711: in urlconf_module
    return import_module(self.urlconf_name)
           ^^^^^^^^^^^^^^^^^^^^^^^^^^^^^^^^
/opt/homebrew/Cellar/python@3.13/3.13.5/Frameworks/Python.framework/Versions/3.13/lib/python3.13/importlib/__init__.py:88: in import_module
    return _bootstrap._gcd_import(name[level:], package, level)
           ^^^^^^^^^^^^^^^^^^^^^^^^^^^^^^^^^^^^^^^^^^^^^^^^^^^^
Backend/auth/urls.py:8: in <module>
    path('users/', include('users.urls')),
                   ^^^^^^^^^^^^^^^^^^^^^
venv/lib/python3.13/site-packages/django/urls/conf.py:39: in include
    urlconf_module = import_module(urlconf_module)
                     ^^^^^^^^^^^^^^^^^^^^^^^^^^^^^
/opt/homebrew/Cellar/python@3.13/3.13.5/Frameworks/Python.framework/Versions/3.13/lib/python3.13/importlib/__init__.py:88: in import_module
    return _bootstrap._gcd_import(name[level:], package, level)
           ^^^^^^^^^^^^^^^^^^^^^^^^^^^^^^^^^^^^^^^^^^^^^^^^^^^^
Backend/users/urls.py:2: in <module>
    from .views import (
Backend/users/views.py:10: in <module>
    from .utils import log_event, send_security_notification
Backend/users/utils.py:4: in <module>
    from depannage.utils import get_location_from_ip
_ _ _ _ _ _ _ _ _ _ _ _ _ _ _ _ _ _ _ _ _ _ _ _ _ _ _ _ _ _ _ _ _ _ _ _ _ _ _ _ 

    import uuid
    import hashlib
    import hmac
    from django.conf import settings
    from datetime import datetime
    from math import radians, sin, cos, sqrt, atan2
    import os
>   import geoip2.database
E   ModuleNotFoundError: No module named 'geoip2'

Backend/depannage/utils.py:8: ModuleNotFoundError

During handling of the above exception, another exception occurred:

request = <WSGIRequest: POST '/users/register/'>

    @wraps(get_response)
    def inner(request):
        try:
>           response = get_response(request)
                       ^^^^^^^^^^^^^^^^^^^^^

venv/lib/python3.13/site-packages/django/core/handlers/exception.py:55: 
_ _ _ _ _ _ _ _ _ _ _ _ _ _ _ _ _ _ _ _ _ _ _ _ _ _ _ _ _ _ _ _ _ _ _ _ _ _ _ _ 
venv/lib/python3.13/site-packages/django/utils/deprecation.py:120: in __call__
    response = response or self.get_response(request)
                           ^^^^^^^^^^^^^^^^^^^^^^^^^^
venv/lib/python3.13/site-packages/django/core/handlers/exception.py:57: in inner
    response = response_for_exception(request, exc)
               ^^^^^^^^^^^^^^^^^^^^^^^^^^^^^^^^^^^^
venv/lib/python3.13/site-packages/django/core/handlers/exception.py:141: in response_for_exception
    response = handle_uncaught_exception(
venv/lib/python3.13/site-packages/django/core/handlers/exception.py:182: in handle_uncaught_exception
    return debug.technical_500_response(request, *exc_info)
           ^^^^^^^^^^^^^^^^^^^^^^^^^^^^^^^^^^^^^^^^^^^^^^^^
venv/lib/python3.13/site-packages/django/views/debug.py:69: in technical_500_response
    html = reporter.get_traceback_html()
           ^^^^^^^^^^^^^^^^^^^^^^^^^^^^^
venv/lib/python3.13/site-packages/django/views/debug.py:428: in get_traceback_html
    c = Context(self.get_traceback_data(), use_l10n=False)
                ^^^^^^^^^^^^^^^^^^^^^^^^^
venv/lib/python3.13/site-packages/django/views/debug.py:411: in get_traceback_data
    c["raising_view_name"] = get_caller(self.request)
                             ^^^^^^^^^^^^^^^^^^^^^^^^
venv/lib/python3.13/site-packages/django/views/debug.py:102: in get_caller
    resolver_match = resolve(request.path)
                     ^^^^^^^^^^^^^^^^^^^^^
venv/lib/python3.13/site-packages/django/urls/base.py:25: in resolve
    return get_resolver(urlconf).resolve(path)
           ^^^^^^^^^^^^^^^^^^^^^^^^^^^^^^^^^^^
venv/lib/python3.13/site-packages/django/urls/resolvers.py:666: in resolve
    for pattern in self.url_patterns:
                   ^^^^^^^^^^^^^^^^^
venv/lib/python3.13/site-packages/django/utils/functional.py:47: in __get__
    res = instance.__dict__[self.name] = self.func(instance)
                                         ^^^^^^^^^^^^^^^^^^^
venv/lib/python3.13/site-packages/django/urls/resolvers.py:718: in url_patterns
    patterns = getattr(self.urlconf_module, "urlpatterns", self.urlconf_module)
                       ^^^^^^^^^^^^^^^^^^^
venv/lib/python3.13/site-packages/django/utils/functional.py:47: in __get__
    res = instance.__dict__[self.name] = self.func(instance)
                                         ^^^^^^^^^^^^^^^^^^^
venv/lib/python3.13/site-packages/django/urls/resolvers.py:711: in urlconf_module
    return import_module(self.urlconf_name)
           ^^^^^^^^^^^^^^^^^^^^^^^^^^^^^^^^
/opt/homebrew/Cellar/python@3.13/3.13.5/Frameworks/Python.framework/Versions/3.13/lib/python3.13/importlib/__init__.py:88: in import_module
    return _bootstrap._gcd_import(name[level:], package, level)
           ^^^^^^^^^^^^^^^^^^^^^^^^^^^^^^^^^^^^^^^^^^^^^^^^^^^^
Backend/auth/urls.py:8: in <module>
    path('users/', include('users.urls')),
                   ^^^^^^^^^^^^^^^^^^^^^
venv/lib/python3.13/site-packages/django/urls/conf.py:39: in include
    urlconf_module = import_module(urlconf_module)
                     ^^^^^^^^^^^^^^^^^^^^^^^^^^^^^
/opt/homebrew/Cellar/python@3.13/3.13.5/Frameworks/Python.framework/Versions/3.13/lib/python3.13/importlib/__init__.py:88: in import_module
    return _bootstrap._gcd_import(name[level:], package, level)
           ^^^^^^^^^^^^^^^^^^^^^^^^^^^^^^^^^^^^^^^^^^^^^^^^^^^^
Backend/users/urls.py:2: in <module>
    from .views import (
Backend/users/views.py:10: in <module>
    from .utils import log_event, send_security_notification
Backend/users/utils.py:4: in <module>
    from depannage.utils import get_location_from_ip
_ _ _ _ _ _ _ _ _ _ _ _ _ _ _ _ _ _ _ _ _ _ _ _ _ _ _ _ _ _ _ _ _ _ _ _ _ _ _ _ 

    import uuid
    import hashlib
    import hmac
    from django.conf import settings
    from datetime import datetime
    from math import radians, sin, cos, sqrt, atan2
    import os
>   import geoip2.database
E   ModuleNotFoundError: No module named 'geoip2'

Backend/depannage/utils.py:8: ModuleNotFoundError

During handling of the above exception, another exception occurred:

request = <WSGIRequest: POST '/users/register/'>

    @wraps(get_response)
    def inner(request):
        try:
>           response = get_response(request)
                       ^^^^^^^^^^^^^^^^^^^^^

venv/lib/python3.13/site-packages/django/core/handlers/exception.py:55: 
_ _ _ _ _ _ _ _ _ _ _ _ _ _ _ _ _ _ _ _ _ _ _ _ _ _ _ _ _ _ _ _ _ _ _ _ _ _ _ _ 
venv/lib/python3.13/site-packages/django/utils/deprecation.py:120: in __call__
    response = response or self.get_response(request)
                           ^^^^^^^^^^^^^^^^^^^^^^^^^^
venv/lib/python3.13/site-packages/django/core/handlers/exception.py:57: in inner
    response = response_for_exception(request, exc)
               ^^^^^^^^^^^^^^^^^^^^^^^^^^^^^^^^^^^^
venv/lib/python3.13/site-packages/django/core/handlers/exception.py:141: in response_for_exception
    response = handle_uncaught_exception(
venv/lib/python3.13/site-packages/django/core/handlers/exception.py:182: in handle_uncaught_exception
    return debug.technical_500_response(request, *exc_info)
           ^^^^^^^^^^^^^^^^^^^^^^^^^^^^^^^^^^^^^^^^^^^^^^^^
venv/lib/python3.13/site-packages/django/views/debug.py:69: in technical_500_response
    html = reporter.get_traceback_html()
           ^^^^^^^^^^^^^^^^^^^^^^^^^^^^^
venv/lib/python3.13/site-packages/django/views/debug.py:428: in get_traceback_html
    c = Context(self.get_traceback_data(), use_l10n=False)
                ^^^^^^^^^^^^^^^^^^^^^^^^^
venv/lib/python3.13/site-packages/django/views/debug.py:411: in get_traceback_data
    c["raising_view_name"] = get_caller(self.request)
                             ^^^^^^^^^^^^^^^^^^^^^^^^
venv/lib/python3.13/site-packages/django/views/debug.py:102: in get_caller
    resolver_match = resolve(request.path)
                     ^^^^^^^^^^^^^^^^^^^^^
venv/lib/python3.13/site-packages/django/urls/base.py:25: in resolve
    return get_resolver(urlconf).resolve(path)
           ^^^^^^^^^^^^^^^^^^^^^^^^^^^^^^^^^^^
venv/lib/python3.13/site-packages/django/urls/resolvers.py:666: in resolve
    for pattern in self.url_patterns:
                   ^^^^^^^^^^^^^^^^^
venv/lib/python3.13/site-packages/django/utils/functional.py:47: in __get__
    res = instance.__dict__[self.name] = self.func(instance)
                                         ^^^^^^^^^^^^^^^^^^^
venv/lib/python3.13/site-packages/django/urls/resolvers.py:718: in url_patterns
    patterns = getattr(self.urlconf_module, "urlpatterns", self.urlconf_module)
                       ^^^^^^^^^^^^^^^^^^^
venv/lib/python3.13/site-packages/django/utils/functional.py:47: in __get__
    res = instance.__dict__[self.name] = self.func(instance)
                                         ^^^^^^^^^^^^^^^^^^^
venv/lib/python3.13/site-packages/django/urls/resolvers.py:711: in urlconf_module
    return import_module(self.urlconf_name)
           ^^^^^^^^^^^^^^^^^^^^^^^^^^^^^^^^
/opt/homebrew/Cellar/python@3.13/3.13.5/Frameworks/Python.framework/Versions/3.13/lib/python3.13/importlib/__init__.py:88: in import_module
    return _bootstrap._gcd_import(name[level:], package, level)
           ^^^^^^^^^^^^^^^^^^^^^^^^^^^^^^^^^^^^^^^^^^^^^^^^^^^^
Backend/auth/urls.py:8: in <module>
    path('users/', include('users.urls')),
                   ^^^^^^^^^^^^^^^^^^^^^
venv/lib/python3.13/site-packages/django/urls/conf.py:39: in include
    urlconf_module = import_module(urlconf_module)
                     ^^^^^^^^^^^^^^^^^^^^^^^^^^^^^
/opt/homebrew/Cellar/python@3.13/3.13.5/Frameworks/Python.framework/Versions/3.13/lib/python3.13/importlib/__init__.py:88: in import_module
    return _bootstrap._gcd_import(name[level:], package, level)
           ^^^^^^^^^^^^^^^^^^^^^^^^^^^^^^^^^^^^^^^^^^^^^^^^^^^^
Backend/users/urls.py:2: in <module>
    from .views import (
Backend/users/views.py:10: in <module>
    from .utils import log_event, send_security_notification
Backend/users/utils.py:4: in <module>
    from depannage.utils import get_location_from_ip
_ _ _ _ _ _ _ _ _ _ _ _ _ _ _ _ _ _ _ _ _ _ _ _ _ _ _ _ _ _ _ _ _ _ _ _ _ _ _ _ 

    import uuid
    import hashlib
    import hmac
    from django.conf import settings
    from datetime import datetime
    from math import radians, sin, cos, sqrt, atan2
    import os
>   import geoip2.database
E   ModuleNotFoundError: No module named 'geoip2'

Backend/depannage/utils.py:8: ModuleNotFoundError

During handling of the above exception, another exception occurred:

request = <WSGIRequest: POST '/users/register/'>

    @wraps(get_response)
    def inner(request):
        try:
>           response = get_response(request)
                       ^^^^^^^^^^^^^^^^^^^^^

venv/lib/python3.13/site-packages/django/core/handlers/exception.py:55: 
_ _ _ _ _ _ _ _ _ _ _ _ _ _ _ _ _ _ _ _ _ _ _ _ _ _ _ _ _ _ _ _ _ _ _ _ _ _ _ _ 
venv/lib/python3.13/site-packages/django/utils/deprecation.py:120: in __call__
    response = response or self.get_response(request)
                           ^^^^^^^^^^^^^^^^^^^^^^^^^^
venv/lib/python3.13/site-packages/django/core/handlers/exception.py:57: in inner
    response = response_for_exception(request, exc)
               ^^^^^^^^^^^^^^^^^^^^^^^^^^^^^^^^^^^^
venv/lib/python3.13/site-packages/django/core/handlers/exception.py:141: in response_for_exception
    response = handle_uncaught_exception(
venv/lib/python3.13/site-packages/django/core/handlers/exception.py:182: in handle_uncaught_exception
    return debug.technical_500_response(request, *exc_info)
           ^^^^^^^^^^^^^^^^^^^^^^^^^^^^^^^^^^^^^^^^^^^^^^^^
venv/lib/python3.13/site-packages/django/views/debug.py:69: in technical_500_response
    html = reporter.get_traceback_html()
           ^^^^^^^^^^^^^^^^^^^^^^^^^^^^^
venv/lib/python3.13/site-packages/django/views/debug.py:428: in get_traceback_html
    c = Context(self.get_traceback_data(), use_l10n=False)
                ^^^^^^^^^^^^^^^^^^^^^^^^^
venv/lib/python3.13/site-packages/django/views/debug.py:411: in get_traceback_data
    c["raising_view_name"] = get_caller(self.request)
                             ^^^^^^^^^^^^^^^^^^^^^^^^
venv/lib/python3.13/site-packages/django/views/debug.py:102: in get_caller
    resolver_match = resolve(request.path)
                     ^^^^^^^^^^^^^^^^^^^^^
venv/lib/python3.13/site-packages/django/urls/base.py:25: in resolve
    return get_resolver(urlconf).resolve(path)
           ^^^^^^^^^^^^^^^^^^^^^^^^^^^^^^^^^^^
venv/lib/python3.13/site-packages/django/urls/resolvers.py:666: in resolve
    for pattern in self.url_patterns:
                   ^^^^^^^^^^^^^^^^^
venv/lib/python3.13/site-packages/django/utils/functional.py:47: in __get__
    res = instance.__dict__[self.name] = self.func(instance)
                                         ^^^^^^^^^^^^^^^^^^^
venv/lib/python3.13/site-packages/django/urls/resolvers.py:718: in url_patterns
    patterns = getattr(self.urlconf_module, "urlpatterns", self.urlconf_module)
                       ^^^^^^^^^^^^^^^^^^^
venv/lib/python3.13/site-packages/django/utils/functional.py:47: in __get__
    res = instance.__dict__[self.name] = self.func(instance)
                                         ^^^^^^^^^^^^^^^^^^^
venv/lib/python3.13/site-packages/django/urls/resolvers.py:711: in urlconf_module
    return import_module(self.urlconf_name)
           ^^^^^^^^^^^^^^^^^^^^^^^^^^^^^^^^
/opt/homebrew/Cellar/python@3.13/3.13.5/Frameworks/Python.framework/Versions/3.13/lib/python3.13/importlib/__init__.py:88: in import_module
    return _bootstrap._gcd_import(name[level:], package, level)
           ^^^^^^^^^^^^^^^^^^^^^^^^^^^^^^^^^^^^^^^^^^^^^^^^^^^^
Backend/auth/urls.py:8: in <module>
    path('users/', include('users.urls')),
                   ^^^^^^^^^^^^^^^^^^^^^
venv/lib/python3.13/site-packages/django/urls/conf.py:39: in include
    urlconf_module = import_module(urlconf_module)
                     ^^^^^^^^^^^^^^^^^^^^^^^^^^^^^
/opt/homebrew/Cellar/python@3.13/3.13.5/Frameworks/Python.framework/Versions/3.13/lib/python3.13/importlib/__init__.py:88: in import_module
    return _bootstrap._gcd_import(name[level:], package, level)
           ^^^^^^^^^^^^^^^^^^^^^^^^^^^^^^^^^^^^^^^^^^^^^^^^^^^^
Backend/users/urls.py:2: in <module>
    from .views import (
Backend/users/views.py:10: in <module>
    from .utils import log_event, send_security_notification
Backend/users/utils.py:4: in <module>
    from depannage.utils import get_location_from_ip
_ _ _ _ _ _ _ _ _ _ _ _ _ _ _ _ _ _ _ _ _ _ _ _ _ _ _ _ _ _ _ _ _ _ _ _ _ _ _ _ 

    import uuid
    import hashlib
    import hmac
    from django.conf import settings
    from datetime import datetime
    from math import radians, sin, cos, sqrt, atan2
    import os
>   import geoip2.database
E   ModuleNotFoundError: No module named 'geoip2'

Backend/depannage/utils.py:8: ModuleNotFoundError

During handling of the above exception, another exception occurred:

request = <WSGIRequest: POST '/users/register/'>

    @wraps(get_response)
    def inner(request):
        try:
>           response = get_response(request)
                       ^^^^^^^^^^^^^^^^^^^^^

venv/lib/python3.13/site-packages/django/core/handlers/exception.py:55: 
_ _ _ _ _ _ _ _ _ _ _ _ _ _ _ _ _ _ _ _ _ _ _ _ _ _ _ _ _ _ _ _ _ _ _ _ _ _ _ _ 
venv/lib/python3.13/site-packages/corsheaders/middleware.py:56: in __call__
    result = self.get_response(request)
             ^^^^^^^^^^^^^^^^^^^^^^^^^^
venv/lib/python3.13/site-packages/django/core/handlers/exception.py:57: in inner
    response = response_for_exception(request, exc)
               ^^^^^^^^^^^^^^^^^^^^^^^^^^^^^^^^^^^^
venv/lib/python3.13/site-packages/django/core/handlers/exception.py:141: in response_for_exception
    response = handle_uncaught_exception(
venv/lib/python3.13/site-packages/django/core/handlers/exception.py:182: in handle_uncaught_exception
    return debug.technical_500_response(request, *exc_info)
           ^^^^^^^^^^^^^^^^^^^^^^^^^^^^^^^^^^^^^^^^^^^^^^^^
venv/lib/python3.13/site-packages/django/views/debug.py:69: in technical_500_response
    html = reporter.get_traceback_html()
           ^^^^^^^^^^^^^^^^^^^^^^^^^^^^^
venv/lib/python3.13/site-packages/django/views/debug.py:428: in get_traceback_html
    c = Context(self.get_traceback_data(), use_l10n=False)
                ^^^^^^^^^^^^^^^^^^^^^^^^^
venv/lib/python3.13/site-packages/django/views/debug.py:411: in get_traceback_data
    c["raising_view_name"] = get_caller(self.request)
                             ^^^^^^^^^^^^^^^^^^^^^^^^
venv/lib/python3.13/site-packages/django/views/debug.py:102: in get_caller
    resolver_match = resolve(request.path)
                     ^^^^^^^^^^^^^^^^^^^^^
venv/lib/python3.13/site-packages/django/urls/base.py:25: in resolve
    return get_resolver(urlconf).resolve(path)
           ^^^^^^^^^^^^^^^^^^^^^^^^^^^^^^^^^^^
venv/lib/python3.13/site-packages/django/urls/resolvers.py:666: in resolve
    for pattern in self.url_patterns:
                   ^^^^^^^^^^^^^^^^^
venv/lib/python3.13/site-packages/django/utils/functional.py:47: in __get__
    res = instance.__dict__[self.name] = self.func(instance)
                                         ^^^^^^^^^^^^^^^^^^^
venv/lib/python3.13/site-packages/django/urls/resolvers.py:718: in url_patterns
    patterns = getattr(self.urlconf_module, "urlpatterns", self.urlconf_module)
                       ^^^^^^^^^^^^^^^^^^^
venv/lib/python3.13/site-packages/django/utils/functional.py:47: in __get__
    res = instance.__dict__[self.name] = self.func(instance)
                                         ^^^^^^^^^^^^^^^^^^^
venv/lib/python3.13/site-packages/django/urls/resolvers.py:711: in urlconf_module
    return import_module(self.urlconf_name)
           ^^^^^^^^^^^^^^^^^^^^^^^^^^^^^^^^
/opt/homebrew/Cellar/python@3.13/3.13.5/Frameworks/Python.framework/Versions/3.13/lib/python3.13/importlib/__init__.py:88: in import_module
    return _bootstrap._gcd_import(name[level:], package, level)
           ^^^^^^^^^^^^^^^^^^^^^^^^^^^^^^^^^^^^^^^^^^^^^^^^^^^^
Backend/auth/urls.py:8: in <module>
    path('users/', include('users.urls')),
                   ^^^^^^^^^^^^^^^^^^^^^
venv/lib/python3.13/site-packages/django/urls/conf.py:39: in include
    urlconf_module = import_module(urlconf_module)
                     ^^^^^^^^^^^^^^^^^^^^^^^^^^^^^
/opt/homebrew/Cellar/python@3.13/3.13.5/Frameworks/Python.framework/Versions/3.13/lib/python3.13/importlib/__init__.py:88: in import_module
    return _bootstrap._gcd_import(name[level:], package, level)
           ^^^^^^^^^^^^^^^^^^^^^^^^^^^^^^^^^^^^^^^^^^^^^^^^^^^^
Backend/users/urls.py:2: in <module>
    from .views import (
Backend/users/views.py:10: in <module>
    from .utils import log_event, send_security_notification
Backend/users/utils.py:4: in <module>
    from depannage.utils import get_location_from_ip
_ _ _ _ _ _ _ _ _ _ _ _ _ _ _ _ _ _ _ _ _ _ _ _ _ _ _ _ _ _ _ _ _ _ _ _ _ _ _ _ 

    import uuid
    import hashlib
    import hmac
    from django.conf import settings
    from datetime import datetime
    from math import radians, sin, cos, sqrt, atan2
    import os
>   import geoip2.database
E   ModuleNotFoundError: No module named 'geoip2'

Backend/depannage/utils.py:8: ModuleNotFoundError

During handling of the above exception, another exception occurred:

    def test_register_and_login_mali_client():
        """Teste l'inscription et la connexion d'un client avec un numéro malien conforme."""
        client = APIClient()
        # Générer un email/username unique
        ts = int(time.time())
        rand = ''.join(random.choices(string.ascii_lowercase + string.digits, k=4))
        email = f"client_mali_test_{ts}_{rand}@example.com"
        username = f"client_mali_test_{ts}_{rand}"
        delete_user_by_email(email)
        register_data = {
            "username": username,
            "email": email,
            "password": "bechir66312345",
            "password2": "bechir66312345",
            "user_type": "client",
            "first_name": "Moussa",
            "last_name": "Traoré",
            "phone": "+223 66 12 34 56",
            "address": "Bamako"
        }
        # Inscription
>       response = client.post('/users/register/', register_data, format='json')
                   ^^^^^^^^^^^^^^^^^^^^^^^^^^^^^^^^^^^^^^^^^^^^^^^^^^^^^^^^^^^^^

Backend/test_user.py:78: 
_ _ _ _ _ _ _ _ _ _ _ _ _ _ _ _ _ _ _ _ _ _ _ _ _ _ _ _ _ _ _ _ _ _ _ _ _ _ _ _ 
venv/lib/python3.13/site-packages/rest_framework/test.py:299: in post
    response = super().post(
venv/lib/python3.13/site-packages/rest_framework/test.py:213: in post
    return self.generic('POST', path, data, content_type, **extra)
           ^^^^^^^^^^^^^^^^^^^^^^^^^^^^^^^^^^^^^^^^^^^^^^^^^^^^^^^
venv/lib/python3.13/site-packages/rest_framework/test.py:237: in generic
    return super().generic(
venv/lib/python3.13/site-packages/django/test/client.py:671: in generic
    return self.request(**r)
           ^^^^^^^^^^^^^^^^^
venv/lib/python3.13/site-packages/rest_framework/test.py:289: in request
    return super().request(**kwargs)
           ^^^^^^^^^^^^^^^^^^^^^^^^^
venv/lib/python3.13/site-packages/rest_framework/test.py:241: in request
    request = super().request(**kwargs)
              ^^^^^^^^^^^^^^^^^^^^^^^^^
venv/lib/python3.13/site-packages/django/test/client.py:1082: in request
    response = self.handler(environ)
               ^^^^^^^^^^^^^^^^^^^^^
venv/lib/python3.13/site-packages/django/test/client.py:186: in __call__
    response = self.get_response(request)
               ^^^^^^^^^^^^^^^^^^^^^^^^^^
venv/lib/python3.13/site-packages/rest_framework/test.py:261: in get_response
    return super().get_response(request)
           ^^^^^^^^^^^^^^^^^^^^^^^^^^^^^
venv/lib/python3.13/site-packages/django/core/handlers/base.py:140: in get_response
    response = self._middleware_chain(request)
               ^^^^^^^^^^^^^^^^^^^^^^^^^^^^^^^
venv/lib/python3.13/site-packages/django/core/handlers/exception.py:57: in inner
    response = response_for_exception(request, exc)
               ^^^^^^^^^^^^^^^^^^^^^^^^^^^^^^^^^^^^
venv/lib/python3.13/site-packages/django/core/handlers/exception.py:141: in response_for_exception
    response = handle_uncaught_exception(
venv/lib/python3.13/site-packages/django/core/handlers/exception.py:182: in handle_uncaught_exception
    return debug.technical_500_response(request, *exc_info)
           ^^^^^^^^^^^^^^^^^^^^^^^^^^^^^^^^^^^^^^^^^^^^^^^^
venv/lib/python3.13/site-packages/django/views/debug.py:69: in technical_500_response
    html = reporter.get_traceback_html()
           ^^^^^^^^^^^^^^^^^^^^^^^^^^^^^
venv/lib/python3.13/site-packages/django/views/debug.py:428: in get_traceback_html
    c = Context(self.get_traceback_data(), use_l10n=False)
                ^^^^^^^^^^^^^^^^^^^^^^^^^
venv/lib/python3.13/site-packages/django/views/debug.py:411: in get_traceback_data
    c["raising_view_name"] = get_caller(self.request)
                             ^^^^^^^^^^^^^^^^^^^^^^^^
venv/lib/python3.13/site-packages/django/views/debug.py:102: in get_caller
    resolver_match = resolve(request.path)
                     ^^^^^^^^^^^^^^^^^^^^^
venv/lib/python3.13/site-packages/django/urls/base.py:25: in resolve
    return get_resolver(urlconf).resolve(path)
           ^^^^^^^^^^^^^^^^^^^^^^^^^^^^^^^^^^^
venv/lib/python3.13/site-packages/django/urls/resolvers.py:666: in resolve
    for pattern in self.url_patterns:
                   ^^^^^^^^^^^^^^^^^
venv/lib/python3.13/site-packages/django/utils/functional.py:47: in __get__
    res = instance.__dict__[self.name] = self.func(instance)
                                         ^^^^^^^^^^^^^^^^^^^
venv/lib/python3.13/site-packages/django/urls/resolvers.py:718: in url_patterns
    patterns = getattr(self.urlconf_module, "urlpatterns", self.urlconf_module)
                       ^^^^^^^^^^^^^^^^^^^
venv/lib/python3.13/site-packages/django/utils/functional.py:47: in __get__
    res = instance.__dict__[self.name] = self.func(instance)
                                         ^^^^^^^^^^^^^^^^^^^
venv/lib/python3.13/site-packages/django/urls/resolvers.py:711: in urlconf_module
    return import_module(self.urlconf_name)
           ^^^^^^^^^^^^^^^^^^^^^^^^^^^^^^^^
/opt/homebrew/Cellar/python@3.13/3.13.5/Frameworks/Python.framework/Versions/3.13/lib/python3.13/importlib/__init__.py:88: in import_module
    return _bootstrap._gcd_import(name[level:], package, level)
           ^^^^^^^^^^^^^^^^^^^^^^^^^^^^^^^^^^^^^^^^^^^^^^^^^^^^
<frozen importlib._bootstrap>:1387: in _gcd_import
    ???
<frozen importlib._bootstrap>:1360: in _find_and_load
    ???
<frozen importlib._bootstrap>:1331: in _find_and_load_unlocked
    ???
<frozen importlib._bootstrap>:935: in _load_unlocked
    ???
<frozen importlib._bootstrap_external>:1026: in exec_module
    ???
<frozen importlib._bootstrap>:488: in _call_with_frames_removed
    ???
Backend/auth/urls.py:8: in <module>
    path('users/', include('users.urls')),
                   ^^^^^^^^^^^^^^^^^^^^^
venv/lib/python3.13/site-packages/django/urls/conf.py:39: in include
    urlconf_module = import_module(urlconf_module)
                     ^^^^^^^^^^^^^^^^^^^^^^^^^^^^^
/opt/homebrew/Cellar/python@3.13/3.13.5/Frameworks/Python.framework/Versions/3.13/lib/python3.13/importlib/__init__.py:88: in import_module
    return _bootstrap._gcd_import(name[level:], package, level)
           ^^^^^^^^^^^^^^^^^^^^^^^^^^^^^^^^^^^^^^^^^^^^^^^^^^^^
<frozen importlib._bootstrap>:1387: in _gcd_import
    ???
<frozen importlib._bootstrap>:1360: in _find_and_load
    ???
<frozen importlib._bootstrap>:1331: in _find_and_load_unlocked
    ???
<frozen importlib._bootstrap>:935: in _load_unlocked
    ???
<frozen importlib._bootstrap_external>:1026: in exec_module
    ???
<frozen importlib._bootstrap>:488: in _call_with_frames_removed
    ???
Backend/users/urls.py:2: in <module>
    from .views import (
Backend/users/views.py:10: in <module>
    from .utils import log_event, send_security_notification
Backend/users/utils.py:4: in <module>
    from depannage.utils import get_location_from_ip
_ _ _ _ _ _ _ _ _ _ _ _ _ _ _ _ _ _ _ _ _ _ _ _ _ _ _ _ _ _ _ _ _ _ _ _ _ _ _ _ 

    import uuid
    import hashlib
    import hmac
    from django.conf import settings
    from datetime import datetime
    from math import radians, sin, cos, sqrt, atan2
    import os
>   import geoip2.database
E   ModuleNotFoundError: No module named 'geoip2'

Backend/depannage/utils.py:8: ModuleNotFoundError
___________________ test_register_and_login_mali_technician ____________________

request = <WSGIRequest: POST '/users/register/'>

    @wraps(get_response)
    def inner(request):
        try:
>           response = get_response(request)
                       ^^^^^^^^^^^^^^^^^^^^^

venv/lib/python3.13/site-packages/django/core/handlers/exception.py:55: 
_ _ _ _ _ _ _ _ _ _ _ _ _ _ _ _ _ _ _ _ _ _ _ _ _ _ _ _ _ _ _ _ _ _ _ _ _ _ _ _ 
venv/lib/python3.13/site-packages/django/core/handlers/base.py:181: in _get_response
    callback, callback_args, callback_kwargs = self.resolve_request(request)
                                               ^^^^^^^^^^^^^^^^^^^^^^^^^^^^^
venv/lib/python3.13/site-packages/django/core/handlers/base.py:313: in resolve_request
    resolver_match = resolver.resolve(request.path_info)
                     ^^^^^^^^^^^^^^^^^^^^^^^^^^^^^^^^^^^
venv/lib/python3.13/site-packages/django/urls/resolvers.py:666: in resolve
    for pattern in self.url_patterns:
                   ^^^^^^^^^^^^^^^^^
venv/lib/python3.13/site-packages/django/utils/functional.py:47: in __get__
    res = instance.__dict__[self.name] = self.func(instance)
                                         ^^^^^^^^^^^^^^^^^^^
venv/lib/python3.13/site-packages/django/urls/resolvers.py:718: in url_patterns
    patterns = getattr(self.urlconf_module, "urlpatterns", self.urlconf_module)
                       ^^^^^^^^^^^^^^^^^^^
venv/lib/python3.13/site-packages/django/utils/functional.py:47: in __get__
    res = instance.__dict__[self.name] = self.func(instance)
                                         ^^^^^^^^^^^^^^^^^^^
venv/lib/python3.13/site-packages/django/urls/resolvers.py:711: in urlconf_module
    return import_module(self.urlconf_name)
           ^^^^^^^^^^^^^^^^^^^^^^^^^^^^^^^^
/opt/homebrew/Cellar/python@3.13/3.13.5/Frameworks/Python.framework/Versions/3.13/lib/python3.13/importlib/__init__.py:88: in import_module
    return _bootstrap._gcd_import(name[level:], package, level)
           ^^^^^^^^^^^^^^^^^^^^^^^^^^^^^^^^^^^^^^^^^^^^^^^^^^^^
Backend/auth/urls.py:8: in <module>
    path('users/', include('users.urls')),
                   ^^^^^^^^^^^^^^^^^^^^^
venv/lib/python3.13/site-packages/django/urls/conf.py:39: in include
    urlconf_module = import_module(urlconf_module)
                     ^^^^^^^^^^^^^^^^^^^^^^^^^^^^^
/opt/homebrew/Cellar/python@3.13/3.13.5/Frameworks/Python.framework/Versions/3.13/lib/python3.13/importlib/__init__.py:88: in import_module
    return _bootstrap._gcd_import(name[level:], package, level)
           ^^^^^^^^^^^^^^^^^^^^^^^^^^^^^^^^^^^^^^^^^^^^^^^^^^^^
Backend/users/urls.py:2: in <module>
    from .views import (
Backend/users/views.py:10: in <module>
    from .utils import log_event, send_security_notification
Backend/users/utils.py:4: in <module>
    from depannage.utils import get_location_from_ip
_ _ _ _ _ _ _ _ _ _ _ _ _ _ _ _ _ _ _ _ _ _ _ _ _ _ _ _ _ _ _ _ _ _ _ _ _ _ _ _ 

    import uuid
    import hashlib
    import hmac
    from django.conf import settings
    from datetime import datetime
    from math import radians, sin, cos, sqrt, atan2
    import os
>   import geoip2.database
E   ModuleNotFoundError: No module named 'geoip2'

Backend/depannage/utils.py:8: ModuleNotFoundError

During handling of the above exception, another exception occurred:

request = <WSGIRequest: POST '/users/register/'>

    @wraps(get_response)
    def inner(request):
        try:
>           response = get_response(request)
                       ^^^^^^^^^^^^^^^^^^^^^

venv/lib/python3.13/site-packages/django/core/handlers/exception.py:55: 
_ _ _ _ _ _ _ _ _ _ _ _ _ _ _ _ _ _ _ _ _ _ _ _ _ _ _ _ _ _ _ _ _ _ _ _ _ _ _ _ 
Backend/auth/middleware.py:48: in __call__
    return self.get_response(request)
           ^^^^^^^^^^^^^^^^^^^^^^^^^^
venv/lib/python3.13/site-packages/django/core/handlers/exception.py:57: in inner
    response = response_for_exception(request, exc)
               ^^^^^^^^^^^^^^^^^^^^^^^^^^^^^^^^^^^^
venv/lib/python3.13/site-packages/django/core/handlers/exception.py:141: in response_for_exception
    response = handle_uncaught_exception(
venv/lib/python3.13/site-packages/django/core/handlers/exception.py:182: in handle_uncaught_exception
    return debug.technical_500_response(request, *exc_info)
           ^^^^^^^^^^^^^^^^^^^^^^^^^^^^^^^^^^^^^^^^^^^^^^^^
venv/lib/python3.13/site-packages/django/views/debug.py:69: in technical_500_response
    html = reporter.get_traceback_html()
           ^^^^^^^^^^^^^^^^^^^^^^^^^^^^^
venv/lib/python3.13/site-packages/django/views/debug.py:428: in get_traceback_html
    c = Context(self.get_traceback_data(), use_l10n=False)
                ^^^^^^^^^^^^^^^^^^^^^^^^^
venv/lib/python3.13/site-packages/django/views/debug.py:411: in get_traceback_data
    c["raising_view_name"] = get_caller(self.request)
                             ^^^^^^^^^^^^^^^^^^^^^^^^
venv/lib/python3.13/site-packages/django/views/debug.py:102: in get_caller
    resolver_match = resolve(request.path)
                     ^^^^^^^^^^^^^^^^^^^^^
venv/lib/python3.13/site-packages/django/urls/base.py:25: in resolve
    return get_resolver(urlconf).resolve(path)
           ^^^^^^^^^^^^^^^^^^^^^^^^^^^^^^^^^^^
venv/lib/python3.13/site-packages/django/urls/resolvers.py:666: in resolve
    for pattern in self.url_patterns:
                   ^^^^^^^^^^^^^^^^^
venv/lib/python3.13/site-packages/django/utils/functional.py:47: in __get__
    res = instance.__dict__[self.name] = self.func(instance)
                                         ^^^^^^^^^^^^^^^^^^^
venv/lib/python3.13/site-packages/django/urls/resolvers.py:718: in url_patterns
    patterns = getattr(self.urlconf_module, "urlpatterns", self.urlconf_module)
                       ^^^^^^^^^^^^^^^^^^^
venv/lib/python3.13/site-packages/django/utils/functional.py:47: in __get__
    res = instance.__dict__[self.name] = self.func(instance)
                                         ^^^^^^^^^^^^^^^^^^^
venv/lib/python3.13/site-packages/django/urls/resolvers.py:711: in urlconf_module
    return import_module(self.urlconf_name)
           ^^^^^^^^^^^^^^^^^^^^^^^^^^^^^^^^
/opt/homebrew/Cellar/python@3.13/3.13.5/Frameworks/Python.framework/Versions/3.13/lib/python3.13/importlib/__init__.py:88: in import_module
    return _bootstrap._gcd_import(name[level:], package, level)
           ^^^^^^^^^^^^^^^^^^^^^^^^^^^^^^^^^^^^^^^^^^^^^^^^^^^^
Backend/auth/urls.py:8: in <module>
    path('users/', include('users.urls')),
                   ^^^^^^^^^^^^^^^^^^^^^
venv/lib/python3.13/site-packages/django/urls/conf.py:39: in include
    urlconf_module = import_module(urlconf_module)
                     ^^^^^^^^^^^^^^^^^^^^^^^^^^^^^
/opt/homebrew/Cellar/python@3.13/3.13.5/Frameworks/Python.framework/Versions/3.13/lib/python3.13/importlib/__init__.py:88: in import_module
    return _bootstrap._gcd_import(name[level:], package, level)
           ^^^^^^^^^^^^^^^^^^^^^^^^^^^^^^^^^^^^^^^^^^^^^^^^^^^^
Backend/users/urls.py:2: in <module>
    from .views import (
Backend/users/views.py:10: in <module>
    from .utils import log_event, send_security_notification
Backend/users/utils.py:4: in <module>
    from depannage.utils import get_location_from_ip
_ _ _ _ _ _ _ _ _ _ _ _ _ _ _ _ _ _ _ _ _ _ _ _ _ _ _ _ _ _ _ _ _ _ _ _ _ _ _ _ 

    import uuid
    import hashlib
    import hmac
    from django.conf import settings
    from datetime import datetime
    from math import radians, sin, cos, sqrt, atan2
    import os
>   import geoip2.database
E   ModuleNotFoundError: No module named 'geoip2'

Backend/depannage/utils.py:8: ModuleNotFoundError

During handling of the above exception, another exception occurred:

request = <WSGIRequest: POST '/users/register/'>

    @wraps(get_response)
    def inner(request):
        try:
>           response = get_response(request)
                       ^^^^^^^^^^^^^^^^^^^^^

venv/lib/python3.13/site-packages/django/core/handlers/exception.py:55: 
_ _ _ _ _ _ _ _ _ _ _ _ _ _ _ _ _ _ _ _ _ _ _ _ _ _ _ _ _ _ _ _ _ _ _ _ _ _ _ _ 
Backend/auth/middleware.py:24: in __call__
    response = self.get_response(request)
               ^^^^^^^^^^^^^^^^^^^^^^^^^^
venv/lib/python3.13/site-packages/django/core/handlers/exception.py:57: in inner
    response = response_for_exception(request, exc)
               ^^^^^^^^^^^^^^^^^^^^^^^^^^^^^^^^^^^^
venv/lib/python3.13/site-packages/django/core/handlers/exception.py:141: in response_for_exception
    response = handle_uncaught_exception(
venv/lib/python3.13/site-packages/django/core/handlers/exception.py:182: in handle_uncaught_exception
    return debug.technical_500_response(request, *exc_info)
           ^^^^^^^^^^^^^^^^^^^^^^^^^^^^^^^^^^^^^^^^^^^^^^^^
venv/lib/python3.13/site-packages/django/views/debug.py:69: in technical_500_response
    html = reporter.get_traceback_html()
           ^^^^^^^^^^^^^^^^^^^^^^^^^^^^^
venv/lib/python3.13/site-packages/django/views/debug.py:428: in get_traceback_html
    c = Context(self.get_traceback_data(), use_l10n=False)
                ^^^^^^^^^^^^^^^^^^^^^^^^^
venv/lib/python3.13/site-packages/django/views/debug.py:411: in get_traceback_data
    c["raising_view_name"] = get_caller(self.request)
                             ^^^^^^^^^^^^^^^^^^^^^^^^
venv/lib/python3.13/site-packages/django/views/debug.py:102: in get_caller
    resolver_match = resolve(request.path)
                     ^^^^^^^^^^^^^^^^^^^^^
venv/lib/python3.13/site-packages/django/urls/base.py:25: in resolve
    return get_resolver(urlconf).resolve(path)
           ^^^^^^^^^^^^^^^^^^^^^^^^^^^^^^^^^^^
venv/lib/python3.13/site-packages/django/urls/resolvers.py:666: in resolve
    for pattern in self.url_patterns:
                   ^^^^^^^^^^^^^^^^^
venv/lib/python3.13/site-packages/django/utils/functional.py:47: in __get__
    res = instance.__dict__[self.name] = self.func(instance)
                                         ^^^^^^^^^^^^^^^^^^^
venv/lib/python3.13/site-packages/django/urls/resolvers.py:718: in url_patterns
    patterns = getattr(self.urlconf_module, "urlpatterns", self.urlconf_module)
                       ^^^^^^^^^^^^^^^^^^^
venv/lib/python3.13/site-packages/django/utils/functional.py:47: in __get__
    res = instance.__dict__[self.name] = self.func(instance)
                                         ^^^^^^^^^^^^^^^^^^^
venv/lib/python3.13/site-packages/django/urls/resolvers.py:711: in urlconf_module
    return import_module(self.urlconf_name)
           ^^^^^^^^^^^^^^^^^^^^^^^^^^^^^^^^
/opt/homebrew/Cellar/python@3.13/3.13.5/Frameworks/Python.framework/Versions/3.13/lib/python3.13/importlib/__init__.py:88: in import_module
    return _bootstrap._gcd_import(name[level:], package, level)
           ^^^^^^^^^^^^^^^^^^^^^^^^^^^^^^^^^^^^^^^^^^^^^^^^^^^^
Backend/auth/urls.py:8: in <module>
    path('users/', include('users.urls')),
                   ^^^^^^^^^^^^^^^^^^^^^
venv/lib/python3.13/site-packages/django/urls/conf.py:39: in include
    urlconf_module = import_module(urlconf_module)
                     ^^^^^^^^^^^^^^^^^^^^^^^^^^^^^
/opt/homebrew/Cellar/python@3.13/3.13.5/Frameworks/Python.framework/Versions/3.13/lib/python3.13/importlib/__init__.py:88: in import_module
    return _bootstrap._gcd_import(name[level:], package, level)
           ^^^^^^^^^^^^^^^^^^^^^^^^^^^^^^^^^^^^^^^^^^^^^^^^^^^^
Backend/users/urls.py:2: in <module>
    from .views import (
Backend/users/views.py:10: in <module>
    from .utils import log_event, send_security_notification
Backend/users/utils.py:4: in <module>
    from depannage.utils import get_location_from_ip
_ _ _ _ _ _ _ _ _ _ _ _ _ _ _ _ _ _ _ _ _ _ _ _ _ _ _ _ _ _ _ _ _ _ _ _ _ _ _ _ 

    import uuid
    import hashlib
    import hmac
    from django.conf import settings
    from datetime import datetime
    from math import radians, sin, cos, sqrt, atan2
    import os
>   import geoip2.database
E   ModuleNotFoundError: No module named 'geoip2'

Backend/depannage/utils.py:8: ModuleNotFoundError

During handling of the above exception, another exception occurred:

request = <WSGIRequest: POST '/users/register/'>

    @wraps(get_response)
    def inner(request):
        try:
>           response = get_response(request)
                       ^^^^^^^^^^^^^^^^^^^^^

venv/lib/python3.13/site-packages/django/core/handlers/exception.py:55: 
_ _ _ _ _ _ _ _ _ _ _ _ _ _ _ _ _ _ _ _ _ _ _ _ _ _ _ _ _ _ _ _ _ _ _ _ _ _ _ _ 
venv/lib/python3.13/site-packages/django/utils/deprecation.py:120: in __call__
    response = response or self.get_response(request)
                           ^^^^^^^^^^^^^^^^^^^^^^^^^^
venv/lib/python3.13/site-packages/django/core/handlers/exception.py:57: in inner
    response = response_for_exception(request, exc)
               ^^^^^^^^^^^^^^^^^^^^^^^^^^^^^^^^^^^^
venv/lib/python3.13/site-packages/django/core/handlers/exception.py:141: in response_for_exception
    response = handle_uncaught_exception(
venv/lib/python3.13/site-packages/django/core/handlers/exception.py:182: in handle_uncaught_exception
    return debug.technical_500_response(request, *exc_info)
           ^^^^^^^^^^^^^^^^^^^^^^^^^^^^^^^^^^^^^^^^^^^^^^^^
venv/lib/python3.13/site-packages/django/views/debug.py:69: in technical_500_response
    html = reporter.get_traceback_html()
           ^^^^^^^^^^^^^^^^^^^^^^^^^^^^^
venv/lib/python3.13/site-packages/django/views/debug.py:428: in get_traceback_html
    c = Context(self.get_traceback_data(), use_l10n=False)
                ^^^^^^^^^^^^^^^^^^^^^^^^^
venv/lib/python3.13/site-packages/django/views/debug.py:411: in get_traceback_data
    c["raising_view_name"] = get_caller(self.request)
                             ^^^^^^^^^^^^^^^^^^^^^^^^
venv/lib/python3.13/site-packages/django/views/debug.py:102: in get_caller
    resolver_match = resolve(request.path)
                     ^^^^^^^^^^^^^^^^^^^^^
venv/lib/python3.13/site-packages/django/urls/base.py:25: in resolve
    return get_resolver(urlconf).resolve(path)
           ^^^^^^^^^^^^^^^^^^^^^^^^^^^^^^^^^^^
venv/lib/python3.13/site-packages/django/urls/resolvers.py:666: in resolve
    for pattern in self.url_patterns:
                   ^^^^^^^^^^^^^^^^^
venv/lib/python3.13/site-packages/django/utils/functional.py:47: in __get__
    res = instance.__dict__[self.name] = self.func(instance)
                                         ^^^^^^^^^^^^^^^^^^^
venv/lib/python3.13/site-packages/django/urls/resolvers.py:718: in url_patterns
    patterns = getattr(self.urlconf_module, "urlpatterns", self.urlconf_module)
                       ^^^^^^^^^^^^^^^^^^^
venv/lib/python3.13/site-packages/django/utils/functional.py:47: in __get__
    res = instance.__dict__[self.name] = self.func(instance)
                                         ^^^^^^^^^^^^^^^^^^^
venv/lib/python3.13/site-packages/django/urls/resolvers.py:711: in urlconf_module
    return import_module(self.urlconf_name)
           ^^^^^^^^^^^^^^^^^^^^^^^^^^^^^^^^
/opt/homebrew/Cellar/python@3.13/3.13.5/Frameworks/Python.framework/Versions/3.13/lib/python3.13/importlib/__init__.py:88: in import_module
    return _bootstrap._gcd_import(name[level:], package, level)
           ^^^^^^^^^^^^^^^^^^^^^^^^^^^^^^^^^^^^^^^^^^^^^^^^^^^^
Backend/auth/urls.py:8: in <module>
    path('users/', include('users.urls')),
                   ^^^^^^^^^^^^^^^^^^^^^
venv/lib/python3.13/site-packages/django/urls/conf.py:39: in include
    urlconf_module = import_module(urlconf_module)
                     ^^^^^^^^^^^^^^^^^^^^^^^^^^^^^
/opt/homebrew/Cellar/python@3.13/3.13.5/Frameworks/Python.framework/Versions/3.13/lib/python3.13/importlib/__init__.py:88: in import_module
    return _bootstrap._gcd_import(name[level:], package, level)
           ^^^^^^^^^^^^^^^^^^^^^^^^^^^^^^^^^^^^^^^^^^^^^^^^^^^^
Backend/users/urls.py:2: in <module>
    from .views import (
Backend/users/views.py:10: in <module>
    from .utils import log_event, send_security_notification
Backend/users/utils.py:4: in <module>
    from depannage.utils import get_location_from_ip
_ _ _ _ _ _ _ _ _ _ _ _ _ _ _ _ _ _ _ _ _ _ _ _ _ _ _ _ _ _ _ _ _ _ _ _ _ _ _ _ 

    import uuid
    import hashlib
    import hmac
    from django.conf import settings
    from datetime import datetime
    from math import radians, sin, cos, sqrt, atan2
    import os
>   import geoip2.database
E   ModuleNotFoundError: No module named 'geoip2'

Backend/depannage/utils.py:8: ModuleNotFoundError

During handling of the above exception, another exception occurred:

request = <WSGIRequest: POST '/users/register/'>

    @wraps(get_response)
    def inner(request):
        try:
>           response = get_response(request)
                       ^^^^^^^^^^^^^^^^^^^^^

venv/lib/python3.13/site-packages/django/core/handlers/exception.py:55: 
_ _ _ _ _ _ _ _ _ _ _ _ _ _ _ _ _ _ _ _ _ _ _ _ _ _ _ _ _ _ _ _ _ _ _ _ _ _ _ _ 
venv/lib/python3.13/site-packages/django/utils/deprecation.py:120: in __call__
    response = response or self.get_response(request)
                           ^^^^^^^^^^^^^^^^^^^^^^^^^^
venv/lib/python3.13/site-packages/django/core/handlers/exception.py:57: in inner
    response = response_for_exception(request, exc)
               ^^^^^^^^^^^^^^^^^^^^^^^^^^^^^^^^^^^^
venv/lib/python3.13/site-packages/django/core/handlers/exception.py:141: in response_for_exception
    response = handle_uncaught_exception(
venv/lib/python3.13/site-packages/django/core/handlers/exception.py:182: in handle_uncaught_exception
    return debug.technical_500_response(request, *exc_info)
           ^^^^^^^^^^^^^^^^^^^^^^^^^^^^^^^^^^^^^^^^^^^^^^^^
venv/lib/python3.13/site-packages/django/views/debug.py:69: in technical_500_response
    html = reporter.get_traceback_html()
           ^^^^^^^^^^^^^^^^^^^^^^^^^^^^^
venv/lib/python3.13/site-packages/django/views/debug.py:428: in get_traceback_html
    c = Context(self.get_traceback_data(), use_l10n=False)
                ^^^^^^^^^^^^^^^^^^^^^^^^^
venv/lib/python3.13/site-packages/django/views/debug.py:411: in get_traceback_data
    c["raising_view_name"] = get_caller(self.request)
                             ^^^^^^^^^^^^^^^^^^^^^^^^
venv/lib/python3.13/site-packages/django/views/debug.py:102: in get_caller
    resolver_match = resolve(request.path)
                     ^^^^^^^^^^^^^^^^^^^^^
venv/lib/python3.13/site-packages/django/urls/base.py:25: in resolve
    return get_resolver(urlconf).resolve(path)
           ^^^^^^^^^^^^^^^^^^^^^^^^^^^^^^^^^^^
venv/lib/python3.13/site-packages/django/urls/resolvers.py:666: in resolve
    for pattern in self.url_patterns:
                   ^^^^^^^^^^^^^^^^^
venv/lib/python3.13/site-packages/django/utils/functional.py:47: in __get__
    res = instance.__dict__[self.name] = self.func(instance)
                                         ^^^^^^^^^^^^^^^^^^^
venv/lib/python3.13/site-packages/django/urls/resolvers.py:718: in url_patterns
    patterns = getattr(self.urlconf_module, "urlpatterns", self.urlconf_module)
                       ^^^^^^^^^^^^^^^^^^^
venv/lib/python3.13/site-packages/django/utils/functional.py:47: in __get__
    res = instance.__dict__[self.name] = self.func(instance)
                                         ^^^^^^^^^^^^^^^^^^^
venv/lib/python3.13/site-packages/django/urls/resolvers.py:711: in urlconf_module
    return import_module(self.urlconf_name)
           ^^^^^^^^^^^^^^^^^^^^^^^^^^^^^^^^
/opt/homebrew/Cellar/python@3.13/3.13.5/Frameworks/Python.framework/Versions/3.13/lib/python3.13/importlib/__init__.py:88: in import_module
    return _bootstrap._gcd_import(name[level:], package, level)
           ^^^^^^^^^^^^^^^^^^^^^^^^^^^^^^^^^^^^^^^^^^^^^^^^^^^^
Backend/auth/urls.py:8: in <module>
    path('users/', include('users.urls')),
                   ^^^^^^^^^^^^^^^^^^^^^
venv/lib/python3.13/site-packages/django/urls/conf.py:39: in include
    urlconf_module = import_module(urlconf_module)
                     ^^^^^^^^^^^^^^^^^^^^^^^^^^^^^
/opt/homebrew/Cellar/python@3.13/3.13.5/Frameworks/Python.framework/Versions/3.13/lib/python3.13/importlib/__init__.py:88: in import_module
    return _bootstrap._gcd_import(name[level:], package, level)
           ^^^^^^^^^^^^^^^^^^^^^^^^^^^^^^^^^^^^^^^^^^^^^^^^^^^^
Backend/users/urls.py:2: in <module>
    from .views import (
Backend/users/views.py:10: in <module>
    from .utils import log_event, send_security_notification
Backend/users/utils.py:4: in <module>
    from depannage.utils import get_location_from_ip
_ _ _ _ _ _ _ _ _ _ _ _ _ _ _ _ _ _ _ _ _ _ _ _ _ _ _ _ _ _ _ _ _ _ _ _ _ _ _ _ 

    import uuid
    import hashlib
    import hmac
    from django.conf import settings
    from datetime import datetime
    from math import radians, sin, cos, sqrt, atan2
    import os
>   import geoip2.database
E   ModuleNotFoundError: No module named 'geoip2'

Backend/depannage/utils.py:8: ModuleNotFoundError

During handling of the above exception, another exception occurred:

request = <WSGIRequest: POST '/users/register/'>

    @wraps(get_response)
    def inner(request):
        try:
>           response = get_response(request)
                       ^^^^^^^^^^^^^^^^^^^^^

venv/lib/python3.13/site-packages/django/core/handlers/exception.py:55: 
_ _ _ _ _ _ _ _ _ _ _ _ _ _ _ _ _ _ _ _ _ _ _ _ _ _ _ _ _ _ _ _ _ _ _ _ _ _ _ _ 
venv/lib/python3.13/site-packages/django/utils/deprecation.py:120: in __call__
    response = response or self.get_response(request)
                           ^^^^^^^^^^^^^^^^^^^^^^^^^^
venv/lib/python3.13/site-packages/django/core/handlers/exception.py:57: in inner
    response = response_for_exception(request, exc)
               ^^^^^^^^^^^^^^^^^^^^^^^^^^^^^^^^^^^^
venv/lib/python3.13/site-packages/django/core/handlers/exception.py:141: in response_for_exception
    response = handle_uncaught_exception(
venv/lib/python3.13/site-packages/django/core/handlers/exception.py:182: in handle_uncaught_exception
    return debug.technical_500_response(request, *exc_info)
           ^^^^^^^^^^^^^^^^^^^^^^^^^^^^^^^^^^^^^^^^^^^^^^^^
venv/lib/python3.13/site-packages/django/views/debug.py:69: in technical_500_response
    html = reporter.get_traceback_html()
           ^^^^^^^^^^^^^^^^^^^^^^^^^^^^^
venv/lib/python3.13/site-packages/django/views/debug.py:428: in get_traceback_html
    c = Context(self.get_traceback_data(), use_l10n=False)
                ^^^^^^^^^^^^^^^^^^^^^^^^^
venv/lib/python3.13/site-packages/django/views/debug.py:411: in get_traceback_data
    c["raising_view_name"] = get_caller(self.request)
                             ^^^^^^^^^^^^^^^^^^^^^^^^
venv/lib/python3.13/site-packages/django/views/debug.py:102: in get_caller
    resolver_match = resolve(request.path)
                     ^^^^^^^^^^^^^^^^^^^^^
venv/lib/python3.13/site-packages/django/urls/base.py:25: in resolve
    return get_resolver(urlconf).resolve(path)
           ^^^^^^^^^^^^^^^^^^^^^^^^^^^^^^^^^^^
venv/lib/python3.13/site-packages/django/urls/resolvers.py:666: in resolve
    for pattern in self.url_patterns:
                   ^^^^^^^^^^^^^^^^^
venv/lib/python3.13/site-packages/django/utils/functional.py:47: in __get__
    res = instance.__dict__[self.name] = self.func(instance)
                                         ^^^^^^^^^^^^^^^^^^^
venv/lib/python3.13/site-packages/django/urls/resolvers.py:718: in url_patterns
    patterns = getattr(self.urlconf_module, "urlpatterns", self.urlconf_module)
                       ^^^^^^^^^^^^^^^^^^^
venv/lib/python3.13/site-packages/django/utils/functional.py:47: in __get__
    res = instance.__dict__[self.name] = self.func(instance)
                                         ^^^^^^^^^^^^^^^^^^^
venv/lib/python3.13/site-packages/django/urls/resolvers.py:711: in urlconf_module
    return import_module(self.urlconf_name)
           ^^^^^^^^^^^^^^^^^^^^^^^^^^^^^^^^
/opt/homebrew/Cellar/python@3.13/3.13.5/Frameworks/Python.framework/Versions/3.13/lib/python3.13/importlib/__init__.py:88: in import_module
    return _bootstrap._gcd_import(name[level:], package, level)
           ^^^^^^^^^^^^^^^^^^^^^^^^^^^^^^^^^^^^^^^^^^^^^^^^^^^^
Backend/auth/urls.py:8: in <module>
    path('users/', include('users.urls')),
                   ^^^^^^^^^^^^^^^^^^^^^
venv/lib/python3.13/site-packages/django/urls/conf.py:39: in include
    urlconf_module = import_module(urlconf_module)
                     ^^^^^^^^^^^^^^^^^^^^^^^^^^^^^
/opt/homebrew/Cellar/python@3.13/3.13.5/Frameworks/Python.framework/Versions/3.13/lib/python3.13/importlib/__init__.py:88: in import_module
    return _bootstrap._gcd_import(name[level:], package, level)
           ^^^^^^^^^^^^^^^^^^^^^^^^^^^^^^^^^^^^^^^^^^^^^^^^^^^^
Backend/users/urls.py:2: in <module>
    from .views import (
Backend/users/views.py:10: in <module>
    from .utils import log_event, send_security_notification
Backend/users/utils.py:4: in <module>
    from depannage.utils import get_location_from_ip
_ _ _ _ _ _ _ _ _ _ _ _ _ _ _ _ _ _ _ _ _ _ _ _ _ _ _ _ _ _ _ _ _ _ _ _ _ _ _ _ 

    import uuid
    import hashlib
    import hmac
    from django.conf import settings
    from datetime import datetime
    from math import radians, sin, cos, sqrt, atan2
    import os
>   import geoip2.database
E   ModuleNotFoundError: No module named 'geoip2'

Backend/depannage/utils.py:8: ModuleNotFoundError

During handling of the above exception, another exception occurred:

request = <WSGIRequest: POST '/users/register/'>

    @wraps(get_response)
    def inner(request):
        try:
>           response = get_response(request)
                       ^^^^^^^^^^^^^^^^^^^^^

venv/lib/python3.13/site-packages/django/core/handlers/exception.py:55: 
_ _ _ _ _ _ _ _ _ _ _ _ _ _ _ _ _ _ _ _ _ _ _ _ _ _ _ _ _ _ _ _ _ _ _ _ _ _ _ _ 
venv/lib/python3.13/site-packages/django/utils/deprecation.py:120: in __call__
    response = response or self.get_response(request)
                           ^^^^^^^^^^^^^^^^^^^^^^^^^^
venv/lib/python3.13/site-packages/django/core/handlers/exception.py:57: in inner
    response = response_for_exception(request, exc)
               ^^^^^^^^^^^^^^^^^^^^^^^^^^^^^^^^^^^^
venv/lib/python3.13/site-packages/django/core/handlers/exception.py:141: in response_for_exception
    response = handle_uncaught_exception(
venv/lib/python3.13/site-packages/django/core/handlers/exception.py:182: in handle_uncaught_exception
    return debug.technical_500_response(request, *exc_info)
           ^^^^^^^^^^^^^^^^^^^^^^^^^^^^^^^^^^^^^^^^^^^^^^^^
venv/lib/python3.13/site-packages/django/views/debug.py:69: in technical_500_response
    html = reporter.get_traceback_html()
           ^^^^^^^^^^^^^^^^^^^^^^^^^^^^^
venv/lib/python3.13/site-packages/django/views/debug.py:428: in get_traceback_html
    c = Context(self.get_traceback_data(), use_l10n=False)
                ^^^^^^^^^^^^^^^^^^^^^^^^^
venv/lib/python3.13/site-packages/django/views/debug.py:411: in get_traceback_data
    c["raising_view_name"] = get_caller(self.request)
                             ^^^^^^^^^^^^^^^^^^^^^^^^
venv/lib/python3.13/site-packages/django/views/debug.py:102: in get_caller
    resolver_match = resolve(request.path)
                     ^^^^^^^^^^^^^^^^^^^^^
venv/lib/python3.13/site-packages/django/urls/base.py:25: in resolve
    return get_resolver(urlconf).resolve(path)
           ^^^^^^^^^^^^^^^^^^^^^^^^^^^^^^^^^^^
venv/lib/python3.13/site-packages/django/urls/resolvers.py:666: in resolve
    for pattern in self.url_patterns:
                   ^^^^^^^^^^^^^^^^^
venv/lib/python3.13/site-packages/django/utils/functional.py:47: in __get__
    res = instance.__dict__[self.name] = self.func(instance)
                                         ^^^^^^^^^^^^^^^^^^^
venv/lib/python3.13/site-packages/django/urls/resolvers.py:718: in url_patterns
    patterns = getattr(self.urlconf_module, "urlpatterns", self.urlconf_module)
                       ^^^^^^^^^^^^^^^^^^^
venv/lib/python3.13/site-packages/django/utils/functional.py:47: in __get__
    res = instance.__dict__[self.name] = self.func(instance)
                                         ^^^^^^^^^^^^^^^^^^^
venv/lib/python3.13/site-packages/django/urls/resolvers.py:711: in urlconf_module
    return import_module(self.urlconf_name)
           ^^^^^^^^^^^^^^^^^^^^^^^^^^^^^^^^
/opt/homebrew/Cellar/python@3.13/3.13.5/Frameworks/Python.framework/Versions/3.13/lib/python3.13/importlib/__init__.py:88: in import_module
    return _bootstrap._gcd_import(name[level:], package, level)
           ^^^^^^^^^^^^^^^^^^^^^^^^^^^^^^^^^^^^^^^^^^^^^^^^^^^^
Backend/auth/urls.py:8: in <module>
    path('users/', include('users.urls')),
                   ^^^^^^^^^^^^^^^^^^^^^
venv/lib/python3.13/site-packages/django/urls/conf.py:39: in include
    urlconf_module = import_module(urlconf_module)
                     ^^^^^^^^^^^^^^^^^^^^^^^^^^^^^
/opt/homebrew/Cellar/python@3.13/3.13.5/Frameworks/Python.framework/Versions/3.13/lib/python3.13/importlib/__init__.py:88: in import_module
    return _bootstrap._gcd_import(name[level:], package, level)
           ^^^^^^^^^^^^^^^^^^^^^^^^^^^^^^^^^^^^^^^^^^^^^^^^^^^^
Backend/users/urls.py:2: in <module>
    from .views import (
Backend/users/views.py:10: in <module>
    from .utils import log_event, send_security_notification
Backend/users/utils.py:4: in <module>
    from depannage.utils import get_location_from_ip
_ _ _ _ _ _ _ _ _ _ _ _ _ _ _ _ _ _ _ _ _ _ _ _ _ _ _ _ _ _ _ _ _ _ _ _ _ _ _ _ 

    import uuid
    import hashlib
    import hmac
    from django.conf import settings
    from datetime import datetime
    from math import radians, sin, cos, sqrt, atan2
    import os
>   import geoip2.database
E   ModuleNotFoundError: No module named 'geoip2'

Backend/depannage/utils.py:8: ModuleNotFoundError

During handling of the above exception, another exception occurred:

request = <WSGIRequest: POST '/users/register/'>

    @wraps(get_response)
    def inner(request):
        try:
>           response = get_response(request)
                       ^^^^^^^^^^^^^^^^^^^^^

venv/lib/python3.13/site-packages/django/core/handlers/exception.py:55: 
_ _ _ _ _ _ _ _ _ _ _ _ _ _ _ _ _ _ _ _ _ _ _ _ _ _ _ _ _ _ _ _ _ _ _ _ _ _ _ _ 
venv/lib/python3.13/site-packages/django/utils/deprecation.py:120: in __call__
    response = response or self.get_response(request)
                           ^^^^^^^^^^^^^^^^^^^^^^^^^^
venv/lib/python3.13/site-packages/django/core/handlers/exception.py:57: in inner
    response = response_for_exception(request, exc)
               ^^^^^^^^^^^^^^^^^^^^^^^^^^^^^^^^^^^^
venv/lib/python3.13/site-packages/django/core/handlers/exception.py:141: in response_for_exception
    response = handle_uncaught_exception(
venv/lib/python3.13/site-packages/django/core/handlers/exception.py:182: in handle_uncaught_exception
    return debug.technical_500_response(request, *exc_info)
           ^^^^^^^^^^^^^^^^^^^^^^^^^^^^^^^^^^^^^^^^^^^^^^^^
venv/lib/python3.13/site-packages/django/views/debug.py:69: in technical_500_response
    html = reporter.get_traceback_html()
           ^^^^^^^^^^^^^^^^^^^^^^^^^^^^^
venv/lib/python3.13/site-packages/django/views/debug.py:428: in get_traceback_html
    c = Context(self.get_traceback_data(), use_l10n=False)
                ^^^^^^^^^^^^^^^^^^^^^^^^^
venv/lib/python3.13/site-packages/django/views/debug.py:411: in get_traceback_data
    c["raising_view_name"] = get_caller(self.request)
                             ^^^^^^^^^^^^^^^^^^^^^^^^
venv/lib/python3.13/site-packages/django/views/debug.py:102: in get_caller
    resolver_match = resolve(request.path)
                     ^^^^^^^^^^^^^^^^^^^^^
venv/lib/python3.13/site-packages/django/urls/base.py:25: in resolve
    return get_resolver(urlconf).resolve(path)
           ^^^^^^^^^^^^^^^^^^^^^^^^^^^^^^^^^^^
venv/lib/python3.13/site-packages/django/urls/resolvers.py:666: in resolve
    for pattern in self.url_patterns:
                   ^^^^^^^^^^^^^^^^^
venv/lib/python3.13/site-packages/django/utils/functional.py:47: in __get__
    res = instance.__dict__[self.name] = self.func(instance)
                                         ^^^^^^^^^^^^^^^^^^^
venv/lib/python3.13/site-packages/django/urls/resolvers.py:718: in url_patterns
    patterns = getattr(self.urlconf_module, "urlpatterns", self.urlconf_module)
                       ^^^^^^^^^^^^^^^^^^^
venv/lib/python3.13/site-packages/django/utils/functional.py:47: in __get__
    res = instance.__dict__[self.name] = self.func(instance)
                                         ^^^^^^^^^^^^^^^^^^^
venv/lib/python3.13/site-packages/django/urls/resolvers.py:711: in urlconf_module
    return import_module(self.urlconf_name)
           ^^^^^^^^^^^^^^^^^^^^^^^^^^^^^^^^
/opt/homebrew/Cellar/python@3.13/3.13.5/Frameworks/Python.framework/Versions/3.13/lib/python3.13/importlib/__init__.py:88: in import_module
    return _bootstrap._gcd_import(name[level:], package, level)
           ^^^^^^^^^^^^^^^^^^^^^^^^^^^^^^^^^^^^^^^^^^^^^^^^^^^^
Backend/auth/urls.py:8: in <module>
    path('users/', include('users.urls')),
                   ^^^^^^^^^^^^^^^^^^^^^
venv/lib/python3.13/site-packages/django/urls/conf.py:39: in include
    urlconf_module = import_module(urlconf_module)
                     ^^^^^^^^^^^^^^^^^^^^^^^^^^^^^
/opt/homebrew/Cellar/python@3.13/3.13.5/Frameworks/Python.framework/Versions/3.13/lib/python3.13/importlib/__init__.py:88: in import_module
    return _bootstrap._gcd_import(name[level:], package, level)
           ^^^^^^^^^^^^^^^^^^^^^^^^^^^^^^^^^^^^^^^^^^^^^^^^^^^^
Backend/users/urls.py:2: in <module>
    from .views import (
Backend/users/views.py:10: in <module>
    from .utils import log_event, send_security_notification
Backend/users/utils.py:4: in <module>
    from depannage.utils import get_location_from_ip
_ _ _ _ _ _ _ _ _ _ _ _ _ _ _ _ _ _ _ _ _ _ _ _ _ _ _ _ _ _ _ _ _ _ _ _ _ _ _ _ 

    import uuid
    import hashlib
    import hmac
    from django.conf import settings
    from datetime import datetime
    from math import radians, sin, cos, sqrt, atan2
    import os
>   import geoip2.database
E   ModuleNotFoundError: No module named 'geoip2'

Backend/depannage/utils.py:8: ModuleNotFoundError

During handling of the above exception, another exception occurred:

request = <WSGIRequest: POST '/users/register/'>

    @wraps(get_response)
    def inner(request):
        try:
>           response = get_response(request)
                       ^^^^^^^^^^^^^^^^^^^^^

venv/lib/python3.13/site-packages/django/core/handlers/exception.py:55: 
_ _ _ _ _ _ _ _ _ _ _ _ _ _ _ _ _ _ _ _ _ _ _ _ _ _ _ _ _ _ _ _ _ _ _ _ _ _ _ _ 
venv/lib/python3.13/site-packages/django/utils/deprecation.py:120: in __call__
    response = response or self.get_response(request)
                           ^^^^^^^^^^^^^^^^^^^^^^^^^^
venv/lib/python3.13/site-packages/django/core/handlers/exception.py:57: in inner
    response = response_for_exception(request, exc)
               ^^^^^^^^^^^^^^^^^^^^^^^^^^^^^^^^^^^^
venv/lib/python3.13/site-packages/django/core/handlers/exception.py:141: in response_for_exception
    response = handle_uncaught_exception(
venv/lib/python3.13/site-packages/django/core/handlers/exception.py:182: in handle_uncaught_exception
    return debug.technical_500_response(request, *exc_info)
           ^^^^^^^^^^^^^^^^^^^^^^^^^^^^^^^^^^^^^^^^^^^^^^^^
venv/lib/python3.13/site-packages/django/views/debug.py:69: in technical_500_response
    html = reporter.get_traceback_html()
           ^^^^^^^^^^^^^^^^^^^^^^^^^^^^^
venv/lib/python3.13/site-packages/django/views/debug.py:428: in get_traceback_html
    c = Context(self.get_traceback_data(), use_l10n=False)
                ^^^^^^^^^^^^^^^^^^^^^^^^^
venv/lib/python3.13/site-packages/django/views/debug.py:411: in get_traceback_data
    c["raising_view_name"] = get_caller(self.request)
                             ^^^^^^^^^^^^^^^^^^^^^^^^
venv/lib/python3.13/site-packages/django/views/debug.py:102: in get_caller
    resolver_match = resolve(request.path)
                     ^^^^^^^^^^^^^^^^^^^^^
venv/lib/python3.13/site-packages/django/urls/base.py:25: in resolve
    return get_resolver(urlconf).resolve(path)
           ^^^^^^^^^^^^^^^^^^^^^^^^^^^^^^^^^^^
venv/lib/python3.13/site-packages/django/urls/resolvers.py:666: in resolve
    for pattern in self.url_patterns:
                   ^^^^^^^^^^^^^^^^^
venv/lib/python3.13/site-packages/django/utils/functional.py:47: in __get__
    res = instance.__dict__[self.name] = self.func(instance)
                                         ^^^^^^^^^^^^^^^^^^^
venv/lib/python3.13/site-packages/django/urls/resolvers.py:718: in url_patterns
    patterns = getattr(self.urlconf_module, "urlpatterns", self.urlconf_module)
                       ^^^^^^^^^^^^^^^^^^^
venv/lib/python3.13/site-packages/django/utils/functional.py:47: in __get__
    res = instance.__dict__[self.name] = self.func(instance)
                                         ^^^^^^^^^^^^^^^^^^^
venv/lib/python3.13/site-packages/django/urls/resolvers.py:711: in urlconf_module
    return import_module(self.urlconf_name)
           ^^^^^^^^^^^^^^^^^^^^^^^^^^^^^^^^
/opt/homebrew/Cellar/python@3.13/3.13.5/Frameworks/Python.framework/Versions/3.13/lib/python3.13/importlib/__init__.py:88: in import_module
    return _bootstrap._gcd_import(name[level:], package, level)
           ^^^^^^^^^^^^^^^^^^^^^^^^^^^^^^^^^^^^^^^^^^^^^^^^^^^^
Backend/auth/urls.py:8: in <module>
    path('users/', include('users.urls')),
                   ^^^^^^^^^^^^^^^^^^^^^
venv/lib/python3.13/site-packages/django/urls/conf.py:39: in include
    urlconf_module = import_module(urlconf_module)
                     ^^^^^^^^^^^^^^^^^^^^^^^^^^^^^
/opt/homebrew/Cellar/python@3.13/3.13.5/Frameworks/Python.framework/Versions/3.13/lib/python3.13/importlib/__init__.py:88: in import_module
    return _bootstrap._gcd_import(name[level:], package, level)
           ^^^^^^^^^^^^^^^^^^^^^^^^^^^^^^^^^^^^^^^^^^^^^^^^^^^^
Backend/users/urls.py:2: in <module>
    from .views import (
Backend/users/views.py:10: in <module>
    from .utils import log_event, send_security_notification
Backend/users/utils.py:4: in <module>
    from depannage.utils import get_location_from_ip
_ _ _ _ _ _ _ _ _ _ _ _ _ _ _ _ _ _ _ _ _ _ _ _ _ _ _ _ _ _ _ _ _ _ _ _ _ _ _ _ 

    import uuid
    import hashlib
    import hmac
    from django.conf import settings
    from datetime import datetime
    from math import radians, sin, cos, sqrt, atan2
    import os
>   import geoip2.database
E   ModuleNotFoundError: No module named 'geoip2'

Backend/depannage/utils.py:8: ModuleNotFoundError

During handling of the above exception, another exception occurred:

request = <WSGIRequest: POST '/users/register/'>

    @wraps(get_response)
    def inner(request):
        try:
>           response = get_response(request)
                       ^^^^^^^^^^^^^^^^^^^^^

venv/lib/python3.13/site-packages/django/core/handlers/exception.py:55: 
_ _ _ _ _ _ _ _ _ _ _ _ _ _ _ _ _ _ _ _ _ _ _ _ _ _ _ _ _ _ _ _ _ _ _ _ _ _ _ _ 
venv/lib/python3.13/site-packages/django/utils/deprecation.py:120: in __call__
    response = response or self.get_response(request)
                           ^^^^^^^^^^^^^^^^^^^^^^^^^^
venv/lib/python3.13/site-packages/django/core/handlers/exception.py:57: in inner
    response = response_for_exception(request, exc)
               ^^^^^^^^^^^^^^^^^^^^^^^^^^^^^^^^^^^^
venv/lib/python3.13/site-packages/django/core/handlers/exception.py:141: in response_for_exception
    response = handle_uncaught_exception(
venv/lib/python3.13/site-packages/django/core/handlers/exception.py:182: in handle_uncaught_exception
    return debug.technical_500_response(request, *exc_info)
           ^^^^^^^^^^^^^^^^^^^^^^^^^^^^^^^^^^^^^^^^^^^^^^^^
venv/lib/python3.13/site-packages/django/views/debug.py:69: in technical_500_response
    html = reporter.get_traceback_html()
           ^^^^^^^^^^^^^^^^^^^^^^^^^^^^^
venv/lib/python3.13/site-packages/django/views/debug.py:428: in get_traceback_html
    c = Context(self.get_traceback_data(), use_l10n=False)
                ^^^^^^^^^^^^^^^^^^^^^^^^^
venv/lib/python3.13/site-packages/django/views/debug.py:411: in get_traceback_data
    c["raising_view_name"] = get_caller(self.request)
                             ^^^^^^^^^^^^^^^^^^^^^^^^
venv/lib/python3.13/site-packages/django/views/debug.py:102: in get_caller
    resolver_match = resolve(request.path)
                     ^^^^^^^^^^^^^^^^^^^^^
venv/lib/python3.13/site-packages/django/urls/base.py:25: in resolve
    return get_resolver(urlconf).resolve(path)
           ^^^^^^^^^^^^^^^^^^^^^^^^^^^^^^^^^^^
venv/lib/python3.13/site-packages/django/urls/resolvers.py:666: in resolve
    for pattern in self.url_patterns:
                   ^^^^^^^^^^^^^^^^^
venv/lib/python3.13/site-packages/django/utils/functional.py:47: in __get__
    res = instance.__dict__[self.name] = self.func(instance)
                                         ^^^^^^^^^^^^^^^^^^^
venv/lib/python3.13/site-packages/django/urls/resolvers.py:718: in url_patterns
    patterns = getattr(self.urlconf_module, "urlpatterns", self.urlconf_module)
                       ^^^^^^^^^^^^^^^^^^^
venv/lib/python3.13/site-packages/django/utils/functional.py:47: in __get__
    res = instance.__dict__[self.name] = self.func(instance)
                                         ^^^^^^^^^^^^^^^^^^^
venv/lib/python3.13/site-packages/django/urls/resolvers.py:711: in urlconf_module
    return import_module(self.urlconf_name)
           ^^^^^^^^^^^^^^^^^^^^^^^^^^^^^^^^
/opt/homebrew/Cellar/python@3.13/3.13.5/Frameworks/Python.framework/Versions/3.13/lib/python3.13/importlib/__init__.py:88: in import_module
    return _bootstrap._gcd_import(name[level:], package, level)
           ^^^^^^^^^^^^^^^^^^^^^^^^^^^^^^^^^^^^^^^^^^^^^^^^^^^^
Backend/auth/urls.py:8: in <module>
    path('users/', include('users.urls')),
                   ^^^^^^^^^^^^^^^^^^^^^
venv/lib/python3.13/site-packages/django/urls/conf.py:39: in include
    urlconf_module = import_module(urlconf_module)
                     ^^^^^^^^^^^^^^^^^^^^^^^^^^^^^
/opt/homebrew/Cellar/python@3.13/3.13.5/Frameworks/Python.framework/Versions/3.13/lib/python3.13/importlib/__init__.py:88: in import_module
    return _bootstrap._gcd_import(name[level:], package, level)
           ^^^^^^^^^^^^^^^^^^^^^^^^^^^^^^^^^^^^^^^^^^^^^^^^^^^^
Backend/users/urls.py:2: in <module>
    from .views import (
Backend/users/views.py:10: in <module>
    from .utils import log_event, send_security_notification
Backend/users/utils.py:4: in <module>
    from depannage.utils import get_location_from_ip
_ _ _ _ _ _ _ _ _ _ _ _ _ _ _ _ _ _ _ _ _ _ _ _ _ _ _ _ _ _ _ _ _ _ _ _ _ _ _ _ 

    import uuid
    import hashlib
    import hmac
    from django.conf import settings
    from datetime import datetime
    from math import radians, sin, cos, sqrt, atan2
    import os
>   import geoip2.database
E   ModuleNotFoundError: No module named 'geoip2'

Backend/depannage/utils.py:8: ModuleNotFoundError

During handling of the above exception, another exception occurred:

request = <WSGIRequest: POST '/users/register/'>

    @wraps(get_response)
    def inner(request):
        try:
>           response = get_response(request)
                       ^^^^^^^^^^^^^^^^^^^^^

venv/lib/python3.13/site-packages/django/core/handlers/exception.py:55: 
_ _ _ _ _ _ _ _ _ _ _ _ _ _ _ _ _ _ _ _ _ _ _ _ _ _ _ _ _ _ _ _ _ _ _ _ _ _ _ _ 
venv/lib/python3.13/site-packages/corsheaders/middleware.py:56: in __call__
    result = self.get_response(request)
             ^^^^^^^^^^^^^^^^^^^^^^^^^^
venv/lib/python3.13/site-packages/django/core/handlers/exception.py:57: in inner
    response = response_for_exception(request, exc)
               ^^^^^^^^^^^^^^^^^^^^^^^^^^^^^^^^^^^^
venv/lib/python3.13/site-packages/django/core/handlers/exception.py:141: in response_for_exception
    response = handle_uncaught_exception(
venv/lib/python3.13/site-packages/django/core/handlers/exception.py:182: in handle_uncaught_exception
    return debug.technical_500_response(request, *exc_info)
           ^^^^^^^^^^^^^^^^^^^^^^^^^^^^^^^^^^^^^^^^^^^^^^^^
venv/lib/python3.13/site-packages/django/views/debug.py:69: in technical_500_response
    html = reporter.get_traceback_html()
           ^^^^^^^^^^^^^^^^^^^^^^^^^^^^^
venv/lib/python3.13/site-packages/django/views/debug.py:428: in get_traceback_html
    c = Context(self.get_traceback_data(), use_l10n=False)
                ^^^^^^^^^^^^^^^^^^^^^^^^^
venv/lib/python3.13/site-packages/django/views/debug.py:411: in get_traceback_data
    c["raising_view_name"] = get_caller(self.request)
                             ^^^^^^^^^^^^^^^^^^^^^^^^
venv/lib/python3.13/site-packages/django/views/debug.py:102: in get_caller
    resolver_match = resolve(request.path)
                     ^^^^^^^^^^^^^^^^^^^^^
venv/lib/python3.13/site-packages/django/urls/base.py:25: in resolve
    return get_resolver(urlconf).resolve(path)
           ^^^^^^^^^^^^^^^^^^^^^^^^^^^^^^^^^^^
venv/lib/python3.13/site-packages/django/urls/resolvers.py:666: in resolve
    for pattern in self.url_patterns:
                   ^^^^^^^^^^^^^^^^^
venv/lib/python3.13/site-packages/django/utils/functional.py:47: in __get__
    res = instance.__dict__[self.name] = self.func(instance)
                                         ^^^^^^^^^^^^^^^^^^^
venv/lib/python3.13/site-packages/django/urls/resolvers.py:718: in url_patterns
    patterns = getattr(self.urlconf_module, "urlpatterns", self.urlconf_module)
                       ^^^^^^^^^^^^^^^^^^^
venv/lib/python3.13/site-packages/django/utils/functional.py:47: in __get__
    res = instance.__dict__[self.name] = self.func(instance)
                                         ^^^^^^^^^^^^^^^^^^^
venv/lib/python3.13/site-packages/django/urls/resolvers.py:711: in urlconf_module
    return import_module(self.urlconf_name)
           ^^^^^^^^^^^^^^^^^^^^^^^^^^^^^^^^
/opt/homebrew/Cellar/python@3.13/3.13.5/Frameworks/Python.framework/Versions/3.13/lib/python3.13/importlib/__init__.py:88: in import_module
    return _bootstrap._gcd_import(name[level:], package, level)
           ^^^^^^^^^^^^^^^^^^^^^^^^^^^^^^^^^^^^^^^^^^^^^^^^^^^^
Backend/auth/urls.py:8: in <module>
    path('users/', include('users.urls')),
                   ^^^^^^^^^^^^^^^^^^^^^
venv/lib/python3.13/site-packages/django/urls/conf.py:39: in include
    urlconf_module = import_module(urlconf_module)
                     ^^^^^^^^^^^^^^^^^^^^^^^^^^^^^
/opt/homebrew/Cellar/python@3.13/3.13.5/Frameworks/Python.framework/Versions/3.13/lib/python3.13/importlib/__init__.py:88: in import_module
    return _bootstrap._gcd_import(name[level:], package, level)
           ^^^^^^^^^^^^^^^^^^^^^^^^^^^^^^^^^^^^^^^^^^^^^^^^^^^^
Backend/users/urls.py:2: in <module>
    from .views import (
Backend/users/views.py:10: in <module>
    from .utils import log_event, send_security_notification
Backend/users/utils.py:4: in <module>
    from depannage.utils import get_location_from_ip
_ _ _ _ _ _ _ _ _ _ _ _ _ _ _ _ _ _ _ _ _ _ _ _ _ _ _ _ _ _ _ _ _ _ _ _ _ _ _ _ 

    import uuid
    import hashlib
    import hmac
    from django.conf import settings
    from datetime import datetime
    from math import radians, sin, cos, sqrt, atan2
    import os
>   import geoip2.database
E   ModuleNotFoundError: No module named 'geoip2'

Backend/depannage/utils.py:8: ModuleNotFoundError

During handling of the above exception, another exception occurred:

    def test_register_and_login_mali_technician():
        """Teste l'inscription et la connexion d'un technicien avec un numéro malien conforme."""
        client = APIClient()
        email = "tech_mali_test@example.com"
        delete_user_by_email(email)
        # Utiliser un fichier de test existant (PDF ou image)
        piece_identite_path = "test_piece_identite.pdf"
        certificat_residence_path = "test_certificat_residence.pdf"
        register_data = {
            "username": "tech_mali_test",
            "email": email,
            "password": "TechTest1234!",
            "password2": "TechTest1234!",
            "user_type": "technician",
            "first_name": "Fatou",
            "last_name": "Coulibaly",
            "phone": "+223 70 12 34 56",
            "address": "Bamako",
            "specialty": "plombier",
            "years_experience": 3
        }
        # Inscription (multipart)
        with open(piece_identite_path, "rb") as f1, open(certificat_residence_path, "rb") as f2:
            data = register_data.copy()
            data["piece_identite"] = f1
            data["certificat_residence"] = f2
>           response = client.post('/users/register/', data, format='multipart')
                       ^^^^^^^^^^^^^^^^^^^^^^^^^^^^^^^^^^^^^^^^^^^^^^^^^^^^^^^^^

Backend/test_user.py:127: 
_ _ _ _ _ _ _ _ _ _ _ _ _ _ _ _ _ _ _ _ _ _ _ _ _ _ _ _ _ _ _ _ _ _ _ _ _ _ _ _ 
venv/lib/python3.13/site-packages/rest_framework/test.py:299: in post
    response = super().post(
venv/lib/python3.13/site-packages/rest_framework/test.py:213: in post
    return self.generic('POST', path, data, content_type, **extra)
           ^^^^^^^^^^^^^^^^^^^^^^^^^^^^^^^^^^^^^^^^^^^^^^^^^^^^^^^
venv/lib/python3.13/site-packages/rest_framework/test.py:237: in generic
    return super().generic(
venv/lib/python3.13/site-packages/django/test/client.py:671: in generic
    return self.request(**r)
           ^^^^^^^^^^^^^^^^^
venv/lib/python3.13/site-packages/rest_framework/test.py:289: in request
    return super().request(**kwargs)
           ^^^^^^^^^^^^^^^^^^^^^^^^^
venv/lib/python3.13/site-packages/rest_framework/test.py:241: in request
    request = super().request(**kwargs)
              ^^^^^^^^^^^^^^^^^^^^^^^^^
venv/lib/python3.13/site-packages/django/test/client.py:1082: in request
    response = self.handler(environ)
               ^^^^^^^^^^^^^^^^^^^^^
venv/lib/python3.13/site-packages/django/test/client.py:186: in __call__
    response = self.get_response(request)
               ^^^^^^^^^^^^^^^^^^^^^^^^^^
venv/lib/python3.13/site-packages/rest_framework/test.py:261: in get_response
    return super().get_response(request)
           ^^^^^^^^^^^^^^^^^^^^^^^^^^^^^
venv/lib/python3.13/site-packages/django/core/handlers/base.py:140: in get_response
    response = self._middleware_chain(request)
               ^^^^^^^^^^^^^^^^^^^^^^^^^^^^^^^
venv/lib/python3.13/site-packages/django/core/handlers/exception.py:57: in inner
    response = response_for_exception(request, exc)
               ^^^^^^^^^^^^^^^^^^^^^^^^^^^^^^^^^^^^
venv/lib/python3.13/site-packages/django/core/handlers/exception.py:141: in response_for_exception
    response = handle_uncaught_exception(
venv/lib/python3.13/site-packages/django/core/handlers/exception.py:182: in handle_uncaught_exception
    return debug.technical_500_response(request, *exc_info)
           ^^^^^^^^^^^^^^^^^^^^^^^^^^^^^^^^^^^^^^^^^^^^^^^^
venv/lib/python3.13/site-packages/django/views/debug.py:69: in technical_500_response
    html = reporter.get_traceback_html()
           ^^^^^^^^^^^^^^^^^^^^^^^^^^^^^
venv/lib/python3.13/site-packages/django/views/debug.py:428: in get_traceback_html
    c = Context(self.get_traceback_data(), use_l10n=False)
                ^^^^^^^^^^^^^^^^^^^^^^^^^
venv/lib/python3.13/site-packages/django/views/debug.py:411: in get_traceback_data
    c["raising_view_name"] = get_caller(self.request)
                             ^^^^^^^^^^^^^^^^^^^^^^^^
venv/lib/python3.13/site-packages/django/views/debug.py:102: in get_caller
    resolver_match = resolve(request.path)
                     ^^^^^^^^^^^^^^^^^^^^^
venv/lib/python3.13/site-packages/django/urls/base.py:25: in resolve
    return get_resolver(urlconf).resolve(path)
           ^^^^^^^^^^^^^^^^^^^^^^^^^^^^^^^^^^^
venv/lib/python3.13/site-packages/django/urls/resolvers.py:666: in resolve
    for pattern in self.url_patterns:
                   ^^^^^^^^^^^^^^^^^
venv/lib/python3.13/site-packages/django/utils/functional.py:47: in __get__
    res = instance.__dict__[self.name] = self.func(instance)
                                         ^^^^^^^^^^^^^^^^^^^
venv/lib/python3.13/site-packages/django/urls/resolvers.py:718: in url_patterns
    patterns = getattr(self.urlconf_module, "urlpatterns", self.urlconf_module)
                       ^^^^^^^^^^^^^^^^^^^
venv/lib/python3.13/site-packages/django/utils/functional.py:47: in __get__
    res = instance.__dict__[self.name] = self.func(instance)
                                         ^^^^^^^^^^^^^^^^^^^
venv/lib/python3.13/site-packages/django/urls/resolvers.py:711: in urlconf_module
    return import_module(self.urlconf_name)
           ^^^^^^^^^^^^^^^^^^^^^^^^^^^^^^^^
/opt/homebrew/Cellar/python@3.13/3.13.5/Frameworks/Python.framework/Versions/3.13/lib/python3.13/importlib/__init__.py:88: in import_module
    return _bootstrap._gcd_import(name[level:], package, level)
           ^^^^^^^^^^^^^^^^^^^^^^^^^^^^^^^^^^^^^^^^^^^^^^^^^^^^
<frozen importlib._bootstrap>:1387: in _gcd_import
    ???
<frozen importlib._bootstrap>:1360: in _find_and_load
    ???
<frozen importlib._bootstrap>:1331: in _find_and_load_unlocked
    ???
<frozen importlib._bootstrap>:935: in _load_unlocked
    ???
<frozen importlib._bootstrap_external>:1026: in exec_module
    ???
<frozen importlib._bootstrap>:488: in _call_with_frames_removed
    ???
Backend/auth/urls.py:8: in <module>
    path('users/', include('users.urls')),
                   ^^^^^^^^^^^^^^^^^^^^^
venv/lib/python3.13/site-packages/django/urls/conf.py:39: in include
    urlconf_module = import_module(urlconf_module)
                     ^^^^^^^^^^^^^^^^^^^^^^^^^^^^^
/opt/homebrew/Cellar/python@3.13/3.13.5/Frameworks/Python.framework/Versions/3.13/lib/python3.13/importlib/__init__.py:88: in import_module
    return _bootstrap._gcd_import(name[level:], package, level)
           ^^^^^^^^^^^^^^^^^^^^^^^^^^^^^^^^^^^^^^^^^^^^^^^^^^^^
<frozen importlib._bootstrap>:1387: in _gcd_import
    ???
<frozen importlib._bootstrap>:1360: in _find_and_load
    ???
<frozen importlib._bootstrap>:1331: in _find_and_load_unlocked
    ???
<frozen importlib._bootstrap>:935: in _load_unlocked
    ???
<frozen importlib._bootstrap_external>:1026: in exec_module
    ???
<frozen importlib._bootstrap>:488: in _call_with_frames_removed
    ???
Backend/users/urls.py:2: in <module>
    from .views import (
Backend/users/views.py:10: in <module>
    from .utils import log_event, send_security_notification
Backend/users/utils.py:4: in <module>
    from depannage.utils import get_location_from_ip
_ _ _ _ _ _ _ _ _ _ _ _ _ _ _ _ _ _ _ _ _ _ _ _ _ _ _ _ _ _ _ _ _ _ _ _ _ _ _ _ 

    import uuid
    import hashlib
    import hmac
    from django.conf import settings
    from datetime import datetime
    from math import radians, sin, cos, sqrt, atan2
    import os
>   import geoip2.database
E   ModuleNotFoundError: No module named 'geoip2'

Backend/depannage/utils.py:8: ModuleNotFoundError
________________ test_create_repair_request_for_existing_client ________________

    def test_create_repair_request_for_existing_client():
        import requests
        print("\n=== Test création demande pour client existant ===")
        # Générer un email et username uniques
        ts = int(time.time())
        rand = ''.join(random.choices(string.ascii_lowercase + string.digits, k=4))
        email = f"client1_{ts}_{rand}@example.com"
        username = f"client1_{ts}_{rand}"
        password = "bechir66312345"
        phone = "+223 70 66 41 04"
        # Supprimer l'utilisateur s'il existe déjà
        delete_user_by_email(email)
        # Créer le client via l'API d'inscription
        reg_url = "http://127.0.0.1:8000/users/register/"
        reg_data = {
            "username": username,
            "email": email,
            "password": password,
            "password2": password,
            "user_type": "client",
            "first_name": "Client",
            "last_name": "Test",
            "phone": phone,
            "address": "Bamako, ACI 2000"
        }
        reg_resp = requests.post(reg_url, json=reg_data)
>       assert reg_resp.status_code in (200, 201), f"Échec inscription client1: {reg_resp.text}"
E       AssertionError: Échec inscription client1: <!DOCTYPE html>
E         <html lang="en">
E         <head>
E           <meta http-equiv="content-type" content="text/html; charset=utf-8">
E           <meta name="robots" content="NONE,NOARCHIVE">
E           <title>IntegrityError
E                   at /users/register/</title>
E           <style>
E             html * { padding:0; margin:0; }
E             body * { padding:10px 20px; }
E             body * * { padding:0; }
E             body { font-family: sans-serif; background-color:#fff; color:#000; }
E             body > :where(header, main, footer) { border-bottom:1px solid #ddd; }
E             h1 { font-weight:normal; }
E             h2 { margin-bottom:.8em; }
E             h3 { margin:1em 0 .5em 0; }
E             h4 { margin:0 0 .5em 0; font-weight: normal; }
E             code, pre { font-size: 100%; white-space: pre-wrap; word-break: break-word; }
E             summary { cursor: pointer; }
E             table { border:1px solid #ccc; border-collapse: collapse; width:100%; background:white; }
E             tbody td, tbody th { vertical-align:top; padding:2px 3px; }
E             thead th {
E               padding:1px 6px 1px 3px; background:#fefefe; text-align:left;
E               font-weight:normal; font-size: 0.6875rem; border:1px solid #ddd;
E             }
E             tbody th { width:12em; text-align:right; color:#666; padding-right:.5em; }
E             table.vars { margin:5px 10px 2px 40px; width: auto; }
E             table.vars td, table.req td { font-family:monospace; }
E             table td.code { width:100%; }
E             table td.code pre { overflow:hidden; }
E             table.source th { color:#666; }
E             table.source td { font-family:monospace; white-space:pre; border-bottom:1px solid #eee; }
E             ul.traceback { list-style-type:none; color: #222; }
E             ul.traceback li.cause { word-break: break-word; }
E             ul.traceback li.frame { padding-bottom:1em; color:#4f4f4f; }
E             ul.traceback li.user { background-color:#e0e0e0; color:#000 }
E             div.context { padding:10px 0; overflow:hidden; }
E             div.context ol { padding-left:30px; margin:0 10px; list-style-position: inside; }
E             div.context ol li { font-family:monospace; white-space:pre; color:#777; cursor:pointer; padding-left: 2px; }
E             div.context ol li pre { display:inline; }
E             div.context ol.context-line li { color:#464646; background-color:#dfdfdf; padding: 3px 2px; }
E             div.context ol.context-line li span { position:absolute; right:32px; }
E             .user div.context ol.context-line li { background-color:#bbb; color:#000; }
E             .user div.context ol li { color:#666; }
E             div.commands, summary.commands { margin-left: 40px; }
E             div.commands a, summary.commands { color:#555; text-decoration:none; }
E             .user div.commands a { color: black; }
E             #summary { background: #ffc; }
E             #summary h2 { font-weight: normal; color: #666; }
E             #info { padding: 0; }
E             #info > * { padding:10px 20px; }
E             #explanation { background:#eee; }
E             #template, #template-not-exist { background:#f6f6f6; }
E             #template-not-exist ul { margin: 0 0 10px 20px; }
E             #template-not-exist .postmortem-section { margin-bottom: 3px; }
E             #unicode-hint { background:#eee; }
E             #traceback { background:#eee; }
E             #requestinfo { background:#f6f6f6; padding-left:120px; }
E             #summary table { border:none; background:transparent; }
E             #requestinfo h2, #requestinfo h3 { position:relative; margin-left:-100px; }
E             #requestinfo h3 { margin-bottom:-1em; }
E             .error { background: #ffc; }
E             .specific { color:#cc3300; font-weight:bold; }
E             h2 span.commands { font-size: 0.7rem; font-weight:normal; }
E             span.commands a:link {color:#5E5694;}
E             pre.exception_value { font-family: sans-serif; color: #575757; font-size: 1.5rem; margin: 10px 0 10px 0; }
E             .append-bottom { margin-bottom: 10px; }
E             .fname { user-select: all; }
E           </style>
E           
E           <script>
E             function hideAll(elems) {
E               for (var e = 0; e < elems.length; e++) {
E                 elems[e].style.display = 'none';
E               }
E             }
E             window.onload = function() {
E               hideAll(document.querySelectorAll('ol.pre-context'));
E               hideAll(document.querySelectorAll('ol.post-context'));
E               hideAll(document.querySelectorAll('div.pastebin'));
E             }
E             function toggle() {
E               for (var i = 0; i < arguments.length; i++) {
E                 var e = document.getElementById(arguments[i]);
E                 if (e) {
E                   e.style.display = e.style.display == 'none' ? 'block': 'none';
E                 }
E               }
E               return false;
E             }
E             function switchPastebinFriendly(link) {
E               s1 = "Switch to copy-and-paste view";
E               s2 = "Switch back to interactive view";
E               link.textContent = link.textContent.trim() == s1 ? s2: s1;
E               toggle('browserTraceback', 'pastebinTraceback');
E               return false;
E             }
E           </script>
E           
E         </head>
E         <body>
E         <header id="summary">
E           <h1>IntegrityError
E                at /users/register/</h1>
E           <pre class="exception_value">FOREIGN KEY constraint failed</pre>
E           <table class="meta">
E         
E             <tr>
E               <th scope="row">Request Method:</th>
E               <td>POST</td>
E             </tr>
E             <tr>
E               <th scope="row">Request URL:</th>
E               <td>http://127.0.0.1:8000/users/register/</td>
E             </tr>
E         
E             <tr>
E               <th scope="row">Django Version:</th>
E               <td>5.2.4</td>
E             </tr>
E         
E             <tr>
E               <th scope="row">Exception Type:</th>
E               <td>IntegrityError</td>
E             </tr>
E         
E         
E             <tr>
E               <th scope="row">Exception Value:</th>
E               <td><pre>FOREIGN KEY constraint failed</pre></td>
E             </tr>
E         
E         
E             <tr>
E               <th scope="row">Exception Location:</th>
E               <td><span class="fname">/Users/mohamedbechirdiarra/Downloads/prototypeGamma/Backend/venv/lib/python3.13/site-packages/django/db/utils.py</span>, line 98, in inner</td>
E             </tr>
E         
E         
E             <tr>
E               <th scope="row">Raised during:</th>
E               <td>users.views.UserViewSet</td>
E             </tr>
E         
E             <tr>
E               <th scope="row">Python Executable:</th>
E               <td>/Users/mohamedbechirdiarra/Downloads/prototypeGamma/Backend/venv/bin/python3.13</td>
E             </tr>
E             <tr>
E               <th scope="row">Python Version:</th>
E               <td>3.13.5</td>
E             </tr>
E             <tr>
E               <th scope="row">Python Path:</th>
E               <td><pre><code>[&#x27;.&#x27;,
E          &#x27;/Users/mohamedbechirdiarra/Downloads/prototypeGamma/Backend/venv/bin&#x27;,
E          &#x27;/Users/mohamedbechirdiarra/Downloads/prototypeGamma&#x27;,
E          &#x27;/Users/mohamedbechirdiarra/Downloads/prototypeGamma/Backend&#x27;,
E          &#x27;/opt/homebrew/Cellar/python@3.13/3.13.5/Frameworks/Python.framework/Versions/3.13/lib/python313.zip&#x27;,
E          &#x27;/opt/homebrew/Cellar/python@3.13/3.13.5/Frameworks/Python.framework/Versions/3.13/lib/python3.13&#x27;,
E          &#x27;/opt/homebrew/Cellar/python@3.13/3.13.5/Frameworks/Python.framework/Versions/3.13/lib/python3.13/lib-dynload&#x27;,
E          &#x27;/Users/mohamedbechirdiarra/Downloads/prototypeGamma/Backend/venv/lib/python3.13/site-packages&#x27;]</code></pre></td>
E             </tr>
E             <tr>
E               <th scope="row">Server time:</th>
E               <td>Mon, 14 Jul 2025 11:43:29 +0000</td>
E             </tr>
E           </table>
E         </header>
E         
E         <main id="info">
E         
E         
E         
E         
E         <div id="traceback">
E           <h2>Traceback <span class="commands"><a href="#" role="button" onclick="return switchPastebinFriendly(this);">
E             Switch to copy-and-paste view</a></span>
E           </h2>
E           <div id="browserTraceback">
E             <ul class="traceback">
E               
E                 
E                 <li class="frame django">
E                   
E                     <code class="fname">/Users/mohamedbechirdiarra/Downloads/prototypeGamma/Backend/venv/lib/python3.13/site-packages/django/db/utils.py</code>, line 98, in inner
E                   
E         
E                   
E                     <div class="context" id="c4436731904">
E                       
E                         <ol start="91" class="pre-context" id="pre4436731904">
E                         
E                           <li onclick="toggle('pre4436731904', 'post4436731904')"><pre>                raise dj_exc_value.with_traceback(traceback) from exc_value</pre></li>
E                         
E                           <li onclick="toggle('pre4436731904', 'post4436731904')"><pre></pre></li>
E                         
E                           <li onclick="toggle('pre4436731904', 'post4436731904')"><pre>    def __call__(self, func):</pre></li>
E                         
E                           <li onclick="toggle('pre4436731904', 'post4436731904')"><pre>        # Note that we are intentionally not using @wraps here for performance</pre></li>
E                         
E                           <li onclick="toggle('pre4436731904', 'post4436731904')"><pre>        # reasons. Refs #21109.</pre></li>
E                         
E                           <li onclick="toggle('pre4436731904', 'post4436731904')"><pre>        def inner(*args, **kwargs):</pre></li>
E                         
E                           <li onclick="toggle('pre4436731904', 'post4436731904')"><pre>            with self:</pre></li>
E                         
E                         </ol>
E                       
E                       <ol start="98" class="context-line">
E                         <li onclick="toggle('pre4436731904', 'post4436731904')"><pre>                return func(*args, **kwargs)
E                                    ^^^^^^^^^^^^^^^^^^^^^</pre> <span>…</span></li>
E                       </ol>
E                       
E                         <ol start='99' class="post-context" id="post4436731904">
E                           
E                           <li onclick="toggle('pre4436731904', 'post4436731904')"><pre></pre></li>
E                           
E                           <li onclick="toggle('pre4436731904', 'post4436731904')"><pre>        return inner</pre></li>
E                           
E                           <li onclick="toggle('pre4436731904', 'post4436731904')"><pre></pre></li>
E                           
E                           <li onclick="toggle('pre4436731904', 'post4436731904')"><pre></pre></li>
E                           
E                           <li onclick="toggle('pre4436731904', 'post4436731904')"><pre>def load_backend(backend_name):</pre></li>
E                           
E                           <li onclick="toggle('pre4436731904', 'post4436731904')"><pre>    &quot;&quot;&quot;</pre></li>
E                           
E                       </ol>
E                       
E                     </div>
E                   
E         
E                   
E                     
E                       <details>
E                         <summary class="commands">Local vars</summary>
E                     
E                     <table class="vars" id="v4436731904">
E                       <thead>
E                         <tr>
E                           <th scope="col">Variable</th>
E                           <th scope="col">Value</th>
E                         </tr>
E                       </thead>
E                       <tbody>
E                         
E                           <tr>
E                             <td>args</td>
E                             <td class="code"><pre>()</pre></td>
E                           </tr>
E                         
E                           <tr>
E                             <td>func</td>
E                             <td class="code"><pre>&lt;built-in method fetchone of SQLiteCursorWrapper object at 0x1087b6060&gt;</pre></td>
E                           </tr>
E                         
E                           <tr>
E                             <td>kwargs</td>
E                             <td class="code"><pre>{}</pre></td>
E                           </tr>
E                         
E                           <tr>
E                             <td>self</td>
E                             <td class="code"><pre>&lt;django.db.utils.DatabaseErrorWrapper object at 0x108789ef0&gt;</pre></td>
E                           </tr>
E                         
E                       </tbody>
E                     </table>
E                     </details>
E                   
E                 </li>
E               
E                 
E                   <li class="cause"><h3>
E                   
E                     The above exception (FOREIGN KEY constraint failed) was the direct cause of the following exception:
E                   
E                 </h3></li>
E                 
E                 <li class="frame django">
E                   
E                     <code class="fname">/Users/mohamedbechirdiarra/Downloads/prototypeGamma/Backend/venv/lib/python3.13/site-packages/django/core/handlers/exception.py</code>, line 42, in inner
E                   
E         
E                   
E                     <div class="context" id="c4434197760">
E                       
E                         <ol start="35" class="pre-context" id="pre4434197760">
E                         
E                           <li onclick="toggle('pre4434197760', 'post4434197760')"><pre>    can rely on getting a response instead of an exception.</pre></li>
E                         
E                           <li onclick="toggle('pre4434197760', 'post4434197760')"><pre>    &quot;&quot;&quot;</pre></li>
E                         
E                           <li onclick="toggle('pre4434197760', 'post4434197760')"><pre>    if iscoroutinefunction(get_response):</pre></li>
E                         
E                           <li onclick="toggle('pre4434197760', 'post4434197760')"><pre></pre></li>
E                         
E                           <li onclick="toggle('pre4434197760', 'post4434197760')"><pre>        @wraps(get_response)</pre></li>
E                         
E                           <li onclick="toggle('pre4434197760', 'post4434197760')"><pre>        async def inner(request):</pre></li>
E                         
E                           <li onclick="toggle('pre4434197760', 'post4434197760')"><pre>            try:</pre></li>
E                         
E                         </ol>
E                       
E                       <ol start="42" class="context-line">
E                         <li onclick="toggle('pre4434197760', 'post4434197760')"><pre>                response = await get_response(request)
E                                        ^^^^^^^^^^^^^^^^^^^^^^^^^^^</pre> <span>…</span></li>
E                       </ol>
E                       
E                         <ol start='43' class="post-context" id="post4434197760">
E                           
E                           <li onclick="toggle('pre4434197760', 'post4434197760')"><pre>            except Exception as exc:</pre></li>
E                           
E                           <li onclick="toggle('pre4434197760', 'post4434197760')"><pre>                response = await sync_to_async(</pre></li>
E                           
E                           <li onclick="toggle('pre4434197760', 'post4434197760')"><pre>                    response_for_exception, thread_sensitive=False</pre></li>
E                           
E                           <li onclick="toggle('pre4434197760', 'post4434197760')"><pre>                )(request, exc)</pre></li>
E                           
E                           <li onclick="toggle('pre4434197760', 'post4434197760')"><pre>            return response</pre></li>
E                           
E                           <li onclick="toggle('pre4434197760', 'post4434197760')"><pre></pre></li>
E                           
E                       </ol>
E                       
E                     </div>
E                   
E         
E                   
E                     
E                       <details>
E                         <summary class="commands">Local vars</summary>
E                     
E                     <table class="vars" id="v4434197760">
E                       <thead>
E                         <tr>
E                           <th scope="col">Variable</th>
E                           <th scope="col">Value</th>
E                         </tr>
E                       </thead>
E                       <tbody>
E                         
E                           <tr>
E                             <td>exc</td>
E                             <td class="code"><pre>IntegrityError(&#x27;FOREIGN KEY constraint failed&#x27;)</pre></td>
E                           </tr>
E                         
E                           <tr>
E                             <td>get_response</td>
E                             <td class="code"><pre>&lt;bound method BaseHandler._get_response_async of &lt;django.core.handlers.asgi.ASGIHandler object at 0x107235940&gt;&gt;</pre></td>
E                           </tr>
E                         
E                           <tr>
E                             <td>request</td>
E                             <td class="code"><pre>&lt;ASGIRequest: POST &#x27;/users/register/&#x27;&gt;</pre></td>
E                           </tr>
E                         
E                       </tbody>
E                     </table>
E                     </details>
E                   
E                 </li>
E               
E                 
E                 <li class="frame django">
E                   
E                     <code class="fname">/Users/mohamedbechirdiarra/Downloads/prototypeGamma/Backend/venv/lib/python3.13/site-packages/django/core/handlers/base.py</code>, line 253, in _get_response_async
E                   
E         
E                   
E                     <div class="context" id="c4437897280">
E                       
E                         <ol start="246" class="pre-context" id="pre4437897280">
E                         
E                           <li onclick="toggle('pre4437897280', 'post4437897280')"><pre>            wrapped_callback = self.make_view_atomic(callback)</pre></li>
E                         
E                           <li onclick="toggle('pre4437897280', 'post4437897280')"><pre>            # If it is a synchronous view, run it in a subthread</pre></li>
E                         
E                           <li onclick="toggle('pre4437897280', 'post4437897280')"><pre>            if not iscoroutinefunction(wrapped_callback):</pre></li>
E                         
E                           <li onclick="toggle('pre4437897280', 'post4437897280')"><pre>                wrapped_callback = sync_to_async(</pre></li>
E                         
E                           <li onclick="toggle('pre4437897280', 'post4437897280')"><pre>                    wrapped_callback, thread_sensitive=True</pre></li>
E                         
E                           <li onclick="toggle('pre4437897280', 'post4437897280')"><pre>                )</pre></li>
E                         
E                           <li onclick="toggle('pre4437897280', 'post4437897280')"><pre>            try:</pre></li>
E                         
E                         </ol>
E                       
E                       <ol start="253" class="context-line">
E                         <li onclick="toggle('pre4437897280', 'post4437897280')"><pre>                response = await wrapped_callback(
E                                         </pre> <span>…</span></li>
E                       </ol>
E                       
E                         <ol start='254' class="post-context" id="post4437897280">
E                           
E                           <li onclick="toggle('pre4437897280', 'post4437897280')"><pre>                    request, *callback_args, **callback_kwargs</pre></li>
E                           
E                           <li onclick="toggle('pre4437897280', 'post4437897280')"><pre>                )</pre></li>
E                           
E                           <li onclick="toggle('pre4437897280', 'post4437897280')"><pre>            except Exception as e:</pre></li>
E                           
E                           <li onclick="toggle('pre4437897280', 'post4437897280')"><pre>                response = await sync_to_async(</pre></li>
E                           
E                           <li onclick="toggle('pre4437897280', 'post4437897280')"><pre>                    self.process_exception_by_middleware,</pre></li>
E                           
E                           <li onclick="toggle('pre4437897280', 'post4437897280')"><pre>                    thread_sensitive=True,</pre></li>
E                           
E                       </ol>
E                       
E                     </div>
E                   
E         
E                   
E                     
E                       <details>
E                         <summary class="commands">Local vars</summary>
E                     
E                     <table class="vars" id="v4437897280">
E                       <thead>
E                         <tr>
E                           <th scope="col">Variable</th>
E                           <th scope="col">Value</th>
E                         </tr>
E                       </thead>
E                       <tbody>
E                         
E                           <tr>
E                             <td>callback</td>
E                             <td class="code"><pre>&lt;function UserViewSet at 0x107747b00&gt;</pre></td>
E                           </tr>
E                         
E                           <tr>
E                             <td>callback_args</td>
E                             <td class="code"><pre>()</pre></td>
E                           </tr>
E                         
E                           <tr>
E                             <td>callback_kwargs</td>
E                             <td class="code"><pre>{}</pre></td>
E                           </tr>
E                         
E                           <tr>
E                             <td>middleware_method</td>
E                             <td class="code"><pre>&lt;asgiref.sync.SyncToAsync object at 0x10727f8c0&gt;</pre></td>
E                           </tr>
E                         
E                           <tr>
E                             <td>request</td>
E                             <td class="code"><pre>&lt;ASGIRequest: POST &#x27;/users/register/&#x27;&gt;</pre></td>
E                           </tr>
E                         
E                           <tr>
E                             <td>response</td>
E                             <td class="code"><pre>None</pre></td>
E                           </tr>
E                         
E                           <tr>
E                             <td>self</td>
E                             <td class="code"><pre>&lt;django.core.handlers.asgi.ASGIHandler object at 0x107235940&gt;</pre></td>
E                           </tr>
E                         
E                           <tr>
E                             <td>wrapped_callback</td>
E                             <td class="code"><pre>&lt;asgiref.sync.SyncToAsync object at 0x108497200&gt;</pre></td>
E                           </tr>
E                         
E                       </tbody>
E                     </table>
E                     </details>
E                   
E                 </li>
E               
E                 
E                 <li class="frame django">
E                   
E                     <code class="fname">/Users/mohamedbechirdiarra/Downloads/prototypeGamma/Backend/venv/lib/python3.13/site-packages/django/views/decorators/csrf.py</code>, line 65, in _view_wrapper
E                   
E         
E                   
E                     <div class="context" id="c4436728960">
E                       
E                         <ol start="58" class="pre-context" id="pre4436728960">
E                         
E                           <li onclick="toggle('pre4436728960', 'post4436728960')"><pre></pre></li>
E                         
E                           <li onclick="toggle('pre4436728960', 'post4436728960')"><pre>        async def _view_wrapper(request, *args, **kwargs):</pre></li>
E                         
E                           <li onclick="toggle('pre4436728960', 'post4436728960')"><pre>            return await view_func(request, *args, **kwargs)</pre></li>
E                         
E                           <li onclick="toggle('pre4436728960', 'post4436728960')"><pre></pre></li>
E                         
E                           <li onclick="toggle('pre4436728960', 'post4436728960')"><pre>    else:</pre></li>
E                         
E                           <li onclick="toggle('pre4436728960', 'post4436728960')"><pre></pre></li>
E                         
E                           <li onclick="toggle('pre4436728960', 'post4436728960')"><pre>        def _view_wrapper(request, *args, **kwargs):</pre></li>
E                         
E                         </ol>
E                       
E                       <ol start="65" class="context-line">
E                         <li onclick="toggle('pre4436728960', 'post4436728960')"><pre>            return view_func(request, *args, **kwargs)
E                                ^^^^^^^^^^^^^^^^^^^^^^^^^^^^^^^^^^^</pre> <span>…</span></li>
E                       </ol>
E                       
E                         <ol start='66' class="post-context" id="post4436728960">
E                           
E                           <li onclick="toggle('pre4436728960', 'post4436728960')"><pre></pre></li>
E                           
E                           <li onclick="toggle('pre4436728960', 'post4436728960')"><pre>    _view_wrapper.csrf_exempt = True</pre></li>
E                           
E                           <li onclick="toggle('pre4436728960', 'post4436728960')"><pre></pre></li>
E                           
E                           <li onclick="toggle('pre4436728960', 'post4436728960')"><pre>    return wraps(view_func)(_view_wrapper)</pre></li>
E                           
E                       </ol>
E                       
E                     </div>
E                   
E         
E                   
E                     
E                       <details>
E                         <summary class="commands">Local vars</summary>
E                     
E                     <table class="vars" id="v4436728960">
E                       <thead>
E                         <tr>
E                           <th scope="col">Variable</th>
E                           <th scope="col">Value</th>
E                         </tr>
E                       </thead>
E                       <tbody>
E                         
E                           <tr>
E                             <td>args</td>
E                             <td class="code"><pre>()</pre></td>
E                           </tr>
E                         
E                           <tr>
E                             <td>kwargs</td>
E                             <td class="code"><pre>{}</pre></td>
E                           </tr>
E                         
E                           <tr>
E                             <td>request</td>
E                             <td class="code"><pre>&lt;ASGIRequest: POST &#x27;/users/register/&#x27;&gt;</pre></td>
E                           </tr>
E                         
E                           <tr>
E                             <td>view_func</td>
E                             <td class="code"><pre>&lt;function UserViewSet at 0x107747a60&gt;</pre></td>
E                           </tr>
E                         
E                       </tbody>
E                     </table>
E                     </details>
E                   
E                 </li>
E               
E                 
E                 <li class="frame user">
E                   
E                     <code class="fname">/Users/mohamedbechirdiarra/Downloads/prototypeGamma/Backend/venv/lib/python3.13/site-packages/rest_framework/viewsets.py</code>, line 125, in view
E                   
E         
E                   
E                     <div class="context" id="c4437523392">
E                       
E                         <ol start="118" class="pre-context" id="pre4437523392">
E                         
E                           <li onclick="toggle('pre4437523392', 'post4437523392')"><pre>                setattr(self, method, handler)</pre></li>
E                         
E                           <li onclick="toggle('pre4437523392', 'post4437523392')"><pre></pre></li>
E                         
E                           <li onclick="toggle('pre4437523392', 'post4437523392')"><pre>            self.request = request</pre></li>
E                         
E                           <li onclick="toggle('pre4437523392', 'post4437523392')"><pre>            self.args = args</pre></li>
E                         
E                           <li onclick="toggle('pre4437523392', 'post4437523392')"><pre>            self.kwargs = kwargs</pre></li>
E                         
E                           <li onclick="toggle('pre4437523392', 'post4437523392')"><pre></pre></li>
E                         
E                           <li onclick="toggle('pre4437523392', 'post4437523392')"><pre>            # And continue as usual</pre></li>
E                         
E                         </ol>
E                       
E                       <ol start="125" class="context-line">
E                         <li onclick="toggle('pre4437523392', 'post4437523392')"><pre>            return self.dispatch(request, *args, **kwargs)
E                                 ^^^^^^^^^^^^^^^^^^^^^^^^^^^^^^^^^^^^^^^</pre> <span>…</span></li>
E                       </ol>
E                       
E                         <ol start='126' class="post-context" id="post4437523392">
E                           
E                           <li onclick="toggle('pre4437523392', 'post4437523392')"><pre></pre></li>
E                           
E                           <li onclick="toggle('pre4437523392', 'post4437523392')"><pre>        # take name and docstring from class</pre></li>
E                           
E                           <li onclick="toggle('pre4437523392', 'post4437523392')"><pre>        update_wrapper(view, cls, updated=())</pre></li>
E                           
E                           <li onclick="toggle('pre4437523392', 'post4437523392')"><pre></pre></li>
E                           
E                           <li onclick="toggle('pre4437523392', 'post4437523392')"><pre>        # and possible attributes set by decorators</pre></li>
E                           
E                           <li onclick="toggle('pre4437523392', 'post4437523392')"><pre>        # like csrf_exempt from dispatch</pre></li>
E                           
E                       </ol>
E                       
E                     </div>
E                   
E         
E                   
E                     
E                       <details>
E                         <summary class="commands">Local vars</summary>
E                     
E                     <table class="vars" id="v4437523392">
E                       <thead>
E                         <tr>
E                           <th scope="col">Variable</th>
E                           <th scope="col">Value</th>
E                         </tr>
E                       </thead>
E                       <tbody>
E                         
E                           <tr>
E                             <td>action</td>
E                             <td class="code"><pre>&#x27;register&#x27;</pre></td>
E                           </tr>
E                         
E                           <tr>
E                             <td>actions</td>
E                             <td class="code"><pre>{&#x27;post&#x27;: &#x27;register&#x27;}</pre></td>
E                           </tr>
E                         
E                           <tr>
E                             <td>args</td>
E                             <td class="code"><pre>()</pre></td>
E                           </tr>
E                         
E                           <tr>
E                             <td>cls</td>
E                             <td class="code"><pre>&lt;class &#x27;users.views.UserViewSet&#x27;&gt;</pre></td>
E                           </tr>
E                         
E                           <tr>
E                             <td>handler</td>
E                             <td class="code"><pre>&lt;bound method UserViewSet.register of &lt;users.views.UserViewSet object at 0x1088262b0&gt;&gt;</pre></td>
E                           </tr>
E                         
E                           <tr>
E                             <td>initkwargs</td>
E                             <td class="code"><pre>{}</pre></td>
E                           </tr>
E                         
E                           <tr>
E                             <td>kwargs</td>
E                             <td class="code"><pre>{}</pre></td>
E                           </tr>
E                         
E                           <tr>
E                             <td>method</td>
E                             <td class="code"><pre>&#x27;post&#x27;</pre></td>
E                           </tr>
E                         
E                           <tr>
E                             <td>request</td>
E                             <td class="code"><pre>&lt;ASGIRequest: POST &#x27;/users/register/&#x27;&gt;</pre></td>
E                           </tr>
E                         
E                           <tr>
E                             <td>self</td>
E                             <td class="code"><pre>&lt;users.views.UserViewSet object at 0x1088262b0&gt;</pre></td>
E                           </tr>
E                         
E                       </tbody>
E                     </table>
E                     </details>
E                   
E                 </li>
E               
E                 
E                 <li class="frame user">
E                   
E                     <code class="fname">/Users/mohamedbechirdiarra/Downloads/prototypeGamma/Backend/users/views.py</code>, line 641, in dispatch
E                   
E         
E                   
E                     <div class="context" id="c4437524224">
E                       
E                         <ol start="634" class="pre-context" id="pre4437524224">
E                         
E                           <li onclick="toggle('pre4437524224', 'post4437524224')"><pre>            phone = None</pre></li>
E                         
E                           <li onclick="toggle('pre4437524224', 'post4437524224')"><pre>            if hasattr(user, &#x27;client_profile&#x27;):</pre></li>
E                         
E                           <li onclick="toggle('pre4437524224', 'post4437524224')"><pre>                phone = getattr(user.client_profile, &#x27;phone&#x27;, None)</pre></li>
E                         
E                           <li onclick="toggle('pre4437524224', 'post4437524224')"><pre>            elif hasattr(user, &#x27;technician_profile&#x27;):</pre></li>
E                         
E                           <li onclick="toggle('pre4437524224', 'post4437524224')"><pre>                phone = getattr(user.technician_profile, &#x27;phone&#x27;, None)</pre></li>
E                         
E                           <li onclick="toggle('pre4437524224', 'post4437524224')"><pre>            if not phone:</pre></li>
E                         
E                           <li onclick="toggle('pre4437524224', 'post4437524224')"><pre>                return Response({&#x27;error&#x27;: &#x27;Numéro de téléphone obligatoire. Veuillez compléter votre profil.&#x27;}, status=403)</pre></li>
E                         
E                         </ol>
E                       
E                       <ol start="641" class="context-line">
E                         <li onclick="toggle('pre4437524224', 'post4437524224')"><pre>        return super().dispatch(request, *args, **kwargs)
E                             ^^^^^^^^^^^^^^^^^^^^^^^^^^^^^^^^^^^^^^^^^^</pre> <span>…</span></li>
E                       </ol>
E                       
E                         <ol start='642' class="post-context" id="post4437524224">
E                           
E                           <li onclick="toggle('pre4437524224', 'post4437524224')"><pre></pre></li>
E                           
E                           <li onclick="toggle('pre4437524224', 'post4437524224')"><pre>class SecurityDashboardView(APIView):</pre></li>
E                           
E                           <li onclick="toggle('pre4437524224', 'post4437524224')"><pre>    permission_classes = [IsAdminUser]</pre></li>
E                           
E                           <li onclick="toggle('pre4437524224', 'post4437524224')"><pre></pre></li>
E                           
E                           <li onclick="toggle('pre4437524224', 'post4437524224')"><pre>    def get(self, request):</pre></li>
E                           
E                           <li onclick="toggle('pre4437524224', 'post4437524224')"><pre>        now = timezone.now()</pre></li>
E                           
E                       </ol>
E                       
E                     </div>
E                   
E         
E                   
E                     
E                       <details>
E                         <summary class="commands">Local vars</summary>
E                     
E                     <table class="vars" id="v4437524224">
E                       <thead>
E                         <tr>
E                           <th scope="col">Variable</th>
E                           <th scope="col">Value</th>
E                         </tr>
E                       </thead>
E                       <tbody>
E                         
E                           <tr>
E                             <td>__class__</td>
E                             <td class="code"><pre>&lt;class &#x27;users.views.UserViewSet&#x27;&gt;</pre></td>
E                           </tr>
E                         
E                           <tr>
E                             <td>action</td>
E                             <td class="code"><pre>None</pre></td>
E                           </tr>
E                         
E                           <tr>
E                             <td>args</td>
E                             <td class="code"><pre>()</pre></td>
E                           </tr>
E                         
E                           <tr>
E                             <td>exempt_actions</td>
E                             <td class="code"><pre>[&#x27;register&#x27;, &#x27;login&#x27;, &#x27;refresh_token&#x27;, &#x27;update_profile&#x27;, &#x27;me&#x27;]</pre></td>
E                           </tr>
E                         
E                           <tr>
E                             <td>kwargs</td>
E                             <td class="code"><pre>{}</pre></td>
E                           </tr>
E                         
E                           <tr>
E                             <td>request</td>
E                             <td class="code"><pre>&lt;ASGIRequest: POST &#x27;/users/register/&#x27;&gt;</pre></td>
E                           </tr>
E                         
E                           <tr>
E                             <td>self</td>
E                             <td class="code"><pre>&lt;users.views.UserViewSet object at 0x1088262b0&gt;</pre></td>
E                           </tr>
E                         
E                       </tbody>
E                     </table>
E                     </details>
E                   
E                 </li>
E               
E                 
E                 <li class="frame user">
E                   
E                     <code class="fname">/Users/mohamedbechirdiarra/Downloads/prototypeGamma/Backend/venv/lib/python3.13/site-packages/rest_framework/views.py</code>, line 515, in dispatch
E                   
E         
E                   
E                     <div class="context" id="c4436725056">
E                       
E                         <ol start="508" class="pre-context" id="pre4436725056">
E                         
E                           <li onclick="toggle('pre4436725056', 'post4436725056')"><pre>                                  self.http_method_not_allowed)</pre></li>
E                         
E                           <li onclick="toggle('pre4436725056', 'post4436725056')"><pre>            else:</pre></li>
E                         
E                           <li onclick="toggle('pre4436725056', 'post4436725056')"><pre>                handler = self.http_method_not_allowed</pre></li>
E                         
E                           <li onclick="toggle('pre4436725056', 'post4436725056')"><pre></pre></li>
E                         
E                           <li onclick="toggle('pre4436725056', 'post4436725056')"><pre>            response = handler(request, *args, **kwargs)</pre></li>
E                         
E                           <li onclick="toggle('pre4436725056', 'post4436725056')"><pre></pre></li>
E                         
E                           <li onclick="toggle('pre4436725056', 'post4436725056')"><pre>        except Exception as exc:</pre></li>
E                         
E                         </ol>
E                       
E                       <ol start="515" class="context-line">
E                         <li onclick="toggle('pre4436725056', 'post4436725056')"><pre>            response = self.handle_exception(exc)
E                                     ^^^^^^^^^^^^^^^^^^^^^^^^^^</pre> <span>…</span></li>
E                       </ol>
E                       
E                         <ol start='516' class="post-context" id="post4436725056">
E                           
E                           <li onclick="toggle('pre4436725056', 'post4436725056')"><pre></pre></li>
E                           
E                           <li onclick="toggle('pre4436725056', 'post4436725056')"><pre>        self.response = self.finalize_response(request, response, *args, **kwargs)</pre></li>
E                           
E                           <li onclick="toggle('pre4436725056', 'post4436725056')"><pre>        return self.response</pre></li>
E                           
E                           <li onclick="toggle('pre4436725056', 'post4436725056')"><pre></pre></li>
E                           
E                           <li onclick="toggle('pre4436725056', 'post4436725056')"><pre>    def options(self, request, *args, **kwargs):</pre></li>
E                           
E                           <li onclick="toggle('pre4436725056', 'post4436725056')"><pre>        &quot;&quot;&quot;</pre></li>
E                           
E                       </ol>
E                       
E                     </div>
E                   
E         
E                   
E                     
E                       <details>
E                         <summary class="commands">Local vars</summary>
E                     
E                     <table class="vars" id="v4436725056">
E                       <thead>
E                         <tr>
E                           <th scope="col">Variable</th>
E                           <th scope="col">Value</th>
E                         </tr>
E                       </thead>
E                       <tbody>
E                         
E                           <tr>
E                             <td>args</td>
E                             <td class="code"><pre>()</pre></td>
E                           </tr>
E                         
E                           <tr>
E                             <td>handler</td>
E                             <td class="code"><pre>&lt;bound method UserViewSet.register of &lt;users.views.UserViewSet object at 0x1088262b0&gt;&gt;</pre></td>
E                           </tr>
E                         
E                           <tr>
E                             <td>kwargs</td>
E                             <td class="code"><pre>{}</pre></td>
E                           </tr>
E                         
E                           <tr>
E                             <td>request</td>
E                             <td class="code"><pre>&lt;rest_framework.request.Request: POST &#x27;/users/register/&#x27;&gt;</pre></td>
E                           </tr>
E                         
E                           <tr>
E                             <td>self</td>
E                             <td class="code"><pre>&lt;users.views.UserViewSet object at 0x1088262b0&gt;</pre></td>
E                           </tr>
E                         
E                       </tbody>
E                     </table>
E                     </details>
E                   
E                 </li>
E               
E                 
E                 <li class="frame user">
E                   
E                     <code class="fname">/Users/mohamedbechirdiarra/Downloads/prototypeGamma/Backend/venv/lib/python3.13/site-packages/rest_framework/views.py</code>, line 475, in handle_exception
E                   
E         
E                   
E                     <div class="context" id="c4436733824">
E                       
E                         <ol start="468" class="pre-context" id="pre4436733824">
E                         
E                           <li onclick="toggle('pre4436733824', 'post4436733824')"><pre></pre></li>
E                         
E                           <li onclick="toggle('pre4436733824', 'post4436733824')"><pre>        exception_handler = self.get_exception_handler()</pre></li>
E                         
E                           <li onclick="toggle('pre4436733824', 'post4436733824')"><pre></pre></li>
E                         
E                           <li onclick="toggle('pre4436733824', 'post4436733824')"><pre>        context = self.get_exception_handler_context()</pre></li>
E                         
E                           <li onclick="toggle('pre4436733824', 'post4436733824')"><pre>        response = exception_handler(exc, context)</pre></li>
E                         
E                           <li onclick="toggle('pre4436733824', 'post4436733824')"><pre></pre></li>
E                         
E                           <li onclick="toggle('pre4436733824', 'post4436733824')"><pre>        if response is None:</pre></li>
E                         
E                         </ol>
E                       
E                       <ol start="475" class="context-line">
E                         <li onclick="toggle('pre4436733824', 'post4436733824')"><pre>            self.raise_uncaught_exception(exc)
E                          ^^^^^^^^^^^^^^^^^^^^^^^^^^^^^^^^^^</pre> <span>…</span></li>
E                       </ol>
E                       
E                         <ol start='476' class="post-context" id="post4436733824">
E                           
E                           <li onclick="toggle('pre4436733824', 'post4436733824')"><pre></pre></li>
E                           
E                           <li onclick="toggle('pre4436733824', 'post4436733824')"><pre>        response.exception = True</pre></li>
E                           
E                           <li onclick="toggle('pre4436733824', 'post4436733824')"><pre>        return response</pre></li>
E                           
E                           <li onclick="toggle('pre4436733824', 'post4436733824')"><pre></pre></li>
E                           
E                           <li onclick="toggle('pre4436733824', 'post4436733824')"><pre>    def raise_uncaught_exception(self, exc):</pre></li>
E                           
E                           <li onclick="toggle('pre4436733824', 'post4436733824')"><pre>        if settings.DEBUG:</pre></li>
E                           
E                       </ol>
E                       
E                     </div>
E                   
E         
E                   
E                     
E                       <details>
E                         <summary class="commands">Local vars</summary>
E                     
E                     <table class="vars" id="v4436733824">
E                       <thead>
E                         <tr>
E                           <th scope="col">Variable</th>
E                           <th scope="col">Value</th>
E                         </tr>
E                       </thead>
E                       <tbody>
E                         
E                           <tr>
E                             <td>context</td>
E                             <td class="code"><pre>{&#x27;args&#x27;: (),
E          &#x27;kwargs&#x27;: {},
E          &#x27;request&#x27;: &lt;rest_framework.request.Request: POST &#x27;/users/register/&#x27;&gt;,
E          &#x27;view&#x27;: &lt;users.views.UserViewSet object at 0x1088262b0&gt;}</pre></td>
E                           </tr>
E                         
E                           <tr>
E                             <td>exc</td>
E                             <td class="code"><pre>IntegrityError(&#x27;FOREIGN KEY constraint failed&#x27;)</pre></td>
E                           </tr>
E                         
E                           <tr>
E                             <td>exception_handler</td>
E                             <td class="code"><pre>&lt;function exception_handler at 0x10770f100&gt;</pre></td>
E                           </tr>
E                         
E                           <tr>
E                             <td>response</td>
E                             <td class="code"><pre>None</pre></td>
E                           </tr>
E                         
E                           <tr>
E                             <td>self</td>
E                             <td class="code"><pre>&lt;users.views.UserViewSet object at 0x1088262b0&gt;</pre></td>
E                           </tr>
E                         
E                       </tbody>
E                     </table>
E                     </details>
E                   
E                 </li>
E               
E                 
E                 <li class="frame user">
E                   
E                     <code class="fname">/Users/mohamedbechirdiarra/Downloads/prototypeGamma/Backend/venv/lib/python3.13/site-packages/rest_framework/views.py</code>, line 486, in raise_uncaught_exception
E                   
E         
E                   
E                     <div class="context" id="c4436732032">
E                       
E                         <ol start="479" class="pre-context" id="pre4436732032">
E                         
E                           <li onclick="toggle('pre4436732032', 'post4436732032')"><pre></pre></li>
E                         
E                           <li onclick="toggle('pre4436732032', 'post4436732032')"><pre>    def raise_uncaught_exception(self, exc):</pre></li>
E                         
E                           <li onclick="toggle('pre4436732032', 'post4436732032')"><pre>        if settings.DEBUG:</pre></li>
E                         
E                           <li onclick="toggle('pre4436732032', 'post4436732032')"><pre>            request = self.request</pre></li>
E                         
E                           <li onclick="toggle('pre4436732032', 'post4436732032')"><pre>            renderer_format = getattr(request.accepted_renderer, &#x27;format&#x27;)</pre></li>
E                         
E                           <li onclick="toggle('pre4436732032', 'post4436732032')"><pre>            use_plaintext_traceback = renderer_format not in (&#x27;html&#x27;, &#x27;api&#x27;, &#x27;admin&#x27;)</pre></li>
E                         
E                           <li onclick="toggle('pre4436732032', 'post4436732032')"><pre>            request.force_plaintext_errors(use_plaintext_traceback)</pre></li>
E                         
E                         </ol>
E                       
E                       <ol start="486" class="context-line">
E                         <li onclick="toggle('pre4436732032', 'post4436732032')"><pre>        raise exc
E                      ^^^^^^^^^</pre> <span>…</span></li>
E                       </ol>
E                       
E                         <ol start='487' class="post-context" id="post4436732032">
E                           
E                           <li onclick="toggle('pre4436732032', 'post4436732032')"><pre></pre></li>
E                           
E                           <li onclick="toggle('pre4436732032', 'post4436732032')"><pre>    # Note: Views are made CSRF exempt from within `as_view` as to prevent</pre></li>
E                           
E                           <li onclick="toggle('pre4436732032', 'post4436732032')"><pre>    # accidental removal of this exemption in cases where `dispatch` needs to</pre></li>
E                           
E                           <li onclick="toggle('pre4436732032', 'post4436732032')"><pre>    # be overridden.</pre></li>
E                           
E                           <li onclick="toggle('pre4436732032', 'post4436732032')"><pre>    def dispatch(self, request, *args, **kwargs):</pre></li>
E                           
E                           <li onclick="toggle('pre4436732032', 'post4436732032')"><pre>        &quot;&quot;&quot;</pre></li>
E                           
E                       </ol>
E                       
E                     </div>
E                   
E         
E                   
E                     
E                       <details>
E                         <summary class="commands">Local vars</summary>
E                     
E                     <table class="vars" id="v4436732032">
E                       <thead>
E                         <tr>
E                           <th scope="col">Variable</th>
E                           <th scope="col">Value</th>
E                         </tr>
E                       </thead>
E                       <tbody>
E                         
E                           <tr>
E                             <td>exc</td>
E                             <td class="code"><pre>IntegrityError(&#x27;FOREIGN KEY constraint failed&#x27;)</pre></td>
E                           </tr>
E                         
E                           <tr>
E                             <td>renderer_format</td>
E                             <td class="code"><pre>&#x27;json&#x27;</pre></td>
E                           </tr>
E                         
E                           <tr>
E                             <td>request</td>
E                             <td class="code"><pre>&lt;rest_framework.request.Request: POST &#x27;/users/register/&#x27;&gt;</pre></td>
E                           </tr>
E                         
E                           <tr>
E                             <td>self</td>
E                             <td class="code"><pre>&lt;users.views.UserViewSet object at 0x1088262b0&gt;</pre></td>
E                           </tr>
E                         
E                           <tr>
E                             <td>use_plaintext_traceback</td>
E                             <td class="code"><pre>True</pre></td>
E                           </tr>
E                         
E                       </tbody>
E                     </table>
E                     </details>
E                   
E                 </li>
E               
E                 
E                 <li class="frame user">
E                   
E                     <code class="fname">/Users/mohamedbechirdiarra/Downloads/prototypeGamma/Backend/venv/lib/python3.13/site-packages/rest_framework/views.py</code>, line 512, in dispatch
E                   
E         
E                   
E                     <div class="context" id="c4436723968">
E                       
E                         <ol start="505" class="pre-context" id="pre4436723968">
E                         
E                           <li onclick="toggle('pre4436723968', 'post4436723968')"><pre>            # Get the appropriate handler method</pre></li>
E                         
E                           <li onclick="toggle('pre4436723968', 'post4436723968')"><pre>            if request.method.lower() in self.http_method_names:</pre></li>
E                         
E                           <li onclick="toggle('pre4436723968', 'post4436723968')"><pre>                handler = getattr(self, request.method.lower(),</pre></li>
E                         
E                           <li onclick="toggle('pre4436723968', 'post4436723968')"><pre>                                  self.http_method_not_allowed)</pre></li>
E                         
E                           <li onclick="toggle('pre4436723968', 'post4436723968')"><pre>            else:</pre></li>
E                         
E                           <li onclick="toggle('pre4436723968', 'post4436723968')"><pre>                handler = self.http_method_not_allowed</pre></li>
E                         
E                           <li onclick="toggle('pre4436723968', 'post4436723968')"><pre></pre></li>
E                         
E                         </ol>
E                       
E                       <ol start="512" class="context-line">
E                         <li onclick="toggle('pre4436723968', 'post4436723968')"><pre>            response = handler(request, *args, **kwargs)
E                                     ^^^^^^^^^^^^^^^^^^^^^^^^^^^^^^^^^</pre> <span>…</span></li>
E                       </ol>
E                       
E                         <ol start='513' class="post-context" id="post4436723968">
E                           
E                           <li onclick="toggle('pre4436723968', 'post4436723968')"><pre></pre></li>
E                           
E                           <li onclick="toggle('pre4436723968', 'post4436723968')"><pre>        except Exception as exc:</pre></li>
E                           
E                           <li onclick="toggle('pre4436723968', 'post4436723968')"><pre>            response = self.handle_exception(exc)</pre></li>
E                           
E                           <li onclick="toggle('pre4436723968', 'post4436723968')"><pre></pre></li>
E                           
E                           <li onclick="toggle('pre4436723968', 'post4436723968')"><pre>        self.response = self.finalize_response(request, response, *args, **kwargs)</pre></li>
E                           
E                           <li onclick="toggle('pre4436723968', 'post4436723968')"><pre>        return self.response</pre></li>
E                           
E                       </ol>
E                       
E                     </div>
E                   
E         
E                   
E                     
E                       <details>
E                         <summary class="commands">Local vars</summary>
E                     
E                     <table class="vars" id="v4436723968">
E                       <thead>
E                         <tr>
E                           <th scope="col">Variable</th>
E                           <th scope="col">Value</th>
E                         </tr>
E                       </thead>
E                       <tbody>
E                         
E                           <tr>
E                             <td>args</td>
E                             <td class="code"><pre>()</pre></td>
E                           </tr>
E                         
E                           <tr>
E                             <td>handler</td>
E                             <td class="code"><pre>&lt;bound method UserViewSet.register of &lt;users.views.UserViewSet object at 0x1088262b0&gt;&gt;</pre></td>
E                           </tr>
E                         
E                           <tr>
E                             <td>kwargs</td>
E                             <td class="code"><pre>{}</pre></td>
E                           </tr>
E                         
E                           <tr>
E                             <td>request</td>
E                             <td class="code"><pre>&lt;rest_framework.request.Request: POST &#x27;/users/register/&#x27;&gt;</pre></td>
E                           </tr>
E                         
E                           <tr>
E                             <td>self</td>
E                             <td class="code"><pre>&lt;users.views.UserViewSet object at 0x1088262b0&gt;</pre></td>
E                           </tr>
E                         
E                       </tbody>
E                     </table>
E                     </details>
E                   
E                 </li>
E               
E                 
E                 <li class="frame user">
E                   
E                     <code class="fname">/Users/mohamedbechirdiarra/Downloads/prototypeGamma/Backend/users/views.py</code>, line 311, in register
E                   
E         
E                   
E                     <div class="context" id="c4436729088">
E                       
E                         <ol start="304" class="pre-context" id="pre4436729088">
E                         
E                           <li onclick="toggle('pre4436729088', 'post4436729088')"><pre></pre></li>
E                         
E                           <li onclick="toggle('pre4436729088', 'post4436729088')"><pre>    @action(detail=False, methods=[&#x27;post&#x27;], parser_classes=[MultiPartParser, FormParser, JSONParser])</pre></li>
E                         
E                           <li onclick="toggle('pre4436729088', 'post4436729088')"><pre>    def register(self, request):</pre></li>
E                         
E                           <li onclick="toggle('pre4436729088', 'post4436729088')"><pre>        print(&quot;DEBUG FILES:&quot;, request.FILES)</pre></li>
E                         
E                           <li onclick="toggle('pre4436729088', 'post4436729088')"><pre>        print(&quot;DEBUG DATA:&quot;, request.data)</pre></li>
E                         
E                           <li onclick="toggle('pre4436729088', 'post4436729088')"><pre>        serializer = UserRegistrationSerializer(data=request.data, context={&#x27;request&#x27;: request})</pre></li>
E                         
E                           <li onclick="toggle('pre4436729088', 'post4436729088')"><pre>        if serializer.is_valid():</pre></li>
E                         
E                         </ol>
E                       
E                       <ol start="311" class="context-line">
E                         <li onclick="toggle('pre4436729088', 'post4436729088')"><pre>            user = serializer.save()
E                                 ^^^^^^^^^^^^^^^^^</pre> <span>…</span></li>
E                       </ol>
E                       
E                         <ol start='312' class="post-context" id="post4436729088">
E                           
E                           <li onclick="toggle('pre4436729088', 'post4436729088')"><pre>            refresh = RefreshToken.for_user(user)</pre></li>
E                           
E                           <li onclick="toggle('pre4436729088', 'post4436729088')"><pre>            profile = self.get_profile_data(user)</pre></li>
E                           
E                           <li onclick="toggle('pre4436729088', 'post4436729088')"><pre>            return Response({</pre></li>
E                           
E                           <li onclick="toggle('pre4436729088', 'post4436729088')"><pre>                &#x27;user&#x27;: UserSerializer(user).data,</pre></li>
E                           
E                           <li onclick="toggle('pre4436729088', 'post4436729088')"><pre>                &#x27;profile&#x27;: profile,</pre></li>
E                           
E                           <li onclick="toggle('pre4436729088', 'post4436729088')"><pre>                &#x27;refresh&#x27;: str(refresh),</pre></li>
E                           
E                       </ol>
E                       
E                     </div>
E                   
E         
E                   
E                     
E                       <details>
E                         <summary class="commands">Local vars</summary>
E                     
E                     <table class="vars" id="v4436729088">
E                       <thead>
E                         <tr>
E                           <th scope="col">Variable</th>
E                           <th scope="col">Value</th>
E                         </tr>
E                       </thead>
E                       <tbody>
E                         
E                           <tr>
E                             <td>request</td>
E                             <td class="code"><pre>&lt;rest_framework.request.Request: POST &#x27;/users/register/&#x27;&gt;</pre></td>
E                           </tr>
E                         
E                           <tr>
E                             <td>self</td>
E                             <td class="code"><pre>&lt;users.views.UserViewSet object at 0x1088262b0&gt;</pre></td>
E                           </tr>
E                         
E                           <tr>
E                             <td>serializer</td>
E                             <td class="code"><pre>UserRegistrationSerializer(context={&#x27;request&#x27;: &lt;rest_framework.request.Request: POST &#x27;/users/register/&#x27;&gt;}, data={&#x27;username&#x27;: &#x27;client1_1752493408_v39v&#x27;, &#x27;email&#x27;: &#x27;client1_1752493408_v39v@example.com&#x27;, &#x27;password&#x27;: &#x27;bechir66312345&#x27;, &#x27;password2&#x27;: &#x27;bechir66312345&#x27;, &#x27;user_type&#x27;: &#x27;client&#x27;, &#x27;first_name&#x27;: &#x27;Client&#x27;, &#x27;last_name&#x27;: &#x27;Test&#x27;, &#x27;phone&#x27;: &#x27;+223 70 66 41 04&#x27;, &#x27;address&#x27;: &#x27;Bamako, ACI 2000&#x27;}):
E             username = CharField(error_messages={&#x27;required&#x27;: &quot;Le nom d&#x27;utilisateur est requis&quot;, &#x27;blank&#x27;: &quot;Le nom d&#x27;utilisateur ne peut pas être vide&quot;}, help_text=&#x27;Required. 150 characters or fewer. Letters, digits and @/./+/-/_ only.&#x27;, max_length=150, required=True, validators=[&lt;django.contrib.auth.validators.UnicodeUsernameValidator object&gt;, &lt;UniqueValidator(queryset=User.objects.all())&gt;])
E             password = CharField(error_messages={&#x27;required&#x27;: &#x27;Le mot de passe est requis&#x27;, &#x27;blank&#x27;: &#x27;Le mot de passe ne peut pas être vide&#x27;}, required=True, validators=[&lt;function validate_password&gt;], write_only=True)
E             password2 = CharField(error_messages={&#x27;required&#x27;: &#x27;La confirmation du mot de passe est requise&#x27;, &#x27;blank&#x27;: &#x27;La confirmation du mot de passe ne peut pas être vide&#x27;}, required=True, write_only=True)
E             email = EmailField(error_messages={&#x27;required&#x27;: &quot;L&#x27;email est requis&quot;, &#x27;blank&#x27;: &quot;L&#x27;email ne peut pas être vide&quot;, &#x27;invalid&#x27;: &#x27;Veuillez entrer une adresse email valide&#x27;}, label=&#x27;Email address&#x27;, max_length=254, required=True, validators=[&lt;UniqueValidator(queryset=User.objects.all())&gt;])
E             user_type = ChoiceField(choices=[(&#x27;technician&#x27;, &#x27;Technicien&#x27;), (&#x27;client&#x27;, &#x27;Client&#x27;), (&#x27;admin&#x27;, &#x27;Administrateur&#x27;)], error_messages={&#x27;required&#x27;: &quot;Le type d&#x27;utilisateur est requis&quot;, &#x27;blank&#x27;: &quot;Le type d&#x27;utilisateur ne peut pas être vide&quot;, &#x27;invalid_choice&#x27;: &quot;Le type d&#x27;utilisateur doit être client ou technicien&quot;}, required=True)
E             address = CharField(allow_blank=True, required=False)
E             first_name = CharField(allow_blank=False, required=True)
E             last_name = CharField(allow_blank=False, required=True)
E             specialty = CharField(allow_blank=True, required=False)
E             years_experience = IntegerField(allow_null=True, required=False)
E             phone = CharField(allow_blank=True, required=False)
E             piece_identite = FileField(required=False, write_only=True)
E             certificat_residence = FileField(required=False, write_only=True)</pre></td>
E                           </tr>
E                         
E                       </tbody>
E                     </table>
E                     </details>
E                   
E                 </li>
E               
E                 
E                 <li class="frame user">
E                   
E                     <code class="fname">/Users/mohamedbechirdiarra/Downloads/prototypeGamma/Backend/venv/lib/python3.13/site-packages/rest_framework/serializers.py</code>, line 210, in save
E                   
E         
E                   
E                     <div class="context" id="c4436729408">
E                       
E                         <ol start="203" class="pre-context" id="pre4436729408">
E                         
E                           <li onclick="toggle('pre4436729408', 'post4436729408')"><pre></pre></li>
E                         
E                           <li onclick="toggle('pre4436729408', 'post4436729408')"><pre>        if self.instance is not None:</pre></li>
E                         
E                           <li onclick="toggle('pre4436729408', 'post4436729408')"><pre>            self.instance = self.update(self.instance, validated_data)</pre></li>
E                         
E                           <li onclick="toggle('pre4436729408', 'post4436729408')"><pre>            assert self.instance is not None, (</pre></li>
E                         
E                           <li onclick="toggle('pre4436729408', 'post4436729408')"><pre>                &#x27;`update()` did not return an object instance.&#x27;</pre></li>
E                         
E                           <li onclick="toggle('pre4436729408', 'post4436729408')"><pre>            )</pre></li>
E                         
E                           <li onclick="toggle('pre4436729408', 'post4436729408')"><pre>        else:</pre></li>
E                         
E                         </ol>
E                       
E                       <ol start="210" class="context-line">
E                         <li onclick="toggle('pre4436729408', 'post4436729408')"><pre>            self.instance = self.create(validated_data)
E                                          ^^^^^^^^^^^^^^^^^^^^^^^^^^^</pre> <span>…</span></li>
E                       </ol>
E                       
E                         <ol start='211' class="post-context" id="post4436729408">
E                           
E                           <li onclick="toggle('pre4436729408', 'post4436729408')"><pre>            assert self.instance is not None, (</pre></li>
E                           
E                           <li onclick="toggle('pre4436729408', 'post4436729408')"><pre>                &#x27;`create()` did not return an object instance.&#x27;</pre></li>
E                           
E                           <li onclick="toggle('pre4436729408', 'post4436729408')"><pre>            )</pre></li>
E                           
E                           <li onclick="toggle('pre4436729408', 'post4436729408')"><pre></pre></li>
E                           
E                           <li onclick="toggle('pre4436729408', 'post4436729408')"><pre>        return self.instance</pre></li>
E                           
E                           <li onclick="toggle('pre4436729408', 'post4436729408')"><pre></pre></li>
E                           
E                       </ol>
E                       
E                     </div>
E                   
E         
E                   
E                     
E                       <details>
E                         <summary class="commands">Local vars</summary>
E                     
E                     <table class="vars" id="v4436729408">
E                       <thead>
E                         <tr>
E                           <th scope="col">Variable</th>
E                           <th scope="col">Value</th>
E                         </tr>
E                       </thead>
E                       <tbody>
E                         
E                           <tr>
E                             <td>kwargs</td>
E                             <td class="code"><pre>{}</pre></td>
E                           </tr>
E                         
E                           <tr>
E                             <td>self</td>
E                             <td class="code"><pre>UserRegistrationSerializer(context={&#x27;request&#x27;: &lt;rest_framework.request.Request: POST &#x27;/users/register/&#x27;&gt;}, data={&#x27;username&#x27;: &#x27;client1_1752493408_v39v&#x27;, &#x27;email&#x27;: &#x27;client1_1752493408_v39v@example.com&#x27;, &#x27;password&#x27;: &#x27;bechir66312345&#x27;, &#x27;password2&#x27;: &#x27;bechir66312345&#x27;, &#x27;user_type&#x27;: &#x27;client&#x27;, &#x27;first_name&#x27;: &#x27;Client&#x27;, &#x27;last_name&#x27;: &#x27;Test&#x27;, &#x27;phone&#x27;: &#x27;+223 70 66 41 04&#x27;, &#x27;address&#x27;: &#x27;Bamako, ACI 2000&#x27;}):
E             username = CharField(error_messages={&#x27;required&#x27;: &quot;Le nom d&#x27;utilisateur est requis&quot;, &#x27;blank&#x27;: &quot;Le nom d&#x27;utilisateur ne peut pas être vide&quot;}, help_text=&#x27;Required. 150 characters or fewer. Letters, digits and @/./+/-/_ only.&#x27;, max_length=150, required=True, validators=[&lt;django.contrib.auth.validators.UnicodeUsernameValidator object&gt;, &lt;UniqueValidator(queryset=User.objects.all())&gt;])
E             password = CharField(error_messages={&#x27;required&#x27;: &#x27;Le mot de passe est requis&#x27;, &#x27;blank&#x27;: &#x27;Le mot de passe ne peut pas être vide&#x27;}, required=True, validators=[&lt;function validate_password&gt;], write_only=True)
E             password2 = CharField(error_messages={&#x27;required&#x27;: &#x27;La confirmation du mot de passe est requise&#x27;, &#x27;blank&#x27;: &#x27;La confirmation du mot de passe ne peut pas être vide&#x27;}, required=True, write_only=True)
E             email = EmailField(error_messages={&#x27;required&#x27;: &quot;L&#x27;email est requis&quot;, &#x27;blank&#x27;: &quot;L&#x27;email ne peut pas être vide&quot;, &#x27;invalid&#x27;: &#x27;Veuillez entrer une adresse email valide&#x27;}, label=&#x27;Email address&#x27;, max_length=254, required=True, validators=[&lt;UniqueValidator(queryset=User.objects.all())&gt;])
E             user_type = ChoiceField(choices=[(&#x27;technician&#x27;, &#x27;Technicien&#x27;), (&#x27;client&#x27;, &#x27;Client&#x27;), (&#x27;admin&#x27;, &#x27;Administrateur&#x27;)], error_messages={&#x27;required&#x27;: &quot;Le type d&#x27;utilisateur est requis&quot;, &#x27;blank&#x27;: &quot;Le type d&#x27;utilisateur ne peut pas être vide&quot;, &#x27;invalid_choice&#x27;: &quot;Le type d&#x27;utilisateur doit être client ou technicien&quot;}, required=True)
E             address = CharField(allow_blank=True, required=False)
E             first_name = CharField(allow_blank=False, required=True)
E             last_name = CharField(allow_blank=False, required=True)
E             specialty = CharField(allow_blank=True, required=False)
E             years_experience = IntegerField(allow_null=True, required=False)
E             phone = CharField(allow_blank=True, required=False)
E             piece_identite = FileField(required=False, write_only=True)
E             certificat_residence = FileField(required=False, write_only=True)</pre></td>
E                           </tr>
E                         
E                           <tr>
E                             <td>validated_data</td>
E                             <td class="code"><pre>{&#x27;email&#x27;: &#x27;client1_1752493408_v39v@example.com&#x27;,
E          &#x27;first_name&#x27;: &#x27;Client&#x27;,
E          &#x27;last_name&#x27;: &#x27;Test&#x27;,
E          &#x27;user_type&#x27;: &#x27;client&#x27;,
E          &#x27;username&#x27;: &#x27;client1_1752493408_v39v&#x27;}</pre></td>
E                           </tr>
E                         
E                       </tbody>
E                     </table>
E                     </details>
E                   
E                 </li>
E               
E                 
E                 <li class="frame user">
E                   
E                     <code class="fname">/Users/mohamedbechirdiarra/Downloads/prototypeGamma/Backend/users/serializers.py</code>, line 164, in create
E                   
E         
E                   
E                     <div class="context" id="c4436726976">
E                       
E                         <ol start="157" class="pre-context" id="pre4436726976">
E                         
E                           <li onclick="toggle('pre4436726976', 'post4436726976')"><pre>            group_name = &#x27;Technicien&#x27;</pre></li>
E                         
E                           <li onclick="toggle('pre4436726976', 'post4436726976')"><pre>        if group_name:</pre></li>
E                         
E                           <li onclick="toggle('pre4436726976', 'post4436726976')"><pre>            group, _ = Group.objects.get_or_create(name=group_name)</pre></li>
E                         
E                           <li onclick="toggle('pre4436726976', 'post4436726976')"><pre>            user.groups.add(group)</pre></li>
E                         
E                           <li onclick="toggle('pre4436726976', 'post4436726976')"><pre></pre></li>
E                         
E                           <li onclick="toggle('pre4436726976', 'post4436726976')"><pre>        # Création du profil lié</pre></li>
E                         
E                           <li onclick="toggle('pre4436726976', 'post4436726976')"><pre>        if user_type == &#x27;client&#x27;:</pre></li>
E                         
E                         </ol>
E                       
E                       <ol start="164" class="context-line">
E                         <li onclick="toggle('pre4436726976', 'post4436726976')"><pre>            Client.objects.create(user=user, address=address, phone=phone)
E                          ^^^^^^^^^^^^^^^^^^^^^^^^^^^^^^^^^^^^^^^^^^^^^^^^^^^^^^^^^^^^^^</pre> <span>…</span></li>
E                       </ol>
E                       
E                         <ol start='165' class="post-context" id="post4436726976">
E                           
E                           <li onclick="toggle('pre4436726976', 'post4436726976')"><pre>        elif user_type == &#x27;technician&#x27;:</pre></li>
E                           
E                           <li onclick="toggle('pre4436726976', 'post4436726976')"><pre>            from .models import TechnicianProfile, PieceJointe</pre></li>
E                           
E                           <li onclick="toggle('pre4436726976', 'post4436726976')"><pre>            from depannage.models import Technician as DepannageTechnician</pre></li>
E                           
E                           <li onclick="toggle('pre4436726976', 'post4436726976')"><pre>            # 1. Profil technicien dédié</pre></li>
E                           
E                           <li onclick="toggle('pre4436726976', 'post4436726976')"><pre>            TechnicianProfile.objects.create(</pre></li>
E                           
E                           <li onclick="toggle('pre4436726976', 'post4436726976')"><pre>                user=user,</pre></li>
E                           
E                       </ol>
E                       
E                     </div>
E                   
E         
E                   
E                     
E                       <details>
E                         <summary class="commands">Local vars</summary>
E                     
E                     <table class="vars" id="v4436726976">
E                       <thead>
E                         <tr>
E                           <th scope="col">Variable</th>
E                           <th scope="col">Value</th>
E                         </tr>
E                       </thead>
E                       <tbody>
E                         
E                           <tr>
E                             <td>Group</td>
E                             <td class="code"><pre>&lt;class &#x27;django.contrib.auth.models.Group&#x27;&gt;</pre></td>
E                           </tr>
E                         
E                           <tr>
E                             <td>_</td>
E                             <td class="code"><pre>False</pre></td>
E                           </tr>
E                         
E                           <tr>
E                             <td>address</td>
E                             <td class="code"><pre>&#x27;Bamako, ACI 2000&#x27;</pre></td>
E                           </tr>
E                         
E                           <tr>
E                             <td>certificat_residence</td>
E                             <td class="code"><pre>None</pre></td>
E                           </tr>
E                         
E                           <tr>
E                             <td>group</td>
E                             <td class="code"><pre>&lt;Group: Client&gt;</pre></td>
E                           </tr>
E                         
E                           <tr>
E                             <td>group_name</td>
E                             <td class="code"><pre>&#x27;Client&#x27;</pre></td>
E                           </tr>
E                         
E                           <tr>
E                             <td>password</td>
E                             <td class="code"><pre>&#x27;bechir66312345&#x27;</pre></td>
E                           </tr>
E                         
E                           <tr>
E                             <td>phone</td>
E                             <td class="code"><pre>&#x27;+223 70 66 41 04&#x27;</pre></td>
E                           </tr>
E                         
E                           <tr>
E                             <td>piece_identite</td>
E                             <td class="code"><pre>None</pre></td>
E                           </tr>
E                         
E                           <tr>
E                             <td>self</td>
E                             <td class="code"><pre>UserRegistrationSerializer(context={&#x27;request&#x27;: &lt;rest_framework.request.Request: POST &#x27;/users/register/&#x27;&gt;}, data={&#x27;username&#x27;: &#x27;client1_1752493408_v39v&#x27;, &#x27;email&#x27;: &#x27;client1_1752493408_v39v@example.com&#x27;, &#x27;password&#x27;: &#x27;bechir66312345&#x27;, &#x27;password2&#x27;: &#x27;bechir66312345&#x27;, &#x27;user_type&#x27;: &#x27;client&#x27;, &#x27;first_name&#x27;: &#x27;Client&#x27;, &#x27;last_name&#x27;: &#x27;Test&#x27;, &#x27;phone&#x27;: &#x27;+223 70 66 41 04&#x27;, &#x27;address&#x27;: &#x27;Bamako, ACI 2000&#x27;}):
E             username = CharField(error_messages={&#x27;required&#x27;: &quot;Le nom d&#x27;utilisateur est requis&quot;, &#x27;blank&#x27;: &quot;Le nom d&#x27;utilisateur ne peut pas être vide&quot;}, help_text=&#x27;Required. 150 characters or fewer. Letters, digits and @/./+/-/_ only.&#x27;, max_length=150, required=True, validators=[&lt;django.contrib.auth.validators.UnicodeUsernameValidator object&gt;, &lt;UniqueValidator(queryset=User.objects.all())&gt;])
E             password = CharField(error_messages={&#x27;required&#x27;: &#x27;Le mot de passe est requis&#x27;, &#x27;blank&#x27;: &#x27;Le mot de passe ne peut pas être vide&#x27;}, required=True, validators=[&lt;function validate_password&gt;], write_only=True)
E             password2 = CharField(error_messages={&#x27;required&#x27;: &#x27;La confirmation du mot de passe est requise&#x27;, &#x27;blank&#x27;: &#x27;La confirmation du mot de passe ne peut pas être vide&#x27;}, required=True, write_only=True)
E             email = EmailField(error_messages={&#x27;required&#x27;: &quot;L&#x27;email est requis&quot;, &#x27;blank&#x27;: &quot;L&#x27;email ne peut pas être vide&quot;, &#x27;invalid&#x27;: &#x27;Veuillez entrer une adresse email valide&#x27;}, label=&#x27;Email address&#x27;, max_length=254, required=True, validators=[&lt;UniqueValidator(queryset=User.objects.all())&gt;])
E             user_type = ChoiceField(choices=[(&#x27;technician&#x27;, &#x27;Technicien&#x27;), (&#x27;client&#x27;, &#x27;Client&#x27;), (&#x27;admin&#x27;, &#x27;Administrateur&#x27;)], error_messages={&#x27;required&#x27;: &quot;Le type d&#x27;utilisateur est requis&quot;, &#x27;blank&#x27;: &quot;Le type d&#x27;utilisateur ne peut pas être vide&quot;, &#x27;invalid_choice&#x27;: &quot;Le type d&#x27;utilisateur doit être client ou technicien&quot;}, required=True)
E             address = CharField(allow_blank=True, required=False)
E             first_name = CharField(allow_blank=False, required=True)
E             last_name = CharField(allow_blank=False, required=True)
E             specialty = CharField(allow_blank=True, required=False)
E             years_experience = IntegerField(allow_null=True, required=False)
E             phone = CharField(allow_blank=True, required=False)
E             piece_identite = FileField(required=False, write_only=True)
E             certificat_residence = FileField(required=False, write_only=True)</pre></td>
E                           </tr>
E                         
E                           <tr>
E                             <td>specialty</td>
E                             <td class="code"><pre>None</pre></td>
E                           </tr>
E                         
E                           <tr>
E                             <td>user</td>
E                             <td class="code"><pre>&lt;User: client1_1752493408_v39v (Client)&gt;</pre></td>
E                           </tr>
E                         
E                           <tr>
E                             <td>user_type</td>
E                             <td class="code"><pre>&#x27;client&#x27;</pre></td>
E                           </tr>
E                         
E                           <tr>
E                             <td>validated_data</td>
E                             <td class="code"><pre>{&#x27;email&#x27;: &#x27;client1_1752493408_v39v@example.com&#x27;,
E          &#x27;first_name&#x27;: &#x27;Client&#x27;,
E          &#x27;last_name&#x27;: &#x27;Test&#x27;,
E          &#x27;user_type&#x27;: &#x27;client&#x27;,
E          &#x27;username&#x27;: &#x27;client1_1752493408_v39v&#x27;}</pre></td>
E                           </tr>
E                         
E                           <tr>
E                             <td>years_experience</td>
E                             <td class="code"><pre>0</pre></td>
E                           </tr>
E                         
E                       </tbody>
E                     </table>
E                     </details>
E                   
E                 </li>
E               
E                 
E                 <li class="frame django">
E                   
E                     <code class="fname">/Users/mohamedbechirdiarra/Downloads/prototypeGamma/Backend/venv/lib/python3.13/site-packages/django/db/models/manager.py</code>, line 87, in manager_method
E                   
E         
E                   
E                     <div class="context" id="c4436736640">
E                       
E                         <ol start="80" class="pre-context" id="pre4436736640">
E                         
E                           <li onclick="toggle('pre4436736640', 'post4436736640')"><pre>        return []</pre></li>
E                         
E                           <li onclick="toggle('pre4436736640', 'post4436736640')"><pre></pre></li>
E                         
E                           <li onclick="toggle('pre4436736640', 'post4436736640')"><pre>    @classmethod</pre></li>
E                         
E                           <li onclick="toggle('pre4436736640', 'post4436736640')"><pre>    def _get_queryset_methods(cls, queryset_class):</pre></li>
E                         
E                           <li onclick="toggle('pre4436736640', 'post4436736640')"><pre>        def create_method(name, method):</pre></li>
E                         
E                           <li onclick="toggle('pre4436736640', 'post4436736640')"><pre>            @wraps(method)</pre></li>
E                         
E                           <li onclick="toggle('pre4436736640', 'post4436736640')"><pre>            def manager_method(self, *args, **kwargs):</pre></li>
E                         
E                         </ol>
E                       
E                       <ol start="87" class="context-line">
E                         <li onclick="toggle('pre4436736640', 'post4436736640')"><pre>                return getattr(self.get_queryset(), name)(*args, **kwargs)
E                                    ^^^^^^^^^^^^^^^^^^^^^^^^^^^^^^^^^^^^^^^^^^^^^^^^^^^</pre> <span>…</span></li>
E                       </ol>
E                       
E                         <ol start='88' class="post-context" id="post4436736640">
E                           
E                           <li onclick="toggle('pre4436736640', 'post4436736640')"><pre></pre></li>
E                           
E                           <li onclick="toggle('pre4436736640', 'post4436736640')"><pre>            return manager_method</pre></li>
E                           
E                           <li onclick="toggle('pre4436736640', 'post4436736640')"><pre></pre></li>
E                           
E                           <li onclick="toggle('pre4436736640', 'post4436736640')"><pre>        new_methods = {}</pre></li>
E                           
E                           <li onclick="toggle('pre4436736640', 'post4436736640')"><pre>        for name, method in inspect.getmembers(</pre></li>
E                           
E                           <li onclick="toggle('pre4436736640', 'post4436736640')"><pre>            queryset_class, predicate=inspect.isfunction</pre></li>
E                           
E                       </ol>
E                       
E                     </div>
E                   
E         
E                   
E                     
E                       <details>
E                         <summary class="commands">Local vars</summary>
E                     
E                     <table class="vars" id="v4436736640">
E                       <thead>
E                         <tr>
E                           <th scope="col">Variable</th>
E                           <th scope="col">Value</th>
E                         </tr>
E                       </thead>
E                       <tbody>
E                         
E                           <tr>
E                             <td>args</td>
E                             <td class="code"><pre>()</pre></td>
E                           </tr>
E                         
E                           <tr>
E                             <td>kwargs</td>
E                             <td class="code"><pre>{&#x27;address&#x27;: &#x27;Bamako, ACI 2000&#x27;,
E          &#x27;phone&#x27;: &#x27;+223 70 66 41 04&#x27;,
E          &#x27;user&#x27;: &lt;User: client1_1752493408_v39v (Client)&gt;}</pre></td>
E                           </tr>
E                         
E                           <tr>
E                             <td>name</td>
E                             <td class="code"><pre>&#x27;create&#x27;</pre></td>
E                           </tr>
E                         
E                           <tr>
E                             <td>self</td>
E                             <td class="code"><pre>&lt;django.db.models.manager.Manager object at 0x10783a250&gt;</pre></td>
E                           </tr>
E                         
E                       </tbody>
E                     </table>
E                     </details>
E                   
E                 </li>
E               
E                 
E                 <li class="frame django">
E                   
E                     <code class="fname">/Users/mohamedbechirdiarra/Downloads/prototypeGamma/Backend/venv/lib/python3.13/site-packages/django/db/models/query.py</code>, line 663, in create
E                   
E         
E                   
E                     <div class="context" id="c4436724672">
E                       
E                         <ol start="656" class="pre-context" id="pre4436724672">
E                         
E                           <li onclick="toggle('pre4436724672', 'post4436724672')"><pre>            raise ValueError(</pre></li>
E                         
E                           <li onclick="toggle('pre4436724672', 'post4436724672')"><pre>                &quot;The following fields do not exist in this model: %s&quot;</pre></li>
E                         
E                           <li onclick="toggle('pre4436724672', 'post4436724672')"><pre>                % &quot;, &quot;.join(reverse_one_to_one_fields)</pre></li>
E                         
E                           <li onclick="toggle('pre4436724672', 'post4436724672')"><pre>            )</pre></li>
E                         
E                           <li onclick="toggle('pre4436724672', 'post4436724672')"><pre></pre></li>
E                         
E                           <li onclick="toggle('pre4436724672', 'post4436724672')"><pre>        obj = self.model(**kwargs)</pre></li>
E                         
E                           <li onclick="toggle('pre4436724672', 'post4436724672')"><pre>        self._for_write = True</pre></li>
E                         
E                         </ol>
E                       
E                       <ol start="663" class="context-line">
E                         <li onclick="toggle('pre4436724672', 'post4436724672')"><pre>        obj.save(force_insert=True, using=self.db)
E                      ^^^^^^^^^^^^^^^^^^^^^^^^^^^^^^^^^^^^^^^^^^</pre> <span>…</span></li>
E                       </ol>
E                       
E                         <ol start='664' class="post-context" id="post4436724672">
E                           
E                           <li onclick="toggle('pre4436724672', 'post4436724672')"><pre>        return obj</pre></li>
E                           
E                           <li onclick="toggle('pre4436724672', 'post4436724672')"><pre></pre></li>
E                           
E                           <li onclick="toggle('pre4436724672', 'post4436724672')"><pre>    create.alters_data = True</pre></li>
E                           
E                           <li onclick="toggle('pre4436724672', 'post4436724672')"><pre></pre></li>
E                           
E                           <li onclick="toggle('pre4436724672', 'post4436724672')"><pre>    async def acreate(self, **kwargs):</pre></li>
E                           
E                           <li onclick="toggle('pre4436724672', 'post4436724672')"><pre>        return await sync_to_async(self.create)(**kwargs)</pre></li>
E                           
E                       </ol>
E                       
E                     </div>
E                   
E         
E                   
E                     
E                       <details>
E                         <summary class="commands">Local vars</summary>
E                     
E                     <table class="vars" id="v4436724672">
E                       <thead>
E                         <tr>
E                           <th scope="col">Variable</th>
E                           <th scope="col">Value</th>
E                         </tr>
E                       </thead>
E                       <tbody>
E                         
E                           <tr>
E                             <td>kwargs</td>
E                             <td class="code"><pre>{&#x27;address&#x27;: &#x27;Bamako, ACI 2000&#x27;,
E          &#x27;phone&#x27;: &#x27;+223 70 66 41 04&#x27;,
E          &#x27;user&#x27;: &lt;User: client1_1752493408_v39v (Client)&gt;}</pre></td>
E                           </tr>
E                         
E                           <tr>
E                             <td>obj</td>
E                             <td class="code"><pre>&lt;Client: Client: Client Test&gt;</pre></td>
E                           </tr>
E                         
E                           <tr>
E                             <td>reverse_one_to_one_fields</td>
E                             <td class="code"><pre>frozenset()</pre></td>
E                           </tr>
E                         
E                           <tr>
E                             <td>self</td>
E                             <td class="code"><pre>&lt;QuerySet []&gt;</pre></td>
E                           </tr>
E                         
E                       </tbody>
E                     </table>
E                     </details>
E                   
E                 </li>
E               
E                 
E                 <li class="frame django">
E                   
E                     <code class="fname">/Users/mohamedbechirdiarra/Downloads/prototypeGamma/Backend/venv/lib/python3.13/site-packages/django/db/models/base.py</code>, line 902, in save
E                   
E         
E                   
E                     <div class="context" id="c4437993664">
E                       
E                         <ol start="895" class="pre-context" id="pre4437993664">
E                         
E                           <li onclick="toggle('pre4437993664', 'post4437993664')"><pre>            for field in self._meta.concrete_fields:</pre></li>
E                         
E                           <li onclick="toggle('pre4437993664', 'post4437993664')"><pre>                if field not in pk_fields and not hasattr(field, &quot;through&quot;):</pre></li>
E                         
E                           <li onclick="toggle('pre4437993664', 'post4437993664')"><pre>                    field_names.add(field.attname)</pre></li>
E                         
E                           <li onclick="toggle('pre4437993664', 'post4437993664')"><pre>            loaded_fields = field_names.difference(deferred_non_generated_fields)</pre></li>
E                         
E                           <li onclick="toggle('pre4437993664', 'post4437993664')"><pre>            if loaded_fields:</pre></li>
E                         
E                           <li onclick="toggle('pre4437993664', 'post4437993664')"><pre>                update_fields = frozenset(loaded_fields)</pre></li>
E                         
E                           <li onclick="toggle('pre4437993664', 'post4437993664')"><pre></pre></li>
E                         
E                         </ol>
E                       
E                       <ol start="902" class="context-line">
E                         <li onclick="toggle('pre4437993664', 'post4437993664')"><pre>        self.save_base(
E                      ^</pre> <span>…</span></li>
E                       </ol>
E                       
E                         <ol start='903' class="post-context" id="post4437993664">
E                           
E                           <li onclick="toggle('pre4437993664', 'post4437993664')"><pre>            using=using,</pre></li>
E                           
E                           <li onclick="toggle('pre4437993664', 'post4437993664')"><pre>            force_insert=force_insert,</pre></li>
E                           
E                           <li onclick="toggle('pre4437993664', 'post4437993664')"><pre>            force_update=force_update,</pre></li>
E                           
E                           <li onclick="toggle('pre4437993664', 'post4437993664')"><pre>            update_fields=update_fields,</pre></li>
E                           
E                           <li onclick="toggle('pre4437993664', 'post4437993664')"><pre>        )</pre></li>
E                           
E                           <li onclick="toggle('pre4437993664', 'post4437993664')"><pre></pre></li>
E                           
E                       </ol>
E                       
E                     </div>
E                   
E         
E                   
E                     
E                       <details>
E                         <summary class="commands">Local vars</summary>
E                     
E                     <table class="vars" id="v4437993664">
E                       <thead>
E                         <tr>
E                           <th scope="col">Variable</th>
E                           <th scope="col">Value</th>
E                         </tr>
E                       </thead>
E                       <tbody>
E                         
E                           <tr>
E                             <td>args</td>
E                             <td class="code"><pre>()</pre></td>
E                           </tr>
E                         
E                           <tr>
E                             <td>deferred_non_generated_fields</td>
E                             <td class="code"><pre>set()</pre></td>
E                           </tr>
E                         
E                           <tr>
E                             <td>force_insert</td>
E                             <td class="code"><pre>True</pre></td>
E                           </tr>
E                         
E                           <tr>
E                             <td>force_update</td>
E                             <td class="code"><pre>False</pre></td>
E                           </tr>
E                         
E                           <tr>
E                             <td>self</td>
E                             <td class="code"><pre>&lt;Client: Client: Client Test&gt;</pre></td>
E                           </tr>
E                         
E                           <tr>
E                             <td>update_fields</td>
E                             <td class="code"><pre>None</pre></td>
E                           </tr>
E                         
E                           <tr>
E                             <td>using</td>
E                             <td class="code"><pre>&#x27;default&#x27;</pre></td>
E                           </tr>
E                         
E                       </tbody>
E                     </table>
E                     </details>
E                   
E                 </li>
E               
E                 
E                 <li class="frame django">
E                   
E                     <code class="fname">/Users/mohamedbechirdiarra/Downloads/prototypeGamma/Backend/venv/lib/python3.13/site-packages/django/db/models/base.py</code>, line 1008, in save_base
E                   
E         
E                   
E                     <div class="context" id="c4436726912">
E                       
E                         <ol start="1001" class="pre-context" id="pre4436726912">
E                         
E                           <li onclick="toggle('pre4436726912', 'post4436726912')"><pre>            parent_inserted = False</pre></li>
E                         
E                           <li onclick="toggle('pre4436726912', 'post4436726912')"><pre>            if not raw:</pre></li>
E                         
E                           <li onclick="toggle('pre4436726912', 'post4436726912')"><pre>                # Validate force insert only when parents are inserted.</pre></li>
E                         
E                           <li onclick="toggle('pre4436726912', 'post4436726912')"><pre>                force_insert = self._validate_force_insert(force_insert)</pre></li>
E                         
E                           <li onclick="toggle('pre4436726912', 'post4436726912')"><pre>                parent_inserted = self._save_parents(</pre></li>
E                         
E                           <li onclick="toggle('pre4436726912', 'post4436726912')"><pre>                    cls, using, update_fields, force_insert</pre></li>
E                         
E                           <li onclick="toggle('pre4436726912', 'post4436726912')"><pre>                )</pre></li>
E                         
E                         </ol>
E                       
E                       <ol start="1008" class="context-line">
E                         <li onclick="toggle('pre4436726912', 'post4436726912')"><pre>            updated = self._save_table(
E                                     </pre> <span>…</span></li>
E                       </ol>
E                       
E                         <ol start='1009' class="post-context" id="post4436726912">
E                           
E                           <li onclick="toggle('pre4436726912', 'post4436726912')"><pre>                raw,</pre></li>
E                           
E                           <li onclick="toggle('pre4436726912', 'post4436726912')"><pre>                cls,</pre></li>
E                           
E                           <li onclick="toggle('pre4436726912', 'post4436726912')"><pre>                force_insert or parent_inserted,</pre></li>
E                           
E                           <li onclick="toggle('pre4436726912', 'post4436726912')"><pre>                force_update,</pre></li>
E                           
E                           <li onclick="toggle('pre4436726912', 'post4436726912')"><pre>                using,</pre></li>
E                           
E                           <li onclick="toggle('pre4436726912', 'post4436726912')"><pre>                update_fields,</pre></li>
E                           
E                       </ol>
E                       
E                     </div>
E                   
E         
E                   
E                     
E                       <details>
E                         <summary class="commands">Local vars</summary>
E                     
E                     <table class="vars" id="v4436726912">
E                       <thead>
E                         <tr>
E                           <th scope="col">Variable</th>
E                           <th scope="col">Value</th>
E                         </tr>
E                       </thead>
E                       <tbody>
E                         
E                           <tr>
E                             <td>cls</td>
E                             <td class="code"><pre>&lt;class &#x27;depannage.models.Client&#x27;&gt;</pre></td>
E                           </tr>
E                         
E                           <tr>
E                             <td>context_manager</td>
E                             <td class="code"><pre>&lt;contextlib._GeneratorContextManager object at 0x1087212b0&gt;</pre></td>
E                           </tr>
E                         
E                           <tr>
E                             <td>force_insert</td>
E                             <td class="code"><pre>(&lt;class &#x27;depannage.models.Client&#x27;&gt;,)</pre></td>
E                           </tr>
E                         
E                           <tr>
E                             <td>force_update</td>
E                             <td class="code"><pre>False</pre></td>
E                           </tr>
E                         
E                           <tr>
E                             <td>meta</td>
E                             <td class="code"><pre>&lt;Options for Client&gt;</pre></td>
E                           </tr>
E                         
E                           <tr>
E                             <td>origin</td>
E                             <td class="code"><pre>&lt;class &#x27;depannage.models.Client&#x27;&gt;</pre></td>
E                           </tr>
E                         
E                           <tr>
E                             <td>parent_inserted</td>
E                             <td class="code"><pre>False</pre></td>
E                           </tr>
E                         
E                           <tr>
E                             <td>raw</td>
E                             <td class="code"><pre>False</pre></td>
E                           </tr>
E                         
E                           <tr>
E                             <td>self</td>
E                             <td class="code"><pre>&lt;Client: Client: Client Test&gt;</pre></td>
E                           </tr>
E                         
E                           <tr>
E                             <td>update_fields</td>
E                             <td class="code"><pre>None</pre></td>
E                           </tr>
E                         
E                           <tr>
E                             <td>using</td>
E                             <td class="code"><pre>&#x27;default&#x27;</pre></td>
E                           </tr>
E                         
E                       </tbody>
E                     </table>
E                     </details>
E                   
E                 </li>
E               
E                 
E                 <li class="frame django">
E                   
E                     <code class="fname">/Users/mohamedbechirdiarra/Downloads/prototypeGamma/Backend/venv/lib/python3.13/site-packages/django/db/models/base.py</code>, line 1169, in _save_table
E                   
E         
E                   
E                     <div class="context" id="c4436736128">
E                       
E                         <ol start="1162" class="pre-context" id="pre4436736128">
E                         
E                           <li onclick="toggle('pre4436736128', 'post4436736128')"><pre>                )</pre></li>
E                         
E                           <li onclick="toggle('pre4436736128', 'post4436736128')"><pre>            fields = [</pre></li>
E                         
E                           <li onclick="toggle('pre4436736128', 'post4436736128')"><pre>                f</pre></li>
E                         
E                           <li onclick="toggle('pre4436736128', 'post4436736128')"><pre>                for f in meta.local_concrete_fields</pre></li>
E                         
E                           <li onclick="toggle('pre4436736128', 'post4436736128')"><pre>                if not f.generated and (pk_set or f is not meta.auto_field)</pre></li>
E                         
E                           <li onclick="toggle('pre4436736128', 'post4436736128')"><pre>            ]</pre></li>
E                         
E                           <li onclick="toggle('pre4436736128', 'post4436736128')"><pre>            returning_fields = meta.db_returning_fields</pre></li>
E                         
E                         </ol>
E                       
E                       <ol start="1169" class="context-line">
E                         <li onclick="toggle('pre4436736128', 'post4436736128')"><pre>            results = self._do_insert(
E                                     </pre> <span>…</span></li>
E                       </ol>
E                       
E                         <ol start='1170' class="post-context" id="post4436736128">
E                           
E                           <li onclick="toggle('pre4436736128', 'post4436736128')"><pre>                cls._base_manager, using, fields, returning_fields, raw</pre></li>
E                           
E                           <li onclick="toggle('pre4436736128', 'post4436736128')"><pre>            )</pre></li>
E                           
E                           <li onclick="toggle('pre4436736128', 'post4436736128')"><pre>            if results:</pre></li>
E                           
E                           <li onclick="toggle('pre4436736128', 'post4436736128')"><pre>                for value, field in zip(results[0], returning_fields):</pre></li>
E                           
E                           <li onclick="toggle('pre4436736128', 'post4436736128')"><pre>                    setattr(self, field.attname, value)</pre></li>
E                           
E                           <li onclick="toggle('pre4436736128', 'post4436736128')"><pre>        return updated</pre></li>
E                           
E                       </ol>
E                       
E                     </div>
E                   
E         
E                   
E                     
E                       <details>
E                         <summary class="commands">Local vars</summary>
E                     
E                     <table class="vars" id="v4436736128">
E                       <thead>
E                         <tr>
E                           <th scope="col">Variable</th>
E                           <th scope="col">Value</th>
E                         </tr>
E                       </thead>
E                       <tbody>
E                         
E                           <tr>
E                             <td>cls</td>
E                             <td class="code"><pre>&lt;class &#x27;depannage.models.Client&#x27;&gt;</pre></td>
E                           </tr>
E                         
E                           <tr>
E                             <td>fields</td>
E                             <td class="code"><pre>[&lt;django.db.models.fields.DateTimeField: created_at&gt;,
E          &lt;django.db.models.fields.DateTimeField: updated_at&gt;,
E          &lt;django.db.models.fields.related.OneToOneField: user&gt;,
E          &lt;django.db.models.fields.TextField: address&gt;,
E          &lt;django.db.models.fields.CharField: phone&gt;,
E          &lt;django.db.models.fields.BooleanField: is_active&gt;]</pre></td>
E                           </tr>
E                         
E                           <tr>
E                             <td>force_insert</td>
E                             <td class="code"><pre>(&lt;class &#x27;depannage.models.Client&#x27;&gt;,)</pre></td>
E                           </tr>
E                         
E                           <tr>
E                             <td>force_update</td>
E                             <td class="code"><pre>False</pre></td>
E                           </tr>
E                         
E                           <tr>
E                             <td>meta</td>
E                             <td class="code"><pre>&lt;Options for Client&gt;</pre></td>
E                           </tr>
E                         
E                           <tr>
E                             <td>non_pks_non_generated</td>
E                             <td class="code"><pre>[&lt;django.db.models.fields.DateTimeField: created_at&gt;,
E          &lt;django.db.models.fields.DateTimeField: updated_at&gt;,
E          &lt;django.db.models.fields.related.OneToOneField: user&gt;,
E          &lt;django.db.models.fields.TextField: address&gt;,
E          &lt;django.db.models.fields.CharField: phone&gt;,
E          &lt;django.db.models.fields.BooleanField: is_active&gt;]</pre></td>
E                           </tr>
E                         
E                           <tr>
E                             <td>pk_fields</td>
E                             <td class="code"><pre>[&lt;django.db.models.fields.BigAutoField: id&gt;]</pre></td>
E                           </tr>
E                         
E                           <tr>
E                             <td>pk_set</td>
E                             <td class="code"><pre>False</pre></td>
E                           </tr>
E                         
E                           <tr>
E                             <td>pk_val</td>
E                             <td class="code"><pre>None</pre></td>
E                           </tr>
E                         
E                           <tr>
E                             <td>raw</td>
E                             <td class="code"><pre>False</pre></td>
E                           </tr>
E                         
E                           <tr>
E                             <td>returning_fields</td>
E                             <td class="code"><pre>[&lt;django.db.models.fields.BigAutoField: id&gt;]</pre></td>
E                           </tr>
E                         
E                           <tr>
E                             <td>self</td>
E                             <td class="code"><pre>&lt;Client: Client: Client Test&gt;</pre></td>
E                           </tr>
E                         
E                           <tr>
E                             <td>update_fields</td>
E                             <td class="code"><pre>None</pre></td>
E                           </tr>
E                         
E                           <tr>
E                             <td>updated</td>
E                             <td class="code"><pre>False</pre></td>
E                           </tr>
E                         
E                           <tr>
E                             <td>using</td>
E                             <td class="code"><pre>&#x27;default&#x27;</pre></td>
E                           </tr>
E                         
E                       </tbody>
E                     </table>
E                     </details>
E                   
E                 </li>
E               
E                 
E                 <li class="frame django">
E                   
E                     <code class="fname">/Users/mohamedbechirdiarra/Downloads/prototypeGamma/Backend/venv/lib/python3.13/site-packages/django/db/models/base.py</code>, line 1210, in _do_insert
E                   
E         
E                   
E                     <div class="context" id="c4436724608">
E                       
E                         <ol start="1203" class="pre-context" id="pre4436724608">
E                         
E                           <li onclick="toggle('pre4436724608', 'post4436724608')"><pre>        return filtered._update(values) &gt; 0</pre></li>
E                         
E                           <li onclick="toggle('pre4436724608', 'post4436724608')"><pre></pre></li>
E                         
E                           <li onclick="toggle('pre4436724608', 'post4436724608')"><pre>    def _do_insert(self, manager, using, fields, returning_fields, raw):</pre></li>
E                         
E                           <li onclick="toggle('pre4436724608', 'post4436724608')"><pre>        &quot;&quot;&quot;</pre></li>
E                         
E                           <li onclick="toggle('pre4436724608', 'post4436724608')"><pre>        Do an INSERT. If returning_fields is defined then this method should</pre></li>
E                         
E                           <li onclick="toggle('pre4436724608', 'post4436724608')"><pre>        return the newly created data for the model.</pre></li>
E                         
E                           <li onclick="toggle('pre4436724608', 'post4436724608')"><pre>        &quot;&quot;&quot;</pre></li>
E                         
E                         </ol>
E                       
E                       <ol start="1210" class="context-line">
E                         <li onclick="toggle('pre4436724608', 'post4436724608')"><pre>        return manager._insert(
E                              </pre> <span>…</span></li>
E                       </ol>
E                       
E                         <ol start='1211' class="post-context" id="post4436724608">
E                           
E                           <li onclick="toggle('pre4436724608', 'post4436724608')"><pre>            [self],</pre></li>
E                           
E                           <li onclick="toggle('pre4436724608', 'post4436724608')"><pre>            fields=fields,</pre></li>
E                           
E                           <li onclick="toggle('pre4436724608', 'post4436724608')"><pre>            returning_fields=returning_fields,</pre></li>
E                           
E                           <li onclick="toggle('pre4436724608', 'post4436724608')"><pre>            using=using,</pre></li>
E                           
E                           <li onclick="toggle('pre4436724608', 'post4436724608')"><pre>            raw=raw,</pre></li>
E                           
E                           <li onclick="toggle('pre4436724608', 'post4436724608')"><pre>        )</pre></li>
E                           
E                       </ol>
E                       
E                     </div>
E                   
E         
E                   
E                     
E                       <details>
E                         <summary class="commands">Local vars</summary>
E                     
E                     <table class="vars" id="v4436724608">
E                       <thead>
E                         <tr>
E                           <th scope="col">Variable</th>
E                           <th scope="col">Value</th>
E                         </tr>
E                       </thead>
E                       <tbody>
E                         
E                           <tr>
E                             <td>fields</td>
E                             <td class="code"><pre>[&lt;django.db.models.fields.DateTimeField: created_at&gt;,
E          &lt;django.db.models.fields.DateTimeField: updated_at&gt;,
E          &lt;django.db.models.fields.related.OneToOneField: user&gt;,
E          &lt;django.db.models.fields.TextField: address&gt;,
E          &lt;django.db.models.fields.CharField: phone&gt;,
E          &lt;django.db.models.fields.BooleanField: is_active&gt;]</pre></td>
E                           </tr>
E                         
E                           <tr>
E                             <td>manager</td>
E                             <td class="code"><pre>&lt;django.db.models.manager.Manager object at 0x10822d250&gt;</pre></td>
E                           </tr>
E                         
E                           <tr>
E                             <td>raw</td>
E                             <td class="code"><pre>False</pre></td>
E                           </tr>
E                         
E                           <tr>
E                             <td>returning_fields</td>
E                             <td class="code"><pre>[&lt;django.db.models.fields.BigAutoField: id&gt;]</pre></td>
E                           </tr>
E                         
E                           <tr>
E                             <td>self</td>
E                             <td class="code"><pre>&lt;Client: Client: Client Test&gt;</pre></td>
E                           </tr>
E                         
E                           <tr>
E                             <td>using</td>
E                             <td class="code"><pre>&#x27;default&#x27;</pre></td>
E                           </tr>
E                         
E                       </tbody>
E                     </table>
E                     </details>
E                   
E                 </li>
E               
E                 
E                 <li class="frame django">
E                   
E                     <code class="fname">/Users/mohamedbechirdiarra/Downloads/prototypeGamma/Backend/venv/lib/python3.13/site-packages/django/db/models/manager.py</code>, line 87, in manager_method
E                   
E         
E                   
E                     <div class="context" id="c4436729280">
E                       
E                         <ol start="80" class="pre-context" id="pre4436729280">
E                         
E                           <li onclick="toggle('pre4436729280', 'post4436729280')"><pre>        return []</pre></li>
E                         
E                           <li onclick="toggle('pre4436729280', 'post4436729280')"><pre></pre></li>
E                         
E                           <li onclick="toggle('pre4436729280', 'post4436729280')"><pre>    @classmethod</pre></li>
E                         
E                           <li onclick="toggle('pre4436729280', 'post4436729280')"><pre>    def _get_queryset_methods(cls, queryset_class):</pre></li>
E                         
E                           <li onclick="toggle('pre4436729280', 'post4436729280')"><pre>        def create_method(name, method):</pre></li>
E                         
E                           <li onclick="toggle('pre4436729280', 'post4436729280')"><pre>            @wraps(method)</pre></li>
E                         
E                           <li onclick="toggle('pre4436729280', 'post4436729280')"><pre>            def manager_method(self, *args, **kwargs):</pre></li>
E                         
E                         </ol>
E                       
E                       <ol start="87" class="context-line">
E                         <li onclick="toggle('pre4436729280', 'post4436729280')"><pre>                return getattr(self.get_queryset(), name)(*args, **kwargs)
E                                    ^^^^^^^^^^^^^^^^^^^^^^^^^^^^^^^^^^^^^^^^^^^^^^^^^^^</pre> <span>…</span></li>
E                       </ol>
E                       
E                         <ol start='88' class="post-context" id="post4436729280">
E                           
E                           <li onclick="toggle('pre4436729280', 'post4436729280')"><pre></pre></li>
E                           
E                           <li onclick="toggle('pre4436729280', 'post4436729280')"><pre>            return manager_method</pre></li>
E                           
E                           <li onclick="toggle('pre4436729280', 'post4436729280')"><pre></pre></li>
E                           
E                           <li onclick="toggle('pre4436729280', 'post4436729280')"><pre>        new_methods = {}</pre></li>
E                           
E                           <li onclick="toggle('pre4436729280', 'post4436729280')"><pre>        for name, method in inspect.getmembers(</pre></li>
E                           
E                           <li onclick="toggle('pre4436729280', 'post4436729280')"><pre>            queryset_class, predicate=inspect.isfunction</pre></li>
E                           
E                       </ol>
E                       
E                     </div>
E                   
E         
E                   
E                     
E                       <details>
E                         <summary class="commands">Local vars</summary>
E                     
E                     <table class="vars" id="v4436729280">
E                       <thead>
E                         <tr>
E                           <th scope="col">Variable</th>
E                           <th scope="col">Value</th>
E                         </tr>
E                       </thead>
E                       <tbody>
E                         
E                           <tr>
E                             <td>args</td>
E                             <td class="code"><pre>([&lt;Client: Client: Client Test&gt;],)</pre></td>
E                           </tr>
E                         
E                           <tr>
E                             <td>kwargs</td>
E                             <td class="code"><pre>{&#x27;fields&#x27;: [&lt;django.db.models.fields.DateTimeField: created_at&gt;,
E                     &lt;django.db.models.fields.DateTimeField: updated_at&gt;,
E                     &lt;django.db.models.fields.related.OneToOneField: user&gt;,
E                     &lt;django.db.models.fields.TextField: address&gt;,
E                     &lt;django.db.models.fields.CharField: phone&gt;,
E                     &lt;django.db.models.fields.BooleanField: is_active&gt;],
E          &#x27;raw&#x27;: False,
E          &#x27;returning_fields&#x27;: [&lt;django.db.models.fields.BigAutoField: id&gt;],
E          &#x27;using&#x27;: &#x27;default&#x27;}</pre></td>
E                           </tr>
E                         
E                           <tr>
E                             <td>name</td>
E                             <td class="code"><pre>&#x27;_insert&#x27;</pre></td>
E                           </tr>
E                         
E                           <tr>
E                             <td>self</td>
E                             <td class="code"><pre>&lt;django.db.models.manager.Manager object at 0x10822d250&gt;</pre></td>
E                           </tr>
E                         
E                       </tbody>
E                     </table>
E                     </details>
E                   
E                 </li>
E               
E                 
E                 <li class="frame django">
E                   
E                     <code class="fname">/Users/mohamedbechirdiarra/Downloads/prototypeGamma/Backend/venv/lib/python3.13/site-packages/django/db/models/query.py</code>, line 1868, in _insert
E                   
E         
E                   
E                     <div class="context" id="c4436734336">
E                       
E                         <ol start="1861" class="pre-context" id="pre4436734336">
E                         
E                           <li onclick="toggle('pre4436734336', 'post4436734336')"><pre>        query = sql.InsertQuery(</pre></li>
E                         
E                           <li onclick="toggle('pre4436734336', 'post4436734336')"><pre>            self.model,</pre></li>
E                         
E                           <li onclick="toggle('pre4436734336', 'post4436734336')"><pre>            on_conflict=on_conflict,</pre></li>
E                         
E                           <li onclick="toggle('pre4436734336', 'post4436734336')"><pre>            update_fields=update_fields,</pre></li>
E                         
E                           <li onclick="toggle('pre4436734336', 'post4436734336')"><pre>            unique_fields=unique_fields,</pre></li>
E                         
E                           <li onclick="toggle('pre4436734336', 'post4436734336')"><pre>        )</pre></li>
E                         
E                           <li onclick="toggle('pre4436734336', 'post4436734336')"><pre>        query.insert_values(fields, objs, raw=raw)</pre></li>
E                         
E                         </ol>
E                       
E                       <ol start="1868" class="context-line">
E                         <li onclick="toggle('pre4436734336', 'post4436734336')"><pre>        return query.get_compiler(using=using).execute_sql(returning_fields)
E                              ^^^^^^^^^^^^^^^^^^^^^^^^^^^^^^^^^^^^^^^^^^^^^^^^^^^^^^^^^^^^^</pre> <span>…</span></li>
E                       </ol>
E                       
E                         <ol start='1869' class="post-context" id="post4436734336">
E                           
E                           <li onclick="toggle('pre4436734336', 'post4436734336')"><pre></pre></li>
E                           
E                           <li onclick="toggle('pre4436734336', 'post4436734336')"><pre>    _insert.alters_data = True</pre></li>
E                           
E                           <li onclick="toggle('pre4436734336', 'post4436734336')"><pre>    _insert.queryset_only = False</pre></li>
E                           
E                           <li onclick="toggle('pre4436734336', 'post4436734336')"><pre></pre></li>
E                           
E                           <li onclick="toggle('pre4436734336', 'post4436734336')"><pre>    def _batched_insert(</pre></li>
E                           
E                           <li onclick="toggle('pre4436734336', 'post4436734336')"><pre>        self,</pre></li>
E                           
E                       </ol>
E                       
E                     </div>
E                   
E         
E                   
E                     
E                       <details>
E                         <summary class="commands">Local vars</summary>
E                     
E                     <table class="vars" id="v4436734336">
E                       <thead>
E                         <tr>
E                           <th scope="col">Variable</th>
E                           <th scope="col">Value</th>
E                         </tr>
E                       </thead>
E                       <tbody>
E                         
E                           <tr>
E                             <td>fields</td>
E                             <td class="code"><pre>[&lt;django.db.models.fields.DateTimeField: created_at&gt;,
E          &lt;django.db.models.fields.DateTimeField: updated_at&gt;,
E          &lt;django.db.models.fields.related.OneToOneField: user&gt;,
E          &lt;django.db.models.fields.TextField: address&gt;,
E          &lt;django.db.models.fields.CharField: phone&gt;,
E          &lt;django.db.models.fields.BooleanField: is_active&gt;]</pre></td>
E                           </tr>
E                         
E                           <tr>
E                             <td>objs</td>
E                             <td class="code"><pre>[&lt;Client: Client: Client Test&gt;]</pre></td>
E                           </tr>
E                         
E                           <tr>
E                             <td>on_conflict</td>
E                             <td class="code"><pre>None</pre></td>
E                           </tr>
E                         
E                           <tr>
E                             <td>query</td>
E                             <td class="code"><pre>&lt;django.db.models.sql.subqueries.InsertQuery object at 0x1088349f0&gt;</pre></td>
E                           </tr>
E                         
E                           <tr>
E                             <td>raw</td>
E                             <td class="code"><pre>False</pre></td>
E                           </tr>
E                         
E                           <tr>
E                             <td>returning_fields</td>
E                             <td class="code"><pre>[&lt;django.db.models.fields.BigAutoField: id&gt;]</pre></td>
E                           </tr>
E                         
E                           <tr>
E                             <td>self</td>
E                             <td class="code"><pre>&lt;QuerySet []&gt;</pre></td>
E                           </tr>
E                         
E                           <tr>
E                             <td>unique_fields</td>
E                             <td class="code"><pre>None</pre></td>
E                           </tr>
E                         
E                           <tr>
E                             <td>update_fields</td>
E                             <td class="code"><pre>None</pre></td>
E                           </tr>
E                         
E                           <tr>
E                             <td>using</td>
E                             <td class="code"><pre>&#x27;default&#x27;</pre></td>
E                           </tr>
E                         
E                       </tbody>
E                     </table>
E                     </details>
E                   
E                 </li>
E               
E                 
E                 <li class="frame django">
E                   
E                     <code class="fname">/Users/mohamedbechirdiarra/Downloads/prototypeGamma/Backend/venv/lib/python3.13/site-packages/django/db/models/sql/compiler.py</code>, line 1894, in execute_sql
E                   
E         
E                   
E                     <div class="context" id="c4436726400">
E                       
E                         <ol start="1887" class="pre-context" id="pre4436726400">
E                         
E                           <li onclick="toggle('pre4436726400', 'post4436726400')"><pre>                and len(self.query.objs) &gt; 1</pre></li>
E                         
E                           <li onclick="toggle('pre4436726400', 'post4436726400')"><pre>            ):</pre></li>
E                         
E                           <li onclick="toggle('pre4436726400', 'post4436726400')"><pre>                rows = self.connection.ops.fetch_returned_insert_rows(cursor)</pre></li>
E                         
E                           <li onclick="toggle('pre4436726400', 'post4436726400')"><pre>                cols = [field.get_col(opts.db_table) for field in self.returning_fields]</pre></li>
E                         
E                           <li onclick="toggle('pre4436726400', 'post4436726400')"><pre>            elif self.connection.features.can_return_columns_from_insert:</pre></li>
E                         
E                           <li onclick="toggle('pre4436726400', 'post4436726400')"><pre>                assert len(self.query.objs) == 1</pre></li>
E                         
E                           <li onclick="toggle('pre4436726400', 'post4436726400')"><pre>                rows = [</pre></li>
E                         
E                         </ol>
E                       
E                       <ol start="1894" class="context-line">
E                         <li onclick="toggle('pre4436726400', 'post4436726400')"><pre>                    self.connection.ops.fetch_returned_insert_columns(
E                                   ^</pre> <span>…</span></li>
E                       </ol>
E                       
E                         <ol start='1895' class="post-context" id="post4436726400">
E                           
E                           <li onclick="toggle('pre4436726400', 'post4436726400')"><pre>                        cursor,</pre></li>
E                           
E                           <li onclick="toggle('pre4436726400', 'post4436726400')"><pre>                        self.returning_params,</pre></li>
E                           
E                           <li onclick="toggle('pre4436726400', 'post4436726400')"><pre>                    )</pre></li>
E                           
E                           <li onclick="toggle('pre4436726400', 'post4436726400')"><pre>                ]</pre></li>
E                           
E                           <li onclick="toggle('pre4436726400', 'post4436726400')"><pre>                cols = [field.get_col(opts.db_table) for field in self.returning_fields]</pre></li>
E                           
E                           <li onclick="toggle('pre4436726400', 'post4436726400')"><pre>            elif returning_fields and isinstance(</pre></li>
E                           
E                       </ol>
E                       
E                     </div>
E                   
E         
E                   
E                     
E                       <details>
E                         <summary class="commands">Local vars</summary>
E                     
E                     <table class="vars" id="v4436726400">
E                       <thead>
E                         <tr>
E                           <th scope="col">Variable</th>
E                           <th scope="col">Value</th>
E                         </tr>
E                       </thead>
E                       <tbody>
E                         
E                           <tr>
E                             <td>cols</td>
E                             <td class="code"><pre>[]</pre></td>
E                           </tr>
E                         
E                           <tr>
E                             <td>cursor</td>
E                             <td class="code"><pre>&lt;django.db.backends.utils.CursorDebugWrapper object at 0x108756f30&gt;</pre></td>
E                           </tr>
E                         
E                           <tr>
E                             <td>opts</td>
E                             <td class="code"><pre>&lt;Options for Client&gt;</pre></td>
E                           </tr>
E                         
E                           <tr>
E                             <td>params</td>
E                             <td class="code"><pre>(&#x27;2025-07-14 11:43:29.084212&#x27;,
E          &#x27;2025-07-14 11:43:29.084220&#x27;,
E          66,
E          &#x27;Bamako, ACI 2000&#x27;,
E          &#x27;+223 70 66 41 04&#x27;,
E          True)</pre></td>
E                           </tr>
E                         
E                           <tr>
E                             <td>returning_fields</td>
E                             <td class="code"><pre>[&lt;django.db.models.fields.BigAutoField: id&gt;]</pre></td>
E                           </tr>
E                         
E                           <tr>
E                             <td>self</td>
E                             <td class="code"><pre>&lt;SQLInsertCompiler model=Client connection=&lt;DatabaseWrapper vendor=&#x27;sqlite&#x27; alias=&#x27;default&#x27;&gt; using=&#x27;default&#x27;&gt;</pre></td>
E                           </tr>
E                         
E                           <tr>
E                             <td>sql</td>
E                             <td class="code"><pre>(&#x27;INSERT INTO &quot;depannage_client&quot; (&quot;created_at&quot;, &quot;updated_at&quot;, &quot;user_id&quot;, &#x27;
E          &#x27;&quot;address&quot;, &quot;phone&quot;, &quot;is_active&quot;) VALUES (%s, %s, %s, %s, %s, %s) RETURNING &#x27;
E          &#x27;&quot;depannage_client&quot;.&quot;id&quot;&#x27;)</pre></td>
E                           </tr>
E                         
E                       </tbody>
E                     </table>
E                     </details>
E                   
E                 </li>
E               
E                 
E                 <li class="frame django">
E                   
E                     <code class="fname">/Users/mohamedbechirdiarra/Downloads/prototypeGamma/Backend/venv/lib/python3.13/site-packages/django/db/backends/base/operations.py</code>, line 215, in fetch_returned_insert_columns
E                   
E         
E                   
E                     <div class="context" id="c4436725760">
E                       
E                         <ol start="208" class="pre-context" id="pre4436725760">
E                         
E                           <li onclick="toggle('pre4436725760', 'post4436725760')"><pre>            return [&quot;DISTINCT&quot;], []</pre></li>
E                         
E                           <li onclick="toggle('pre4436725760', 'post4436725760')"><pre></pre></li>
E                         
E                           <li onclick="toggle('pre4436725760', 'post4436725760')"><pre>    def fetch_returned_insert_columns(self, cursor, returning_params):</pre></li>
E                         
E                           <li onclick="toggle('pre4436725760', 'post4436725760')"><pre>        &quot;&quot;&quot;</pre></li>
E                         
E                           <li onclick="toggle('pre4436725760', 'post4436725760')"><pre>        Given a cursor object that has just performed an INSERT...RETURNING</pre></li>
E                         
E                           <li onclick="toggle('pre4436725760', 'post4436725760')"><pre>        statement into a table, return the newly created data.</pre></li>
E                         
E                           <li onclick="toggle('pre4436725760', 'post4436725760')"><pre>        &quot;&quot;&quot;</pre></li>
E                         
E                         </ol>
E                       
E                       <ol start="215" class="context-line">
E                         <li onclick="toggle('pre4436725760', 'post4436725760')"><pre>        return cursor.fetchone()
E                             ^^^^^^^^^^^^^^^^^</pre> <span>…</span></li>
E                       </ol>
E                       
E                         <ol start='216' class="post-context" id="post4436725760">
E                           
E                           <li onclick="toggle('pre4436725760', 'post4436725760')"><pre></pre></li>
E                           
E                           <li onclick="toggle('pre4436725760', 'post4436725760')"><pre>    def field_cast_sql(self, db_type, internal_type):</pre></li>
E                           
E                           <li onclick="toggle('pre4436725760', 'post4436725760')"><pre>        &quot;&quot;&quot;</pre></li>
E                           
E                           <li onclick="toggle('pre4436725760', 'post4436725760')"><pre>        Given a column type (e.g. &#x27;BLOB&#x27;, &#x27;VARCHAR&#x27;) and an internal type</pre></li>
E                           
E                           <li onclick="toggle('pre4436725760', 'post4436725760')"><pre>        (e.g. &#x27;GenericIPAddressField&#x27;), return the SQL to cast it before using</pre></li>
E                           
E                           <li onclick="toggle('pre4436725760', 'post4436725760')"><pre>        it in a WHERE statement. The resulting string should contain a &#x27;%s&#x27;</pre></li>
E                           
E                       </ol>
E                       
E                     </div>
E                   
E         
E                   
E                     
E                       <details>
E                         <summary class="commands">Local vars</summary>
E                     
E                     <table class="vars" id="v4436725760">
E                       <thead>
E                         <tr>
E                           <th scope="col">Variable</th>
E                           <th scope="col">Value</th>
E                         </tr>
E                       </thead>
E                       <tbody>
E                         
E                           <tr>
E                             <td>cursor</td>
E                             <td class="code"><pre>&lt;django.db.backends.utils.CursorDebugWrapper object at 0x108756f30&gt;</pre></td>
E                           </tr>
E                         
E                           <tr>
E                             <td>returning_params</td>
E                             <td class="code"><pre>()</pre></td>
E                           </tr>
E                         
E                           <tr>
E                             <td>self</td>
E                             <td class="code"><pre>&lt;django.db.backends.sqlite3.operations.DatabaseOperations object at 0x108754290&gt;</pre></td>
E                           </tr>
E                         
E                       </tbody>
E                     </table>
E                     </details>
E                   
E                 </li>
E               
E                 
E                 <li class="frame django">
E                   
E                     <code class="fname">/Users/mohamedbechirdiarra/Downloads/prototypeGamma/Backend/venv/lib/python3.13/site-packages/django/db/utils.py</code>, line 97, in inner
E                   
E         
E                   
E                     <div class="context" id="c4436725696">
E                       
E                         <ol start="90" class="pre-context" id="pre4436725696">
E                         
E                           <li onclick="toggle('pre4436725696', 'post4436725696')"><pre>                    self.wrapper.errors_occurred = True</pre></li>
E                         
E                           <li onclick="toggle('pre4436725696', 'post4436725696')"><pre>                raise dj_exc_value.with_traceback(traceback) from exc_value</pre></li>
E                         
E                           <li onclick="toggle('pre4436725696', 'post4436725696')"><pre></pre></li>
E                         
E                           <li onclick="toggle('pre4436725696', 'post4436725696')"><pre>    def __call__(self, func):</pre></li>
E                         
E                           <li onclick="toggle('pre4436725696', 'post4436725696')"><pre>        # Note that we are intentionally not using @wraps here for performance</pre></li>
E                         
E                           <li onclick="toggle('pre4436725696', 'post4436725696')"><pre>        # reasons. Refs #21109.</pre></li>
E                         
E                           <li onclick="toggle('pre4436725696', 'post4436725696')"><pre>        def inner(*args, **kwargs):</pre></li>
E                         
E                         </ol>
E                       
E                       <ol start="97" class="context-line">
E                         <li onclick="toggle('pre4436725696', 'post4436725696')"><pre>            with self:
E                              ^^^^</pre> <span>…</span></li>
E                       </ol>
E                       
E                         <ol start='98' class="post-context" id="post4436725696">
E                           
E                           <li onclick="toggle('pre4436725696', 'post4436725696')"><pre>                return func(*args, **kwargs)</pre></li>
E                           
E                           <li onclick="toggle('pre4436725696', 'post4436725696')"><pre></pre></li>
E                           
E                           <li onclick="toggle('pre4436725696', 'post4436725696')"><pre>        return inner</pre></li>
E                           
E                           <li onclick="toggle('pre4436725696', 'post4436725696')"><pre></pre></li>
E                           
E                           <li onclick="toggle('pre4436725696', 'post4436725696')"><pre></pre></li>
E                           
E                           <li onclick="toggle('pre4436725696', 'post4436725696')"><pre>def load_backend(backend_name):</pre></li>
E                           
E                       </ol>
E                       
E                     </div>
E                   
E         
E                   
E                     
E                       <details>
E                         <summary class="commands">Local vars</summary>
E                     
E                     <table class="vars" id="v4436725696">
E                       <thead>
E                         <tr>
E                           <th scope="col">Variable</th>
E                           <th scope="col">Value</th>
E                         </tr>
E                       </thead>
E                       <tbody>
E                         
E                           <tr>
E                             <td>args</td>
E                             <td class="code"><pre>()</pre></td>
E                           </tr>
E                         
E                           <tr>
E                             <td>func</td>
E                             <td class="code"><pre>&lt;built-in method fetchone of SQLiteCursorWrapper object at 0x1087b6060&gt;</pre></td>
E                           </tr>
E                         
E                           <tr>
E                             <td>kwargs</td>
E                             <td class="code"><pre>{}</pre></td>
E                           </tr>
E                         
E                           <tr>
E                             <td>self</td>
E                             <td class="code"><pre>&lt;django.db.utils.DatabaseErrorWrapper object at 0x108789ef0&gt;</pre></td>
E                           </tr>
E                         
E                       </tbody>
E                     </table>
E                     </details>
E                   
E                 </li>
E               
E                 
E                 <li class="frame django">
E                   
E                     <code class="fname">/Users/mohamedbechirdiarra/Downloads/prototypeGamma/Backend/venv/lib/python3.13/site-packages/django/db/utils.py</code>, line 91, in __exit__
E                   
E         
E                   
E                     <div class="context" id="c4436728640">
E                       
E                         <ol start="84" class="pre-context" id="pre4436728640">
E                         
E                           <li onclick="toggle('pre4436728640', 'post4436728640')"><pre>            db_exc_type = getattr(self.wrapper.Database, dj_exc_type.__name__)</pre></li>
E                         
E                           <li onclick="toggle('pre4436728640', 'post4436728640')"><pre>            if issubclass(exc_type, db_exc_type):</pre></li>
E                         
E                           <li onclick="toggle('pre4436728640', 'post4436728640')"><pre>                dj_exc_value = dj_exc_type(*exc_value.args)</pre></li>
E                         
E                           <li onclick="toggle('pre4436728640', 'post4436728640')"><pre>                # Only set the &#x27;errors_occurred&#x27; flag for errors that may make</pre></li>
E                         
E                           <li onclick="toggle('pre4436728640', 'post4436728640')"><pre>                # the connection unusable.</pre></li>
E                         
E                           <li onclick="toggle('pre4436728640', 'post4436728640')"><pre>                if dj_exc_type not in (DataError, IntegrityError):</pre></li>
E                         
E                           <li onclick="toggle('pre4436728640', 'post4436728640')"><pre>                    self.wrapper.errors_occurred = True</pre></li>
E                         
E                         </ol>
E                       
E                       <ol start="91" class="context-line">
E                         <li onclick="toggle('pre4436728640', 'post4436728640')"><pre>                raise dj_exc_value.with_traceback(traceback) from exc_value
E                             ^^^^^^^^^^^^^^^^^^^^^^^^^^^^^^^^^^^^^^^^^^^^^^^^^^^^^^^^^^^</pre> <span>…</span></li>
E                       </ol>
E                       
E                         <ol start='92' class="post-context" id="post4436728640">
E                           
E                           <li onclick="toggle('pre4436728640', 'post4436728640')"><pre></pre></li>
E                           
E                           <li onclick="toggle('pre4436728640', 'post4436728640')"><pre>    def __call__(self, func):</pre></li>
E                           
E                           <li onclick="toggle('pre4436728640', 'post4436728640')"><pre>        # Note that we are intentionally not using @wraps here for performance</pre></li>
E                           
E                           <li onclick="toggle('pre4436728640', 'post4436728640')"><pre>        # reasons. Refs #21109.</pre></li>
E                           
E                           <li onclick="toggle('pre4436728640', 'post4436728640')"><pre>        def inner(*args, **kwargs):</pre></li>
E                           
E                           <li onclick="toggle('pre4436728640', 'post4436728640')"><pre>            with self:</pre></li>
E                           
E                       </ol>
E                       
E                     </div>
E                   
E         
E                   
E                     
E                       <details>
E                         <summary class="commands">Local vars</summary>
E                     
E                     <table class="vars" id="v4436728640">
E                       <thead>
E                         <tr>
E                           <th scope="col">Variable</th>
E                           <th scope="col">Value</th>
E                         </tr>
E                       </thead>
E                       <tbody>
E                         
E                           <tr>
E                             <td>db_exc_type</td>
E                             <td class="code"><pre>&lt;class &#x27;sqlite3.IntegrityError&#x27;&gt;</pre></td>
E                           </tr>
E                         
E                           <tr>
E                             <td>dj_exc_type</td>
E                             <td class="code"><pre>&lt;class &#x27;django.db.utils.IntegrityError&#x27;&gt;</pre></td>
E                           </tr>
E                         
E                           <tr>
E                             <td>dj_exc_value</td>
E                             <td class="code"><pre>IntegrityError(&#x27;FOREIGN KEY constraint failed&#x27;)</pre></td>
E                           </tr>
E                         
E                           <tr>
E                             <td>exc_type</td>
E                             <td class="code"><pre>&lt;class &#x27;sqlite3.IntegrityError&#x27;&gt;</pre></td>
E                           </tr>
E                         
E                           <tr>
E                             <td>exc_value</td>
E                             <td class="code"><pre>IntegrityError(&#x27;FOREIGN KEY constraint failed&#x27;)</pre></td>
E                           </tr>
E                         
E                           <tr>
E                             <td>self</td>
E                             <td class="code"><pre>&lt;django.db.utils.DatabaseErrorWrapper object at 0x108789ef0&gt;</pre></td>
E                           </tr>
E                         
E                           <tr>
E                             <td>traceback</td>
E                             <td class="code"><pre>&lt;traceback object at 0x108732800&gt;</pre></td>
E                           </tr>
E                         
E                       </tbody>
E                     </table>
E                     </details>
E                   
E                 </li>
E               
E                 
E                 <li class="frame django">
E                   
E                     <code class="fname">/Users/mohamedbechirdiarra/Downloads/prototypeGamma/Backend/venv/lib/python3.13/site-packages/django/db/utils.py</code>, line 98, in inner
E                   
E         
E                   
E                     <div class="context" id="c4436731904">
E                       
E                         <ol start="91" class="pre-context" id="pre4436731904">
E                         
E                           <li onclick="toggle('pre4436731904', 'post4436731904')"><pre>                raise dj_exc_value.with_traceback(traceback) from exc_value</pre></li>
E                         
E                           <li onclick="toggle('pre4436731904', 'post4436731904')"><pre></pre></li>
E                         
E                           <li onclick="toggle('pre4436731904', 'post4436731904')"><pre>    def __call__(self, func):</pre></li>
E                         
E                           <li onclick="toggle('pre4436731904', 'post4436731904')"><pre>        # Note that we are intentionally not using @wraps here for performance</pre></li>
E                         
E                           <li onclick="toggle('pre4436731904', 'post4436731904')"><pre>        # reasons. Refs #21109.</pre></li>
E                         
E                           <li onclick="toggle('pre4436731904', 'post4436731904')"><pre>        def inner(*args, **kwargs):</pre></li>
E                         
E                           <li onclick="toggle('pre4436731904', 'post4436731904')"><pre>            with self:</pre></li>
E                         
E                         </ol>
E                       
E                       <ol start="98" class="context-line">
E                         <li onclick="toggle('pre4436731904', 'post4436731904')"><pre>                return func(*args, **kwargs)
E                                    ^^^^^^^^^^^^^^^^^^^^^</pre> <span>…</span></li>
E                       </ol>
E                       
E                         <ol start='99' class="post-context" id="post4436731904">
E                           
E                           <li onclick="toggle('pre4436731904', 'post4436731904')"><pre></pre></li>
E                           
E                           <li onclick="toggle('pre4436731904', 'post4436731904')"><pre>        return inner</pre></li>
E                           
E                           <li onclick="toggle('pre4436731904', 'post4436731904')"><pre></pre></li>
E                           
E                           <li onclick="toggle('pre4436731904', 'post4436731904')"><pre></pre></li>
E                           
E                           <li onclick="toggle('pre4436731904', 'post4436731904')"><pre>def load_backend(backend_name):</pre></li>
E                           
E                           <li onclick="toggle('pre4436731904', 'post4436731904')"><pre>    &quot;&quot;&quot;</pre></li>
E                           
E                       </ol>
E                       
E                     </div>
E                   
E         
E                   
E                     
E                       <details>
E                         <summary class="commands">Local vars</summary>
E                     
E                     <table class="vars" id="v4436731904">
E                       <thead>
E                         <tr>
E                           <th scope="col">Variable</th>
E                           <th scope="col">Value</th>
E                         </tr>
E                       </thead>
E                       <tbody>
E                         
E                           <tr>
E                             <td>args</td>
E                             <td class="code"><pre>()</pre></td>
E                           </tr>
E                         
E                           <tr>
E                             <td>func</td>
E                             <td class="code"><pre>&lt;built-in method fetchone of SQLiteCursorWrapper object at 0x1087b6060&gt;</pre></td>
E                           </tr>
E                         
E                           <tr>
E                             <td>kwargs</td>
E                             <td class="code"><pre>{}</pre></td>
E                           </tr>
E                         
E                           <tr>
E                             <td>self</td>
E                             <td class="code"><pre>&lt;django.db.utils.DatabaseErrorWrapper object at 0x108789ef0&gt;</pre></td>
E                           </tr>
E                         
E                       </tbody>
E                     </table>
E                     </details>
E                   
E                 </li>
E               
E             </ul>
E           </div>
E         
E           <form action="https://dpaste.com/" name="pasteform" id="pasteform" method="post">
E           <div id="pastebinTraceback" class="pastebin">
E             <input type="hidden" name="language" value="PythonConsole">
E             <input type="hidden" name="title"
E               value="IntegrityError at /users/register/">
E             <input type="hidden" name="source" value="Django Dpaste Agent">
E             <input type="hidden" name="poster" value="Django">
E             <textarea name="content" id="traceback_area" cols="140" rows="25">
E         Environment:
E         
E         
E         Request Method: POST
E         Request URL: http://127.0.0.1:8000/users/register/
E         
E         Django Version: 5.2.4
E         Python Version: 3.13.5
E         Installed Applications:
E         [&#x27;django.contrib.admin&#x27;,
E          &#x27;django.contrib.auth&#x27;,
E          &#x27;django.contrib.contenttypes&#x27;,
E          &#x27;django.contrib.sessions&#x27;,
E          &#x27;django.contrib.messages&#x27;,
E          &#x27;django.contrib.staticfiles&#x27;,
E          &#x27;rest_framework&#x27;,
E          &#x27;corsheaders&#x27;,
E          &#x27;users&#x27;,
E          &#x27;depannage&#x27;,
E          &#x27;rest_framework_simplejwt&#x27;,
E          &#x27;rest_framework_simplejwt.token_blacklist&#x27;,
E          &#x27;channels&#x27;]
E         Installed Middleware:
E         [&#x27;corsheaders.middleware.CorsMiddleware&#x27;,
E          &#x27;django.middleware.security.SecurityMiddleware&#x27;,
E          &#x27;django.contrib.sessions.middleware.SessionMiddleware&#x27;,
E          &#x27;django.middleware.common.CommonMiddleware&#x27;,
E          &#x27;django.middleware.csrf.CsrfViewMiddleware&#x27;,
E          &#x27;django.contrib.auth.middleware.AuthenticationMiddleware&#x27;,
E          &#x27;django.contrib.messages.middleware.MessageMiddleware&#x27;,
E          &#x27;django.middleware.clickjacking.XFrameOptionsMiddleware&#x27;,
E          &#x27;auth.middleware.JWTSecurityMiddleware&#x27;,
E          &#x27;auth.middleware.TokenValidationMiddleware&#x27;]
E         
E         
E         
E         Traceback (most recent call last):
E           File "/Users/mohamedbechirdiarra/Downloads/prototypeGamma/Backend/venv/lib/python3.13/site-packages/django/db/utils.py", line 98, in inner
E             return func(*args, **kwargs)
E                    ^^^^^^^^^^^^^^^^^^^^^
E         
E         The above exception (FOREIGN KEY constraint failed) was the direct cause of the following exception:
E           File "/Users/mohamedbechirdiarra/Downloads/prototypeGamma/Backend/venv/lib/python3.13/site-packages/django/core/handlers/exception.py", line 42, in inner
E             response = await get_response(request)
E                        ^^^^^^^^^^^^^^^^^^^^^^^^^^^
E           File "/Users/mohamedbechirdiarra/Downloads/prototypeGamma/Backend/venv/lib/python3.13/site-packages/django/core/handlers/base.py", line 253, in _get_response_async
E             response = await wrapped_callback(
E                        
E           File "/Users/mohamedbechirdiarra/Downloads/prototypeGamma/Backend/venv/lib/python3.13/site-packages/django/views/decorators/csrf.py", line 65, in _view_wrapper
E             return view_func(request, *args, **kwargs)
E                    ^^^^^^^^^^^^^^^^^^^^^^^^^^^^^^^^^^^
E           File "/Users/mohamedbechirdiarra/Downloads/prototypeGamma/Backend/venv/lib/python3.13/site-packages/rest_framework/viewsets.py", line 125, in view
E             return self.dispatch(request, *args, **kwargs)
E                    ^^^^^^^^^^^^^^^^^^^^^^^^^^^^^^^^^^^^^^^
E           File "/Users/mohamedbechirdiarra/Downloads/prototypeGamma/Backend/users/views.py", line 641, in dispatch
E             return super().dispatch(request, *args, **kwargs)
E                    ^^^^^^^^^^^^^^^^^^^^^^^^^^^^^^^^^^^^^^^^^^
E           File "/Users/mohamedbechirdiarra/Downloads/prototypeGamma/Backend/venv/lib/python3.13/site-packages/rest_framework/views.py", line 515, in dispatch
E             response = self.handle_exception(exc)
E                        ^^^^^^^^^^^^^^^^^^^^^^^^^^
E           File "/Users/mohamedbechirdiarra/Downloads/prototypeGamma/Backend/venv/lib/python3.13/site-packages/rest_framework/views.py", line 475, in handle_exception
E             self.raise_uncaught_exception(exc)
E             ^^^^^^^^^^^^^^^^^^^^^^^^^^^^^^^^^^
E           File "/Users/mohamedbechirdiarra/Downloads/prototypeGamma/Backend/venv/lib/python3.13/site-packages/rest_framework/views.py", line 486, in raise_uncaught_exception
E             raise exc
E             ^^^^^^^^^
E           File "/Users/mohamedbechirdiarra/Downloads/prototypeGamma/Backend/venv/lib/python3.13/site-packages/rest_framework/views.py", line 512, in dispatch
E             response = handler(request, *args, **kwargs)
E                        ^^^^^^^^^^^^^^^^^^^^^^^^^^^^^^^^^
E           File "/Users/mohamedbechirdiarra/Downloads/prototypeGamma/Backend/users/views.py", line 311, in register
E             user = serializer.save()
E                    ^^^^^^^^^^^^^^^^^
E           File "/Users/mohamedbechirdiarra/Downloads/prototypeGamma/Backend/venv/lib/python3.13/site-packages/rest_framework/serializers.py", line 210, in save
E             self.instance = self.create(validated_data)
E                             ^^^^^^^^^^^^^^^^^^^^^^^^^^^
E           File "/Users/mohamedbechirdiarra/Downloads/prototypeGamma/Backend/users/serializers.py", line 164, in create
E             Client.objects.create(user=user, address=address, phone=phone)
E             ^^^^^^^^^^^^^^^^^^^^^^^^^^^^^^^^^^^^^^^^^^^^^^^^^^^^^^^^^^^^^^
E           File "/Users/mohamedbechirdiarra/Downloads/prototypeGamma/Backend/venv/lib/python3.13/site-packages/django/db/models/manager.py", line 87, in manager_method
E             return getattr(self.get_queryset(), name)(*args, **kwargs)
E                    ^^^^^^^^^^^^^^^^^^^^^^^^^^^^^^^^^^^^^^^^^^^^^^^^^^^
E           File "/Users/mohamedbechirdiarra/Downloads/prototypeGamma/Backend/venv/lib/python3.13/site-packages/django/db/models/query.py", line 663, in create
E             obj.save(force_insert=True, using=self.db)
E             ^^^^^^^^^^^^^^^^^^^^^^^^^^^^^^^^^^^^^^^^^^
E           File "/Users/mohamedbechirdiarra/Downloads/prototypeGamma/Backend/venv/lib/python3.13/site-packages/django/db/models/base.py", line 902, in save
E             self.save_base(
E             ^
E           File "/Users/mohamedbechirdiarra/Downloads/prototypeGamma/Backend/venv/lib/python3.13/site-packages/django/db/models/base.py", line 1008, in save_base
E             updated = self._save_table(
E                       
E           File "/Users/mohamedbechirdiarra/Downloads/prototypeGamma/Backend/venv/lib/python3.13/site-packages/django/db/models/base.py", line 1169, in _save_table
E             results = self._do_insert(
E                       
E           File "/Users/mohamedbechirdiarra/Downloads/prototypeGamma/Backend/venv/lib/python3.13/site-packages/django/db/models/base.py", line 1210, in _do_insert
E             return manager._insert(
E                    
E           File "/Users/mohamedbechirdiarra/Downloads/prototypeGamma/Backend/venv/lib/python3.13/site-packages/django/db/models/manager.py", line 87, in manager_method
E             return getattr(self.get_queryset(), name)(*args, **kwargs)
E                    ^^^^^^^^^^^^^^^^^^^^^^^^^^^^^^^^^^^^^^^^^^^^^^^^^^^
E           File "/Users/mohamedbechirdiarra/Downloads/prototypeGamma/Backend/venv/lib/python3.13/site-packages/django/db/models/query.py", line 1868, in _insert
E             return query.get_compiler(using=using).execute_sql(returning_fields)
E                    ^^^^^^^^^^^^^^^^^^^^^^^^^^^^^^^^^^^^^^^^^^^^^^^^^^^^^^^^^^^^^
E           File "/Users/mohamedbechirdiarra/Downloads/prototypeGamma/Backend/venv/lib/python3.13/site-packages/django/db/models/sql/compiler.py", line 1894, in execute_sql
E             self.connection.ops.fetch_returned_insert_columns(
E             ^
E           File "/Users/mohamedbechirdiarra/Downloads/prototypeGamma/Backend/venv/lib/python3.13/site-packages/django/db/backends/base/operations.py", line 215, in fetch_returned_insert_columns
E             return cursor.fetchone()
E                    ^^^^^^^^^^^^^^^^^
E           File "/Users/mohamedbechirdiarra/Downloads/prototypeGamma/Backend/venv/lib/python3.13/site-packages/django/db/utils.py", line 97, in inner
E             with self:
E                  ^^^^
E           File "/Users/mohamedbechirdiarra/Downloads/prototypeGamma/Backend/venv/lib/python3.13/site-packages/django/db/utils.py", line 91, in __exit__
E             raise dj_exc_value.with_traceback(traceback) from exc_value
E             ^^^^^^^^^^^^^^^^^^^^^^^^^^^^^^^^^^^^^^^^^^^^^^^^^^^^^^^^^^^
E           File "/Users/mohamedbechirdiarra/Downloads/prototypeGamma/Backend/venv/lib/python3.13/site-packages/django/db/utils.py", line 98, in inner
E             return func(*args, **kwargs)
E                    ^^^^^^^^^^^^^^^^^^^^^
E         
E         Exception Type: IntegrityError at /users/register/
E         Exception Value: FOREIGN KEY constraint failed
E         </textarea>
E           <br><br>
E           <input type="submit" value="Share this traceback on a public website">
E           </div>
E         </form>
E         
E         </div>
E         
E         
E         <div id="requestinfo">
E           <h2>Request information</h2>
E         
E         
E           
E             <h3 id="user-info">USER</h3>
E             <p>AnonymousUser</p>
E           
E         
E           <h3 id="get-info">GET</h3>
E           
E             <p>No GET data</p>
E           
E         
E           <h3 id="post-info">POST</h3>
E           
E             <p>No POST data</p>
E           
E         
E           <h3 id="files-info">FILES</h3>
E           
E             <p>No FILES data</p>
E           
E         
E           <h3 id="cookie-info">COOKIES</h3>
E           
E             <p>No cookie data</p>
E           
E         
E           <h3 id="meta-info">META</h3>
E           <table class="req">
E             <thead>
E               <tr>
E                 <th scope="col">Variable</th>
E                 <th scope="col">Value</th>
E               </tr>
E             </thead>
E             <tbody>
E               
E                 <tr>
E                   <td>CONTENT_LENGTH</td>
E                   <td class="code"><pre>&#x27;276&#x27;</pre></td>
E                 </tr>
E               
E                 <tr>
E                   <td>CONTENT_TYPE</td>
E                   <td class="code"><pre>&#x27;application/json&#x27;</pre></td>
E                 </tr>
E               
E                 <tr>
E                   <td>HTTP_ACCEPT</td>
E                   <td class="code"><pre>&#x27;*/*&#x27;</pre></td>
E                 </tr>
E               
E                 <tr>
E                   <td>HTTP_ACCEPT_ENCODING</td>
E                   <td class="code"><pre>&#x27;gzip, deflate&#x27;</pre></td>
E                 </tr>
E               
E                 <tr>
E                   <td>HTTP_CONNECTION</td>
E                   <td class="code"><pre>&#x27;keep-alive&#x27;</pre></td>
E                 </tr>
E               
E                 <tr>
E                   <td>HTTP_HOST</td>
E                   <td class="code"><pre>&#x27;127.0.0.1:8000&#x27;</pre></td>
E                 </tr>
E               
E                 <tr>
E                   <td>HTTP_USER_AGENT</td>
E                   <td class="code"><pre>&#x27;python-requests/2.32.4&#x27;</pre></td>
E                 </tr>
E               
E                 <tr>
E                   <td>PATH_INFO</td>
E                   <td class="code"><pre>&#x27;/users/register/&#x27;</pre></td>
E                 </tr>
E               
E                 <tr>
E                   <td>QUERY_STRING</td>
E                   <td class="code"><pre>&#x27;&#x27;</pre></td>
E                 </tr>
E               
E                 <tr>
E                   <td>REMOTE_ADDR</td>
E                   <td class="code"><pre>&#x27;127.0.0.1&#x27;</pre></td>
E                 </tr>
E               
E                 <tr>
E                   <td>REMOTE_HOST</td>
E                   <td class="code"><pre>&#x27;127.0.0.1&#x27;</pre></td>
E                 </tr>
E               
E                 <tr>
E                   <td>REMOTE_PORT</td>
E                   <td class="code"><pre>53747</pre></td>
E                 </tr>
E               
E                 <tr>
E                   <td>REQUEST_METHOD</td>
E                   <td class="code"><pre>&#x27;POST&#x27;</pre></td>
E                 </tr>
E               
E                 <tr>
E                   <td>SCRIPT_NAME</td>
E                   <td class="code"><pre>&#x27;&#x27;</pre></td>
E                 </tr>
E               
E                 <tr>
E                   <td>SERVER_NAME</td>
E                   <td class="code"><pre>&#x27;127.0.0.1&#x27;</pre></td>
E                 </tr>
E               
E                 <tr>
E                   <td>SERVER_PORT</td>
E                   <td class="code"><pre>&#x27;8000&#x27;</pre></td>
E                 </tr>
E               
E                 <tr>
E                   <td>wsgi.multiprocess</td>
E                   <td class="code"><pre>True</pre></td>
E                 </tr>
E               
E                 <tr>
E                   <td>wsgi.multithread</td>
E                   <td class="code"><pre>True</pre></td>
E                 </tr>
E               
E             </tbody>
E           </table>
E         
E         
E           <h3 id="settings-info">Settings</h3>
E           <h4>Using settings module <code>Backend.auth.settings</code></h4>
E           <table class="req">
E             <thead>
E               <tr>
E                 <th scope="col">Setting</th>
E                 <th scope="col">Value</th>
E               </tr>
E             </thead>
E             <tbody>
E               
E                 <tr>
E                   <td>ABSOLUTE_URL_OVERRIDES</td>
E                   <td class="code"><pre>{}</pre></td>
E                 </tr>
E               
E                 <tr>
E                   <td>ADMINS</td>
E                   <td class="code"><pre>[]</pre></td>
E                 </tr>
E               
E                 <tr>
E                   <td>ALLOWED_HOSTS</td>
E                   <td class="code"><pre>[&#x27;127.0.0.1&#x27;, &#x27;localhost&#x27;, &#x27;testserver&#x27;]</pre></td>
E                 </tr>
E               
E                 <tr>
E                   <td>APPEND_SLASH</td>
E                   <td class="code"><pre>True</pre></td>
E                 </tr>
E               
E                 <tr>
E                   <td>ASGI_APPLICATION</td>
E                   <td class="code"><pre>&#x27;auth.asgi.application&#x27;</pre></td>
E                 </tr>
E               
E                 <tr>
E                   <td>AUTHENTICATION_BACKENDS</td>
E                   <td class="code"><pre>&#x27;********************&#x27;</pre></td>
E                 </tr>
E               
E                 <tr>
E                   <td>AUTH_PASSWORD_VALIDATORS</td>
E                   <td class="code"><pre>&#x27;********************&#x27;</pre></td>
E                 </tr>
E               
E                 <tr>
E                   <td>AUTH_USER_MODEL</td>
E                   <td class="code"><pre>&#x27;********************&#x27;</pre></td>
E                 </tr>
E               
E                 <tr>
E                   <td>BASE_DIR</td>
E                   <td class="code"><pre>PosixPath(&#x27;/Users/mohamedbechirdiarra/Downloads/prototypeGamma/Backend&#x27;)</pre></td>
E                 </tr>
E               
E                 <tr>
E                   <td>BASE_URL</td>
E                   <td class="code"><pre>&#x27;http://127.0.0.1:8000&#x27;</pre></td>
E                 </tr>
E               
E                 <tr>
E                   <td>CACHES</td>
E                   <td class="code"><pre>{&#x27;default&#x27;: {&#x27;BACKEND&#x27;: &#x27;django.core.cache.backends.locmem.LocMemCache&#x27;,
E                      &#x27;LOCATION&#x27;: &#x27;unique-snowflake&#x27;,
E                      &#x27;OPTIONS&#x27;: {&#x27;MAX_ENTRIES&#x27;: 1000},
E                      &#x27;TIMEOUT&#x27;: 300}}</pre></td>
E                 </tr>
E               
E                 <tr>
E                   <td>CACHE_MIDDLEWARE_ALIAS</td>
E                   <td class="code"><pre>&#x27;default&#x27;</pre></td>
E                 </tr>
E               
E                 <tr>
E                   <td>CACHE_MIDDLEWARE_KEY_PREFIX</td>
E                   <td class="code"><pre>&#x27;********************&#x27;</pre></td>
E                 </tr>
E               
E                 <tr>
E                   <td>CACHE_MIDDLEWARE_SECONDS</td>
E                   <td class="code"><pre>600</pre></td>
E                 </tr>
E               
E                 <tr>
E                   <td>CHANNEL_LAYERS</td>
E                   <td class="code"><pre>{&#x27;default&#x27;: {&#x27;BACKEND&#x27;: &#x27;channels.layers.InMemoryChannelLayer&#x27;}}</pre></td>
E                 </tr>
E               
E                 <tr>
E                   <td>CINETPAY_API_KEY</td>
E                   <td class="code"><pre>&#x27;********************&#x27;</pre></td>
E                 </tr>
E               
E                 <tr>
E                   <td>CINETPAY_CONFIG</td>
E                   <td class="code"><pre>{&#x27;API_KEY&#x27;: &#x27;********************&#x27;,
E          &#x27;API_URL&#x27;: &#x27;********************&#x27;,
E          &#x27;CURRENCY&#x27;: &#x27;XOF&#x27;,
E          &#x27;ENVIRONMENT&#x27;: &#x27;Production&#x27;,
E          &#x27;LANG&#x27;: &#x27;fr&#x27;,
E          &#x27;MODE&#x27;: &#x27;PRODUCTION&#x27;,
E          &#x27;SECRET_KEY&#x27;: &#x27;********************&#x27;,
E          &#x27;SITE_ID&#x27;: &#x27;105899471&#x27;,
E          &#x27;USE_SIMULATOR&#x27;: False}</pre></td>
E                 </tr>
E               
E                 <tr>
E                   <td>CINETPAY_ENVIRONMENT</td>
E                   <td class="code"><pre>&#x27;Production&#x27;</pre></td>
E                 </tr>
E               
E                 <tr>
E                   <td>CINETPAY_SECRET_KEY</td>
E                   <td class="code"><pre>&#x27;********************&#x27;</pre></td>
E                 </tr>
E               
E                 <tr>
E                   <td>CINETPAY_SITE_ID</td>
E                   <td class="code"><pre>&#x27;105899471&#x27;</pre></td>
E                 </tr>
E               
E                 <tr>
E                   <td>CINETPAY_USE_SIMULATOR</td>
E                   <td class="code"><pre>False</pre></td>
E                 </tr>
E               
E                 <tr>
E                   <td>CORS_ALLOWED_HEADERS</td>
E                   <td class="code"><pre>[&#x27;Content-Type&#x27;, &#x27;Authorization&#x27;, &#x27;X-Requested-With&#x27;]</pre></td>
E                 </tr>
E               
E                 <tr>
E                   <td>CORS_ALLOWED_METHODS</td>
E                   <td class="code"><pre>[&#x27;GET&#x27;, &#x27;POST&#x27;, &#x27;PUT&#x27;, &#x27;DELETE&#x27;, &#x27;OPTIONS&#x27;]</pre></td>
E                 </tr>
E               
E                 <tr>
E                   <td>CORS_ALLOWED_ORIGINS</td>
E                   <td class="code"><pre>[&#x27;http://localhost:5173&#x27;,
E          &#x27;http://127.0.0.1:5173&#x27;,
E          &#x27;http://localhost:8000&#x27;,
E          &#x27;http://127.0.0.1:8000&#x27;]</pre></td>
E                 </tr>
E               
E                 <tr>
E                   <td>CORS_ALLOW_ALL_ORIGINS</td>
E                   <td class="code"><pre>True</pre></td>
E                 </tr>
E               
E                 <tr>
E                   <td>CORS_ALLOW_CREDENTIALS</td>
E                   <td class="code"><pre>True</pre></td>
E                 </tr>
E               
E                 <tr>
E                   <td>CSRF_COOKIE_AGE</td>
E                   <td class="code"><pre>31449600</pre></td>
E                 </tr>
E               
E                 <tr>
E                   <td>CSRF_COOKIE_DOMAIN</td>
E                   <td class="code"><pre>None</pre></td>
E                 </tr>
E               
E                 <tr>
E                   <td>CSRF_COOKIE_HTTPONLY</td>
E                   <td class="code"><pre>True</pre></td>
E                 </tr>
E               
E                 <tr>
E                   <td>CSRF_COOKIE_NAME</td>
E                   <td class="code"><pre>&#x27;csrftoken&#x27;</pre></td>
E                 </tr>
E               
E                 <tr>
E                   <td>CSRF_COOKIE_PATH</td>
E                   <td class="code"><pre>&#x27;/&#x27;</pre></td>
E                 </tr>
E               
E                 <tr>
E                   <td>CSRF_COOKIE_SAMESITE</td>
E                   <td class="code"><pre>&#x27;Lax&#x27;</pre></td>
E                 </tr>
E               
E                 <tr>
E                   <td>CSRF_COOKIE_SECURE</td>
E                   <td class="code"><pre>True</pre></td>
E                 </tr>
E               
E                 <tr>
E                   <td>CSRF_FAILURE_VIEW</td>
E                   <td class="code"><pre>&#x27;django.views.csrf.csrf_failure&#x27;</pre></td>
E                 </tr>
E               
E                 <tr>
E                   <td>CSRF_HEADER_NAME</td>
E                   <td class="code"><pre>&#x27;HTTP_X_CSRFTOKEN&#x27;</pre></td>
E                 </tr>
E               
E                 <tr>
E                   <td>CSRF_TRUSTED_ORIGINS</td>
E                   <td class="code"><pre>[&#x27;http://localhost:3000&#x27;, &#x27;http://127.0.0.1:3000&#x27;]</pre></td>
E                 </tr>
E               
E                 <tr>
E                   <td>CSRF_USE_SESSIONS</td>
E                   <td class="code"><pre>False</pre></td>
E                 </tr>
E               
E                 <tr>
E                   <td>DATABASES</td>
E                   <td class="code"><pre>{&#x27;default&#x27;: {&#x27;ATOMIC_REQUESTS&#x27;: False,
E                      &#x27;AUTOCOMMIT&#x27;: True,
E                      &#x27;CONN_HEALTH_CHECKS&#x27;: False,
E                      &#x27;CONN_MAX_AGE&#x27;: 0,
E                      &#x27;ENGINE&#x27;: &#x27;django.db.backends.sqlite3&#x27;,
E                      &#x27;HOST&#x27;: &#x27;&#x27;,
E                      &#x27;NAME&#x27;: PosixPath(&#x27;/Users/mohamedbechirdiarra/Downloads/prototypeGamma/Backend/db.sqlite3&#x27;),
E                      &#x27;OPTIONS&#x27;: {},
E                      &#x27;PASSWORD&#x27;: &#x27;********************&#x27;,
E                      &#x27;PORT&#x27;: &#x27;&#x27;,
E                      &#x27;TEST&#x27;: {&#x27;CHARSET&#x27;: None,
E                               &#x27;COLLATION&#x27;: None,
E                               &#x27;MIGRATE&#x27;: True,
E                               &#x27;MIRROR&#x27;: None,
E                               &#x27;NAME&#x27;: None},
E                      &#x27;TIME_ZONE&#x27;: None,
E                      &#x27;USER&#x27;: &#x27;&#x27;}}</pre></td>
E                 </tr>
E               
E                 <tr>
E                   <td>DATABASE_ROUTERS</td>
E                   <td class="code"><pre>[]</pre></td>
E                 </tr>
E               
E                 <tr>
E                   <td>DATA_UPLOAD_MAX_MEMORY_SIZE</td>
E                   <td class="code"><pre>2621440</pre></td>
E                 </tr>
E               
E                 <tr>
E                   <td>DATA_UPLOAD_MAX_NUMBER_FIELDS</td>
E                   <td class="code"><pre>1000</pre></td>
E                 </tr>
E               
E                 <tr>
E                   <td>DATA_UPLOAD_MAX_NUMBER_FILES</td>
E                   <td class="code"><pre>100</pre></td>
E                 </tr>
E               
E                 <tr>
E                   <td>DATETIME_FORMAT</td>
E                   <td class="code"><pre>&#x27;N j, Y, P&#x27;</pre></td>
E                 </tr>
E               
E                 <tr>
E                   <td>DATETIME_INPUT_FORMATS</td>
E                   <td class="code"><pre>[&#x27;%Y-%m-%d %H:%M:%S&#x27;,
E          &#x27;%Y-%m-%d %H:%M:%S.%f&#x27;,
E          &#x27;%Y-%m-%d %H:%M&#x27;,
E          &#x27;%m/%d/%Y %H:%M:%S&#x27;,
E          &#x27;%m/%d/%Y %H:%M:%S.%f&#x27;,
E          &#x27;%m/%d/%Y %H:%M&#x27;,
E          &#x27;%m/%d/%y %H:%M:%S&#x27;,
E          &#x27;%m/%d/%y %H:%M:%S.%f&#x27;,
E          &#x27;%m/%d/%y %H:%M&#x27;]</pre></td>
E                 </tr>
E               
E                 <tr>
E                   <td>DATE_FORMAT</td>
E                   <td class="code"><pre>&#x27;N j, Y&#x27;</pre></td>
E                 </tr>
E               
E                 <tr>
E                   <td>DATE_INPUT_FORMATS</td>
E                   <td class="code"><pre>[&#x27;%Y-%m-%d&#x27;,
E          &#x27;%m/%d/%Y&#x27;,
E          &#x27;%m/%d/%y&#x27;,
E          &#x27;%b %d %Y&#x27;,
E          &#x27;%b %d, %Y&#x27;,
E          &#x27;%d %b %Y&#x27;,
E          &#x27;%d %b, %Y&#x27;,
E          &#x27;%B %d %Y&#x27;,
E          &#x27;%B %d, %Y&#x27;,
E          &#x27;%d %B %Y&#x27;,
E          &#x27;%d %B, %Y&#x27;]</pre></td>
E                 </tr>
E               
E                 <tr>
E                   <td>DEBUG</td>
E                   <td class="code"><pre>True</pre></td>
E                 </tr>
E               
E                 <tr>
E                   <td>DEBUG_PROPAGATE_EXCEPTIONS</td>
E                   <td class="code"><pre>False</pre></td>
E                 </tr>
E               
E                 <tr>
E                   <td>DECIMAL_SEPARATOR</td>
E                   <td class="code"><pre>&#x27;.&#x27;</pre></td>
E                 </tr>
E               
E                 <tr>
E                   <td>DEFAULT_AUTO_FIELD</td>
E                   <td class="code"><pre>&#x27;django.db.models.BigAutoField&#x27;</pre></td>
E                 </tr>
E               
E                 <tr>
E                   <td>DEFAULT_CHARSET</td>
E                   <td class="code"><pre>&#x27;utf-8&#x27;</pre></td>
E                 </tr>
E               
E                 <tr>
E                   <td>DEFAULT_EXCEPTION_REPORTER</td>
E                   <td class="code"><pre>&#x27;django.views.debug.ExceptionReporter&#x27;</pre></td>
E                 </tr>
E               
E                 <tr>
E                   <td>DEFAULT_EXCEPTION_REPORTER_FILTER</td>
E                   <td class="code"><pre>&#x27;django.views.debug.SafeExceptionReporterFilter&#x27;</pre></td>
E                 </tr>
E               
E                 <tr>
E                   <td>DEFAULT_FROM_EMAIL</td>
E                   <td class="code"><pre>&#x27;webmaster@localhost&#x27;</pre></td>
E                 </tr>
E               
E                 <tr>
E                   <td>DEFAULT_INDEX_TABLESPACE</td>
E                   <td class="code"><pre>&#x27;&#x27;</pre></td>
E                 </tr>
E               
E                 <tr>
E                   <td>DEFAULT_TABLESPACE</td>
E                   <td class="code"><pre>&#x27;&#x27;</pre></td>
E                 </tr>
E               
E                 <tr>
E                   <td>DISALLOWED_USER_AGENTS</td>
E                   <td class="code"><pre>[]</pre></td>
E                 </tr>
E               
E                 <tr>
E                   <td>EMAIL_BACKEND</td>
E                   <td class="code"><pre>&#x27;django.core.mail.backends.console.EmailBackend&#x27;</pre></td>
E                 </tr>
E               
E                 <tr>
E                   <td>EMAIL_HOST</td>
E                   <td class="code"><pre>&#x27;localhost&#x27;</pre></td>
E                 </tr>
E               
E                 <tr>
E                   <td>EMAIL_HOST_PASSWORD</td>
E                   <td class="code"><pre>&#x27;********************&#x27;</pre></td>
E                 </tr>
E               
E                 <tr>
E                   <td>EMAIL_HOST_USER</td>
E                   <td class="code"><pre>&#x27;&#x27;</pre></td>
E                 </tr>
E               
E                 <tr>
E                   <td>EMAIL_PORT</td>
E                   <td class="code"><pre>1025</pre></td>
E                 </tr>
E               
E                 <tr>
E                   <td>EMAIL_SSL_CERTFILE</td>
E                   <td class="code"><pre>None</pre></td>
E                 </tr>
E               
E                 <tr>
E                   <td>EMAIL_SSL_KEYFILE</td>
E                   <td class="code"><pre>&#x27;********************&#x27;</pre></td>
E                 </tr>
E               
E                 <tr>
E                   <td>EMAIL_SUBJECT_PREFIX</td>
E                   <td class="code"><pre>&#x27;[Django] &#x27;</pre></td>
E                 </tr>
E               
E                 <tr>
E                   <td>EMAIL_TIMEOUT</td>
E                   <td class="code"><pre>None</pre></td>
E                 </tr>
E               
E                 <tr>
E                   <td>EMAIL_USE_LOCALTIME</td>
E                   <td class="code"><pre>False</pre></td>
E                 </tr>
E               
E                 <tr>
E                   <td>EMAIL_USE_SSL</td>
E                   <td class="code"><pre>False</pre></td>
E                 </tr>
E               
E                 <tr>
E                   <td>EMAIL_USE_TLS</td>
E                   <td class="code"><pre>False</pre></td>
E                 </tr>
E               
E                 <tr>
E                   <td>FILE_UPLOAD_DIRECTORY_PERMISSIONS</td>
E                   <td class="code"><pre>None</pre></td>
E                 </tr>
E               
E                 <tr>
E                   <td>FILE_UPLOAD_HANDLERS</td>
E                   <td class="code"><pre>[&#x27;django.core.files.uploadhandler.MemoryFileUploadHandler&#x27;,
E          &#x27;django.core.files.uploadhandler.TemporaryFileUploadHandler&#x27;]</pre></td>
E                 </tr>
E               
E                 <tr>
E                   <td>FILE_UPLOAD_MAX_MEMORY_SIZE</td>
E                   <td class="code"><pre>2621440</pre></td>
E                 </tr>
E               
E                 <tr>
E                   <td>FILE_UPLOAD_PERMISSIONS</td>
E                   <td class="code"><pre>420</pre></td>
E                 </tr>
E               
E                 <tr>
E                   <td>FILE_UPLOAD_TEMP_DIR</td>
E                   <td class="code"><pre>None</pre></td>
E                 </tr>
E               
E                 <tr>
E                   <td>FIRST_DAY_OF_WEEK</td>
E                   <td class="code"><pre>0</pre></td>
E                 </tr>
E               
E                 <tr>
E                   <td>FIXTURE_DIRS</td>
E                   <td class="code"><pre>[]</pre></td>
E                 </tr>
E               
E                 <tr>
E                   <td>FORCE_SCRIPT_NAME</td>
E                   <td class="code"><pre>None</pre></td>
E                 </tr>
E               
E                 <tr>
E                   <td>FORMAT_MODULE_PATH</td>
E                   <td class="code"><pre>None</pre></td>
E                 </tr>
E               
E                 <tr>
E                   <td>FORMS_URLFIELD_ASSUME_HTTPS</td>
E                   <td class="code"><pre>False</pre></td>
E                 </tr>
E               
E                 <tr>
E                   <td>FORM_RENDERER</td>
E                   <td class="code"><pre>&#x27;django.forms.renderers.DjangoTemplates&#x27;</pre></td>
E                 </tr>
E               
E                 <tr>
E                   <td>FRONTEND_URL</td>
E                   <td class="code"><pre>&#x27;http://127.0.0.1:5173&#x27;</pre></td>
E                 </tr>
E               
E                 <tr>
E                   <td>GDAL_LIBRARY_PATH</td>
E                   <td class="code"><pre>&#x27;C:\\OSGeo4W\\bin\\gdal311.dll&#x27;</pre></td>
E                 </tr>
E               
E                 <tr>
E                   <td>GEOLOCATION_SETTINGS</td>
E                   <td class="code"><pre>{&#x27;CACHE_TIMEOUT&#x27;: 3600, &#x27;DEFAULT_RADIUS_KM&#x27;: 10, &#x27;MAX_RADIUS_KM&#x27;: 50}</pre></td>
E                 </tr>
E               
E                 <tr>
E                   <td>GEOS_LIBRARY_PATH</td>
E                   <td class="code"><pre>&#x27;C:\\OSGeo4W\\bin\\geos_c.dll&#x27;</pre></td>
E                 </tr>
E               
E                 <tr>
E                   <td>IGNORABLE_404_URLS</td>
E                   <td class="code"><pre>[]</pre></td>
E                 </tr>
E               
E                 <tr>
E                   <td>INSTALLED_APPS</td>
E                   <td class="code"><pre>[&#x27;django.contrib.admin&#x27;,
E          &#x27;django.contrib.auth&#x27;,
E          &#x27;django.contrib.contenttypes&#x27;,
E          &#x27;django.contrib.sessions&#x27;,
E          &#x27;django.contrib.messages&#x27;,
E          &#x27;django.contrib.staticfiles&#x27;,
E          &#x27;rest_framework&#x27;,
E          &#x27;corsheaders&#x27;,
E          &#x27;users&#x27;,
E          &#x27;depannage&#x27;,
E          &#x27;rest_framework_simplejwt&#x27;,
E          &#x27;rest_framework_simplejwt.token_blacklist&#x27;,
E          &#x27;channels&#x27;]</pre></td>
E                 </tr>
E               
E                 <tr>
E                   <td>INTERNAL_IPS</td>
E                   <td class="code"><pre>[]</pre></td>
E                 </tr>
E               
E                 <tr>
E                   <td>LANGUAGES</td>
E                   <td class="code"><pre>[(&#x27;af&#x27;, &#x27;Afrikaans&#x27;),
E          (&#x27;ar&#x27;, &#x27;Arabic&#x27;),
E          (&#x27;ar-dz&#x27;, &#x27;Algerian Arabic&#x27;),
E          (&#x27;ast&#x27;, &#x27;Asturian&#x27;),
E          (&#x27;az&#x27;, &#x27;Azerbaijani&#x27;),
E          (&#x27;bg&#x27;, &#x27;Bulgarian&#x27;),
E          (&#x27;be&#x27;, &#x27;Belarusian&#x27;),
E          (&#x27;bn&#x27;, &#x27;Bengali&#x27;),
E          (&#x27;br&#x27;, &#x27;Breton&#x27;),
E          (&#x27;bs&#x27;, &#x27;Bosnian&#x27;),
E          (&#x27;ca&#x27;, &#x27;Catalan&#x27;),
E          (&#x27;ckb&#x27;, &#x27;Central Kurdish (Sorani)&#x27;),
E          (&#x27;cs&#x27;, &#x27;Czech&#x27;),
E          (&#x27;cy&#x27;, &#x27;Welsh&#x27;),
E          (&#x27;da&#x27;, &#x27;Danish&#x27;),
E          (&#x27;de&#x27;, &#x27;German&#x27;),
E          (&#x27;dsb&#x27;, &#x27;Lower Sorbian&#x27;),
E          (&#x27;el&#x27;, &#x27;Greek&#x27;),
E          (&#x27;en&#x27;, &#x27;English&#x27;),
E          (&#x27;en-au&#x27;, &#x27;Australian English&#x27;),
E          (&#x27;en-gb&#x27;, &#x27;British English&#x27;),
E          (&#x27;eo&#x27;, &#x27;Esperanto&#x27;),
E          (&#x27;es&#x27;, &#x27;Spanish&#x27;),
E          (&#x27;es-ar&#x27;, &#x27;Argentinian Spanish&#x27;),
E          (&#x27;es-co&#x27;, &#x27;Colombian Spanish&#x27;),
E          (&#x27;es-mx&#x27;, &#x27;Mexican Spanish&#x27;),
E          (&#x27;es-ni&#x27;, &#x27;Nicaraguan Spanish&#x27;),
E          (&#x27;es-ve&#x27;, &#x27;Venezuelan Spanish&#x27;),
E          (&#x27;et&#x27;, &#x27;Estonian&#x27;),
E          (&#x27;eu&#x27;, &#x27;Basque&#x27;),
E          (&#x27;fa&#x27;, &#x27;Persian&#x27;),
E          (&#x27;fi&#x27;, &#x27;Finnish&#x27;),
E          (&#x27;fr&#x27;, &#x27;French&#x27;),
E          (&#x27;fy&#x27;, &#x27;Frisian&#x27;),
E          (&#x27;ga&#x27;, &#x27;Irish&#x27;),
E          (&#x27;gd&#x27;, &#x27;Scottish Gaelic&#x27;),
E          (&#x27;gl&#x27;, &#x27;Galician&#x27;),
E          (&#x27;he&#x27;, &#x27;Hebrew&#x27;),
E          (&#x27;hi&#x27;, &#x27;Hindi&#x27;),
E          (&#x27;hr&#x27;, &#x27;Croatian&#x27;),
E          (&#x27;hsb&#x27;, &#x27;Upper Sorbian&#x27;),
E          (&#x27;hu&#x27;, &#x27;Hungarian&#x27;),
E          (&#x27;hy&#x27;, &#x27;Armenian&#x27;),
E          (&#x27;ia&#x27;, &#x27;Interlingua&#x27;),
E          (&#x27;id&#x27;, &#x27;Indonesian&#x27;),
E          (&#x27;ig&#x27;, &#x27;Igbo&#x27;),
E          (&#x27;io&#x27;, &#x27;Ido&#x27;),
E          (&#x27;is&#x27;, &#x27;Icelandic&#x27;),
E          (&#x27;it&#x27;, &#x27;Italian&#x27;),
E          (&#x27;ja&#x27;, &#x27;Japanese&#x27;),
E          (&#x27;ka&#x27;, &#x27;Georgian&#x27;),
E          (&#x27;kab&#x27;, &#x27;Kabyle&#x27;),
E          (&#x27;kk&#x27;, &#x27;Kazakh&#x27;),
E          (&#x27;km&#x27;, &#x27;Khmer&#x27;),
E          (&#x27;kn&#x27;, &#x27;Kannada&#x27;),
E          (&#x27;ko&#x27;, &#x27;Korean&#x27;),
E          (&#x27;ky&#x27;, &#x27;Kyrgyz&#x27;),
E          (&#x27;lb&#x27;, &#x27;Luxembourgish&#x27;),
E          (&#x27;lt&#x27;, &#x27;Lithuanian&#x27;),
E          (&#x27;lv&#x27;, &#x27;Latvian&#x27;),
E          (&#x27;mk&#x27;, &#x27;Macedonian&#x27;),
E          (&#x27;ml&#x27;, &#x27;Malayalam&#x27;),
E          (&#x27;mn&#x27;, &#x27;Mongolian&#x27;),
E          (&#x27;mr&#x27;, &#x27;Marathi&#x27;),
E          (&#x27;ms&#x27;, &#x27;Malay&#x27;),
E          (&#x27;my&#x27;, &#x27;Burmese&#x27;),
E          (&#x27;nb&#x27;, &#x27;Norwegian Bokmål&#x27;),
E          (&#x27;ne&#x27;, &#x27;Nepali&#x27;),
E          (&#x27;nl&#x27;, &#x27;Dutch&#x27;),
E          (&#x27;nn&#x27;, &#x27;Norwegian Nynorsk&#x27;),
E          (&#x27;os&#x27;, &#x27;Ossetic&#x27;),
E          (&#x27;pa&#x27;, &#x27;Punjabi&#x27;),
E          (&#x27;pl&#x27;, &#x27;Polish&#x27;),
E          (&#x27;pt&#x27;, &#x27;Portuguese&#x27;),
E          (&#x27;pt-br&#x27;, &#x27;Brazilian Portuguese&#x27;),
E          (&#x27;ro&#x27;, &#x27;Romanian&#x27;),
E          (&#x27;ru&#x27;, &#x27;Russian&#x27;),
E          (&#x27;sk&#x27;, &#x27;Slovak&#x27;),
E          (&#x27;sl&#x27;, &#x27;Slovenian&#x27;),
E          (&#x27;sq&#x27;, &#x27;Albanian&#x27;),
E          (&#x27;sr&#x27;, &#x27;Serbian&#x27;),
E          (&#x27;sr-latn&#x27;, &#x27;Serbian Latin&#x27;),
E          (&#x27;sv&#x27;, &#x27;Swedish&#x27;),
E          (&#x27;sw&#x27;, &#x27;Swahili&#x27;),
E          (&#x27;ta&#x27;, &#x27;Tamil&#x27;),
E          (&#x27;te&#x27;, &#x27;Telugu&#x27;),
E          (&#x27;tg&#x27;, &#x27;Tajik&#x27;),
E          (&#x27;th&#x27;, &#x27;Thai&#x27;),
E          (&#x27;tk&#x27;, &#x27;Turkmen&#x27;),
E          (&#x27;tr&#x27;, &#x27;Turkish&#x27;),
E          (&#x27;tt&#x27;, &#x27;Tatar&#x27;),
E          (&#x27;udm&#x27;, &#x27;Udmurt&#x27;),
E          (&#x27;ug&#x27;, &#x27;Uyghur&#x27;),
E          (&#x27;uk&#x27;, &#x27;Ukrainian&#x27;),
E          (&#x27;ur&#x27;, &#x27;Urdu&#x27;),
E          (&#x27;uz&#x27;, &#x27;Uzbek&#x27;),
E          (&#x27;vi&#x27;, &#x27;Vietnamese&#x27;),
E          (&#x27;zh-hans&#x27;, &#x27;Simplified Chinese&#x27;),
E          (&#x27;zh-hant&#x27;, &#x27;Traditional Chinese&#x27;)]</pre></td>
E                 </tr>
E               
E                 <tr>
E                   <td>LANGUAGES_BIDI</td>
E                   <td class="code"><pre>[&#x27;he&#x27;, &#x27;ar&#x27;, &#x27;ar-dz&#x27;, &#x27;ckb&#x27;, &#x27;fa&#x27;, &#x27;ug&#x27;, &#x27;ur&#x27;]</pre></td>
E                 </tr>
E               
E                 <tr>
E                   <td>LANGUAGE_CODE</td>
E                   <td class="code"><pre>&#x27;en-us&#x27;</pre></td>
E                 </tr>
E               
E                 <tr>
E                   <td>LANGUAGE_COOKIE_AGE</td>
E                   <td class="code"><pre>None</pre></td>
E                 </tr>
E               
E                 <tr>
E                   <td>LANGUAGE_COOKIE_DOMAIN</td>
E                   <td class="code"><pre>None</pre></td>
E                 </tr>
E               
E                 <tr>
E                   <td>LANGUAGE_COOKIE_HTTPONLY</td>
E                   <td class="code"><pre>False</pre></td>
E                 </tr>
E               
E                 <tr>
E                   <td>LANGUAGE_COOKIE_NAME</td>
E                   <td class="code"><pre>&#x27;django_language&#x27;</pre></td>
E                 </tr>
E               
E                 <tr>
E                   <td>LANGUAGE_COOKIE_PATH</td>
E                   <td class="code"><pre>&#x27;/&#x27;</pre></td>
E                 </tr>
E               
E                 <tr>
E                   <td>LANGUAGE_COOKIE_SAMESITE</td>
E                   <td class="code"><pre>None</pre></td>
E                 </tr>
E               
E                 <tr>
E                   <td>LANGUAGE_COOKIE_SECURE</td>
E                   <td class="code"><pre>False</pre></td>
E                 </tr>
E               
E                 <tr>
E                   <td>LOCALE_PATHS</td>
E                   <td class="code"><pre>[]</pre></td>
E                 </tr>
E               
E                 <tr>
E                   <td>LOGGING</td>
E                   <td class="code"><pre>{&#x27;disable_existing_loggers&#x27;: False,
E          &#x27;formatters&#x27;: {&#x27;simple&#x27;: {&#x27;format&#x27;: &#x27;{levelname} {message}&#x27;, &#x27;style&#x27;: &#x27;{&#x27;},
E                         &#x27;verbose&#x27;: {&#x27;format&#x27;: &#x27;{levelname} {asctime} {module} &#x27;
E                                               &#x27;{process:d} {thread:d} {message}&#x27;,
E                                     &#x27;style&#x27;: &#x27;{&#x27;}},
E          &#x27;handlers&#x27;: {&#x27;file&#x27;: {&#x27;class&#x27;: &#x27;logging.FileHandler&#x27;,
E                                &#x27;filename&#x27;: &#x27;django.log&#x27;,
E                                &#x27;formatter&#x27;: &#x27;verbose&#x27;,
E                                &#x27;level&#x27;: &#x27;INFO&#x27;},
E                       &#x27;security_file&#x27;: {&#x27;class&#x27;: &#x27;logging.FileHandler&#x27;,
E                                         &#x27;filename&#x27;: &#x27;security.log&#x27;,
E                                         &#x27;formatter&#x27;: &#x27;verbose&#x27;,
E                                         &#x27;level&#x27;: &#x27;WARNING&#x27;}},
E          &#x27;loggers&#x27;: {&#x27;depannage&#x27;: {&#x27;handlers&#x27;: [&#x27;file&#x27;],
E                                    &#x27;level&#x27;: &#x27;INFO&#x27;,
E                                    &#x27;propagate&#x27;: True},
E                      &#x27;django&#x27;: {&#x27;handlers&#x27;: [&#x27;file&#x27;],
E                                 &#x27;level&#x27;: &#x27;INFO&#x27;,
E                                 &#x27;propagate&#x27;: True},
E                      &#x27;django.security&#x27;: {&#x27;handlers&#x27;: [&#x27;security_file&#x27;],
E                                          &#x27;level&#x27;: &#x27;WARNING&#x27;,
E                                          &#x27;propagate&#x27;: False},
E                      &#x27;users&#x27;: {&#x27;handlers&#x27;: [&#x27;file&#x27;],
E                                &#x27;level&#x27;: &#x27;INFO&#x27;,
E                                &#x27;propagate&#x27;: True}},
E          &#x27;version&#x27;: 1}</pre></td>
E                 </tr>
E               
E                 <tr>
E                   <td>LOGGING_CONFIG</td>
E                   <td class="code"><pre>&#x27;logging.config.dictConfig&#x27;</pre></td>
E                 </tr>
E               
E                 <tr>
E                   <td>LOGIN_REDIRECT_URL</td>
E                   <td class="code"><pre>&#x27;/accounts/profile/&#x27;</pre></td>
E                 </tr>
E               
E                 <tr>
E                   <td>LOGIN_URL</td>
E                   <td class="code"><pre>&#x27;/accounts/login/&#x27;</pre></td>
E                 </tr>
E               
E                 <tr>
E                   <td>LOGOUT_REDIRECT_URL</td>
E                   <td class="code"><pre>None</pre></td>
E                 </tr>
E               
E                 <tr>
E                   <td>MANAGERS</td>
E                   <td class="code"><pre>[]</pre></td>
E                 </tr>
E               
E                 <tr>
E                   <td>MEDIA_ROOT</td>
E                   <td class="code"><pre>&#x27;/Users/mohamedbechirdiarra/Downloads/prototypeGamma/Backend/media&#x27;</pre></td>
E                 </tr>
E               
E                 <tr>
E                   <td>MEDIA_URL</td>
E                   <td class="code"><pre>&#x27;/media/&#x27;</pre></td>
E                 </tr>
E               
E                 <tr>
E                   <td>MESSAGE_STORAGE</td>
E                   <td class="code"><pre>&#x27;django.contrib.messages.storage.fallback.FallbackStorage&#x27;</pre></td>
E                 </tr>
E               
E                 <tr>
E                   <td>MIDDLEWARE</td>
E                   <td class="code"><pre>[&#x27;corsheaders.middleware.CorsMiddleware&#x27;,
E          &#x27;django.middleware.security.SecurityMiddleware&#x27;,
E          &#x27;django.contrib.sessions.middleware.SessionMiddleware&#x27;,
E          &#x27;django.middleware.common.CommonMiddleware&#x27;,
E          &#x27;django.middleware.csrf.CsrfViewMiddleware&#x27;,
E          &#x27;django.contrib.auth.middleware.AuthenticationMiddleware&#x27;,
E          &#x27;django.contrib.messages.middleware.MessageMiddleware&#x27;,
E          &#x27;django.middleware.clickjacking.XFrameOptionsMiddleware&#x27;,
E          &#x27;auth.middleware.JWTSecurityMiddleware&#x27;,
E          &#x27;auth.middleware.TokenValidationMiddleware&#x27;]</pre></td>
E                 </tr>
E               
E                 <tr>
E                   <td>MIGRATION_MODULES</td>
E                   <td class="code"><pre>{}</pre></td>
E                 </tr>
E               
E                 <tr>
E                   <td>MONTH_DAY_FORMAT</td>
E                   <td class="code"><pre>&#x27;F j&#x27;</pre></td>
E                 </tr>
E               
E                 <tr>
E                   <td>NOTIFICATION_CHANNELS</td>
E                   <td class="code"><pre>{&#x27;email&#x27;: True, &#x27;push&#x27;: False, &#x27;sms&#x27;: False}</pre></td>
E                 </tr>
E               
E                 <tr>
E                   <td>NUMBER_GROUPING</td>
E                   <td class="code"><pre>0</pre></td>
E                 </tr>
E               
E                 <tr>
E                   <td>PASSWORD_HASHERS</td>
E                   <td class="code"><pre>&#x27;********************&#x27;</pre></td>
E                 </tr>
E               
E                 <tr>
E                   <td>PASSWORD_RESET_TIMEOUT</td>
E                   <td class="code"><pre>&#x27;********************&#x27;</pre></td>
E                 </tr>
E               
E                 <tr>
E                   <td>PAYMENT_SETTINGS</td>
E                   <td class="code"><pre>{&#x27;CINETPAY_API_KEY&#x27;: &#x27;********************&#x27;,
E          &#x27;CINETPAY_ENVIRONMENT&#x27;: &#x27;Production&#x27;,
E          &#x27;CINETPAY_SITE_ID&#x27;: &#x27;105899471&#x27;}</pre></td>
E                 </tr>
E               
E                 <tr>
E                   <td>PREPEND_WWW</td>
E                   <td class="code"><pre>False</pre></td>
E                 </tr>
E               
E                 <tr>
E                   <td>REST_FRAMEWORK</td>
E                   <td class="code"><pre>{&#x27;DEFAULT_AUTHENTICATION_CLASSES&#x27;: &#x27;********************&#x27;,
E          &#x27;DEFAULT_PAGINATION_CLASS&#x27;: &#x27;rest_framework.pagination.PageNumberPagination&#x27;,
E          &#x27;DEFAULT_PARSER_CLASSES&#x27;: [&#x27;rest_framework.parsers.JSONParser&#x27;,
E                                     &#x27;rest_framework.parsers.MultiPartParser&#x27;,
E                                     &#x27;rest_framework.parsers.FormParser&#x27;],
E          &#x27;DEFAULT_PERMISSION_CLASSES&#x27;: [&#x27;rest_framework.permissions.IsAuthenticated&#x27;],
E          &#x27;DEFAULT_RENDERER_CLASSES&#x27;: [&#x27;rest_framework.renderers.JSONRenderer&#x27;],
E          &#x27;DEFAULT_THROTTLE_CLASSES&#x27;: [&#x27;rest_framework.throttling.UserRateThrottle&#x27;,
E                                       &#x27;rest_framework.throttling.AnonRateThrottle&#x27;,
E                                       &#x27;rest_framework.throttling.ScopedRateThrottle&#x27;],
E          &#x27;DEFAULT_THROTTLE_RATES&#x27;: {&#x27;anon&#x27;: &#x27;10000/day&#x27;,
E                                     &#x27;login&#x27;: &#x27;1000/day&#x27;,
E                                     &#x27;password_reset&#x27;: &#x27;********************&#x27;,
E                                     &#x27;register&#x27;: &#x27;500/day&#x27;,
E                                     &#x27;user&#x27;: &#x27;50000/day&#x27;,
E                                     &#x27;user_me&#x27;: &#x27;1000/day&#x27;},
E          &#x27;EXCEPTION_HANDLER&#x27;: &#x27;rest_framework.views.exception_handler&#x27;,
E          &#x27;PAGE_SIZE&#x27;: 20}</pre></td>
E                 </tr>
E               
E                 <tr>
E                   <td>ROOT_URLCONF</td>
E                   <td class="code"><pre>&#x27;auth.urls&#x27;</pre></td>
E                 </tr>
E               
E                 <tr>
E                   <td>SECRET_KEY</td>
E                   <td class="code"><pre>&#x27;********************&#x27;</pre></td>
E                 </tr>
E               
E                 <tr>
E                   <td>SECRET_KEY_FALLBACKS</td>
E                   <td class="code"><pre>&#x27;********************&#x27;</pre></td>
E                 </tr>
E               
E                 <tr>
E                   <td>SECURE_BROWSER_XSS_FILTER</td>
E                   <td class="code"><pre>True</pre></td>
E                 </tr>
E               
E                 <tr>
E                   <td>SECURE_CONTENT_TYPE_NOSNIFF</td>
E                   <td class="code"><pre>True</pre></td>
E                 </tr>
E               
E                 <tr>
E                   <td>SECURE_CROSS_ORIGIN_OPENER_POLICY</td>
E                   <td class="code"><pre>&#x27;same-origin&#x27;</pre></td>
E                 </tr>
E               
E                 <tr>
E                   <td>SECURE_HSTS_INCLUDE_SUBDOMAINS</td>
E                   <td class="code"><pre>True</pre></td>
E                 </tr>
E               
E                 <tr>
E                   <td>SECURE_HSTS_PRELOAD</td>
E                   <td class="code"><pre>True</pre></td>
E                 </tr>
E               
E                 <tr>
E                   <td>SECURE_HSTS_SECONDS</td>
E                   <td class="code"><pre>31536000</pre></td>
E                 </tr>
E               
E                 <tr>
E                   <td>SECURE_PROXY_SSL_HEADER</td>
E                   <td class="code"><pre>None</pre></td>
E                 </tr>
E               
E                 <tr>
E                   <td>SECURE_REDIRECT_EXEMPT</td>
E                   <td class="code"><pre>[]</pre></td>
E                 </tr>
E               
E                 <tr>
E                   <td>SECURE_REFERRER_POLICY</td>
E                   <td class="code"><pre>&#x27;same-origin&#x27;</pre></td>
E                 </tr>
E               
E                 <tr>
E                   <td>SECURE_SSL_HOST</td>
E                   <td class="code"><pre>None</pre></td>
E                 </tr>
E               
E                 <tr>
E                   <td>SECURE_SSL_REDIRECT</td>
E                   <td class="code"><pre>False</pre></td>
E                 </tr>
E               
E                 <tr>
E                   <td>SERVER_EMAIL</td>
E                   <td class="code"><pre>&#x27;root@localhost&#x27;</pre></td>
E                 </tr>
E               
E                 <tr>
E                   <td>SESSION_CACHE_ALIAS</td>
E                   <td class="code"><pre>&#x27;default&#x27;</pre></td>
E                 </tr>
E               
E                 <tr>
E                   <td>SESSION_COOKIE_AGE</td>
E                   <td class="code"><pre>3600</pre></td>
E                 </tr>
E               
E                 <tr>
E                   <td>SESSION_COOKIE_DOMAIN</td>
E                   <td class="code"><pre>None</pre></td>
E                 </tr>
E               
E                 <tr>
E                   <td>SESSION_COOKIE_HTTPONLY</td>
E                   <td class="code"><pre>True</pre></td>
E                 </tr>
E               
E                 <tr>
E                   <td>SESSION_COOKIE_NAME</td>
E                   <td class="code"><pre>&#x27;sessionid&#x27;</pre></td>
E                 </tr>
E               
E                 <tr>
E                   <td>SESSION_COOKIE_PATH</td>
E                   <td class="code"><pre>&#x27;/&#x27;</pre></td>
E                 </tr>
E               
E                 <tr>
E                   <td>SESSION_COOKIE_SAMESITE</td>
E                   <td class="code"><pre>&#x27;Lax&#x27;</pre></td>
E                 </tr>
E               
E                 <tr>
E                   <td>SESSION_COOKIE_SECURE</td>
E                   <td class="code"><pre>True</pre></td>
E                 </tr>
E               
E                 <tr>
E                   <td>SESSION_ENGINE</td>
E                   <td class="code"><pre>&#x27;django.contrib.sessions.backends.db&#x27;</pre></td>
E                 </tr>
E               
E                 <tr>
E                   <td>SESSION_EXPIRE_AT_BROWSER_CLOSE</td>
E                   <td class="code"><pre>True</pre></td>
E                 </tr>
E               
E                 <tr>
E                   <td>SESSION_FILE_PATH</td>
E                   <td class="code"><pre>None</pre></td>
E                 </tr>
E               
E                 <tr>
E                   <td>SESSION_SAVE_EVERY_REQUEST</td>
E                   <td class="code"><pre>False</pre></td>
E                 </tr>
E               
E                 <tr>
E                   <td>SESSION_SERIALIZER</td>
E                   <td class="code"><pre>&#x27;django.contrib.sessions.serializers.JSONSerializer&#x27;</pre></td>
E                 </tr>
E               
E                 <tr>
E                   <td>SETTINGS_MODULE</td>
E                   <td class="code"><pre>&#x27;Backend.auth.settings&#x27;</pre></td>
E                 </tr>
E               
E                 <tr>
E                   <td>SHORT_DATETIME_FORMAT</td>
E                   <td class="code"><pre>&#x27;m/d/Y P&#x27;</pre></td>
E                 </tr>
E               
E                 <tr>
E                   <td>SHORT_DATE_FORMAT</td>
E                   <td class="code"><pre>&#x27;m/d/Y&#x27;</pre></td>
E                 </tr>
E               
E                 <tr>
E                   <td>SIGNING_BACKEND</td>
E                   <td class="code"><pre>&#x27;django.core.signing.TimestampSigner&#x27;</pre></td>
E                 </tr>
E               
E                 <tr>
E                   <td>SILENCED_SYSTEM_CHECKS</td>
E                   <td class="code"><pre>[]</pre></td>
E                 </tr>
E               
E                 <tr>
E                   <td>SIMPLE_JWT</td>
E                   <td class="code"><pre>{&#x27;ACCESS_TOKEN_LIFETIME&#x27;: &#x27;********************&#x27;,
E          &#x27;ALGORITHM&#x27;: &#x27;HS256&#x27;,
E          &#x27;AUDIENCE&#x27;: None,
E          &#x27;AUTH_HEADER_NAME&#x27;: &#x27;********************&#x27;,
E          &#x27;AUTH_HEADER_TYPES&#x27;: &#x27;********************&#x27;,
E          &#x27;AUTH_TOKEN_CLASSES&#x27;: &#x27;********************&#x27;,
E          &#x27;BLACKLIST_AFTER_ROTATION&#x27;: True,
E          &#x27;ISSUER&#x27;: None,
E          &#x27;JTI_CLAIM&#x27;: &#x27;jti&#x27;,
E          &#x27;JWK_URL&#x27;: None,
E          &#x27;LEEWAY&#x27;: 0,
E          &#x27;REFRESH_TOKEN_LIFETIME&#x27;: &#x27;********************&#x27;,
E          &#x27;ROTATE_REFRESH_TOKENS&#x27;: &#x27;********************&#x27;,
E          &#x27;SIGNING_KEY&#x27;: &#x27;********************&#x27;,
E          &#x27;SLIDING_TOKEN_LIFETIME&#x27;: &#x27;********************&#x27;,
E          &#x27;SLIDING_TOKEN_REFRESH_EXP_CLAIM&#x27;: &#x27;********************&#x27;,
E          &#x27;SLIDING_TOKEN_REFRESH_LIFETIME&#x27;: &#x27;********************&#x27;,
E          &#x27;TOKEN_TYPE_CLAIM&#x27;: &#x27;********************&#x27;,
E          &#x27;TOKEN_USER_CLASS&#x27;: &#x27;********************&#x27;,
E          &#x27;UPDATE_LAST_LOGIN&#x27;: True,
E          &#x27;USER_AUTHENTICATION_RULE&#x27;: &#x27;********************&#x27;,
E          &#x27;USER_ID_CLAIM&#x27;: &#x27;user_id&#x27;,
E          &#x27;USER_ID_FIELD&#x27;: &#x27;id&#x27;,
E          &#x27;VERIFYING_KEY&#x27;: &#x27;********************&#x27;}</pre></td>
E                 </tr>
E               
E                 <tr>
E                   <td>STATICFILES_DIRS</td>
E                   <td class="code"><pre>[]</pre></td>
E                 </tr>
E               
E                 <tr>
E                   <td>STATICFILES_FINDERS</td>
E                   <td class="code"><pre>[&#x27;django.contrib.staticfiles.finders.FileSystemFinder&#x27;,
E          &#x27;django.contrib.staticfiles.finders.AppDirectoriesFinder&#x27;]</pre></td>
E                 </tr>
E               
E                 <tr>
E                   <td>STATIC_ROOT</td>
E                   <td class="code"><pre>&#x27;/Users/mohamedbechirdiarra/Downloads/prototypeGamma/Backend/staticfiles&#x27;</pre></td>
E                 </tr>
E               
E                 <tr>
E                   <td>STATIC_URL</td>
E                   <td class="code"><pre>&#x27;/static/&#x27;</pre></td>
E                 </tr>
E               
E                 <tr>
E                   <td>STORAGES</td>
E                   <td class="code"><pre>{&#x27;default&#x27;: {&#x27;BACKEND&#x27;: &#x27;django.core.files.storage.FileSystemStorage&#x27;},
E          &#x27;staticfiles&#x27;: {&#x27;BACKEND&#x27;: &#x27;django.contrib.staticfiles.storage.StaticFilesStorage&#x27;}}</pre></td>
E                 </tr>
E               
E                 <tr>
E                   <td>TEMPLATES</td>
E                   <td class="code"><pre>[{&#x27;APP_DIRS&#x27;: True,
E           &#x27;BACKEND&#x27;: &#x27;django.template.backends.django.DjangoTemplates&#x27;,
E           &#x27;DIRS&#x27;: [],
E           &#x27;OPTIONS&#x27;: {&#x27;context_processors&#x27;: [&#x27;django.template.context_processors.request&#x27;,
E                                              &#x27;django.contrib.auth.context_processors.auth&#x27;,
E                                              &#x27;django.contrib.messages.context_processors.messages&#x27;]}}]</pre></td>
E                 </tr>
E               
E                 <tr>
E                   <td>TEST_NON_SERIALIZED_APPS</td>
E                   <td class="code"><pre>[]</pre></td>
E                 </tr>
E               
E                 <tr>
E                   <td>TEST_RUNNER</td>
E                   <td class="code"><pre>&#x27;django.test.runner.DiscoverRunner&#x27;</pre></td>
E                 </tr>
E               
E                 <tr>
E                   <td>THOUSAND_SEPARATOR</td>
E                   <td class="code"><pre>&#x27;,&#x27;</pre></td>
E                 </tr>
E               
E                 <tr>
E                   <td>TIME_FORMAT</td>
E                   <td class="code"><pre>&#x27;P&#x27;</pre></td>
E                 </tr>
E               
E                 <tr>
E                   <td>TIME_INPUT_FORMATS</td>
E                   <td class="code"><pre>[&#x27;%H:%M:%S&#x27;, &#x27;%H:%M:%S.%f&#x27;, &#x27;%H:%M&#x27;]</pre></td>
E                 </tr>
E               
E                 <tr>
E                   <td>TIME_ZONE</td>
E                   <td class="code"><pre>&#x27;UTC&#x27;</pre></td>
E                 </tr>
E               
E                 <tr>
E                   <td>USE_I18N</td>
E                   <td class="code"><pre>True</pre></td>
E                 </tr>
E               
E                 <tr>
E                   <td>USE_THOUSAND_SEPARATOR</td>
E                   <td class="code"><pre>False</pre></td>
E                 </tr>
E               
E                 <tr>
E                   <td>USE_TZ</td>
E                   <td class="code"><pre>True</pre></td>
E                 </tr>
E               
E                 <tr>
E                   <td>USE_X_FORWARDED_HOST</td>
E                   <td class="code"><pre>False</pre></td>
E                 </tr>
E               
E                 <tr>
E                   <td>USE_X_FORWARDED_PORT</td>
E                   <td class="code"><pre>False</pre></td>
E                 </tr>
E               
E                 <tr>
E                   <td>WSGI_APPLICATION</td>
E                   <td class="code"><pre>&#x27;auth.wsgi.application&#x27;</pre></td>
E                 </tr>
E               
E                 <tr>
E                   <td>X_FRAME_OPTIONS</td>
E                   <td class="code"><pre>&#x27;DENY&#x27;</pre></td>
E                 </tr>
E               
E                 <tr>
E                   <td>YEAR_MONTH_FORMAT</td>
E                   <td class="code"><pre>&#x27;F Y&#x27;</pre></td>
E                 </tr>
E               
E             </tbody>
E           </table>
E         
E         </div>
E         </main>
E         
E         
E           <footer id="explanation">
E             <p>
E               You’re seeing this error because you have <code>DEBUG = True</code> in your
E               Django settings file. Change that to <code>False</code>, and Django will
E               display a standard page generated by the handler for this status code.
E             </p>
E           </footer>
E         
E         </body>
E         </html>
E         
E       assert 500 in (200, 201)
E        +  where 500 = <Response [500]>.status_code

Backend/test_user.py:176: AssertionError
----------------------------- Captured stdout call -----------------------------

=== Test création demande pour client existant ===
__________________ test_create_repair_request_with_new_client __________________

    def test_create_repair_request_with_new_client():
        import requests
        print("\n=== Test création demande avec nouveau client ===")
        # Générer un email/username unique
        ts = int(time.time())
        rand = ''.join(random.choices(string.ascii_lowercase + string.digits, k=4))
        email = f"testclient_api_{ts}_{rand}@example.com"
        username = f"testclient_api_{ts}_{rand}"
        password = "bechir66312345"
        phone = "+223 77 88 99 00"
        # Supprimer si déjà existant
        delete_user_by_email(email)
        reg_url = "http://127.0.0.1:8000/users/register/"
        reg_data = {
            "username": username,
            "email": email,
            "password": password,
            "password2": password,
            "user_type": "client",
            "first_name": "Test",
            "last_name": "API",
            "phone": phone,
            "address": "Bamako, ACI 2000"
        }
        reg_resp = requests.post(reg_url, json=reg_data)
>       assert reg_resp.status_code in (200, 201), f"Échec inscription client API: {reg_resp.text}"
E       AssertionError: Échec inscription client API: <!DOCTYPE html>
E         <html lang="en">
E         <head>
E           <meta http-equiv="content-type" content="text/html; charset=utf-8">
E           <meta name="robots" content="NONE,NOARCHIVE">
E           <title>IntegrityError
E                   at /users/register/</title>
E           <style>
E             html * { padding:0; margin:0; }
E             body * { padding:10px 20px; }
E             body * * { padding:0; }
E             body { font-family: sans-serif; background-color:#fff; color:#000; }
E             body > :where(header, main, footer) { border-bottom:1px solid #ddd; }
E             h1 { font-weight:normal; }
E             h2 { margin-bottom:.8em; }
E             h3 { margin:1em 0 .5em 0; }
E             h4 { margin:0 0 .5em 0; font-weight: normal; }
E             code, pre { font-size: 100%; white-space: pre-wrap; word-break: break-word; }
E             summary { cursor: pointer; }
E             table { border:1px solid #ccc; border-collapse: collapse; width:100%; background:white; }
E             tbody td, tbody th { vertical-align:top; padding:2px 3px; }
E             thead th {
E               padding:1px 6px 1px 3px; background:#fefefe; text-align:left;
E               font-weight:normal; font-size: 0.6875rem; border:1px solid #ddd;
E             }
E             tbody th { width:12em; text-align:right; color:#666; padding-right:.5em; }
E             table.vars { margin:5px 10px 2px 40px; width: auto; }
E             table.vars td, table.req td { font-family:monospace; }
E             table td.code { width:100%; }
E             table td.code pre { overflow:hidden; }
E             table.source th { color:#666; }
E             table.source td { font-family:monospace; white-space:pre; border-bottom:1px solid #eee; }
E             ul.traceback { list-style-type:none; color: #222; }
E             ul.traceback li.cause { word-break: break-word; }
E             ul.traceback li.frame { padding-bottom:1em; color:#4f4f4f; }
E             ul.traceback li.user { background-color:#e0e0e0; color:#000 }
E             div.context { padding:10px 0; overflow:hidden; }
E             div.context ol { padding-left:30px; margin:0 10px; list-style-position: inside; }
E             div.context ol li { font-family:monospace; white-space:pre; color:#777; cursor:pointer; padding-left: 2px; }
E             div.context ol li pre { display:inline; }
E             div.context ol.context-line li { color:#464646; background-color:#dfdfdf; padding: 3px 2px; }
E             div.context ol.context-line li span { position:absolute; right:32px; }
E             .user div.context ol.context-line li { background-color:#bbb; color:#000; }
E             .user div.context ol li { color:#666; }
E             div.commands, summary.commands { margin-left: 40px; }
E             div.commands a, summary.commands { color:#555; text-decoration:none; }
E             .user div.commands a { color: black; }
E             #summary { background: #ffc; }
E             #summary h2 { font-weight: normal; color: #666; }
E             #info { padding: 0; }
E             #info > * { padding:10px 20px; }
E             #explanation { background:#eee; }
E             #template, #template-not-exist { background:#f6f6f6; }
E             #template-not-exist ul { margin: 0 0 10px 20px; }
E             #template-not-exist .postmortem-section { margin-bottom: 3px; }
E             #unicode-hint { background:#eee; }
E             #traceback { background:#eee; }
E             #requestinfo { background:#f6f6f6; padding-left:120px; }
E             #summary table { border:none; background:transparent; }
E             #requestinfo h2, #requestinfo h3 { position:relative; margin-left:-100px; }
E             #requestinfo h3 { margin-bottom:-1em; }
E             .error { background: #ffc; }
E             .specific { color:#cc3300; font-weight:bold; }
E             h2 span.commands { font-size: 0.7rem; font-weight:normal; }
E             span.commands a:link {color:#5E5694;}
E             pre.exception_value { font-family: sans-serif; color: #575757; font-size: 1.5rem; margin: 10px 0 10px 0; }
E             .append-bottom { margin-bottom: 10px; }
E             .fname { user-select: all; }
E           </style>
E           
E           <script>
E             function hideAll(elems) {
E               for (var e = 0; e < elems.length; e++) {
E                 elems[e].style.display = 'none';
E               }
E             }
E             window.onload = function() {
E               hideAll(document.querySelectorAll('ol.pre-context'));
E               hideAll(document.querySelectorAll('ol.post-context'));
E               hideAll(document.querySelectorAll('div.pastebin'));
E             }
E             function toggle() {
E               for (var i = 0; i < arguments.length; i++) {
E                 var e = document.getElementById(arguments[i]);
E                 if (e) {
E                   e.style.display = e.style.display == 'none' ? 'block': 'none';
E                 }
E               }
E               return false;
E             }
E             function switchPastebinFriendly(link) {
E               s1 = "Switch to copy-and-paste view";
E               s2 = "Switch back to interactive view";
E               link.textContent = link.textContent.trim() == s1 ? s2: s1;
E               toggle('browserTraceback', 'pastebinTraceback');
E               return false;
E             }
E           </script>
E           
E         </head>
E         <body>
E         <header id="summary">
E           <h1>IntegrityError
E                at /users/register/</h1>
E           <pre class="exception_value">FOREIGN KEY constraint failed</pre>
E           <table class="meta">
E         
E             <tr>
E               <th scope="row">Request Method:</th>
E               <td>POST</td>
E             </tr>
E             <tr>
E               <th scope="row">Request URL:</th>
E               <td>http://127.0.0.1:8000/users/register/</td>
E             </tr>
E         
E             <tr>
E               <th scope="row">Django Version:</th>
E               <td>5.2.4</td>
E             </tr>
E         
E             <tr>
E               <th scope="row">Exception Type:</th>
E               <td>IntegrityError</td>
E             </tr>
E         
E         
E             <tr>
E               <th scope="row">Exception Value:</th>
E               <td><pre>FOREIGN KEY constraint failed</pre></td>
E             </tr>
E         
E         
E             <tr>
E               <th scope="row">Exception Location:</th>
E               <td><span class="fname">/Users/mohamedbechirdiarra/Downloads/prototypeGamma/Backend/venv/lib/python3.13/site-packages/django/db/utils.py</span>, line 98, in inner</td>
E             </tr>
E         
E         
E             <tr>
E               <th scope="row">Raised during:</th>
E               <td>users.views.UserViewSet</td>
E             </tr>
E         
E             <tr>
E               <th scope="row">Python Executable:</th>
E               <td>/Users/mohamedbechirdiarra/Downloads/prototypeGamma/Backend/venv/bin/python3.13</td>
E             </tr>
E             <tr>
E               <th scope="row">Python Version:</th>
E               <td>3.13.5</td>
E             </tr>
E             <tr>
E               <th scope="row">Python Path:</th>
E               <td><pre><code>[&#x27;.&#x27;,
E          &#x27;/Users/mohamedbechirdiarra/Downloads/prototypeGamma/Backend/venv/bin&#x27;,
E          &#x27;/Users/mohamedbechirdiarra/Downloads/prototypeGamma&#x27;,
E          &#x27;/Users/mohamedbechirdiarra/Downloads/prototypeGamma/Backend&#x27;,
E          &#x27;/opt/homebrew/Cellar/python@3.13/3.13.5/Frameworks/Python.framework/Versions/3.13/lib/python313.zip&#x27;,
E          &#x27;/opt/homebrew/Cellar/python@3.13/3.13.5/Frameworks/Python.framework/Versions/3.13/lib/python3.13&#x27;,
E          &#x27;/opt/homebrew/Cellar/python@3.13/3.13.5/Frameworks/Python.framework/Versions/3.13/lib/python3.13/lib-dynload&#x27;,
E          &#x27;/Users/mohamedbechirdiarra/Downloads/prototypeGamma/Backend/venv/lib/python3.13/site-packages&#x27;]</code></pre></td>
E             </tr>
E             <tr>
E               <th scope="row">Server time:</th>
E               <td>Mon, 14 Jul 2025 11:43:29 +0000</td>
E             </tr>
E           </table>
E         </header>
E         
E         <main id="info">
E         
E         
E         
E         
E         <div id="traceback">
E           <h2>Traceback <span class="commands"><a href="#" role="button" onclick="return switchPastebinFriendly(this);">
E             Switch to copy-and-paste view</a></span>
E           </h2>
E           <div id="browserTraceback">
E             <ul class="traceback">
E               
E                 
E                 <li class="frame django">
E                   
E                     <code class="fname">/Users/mohamedbechirdiarra/Downloads/prototypeGamma/Backend/venv/lib/python3.13/site-packages/django/db/utils.py</code>, line 98, in inner
E                   
E         
E                   
E                     <div class="context" id="c4436596416">
E                       
E                         <ol start="91" class="pre-context" id="pre4436596416">
E                         
E                           <li onclick="toggle('pre4436596416', 'post4436596416')"><pre>                raise dj_exc_value.with_traceback(traceback) from exc_value</pre></li>
E                         
E                           <li onclick="toggle('pre4436596416', 'post4436596416')"><pre></pre></li>
E                         
E                           <li onclick="toggle('pre4436596416', 'post4436596416')"><pre>    def __call__(self, func):</pre></li>
E                         
E                           <li onclick="toggle('pre4436596416', 'post4436596416')"><pre>        # Note that we are intentionally not using @wraps here for performance</pre></li>
E                         
E                           <li onclick="toggle('pre4436596416', 'post4436596416')"><pre>        # reasons. Refs #21109.</pre></li>
E                         
E                           <li onclick="toggle('pre4436596416', 'post4436596416')"><pre>        def inner(*args, **kwargs):</pre></li>
E                         
E                           <li onclick="toggle('pre4436596416', 'post4436596416')"><pre>            with self:</pre></li>
E                         
E                         </ol>
E                       
E                       <ol start="98" class="context-line">
E                         <li onclick="toggle('pre4436596416', 'post4436596416')"><pre>                return func(*args, **kwargs)
E                                    ^^^^^^^^^^^^^^^^^^^^^</pre> <span>…</span></li>
E                       </ol>
E                       
E                         <ol start='99' class="post-context" id="post4436596416">
E                           
E                           <li onclick="toggle('pre4436596416', 'post4436596416')"><pre></pre></li>
E                           
E                           <li onclick="toggle('pre4436596416', 'post4436596416')"><pre>        return inner</pre></li>
E                           
E                           <li onclick="toggle('pre4436596416', 'post4436596416')"><pre></pre></li>
E                           
E                           <li onclick="toggle('pre4436596416', 'post4436596416')"><pre></pre></li>
E                           
E                           <li onclick="toggle('pre4436596416', 'post4436596416')"><pre>def load_backend(backend_name):</pre></li>
E                           
E                           <li onclick="toggle('pre4436596416', 'post4436596416')"><pre>    &quot;&quot;&quot;</pre></li>
E                           
E                       </ol>
E                       
E                     </div>
E                   
E         
E                   
E                     
E                       <details>
E                         <summary class="commands">Local vars</summary>
E                     
E                     <table class="vars" id="v4436596416">
E                       <thead>
E                         <tr>
E                           <th scope="col">Variable</th>
E                           <th scope="col">Value</th>
E                         </tr>
E                       </thead>
E                       <tbody>
E                         
E                           <tr>
E                             <td>args</td>
E                             <td class="code"><pre>()</pre></td>
E                           </tr>
E                         
E                           <tr>
E                             <td>func</td>
E                             <td class="code"><pre>&lt;built-in method fetchone of SQLiteCursorWrapper object at 0x1087b68d0&gt;</pre></td>
E                           </tr>
E                         
E                           <tr>
E                             <td>kwargs</td>
E                             <td class="code"><pre>{}</pre></td>
E                           </tr>
E                         
E                           <tr>
E                             <td>self</td>
E                             <td class="code"><pre>&lt;django.db.utils.DatabaseErrorWrapper object at 0x1087485f0&gt;</pre></td>
E                           </tr>
E                         
E                       </tbody>
E                     </table>
E                     </details>
E                   
E                 </li>
E               
E                 
E                   <li class="cause"><h3>
E                   
E                     The above exception (FOREIGN KEY constraint failed) was the direct cause of the following exception:
E                   
E                 </h3></li>
E                 
E                 <li class="frame django">
E                   
E                     <code class="fname">/Users/mohamedbechirdiarra/Downloads/prototypeGamma/Backend/venv/lib/python3.13/site-packages/django/core/handlers/exception.py</code>, line 42, in inner
E                   
E         
E                   
E                     <div class="context" id="c4436897088">
E                       
E                         <ol start="35" class="pre-context" id="pre4436897088">
E                         
E                           <li onclick="toggle('pre4436897088', 'post4436897088')"><pre>    can rely on getting a response instead of an exception.</pre></li>
E                         
E                           <li onclick="toggle('pre4436897088', 'post4436897088')"><pre>    &quot;&quot;&quot;</pre></li>
E                         
E                           <li onclick="toggle('pre4436897088', 'post4436897088')"><pre>    if iscoroutinefunction(get_response):</pre></li>
E                         
E                           <li onclick="toggle('pre4436897088', 'post4436897088')"><pre></pre></li>
E                         
E                           <li onclick="toggle('pre4436897088', 'post4436897088')"><pre>        @wraps(get_response)</pre></li>
E                         
E                           <li onclick="toggle('pre4436897088', 'post4436897088')"><pre>        async def inner(request):</pre></li>
E                         
E                           <li onclick="toggle('pre4436897088', 'post4436897088')"><pre>            try:</pre></li>
E                         
E                         </ol>
E                       
E                       <ol start="42" class="context-line">
E                         <li onclick="toggle('pre4436897088', 'post4436897088')"><pre>                response = await get_response(request)
E                                        ^^^^^^^^^^^^^^^^^^^^^^^^^^^</pre> <span>…</span></li>
E                       </ol>
E                       
E                         <ol start='43' class="post-context" id="post4436897088">
E                           
E                           <li onclick="toggle('pre4436897088', 'post4436897088')"><pre>            except Exception as exc:</pre></li>
E                           
E                           <li onclick="toggle('pre4436897088', 'post4436897088')"><pre>                response = await sync_to_async(</pre></li>
E                           
E                           <li onclick="toggle('pre4436897088', 'post4436897088')"><pre>                    response_for_exception, thread_sensitive=False</pre></li>
E                           
E                           <li onclick="toggle('pre4436897088', 'post4436897088')"><pre>                )(request, exc)</pre></li>
E                           
E                           <li onclick="toggle('pre4436897088', 'post4436897088')"><pre>            return response</pre></li>
E                           
E                           <li onclick="toggle('pre4436897088', 'post4436897088')"><pre></pre></li>
E                           
E                       </ol>
E                       
E                     </div>
E                   
E         
E                   
E                     
E                       <details>
E                         <summary class="commands">Local vars</summary>
E                     
E                     <table class="vars" id="v4436897088">
E                       <thead>
E                         <tr>
E                           <th scope="col">Variable</th>
E                           <th scope="col">Value</th>
E                         </tr>
E                       </thead>
E                       <tbody>
E                         
E                           <tr>
E                             <td>exc</td>
E                             <td class="code"><pre>IntegrityError(&#x27;FOREIGN KEY constraint failed&#x27;)</pre></td>
E                           </tr>
E                         
E                           <tr>
E                             <td>get_response</td>
E                             <td class="code"><pre>&lt;bound method BaseHandler._get_response_async of &lt;django.core.handlers.asgi.ASGIHandler object at 0x107235940&gt;&gt;</pre></td>
E                           </tr>
E                         
E                           <tr>
E                             <td>request</td>
E                             <td class="code"><pre>&lt;ASGIRequest: POST &#x27;/users/register/&#x27;&gt;</pre></td>
E                           </tr>
E                         
E                       </tbody>
E                     </table>
E                     </details>
E                   
E                 </li>
E               
E                 
E                 <li class="frame django">
E                   
E                     <code class="fname">/Users/mohamedbechirdiarra/Downloads/prototypeGamma/Backend/venv/lib/python3.13/site-packages/django/core/handlers/base.py</code>, line 253, in _get_response_async
E                   
E         
E                   
E                     <div class="context" id="c4436594304">
E                       
E                         <ol start="246" class="pre-context" id="pre4436594304">
E                         
E                           <li onclick="toggle('pre4436594304', 'post4436594304')"><pre>            wrapped_callback = self.make_view_atomic(callback)</pre></li>
E                         
E                           <li onclick="toggle('pre4436594304', 'post4436594304')"><pre>            # If it is a synchronous view, run it in a subthread</pre></li>
E                         
E                           <li onclick="toggle('pre4436594304', 'post4436594304')"><pre>            if not iscoroutinefunction(wrapped_callback):</pre></li>
E                         
E                           <li onclick="toggle('pre4436594304', 'post4436594304')"><pre>                wrapped_callback = sync_to_async(</pre></li>
E                         
E                           <li onclick="toggle('pre4436594304', 'post4436594304')"><pre>                    wrapped_callback, thread_sensitive=True</pre></li>
E                         
E                           <li onclick="toggle('pre4436594304', 'post4436594304')"><pre>                )</pre></li>
E                         
E                           <li onclick="toggle('pre4436594304', 'post4436594304')"><pre>            try:</pre></li>
E                         
E                         </ol>
E                       
E                       <ol start="253" class="context-line">
E                         <li onclick="toggle('pre4436594304', 'post4436594304')"><pre>                response = await wrapped_callback(
E                                         </pre> <span>…</span></li>
E                       </ol>
E                       
E                         <ol start='254' class="post-context" id="post4436594304">
E                           
E                           <li onclick="toggle('pre4436594304', 'post4436594304')"><pre>                    request, *callback_args, **callback_kwargs</pre></li>
E                           
E                           <li onclick="toggle('pre4436594304', 'post4436594304')"><pre>                )</pre></li>
E                           
E                           <li onclick="toggle('pre4436594304', 'post4436594304')"><pre>            except Exception as e:</pre></li>
E                           
E                           <li onclick="toggle('pre4436594304', 'post4436594304')"><pre>                response = await sync_to_async(</pre></li>
E                           
E                           <li onclick="toggle('pre4436594304', 'post4436594304')"><pre>                    self.process_exception_by_middleware,</pre></li>
E                           
E                           <li onclick="toggle('pre4436594304', 'post4436594304')"><pre>                    thread_sensitive=True,</pre></li>
E                           
E                       </ol>
E                       
E                     </div>
E                   
E         
E                   
E                     
E                       <details>
E                         <summary class="commands">Local vars</summary>
E                     
E                     <table class="vars" id="v4436594304">
E                       <thead>
E                         <tr>
E                           <th scope="col">Variable</th>
E                           <th scope="col">Value</th>
E                         </tr>
E                       </thead>
E                       <tbody>
E                         
E                           <tr>
E                             <td>callback</td>
E                             <td class="code"><pre>&lt;function UserViewSet at 0x107747b00&gt;</pre></td>
E                           </tr>
E                         
E                           <tr>
E                             <td>callback_args</td>
E                             <td class="code"><pre>()</pre></td>
E                           </tr>
E                         
E                           <tr>
E                             <td>callback_kwargs</td>
E                             <td class="code"><pre>{}</pre></td>
E                           </tr>
E                         
E                           <tr>
E                             <td>middleware_method</td>
E                             <td class="code"><pre>&lt;asgiref.sync.SyncToAsync object at 0x10727f8c0&gt;</pre></td>
E                           </tr>
E                         
E                           <tr>
E                             <td>request</td>
E                             <td class="code"><pre>&lt;ASGIRequest: POST &#x27;/users/register/&#x27;&gt;</pre></td>
E                           </tr>
E                         
E                           <tr>
E                             <td>response</td>
E                             <td class="code"><pre>None</pre></td>
E                           </tr>
E                         
E                           <tr>
E                             <td>self</td>
E                             <td class="code"><pre>&lt;django.core.handlers.asgi.ASGIHandler object at 0x107235940&gt;</pre></td>
E                           </tr>
E                         
E                           <tr>
E                             <td>wrapped_callback</td>
E                             <td class="code"><pre>&lt;asgiref.sync.SyncToAsync object at 0x10847eb70&gt;</pre></td>
E                           </tr>
E                         
E                       </tbody>
E                     </table>
E                     </details>
E                   
E                 </li>
E               
E                 
E                 <li class="frame django">
E                   
E                     <code class="fname">/Users/mohamedbechirdiarra/Downloads/prototypeGamma/Backend/venv/lib/python3.13/site-packages/django/views/decorators/csrf.py</code>, line 65, in _view_wrapper
E                   
E         
E                   
E                     <div class="context" id="c4436896320">
E                       
E                         <ol start="58" class="pre-context" id="pre4436896320">
E                         
E                           <li onclick="toggle('pre4436896320', 'post4436896320')"><pre></pre></li>
E                         
E                           <li onclick="toggle('pre4436896320', 'post4436896320')"><pre>        async def _view_wrapper(request, *args, **kwargs):</pre></li>
E                         
E                           <li onclick="toggle('pre4436896320', 'post4436896320')"><pre>            return await view_func(request, *args, **kwargs)</pre></li>
E                         
E                           <li onclick="toggle('pre4436896320', 'post4436896320')"><pre></pre></li>
E                         
E                           <li onclick="toggle('pre4436896320', 'post4436896320')"><pre>    else:</pre></li>
E                         
E                           <li onclick="toggle('pre4436896320', 'post4436896320')"><pre></pre></li>
E                         
E                           <li onclick="toggle('pre4436896320', 'post4436896320')"><pre>        def _view_wrapper(request, *args, **kwargs):</pre></li>
E                         
E                         </ol>
E                       
E                       <ol start="65" class="context-line">
E                         <li onclick="toggle('pre4436896320', 'post4436896320')"><pre>            return view_func(request, *args, **kwargs)
E                                ^^^^^^^^^^^^^^^^^^^^^^^^^^^^^^^^^^^</pre> <span>…</span></li>
E                       </ol>
E                       
E                         <ol start='66' class="post-context" id="post4436896320">
E                           
E                           <li onclick="toggle('pre4436896320', 'post4436896320')"><pre></pre></li>
E                           
E                           <li onclick="toggle('pre4436896320', 'post4436896320')"><pre>    _view_wrapper.csrf_exempt = True</pre></li>
E                           
E                           <li onclick="toggle('pre4436896320', 'post4436896320')"><pre></pre></li>
E                           
E                           <li onclick="toggle('pre4436896320', 'post4436896320')"><pre>    return wraps(view_func)(_view_wrapper)</pre></li>
E                           
E                       </ol>
E                       
E                     </div>
E                   
E         
E                   
E                     
E                       <details>
E                         <summary class="commands">Local vars</summary>
E                     
E                     <table class="vars" id="v4436896320">
E                       <thead>
E                         <tr>
E                           <th scope="col">Variable</th>
E                           <th scope="col">Value</th>
E                         </tr>
E                       </thead>
E                       <tbody>
E                         
E                           <tr>
E                             <td>args</td>
E                             <td class="code"><pre>()</pre></td>
E                           </tr>
E                         
E                           <tr>
E                             <td>kwargs</td>
E                             <td class="code"><pre>{}</pre></td>
E                           </tr>
E                         
E                           <tr>
E                             <td>request</td>
E                             <td class="code"><pre>&lt;ASGIRequest: POST &#x27;/users/register/&#x27;&gt;</pre></td>
E                           </tr>
E                         
E                           <tr>
E                             <td>view_func</td>
E                             <td class="code"><pre>&lt;function UserViewSet at 0x107747a60&gt;</pre></td>
E                           </tr>
E                         
E                       </tbody>
E                     </table>
E                     </details>
E                   
E                 </li>
E               
E                 
E                 <li class="frame user">
E                   
E                     <code class="fname">/Users/mohamedbechirdiarra/Downloads/prototypeGamma/Backend/venv/lib/python3.13/site-packages/rest_framework/viewsets.py</code>, line 125, in view
E                   
E         
E                   
E                     <div class="context" id="c4438428480">
E                       
E                         <ol start="118" class="pre-context" id="pre4438428480">
E                         
E                           <li onclick="toggle('pre4438428480', 'post4438428480')"><pre>                setattr(self, method, handler)</pre></li>
E                         
E                           <li onclick="toggle('pre4438428480', 'post4438428480')"><pre></pre></li>
E                         
E                           <li onclick="toggle('pre4438428480', 'post4438428480')"><pre>            self.request = request</pre></li>
E                         
E                           <li onclick="toggle('pre4438428480', 'post4438428480')"><pre>            self.args = args</pre></li>
E                         
E                           <li onclick="toggle('pre4438428480', 'post4438428480')"><pre>            self.kwargs = kwargs</pre></li>
E                         
E                           <li onclick="toggle('pre4438428480', 'post4438428480')"><pre></pre></li>
E                         
E                           <li onclick="toggle('pre4438428480', 'post4438428480')"><pre>            # And continue as usual</pre></li>
E                         
E                         </ol>
E                       
E                       <ol start="125" class="context-line">
E                         <li onclick="toggle('pre4438428480', 'post4438428480')"><pre>            return self.dispatch(request, *args, **kwargs)
E                                 ^^^^^^^^^^^^^^^^^^^^^^^^^^^^^^^^^^^^^^^</pre> <span>…</span></li>
E                       </ol>
E                       
E                         <ol start='126' class="post-context" id="post4438428480">
E                           
E                           <li onclick="toggle('pre4438428480', 'post4438428480')"><pre></pre></li>
E                           
E                           <li onclick="toggle('pre4438428480', 'post4438428480')"><pre>        # take name and docstring from class</pre></li>
E                           
E                           <li onclick="toggle('pre4438428480', 'post4438428480')"><pre>        update_wrapper(view, cls, updated=())</pre></li>
E                           
E                           <li onclick="toggle('pre4438428480', 'post4438428480')"><pre></pre></li>
E                           
E                           <li onclick="toggle('pre4438428480', 'post4438428480')"><pre>        # and possible attributes set by decorators</pre></li>
E                           
E                           <li onclick="toggle('pre4438428480', 'post4438428480')"><pre>        # like csrf_exempt from dispatch</pre></li>
E                           
E                       </ol>
E                       
E                     </div>
E                   
E         
E                   
E                     
E                       <details>
E                         <summary class="commands">Local vars</summary>
E                     
E                     <table class="vars" id="v4438428480">
E                       <thead>
E                         <tr>
E                           <th scope="col">Variable</th>
E                           <th scope="col">Value</th>
E                         </tr>
E                       </thead>
E                       <tbody>
E                         
E                           <tr>
E                             <td>action</td>
E                             <td class="code"><pre>&#x27;register&#x27;</pre></td>
E                           </tr>
E                         
E                           <tr>
E                             <td>actions</td>
E                             <td class="code"><pre>{&#x27;post&#x27;: &#x27;register&#x27;}</pre></td>
E                           </tr>
E                         
E                           <tr>
E                             <td>args</td>
E                             <td class="code"><pre>()</pre></td>
E                           </tr>
E                         
E                           <tr>
E                             <td>cls</td>
E                             <td class="code"><pre>&lt;class &#x27;users.views.UserViewSet&#x27;&gt;</pre></td>
E                           </tr>
E                         
E                           <tr>
E                             <td>handler</td>
E                             <td class="code"><pre>&lt;bound method UserViewSet.register of &lt;users.views.UserViewSet object at 0x108826410&gt;&gt;</pre></td>
E                           </tr>
E                         
E                           <tr>
E                             <td>initkwargs</td>
E                             <td class="code"><pre>{}</pre></td>
E                           </tr>
E                         
E                           <tr>
E                             <td>kwargs</td>
E                             <td class="code"><pre>{}</pre></td>
E                           </tr>
E                         
E                           <tr>
E                             <td>method</td>
E                             <td class="code"><pre>&#x27;post&#x27;</pre></td>
E                           </tr>
E                         
E                           <tr>
E                             <td>request</td>
E                             <td class="code"><pre>&lt;ASGIRequest: POST &#x27;/users/register/&#x27;&gt;</pre></td>
E                           </tr>
E                         
E                           <tr>
E                             <td>self</td>
E                             <td class="code"><pre>&lt;users.views.UserViewSet object at 0x108826410&gt;</pre></td>
E                           </tr>
E                         
E                       </tbody>
E                     </table>
E                     </details>
E                   
E                 </li>
E               
E                 
E                 <li class="frame user">
E                   
E                     <code class="fname">/Users/mohamedbechirdiarra/Downloads/prototypeGamma/Backend/users/views.py</code>, line 641, in dispatch
E                   
E         
E                   
E                     <div class="context" id="c4436725120">
E                       
E                         <ol start="634" class="pre-context" id="pre4436725120">
E                         
E                           <li onclick="toggle('pre4436725120', 'post4436725120')"><pre>            phone = None</pre></li>
E                         
E                           <li onclick="toggle('pre4436725120', 'post4436725120')"><pre>            if hasattr(user, &#x27;client_profile&#x27;):</pre></li>
E                         
E                           <li onclick="toggle('pre4436725120', 'post4436725120')"><pre>                phone = getattr(user.client_profile, &#x27;phone&#x27;, None)</pre></li>
E                         
E                           <li onclick="toggle('pre4436725120', 'post4436725120')"><pre>            elif hasattr(user, &#x27;technician_profile&#x27;):</pre></li>
E                         
E                           <li onclick="toggle('pre4436725120', 'post4436725120')"><pre>                phone = getattr(user.technician_profile, &#x27;phone&#x27;, None)</pre></li>
E                         
E                           <li onclick="toggle('pre4436725120', 'post4436725120')"><pre>            if not phone:</pre></li>
E                         
E                           <li onclick="toggle('pre4436725120', 'post4436725120')"><pre>                return Response({&#x27;error&#x27;: &#x27;Numéro de téléphone obligatoire. Veuillez compléter votre profil.&#x27;}, status=403)</pre></li>
E                         
E                         </ol>
E                       
E                       <ol start="641" class="context-line">
E                         <li onclick="toggle('pre4436725120', 'post4436725120')"><pre>        return super().dispatch(request, *args, **kwargs)
E                             ^^^^^^^^^^^^^^^^^^^^^^^^^^^^^^^^^^^^^^^^^^</pre> <span>…</span></li>
E                       </ol>
E                       
E                         <ol start='642' class="post-context" id="post4436725120">
E                           
E                           <li onclick="toggle('pre4436725120', 'post4436725120')"><pre></pre></li>
E                           
E                           <li onclick="toggle('pre4436725120', 'post4436725120')"><pre>class SecurityDashboardView(APIView):</pre></li>
E                           
E                           <li onclick="toggle('pre4436725120', 'post4436725120')"><pre>    permission_classes = [IsAdminUser]</pre></li>
E                           
E                           <li onclick="toggle('pre4436725120', 'post4436725120')"><pre></pre></li>
E                           
E                           <li onclick="toggle('pre4436725120', 'post4436725120')"><pre>    def get(self, request):</pre></li>
E                           
E                           <li onclick="toggle('pre4436725120', 'post4436725120')"><pre>        now = timezone.now()</pre></li>
E                           
E                       </ol>
E                       
E                     </div>
E                   
E         
E                   
E                     
E                       <details>
E                         <summary class="commands">Local vars</summary>
E                     
E                     <table class="vars" id="v4436725120">
E                       <thead>
E                         <tr>
E                           <th scope="col">Variable</th>
E                           <th scope="col">Value</th>
E                         </tr>
E                       </thead>
E                       <tbody>
E                         
E                           <tr>
E                             <td>__class__</td>
E                             <td class="code"><pre>&lt;class &#x27;users.views.UserViewSet&#x27;&gt;</pre></td>
E                           </tr>
E                         
E                           <tr>
E                             <td>action</td>
E                             <td class="code"><pre>None</pre></td>
E                           </tr>
E                         
E                           <tr>
E                             <td>args</td>
E                             <td class="code"><pre>()</pre></td>
E                           </tr>
E                         
E                           <tr>
E                             <td>exempt_actions</td>
E                             <td class="code"><pre>[&#x27;register&#x27;, &#x27;login&#x27;, &#x27;refresh_token&#x27;, &#x27;update_profile&#x27;, &#x27;me&#x27;]</pre></td>
E                           </tr>
E                         
E                           <tr>
E                             <td>kwargs</td>
E                             <td class="code"><pre>{}</pre></td>
E                           </tr>
E                         
E                           <tr>
E                             <td>request</td>
E                             <td class="code"><pre>&lt;ASGIRequest: POST &#x27;/users/register/&#x27;&gt;</pre></td>
E                           </tr>
E                         
E                           <tr>
E                             <td>self</td>
E                             <td class="code"><pre>&lt;users.views.UserViewSet object at 0x108826410&gt;</pre></td>
E                           </tr>
E                         
E                       </tbody>
E                     </table>
E                     </details>
E                   
E                 </li>
E               
E                 
E                 <li class="frame user">
E                   
E                     <code class="fname">/Users/mohamedbechirdiarra/Downloads/prototypeGamma/Backend/venv/lib/python3.13/site-packages/rest_framework/views.py</code>, line 515, in dispatch
E                   
E         
E                   
E                     <div class="context" id="c4436891776">
E                       
E                         <ol start="508" class="pre-context" id="pre4436891776">
E                         
E                           <li onclick="toggle('pre4436891776', 'post4436891776')"><pre>                                  self.http_method_not_allowed)</pre></li>
E                         
E                           <li onclick="toggle('pre4436891776', 'post4436891776')"><pre>            else:</pre></li>
E                         
E                           <li onclick="toggle('pre4436891776', 'post4436891776')"><pre>                handler = self.http_method_not_allowed</pre></li>
E                         
E                           <li onclick="toggle('pre4436891776', 'post4436891776')"><pre></pre></li>
E                         
E                           <li onclick="toggle('pre4436891776', 'post4436891776')"><pre>            response = handler(request, *args, **kwargs)</pre></li>
E                         
E                           <li onclick="toggle('pre4436891776', 'post4436891776')"><pre></pre></li>
E                         
E                           <li onclick="toggle('pre4436891776', 'post4436891776')"><pre>        except Exception as exc:</pre></li>
E                         
E                         </ol>
E                       
E                       <ol start="515" class="context-line">
E                         <li onclick="toggle('pre4436891776', 'post4436891776')"><pre>            response = self.handle_exception(exc)
E                                     ^^^^^^^^^^^^^^^^^^^^^^^^^^</pre> <span>…</span></li>
E                       </ol>
E                       
E                         <ol start='516' class="post-context" id="post4436891776">
E                           
E                           <li onclick="toggle('pre4436891776', 'post4436891776')"><pre></pre></li>
E                           
E                           <li onclick="toggle('pre4436891776', 'post4436891776')"><pre>        self.response = self.finalize_response(request, response, *args, **kwargs)</pre></li>
E                           
E                           <li onclick="toggle('pre4436891776', 'post4436891776')"><pre>        return self.response</pre></li>
E                           
E                           <li onclick="toggle('pre4436891776', 'post4436891776')"><pre></pre></li>
E                           
E                           <li onclick="toggle('pre4436891776', 'post4436891776')"><pre>    def options(self, request, *args, **kwargs):</pre></li>
E                           
E                           <li onclick="toggle('pre4436891776', 'post4436891776')"><pre>        &quot;&quot;&quot;</pre></li>
E                           
E                       </ol>
E                       
E                     </div>
E                   
E         
E                   
E                     
E                       <details>
E                         <summary class="commands">Local vars</summary>
E                     
E                     <table class="vars" id="v4436891776">
E                       <thead>
E                         <tr>
E                           <th scope="col">Variable</th>
E                           <th scope="col">Value</th>
E                         </tr>
E                       </thead>
E                       <tbody>
E                         
E                           <tr>
E                             <td>args</td>
E                             <td class="code"><pre>()</pre></td>
E                           </tr>
E                         
E                           <tr>
E                             <td>handler</td>
E                             <td class="code"><pre>&lt;bound method UserViewSet.register of &lt;users.views.UserViewSet object at 0x108826410&gt;&gt;</pre></td>
E                           </tr>
E                         
E                           <tr>
E                             <td>kwargs</td>
E                             <td class="code"><pre>{}</pre></td>
E                           </tr>
E                         
E                           <tr>
E                             <td>request</td>
E                             <td class="code"><pre>&lt;rest_framework.request.Request: POST &#x27;/users/register/&#x27;&gt;</pre></td>
E                           </tr>
E                         
E                           <tr>
E                             <td>self</td>
E                             <td class="code"><pre>&lt;users.views.UserViewSet object at 0x108826410&gt;</pre></td>
E                           </tr>
E                         
E                       </tbody>
E                     </table>
E                     </details>
E                   
E                 </li>
E               
E                 
E                 <li class="frame user">
E                   
E                     <code class="fname">/Users/mohamedbechirdiarra/Downloads/prototypeGamma/Backend/venv/lib/python3.13/site-packages/rest_framework/views.py</code>, line 475, in handle_exception
E                   
E         
E                   
E                     <div class="context" id="c4436886784">
E                       
E                         <ol start="468" class="pre-context" id="pre4436886784">
E                         
E                           <li onclick="toggle('pre4436886784', 'post4436886784')"><pre></pre></li>
E                         
E                           <li onclick="toggle('pre4436886784', 'post4436886784')"><pre>        exception_handler = self.get_exception_handler()</pre></li>
E                         
E                           <li onclick="toggle('pre4436886784', 'post4436886784')"><pre></pre></li>
E                         
E                           <li onclick="toggle('pre4436886784', 'post4436886784')"><pre>        context = self.get_exception_handler_context()</pre></li>
E                         
E                           <li onclick="toggle('pre4436886784', 'post4436886784')"><pre>        response = exception_handler(exc, context)</pre></li>
E                         
E                           <li onclick="toggle('pre4436886784', 'post4436886784')"><pre></pre></li>
E                         
E                           <li onclick="toggle('pre4436886784', 'post4436886784')"><pre>        if response is None:</pre></li>
E                         
E                         </ol>
E                       
E                       <ol start="475" class="context-line">
E                         <li onclick="toggle('pre4436886784', 'post4436886784')"><pre>            self.raise_uncaught_exception(exc)
E                          ^^^^^^^^^^^^^^^^^^^^^^^^^^^^^^^^^^</pre> <span>…</span></li>
E                       </ol>
E                       
E                         <ol start='476' class="post-context" id="post4436886784">
E                           
E                           <li onclick="toggle('pre4436886784', 'post4436886784')"><pre></pre></li>
E                           
E                           <li onclick="toggle('pre4436886784', 'post4436886784')"><pre>        response.exception = True</pre></li>
E                           
E                           <li onclick="toggle('pre4436886784', 'post4436886784')"><pre>        return response</pre></li>
E                           
E                           <li onclick="toggle('pre4436886784', 'post4436886784')"><pre></pre></li>
E                           
E                           <li onclick="toggle('pre4436886784', 'post4436886784')"><pre>    def raise_uncaught_exception(self, exc):</pre></li>
E                           
E                           <li onclick="toggle('pre4436886784', 'post4436886784')"><pre>        if settings.DEBUG:</pre></li>
E                           
E                       </ol>
E                       
E                     </div>
E                   
E         
E                   
E                     
E                       <details>
E                         <summary class="commands">Local vars</summary>
E                     
E                     <table class="vars" id="v4436886784">
E                       <thead>
E                         <tr>
E                           <th scope="col">Variable</th>
E                           <th scope="col">Value</th>
E                         </tr>
E                       </thead>
E                       <tbody>
E                         
E                           <tr>
E                             <td>context</td>
E                             <td class="code"><pre>{&#x27;args&#x27;: (),
E          &#x27;kwargs&#x27;: {},
E          &#x27;request&#x27;: &lt;rest_framework.request.Request: POST &#x27;/users/register/&#x27;&gt;,
E          &#x27;view&#x27;: &lt;users.views.UserViewSet object at 0x108826410&gt;}</pre></td>
E                           </tr>
E                         
E                           <tr>
E                             <td>exc</td>
E                             <td class="code"><pre>IntegrityError(&#x27;FOREIGN KEY constraint failed&#x27;)</pre></td>
E                           </tr>
E                         
E                           <tr>
E                             <td>exception_handler</td>
E                             <td class="code"><pre>&lt;function exception_handler at 0x10770f100&gt;</pre></td>
E                           </tr>
E                         
E                           <tr>
E                             <td>response</td>
E                             <td class="code"><pre>None</pre></td>
E                           </tr>
E                         
E                           <tr>
E                             <td>self</td>
E                             <td class="code"><pre>&lt;users.views.UserViewSet object at 0x108826410&gt;</pre></td>
E                           </tr>
E                         
E                       </tbody>
E                     </table>
E                     </details>
E                   
E                 </li>
E               
E                 
E                 <li class="frame user">
E                   
E                     <code class="fname">/Users/mohamedbechirdiarra/Downloads/prototypeGamma/Backend/venv/lib/python3.13/site-packages/rest_framework/views.py</code>, line 486, in raise_uncaught_exception
E                   
E         
E                   
E                     <div class="context" id="c4436889920">
E                       
E                         <ol start="479" class="pre-context" id="pre4436889920">
E                         
E                           <li onclick="toggle('pre4436889920', 'post4436889920')"><pre></pre></li>
E                         
E                           <li onclick="toggle('pre4436889920', 'post4436889920')"><pre>    def raise_uncaught_exception(self, exc):</pre></li>
E                         
E                           <li onclick="toggle('pre4436889920', 'post4436889920')"><pre>        if settings.DEBUG:</pre></li>
E                         
E                           <li onclick="toggle('pre4436889920', 'post4436889920')"><pre>            request = self.request</pre></li>
E                         
E                           <li onclick="toggle('pre4436889920', 'post4436889920')"><pre>            renderer_format = getattr(request.accepted_renderer, &#x27;format&#x27;)</pre></li>
E                         
E                           <li onclick="toggle('pre4436889920', 'post4436889920')"><pre>            use_plaintext_traceback = renderer_format not in (&#x27;html&#x27;, &#x27;api&#x27;, &#x27;admin&#x27;)</pre></li>
E                         
E                           <li onclick="toggle('pre4436889920', 'post4436889920')"><pre>            request.force_plaintext_errors(use_plaintext_traceback)</pre></li>
E                         
E                         </ol>
E                       
E                       <ol start="486" class="context-line">
E                         <li onclick="toggle('pre4436889920', 'post4436889920')"><pre>        raise exc
E                      ^^^^^^^^^</pre> <span>…</span></li>
E                       </ol>
E                       
E                         <ol start='487' class="post-context" id="post4436889920">
E                           
E                           <li onclick="toggle('pre4436889920', 'post4436889920')"><pre></pre></li>
E                           
E                           <li onclick="toggle('pre4436889920', 'post4436889920')"><pre>    # Note: Views are made CSRF exempt from within `as_view` as to prevent</pre></li>
E                           
E                           <li onclick="toggle('pre4436889920', 'post4436889920')"><pre>    # accidental removal of this exemption in cases where `dispatch` needs to</pre></li>
E                           
E                           <li onclick="toggle('pre4436889920', 'post4436889920')"><pre>    # be overridden.</pre></li>
E                           
E                           <li onclick="toggle('pre4436889920', 'post4436889920')"><pre>    def dispatch(self, request, *args, **kwargs):</pre></li>
E                           
E                           <li onclick="toggle('pre4436889920', 'post4436889920')"><pre>        &quot;&quot;&quot;</pre></li>
E                           
E                       </ol>
E                       
E                     </div>
E                   
E         
E                   
E                     
E                       <details>
E                         <summary class="commands">Local vars</summary>
E                     
E                     <table class="vars" id="v4436889920">
E                       <thead>
E                         <tr>
E                           <th scope="col">Variable</th>
E                           <th scope="col">Value</th>
E                         </tr>
E                       </thead>
E                       <tbody>
E                         
E                           <tr>
E                             <td>exc</td>
E                             <td class="code"><pre>IntegrityError(&#x27;FOREIGN KEY constraint failed&#x27;)</pre></td>
E                           </tr>
E                         
E                           <tr>
E                             <td>renderer_format</td>
E                             <td class="code"><pre>&#x27;json&#x27;</pre></td>
E                           </tr>
E                         
E                           <tr>
E                             <td>request</td>
E                             <td class="code"><pre>&lt;rest_framework.request.Request: POST &#x27;/users/register/&#x27;&gt;</pre></td>
E                           </tr>
E                         
E                           <tr>
E                             <td>self</td>
E                             <td class="code"><pre>&lt;users.views.UserViewSet object at 0x108826410&gt;</pre></td>
E                           </tr>
E                         
E                           <tr>
E                             <td>use_plaintext_traceback</td>
E                             <td class="code"><pre>True</pre></td>
E                           </tr>
E                         
E                       </tbody>
E                     </table>
E                     </details>
E                   
E                 </li>
E               
E                 
E                 <li class="frame user">
E                   
E                     <code class="fname">/Users/mohamedbechirdiarra/Downloads/prototypeGamma/Backend/venv/lib/python3.13/site-packages/rest_framework/views.py</code>, line 512, in dispatch
E                   
E         
E                   
E                     <div class="context" id="c4436889536">
E                       
E                         <ol start="505" class="pre-context" id="pre4436889536">
E                         
E                           <li onclick="toggle('pre4436889536', 'post4436889536')"><pre>            # Get the appropriate handler method</pre></li>
E                         
E                           <li onclick="toggle('pre4436889536', 'post4436889536')"><pre>            if request.method.lower() in self.http_method_names:</pre></li>
E                         
E                           <li onclick="toggle('pre4436889536', 'post4436889536')"><pre>                handler = getattr(self, request.method.lower(),</pre></li>
E                         
E                           <li onclick="toggle('pre4436889536', 'post4436889536')"><pre>                                  self.http_method_not_allowed)</pre></li>
E                         
E                           <li onclick="toggle('pre4436889536', 'post4436889536')"><pre>            else:</pre></li>
E                         
E                           <li onclick="toggle('pre4436889536', 'post4436889536')"><pre>                handler = self.http_method_not_allowed</pre></li>
E                         
E                           <li onclick="toggle('pre4436889536', 'post4436889536')"><pre></pre></li>
E                         
E                         </ol>
E                       
E                       <ol start="512" class="context-line">
E                         <li onclick="toggle('pre4436889536', 'post4436889536')"><pre>            response = handler(request, *args, **kwargs)
E                                     ^^^^^^^^^^^^^^^^^^^^^^^^^^^^^^^^^</pre> <span>…</span></li>
E                       </ol>
E                       
E                         <ol start='513' class="post-context" id="post4436889536">
E                           
E                           <li onclick="toggle('pre4436889536', 'post4436889536')"><pre></pre></li>
E                           
E                           <li onclick="toggle('pre4436889536', 'post4436889536')"><pre>        except Exception as exc:</pre></li>
E                           
E                           <li onclick="toggle('pre4436889536', 'post4436889536')"><pre>            response = self.handle_exception(exc)</pre></li>
E                           
E                           <li onclick="toggle('pre4436889536', 'post4436889536')"><pre></pre></li>
E                           
E                           <li onclick="toggle('pre4436889536', 'post4436889536')"><pre>        self.response = self.finalize_response(request, response, *args, **kwargs)</pre></li>
E                           
E                           <li onclick="toggle('pre4436889536', 'post4436889536')"><pre>        return self.response</pre></li>
E                           
E                       </ol>
E                       
E                     </div>
E                   
E         
E                   
E                     
E                       <details>
E                         <summary class="commands">Local vars</summary>
E                     
E                     <table class="vars" id="v4436889536">
E                       <thead>
E                         <tr>
E                           <th scope="col">Variable</th>
E                           <th scope="col">Value</th>
E                         </tr>
E                       </thead>
E                       <tbody>
E                         
E                           <tr>
E                             <td>args</td>
E                             <td class="code"><pre>()</pre></td>
E                           </tr>
E                         
E                           <tr>
E                             <td>handler</td>
E                             <td class="code"><pre>&lt;bound method UserViewSet.register of &lt;users.views.UserViewSet object at 0x108826410&gt;&gt;</pre></td>
E                           </tr>
E                         
E                           <tr>
E                             <td>kwargs</td>
E                             <td class="code"><pre>{}</pre></td>
E                           </tr>
E                         
E                           <tr>
E                             <td>request</td>
E                             <td class="code"><pre>&lt;rest_framework.request.Request: POST &#x27;/users/register/&#x27;&gt;</pre></td>
E                           </tr>
E                         
E                           <tr>
E                             <td>self</td>
E                             <td class="code"><pre>&lt;users.views.UserViewSet object at 0x108826410&gt;</pre></td>
E                           </tr>
E                         
E                       </tbody>
E                     </table>
E                     </details>
E                   
E                 </li>
E               
E                 
E                 <li class="frame user">
E                   
E                     <code class="fname">/Users/mohamedbechirdiarra/Downloads/prototypeGamma/Backend/users/views.py</code>, line 311, in register
E                   
E         
E                   
E                     <div class="context" id="c4436891392">
E                       
E                         <ol start="304" class="pre-context" id="pre4436891392">
E                         
E                           <li onclick="toggle('pre4436891392', 'post4436891392')"><pre></pre></li>
E                         
E                           <li onclick="toggle('pre4436891392', 'post4436891392')"><pre>    @action(detail=False, methods=[&#x27;post&#x27;], parser_classes=[MultiPartParser, FormParser, JSONParser])</pre></li>
E                         
E                           <li onclick="toggle('pre4436891392', 'post4436891392')"><pre>    def register(self, request):</pre></li>
E                         
E                           <li onclick="toggle('pre4436891392', 'post4436891392')"><pre>        print(&quot;DEBUG FILES:&quot;, request.FILES)</pre></li>
E                         
E                           <li onclick="toggle('pre4436891392', 'post4436891392')"><pre>        print(&quot;DEBUG DATA:&quot;, request.data)</pre></li>
E                         
E                           <li onclick="toggle('pre4436891392', 'post4436891392')"><pre>        serializer = UserRegistrationSerializer(data=request.data, context={&#x27;request&#x27;: request})</pre></li>
E                         
E                           <li onclick="toggle('pre4436891392', 'post4436891392')"><pre>        if serializer.is_valid():</pre></li>
E                         
E                         </ol>
E                       
E                       <ol start="311" class="context-line">
E                         <li onclick="toggle('pre4436891392', 'post4436891392')"><pre>            user = serializer.save()
E                                 ^^^^^^^^^^^^^^^^^</pre> <span>…</span></li>
E                       </ol>
E                       
E                         <ol start='312' class="post-context" id="post4436891392">
E                           
E                           <li onclick="toggle('pre4436891392', 'post4436891392')"><pre>            refresh = RefreshToken.for_user(user)</pre></li>
E                           
E                           <li onclick="toggle('pre4436891392', 'post4436891392')"><pre>            profile = self.get_profile_data(user)</pre></li>
E                           
E                           <li onclick="toggle('pre4436891392', 'post4436891392')"><pre>            return Response({</pre></li>
E                           
E                           <li onclick="toggle('pre4436891392', 'post4436891392')"><pre>                &#x27;user&#x27;: UserSerializer(user).data,</pre></li>
E                           
E                           <li onclick="toggle('pre4436891392', 'post4436891392')"><pre>                &#x27;profile&#x27;: profile,</pre></li>
E                           
E                           <li onclick="toggle('pre4436891392', 'post4436891392')"><pre>                &#x27;refresh&#x27;: str(refresh),</pre></li>
E                           
E                       </ol>
E                       
E                     </div>
E                   
E         
E                   
E                     
E                       <details>
E                         <summary class="commands">Local vars</summary>
E                     
E                     <table class="vars" id="v4436891392">
E                       <thead>
E                         <tr>
E                           <th scope="col">Variable</th>
E                           <th scope="col">Value</th>
E                         </tr>
E                       </thead>
E                       <tbody>
E                         
E                           <tr>
E                             <td>request</td>
E                             <td class="code"><pre>&lt;rest_framework.request.Request: POST &#x27;/users/register/&#x27;&gt;</pre></td>
E                           </tr>
E                         
E                           <tr>
E                             <td>self</td>
E                             <td class="code"><pre>&lt;users.views.UserViewSet object at 0x108826410&gt;</pre></td>
E                           </tr>
E                         
E                           <tr>
E                             <td>serializer</td>
E                             <td class="code"><pre>UserRegistrationSerializer(context={&#x27;request&#x27;: &lt;rest_framework.request.Request: POST &#x27;/users/register/&#x27;&gt;}, data={&#x27;username&#x27;: &#x27;testclient_api_1752493409_lhjd&#x27;, &#x27;email&#x27;: &#x27;testclient_api_1752493409_lhjd@example.com&#x27;, &#x27;password&#x27;: &#x27;bechir66312345&#x27;, &#x27;password2&#x27;: &#x27;bechir66312345&#x27;, &#x27;user_type&#x27;: &#x27;client&#x27;, &#x27;first_name&#x27;: &#x27;Test&#x27;, &#x27;last_name&#x27;: &#x27;API&#x27;, &#x27;phone&#x27;: &#x27;+223 77 88 99 00&#x27;, &#x27;address&#x27;: &#x27;Bamako, ACI 2000&#x27;}):
E             username = CharField(error_messages={&#x27;required&#x27;: &quot;Le nom d&#x27;utilisateur est requis&quot;, &#x27;blank&#x27;: &quot;Le nom d&#x27;utilisateur ne peut pas être vide&quot;}, help_text=&#x27;Required. 150 characters or fewer. Letters, digits and @/./+/-/_ only.&#x27;, max_length=150, required=True, validators=[&lt;django.contrib.auth.validators.UnicodeUsernameValidator object&gt;, &lt;UniqueValidator(queryset=User.objects.all())&gt;])
E             password = CharField(error_messages={&#x27;required&#x27;: &#x27;Le mot de passe est requis&#x27;, &#x27;blank&#x27;: &#x27;Le mot de passe ne peut pas être vide&#x27;}, required=True, validators=[&lt;function validate_password&gt;], write_only=True)
E             password2 = CharField(error_messages={&#x27;required&#x27;: &#x27;La confirmation du mot de passe est requise&#x27;, &#x27;blank&#x27;: &#x27;La confirmation du mot de passe ne peut pas être vide&#x27;}, required=True, write_only=True)
E             email = EmailField(error_messages={&#x27;required&#x27;: &quot;L&#x27;email est requis&quot;, &#x27;blank&#x27;: &quot;L&#x27;email ne peut pas être vide&quot;, &#x27;invalid&#x27;: &#x27;Veuillez entrer une adresse email valide&#x27;}, label=&#x27;Email address&#x27;, max_length=254, required=True, validators=[&lt;UniqueValidator(queryset=User.objects.all())&gt;])
E             user_type = ChoiceField(choices=[(&#x27;technician&#x27;, &#x27;Technicien&#x27;), (&#x27;client&#x27;, &#x27;Client&#x27;), (&#x27;admin&#x27;, &#x27;Administrateur&#x27;)], error_messages={&#x27;required&#x27;: &quot;Le type d&#x27;utilisateur est requis&quot;, &#x27;blank&#x27;: &quot;Le type d&#x27;utilisateur ne peut pas être vide&quot;, &#x27;invalid_choice&#x27;: &quot;Le type d&#x27;utilisateur doit être client ou technicien&quot;}, required=True)
E             address = CharField(allow_blank=True, required=False)
E             first_name = CharField(allow_blank=False, required=True)
E             last_name = CharField(allow_blank=False, required=True)
E             specialty = CharField(allow_blank=True, required=False)
E             years_experience = IntegerField(allow_null=True, required=False)
E             phone = CharField(allow_blank=True, required=False)
E             piece_identite = FileField(required=False, write_only=True)
E             certificat_residence = FileField(required=False, write_only=True)</pre></td>
E                           </tr>
E                         
E                       </tbody>
E                     </table>
E                     </details>
E                   
E                 </li>
E               
E                 
E                 <li class="frame user">
E                   
E                     <code class="fname">/Users/mohamedbechirdiarra/Downloads/prototypeGamma/Backend/venv/lib/python3.13/site-packages/rest_framework/serializers.py</code>, line 210, in save
E                   
E         
E                   
E                     <div class="context" id="c4436892416">
E                       
E                         <ol start="203" class="pre-context" id="pre4436892416">
E                         
E                           <li onclick="toggle('pre4436892416', 'post4436892416')"><pre></pre></li>
E                         
E                           <li onclick="toggle('pre4436892416', 'post4436892416')"><pre>        if self.instance is not None:</pre></li>
E                         
E                           <li onclick="toggle('pre4436892416', 'post4436892416')"><pre>            self.instance = self.update(self.instance, validated_data)</pre></li>
E                         
E                           <li onclick="toggle('pre4436892416', 'post4436892416')"><pre>            assert self.instance is not None, (</pre></li>
E                         
E                           <li onclick="toggle('pre4436892416', 'post4436892416')"><pre>                &#x27;`update()` did not return an object instance.&#x27;</pre></li>
E                         
E                           <li onclick="toggle('pre4436892416', 'post4436892416')"><pre>            )</pre></li>
E                         
E                           <li onclick="toggle('pre4436892416', 'post4436892416')"><pre>        else:</pre></li>
E                         
E                         </ol>
E                       
E                       <ol start="210" class="context-line">
E                         <li onclick="toggle('pre4436892416', 'post4436892416')"><pre>            self.instance = self.create(validated_data)
E                                          ^^^^^^^^^^^^^^^^^^^^^^^^^^^</pre> <span>…</span></li>
E                       </ol>
E                       
E                         <ol start='211' class="post-context" id="post4436892416">
E                           
E                           <li onclick="toggle('pre4436892416', 'post4436892416')"><pre>            assert self.instance is not None, (</pre></li>
E                           
E                           <li onclick="toggle('pre4436892416', 'post4436892416')"><pre>                &#x27;`create()` did not return an object instance.&#x27;</pre></li>
E                           
E                           <li onclick="toggle('pre4436892416', 'post4436892416')"><pre>            )</pre></li>
E                           
E                           <li onclick="toggle('pre4436892416', 'post4436892416')"><pre></pre></li>
E                           
E                           <li onclick="toggle('pre4436892416', 'post4436892416')"><pre>        return self.instance</pre></li>
E                           
E                           <li onclick="toggle('pre4436892416', 'post4436892416')"><pre></pre></li>
E                           
E                       </ol>
E                       
E                     </div>
E                   
E         
E                   
E                     
E                       <details>
E                         <summary class="commands">Local vars</summary>
E                     
E                     <table class="vars" id="v4436892416">
E                       <thead>
E                         <tr>
E                           <th scope="col">Variable</th>
E                           <th scope="col">Value</th>
E                         </tr>
E                       </thead>
E                       <tbody>
E                         
E                           <tr>
E                             <td>kwargs</td>
E                             <td class="code"><pre>{}</pre></td>
E                           </tr>
E                         
E                           <tr>
E                             <td>self</td>
E                             <td class="code"><pre>UserRegistrationSerializer(context={&#x27;request&#x27;: &lt;rest_framework.request.Request: POST &#x27;/users/register/&#x27;&gt;}, data={&#x27;username&#x27;: &#x27;testclient_api_1752493409_lhjd&#x27;, &#x27;email&#x27;: &#x27;testclient_api_1752493409_lhjd@example.com&#x27;, &#x27;password&#x27;: &#x27;bechir66312345&#x27;, &#x27;password2&#x27;: &#x27;bechir66312345&#x27;, &#x27;user_type&#x27;: &#x27;client&#x27;, &#x27;first_name&#x27;: &#x27;Test&#x27;, &#x27;last_name&#x27;: &#x27;API&#x27;, &#x27;phone&#x27;: &#x27;+223 77 88 99 00&#x27;, &#x27;address&#x27;: &#x27;Bamako, ACI 2000&#x27;}):
E             username = CharField(error_messages={&#x27;required&#x27;: &quot;Le nom d&#x27;utilisateur est requis&quot;, &#x27;blank&#x27;: &quot;Le nom d&#x27;utilisateur ne peut pas être vide&quot;}, help_text=&#x27;Required. 150 characters or fewer. Letters, digits and @/./+/-/_ only.&#x27;, max_length=150, required=True, validators=[&lt;django.contrib.auth.validators.UnicodeUsernameValidator object&gt;, &lt;UniqueValidator(queryset=User.objects.all())&gt;])
E             password = CharField(error_messages={&#x27;required&#x27;: &#x27;Le mot de passe est requis&#x27;, &#x27;blank&#x27;: &#x27;Le mot de passe ne peut pas être vide&#x27;}, required=True, validators=[&lt;function validate_password&gt;], write_only=True)
E             password2 = CharField(error_messages={&#x27;required&#x27;: &#x27;La confirmation du mot de passe est requise&#x27;, &#x27;blank&#x27;: &#x27;La confirmation du mot de passe ne peut pas être vide&#x27;}, required=True, write_only=True)
E             email = EmailField(error_messages={&#x27;required&#x27;: &quot;L&#x27;email est requis&quot;, &#x27;blank&#x27;: &quot;L&#x27;email ne peut pas être vide&quot;, &#x27;invalid&#x27;: &#x27;Veuillez entrer une adresse email valide&#x27;}, label=&#x27;Email address&#x27;, max_length=254, required=True, validators=[&lt;UniqueValidator(queryset=User.objects.all())&gt;])
E             user_type = ChoiceField(choices=[(&#x27;technician&#x27;, &#x27;Technicien&#x27;), (&#x27;client&#x27;, &#x27;Client&#x27;), (&#x27;admin&#x27;, &#x27;Administrateur&#x27;)], error_messages={&#x27;required&#x27;: &quot;Le type d&#x27;utilisateur est requis&quot;, &#x27;blank&#x27;: &quot;Le type d&#x27;utilisateur ne peut pas être vide&quot;, &#x27;invalid_choice&#x27;: &quot;Le type d&#x27;utilisateur doit être client ou technicien&quot;}, required=True)
E             address = CharField(allow_blank=True, required=False)
E             first_name = CharField(allow_blank=False, required=True)
E             last_name = CharField(allow_blank=False, required=True)
E             specialty = CharField(allow_blank=True, required=False)
E             years_experience = IntegerField(allow_null=True, required=False)
E             phone = CharField(allow_blank=True, required=False)
E             piece_identite = FileField(required=False, write_only=True)
E             certificat_residence = FileField(required=False, write_only=True)</pre></td>
E                           </tr>
E                         
E                           <tr>
E                             <td>validated_data</td>
E                             <td class="code"><pre>{&#x27;email&#x27;: &#x27;testclient_api_1752493409_lhjd@example.com&#x27;,
E          &#x27;first_name&#x27;: &#x27;Test&#x27;,
E          &#x27;last_name&#x27;: &#x27;API&#x27;,
E          &#x27;user_type&#x27;: &#x27;client&#x27;,
E          &#x27;username&#x27;: &#x27;testclient_api_1752493409_lhjd&#x27;}</pre></td>
E                           </tr>
E                         
E                       </tbody>
E                     </table>
E                     </details>
E                   
E                 </li>
E               
E                 
E                 <li class="frame user">
E                   
E                     <code class="fname">/Users/mohamedbechirdiarra/Downloads/prototypeGamma/Backend/users/serializers.py</code>, line 164, in create
E                   
E         
E                   
E                     <div class="context" id="c4436889600">
E                       
E                         <ol start="157" class="pre-context" id="pre4436889600">
E                         
E                           <li onclick="toggle('pre4436889600', 'post4436889600')"><pre>            group_name = &#x27;Technicien&#x27;</pre></li>
E                         
E                           <li onclick="toggle('pre4436889600', 'post4436889600')"><pre>        if group_name:</pre></li>
E                         
E                           <li onclick="toggle('pre4436889600', 'post4436889600')"><pre>            group, _ = Group.objects.get_or_create(name=group_name)</pre></li>
E                         
E                           <li onclick="toggle('pre4436889600', 'post4436889600')"><pre>            user.groups.add(group)</pre></li>
E                         
E                           <li onclick="toggle('pre4436889600', 'post4436889600')"><pre></pre></li>
E                         
E                           <li onclick="toggle('pre4436889600', 'post4436889600')"><pre>        # Création du profil lié</pre></li>
E                         
E                           <li onclick="toggle('pre4436889600', 'post4436889600')"><pre>        if user_type == &#x27;client&#x27;:</pre></li>
E                         
E                         </ol>
E                       
E                       <ol start="164" class="context-line">
E                         <li onclick="toggle('pre4436889600', 'post4436889600')"><pre>            Client.objects.create(user=user, address=address, phone=phone)
E                          ^^^^^^^^^^^^^^^^^^^^^^^^^^^^^^^^^^^^^^^^^^^^^^^^^^^^^^^^^^^^^^</pre> <span>…</span></li>
E                       </ol>
E                       
E                         <ol start='165' class="post-context" id="post4436889600">
E                           
E                           <li onclick="toggle('pre4436889600', 'post4436889600')"><pre>        elif user_type == &#x27;technician&#x27;:</pre></li>
E                           
E                           <li onclick="toggle('pre4436889600', 'post4436889600')"><pre>            from .models import TechnicianProfile, PieceJointe</pre></li>
E                           
E                           <li onclick="toggle('pre4436889600', 'post4436889600')"><pre>            from depannage.models import Technician as DepannageTechnician</pre></li>
E                           
E                           <li onclick="toggle('pre4436889600', 'post4436889600')"><pre>            # 1. Profil technicien dédié</pre></li>
E                           
E                           <li onclick="toggle('pre4436889600', 'post4436889600')"><pre>            TechnicianProfile.objects.create(</pre></li>
E                           
E                           <li onclick="toggle('pre4436889600', 'post4436889600')"><pre>                user=user,</pre></li>
E                           
E                       </ol>
E                       
E                     </div>
E                   
E         
E                   
E                     
E                       <details>
E                         <summary class="commands">Local vars</summary>
E                     
E                     <table class="vars" id="v4436889600">
E                       <thead>
E                         <tr>
E                           <th scope="col">Variable</th>
E                           <th scope="col">Value</th>
E                         </tr>
E                       </thead>
E                       <tbody>
E                         
E                           <tr>
E                             <td>Group</td>
E                             <td class="code"><pre>&lt;class &#x27;django.contrib.auth.models.Group&#x27;&gt;</pre></td>
E                           </tr>
E                         
E                           <tr>
E                             <td>_</td>
E                             <td class="code"><pre>False</pre></td>
E                           </tr>
E                         
E                           <tr>
E                             <td>address</td>
E                             <td class="code"><pre>&#x27;Bamako, ACI 2000&#x27;</pre></td>
E                           </tr>
E                         
E                           <tr>
E                             <td>certificat_residence</td>
E                             <td class="code"><pre>None</pre></td>
E                           </tr>
E                         
E                           <tr>
E                             <td>group</td>
E                             <td class="code"><pre>&lt;Group: Client&gt;</pre></td>
E                           </tr>
E                         
E                           <tr>
E                             <td>group_name</td>
E                             <td class="code"><pre>&#x27;Client&#x27;</pre></td>
E                           </tr>
E                         
E                           <tr>
E                             <td>password</td>
E                             <td class="code"><pre>&#x27;bechir66312345&#x27;</pre></td>
E                           </tr>
E                         
E                           <tr>
E                             <td>phone</td>
E                             <td class="code"><pre>&#x27;+223 77 88 99 00&#x27;</pre></td>
E                           </tr>
E                         
E                           <tr>
E                             <td>piece_identite</td>
E                             <td class="code"><pre>None</pre></td>
E                           </tr>
E                         
E                           <tr>
E                             <td>self</td>
E                             <td class="code"><pre>UserRegistrationSerializer(context={&#x27;request&#x27;: &lt;rest_framework.request.Request: POST &#x27;/users/register/&#x27;&gt;}, data={&#x27;username&#x27;: &#x27;testclient_api_1752493409_lhjd&#x27;, &#x27;email&#x27;: &#x27;testclient_api_1752493409_lhjd@example.com&#x27;, &#x27;password&#x27;: &#x27;bechir66312345&#x27;, &#x27;password2&#x27;: &#x27;bechir66312345&#x27;, &#x27;user_type&#x27;: &#x27;client&#x27;, &#x27;first_name&#x27;: &#x27;Test&#x27;, &#x27;last_name&#x27;: &#x27;API&#x27;, &#x27;phone&#x27;: &#x27;+223 77 88 99 00&#x27;, &#x27;address&#x27;: &#x27;Bamako, ACI 2000&#x27;}):
E             username = CharField(error_messages={&#x27;required&#x27;: &quot;Le nom d&#x27;utilisateur est requis&quot;, &#x27;blank&#x27;: &quot;Le nom d&#x27;utilisateur ne peut pas être vide&quot;}, help_text=&#x27;Required. 150 characters or fewer. Letters, digits and @/./+/-/_ only.&#x27;, max_length=150, required=True, validators=[&lt;django.contrib.auth.validators.UnicodeUsernameValidator object&gt;, &lt;UniqueValidator(queryset=User.objects.all())&gt;])
E             password = CharField(error_messages={&#x27;required&#x27;: &#x27;Le mot de passe est requis&#x27;, &#x27;blank&#x27;: &#x27;Le mot de passe ne peut pas être vide&#x27;}, required=True, validators=[&lt;function validate_password&gt;], write_only=True)
E             password2 = CharField(error_messages={&#x27;required&#x27;: &#x27;La confirmation du mot de passe est requise&#x27;, &#x27;blank&#x27;: &#x27;La confirmation du mot de passe ne peut pas être vide&#x27;}, required=True, write_only=True)
E             email = EmailField(error_messages={&#x27;required&#x27;: &quot;L&#x27;email est requis&quot;, &#x27;blank&#x27;: &quot;L&#x27;email ne peut pas être vide&quot;, &#x27;invalid&#x27;: &#x27;Veuillez entrer une adresse email valide&#x27;}, label=&#x27;Email address&#x27;, max_length=254, required=True, validators=[&lt;UniqueValidator(queryset=User.objects.all())&gt;])
E             user_type = ChoiceField(choices=[(&#x27;technician&#x27;, &#x27;Technicien&#x27;), (&#x27;client&#x27;, &#x27;Client&#x27;), (&#x27;admin&#x27;, &#x27;Administrateur&#x27;)], error_messages={&#x27;required&#x27;: &quot;Le type d&#x27;utilisateur est requis&quot;, &#x27;blank&#x27;: &quot;Le type d&#x27;utilisateur ne peut pas être vide&quot;, &#x27;invalid_choice&#x27;: &quot;Le type d&#x27;utilisateur doit être client ou technicien&quot;}, required=True)
E             address = CharField(allow_blank=True, required=False)
E             first_name = CharField(allow_blank=False, required=True)
E             last_name = CharField(allow_blank=False, required=True)
E             specialty = CharField(allow_blank=True, required=False)
E             years_experience = IntegerField(allow_null=True, required=False)
E             phone = CharField(allow_blank=True, required=False)
E             piece_identite = FileField(required=False, write_only=True)
E             certificat_residence = FileField(required=False, write_only=True)</pre></td>
E                           </tr>
E                         
E                           <tr>
E                             <td>specialty</td>
E                             <td class="code"><pre>None</pre></td>
E                           </tr>
E                         
E                           <tr>
E                             <td>user</td>
E                             <td class="code"><pre>&lt;User: testclient_api_1752493409_lhjd (Client)&gt;</pre></td>
E                           </tr>
E                         
E                           <tr>
E                             <td>user_type</td>
E                             <td class="code"><pre>&#x27;client&#x27;</pre></td>
E                           </tr>
E                         
E                           <tr>
E                             <td>validated_data</td>
E                             <td class="code"><pre>{&#x27;email&#x27;: &#x27;testclient_api_1752493409_lhjd@example.com&#x27;,
E          &#x27;first_name&#x27;: &#x27;Test&#x27;,
E          &#x27;last_name&#x27;: &#x27;API&#x27;,
E          &#x27;user_type&#x27;: &#x27;client&#x27;,
E          &#x27;username&#x27;: &#x27;testclient_api_1752493409_lhjd&#x27;}</pre></td>
E                           </tr>
E                         
E                           <tr>
E                             <td>years_experience</td>
E                             <td class="code"><pre>0</pre></td>
E                           </tr>
E                         
E                       </tbody>
E                     </table>
E                     </details>
E                   
E                 </li>
E               
E                 
E                 <li class="frame django">
E                   
E                     <code class="fname">/Users/mohamedbechirdiarra/Downloads/prototypeGamma/Backend/venv/lib/python3.13/site-packages/django/db/models/manager.py</code>, line 87, in manager_method
E                   
E         
E                   
E                     <div class="context" id="c4437355392">
E                       
E                         <ol start="80" class="pre-context" id="pre4437355392">
E                         
E                           <li onclick="toggle('pre4437355392', 'post4437355392')"><pre>        return []</pre></li>
E                         
E                           <li onclick="toggle('pre4437355392', 'post4437355392')"><pre></pre></li>
E                         
E                           <li onclick="toggle('pre4437355392', 'post4437355392')"><pre>    @classmethod</pre></li>
E                         
E                           <li onclick="toggle('pre4437355392', 'post4437355392')"><pre>    def _get_queryset_methods(cls, queryset_class):</pre></li>
E                         
E                           <li onclick="toggle('pre4437355392', 'post4437355392')"><pre>        def create_method(name, method):</pre></li>
E                         
E                           <li onclick="toggle('pre4437355392', 'post4437355392')"><pre>            @wraps(method)</pre></li>
E                         
E                           <li onclick="toggle('pre4437355392', 'post4437355392')"><pre>            def manager_method(self, *args, **kwargs):</pre></li>
E                         
E                         </ol>
E                       
E                       <ol start="87" class="context-line">
E                         <li onclick="toggle('pre4437355392', 'post4437355392')"><pre>                return getattr(self.get_queryset(), name)(*args, **kwargs)
E                                    ^^^^^^^^^^^^^^^^^^^^^^^^^^^^^^^^^^^^^^^^^^^^^^^^^^^</pre> <span>…</span></li>
E                       </ol>
E                       
E                         <ol start='88' class="post-context" id="post4437355392">
E                           
E                           <li onclick="toggle('pre4437355392', 'post4437355392')"><pre></pre></li>
E                           
E                           <li onclick="toggle('pre4437355392', 'post4437355392')"><pre>            return manager_method</pre></li>
E                           
E                           <li onclick="toggle('pre4437355392', 'post4437355392')"><pre></pre></li>
E                           
E                           <li onclick="toggle('pre4437355392', 'post4437355392')"><pre>        new_methods = {}</pre></li>
E                           
E                           <li onclick="toggle('pre4437355392', 'post4437355392')"><pre>        for name, method in inspect.getmembers(</pre></li>
E                           
E                           <li onclick="toggle('pre4437355392', 'post4437355392')"><pre>            queryset_class, predicate=inspect.isfunction</pre></li>
E                           
E                       </ol>
E                       
E                     </div>
E                   
E         
E                   
E                     
E                       <details>
E                         <summary class="commands">Local vars</summary>
E                     
E                     <table class="vars" id="v4437355392">
E                       <thead>
E                         <tr>
E                           <th scope="col">Variable</th>
E                           <th scope="col">Value</th>
E                         </tr>
E                       </thead>
E                       <tbody>
E                         
E                           <tr>
E                             <td>args</td>
E                             <td class="code"><pre>()</pre></td>
E                           </tr>
E                         
E                           <tr>
E                             <td>kwargs</td>
E                             <td class="code"><pre>{&#x27;address&#x27;: &#x27;Bamako, ACI 2000&#x27;,
E          &#x27;phone&#x27;: &#x27;+223 77 88 99 00&#x27;,
E          &#x27;user&#x27;: &lt;User: testclient_api_1752493409_lhjd (Client)&gt;}</pre></td>
E                           </tr>
E                         
E                           <tr>
E                             <td>name</td>
E                             <td class="code"><pre>&#x27;create&#x27;</pre></td>
E                           </tr>
E                         
E                           <tr>
E                             <td>self</td>
E                             <td class="code"><pre>&lt;django.db.models.manager.Manager object at 0x10783a250&gt;</pre></td>
E                           </tr>
E                         
E                       </tbody>
E                     </table>
E                     </details>
E                   
E                 </li>
E               
E                 
E                 <li class="frame django">
E                   
E                     <code class="fname">/Users/mohamedbechirdiarra/Downloads/prototypeGamma/Backend/venv/lib/python3.13/site-packages/django/db/models/query.py</code>, line 663, in create
E                   
E         
E                   
E                     <div class="context" id="c4436893888">
E                       
E                         <ol start="656" class="pre-context" id="pre4436893888">
E                         
E                           <li onclick="toggle('pre4436893888', 'post4436893888')"><pre>            raise ValueError(</pre></li>
E                         
E                           <li onclick="toggle('pre4436893888', 'post4436893888')"><pre>                &quot;The following fields do not exist in this model: %s&quot;</pre></li>
E                         
E                           <li onclick="toggle('pre4436893888', 'post4436893888')"><pre>                % &quot;, &quot;.join(reverse_one_to_one_fields)</pre></li>
E                         
E                           <li onclick="toggle('pre4436893888', 'post4436893888')"><pre>            )</pre></li>
E                         
E                           <li onclick="toggle('pre4436893888', 'post4436893888')"><pre></pre></li>
E                         
E                           <li onclick="toggle('pre4436893888', 'post4436893888')"><pre>        obj = self.model(**kwargs)</pre></li>
E                         
E                           <li onclick="toggle('pre4436893888', 'post4436893888')"><pre>        self._for_write = True</pre></li>
E                         
E                         </ol>
E                       
E                       <ol start="663" class="context-line">
E                         <li onclick="toggle('pre4436893888', 'post4436893888')"><pre>        obj.save(force_insert=True, using=self.db)
E                      ^^^^^^^^^^^^^^^^^^^^^^^^^^^^^^^^^^^^^^^^^^</pre> <span>…</span></li>
E                       </ol>
E                       
E                         <ol start='664' class="post-context" id="post4436893888">
E                           
E                           <li onclick="toggle('pre4436893888', 'post4436893888')"><pre>        return obj</pre></li>
E                           
E                           <li onclick="toggle('pre4436893888', 'post4436893888')"><pre></pre></li>
E                           
E                           <li onclick="toggle('pre4436893888', 'post4436893888')"><pre>    create.alters_data = True</pre></li>
E                           
E                           <li onclick="toggle('pre4436893888', 'post4436893888')"><pre></pre></li>
E                           
E                           <li onclick="toggle('pre4436893888', 'post4436893888')"><pre>    async def acreate(self, **kwargs):</pre></li>
E                           
E                           <li onclick="toggle('pre4436893888', 'post4436893888')"><pre>        return await sync_to_async(self.create)(**kwargs)</pre></li>
E                           
E                       </ol>
E                       
E                     </div>
E                   
E         
E                   
E                     
E                       <details>
E                         <summary class="commands">Local vars</summary>
E                     
E                     <table class="vars" id="v4436893888">
E                       <thead>
E                         <tr>
E                           <th scope="col">Variable</th>
E                           <th scope="col">Value</th>
E                         </tr>
E                       </thead>
E                       <tbody>
E                         
E                           <tr>
E                             <td>kwargs</td>
E                             <td class="code"><pre>{&#x27;address&#x27;: &#x27;Bamako, ACI 2000&#x27;,
E          &#x27;phone&#x27;: &#x27;+223 77 88 99 00&#x27;,
E          &#x27;user&#x27;: &lt;User: testclient_api_1752493409_lhjd (Client)&gt;}</pre></td>
E                           </tr>
E                         
E                           <tr>
E                             <td>obj</td>
E                             <td class="code"><pre>&lt;Client: Client: Test API&gt;</pre></td>
E                           </tr>
E                         
E                           <tr>
E                             <td>reverse_one_to_one_fields</td>
E                             <td class="code"><pre>frozenset()</pre></td>
E                           </tr>
E                         
E                           <tr>
E                             <td>self</td>
E                             <td class="code"><pre>&lt;QuerySet []&gt;</pre></td>
E                           </tr>
E                         
E                       </tbody>
E                     </table>
E                     </details>
E                   
E                 </li>
E               
E                 
E                 <li class="frame django">
E                   
E                     <code class="fname">/Users/mohamedbechirdiarra/Downloads/prototypeGamma/Backend/venv/lib/python3.13/site-packages/django/db/models/base.py</code>, line 902, in save
E                   
E         
E                   
E                     <div class="context" id="c4437658560">
E                       
E                         <ol start="895" class="pre-context" id="pre4437658560">
E                         
E                           <li onclick="toggle('pre4437658560', 'post4437658560')"><pre>            for field in self._meta.concrete_fields:</pre></li>
E                         
E                           <li onclick="toggle('pre4437658560', 'post4437658560')"><pre>                if field not in pk_fields and not hasattr(field, &quot;through&quot;):</pre></li>
E                         
E                           <li onclick="toggle('pre4437658560', 'post4437658560')"><pre>                    field_names.add(field.attname)</pre></li>
E                         
E                           <li onclick="toggle('pre4437658560', 'post4437658560')"><pre>            loaded_fields = field_names.difference(deferred_non_generated_fields)</pre></li>
E                         
E                           <li onclick="toggle('pre4437658560', 'post4437658560')"><pre>            if loaded_fields:</pre></li>
E                         
E                           <li onclick="toggle('pre4437658560', 'post4437658560')"><pre>                update_fields = frozenset(loaded_fields)</pre></li>
E                         
E                           <li onclick="toggle('pre4437658560', 'post4437658560')"><pre></pre></li>
E                         
E                         </ol>
E                       
E                       <ol start="902" class="context-line">
E                         <li onclick="toggle('pre4437658560', 'post4437658560')"><pre>        self.save_base(
E                      ^</pre> <span>…</span></li>
E                       </ol>
E                       
E                         <ol start='903' class="post-context" id="post4437658560">
E                           
E                           <li onclick="toggle('pre4437658560', 'post4437658560')"><pre>            using=using,</pre></li>
E                           
E                           <li onclick="toggle('pre4437658560', 'post4437658560')"><pre>            force_insert=force_insert,</pre></li>
E                           
E                           <li onclick="toggle('pre4437658560', 'post4437658560')"><pre>            force_update=force_update,</pre></li>
E                           
E                           <li onclick="toggle('pre4437658560', 'post4437658560')"><pre>            update_fields=update_fields,</pre></li>
E                           
E                           <li onclick="toggle('pre4437658560', 'post4437658560')"><pre>        )</pre></li>
E                           
E                           <li onclick="toggle('pre4437658560', 'post4437658560')"><pre></pre></li>
E                           
E                       </ol>
E                       
E                     </div>
E                   
E         
E                   
E                     
E                       <details>
E                         <summary class="commands">Local vars</summary>
E                     
E                     <table class="vars" id="v4437658560">
E                       <thead>
E                         <tr>
E                           <th scope="col">Variable</th>
E                           <th scope="col">Value</th>
E                         </tr>
E                       </thead>
E                       <tbody>
E                         
E                           <tr>
E                             <td>args</td>
E                             <td class="code"><pre>()</pre></td>
E                           </tr>
E                         
E                           <tr>
E                             <td>deferred_non_generated_fields</td>
E                             <td class="code"><pre>set()</pre></td>
E                           </tr>
E                         
E                           <tr>
E                             <td>force_insert</td>
E                             <td class="code"><pre>True</pre></td>
E                           </tr>
E                         
E                           <tr>
E                             <td>force_update</td>
E                             <td class="code"><pre>False</pre></td>
E                           </tr>
E                         
E                           <tr>
E                             <td>self</td>
E                             <td class="code"><pre>&lt;Client: Client: Test API&gt;</pre></td>
E                           </tr>
E                         
E                           <tr>
E                             <td>update_fields</td>
E                             <td class="code"><pre>None</pre></td>
E                           </tr>
E                         
E                           <tr>
E                             <td>using</td>
E                             <td class="code"><pre>&#x27;default&#x27;</pre></td>
E                           </tr>
E                         
E                       </tbody>
E                     </table>
E                     </details>
E                   
E                 </li>
E               
E                 
E                 <li class="frame django">
E                   
E                     <code class="fname">/Users/mohamedbechirdiarra/Downloads/prototypeGamma/Backend/venv/lib/python3.13/site-packages/django/db/models/base.py</code>, line 1008, in save_base
E                   
E         
E                   
E                     <div class="context" id="c4436894272">
E                       
E                         <ol start="1001" class="pre-context" id="pre4436894272">
E                         
E                           <li onclick="toggle('pre4436894272', 'post4436894272')"><pre>            parent_inserted = False</pre></li>
E                         
E                           <li onclick="toggle('pre4436894272', 'post4436894272')"><pre>            if not raw:</pre></li>
E                         
E                           <li onclick="toggle('pre4436894272', 'post4436894272')"><pre>                # Validate force insert only when parents are inserted.</pre></li>
E                         
E                           <li onclick="toggle('pre4436894272', 'post4436894272')"><pre>                force_insert = self._validate_force_insert(force_insert)</pre></li>
E                         
E                           <li onclick="toggle('pre4436894272', 'post4436894272')"><pre>                parent_inserted = self._save_parents(</pre></li>
E                         
E                           <li onclick="toggle('pre4436894272', 'post4436894272')"><pre>                    cls, using, update_fields, force_insert</pre></li>
E                         
E                           <li onclick="toggle('pre4436894272', 'post4436894272')"><pre>                )</pre></li>
E                         
E                         </ol>
E                       
E                       <ol start="1008" class="context-line">
E                         <li onclick="toggle('pre4436894272', 'post4436894272')"><pre>            updated = self._save_table(
E                                     </pre> <span>…</span></li>
E                       </ol>
E                       
E                         <ol start='1009' class="post-context" id="post4436894272">
E                           
E                           <li onclick="toggle('pre4436894272', 'post4436894272')"><pre>                raw,</pre></li>
E                           
E                           <li onclick="toggle('pre4436894272', 'post4436894272')"><pre>                cls,</pre></li>
E                           
E                           <li onclick="toggle('pre4436894272', 'post4436894272')"><pre>                force_insert or parent_inserted,</pre></li>
E                           
E                           <li onclick="toggle('pre4436894272', 'post4436894272')"><pre>                force_update,</pre></li>
E                           
E                           <li onclick="toggle('pre4436894272', 'post4436894272')"><pre>                using,</pre></li>
E                           
E                           <li onclick="toggle('pre4436894272', 'post4436894272')"><pre>                update_fields,</pre></li>
E                           
E                       </ol>
E                       
E                     </div>
E                   
E         
E                   
E                     
E                       <details>
E                         <summary class="commands">Local vars</summary>
E                     
E                     <table class="vars" id="v4436894272">
E                       <thead>
E                         <tr>
E                           <th scope="col">Variable</th>
E                           <th scope="col">Value</th>
E                         </tr>
E                       </thead>
E                       <tbody>
E                         
E                           <tr>
E                             <td>cls</td>
E                             <td class="code"><pre>&lt;class &#x27;depannage.models.Client&#x27;&gt;</pre></td>
E                           </tr>
E                         
E                           <tr>
E                             <td>context_manager</td>
E                             <td class="code"><pre>&lt;contextlib._GeneratorContextManager object at 0x108723af0&gt;</pre></td>
E                           </tr>
E                         
E                           <tr>
E                             <td>force_insert</td>
E                             <td class="code"><pre>(&lt;class &#x27;depannage.models.Client&#x27;&gt;,)</pre></td>
E                           </tr>
E                         
E                           <tr>
E                             <td>force_update</td>
E                             <td class="code"><pre>False</pre></td>
E                           </tr>
E                         
E                           <tr>
E                             <td>meta</td>
E                             <td class="code"><pre>&lt;Options for Client&gt;</pre></td>
E                           </tr>
E                         
E                           <tr>
E                             <td>origin</td>
E                             <td class="code"><pre>&lt;class &#x27;depannage.models.Client&#x27;&gt;</pre></td>
E                           </tr>
E                         
E                           <tr>
E                             <td>parent_inserted</td>
E                             <td class="code"><pre>False</pre></td>
E                           </tr>
E                         
E                           <tr>
E                             <td>raw</td>
E                             <td class="code"><pre>False</pre></td>
E                           </tr>
E                         
E                           <tr>
E                             <td>self</td>
E                             <td class="code"><pre>&lt;Client: Client: Test API&gt;</pre></td>
E                           </tr>
E                         
E                           <tr>
E                             <td>update_fields</td>
E                             <td class="code"><pre>None</pre></td>
E                           </tr>
E                         
E                           <tr>
E                             <td>using</td>
E                             <td class="code"><pre>&#x27;default&#x27;</pre></td>
E                           </tr>
E                         
E                       </tbody>
E                     </table>
E                     </details>
E                   
E                 </li>
E               
E                 
E                 <li class="frame django">
E                   
E                     <code class="fname">/Users/mohamedbechirdiarra/Downloads/prototypeGamma/Backend/venv/lib/python3.13/site-packages/django/db/models/base.py</code>, line 1169, in _save_table
E                   
E         
E                   
E                     <div class="context" id="c4436891648">
E                       
E                         <ol start="1162" class="pre-context" id="pre4436891648">
E                         
E                           <li onclick="toggle('pre4436891648', 'post4436891648')"><pre>                )</pre></li>
E                         
E                           <li onclick="toggle('pre4436891648', 'post4436891648')"><pre>            fields = [</pre></li>
E                         
E                           <li onclick="toggle('pre4436891648', 'post4436891648')"><pre>                f</pre></li>
E                         
E                           <li onclick="toggle('pre4436891648', 'post4436891648')"><pre>                for f in meta.local_concrete_fields</pre></li>
E                         
E                           <li onclick="toggle('pre4436891648', 'post4436891648')"><pre>                if not f.generated and (pk_set or f is not meta.auto_field)</pre></li>
E                         
E                           <li onclick="toggle('pre4436891648', 'post4436891648')"><pre>            ]</pre></li>
E                         
E                           <li onclick="toggle('pre4436891648', 'post4436891648')"><pre>            returning_fields = meta.db_returning_fields</pre></li>
E                         
E                         </ol>
E                       
E                       <ol start="1169" class="context-line">
E                         <li onclick="toggle('pre4436891648', 'post4436891648')"><pre>            results = self._do_insert(
E                                     </pre> <span>…</span></li>
E                       </ol>
E                       
E                         <ol start='1170' class="post-context" id="post4436891648">
E                           
E                           <li onclick="toggle('pre4436891648', 'post4436891648')"><pre>                cls._base_manager, using, fields, returning_fields, raw</pre></li>
E                           
E                           <li onclick="toggle('pre4436891648', 'post4436891648')"><pre>            )</pre></li>
E                           
E                           <li onclick="toggle('pre4436891648', 'post4436891648')"><pre>            if results:</pre></li>
E                           
E                           <li onclick="toggle('pre4436891648', 'post4436891648')"><pre>                for value, field in zip(results[0], returning_fields):</pre></li>
E                           
E                           <li onclick="toggle('pre4436891648', 'post4436891648')"><pre>                    setattr(self, field.attname, value)</pre></li>
E                           
E                           <li onclick="toggle('pre4436891648', 'post4436891648')"><pre>        return updated</pre></li>
E                           
E                       </ol>
E                       
E                     </div>
E                   
E         
E                   
E                     
E                       <details>
E                         <summary class="commands">Local vars</summary>
E                     
E                     <table class="vars" id="v4436891648">
E                       <thead>
E                         <tr>
E                           <th scope="col">Variable</th>
E                           <th scope="col">Value</th>
E                         </tr>
E                       </thead>
E                       <tbody>
E                         
E                           <tr>
E                             <td>cls</td>
E                             <td class="code"><pre>&lt;class &#x27;depannage.models.Client&#x27;&gt;</pre></td>
E                           </tr>
E                         
E                           <tr>
E                             <td>fields</td>
E                             <td class="code"><pre>[&lt;django.db.models.fields.DateTimeField: created_at&gt;,
E          &lt;django.db.models.fields.DateTimeField: updated_at&gt;,
E          &lt;django.db.models.fields.related.OneToOneField: user&gt;,
E          &lt;django.db.models.fields.TextField: address&gt;,
E          &lt;django.db.models.fields.CharField: phone&gt;,
E          &lt;django.db.models.fields.BooleanField: is_active&gt;]</pre></td>
E                           </tr>
E                         
E                           <tr>
E                             <td>force_insert</td>
E                             <td class="code"><pre>(&lt;class &#x27;depannage.models.Client&#x27;&gt;,)</pre></td>
E                           </tr>
E                         
E                           <tr>
E                             <td>force_update</td>
E                             <td class="code"><pre>False</pre></td>
E                           </tr>
E                         
E                           <tr>
E                             <td>meta</td>
E                             <td class="code"><pre>&lt;Options for Client&gt;</pre></td>
E                           </tr>
E                         
E                           <tr>
E                             <td>non_pks_non_generated</td>
E                             <td class="code"><pre>[&lt;django.db.models.fields.DateTimeField: created_at&gt;,
E          &lt;django.db.models.fields.DateTimeField: updated_at&gt;,
E          &lt;django.db.models.fields.related.OneToOneField: user&gt;,
E          &lt;django.db.models.fields.TextField: address&gt;,
E          &lt;django.db.models.fields.CharField: phone&gt;,
E          &lt;django.db.models.fields.BooleanField: is_active&gt;]</pre></td>
E                           </tr>
E                         
E                           <tr>
E                             <td>pk_fields</td>
E                             <td class="code"><pre>[&lt;django.db.models.fields.BigAutoField: id&gt;]</pre></td>
E                           </tr>
E                         
E                           <tr>
E                             <td>pk_set</td>
E                             <td class="code"><pre>False</pre></td>
E                           </tr>
E                         
E                           <tr>
E                             <td>pk_val</td>
E                             <td class="code"><pre>None</pre></td>
E                           </tr>
E                         
E                           <tr>
E                             <td>raw</td>
E                             <td class="code"><pre>False</pre></td>
E                           </tr>
E                         
E                           <tr>
E                             <td>returning_fields</td>
E                             <td class="code"><pre>[&lt;django.db.models.fields.BigAutoField: id&gt;]</pre></td>
E                           </tr>
E                         
E                           <tr>
E                             <td>self</td>
E                             <td class="code"><pre>&lt;Client: Client: Test API&gt;</pre></td>
E                           </tr>
E                         
E                           <tr>
E                             <td>update_fields</td>
E                             <td class="code"><pre>None</pre></td>
E                           </tr>
E                         
E                           <tr>
E                             <td>updated</td>
E                             <td class="code"><pre>False</pre></td>
E                           </tr>
E                         
E                           <tr>
E                             <td>using</td>
E                             <td class="code"><pre>&#x27;default&#x27;</pre></td>
E                           </tr>
E                         
E                       </tbody>
E                     </table>
E                     </details>
E                   
E                 </li>
E               
E                 
E                 <li class="frame django">
E                   
E                     <code class="fname">/Users/mohamedbechirdiarra/Downloads/prototypeGamma/Backend/venv/lib/python3.13/site-packages/django/db/models/base.py</code>, line 1210, in _do_insert
E                   
E         
E                   
E                     <div class="context" id="c4436752768">
E                       
E                         <ol start="1203" class="pre-context" id="pre4436752768">
E                         
E                           <li onclick="toggle('pre4436752768', 'post4436752768')"><pre>        return filtered._update(values) &gt; 0</pre></li>
E                         
E                           <li onclick="toggle('pre4436752768', 'post4436752768')"><pre></pre></li>
E                         
E                           <li onclick="toggle('pre4436752768', 'post4436752768')"><pre>    def _do_insert(self, manager, using, fields, returning_fields, raw):</pre></li>
E                         
E                           <li onclick="toggle('pre4436752768', 'post4436752768')"><pre>        &quot;&quot;&quot;</pre></li>
E                         
E                           <li onclick="toggle('pre4436752768', 'post4436752768')"><pre>        Do an INSERT. If returning_fields is defined then this method should</pre></li>
E                         
E                           <li onclick="toggle('pre4436752768', 'post4436752768')"><pre>        return the newly created data for the model.</pre></li>
E                         
E                           <li onclick="toggle('pre4436752768', 'post4436752768')"><pre>        &quot;&quot;&quot;</pre></li>
E                         
E                         </ol>
E                       
E                       <ol start="1210" class="context-line">
E                         <li onclick="toggle('pre4436752768', 'post4436752768')"><pre>        return manager._insert(
E                              </pre> <span>…</span></li>
E                       </ol>
E                       
E                         <ol start='1211' class="post-context" id="post4436752768">
E                           
E                           <li onclick="toggle('pre4436752768', 'post4436752768')"><pre>            [self],</pre></li>
E                           
E                           <li onclick="toggle('pre4436752768', 'post4436752768')"><pre>            fields=fields,</pre></li>
E                           
E                           <li onclick="toggle('pre4436752768', 'post4436752768')"><pre>            returning_fields=returning_fields,</pre></li>
E                           
E                           <li onclick="toggle('pre4436752768', 'post4436752768')"><pre>            using=using,</pre></li>
E                           
E                           <li onclick="toggle('pre4436752768', 'post4436752768')"><pre>            raw=raw,</pre></li>
E                           
E                           <li onclick="toggle('pre4436752768', 'post4436752768')"><pre>        )</pre></li>
E                           
E                       </ol>
E                       
E                     </div>
E                   
E         
E                   
E                     
E                       <details>
E                         <summary class="commands">Local vars</summary>
E                     
E                     <table class="vars" id="v4436752768">
E                       <thead>
E                         <tr>
E                           <th scope="col">Variable</th>
E                           <th scope="col">Value</th>
E                         </tr>
E                       </thead>
E                       <tbody>
E                         
E                           <tr>
E                             <td>fields</td>
E                             <td class="code"><pre>[&lt;django.db.models.fields.DateTimeField: created_at&gt;,
E          &lt;django.db.models.fields.DateTimeField: updated_at&gt;,
E          &lt;django.db.models.fields.related.OneToOneField: user&gt;,
E          &lt;django.db.models.fields.TextField: address&gt;,
E          &lt;django.db.models.fields.CharField: phone&gt;,
E          &lt;django.db.models.fields.BooleanField: is_active&gt;]</pre></td>
E                           </tr>
E                         
E                           <tr>
E                             <td>manager</td>
E                             <td class="code"><pre>&lt;django.db.models.manager.Manager object at 0x10822d250&gt;</pre></td>
E                           </tr>
E                         
E                           <tr>
E                             <td>raw</td>
E                             <td class="code"><pre>False</pre></td>
E                           </tr>
E                         
E                           <tr>
E                             <td>returning_fields</td>
E                             <td class="code"><pre>[&lt;django.db.models.fields.BigAutoField: id&gt;]</pre></td>
E                           </tr>
E                         
E                           <tr>
E                             <td>self</td>
E                             <td class="code"><pre>&lt;Client: Client: Test API&gt;</pre></td>
E                           </tr>
E                         
E                           <tr>
E                             <td>using</td>
E                             <td class="code"><pre>&#x27;default&#x27;</pre></td>
E                           </tr>
E                         
E                       </tbody>
E                     </table>
E                     </details>
E                   
E                 </li>
E               
E                 
E                 <li class="frame django">
E                   
E                     <code class="fname">/Users/mohamedbechirdiarra/Downloads/prototypeGamma/Backend/venv/lib/python3.13/site-packages/django/db/models/manager.py</code>, line 87, in manager_method
E                   
E         
E                   
E                     <div class="context" id="c4436595648">
E                       
E                         <ol start="80" class="pre-context" id="pre4436595648">
E                         
E                           <li onclick="toggle('pre4436595648', 'post4436595648')"><pre>        return []</pre></li>
E                         
E                           <li onclick="toggle('pre4436595648', 'post4436595648')"><pre></pre></li>
E                         
E                           <li onclick="toggle('pre4436595648', 'post4436595648')"><pre>    @classmethod</pre></li>
E                         
E                           <li onclick="toggle('pre4436595648', 'post4436595648')"><pre>    def _get_queryset_methods(cls, queryset_class):</pre></li>
E                         
E                           <li onclick="toggle('pre4436595648', 'post4436595648')"><pre>        def create_method(name, method):</pre></li>
E                         
E                           <li onclick="toggle('pre4436595648', 'post4436595648')"><pre>            @wraps(method)</pre></li>
E                         
E                           <li onclick="toggle('pre4436595648', 'post4436595648')"><pre>            def manager_method(self, *args, **kwargs):</pre></li>
E                         
E                         </ol>
E                       
E                       <ol start="87" class="context-line">
E                         <li onclick="toggle('pre4436595648', 'post4436595648')"><pre>                return getattr(self.get_queryset(), name)(*args, **kwargs)
E                                    ^^^^^^^^^^^^^^^^^^^^^^^^^^^^^^^^^^^^^^^^^^^^^^^^^^^</pre> <span>…</span></li>
E                       </ol>
E                       
E                         <ol start='88' class="post-context" id="post4436595648">
E                           
E                           <li onclick="toggle('pre4436595648', 'post4436595648')"><pre></pre></li>
E                           
E                           <li onclick="toggle('pre4436595648', 'post4436595648')"><pre>            return manager_method</pre></li>
E                           
E                           <li onclick="toggle('pre4436595648', 'post4436595648')"><pre></pre></li>
E                           
E                           <li onclick="toggle('pre4436595648', 'post4436595648')"><pre>        new_methods = {}</pre></li>
E                           
E                           <li onclick="toggle('pre4436595648', 'post4436595648')"><pre>        for name, method in inspect.getmembers(</pre></li>
E                           
E                           <li onclick="toggle('pre4436595648', 'post4436595648')"><pre>            queryset_class, predicate=inspect.isfunction</pre></li>
E                           
E                       </ol>
E                       
E                     </div>
E                   
E         
E                   
E                     
E                       <details>
E                         <summary class="commands">Local vars</summary>
E                     
E                     <table class="vars" id="v4436595648">
E                       <thead>
E                         <tr>
E                           <th scope="col">Variable</th>
E                           <th scope="col">Value</th>
E                         </tr>
E                       </thead>
E                       <tbody>
E                         
E                           <tr>
E                             <td>args</td>
E                             <td class="code"><pre>([&lt;Client: Client: Test API&gt;],)</pre></td>
E                           </tr>
E                         
E                           <tr>
E                             <td>kwargs</td>
E                             <td class="code"><pre>{&#x27;fields&#x27;: [&lt;django.db.models.fields.DateTimeField: created_at&gt;,
E                     &lt;django.db.models.fields.DateTimeField: updated_at&gt;,
E                     &lt;django.db.models.fields.related.OneToOneField: user&gt;,
E                     &lt;django.db.models.fields.TextField: address&gt;,
E                     &lt;django.db.models.fields.CharField: phone&gt;,
E                     &lt;django.db.models.fields.BooleanField: is_active&gt;],
E          &#x27;raw&#x27;: False,
E          &#x27;returning_fields&#x27;: [&lt;django.db.models.fields.BigAutoField: id&gt;],
E          &#x27;using&#x27;: &#x27;default&#x27;}</pre></td>
E                           </tr>
E                         
E                           <tr>
E                             <td>name</td>
E                             <td class="code"><pre>&#x27;_insert&#x27;</pre></td>
E                           </tr>
E                         
E                           <tr>
E                             <td>self</td>
E                             <td class="code"><pre>&lt;django.db.models.manager.Manager object at 0x10822d250&gt;</pre></td>
E                           </tr>
E                         
E                       </tbody>
E                     </table>
E                     </details>
E                   
E                 </li>
E               
E                 
E                 <li class="frame django">
E                   
E                     <code class="fname">/Users/mohamedbechirdiarra/Downloads/prototypeGamma/Backend/venv/lib/python3.13/site-packages/django/db/models/query.py</code>, line 1868, in _insert
E                   
E         
E                   
E                     <div class="context" id="c4436605568">
E                       
E                         <ol start="1861" class="pre-context" id="pre4436605568">
E                         
E                           <li onclick="toggle('pre4436605568', 'post4436605568')"><pre>        query = sql.InsertQuery(</pre></li>
E                         
E                           <li onclick="toggle('pre4436605568', 'post4436605568')"><pre>            self.model,</pre></li>
E                         
E                           <li onclick="toggle('pre4436605568', 'post4436605568')"><pre>            on_conflict=on_conflict,</pre></li>
E                         
E                           <li onclick="toggle('pre4436605568', 'post4436605568')"><pre>            update_fields=update_fields,</pre></li>
E                         
E                           <li onclick="toggle('pre4436605568', 'post4436605568')"><pre>            unique_fields=unique_fields,</pre></li>
E                         
E                           <li onclick="toggle('pre4436605568', 'post4436605568')"><pre>        )</pre></li>
E                         
E                           <li onclick="toggle('pre4436605568', 'post4436605568')"><pre>        query.insert_values(fields, objs, raw=raw)</pre></li>
E                         
E                         </ol>
E                       
E                       <ol start="1868" class="context-line">
E                         <li onclick="toggle('pre4436605568', 'post4436605568')"><pre>        return query.get_compiler(using=using).execute_sql(returning_fields)
E                              ^^^^^^^^^^^^^^^^^^^^^^^^^^^^^^^^^^^^^^^^^^^^^^^^^^^^^^^^^^^^^</pre> <span>…</span></li>
E                       </ol>
E                       
E                         <ol start='1869' class="post-context" id="post4436605568">
E                           
E                           <li onclick="toggle('pre4436605568', 'post4436605568')"><pre></pre></li>
E                           
E                           <li onclick="toggle('pre4436605568', 'post4436605568')"><pre>    _insert.alters_data = True</pre></li>
E                           
E                           <li onclick="toggle('pre4436605568', 'post4436605568')"><pre>    _insert.queryset_only = False</pre></li>
E                           
E                           <li onclick="toggle('pre4436605568', 'post4436605568')"><pre></pre></li>
E                           
E                           <li onclick="toggle('pre4436605568', 'post4436605568')"><pre>    def _batched_insert(</pre></li>
E                           
E                           <li onclick="toggle('pre4436605568', 'post4436605568')"><pre>        self,</pre></li>
E                           
E                       </ol>
E                       
E                     </div>
E                   
E         
E                   
E                     
E                       <details>
E                         <summary class="commands">Local vars</summary>
E                     
E                     <table class="vars" id="v4436605568">
E                       <thead>
E                         <tr>
E                           <th scope="col">Variable</th>
E                           <th scope="col">Value</th>
E                         </tr>
E                       </thead>
E                       <tbody>
E                         
E                           <tr>
E                             <td>fields</td>
E                             <td class="code"><pre>[&lt;django.db.models.fields.DateTimeField: created_at&gt;,
E          &lt;django.db.models.fields.DateTimeField: updated_at&gt;,
E          &lt;django.db.models.fields.related.OneToOneField: user&gt;,
E          &lt;django.db.models.fields.TextField: address&gt;,
E          &lt;django.db.models.fields.CharField: phone&gt;,
E          &lt;django.db.models.fields.BooleanField: is_active&gt;]</pre></td>
E                           </tr>
E                         
E                           <tr>
E                             <td>objs</td>
E                             <td class="code"><pre>[&lt;Client: Client: Test API&gt;]</pre></td>
E                           </tr>
E                         
E                           <tr>
E                             <td>on_conflict</td>
E                             <td class="code"><pre>None</pre></td>
E                           </tr>
E                         
E                           <tr>
E                             <td>query</td>
E                             <td class="code"><pre>&lt;django.db.models.sql.subqueries.InsertQuery object at 0x1088b2430&gt;</pre></td>
E                           </tr>
E                         
E                           <tr>
E                             <td>raw</td>
E                             <td class="code"><pre>False</pre></td>
E                           </tr>
E                         
E                           <tr>
E                             <td>returning_fields</td>
E                             <td class="code"><pre>[&lt;django.db.models.fields.BigAutoField: id&gt;]</pre></td>
E                           </tr>
E                         
E                           <tr>
E                             <td>self</td>
E                             <td class="code"><pre>&lt;QuerySet []&gt;</pre></td>
E                           </tr>
E                         
E                           <tr>
E                             <td>unique_fields</td>
E                             <td class="code"><pre>None</pre></td>
E                           </tr>
E                         
E                           <tr>
E                             <td>update_fields</td>
E                             <td class="code"><pre>None</pre></td>
E                           </tr>
E                         
E                           <tr>
E                             <td>using</td>
E                             <td class="code"><pre>&#x27;default&#x27;</pre></td>
E                           </tr>
E                         
E                       </tbody>
E                     </table>
E                     </details>
E                   
E                 </li>
E               
E                 
E                 <li class="frame django">
E                   
E                     <code class="fname">/Users/mohamedbechirdiarra/Downloads/prototypeGamma/Backend/venv/lib/python3.13/site-packages/django/db/models/sql/compiler.py</code>, line 1894, in execute_sql
E                   
E         
E                   
E                     <div class="context" id="c4436595584">
E                       
E                         <ol start="1887" class="pre-context" id="pre4436595584">
E                         
E                           <li onclick="toggle('pre4436595584', 'post4436595584')"><pre>                and len(self.query.objs) &gt; 1</pre></li>
E                         
E                           <li onclick="toggle('pre4436595584', 'post4436595584')"><pre>            ):</pre></li>
E                         
E                           <li onclick="toggle('pre4436595584', 'post4436595584')"><pre>                rows = self.connection.ops.fetch_returned_insert_rows(cursor)</pre></li>
E                         
E                           <li onclick="toggle('pre4436595584', 'post4436595584')"><pre>                cols = [field.get_col(opts.db_table) for field in self.returning_fields]</pre></li>
E                         
E                           <li onclick="toggle('pre4436595584', 'post4436595584')"><pre>            elif self.connection.features.can_return_columns_from_insert:</pre></li>
E                         
E                           <li onclick="toggle('pre4436595584', 'post4436595584')"><pre>                assert len(self.query.objs) == 1</pre></li>
E                         
E                           <li onclick="toggle('pre4436595584', 'post4436595584')"><pre>                rows = [</pre></li>
E                         
E                         </ol>
E                       
E                       <ol start="1894" class="context-line">
E                         <li onclick="toggle('pre4436595584', 'post4436595584')"><pre>                    self.connection.ops.fetch_returned_insert_columns(
E                                   ^</pre> <span>…</span></li>
E                       </ol>
E                       
E                         <ol start='1895' class="post-context" id="post4436595584">
E                           
E                           <li onclick="toggle('pre4436595584', 'post4436595584')"><pre>                        cursor,</pre></li>
E                           
E                           <li onclick="toggle('pre4436595584', 'post4436595584')"><pre>                        self.returning_params,</pre></li>
E                           
E                           <li onclick="toggle('pre4436595584', 'post4436595584')"><pre>                    )</pre></li>
E                           
E                           <li onclick="toggle('pre4436595584', 'post4436595584')"><pre>                ]</pre></li>
E                           
E                           <li onclick="toggle('pre4436595584', 'post4436595584')"><pre>                cols = [field.get_col(opts.db_table) for field in self.returning_fields]</pre></li>
E                           
E                           <li onclick="toggle('pre4436595584', 'post4436595584')"><pre>            elif returning_fields and isinstance(</pre></li>
E                           
E                       </ol>
E                       
E                     </div>
E                   
E         
E                   
E                     
E                       <details>
E                         <summary class="commands">Local vars</summary>
E                     
E                     <table class="vars" id="v4436595584">
E                       <thead>
E                         <tr>
E                           <th scope="col">Variable</th>
E                           <th scope="col">Value</th>
E                         </tr>
E                       </thead>
E                       <tbody>
E                         
E                           <tr>
E                             <td>cols</td>
E                             <td class="code"><pre>[]</pre></td>
E                           </tr>
E                         
E                           <tr>
E                             <td>cursor</td>
E                             <td class="code"><pre>&lt;django.db.backends.utils.CursorDebugWrapper object at 0x10876f650&gt;</pre></td>
E                           </tr>
E                         
E                           <tr>
E                             <td>opts</td>
E                             <td class="code"><pre>&lt;Options for Client&gt;</pre></td>
E                           </tr>
E                         
E                           <tr>
E                             <td>params</td>
E                             <td class="code"><pre>(&#x27;2025-07-14 11:43:29.255336&#x27;,
E          &#x27;2025-07-14 11:43:29.255346&#x27;,
E          67,
E          &#x27;Bamako, ACI 2000&#x27;,
E          &#x27;+223 77 88 99 00&#x27;,
E          True)</pre></td>
E                           </tr>
E                         
E                           <tr>
E                             <td>returning_fields</td>
E                             <td class="code"><pre>[&lt;django.db.models.fields.BigAutoField: id&gt;]</pre></td>
E                           </tr>
E                         
E                           <tr>
E                             <td>self</td>
E                             <td class="code"><pre>&lt;SQLInsertCompiler model=Client connection=&lt;DatabaseWrapper vendor=&#x27;sqlite&#x27; alias=&#x27;default&#x27;&gt; using=&#x27;default&#x27;&gt;</pre></td>
E                           </tr>
E                         
E                           <tr>
E                             <td>sql</td>
E                             <td class="code"><pre>(&#x27;INSERT INTO &quot;depannage_client&quot; (&quot;created_at&quot;, &quot;updated_at&quot;, &quot;user_id&quot;, &#x27;
E          &#x27;&quot;address&quot;, &quot;phone&quot;, &quot;is_active&quot;) VALUES (%s, %s, %s, %s, %s, %s) RETURNING &#x27;
E          &#x27;&quot;depannage_client&quot;.&quot;id&quot;&#x27;)</pre></td>
E                           </tr>
E                         
E                       </tbody>
E                     </table>
E                     </details>
E                   
E                 </li>
E               
E                 
E                 <li class="frame django">
E                   
E                     <code class="fname">/Users/mohamedbechirdiarra/Downloads/prototypeGamma/Backend/venv/lib/python3.13/site-packages/django/db/backends/base/operations.py</code>, line 215, in fetch_returned_insert_columns
E                   
E         
E                   
E                     <div class="context" id="c4436601280">
E                       
E                         <ol start="208" class="pre-context" id="pre4436601280">
E                         
E                           <li onclick="toggle('pre4436601280', 'post4436601280')"><pre>            return [&quot;DISTINCT&quot;], []</pre></li>
E                         
E                           <li onclick="toggle('pre4436601280', 'post4436601280')"><pre></pre></li>
E                         
E                           <li onclick="toggle('pre4436601280', 'post4436601280')"><pre>    def fetch_returned_insert_columns(self, cursor, returning_params):</pre></li>
E                         
E                           <li onclick="toggle('pre4436601280', 'post4436601280')"><pre>        &quot;&quot;&quot;</pre></li>
E                         
E                           <li onclick="toggle('pre4436601280', 'post4436601280')"><pre>        Given a cursor object that has just performed an INSERT...RETURNING</pre></li>
E                         
E                           <li onclick="toggle('pre4436601280', 'post4436601280')"><pre>        statement into a table, return the newly created data.</pre></li>
E                         
E                           <li onclick="toggle('pre4436601280', 'post4436601280')"><pre>        &quot;&quot;&quot;</pre></li>
E                         
E                         </ol>
E                       
E                       <ol start="215" class="context-line">
E                         <li onclick="toggle('pre4436601280', 'post4436601280')"><pre>        return cursor.fetchone()
E                             ^^^^^^^^^^^^^^^^^</pre> <span>…</span></li>
E                       </ol>
E                       
E                         <ol start='216' class="post-context" id="post4436601280">
E                           
E                           <li onclick="toggle('pre4436601280', 'post4436601280')"><pre></pre></li>
E                           
E                           <li onclick="toggle('pre4436601280', 'post4436601280')"><pre>    def field_cast_sql(self, db_type, internal_type):</pre></li>
E                           
E                           <li onclick="toggle('pre4436601280', 'post4436601280')"><pre>        &quot;&quot;&quot;</pre></li>
E                           
E                           <li onclick="toggle('pre4436601280', 'post4436601280')"><pre>        Given a column type (e.g. &#x27;BLOB&#x27;, &#x27;VARCHAR&#x27;) and an internal type</pre></li>
E                           
E                           <li onclick="toggle('pre4436601280', 'post4436601280')"><pre>        (e.g. &#x27;GenericIPAddressField&#x27;), return the SQL to cast it before using</pre></li>
E                           
E                           <li onclick="toggle('pre4436601280', 'post4436601280')"><pre>        it in a WHERE statement. The resulting string should contain a &#x27;%s&#x27;</pre></li>
E                           
E                       </ol>
E                       
E                     </div>
E                   
E         
E                   
E                     
E                       <details>
E                         <summary class="commands">Local vars</summary>
E                     
E                     <table class="vars" id="v4436601280">
E                       <thead>
E                         <tr>
E                           <th scope="col">Variable</th>
E                           <th scope="col">Value</th>
E                         </tr>
E                       </thead>
E                       <tbody>
E                         
E                           <tr>
E                             <td>cursor</td>
E                             <td class="code"><pre>&lt;django.db.backends.utils.CursorDebugWrapper object at 0x10876f650&gt;</pre></td>
E                           </tr>
E                         
E                           <tr>
E                             <td>returning_params</td>
E                             <td class="code"><pre>()</pre></td>
E                           </tr>
E                         
E                           <tr>
E                             <td>self</td>
E                             <td class="code"><pre>&lt;django.db.backends.sqlite3.operations.DatabaseOperations object at 0x10876df70&gt;</pre></td>
E                           </tr>
E                         
E                       </tbody>
E                     </table>
E                     </details>
E                   
E                 </li>
E               
E                 
E                 <li class="frame django">
E                   
E                     <code class="fname">/Users/mohamedbechirdiarra/Downloads/prototypeGamma/Backend/venv/lib/python3.13/site-packages/django/db/utils.py</code>, line 97, in inner
E                   
E         
E                   
E                     <div class="context" id="c4436603264">
E                       
E                         <ol start="90" class="pre-context" id="pre4436603264">
E                         
E                           <li onclick="toggle('pre4436603264', 'post4436603264')"><pre>                    self.wrapper.errors_occurred = True</pre></li>
E                         
E                           <li onclick="toggle('pre4436603264', 'post4436603264')"><pre>                raise dj_exc_value.with_traceback(traceback) from exc_value</pre></li>
E                         
E                           <li onclick="toggle('pre4436603264', 'post4436603264')"><pre></pre></li>
E                         
E                           <li onclick="toggle('pre4436603264', 'post4436603264')"><pre>    def __call__(self, func):</pre></li>
E                         
E                           <li onclick="toggle('pre4436603264', 'post4436603264')"><pre>        # Note that we are intentionally not using @wraps here for performance</pre></li>
E                         
E                           <li onclick="toggle('pre4436603264', 'post4436603264')"><pre>        # reasons. Refs #21109.</pre></li>
E                         
E                           <li onclick="toggle('pre4436603264', 'post4436603264')"><pre>        def inner(*args, **kwargs):</pre></li>
E                         
E                         </ol>
E                       
E                       <ol start="97" class="context-line">
E                         <li onclick="toggle('pre4436603264', 'post4436603264')"><pre>            with self:
E                              ^^^^</pre> <span>…</span></li>
E                       </ol>
E                       
E                         <ol start='98' class="post-context" id="post4436603264">
E                           
E                           <li onclick="toggle('pre4436603264', 'post4436603264')"><pre>                return func(*args, **kwargs)</pre></li>
E                           
E                           <li onclick="toggle('pre4436603264', 'post4436603264')"><pre></pre></li>
E                           
E                           <li onclick="toggle('pre4436603264', 'post4436603264')"><pre>        return inner</pre></li>
E                           
E                           <li onclick="toggle('pre4436603264', 'post4436603264')"><pre></pre></li>
E                           
E                           <li onclick="toggle('pre4436603264', 'post4436603264')"><pre></pre></li>
E                           
E                           <li onclick="toggle('pre4436603264', 'post4436603264')"><pre>def load_backend(backend_name):</pre></li>
E                           
E                       </ol>
E                       
E                     </div>
E                   
E         
E                   
E                     
E                       <details>
E                         <summary class="commands">Local vars</summary>
E                     
E                     <table class="vars" id="v4436603264">
E                       <thead>
E                         <tr>
E                           <th scope="col">Variable</th>
E                           <th scope="col">Value</th>
E                         </tr>
E                       </thead>
E                       <tbody>
E                         
E                           <tr>
E                             <td>args</td>
E                             <td class="code"><pre>()</pre></td>
E                           </tr>
E                         
E                           <tr>
E                             <td>func</td>
E                             <td class="code"><pre>&lt;built-in method fetchone of SQLiteCursorWrapper object at 0x1087b68d0&gt;</pre></td>
E                           </tr>
E                         
E                           <tr>
E                             <td>kwargs</td>
E                             <td class="code"><pre>{}</pre></td>
E                           </tr>
E                         
E                           <tr>
E                             <td>self</td>
E                             <td class="code"><pre>&lt;django.db.utils.DatabaseErrorWrapper object at 0x1087485f0&gt;</pre></td>
E                           </tr>
E                         
E                       </tbody>
E                     </table>
E                     </details>
E                   
E                 </li>
E               
E                 
E                 <li class="frame django">
E                   
E                     <code class="fname">/Users/mohamedbechirdiarra/Downloads/prototypeGamma/Backend/venv/lib/python3.13/site-packages/django/db/utils.py</code>, line 91, in __exit__
E                   
E         
E                   
E                     <div class="context" id="c4436605824">
E                       
E                         <ol start="84" class="pre-context" id="pre4436605824">
E                         
E                           <li onclick="toggle('pre4436605824', 'post4436605824')"><pre>            db_exc_type = getattr(self.wrapper.Database, dj_exc_type.__name__)</pre></li>
E                         
E                           <li onclick="toggle('pre4436605824', 'post4436605824')"><pre>            if issubclass(exc_type, db_exc_type):</pre></li>
E                         
E                           <li onclick="toggle('pre4436605824', 'post4436605824')"><pre>                dj_exc_value = dj_exc_type(*exc_value.args)</pre></li>
E                         
E                           <li onclick="toggle('pre4436605824', 'post4436605824')"><pre>                # Only set the &#x27;errors_occurred&#x27; flag for errors that may make</pre></li>
E                         
E                           <li onclick="toggle('pre4436605824', 'post4436605824')"><pre>                # the connection unusable.</pre></li>
E                         
E                           <li onclick="toggle('pre4436605824', 'post4436605824')"><pre>                if dj_exc_type not in (DataError, IntegrityError):</pre></li>
E                         
E                           <li onclick="toggle('pre4436605824', 'post4436605824')"><pre>                    self.wrapper.errors_occurred = True</pre></li>
E                         
E                         </ol>
E                       
E                       <ol start="91" class="context-line">
E                         <li onclick="toggle('pre4436605824', 'post4436605824')"><pre>                raise dj_exc_value.with_traceback(traceback) from exc_value
E                             ^^^^^^^^^^^^^^^^^^^^^^^^^^^^^^^^^^^^^^^^^^^^^^^^^^^^^^^^^^^</pre> <span>…</span></li>
E                       </ol>
E                       
E                         <ol start='92' class="post-context" id="post4436605824">
E                           
E                           <li onclick="toggle('pre4436605824', 'post4436605824')"><pre></pre></li>
E                           
E                           <li onclick="toggle('pre4436605824', 'post4436605824')"><pre>    def __call__(self, func):</pre></li>
E                           
E                           <li onclick="toggle('pre4436605824', 'post4436605824')"><pre>        # Note that we are intentionally not using @wraps here for performance</pre></li>
E                           
E                           <li onclick="toggle('pre4436605824', 'post4436605824')"><pre>        # reasons. Refs #21109.</pre></li>
E                           
E                           <li onclick="toggle('pre4436605824', 'post4436605824')"><pre>        def inner(*args, **kwargs):</pre></li>
E                           
E                           <li onclick="toggle('pre4436605824', 'post4436605824')"><pre>            with self:</pre></li>
E                           
E                       </ol>
E                       
E                     </div>
E                   
E         
E                   
E                     
E                       <details>
E                         <summary class="commands">Local vars</summary>
E                     
E                     <table class="vars" id="v4436605824">
E                       <thead>
E                         <tr>
E                           <th scope="col">Variable</th>
E                           <th scope="col">Value</th>
E                         </tr>
E                       </thead>
E                       <tbody>
E                         
E                           <tr>
E                             <td>db_exc_type</td>
E                             <td class="code"><pre>&lt;class &#x27;sqlite3.IntegrityError&#x27;&gt;</pre></td>
E                           </tr>
E                         
E                           <tr>
E                             <td>dj_exc_type</td>
E                             <td class="code"><pre>&lt;class &#x27;django.db.utils.IntegrityError&#x27;&gt;</pre></td>
E                           </tr>
E                         
E                           <tr>
E                             <td>dj_exc_value</td>
E                             <td class="code"><pre>IntegrityError(&#x27;FOREIGN KEY constraint failed&#x27;)</pre></td>
E                           </tr>
E                         
E                           <tr>
E                             <td>exc_type</td>
E                             <td class="code"><pre>&lt;class &#x27;sqlite3.IntegrityError&#x27;&gt;</pre></td>
E                           </tr>
E                         
E                           <tr>
E                             <td>exc_value</td>
E                             <td class="code"><pre>IntegrityError(&#x27;FOREIGN KEY constraint failed&#x27;)</pre></td>
E                           </tr>
E                         
E                           <tr>
E                             <td>self</td>
E                             <td class="code"><pre>&lt;django.db.utils.DatabaseErrorWrapper object at 0x1087485f0&gt;</pre></td>
E                           </tr>
E                         
E                           <tr>
E                             <td>traceback</td>
E                             <td class="code"><pre>&lt;traceback object at 0x1087116c0&gt;</pre></td>
E                           </tr>
E                         
E                       </tbody>
E                     </table>
E                     </details>
E                   
E                 </li>
E               
E                 
E                 <li class="frame django">
E                   
E                     <code class="fname">/Users/mohamedbechirdiarra/Downloads/prototypeGamma/Backend/venv/lib/python3.13/site-packages/django/db/utils.py</code>, line 98, in inner
E                   
E         
E                   
E                     <div class="context" id="c4436596416">
E                       
E                         <ol start="91" class="pre-context" id="pre4436596416">
E                         
E                           <li onclick="toggle('pre4436596416', 'post4436596416')"><pre>                raise dj_exc_value.with_traceback(traceback) from exc_value</pre></li>
E                         
E                           <li onclick="toggle('pre4436596416', 'post4436596416')"><pre></pre></li>
E                         
E                           <li onclick="toggle('pre4436596416', 'post4436596416')"><pre>    def __call__(self, func):</pre></li>
E                         
E                           <li onclick="toggle('pre4436596416', 'post4436596416')"><pre>        # Note that we are intentionally not using @wraps here for performance</pre></li>
E                         
E                           <li onclick="toggle('pre4436596416', 'post4436596416')"><pre>        # reasons. Refs #21109.</pre></li>
E                         
E                           <li onclick="toggle('pre4436596416', 'post4436596416')"><pre>        def inner(*args, **kwargs):</pre></li>
E                         
E                           <li onclick="toggle('pre4436596416', 'post4436596416')"><pre>            with self:</pre></li>
E                         
E                         </ol>
E                       
E                       <ol start="98" class="context-line">
E                         <li onclick="toggle('pre4436596416', 'post4436596416')"><pre>                return func(*args, **kwargs)
E                                    ^^^^^^^^^^^^^^^^^^^^^</pre> <span>…</span></li>
E                       </ol>
E                       
E                         <ol start='99' class="post-context" id="post4436596416">
E                           
E                           <li onclick="toggle('pre4436596416', 'post4436596416')"><pre></pre></li>
E                           
E                           <li onclick="toggle('pre4436596416', 'post4436596416')"><pre>        return inner</pre></li>
E                           
E                           <li onclick="toggle('pre4436596416', 'post4436596416')"><pre></pre></li>
E                           
E                           <li onclick="toggle('pre4436596416', 'post4436596416')"><pre></pre></li>
E                           
E                           <li onclick="toggle('pre4436596416', 'post4436596416')"><pre>def load_backend(backend_name):</pre></li>
E                           
E                           <li onclick="toggle('pre4436596416', 'post4436596416')"><pre>    &quot;&quot;&quot;</pre></li>
E                           
E                       </ol>
E                       
E                     </div>
E                   
E         
E                   
E                     
E                       <details>
E                         <summary class="commands">Local vars</summary>
E                     
E                     <table class="vars" id="v4436596416">
E                       <thead>
E                         <tr>
E                           <th scope="col">Variable</th>
E                           <th scope="col">Value</th>
E                         </tr>
E                       </thead>
E                       <tbody>
E                         
E                           <tr>
E                             <td>args</td>
E                             <td class="code"><pre>()</pre></td>
E                           </tr>
E                         
E                           <tr>
E                             <td>func</td>
E                             <td class="code"><pre>&lt;built-in method fetchone of SQLiteCursorWrapper object at 0x1087b68d0&gt;</pre></td>
E                           </tr>
E                         
E                           <tr>
E                             <td>kwargs</td>
E                             <td class="code"><pre>{}</pre></td>
E                           </tr>
E                         
E                           <tr>
E                             <td>self</td>
E                             <td class="code"><pre>&lt;django.db.utils.DatabaseErrorWrapper object at 0x1087485f0&gt;</pre></td>
E                           </tr>
E                         
E                       </tbody>
E                     </table>
E                     </details>
E                   
E                 </li>
E               
E             </ul>
E           </div>
E         
E           <form action="https://dpaste.com/" name="pasteform" id="pasteform" method="post">
E           <div id="pastebinTraceback" class="pastebin">
E             <input type="hidden" name="language" value="PythonConsole">
E             <input type="hidden" name="title"
E               value="IntegrityError at /users/register/">
E             <input type="hidden" name="source" value="Django Dpaste Agent">
E             <input type="hidden" name="poster" value="Django">
E             <textarea name="content" id="traceback_area" cols="140" rows="25">
E         Environment:
E         
E         
E         Request Method: POST
E         Request URL: http://127.0.0.1:8000/users/register/
E         
E         Django Version: 5.2.4
E         Python Version: 3.13.5
E         Installed Applications:
E         [&#x27;django.contrib.admin&#x27;,
E          &#x27;django.contrib.auth&#x27;,
E          &#x27;django.contrib.contenttypes&#x27;,
E          &#x27;django.contrib.sessions&#x27;,
E          &#x27;django.contrib.messages&#x27;,
E          &#x27;django.contrib.staticfiles&#x27;,
E          &#x27;rest_framework&#x27;,
E          &#x27;corsheaders&#x27;,
E          &#x27;users&#x27;,
E          &#x27;depannage&#x27;,
E          &#x27;rest_framework_simplejwt&#x27;,
E          &#x27;rest_framework_simplejwt.token_blacklist&#x27;,
E          &#x27;channels&#x27;]
E         Installed Middleware:
E         [&#x27;corsheaders.middleware.CorsMiddleware&#x27;,
E          &#x27;django.middleware.security.SecurityMiddleware&#x27;,
E          &#x27;django.contrib.sessions.middleware.SessionMiddleware&#x27;,
E          &#x27;django.middleware.common.CommonMiddleware&#x27;,
E          &#x27;django.middleware.csrf.CsrfViewMiddleware&#x27;,
E          &#x27;django.contrib.auth.middleware.AuthenticationMiddleware&#x27;,
E          &#x27;django.contrib.messages.middleware.MessageMiddleware&#x27;,
E          &#x27;django.middleware.clickjacking.XFrameOptionsMiddleware&#x27;,
E          &#x27;auth.middleware.JWTSecurityMiddleware&#x27;,
E          &#x27;auth.middleware.TokenValidationMiddleware&#x27;]
E         
E         
E         
E         Traceback (most recent call last):
E           File "/Users/mohamedbechirdiarra/Downloads/prototypeGamma/Backend/venv/lib/python3.13/site-packages/django/db/utils.py", line 98, in inner
E             return func(*args, **kwargs)
E                    ^^^^^^^^^^^^^^^^^^^^^
E         
E         The above exception (FOREIGN KEY constraint failed) was the direct cause of the following exception:
E           File "/Users/mohamedbechirdiarra/Downloads/prototypeGamma/Backend/venv/lib/python3.13/site-packages/django/core/handlers/exception.py", line 42, in inner
E             response = await get_response(request)
E                        ^^^^^^^^^^^^^^^^^^^^^^^^^^^
E           File "/Users/mohamedbechirdiarra/Downloads/prototypeGamma/Backend/venv/lib/python3.13/site-packages/django/core/handlers/base.py", line 253, in _get_response_async
E             response = await wrapped_callback(
E                        
E           File "/Users/mohamedbechirdiarra/Downloads/prototypeGamma/Backend/venv/lib/python3.13/site-packages/django/views/decorators/csrf.py", line 65, in _view_wrapper
E             return view_func(request, *args, **kwargs)
E                    ^^^^^^^^^^^^^^^^^^^^^^^^^^^^^^^^^^^
E           File "/Users/mohamedbechirdiarra/Downloads/prototypeGamma/Backend/venv/lib/python3.13/site-packages/rest_framework/viewsets.py", line 125, in view
E             return self.dispatch(request, *args, **kwargs)
E                    ^^^^^^^^^^^^^^^^^^^^^^^^^^^^^^^^^^^^^^^
E           File "/Users/mohamedbechirdiarra/Downloads/prototypeGamma/Backend/users/views.py", line 641, in dispatch
E             return super().dispatch(request, *args, **kwargs)
E                    ^^^^^^^^^^^^^^^^^^^^^^^^^^^^^^^^^^^^^^^^^^
E           File "/Users/mohamedbechirdiarra/Downloads/prototypeGamma/Backend/venv/lib/python3.13/site-packages/rest_framework/views.py", line 515, in dispatch
E             response = self.handle_exception(exc)
E                        ^^^^^^^^^^^^^^^^^^^^^^^^^^
E           File "/Users/mohamedbechirdiarra/Downloads/prototypeGamma/Backend/venv/lib/python3.13/site-packages/rest_framework/views.py", line 475, in handle_exception
E             self.raise_uncaught_exception(exc)
E             ^^^^^^^^^^^^^^^^^^^^^^^^^^^^^^^^^^
E           File "/Users/mohamedbechirdiarra/Downloads/prototypeGamma/Backend/venv/lib/python3.13/site-packages/rest_framework/views.py", line 486, in raise_uncaught_exception
E             raise exc
E             ^^^^^^^^^
E           File "/Users/mohamedbechirdiarra/Downloads/prototypeGamma/Backend/venv/lib/python3.13/site-packages/rest_framework/views.py", line 512, in dispatch
E             response = handler(request, *args, **kwargs)
E                        ^^^^^^^^^^^^^^^^^^^^^^^^^^^^^^^^^
E           File "/Users/mohamedbechirdiarra/Downloads/prototypeGamma/Backend/users/views.py", line 311, in register
E             user = serializer.save()
E                    ^^^^^^^^^^^^^^^^^
E           File "/Users/mohamedbechirdiarra/Downloads/prototypeGamma/Backend/venv/lib/python3.13/site-packages/rest_framework/serializers.py", line 210, in save
E             self.instance = self.create(validated_data)
E                             ^^^^^^^^^^^^^^^^^^^^^^^^^^^
E           File "/Users/mohamedbechirdiarra/Downloads/prototypeGamma/Backend/users/serializers.py", line 164, in create
E             Client.objects.create(user=user, address=address, phone=phone)
E             ^^^^^^^^^^^^^^^^^^^^^^^^^^^^^^^^^^^^^^^^^^^^^^^^^^^^^^^^^^^^^^
E           File "/Users/mohamedbechirdiarra/Downloads/prototypeGamma/Backend/venv/lib/python3.13/site-packages/django/db/models/manager.py", line 87, in manager_method
E             return getattr(self.get_queryset(), name)(*args, **kwargs)
E                    ^^^^^^^^^^^^^^^^^^^^^^^^^^^^^^^^^^^^^^^^^^^^^^^^^^^
E           File "/Users/mohamedbechirdiarra/Downloads/prototypeGamma/Backend/venv/lib/python3.13/site-packages/django/db/models/query.py", line 663, in create
E             obj.save(force_insert=True, using=self.db)
E             ^^^^^^^^^^^^^^^^^^^^^^^^^^^^^^^^^^^^^^^^^^
E           File "/Users/mohamedbechirdiarra/Downloads/prototypeGamma/Backend/venv/lib/python3.13/site-packages/django/db/models/base.py", line 902, in save
E             self.save_base(
E             ^
E           File "/Users/mohamedbechirdiarra/Downloads/prototypeGamma/Backend/venv/lib/python3.13/site-packages/django/db/models/base.py", line 1008, in save_base
E             updated = self._save_table(
E                       
E           File "/Users/mohamedbechirdiarra/Downloads/prototypeGamma/Backend/venv/lib/python3.13/site-packages/django/db/models/base.py", line 1169, in _save_table
E             results = self._do_insert(
E                       
E           File "/Users/mohamedbechirdiarra/Downloads/prototypeGamma/Backend/venv/lib/python3.13/site-packages/django/db/models/base.py", line 1210, in _do_insert
E             return manager._insert(
E                    
E           File "/Users/mohamedbechirdiarra/Downloads/prototypeGamma/Backend/venv/lib/python3.13/site-packages/django/db/models/manager.py", line 87, in manager_method
E             return getattr(self.get_queryset(), name)(*args, **kwargs)
E                    ^^^^^^^^^^^^^^^^^^^^^^^^^^^^^^^^^^^^^^^^^^^^^^^^^^^
E           File "/Users/mohamedbechirdiarra/Downloads/prototypeGamma/Backend/venv/lib/python3.13/site-packages/django/db/models/query.py", line 1868, in _insert
E             return query.get_compiler(using=using).execute_sql(returning_fields)
E                    ^^^^^^^^^^^^^^^^^^^^^^^^^^^^^^^^^^^^^^^^^^^^^^^^^^^^^^^^^^^^^
E           File "/Users/mohamedbechirdiarra/Downloads/prototypeGamma/Backend/venv/lib/python3.13/site-packages/django/db/models/sql/compiler.py", line 1894, in execute_sql
E             self.connection.ops.fetch_returned_insert_columns(
E             ^
E           File "/Users/mohamedbechirdiarra/Downloads/prototypeGamma/Backend/venv/lib/python3.13/site-packages/django/db/backends/base/operations.py", line 215, in fetch_returned_insert_columns
E             return cursor.fetchone()
E                    ^^^^^^^^^^^^^^^^^
E           File "/Users/mohamedbechirdiarra/Downloads/prototypeGamma/Backend/venv/lib/python3.13/site-packages/django/db/utils.py", line 97, in inner
E             with self:
E                  ^^^^
E           File "/Users/mohamedbechirdiarra/Downloads/prototypeGamma/Backend/venv/lib/python3.13/site-packages/django/db/utils.py", line 91, in __exit__
E             raise dj_exc_value.with_traceback(traceback) from exc_value
E             ^^^^^^^^^^^^^^^^^^^^^^^^^^^^^^^^^^^^^^^^^^^^^^^^^^^^^^^^^^^
E           File "/Users/mohamedbechirdiarra/Downloads/prototypeGamma/Backend/venv/lib/python3.13/site-packages/django/db/utils.py", line 98, in inner
E             return func(*args, **kwargs)
E                    ^^^^^^^^^^^^^^^^^^^^^
E         
E         Exception Type: IntegrityError at /users/register/
E         Exception Value: FOREIGN KEY constraint failed
E         </textarea>
E           <br><br>
E           <input type="submit" value="Share this traceback on a public website">
E           </div>
E         </form>
E         
E         </div>
E         
E         
E         <div id="requestinfo">
E           <h2>Request information</h2>
E         
E         
E           
E             <h3 id="user-info">USER</h3>
E             <p>AnonymousUser</p>
E           
E         
E           <h3 id="get-info">GET</h3>
E           
E             <p>No GET data</p>
E           
E         
E           <h3 id="post-info">POST</h3>
E           
E             <p>No POST data</p>
E           
E         
E           <h3 id="files-info">FILES</h3>
E           
E             <p>No FILES data</p>
E           
E         
E           <h3 id="cookie-info">COOKIES</h3>
E           
E             <p>No cookie data</p>
E           
E         
E           <h3 id="meta-info">META</h3>
E           <table class="req">
E             <thead>
E               <tr>
E                 <th scope="col">Variable</th>
E                 <th scope="col">Value</th>
E               </tr>
E             </thead>
E             <tbody>
E               
E                 <tr>
E                   <td>CONTENT_LENGTH</td>
E                   <td class="code"><pre>&#x27;287&#x27;</pre></td>
E                 </tr>
E               
E                 <tr>
E                   <td>CONTENT_TYPE</td>
E                   <td class="code"><pre>&#x27;application/json&#x27;</pre></td>
E                 </tr>
E               
E                 <tr>
E                   <td>HTTP_ACCEPT</td>
E                   <td class="code"><pre>&#x27;*/*&#x27;</pre></td>
E                 </tr>
E               
E                 <tr>
E                   <td>HTTP_ACCEPT_ENCODING</td>
E                   <td class="code"><pre>&#x27;gzip, deflate&#x27;</pre></td>
E                 </tr>
E               
E                 <tr>
E                   <td>HTTP_CONNECTION</td>
E                   <td class="code"><pre>&#x27;keep-alive&#x27;</pre></td>
E                 </tr>
E               
E                 <tr>
E                   <td>HTTP_HOST</td>
E                   <td class="code"><pre>&#x27;127.0.0.1:8000&#x27;</pre></td>
E                 </tr>
E               
E                 <tr>
E                   <td>HTTP_USER_AGENT</td>
E                   <td class="code"><pre>&#x27;python-requests/2.32.4&#x27;</pre></td>
E                 </tr>
E               
E                 <tr>
E                   <td>PATH_INFO</td>
E                   <td class="code"><pre>&#x27;/users/register/&#x27;</pre></td>
E                 </tr>
E               
E                 <tr>
E                   <td>QUERY_STRING</td>
E                   <td class="code"><pre>&#x27;&#x27;</pre></td>
E                 </tr>
E               
E                 <tr>
E                   <td>REMOTE_ADDR</td>
E                   <td class="code"><pre>&#x27;127.0.0.1&#x27;</pre></td>
E                 </tr>
E               
E                 <tr>
E                   <td>REMOTE_HOST</td>
E                   <td class="code"><pre>&#x27;127.0.0.1&#x27;</pre></td>
E                 </tr>
E               
E                 <tr>
E                   <td>REMOTE_PORT</td>
E                   <td class="code"><pre>53748</pre></td>
E                 </tr>
E               
E                 <tr>
E                   <td>REQUEST_METHOD</td>
E                   <td class="code"><pre>&#x27;POST&#x27;</pre></td>
E                 </tr>
E               
E                 <tr>
E                   <td>SCRIPT_NAME</td>
E                   <td class="code"><pre>&#x27;&#x27;</pre></td>
E                 </tr>
E               
E                 <tr>
E                   <td>SERVER_NAME</td>
E                   <td class="code"><pre>&#x27;127.0.0.1&#x27;</pre></td>
E                 </tr>
E               
E                 <tr>
E                   <td>SERVER_PORT</td>
E                   <td class="code"><pre>&#x27;8000&#x27;</pre></td>
E                 </tr>
E               
E                 <tr>
E                   <td>wsgi.multiprocess</td>
E                   <td class="code"><pre>True</pre></td>
E                 </tr>
E               
E                 <tr>
E                   <td>wsgi.multithread</td>
E                   <td class="code"><pre>True</pre></td>
E                 </tr>
E               
E             </tbody>
E           </table>
E         
E         
E           <h3 id="settings-info">Settings</h3>
E           <h4>Using settings module <code>Backend.auth.settings</code></h4>
E           <table class="req">
E             <thead>
E               <tr>
E                 <th scope="col">Setting</th>
E                 <th scope="col">Value</th>
E               </tr>
E             </thead>
E             <tbody>
E               
E                 <tr>
E                   <td>ABSOLUTE_URL_OVERRIDES</td>
E                   <td class="code"><pre>{}</pre></td>
E                 </tr>
E               
E                 <tr>
E                   <td>ADMINS</td>
E                   <td class="code"><pre>[]</pre></td>
E                 </tr>
E               
E                 <tr>
E                   <td>ALLOWED_HOSTS</td>
E                   <td class="code"><pre>[&#x27;127.0.0.1&#x27;, &#x27;localhost&#x27;, &#x27;testserver&#x27;]</pre></td>
E                 </tr>
E               
E                 <tr>
E                   <td>APPEND_SLASH</td>
E                   <td class="code"><pre>True</pre></td>
E                 </tr>
E               
E                 <tr>
E                   <td>ASGI_APPLICATION</td>
E                   <td class="code"><pre>&#x27;auth.asgi.application&#x27;</pre></td>
E                 </tr>
E               
E                 <tr>
E                   <td>AUTHENTICATION_BACKENDS</td>
E                   <td class="code"><pre>&#x27;********************&#x27;</pre></td>
E                 </tr>
E               
E                 <tr>
E                   <td>AUTH_PASSWORD_VALIDATORS</td>
E                   <td class="code"><pre>&#x27;********************&#x27;</pre></td>
E                 </tr>
E               
E                 <tr>
E                   <td>AUTH_USER_MODEL</td>
E                   <td class="code"><pre>&#x27;********************&#x27;</pre></td>
E                 </tr>
E               
E                 <tr>
E                   <td>BASE_DIR</td>
E                   <td class="code"><pre>PosixPath(&#x27;/Users/mohamedbechirdiarra/Downloads/prototypeGamma/Backend&#x27;)</pre></td>
E                 </tr>
E               
E                 <tr>
E                   <td>BASE_URL</td>
E                   <td class="code"><pre>&#x27;http://127.0.0.1:8000&#x27;</pre></td>
E                 </tr>
E               
E                 <tr>
E                   <td>CACHES</td>
E                   <td class="code"><pre>{&#x27;default&#x27;: {&#x27;BACKEND&#x27;: &#x27;django.core.cache.backends.locmem.LocMemCache&#x27;,
E                      &#x27;LOCATION&#x27;: &#x27;unique-snowflake&#x27;,
E                      &#x27;OPTIONS&#x27;: {&#x27;MAX_ENTRIES&#x27;: 1000},
E                      &#x27;TIMEOUT&#x27;: 300}}</pre></td>
E                 </tr>
E               
E                 <tr>
E                   <td>CACHE_MIDDLEWARE_ALIAS</td>
E                   <td class="code"><pre>&#x27;default&#x27;</pre></td>
E                 </tr>
E               
E                 <tr>
E                   <td>CACHE_MIDDLEWARE_KEY_PREFIX</td>
E                   <td class="code"><pre>&#x27;********************&#x27;</pre></td>
E                 </tr>
E               
E                 <tr>
E                   <td>CACHE_MIDDLEWARE_SECONDS</td>
E                   <td class="code"><pre>600</pre></td>
E                 </tr>
E               
E                 <tr>
E                   <td>CHANNEL_LAYERS</td>
E                   <td class="code"><pre>{&#x27;default&#x27;: {&#x27;BACKEND&#x27;: &#x27;channels.layers.InMemoryChannelLayer&#x27;}}</pre></td>
E                 </tr>
E               
E                 <tr>
E                   <td>CINETPAY_API_KEY</td>
E                   <td class="code"><pre>&#x27;********************&#x27;</pre></td>
E                 </tr>
E               
E                 <tr>
E                   <td>CINETPAY_CONFIG</td>
E                   <td class="code"><pre>{&#x27;API_KEY&#x27;: &#x27;********************&#x27;,
E          &#x27;API_URL&#x27;: &#x27;********************&#x27;,
E          &#x27;CURRENCY&#x27;: &#x27;XOF&#x27;,
E          &#x27;ENVIRONMENT&#x27;: &#x27;Production&#x27;,
E          &#x27;LANG&#x27;: &#x27;fr&#x27;,
E          &#x27;MODE&#x27;: &#x27;PRODUCTION&#x27;,
E          &#x27;SECRET_KEY&#x27;: &#x27;********************&#x27;,
E          &#x27;SITE_ID&#x27;: &#x27;105899471&#x27;,
E          &#x27;USE_SIMULATOR&#x27;: False}</pre></td>
E                 </tr>
E               
E                 <tr>
E                   <td>CINETPAY_ENVIRONMENT</td>
E                   <td class="code"><pre>&#x27;Production&#x27;</pre></td>
E                 </tr>
E               
E                 <tr>
E                   <td>CINETPAY_SECRET_KEY</td>
E                   <td class="code"><pre>&#x27;********************&#x27;</pre></td>
E                 </tr>
E               
E                 <tr>
E                   <td>CINETPAY_SITE_ID</td>
E                   <td class="code"><pre>&#x27;105899471&#x27;</pre></td>
E                 </tr>
E               
E                 <tr>
E                   <td>CINETPAY_USE_SIMULATOR</td>
E                   <td class="code"><pre>False</pre></td>
E                 </tr>
E               
E                 <tr>
E                   <td>CORS_ALLOWED_HEADERS</td>
E                   <td class="code"><pre>[&#x27;Content-Type&#x27;, &#x27;Authorization&#x27;, &#x27;X-Requested-With&#x27;]</pre></td>
E                 </tr>
E               
E                 <tr>
E                   <td>CORS_ALLOWED_METHODS</td>
E                   <td class="code"><pre>[&#x27;GET&#x27;, &#x27;POST&#x27;, &#x27;PUT&#x27;, &#x27;DELETE&#x27;, &#x27;OPTIONS&#x27;]</pre></td>
E                 </tr>
E               
E                 <tr>
E                   <td>CORS_ALLOWED_ORIGINS</td>
E                   <td class="code"><pre>[&#x27;http://localhost:5173&#x27;,
E          &#x27;http://127.0.0.1:5173&#x27;,
E          &#x27;http://localhost:8000&#x27;,
E          &#x27;http://127.0.0.1:8000&#x27;]</pre></td>
E                 </tr>
E               
E                 <tr>
E                   <td>CORS_ALLOW_ALL_ORIGINS</td>
E                   <td class="code"><pre>True</pre></td>
E                 </tr>
E               
E                 <tr>
E                   <td>CORS_ALLOW_CREDENTIALS</td>
E                   <td class="code"><pre>True</pre></td>
E                 </tr>
E               
E                 <tr>
E                   <td>CSRF_COOKIE_AGE</td>
E                   <td class="code"><pre>31449600</pre></td>
E                 </tr>
E               
E                 <tr>
E                   <td>CSRF_COOKIE_DOMAIN</td>
E                   <td class="code"><pre>None</pre></td>
E                 </tr>
E               
E                 <tr>
E                   <td>CSRF_COOKIE_HTTPONLY</td>
E                   <td class="code"><pre>True</pre></td>
E                 </tr>
E               
E                 <tr>
E                   <td>CSRF_COOKIE_NAME</td>
E                   <td class="code"><pre>&#x27;csrftoken&#x27;</pre></td>
E                 </tr>
E               
E                 <tr>
E                   <td>CSRF_COOKIE_PATH</td>
E                   <td class="code"><pre>&#x27;/&#x27;</pre></td>
E                 </tr>
E               
E                 <tr>
E                   <td>CSRF_COOKIE_SAMESITE</td>
E                   <td class="code"><pre>&#x27;Lax&#x27;</pre></td>
E                 </tr>
E               
E                 <tr>
E                   <td>CSRF_COOKIE_SECURE</td>
E                   <td class="code"><pre>True</pre></td>
E                 </tr>
E               
E                 <tr>
E                   <td>CSRF_FAILURE_VIEW</td>
E                   <td class="code"><pre>&#x27;django.views.csrf.csrf_failure&#x27;</pre></td>
E                 </tr>
E               
E                 <tr>
E                   <td>CSRF_HEADER_NAME</td>
E                   <td class="code"><pre>&#x27;HTTP_X_CSRFTOKEN&#x27;</pre></td>
E                 </tr>
E               
E                 <tr>
E                   <td>CSRF_TRUSTED_ORIGINS</td>
E                   <td class="code"><pre>[&#x27;http://localhost:3000&#x27;, &#x27;http://127.0.0.1:3000&#x27;]</pre></td>
E                 </tr>
E               
E                 <tr>
E                   <td>CSRF_USE_SESSIONS</td>
E                   <td class="code"><pre>False</pre></td>
E                 </tr>
E               
E                 <tr>
E                   <td>DATABASES</td>
E                   <td class="code"><pre>{&#x27;default&#x27;: {&#x27;ATOMIC_REQUESTS&#x27;: False,
E                      &#x27;AUTOCOMMIT&#x27;: True,
E                      &#x27;CONN_HEALTH_CHECKS&#x27;: False,
E                      &#x27;CONN_MAX_AGE&#x27;: 0,
E                      &#x27;ENGINE&#x27;: &#x27;django.db.backends.sqlite3&#x27;,
E                      &#x27;HOST&#x27;: &#x27;&#x27;,
E                      &#x27;NAME&#x27;: PosixPath(&#x27;/Users/mohamedbechirdiarra/Downloads/prototypeGamma/Backend/db.sqlite3&#x27;),
E                      &#x27;OPTIONS&#x27;: {},
E                      &#x27;PASSWORD&#x27;: &#x27;********************&#x27;,
E                      &#x27;PORT&#x27;: &#x27;&#x27;,
E                      &#x27;TEST&#x27;: {&#x27;CHARSET&#x27;: None,
E                               &#x27;COLLATION&#x27;: None,
E                               &#x27;MIGRATE&#x27;: True,
E                               &#x27;MIRROR&#x27;: None,
E                               &#x27;NAME&#x27;: None},
E                      &#x27;TIME_ZONE&#x27;: None,
E                      &#x27;USER&#x27;: &#x27;&#x27;}}</pre></td>
E                 </tr>
E               
E                 <tr>
E                   <td>DATABASE_ROUTERS</td>
E                   <td class="code"><pre>[]</pre></td>
E                 </tr>
E               
E                 <tr>
E                   <td>DATA_UPLOAD_MAX_MEMORY_SIZE</td>
E                   <td class="code"><pre>2621440</pre></td>
E                 </tr>
E               
E                 <tr>
E                   <td>DATA_UPLOAD_MAX_NUMBER_FIELDS</td>
E                   <td class="code"><pre>1000</pre></td>
E                 </tr>
E               
E                 <tr>
E                   <td>DATA_UPLOAD_MAX_NUMBER_FILES</td>
E                   <td class="code"><pre>100</pre></td>
E                 </tr>
E               
E                 <tr>
E                   <td>DATETIME_FORMAT</td>
E                   <td class="code"><pre>&#x27;N j, Y, P&#x27;</pre></td>
E                 </tr>
E               
E                 <tr>
E                   <td>DATETIME_INPUT_FORMATS</td>
E                   <td class="code"><pre>[&#x27;%Y-%m-%d %H:%M:%S&#x27;,
E          &#x27;%Y-%m-%d %H:%M:%S.%f&#x27;,
E          &#x27;%Y-%m-%d %H:%M&#x27;,
E          &#x27;%m/%d/%Y %H:%M:%S&#x27;,
E          &#x27;%m/%d/%Y %H:%M:%S.%f&#x27;,
E          &#x27;%m/%d/%Y %H:%M&#x27;,
E          &#x27;%m/%d/%y %H:%M:%S&#x27;,
E          &#x27;%m/%d/%y %H:%M:%S.%f&#x27;,
E          &#x27;%m/%d/%y %H:%M&#x27;]</pre></td>
E                 </tr>
E               
E                 <tr>
E                   <td>DATE_FORMAT</td>
E                   <td class="code"><pre>&#x27;N j, Y&#x27;</pre></td>
E                 </tr>
E               
E                 <tr>
E                   <td>DATE_INPUT_FORMATS</td>
E                   <td class="code"><pre>[&#x27;%Y-%m-%d&#x27;,
E          &#x27;%m/%d/%Y&#x27;,
E          &#x27;%m/%d/%y&#x27;,
E          &#x27;%b %d %Y&#x27;,
E          &#x27;%b %d, %Y&#x27;,
E          &#x27;%d %b %Y&#x27;,
E          &#x27;%d %b, %Y&#x27;,
E          &#x27;%B %d %Y&#x27;,
E          &#x27;%B %d, %Y&#x27;,
E          &#x27;%d %B %Y&#x27;,
E          &#x27;%d %B, %Y&#x27;]</pre></td>
E                 </tr>
E               
E                 <tr>
E                   <td>DEBUG</td>
E                   <td class="code"><pre>True</pre></td>
E                 </tr>
E               
E                 <tr>
E                   <td>DEBUG_PROPAGATE_EXCEPTIONS</td>
E                   <td class="code"><pre>False</pre></td>
E                 </tr>
E               
E                 <tr>
E                   <td>DECIMAL_SEPARATOR</td>
E                   <td class="code"><pre>&#x27;.&#x27;</pre></td>
E                 </tr>
E               
E                 <tr>
E                   <td>DEFAULT_AUTO_FIELD</td>
E                   <td class="code"><pre>&#x27;django.db.models.BigAutoField&#x27;</pre></td>
E                 </tr>
E               
E                 <tr>
E                   <td>DEFAULT_CHARSET</td>
E                   <td class="code"><pre>&#x27;utf-8&#x27;</pre></td>
E                 </tr>
E               
E                 <tr>
E                   <td>DEFAULT_EXCEPTION_REPORTER</td>
E                   <td class="code"><pre>&#x27;django.views.debug.ExceptionReporter&#x27;</pre></td>
E                 </tr>
E               
E                 <tr>
E                   <td>DEFAULT_EXCEPTION_REPORTER_FILTER</td>
E                   <td class="code"><pre>&#x27;django.views.debug.SafeExceptionReporterFilter&#x27;</pre></td>
E                 </tr>
E               
E                 <tr>
E                   <td>DEFAULT_FROM_EMAIL</td>
E                   <td class="code"><pre>&#x27;webmaster@localhost&#x27;</pre></td>
E                 </tr>
E               
E                 <tr>
E                   <td>DEFAULT_INDEX_TABLESPACE</td>
E                   <td class="code"><pre>&#x27;&#x27;</pre></td>
E                 </tr>
E               
E                 <tr>
E                   <td>DEFAULT_TABLESPACE</td>
E                   <td class="code"><pre>&#x27;&#x27;</pre></td>
E                 </tr>
E               
E                 <tr>
E                   <td>DISALLOWED_USER_AGENTS</td>
E                   <td class="code"><pre>[]</pre></td>
E                 </tr>
E               
E                 <tr>
E                   <td>EMAIL_BACKEND</td>
E                   <td class="code"><pre>&#x27;django.core.mail.backends.console.EmailBackend&#x27;</pre></td>
E                 </tr>
E               
E                 <tr>
E                   <td>EMAIL_HOST</td>
E                   <td class="code"><pre>&#x27;localhost&#x27;</pre></td>
E                 </tr>
E               
E                 <tr>
E                   <td>EMAIL_HOST_PASSWORD</td>
E                   <td class="code"><pre>&#x27;********************&#x27;</pre></td>
E                 </tr>
E               
E                 <tr>
E                   <td>EMAIL_HOST_USER</td>
E                   <td class="code"><pre>&#x27;&#x27;</pre></td>
E                 </tr>
E               
E                 <tr>
E                   <td>EMAIL_PORT</td>
E                   <td class="code"><pre>1025</pre></td>
E                 </tr>
E               
E                 <tr>
E                   <td>EMAIL_SSL_CERTFILE</td>
E                   <td class="code"><pre>None</pre></td>
E                 </tr>
E               
E                 <tr>
E                   <td>EMAIL_SSL_KEYFILE</td>
E                   <td class="code"><pre>&#x27;********************&#x27;</pre></td>
E                 </tr>
E               
E                 <tr>
E                   <td>EMAIL_SUBJECT_PREFIX</td>
E                   <td class="code"><pre>&#x27;[Django] &#x27;</pre></td>
E                 </tr>
E               
E                 <tr>
E                   <td>EMAIL_TIMEOUT</td>
E                   <td class="code"><pre>None</pre></td>
E                 </tr>
E               
E                 <tr>
E                   <td>EMAIL_USE_LOCALTIME</td>
E                   <td class="code"><pre>False</pre></td>
E                 </tr>
E               
E                 <tr>
E                   <td>EMAIL_USE_SSL</td>
E                   <td class="code"><pre>False</pre></td>
E                 </tr>
E               
E                 <tr>
E                   <td>EMAIL_USE_TLS</td>
E                   <td class="code"><pre>False</pre></td>
E                 </tr>
E               
E                 <tr>
E                   <td>FILE_UPLOAD_DIRECTORY_PERMISSIONS</td>
E                   <td class="code"><pre>None</pre></td>
E                 </tr>
E               
E                 <tr>
E                   <td>FILE_UPLOAD_HANDLERS</td>
E                   <td class="code"><pre>[&#x27;django.core.files.uploadhandler.MemoryFileUploadHandler&#x27;,
E          &#x27;django.core.files.uploadhandler.TemporaryFileUploadHandler&#x27;]</pre></td>
E                 </tr>
E               
E                 <tr>
E                   <td>FILE_UPLOAD_MAX_MEMORY_SIZE</td>
E                   <td class="code"><pre>2621440</pre></td>
E                 </tr>
E               
E                 <tr>
E                   <td>FILE_UPLOAD_PERMISSIONS</td>
E                   <td class="code"><pre>420</pre></td>
E                 </tr>
E               
E                 <tr>
E                   <td>FILE_UPLOAD_TEMP_DIR</td>
E                   <td class="code"><pre>None</pre></td>
E                 </tr>
E               
E                 <tr>
E                   <td>FIRST_DAY_OF_WEEK</td>
E                   <td class="code"><pre>0</pre></td>
E                 </tr>
E               
E                 <tr>
E                   <td>FIXTURE_DIRS</td>
E                   <td class="code"><pre>[]</pre></td>
E                 </tr>
E               
E                 <tr>
E                   <td>FORCE_SCRIPT_NAME</td>
E                   <td class="code"><pre>None</pre></td>
E                 </tr>
E               
E                 <tr>
E                   <td>FORMAT_MODULE_PATH</td>
E                   <td class="code"><pre>None</pre></td>
E                 </tr>
E               
E                 <tr>
E                   <td>FORMS_URLFIELD_ASSUME_HTTPS</td>
E                   <td class="code"><pre>False</pre></td>
E                 </tr>
E               
E                 <tr>
E                   <td>FORM_RENDERER</td>
E                   <td class="code"><pre>&#x27;django.forms.renderers.DjangoTemplates&#x27;</pre></td>
E                 </tr>
E               
E                 <tr>
E                   <td>FRONTEND_URL</td>
E                   <td class="code"><pre>&#x27;http://127.0.0.1:5173&#x27;</pre></td>
E                 </tr>
E               
E                 <tr>
E                   <td>GDAL_LIBRARY_PATH</td>
E                   <td class="code"><pre>&#x27;C:\\OSGeo4W\\bin\\gdal311.dll&#x27;</pre></td>
E                 </tr>
E               
E                 <tr>
E                   <td>GEOLOCATION_SETTINGS</td>
E                   <td class="code"><pre>{&#x27;CACHE_TIMEOUT&#x27;: 3600, &#x27;DEFAULT_RADIUS_KM&#x27;: 10, &#x27;MAX_RADIUS_KM&#x27;: 50}</pre></td>
E                 </tr>
E               
E                 <tr>
E                   <td>GEOS_LIBRARY_PATH</td>
E                   <td class="code"><pre>&#x27;C:\\OSGeo4W\\bin\\geos_c.dll&#x27;</pre></td>
E                 </tr>
E               
E                 <tr>
E                   <td>IGNORABLE_404_URLS</td>
E                   <td class="code"><pre>[]</pre></td>
E                 </tr>
E               
E                 <tr>
E                   <td>INSTALLED_APPS</td>
E                   <td class="code"><pre>[&#x27;django.contrib.admin&#x27;,
E          &#x27;django.contrib.auth&#x27;,
E          &#x27;django.contrib.contenttypes&#x27;,
E          &#x27;django.contrib.sessions&#x27;,
E          &#x27;django.contrib.messages&#x27;,
E          &#x27;django.contrib.staticfiles&#x27;,
E          &#x27;rest_framework&#x27;,
E          &#x27;corsheaders&#x27;,
E          &#x27;users&#x27;,
E          &#x27;depannage&#x27;,
E          &#x27;rest_framework_simplejwt&#x27;,
E          &#x27;rest_framework_simplejwt.token_blacklist&#x27;,
E          &#x27;channels&#x27;]</pre></td>
E                 </tr>
E               
E                 <tr>
E                   <td>INTERNAL_IPS</td>
E                   <td class="code"><pre>[]</pre></td>
E                 </tr>
E               
E                 <tr>
E                   <td>LANGUAGES</td>
E                   <td class="code"><pre>[(&#x27;af&#x27;, &#x27;Afrikaans&#x27;),
E          (&#x27;ar&#x27;, &#x27;Arabic&#x27;),
E          (&#x27;ar-dz&#x27;, &#x27;Algerian Arabic&#x27;),
E          (&#x27;ast&#x27;, &#x27;Asturian&#x27;),
E          (&#x27;az&#x27;, &#x27;Azerbaijani&#x27;),
E          (&#x27;bg&#x27;, &#x27;Bulgarian&#x27;),
E          (&#x27;be&#x27;, &#x27;Belarusian&#x27;),
E          (&#x27;bn&#x27;, &#x27;Bengali&#x27;),
E          (&#x27;br&#x27;, &#x27;Breton&#x27;),
E          (&#x27;bs&#x27;, &#x27;Bosnian&#x27;),
E          (&#x27;ca&#x27;, &#x27;Catalan&#x27;),
E          (&#x27;ckb&#x27;, &#x27;Central Kurdish (Sorani)&#x27;),
E          (&#x27;cs&#x27;, &#x27;Czech&#x27;),
E          (&#x27;cy&#x27;, &#x27;Welsh&#x27;),
E          (&#x27;da&#x27;, &#x27;Danish&#x27;),
E          (&#x27;de&#x27;, &#x27;German&#x27;),
E          (&#x27;dsb&#x27;, &#x27;Lower Sorbian&#x27;),
E          (&#x27;el&#x27;, &#x27;Greek&#x27;),
E          (&#x27;en&#x27;, &#x27;English&#x27;),
E          (&#x27;en-au&#x27;, &#x27;Australian English&#x27;),
E          (&#x27;en-gb&#x27;, &#x27;British English&#x27;),
E          (&#x27;eo&#x27;, &#x27;Esperanto&#x27;),
E          (&#x27;es&#x27;, &#x27;Spanish&#x27;),
E          (&#x27;es-ar&#x27;, &#x27;Argentinian Spanish&#x27;),
E          (&#x27;es-co&#x27;, &#x27;Colombian Spanish&#x27;),
E          (&#x27;es-mx&#x27;, &#x27;Mexican Spanish&#x27;),
E          (&#x27;es-ni&#x27;, &#x27;Nicaraguan Spanish&#x27;),
E          (&#x27;es-ve&#x27;, &#x27;Venezuelan Spanish&#x27;),
E          (&#x27;et&#x27;, &#x27;Estonian&#x27;),
E          (&#x27;eu&#x27;, &#x27;Basque&#x27;),
E          (&#x27;fa&#x27;, &#x27;Persian&#x27;),
E          (&#x27;fi&#x27;, &#x27;Finnish&#x27;),
E          (&#x27;fr&#x27;, &#x27;French&#x27;),
E          (&#x27;fy&#x27;, &#x27;Frisian&#x27;),
E          (&#x27;ga&#x27;, &#x27;Irish&#x27;),
E          (&#x27;gd&#x27;, &#x27;Scottish Gaelic&#x27;),
E          (&#x27;gl&#x27;, &#x27;Galician&#x27;),
E          (&#x27;he&#x27;, &#x27;Hebrew&#x27;),
E          (&#x27;hi&#x27;, &#x27;Hindi&#x27;),
E          (&#x27;hr&#x27;, &#x27;Croatian&#x27;),
E          (&#x27;hsb&#x27;, &#x27;Upper Sorbian&#x27;),
E          (&#x27;hu&#x27;, &#x27;Hungarian&#x27;),
E          (&#x27;hy&#x27;, &#x27;Armenian&#x27;),
E          (&#x27;ia&#x27;, &#x27;Interlingua&#x27;),
E          (&#x27;id&#x27;, &#x27;Indonesian&#x27;),
E          (&#x27;ig&#x27;, &#x27;Igbo&#x27;),
E          (&#x27;io&#x27;, &#x27;Ido&#x27;),
E          (&#x27;is&#x27;, &#x27;Icelandic&#x27;),
E          (&#x27;it&#x27;, &#x27;Italian&#x27;),
E          (&#x27;ja&#x27;, &#x27;Japanese&#x27;),
E          (&#x27;ka&#x27;, &#x27;Georgian&#x27;),
E          (&#x27;kab&#x27;, &#x27;Kabyle&#x27;),
E          (&#x27;kk&#x27;, &#x27;Kazakh&#x27;),
E          (&#x27;km&#x27;, &#x27;Khmer&#x27;),
E          (&#x27;kn&#x27;, &#x27;Kannada&#x27;),
E          (&#x27;ko&#x27;, &#x27;Korean&#x27;),
E          (&#x27;ky&#x27;, &#x27;Kyrgyz&#x27;),
E          (&#x27;lb&#x27;, &#x27;Luxembourgish&#x27;),
E          (&#x27;lt&#x27;, &#x27;Lithuanian&#x27;),
E          (&#x27;lv&#x27;, &#x27;Latvian&#x27;),
E          (&#x27;mk&#x27;, &#x27;Macedonian&#x27;),
E          (&#x27;ml&#x27;, &#x27;Malayalam&#x27;),
E          (&#x27;mn&#x27;, &#x27;Mongolian&#x27;),
E          (&#x27;mr&#x27;, &#x27;Marathi&#x27;),
E          (&#x27;ms&#x27;, &#x27;Malay&#x27;),
E          (&#x27;my&#x27;, &#x27;Burmese&#x27;),
E          (&#x27;nb&#x27;, &#x27;Norwegian Bokmål&#x27;),
E          (&#x27;ne&#x27;, &#x27;Nepali&#x27;),
E          (&#x27;nl&#x27;, &#x27;Dutch&#x27;),
E          (&#x27;nn&#x27;, &#x27;Norwegian Nynorsk&#x27;),
E          (&#x27;os&#x27;, &#x27;Ossetic&#x27;),
E          (&#x27;pa&#x27;, &#x27;Punjabi&#x27;),
E          (&#x27;pl&#x27;, &#x27;Polish&#x27;),
E          (&#x27;pt&#x27;, &#x27;Portuguese&#x27;),
E          (&#x27;pt-br&#x27;, &#x27;Brazilian Portuguese&#x27;),
E          (&#x27;ro&#x27;, &#x27;Romanian&#x27;),
E          (&#x27;ru&#x27;, &#x27;Russian&#x27;),
E          (&#x27;sk&#x27;, &#x27;Slovak&#x27;),
E          (&#x27;sl&#x27;, &#x27;Slovenian&#x27;),
E          (&#x27;sq&#x27;, &#x27;Albanian&#x27;),
E          (&#x27;sr&#x27;, &#x27;Serbian&#x27;),
E          (&#x27;sr-latn&#x27;, &#x27;Serbian Latin&#x27;),
E          (&#x27;sv&#x27;, &#x27;Swedish&#x27;),
E          (&#x27;sw&#x27;, &#x27;Swahili&#x27;),
E          (&#x27;ta&#x27;, &#x27;Tamil&#x27;),
E          (&#x27;te&#x27;, &#x27;Telugu&#x27;),
E          (&#x27;tg&#x27;, &#x27;Tajik&#x27;),
E          (&#x27;th&#x27;, &#x27;Thai&#x27;),
E          (&#x27;tk&#x27;, &#x27;Turkmen&#x27;),
E          (&#x27;tr&#x27;, &#x27;Turkish&#x27;),
E          (&#x27;tt&#x27;, &#x27;Tatar&#x27;),
E          (&#x27;udm&#x27;, &#x27;Udmurt&#x27;),
E          (&#x27;ug&#x27;, &#x27;Uyghur&#x27;),
E          (&#x27;uk&#x27;, &#x27;Ukrainian&#x27;),
E          (&#x27;ur&#x27;, &#x27;Urdu&#x27;),
E          (&#x27;uz&#x27;, &#x27;Uzbek&#x27;),
E          (&#x27;vi&#x27;, &#x27;Vietnamese&#x27;),
E          (&#x27;zh-hans&#x27;, &#x27;Simplified Chinese&#x27;),
E          (&#x27;zh-hant&#x27;, &#x27;Traditional Chinese&#x27;)]</pre></td>
E                 </tr>
E               
E                 <tr>
E                   <td>LANGUAGES_BIDI</td>
E                   <td class="code"><pre>[&#x27;he&#x27;, &#x27;ar&#x27;, &#x27;ar-dz&#x27;, &#x27;ckb&#x27;, &#x27;fa&#x27;, &#x27;ug&#x27;, &#x27;ur&#x27;]</pre></td>
E                 </tr>
E               
E                 <tr>
E                   <td>LANGUAGE_CODE</td>
E                   <td class="code"><pre>&#x27;en-us&#x27;</pre></td>
E                 </tr>
E               
E                 <tr>
E                   <td>LANGUAGE_COOKIE_AGE</td>
E                   <td class="code"><pre>None</pre></td>
E                 </tr>
E               
E                 <tr>
E                   <td>LANGUAGE_COOKIE_DOMAIN</td>
E                   <td class="code"><pre>None</pre></td>
E                 </tr>
E               
E                 <tr>
E                   <td>LANGUAGE_COOKIE_HTTPONLY</td>
E                   <td class="code"><pre>False</pre></td>
E                 </tr>
E               
E                 <tr>
E                   <td>LANGUAGE_COOKIE_NAME</td>
E                   <td class="code"><pre>&#x27;django_language&#x27;</pre></td>
E                 </tr>
E               
E                 <tr>
E                   <td>LANGUAGE_COOKIE_PATH</td>
E                   <td class="code"><pre>&#x27;/&#x27;</pre></td>
E                 </tr>
E               
E                 <tr>
E                   <td>LANGUAGE_COOKIE_SAMESITE</td>
E                   <td class="code"><pre>None</pre></td>
E                 </tr>
E               
E                 <tr>
E                   <td>LANGUAGE_COOKIE_SECURE</td>
E                   <td class="code"><pre>False</pre></td>
E                 </tr>
E               
E                 <tr>
E                   <td>LOCALE_PATHS</td>
E                   <td class="code"><pre>[]</pre></td>
E                 </tr>
E               
E                 <tr>
E                   <td>LOGGING</td>
E                   <td class="code"><pre>{&#x27;disable_existing_loggers&#x27;: False,
E          &#x27;formatters&#x27;: {&#x27;simple&#x27;: {&#x27;format&#x27;: &#x27;{levelname} {message}&#x27;, &#x27;style&#x27;: &#x27;{&#x27;},
E                         &#x27;verbose&#x27;: {&#x27;format&#x27;: &#x27;{levelname} {asctime} {module} &#x27;
E                                               &#x27;{process:d} {thread:d} {message}&#x27;,
E                                     &#x27;style&#x27;: &#x27;{&#x27;}},
E          &#x27;handlers&#x27;: {&#x27;file&#x27;: {&#x27;class&#x27;: &#x27;logging.FileHandler&#x27;,
E                                &#x27;filename&#x27;: &#x27;django.log&#x27;,
E                                &#x27;formatter&#x27;: &#x27;verbose&#x27;,
E                                &#x27;level&#x27;: &#x27;INFO&#x27;},
E                       &#x27;security_file&#x27;: {&#x27;class&#x27;: &#x27;logging.FileHandler&#x27;,
E                                         &#x27;filename&#x27;: &#x27;security.log&#x27;,
E                                         &#x27;formatter&#x27;: &#x27;verbose&#x27;,
E                                         &#x27;level&#x27;: &#x27;WARNING&#x27;}},
E          &#x27;loggers&#x27;: {&#x27;depannage&#x27;: {&#x27;handlers&#x27;: [&#x27;file&#x27;],
E                                    &#x27;level&#x27;: &#x27;INFO&#x27;,
E                                    &#x27;propagate&#x27;: True},
E                      &#x27;django&#x27;: {&#x27;handlers&#x27;: [&#x27;file&#x27;],
E                                 &#x27;level&#x27;: &#x27;INFO&#x27;,
E                                 &#x27;propagate&#x27;: True},
E                      &#x27;django.security&#x27;: {&#x27;handlers&#x27;: [&#x27;security_file&#x27;],
E                                          &#x27;level&#x27;: &#x27;WARNING&#x27;,
E                                          &#x27;propagate&#x27;: False},
E                      &#x27;users&#x27;: {&#x27;handlers&#x27;: [&#x27;file&#x27;],
E                                &#x27;level&#x27;: &#x27;INFO&#x27;,
E                                &#x27;propagate&#x27;: True}},
E          &#x27;version&#x27;: 1}</pre></td>
E                 </tr>
E               
E                 <tr>
E                   <td>LOGGING_CONFIG</td>
E                   <td class="code"><pre>&#x27;logging.config.dictConfig&#x27;</pre></td>
E                 </tr>
E               
E                 <tr>
E                   <td>LOGIN_REDIRECT_URL</td>
E                   <td class="code"><pre>&#x27;/accounts/profile/&#x27;</pre></td>
E                 </tr>
E               
E                 <tr>
E                   <td>LOGIN_URL</td>
E                   <td class="code"><pre>&#x27;/accounts/login/&#x27;</pre></td>
E                 </tr>
E               
E                 <tr>
E                   <td>LOGOUT_REDIRECT_URL</td>
E                   <td class="code"><pre>None</pre></td>
E                 </tr>
E               
E                 <tr>
E                   <td>MANAGERS</td>
E                   <td class="code"><pre>[]</pre></td>
E                 </tr>
E               
E                 <tr>
E                   <td>MEDIA_ROOT</td>
E                   <td class="code"><pre>&#x27;/Users/mohamedbechirdiarra/Downloads/prototypeGamma/Backend/media&#x27;</pre></td>
E                 </tr>
E               
E                 <tr>
E                   <td>MEDIA_URL</td>
E                   <td class="code"><pre>&#x27;/media/&#x27;</pre></td>
E                 </tr>
E               
E                 <tr>
E                   <td>MESSAGE_STORAGE</td>
E                   <td class="code"><pre>&#x27;django.contrib.messages.storage.fallback.FallbackStorage&#x27;</pre></td>
E                 </tr>
E               
E                 <tr>
E                   <td>MIDDLEWARE</td>
E                   <td class="code"><pre>[&#x27;corsheaders.middleware.CorsMiddleware&#x27;,
E          &#x27;django.middleware.security.SecurityMiddleware&#x27;,
E          &#x27;django.contrib.sessions.middleware.SessionMiddleware&#x27;,
E          &#x27;django.middleware.common.CommonMiddleware&#x27;,
E          &#x27;django.middleware.csrf.CsrfViewMiddleware&#x27;,
E          &#x27;django.contrib.auth.middleware.AuthenticationMiddleware&#x27;,
E          &#x27;django.contrib.messages.middleware.MessageMiddleware&#x27;,
E          &#x27;django.middleware.clickjacking.XFrameOptionsMiddleware&#x27;,
E          &#x27;auth.middleware.JWTSecurityMiddleware&#x27;,
E          &#x27;auth.middleware.TokenValidationMiddleware&#x27;]</pre></td>
E                 </tr>
E               
E                 <tr>
E                   <td>MIGRATION_MODULES</td>
E                   <td class="code"><pre>{}</pre></td>
E                 </tr>
E               
E                 <tr>
E                   <td>MONTH_DAY_FORMAT</td>
E                   <td class="code"><pre>&#x27;F j&#x27;</pre></td>
E                 </tr>
E               
E                 <tr>
E                   <td>NOTIFICATION_CHANNELS</td>
E                   <td class="code"><pre>{&#x27;email&#x27;: True, &#x27;push&#x27;: False, &#x27;sms&#x27;: False}</pre></td>
E                 </tr>
E               
E                 <tr>
E                   <td>NUMBER_GROUPING</td>
E                   <td class="code"><pre>0</pre></td>
E                 </tr>
E               
E                 <tr>
E                   <td>PASSWORD_HASHERS</td>
E                   <td class="code"><pre>&#x27;********************&#x27;</pre></td>
E                 </tr>
E               
E                 <tr>
E                   <td>PASSWORD_RESET_TIMEOUT</td>
E                   <td class="code"><pre>&#x27;********************&#x27;</pre></td>
E                 </tr>
E               
E                 <tr>
E                   <td>PAYMENT_SETTINGS</td>
E                   <td class="code"><pre>{&#x27;CINETPAY_API_KEY&#x27;: &#x27;********************&#x27;,
E          &#x27;CINETPAY_ENVIRONMENT&#x27;: &#x27;Production&#x27;,
E          &#x27;CINETPAY_SITE_ID&#x27;: &#x27;105899471&#x27;}</pre></td>
E                 </tr>
E               
E                 <tr>
E                   <td>PREPEND_WWW</td>
E                   <td class="code"><pre>False</pre></td>
E                 </tr>
E               
E                 <tr>
E                   <td>REST_FRAMEWORK</td>
E                   <td class="code"><pre>{&#x27;DEFAULT_AUTHENTICATION_CLASSES&#x27;: &#x27;********************&#x27;,
E          &#x27;DEFAULT_PAGINATION_CLASS&#x27;: &#x27;rest_framework.pagination.PageNumberPagination&#x27;,
E          &#x27;DEFAULT_PARSER_CLASSES&#x27;: [&#x27;rest_framework.parsers.JSONParser&#x27;,
E                                     &#x27;rest_framework.parsers.MultiPartParser&#x27;,
E                                     &#x27;rest_framework.parsers.FormParser&#x27;],
E          &#x27;DEFAULT_PERMISSION_CLASSES&#x27;: [&#x27;rest_framework.permissions.IsAuthenticated&#x27;],
E          &#x27;DEFAULT_RENDERER_CLASSES&#x27;: [&#x27;rest_framework.renderers.JSONRenderer&#x27;],
E          &#x27;DEFAULT_THROTTLE_CLASSES&#x27;: [&#x27;rest_framework.throttling.UserRateThrottle&#x27;,
E                                       &#x27;rest_framework.throttling.AnonRateThrottle&#x27;,
E                                       &#x27;rest_framework.throttling.ScopedRateThrottle&#x27;],
E          &#x27;DEFAULT_THROTTLE_RATES&#x27;: {&#x27;anon&#x27;: &#x27;10000/day&#x27;,
E                                     &#x27;login&#x27;: &#x27;1000/day&#x27;,
E                                     &#x27;password_reset&#x27;: &#x27;********************&#x27;,
E                                     &#x27;register&#x27;: &#x27;500/day&#x27;,
E                                     &#x27;user&#x27;: &#x27;50000/day&#x27;,
E                                     &#x27;user_me&#x27;: &#x27;1000/day&#x27;},
E          &#x27;EXCEPTION_HANDLER&#x27;: &#x27;rest_framework.views.exception_handler&#x27;,
E          &#x27;PAGE_SIZE&#x27;: 20}</pre></td>
E                 </tr>
E               
E                 <tr>
E                   <td>ROOT_URLCONF</td>
E                   <td class="code"><pre>&#x27;auth.urls&#x27;</pre></td>
E                 </tr>
E               
E                 <tr>
E                   <td>SECRET_KEY</td>
E                   <td class="code"><pre>&#x27;********************&#x27;</pre></td>
E                 </tr>
E               
E                 <tr>
E                   <td>SECRET_KEY_FALLBACKS</td>
E                   <td class="code"><pre>&#x27;********************&#x27;</pre></td>
E                 </tr>
E               
E                 <tr>
E                   <td>SECURE_BROWSER_XSS_FILTER</td>
E                   <td class="code"><pre>True</pre></td>
E                 </tr>
E               
E                 <tr>
E                   <td>SECURE_CONTENT_TYPE_NOSNIFF</td>
E                   <td class="code"><pre>True</pre></td>
E                 </tr>
E               
E                 <tr>
E                   <td>SECURE_CROSS_ORIGIN_OPENER_POLICY</td>
E                   <td class="code"><pre>&#x27;same-origin&#x27;</pre></td>
E                 </tr>
E               
E                 <tr>
E                   <td>SECURE_HSTS_INCLUDE_SUBDOMAINS</td>
E                   <td class="code"><pre>True</pre></td>
E                 </tr>
E               
E                 <tr>
E                   <td>SECURE_HSTS_PRELOAD</td>
E                   <td class="code"><pre>True</pre></td>
E                 </tr>
E               
E                 <tr>
E                   <td>SECURE_HSTS_SECONDS</td>
E                   <td class="code"><pre>31536000</pre></td>
E                 </tr>
E               
E                 <tr>
E                   <td>SECURE_PROXY_SSL_HEADER</td>
E                   <td class="code"><pre>None</pre></td>
E                 </tr>
E               
E                 <tr>
E                   <td>SECURE_REDIRECT_EXEMPT</td>
E                   <td class="code"><pre>[]</pre></td>
E                 </tr>
E               
E                 <tr>
E                   <td>SECURE_REFERRER_POLICY</td>
E                   <td class="code"><pre>&#x27;same-origin&#x27;</pre></td>
E                 </tr>
E               
E                 <tr>
E                   <td>SECURE_SSL_HOST</td>
E                   <td class="code"><pre>None</pre></td>
E                 </tr>
E               
E                 <tr>
E                   <td>SECURE_SSL_REDIRECT</td>
E                   <td class="code"><pre>False</pre></td>
E                 </tr>
E               
E                 <tr>
E                   <td>SERVER_EMAIL</td>
E                   <td class="code"><pre>&#x27;root@localhost&#x27;</pre></td>
E                 </tr>
E               
E                 <tr>
E                   <td>SESSION_CACHE_ALIAS</td>
E                   <td class="code"><pre>&#x27;default&#x27;</pre></td>
E                 </tr>
E               
E                 <tr>
E                   <td>SESSION_COOKIE_AGE</td>
E                   <td class="code"><pre>3600</pre></td>
E                 </tr>
E               
E                 <tr>
E                   <td>SESSION_COOKIE_DOMAIN</td>
E                   <td class="code"><pre>None</pre></td>
E                 </tr>
E               
E                 <tr>
E                   <td>SESSION_COOKIE_HTTPONLY</td>
E                   <td class="code"><pre>True</pre></td>
E                 </tr>
E               
E                 <tr>
E                   <td>SESSION_COOKIE_NAME</td>
E                   <td class="code"><pre>&#x27;sessionid&#x27;</pre></td>
E                 </tr>
E               
E                 <tr>
E                   <td>SESSION_COOKIE_PATH</td>
E                   <td class="code"><pre>&#x27;/&#x27;</pre></td>
E                 </tr>
E               
E                 <tr>
E                   <td>SESSION_COOKIE_SAMESITE</td>
E                   <td class="code"><pre>&#x27;Lax&#x27;</pre></td>
E                 </tr>
E               
E                 <tr>
E                   <td>SESSION_COOKIE_SECURE</td>
E                   <td class="code"><pre>True</pre></td>
E                 </tr>
E               
E                 <tr>
E                   <td>SESSION_ENGINE</td>
E                   <td class="code"><pre>&#x27;django.contrib.sessions.backends.db&#x27;</pre></td>
E                 </tr>
E               
E                 <tr>
E                   <td>SESSION_EXPIRE_AT_BROWSER_CLOSE</td>
E                   <td class="code"><pre>True</pre></td>
E                 </tr>
E               
E                 <tr>
E                   <td>SESSION_FILE_PATH</td>
E                   <td class="code"><pre>None</pre></td>
E                 </tr>
E               
E                 <tr>
E                   <td>SESSION_SAVE_EVERY_REQUEST</td>
E                   <td class="code"><pre>False</pre></td>
E                 </tr>
E               
E                 <tr>
E                   <td>SESSION_SERIALIZER</td>
E                   <td class="code"><pre>&#x27;django.contrib.sessions.serializers.JSONSerializer&#x27;</pre></td>
E                 </tr>
E               
E                 <tr>
E                   <td>SETTINGS_MODULE</td>
E                   <td class="code"><pre>&#x27;Backend.auth.settings&#x27;</pre></td>
E                 </tr>
E               
E                 <tr>
E                   <td>SHORT_DATETIME_FORMAT</td>
E                   <td class="code"><pre>&#x27;m/d/Y P&#x27;</pre></td>
E                 </tr>
E               
E                 <tr>
E                   <td>SHORT_DATE_FORMAT</td>
E                   <td class="code"><pre>&#x27;m/d/Y&#x27;</pre></td>
E                 </tr>
E               
E                 <tr>
E                   <td>SIGNING_BACKEND</td>
E                   <td class="code"><pre>&#x27;django.core.signing.TimestampSigner&#x27;</pre></td>
E                 </tr>
E               
E                 <tr>
E                   <td>SILENCED_SYSTEM_CHECKS</td>
E                   <td class="code"><pre>[]</pre></td>
E                 </tr>
E               
E                 <tr>
E                   <td>SIMPLE_JWT</td>
E                   <td class="code"><pre>{&#x27;ACCESS_TOKEN_LIFETIME&#x27;: &#x27;********************&#x27;,
E          &#x27;ALGORITHM&#x27;: &#x27;HS256&#x27;,
E          &#x27;AUDIENCE&#x27;: None,
E          &#x27;AUTH_HEADER_NAME&#x27;: &#x27;********************&#x27;,
E          &#x27;AUTH_HEADER_TYPES&#x27;: &#x27;********************&#x27;,
E          &#x27;AUTH_TOKEN_CLASSES&#x27;: &#x27;********************&#x27;,
E          &#x27;BLACKLIST_AFTER_ROTATION&#x27;: True,
E          &#x27;ISSUER&#x27;: None,
E          &#x27;JTI_CLAIM&#x27;: &#x27;jti&#x27;,
E          &#x27;JWK_URL&#x27;: None,
E          &#x27;LEEWAY&#x27;: 0,
E          &#x27;REFRESH_TOKEN_LIFETIME&#x27;: &#x27;********************&#x27;,
E          &#x27;ROTATE_REFRESH_TOKENS&#x27;: &#x27;********************&#x27;,
E          &#x27;SIGNING_KEY&#x27;: &#x27;********************&#x27;,
E          &#x27;SLIDING_TOKEN_LIFETIME&#x27;: &#x27;********************&#x27;,
E          &#x27;SLIDING_TOKEN_REFRESH_EXP_CLAIM&#x27;: &#x27;********************&#x27;,
E          &#x27;SLIDING_TOKEN_REFRESH_LIFETIME&#x27;: &#x27;********************&#x27;,
E          &#x27;TOKEN_TYPE_CLAIM&#x27;: &#x27;********************&#x27;,
E          &#x27;TOKEN_USER_CLASS&#x27;: &#x27;********************&#x27;,
E          &#x27;UPDATE_LAST_LOGIN&#x27;: True,
E          &#x27;USER_AUTHENTICATION_RULE&#x27;: &#x27;********************&#x27;,
E          &#x27;USER_ID_CLAIM&#x27;: &#x27;user_id&#x27;,
E          &#x27;USER_ID_FIELD&#x27;: &#x27;id&#x27;,
E          &#x27;VERIFYING_KEY&#x27;: &#x27;********************&#x27;}</pre></td>
E                 </tr>
E               
E                 <tr>
E                   <td>STATICFILES_DIRS</td>
E                   <td class="code"><pre>[]</pre></td>
E                 </tr>
E               
E                 <tr>
E                   <td>STATICFILES_FINDERS</td>
E                   <td class="code"><pre>[&#x27;django.contrib.staticfiles.finders.FileSystemFinder&#x27;,
E          &#x27;django.contrib.staticfiles.finders.AppDirectoriesFinder&#x27;]</pre></td>
E                 </tr>
E               
E                 <tr>
E                   <td>STATIC_ROOT</td>
E                   <td class="code"><pre>&#x27;/Users/mohamedbechirdiarra/Downloads/prototypeGamma/Backend/staticfiles&#x27;</pre></td>
E                 </tr>
E               
E                 <tr>
E                   <td>STATIC_URL</td>
E                   <td class="code"><pre>&#x27;/static/&#x27;</pre></td>
E                 </tr>
E               
E                 <tr>
E                   <td>STORAGES</td>
E                   <td class="code"><pre>{&#x27;default&#x27;: {&#x27;BACKEND&#x27;: &#x27;django.core.files.storage.FileSystemStorage&#x27;},
E          &#x27;staticfiles&#x27;: {&#x27;BACKEND&#x27;: &#x27;django.contrib.staticfiles.storage.StaticFilesStorage&#x27;}}</pre></td>
E                 </tr>
E               
E                 <tr>
E                   <td>TEMPLATES</td>
E                   <td class="code"><pre>[{&#x27;APP_DIRS&#x27;: True,
E           &#x27;BACKEND&#x27;: &#x27;django.template.backends.django.DjangoTemplates&#x27;,
E           &#x27;DIRS&#x27;: [],
E           &#x27;OPTIONS&#x27;: {&#x27;context_processors&#x27;: [&#x27;django.template.context_processors.request&#x27;,
E                                              &#x27;django.contrib.auth.context_processors.auth&#x27;,
E                                              &#x27;django.contrib.messages.context_processors.messages&#x27;]}}]</pre></td>
E                 </tr>
E               
E                 <tr>
E                   <td>TEST_NON_SERIALIZED_APPS</td>
E                   <td class="code"><pre>[]</pre></td>
E                 </tr>
E               
E                 <tr>
E                   <td>TEST_RUNNER</td>
E                   <td class="code"><pre>&#x27;django.test.runner.DiscoverRunner&#x27;</pre></td>
E                 </tr>
E               
E                 <tr>
E                   <td>THOUSAND_SEPARATOR</td>
E                   <td class="code"><pre>&#x27;,&#x27;</pre></td>
E                 </tr>
E               
E                 <tr>
E                   <td>TIME_FORMAT</td>
E                   <td class="code"><pre>&#x27;P&#x27;</pre></td>
E                 </tr>
E               
E                 <tr>
E                   <td>TIME_INPUT_FORMATS</td>
E                   <td class="code"><pre>[&#x27;%H:%M:%S&#x27;, &#x27;%H:%M:%S.%f&#x27;, &#x27;%H:%M&#x27;]</pre></td>
E                 </tr>
E               
E                 <tr>
E                   <td>TIME_ZONE</td>
E                   <td class="code"><pre>&#x27;UTC&#x27;</pre></td>
E                 </tr>
E               
E                 <tr>
E                   <td>USE_I18N</td>
E                   <td class="code"><pre>True</pre></td>
E                 </tr>
E               
E                 <tr>
E                   <td>USE_THOUSAND_SEPARATOR</td>
E                   <td class="code"><pre>False</pre></td>
E                 </tr>
E               
E                 <tr>
E                   <td>USE_TZ</td>
E                   <td class="code"><pre>True</pre></td>
E                 </tr>
E               
E                 <tr>
E                   <td>USE_X_FORWARDED_HOST</td>
E                   <td class="code"><pre>False</pre></td>
E                 </tr>
E               
E                 <tr>
E                   <td>USE_X_FORWARDED_PORT</td>
E                   <td class="code"><pre>False</pre></td>
E                 </tr>
E               
E                 <tr>
E                   <td>WSGI_APPLICATION</td>
E                   <td class="code"><pre>&#x27;auth.wsgi.application&#x27;</pre></td>
E                 </tr>
E               
E                 <tr>
E                   <td>X_FRAME_OPTIONS</td>
E                   <td class="code"><pre>&#x27;DENY&#x27;</pre></td>
E                 </tr>
E               
E                 <tr>
E                   <td>YEAR_MONTH_FORMAT</td>
E                   <td class="code"><pre>&#x27;F Y&#x27;</pre></td>
E                 </tr>
E               
E             </tbody>
E           </table>
E         
E         </div>
E         </main>
E         
E         
E           <footer id="explanation">
E             <p>
E               You’re seeing this error because you have <code>DEBUG = True</code> in your
E               Django settings file. Change that to <code>False</code>, and Django will
E               display a standard page generated by the handler for this status code.
E             </p>
E           </footer>
E         
E         </body>
E         </html>
E         
E       assert 500 in (200, 201)
E        +  where 500 = <Response [500]>.status_code

Backend/test_user.py:238: AssertionError
----------------------------- Captured stdout call -----------------------------

=== Test création demande avec nouveau client ===
________________________________ test_websocket ________________________________
async def functions are not natively supported.
You need to install a suitable plugin for your async framework, for example:
  - anyio
  - pytest-asyncio
  - pytest-tornasync
  - pytest-trio
  - pytest-twisted
______________________________ test_final_success ______________________________

    def test_final_success():
        print(f"\n🎯 Test final du système pour le technicien : {TECHNICIAN_EMAIL}")
    
        # 1. Vérifier les données en base
        print("\n📊 Vérification des données en base :")
        user = User.objects.get(email=TECHNICIAN_EMAIL)
>       technician = Technician.objects.get(user=user)
                     ^^^^^^^^^^^^^^^^^^^^^^^^^^^^^^^^^

test_final_success.py:35: 
_ _ _ _ _ _ _ _ _ _ _ _ _ _ _ _ _ _ _ _ _ _ _ _ _ _ _ _ _ _ _ _ _ _ _ _ _ _ _ _ 
venv/lib/python3.13/site-packages/django/db/models/manager.py:87: in manager_method
    return getattr(self.get_queryset(), name)(*args, **kwargs)
           ^^^^^^^^^^^^^^^^^^^^^^^^^^^^^^^^^^^^^^^^^^^^^^^^^^^
_ _ _ _ _ _ _ _ _ _ _ _ _ _ _ _ _ _ _ _ _ _ _ _ _ _ _ _ _ _ _ _ _ _ _ _ _ _ _ _ 

self = <QuerySet []>, args = ()
kwargs = {'user': <User: ballo_plombier (Technicien)>}, clone = <QuerySet []>
limit = 21, num = 0

    def get(self, *args, **kwargs):
        """
        Perform the query and return a single object matching the given
        keyword arguments.
        """
        if self.query.combinator and (args or kwargs):
            raise NotSupportedError(
                "Calling QuerySet.get(...) with filters after %s() is not "
                "supported." % self.query.combinator
            )
        clone = self._chain() if self.query.combinator else self.filter(*args, **kwargs)
        if self.query.can_filter() and not self.query.distinct_fields:
            clone = clone.order_by()
        limit = None
        if (
            not clone.query.select_for_update
            or connections[clone.db].features.supports_select_for_update_with_limit
        ):
            limit = MAX_GET_RESULTS
            clone.query.set_limits(high=limit)
        num = len(clone)
        if num == 1:
            return clone._result_cache[0]
        if not num:
>           raise self.model.DoesNotExist(
                "%s matching query does not exist." % self.model._meta.object_name
            )
E           depannage.models.Technician.DoesNotExist: Technician matching query does not exist.

venv/lib/python3.13/site-packages/django/db/models/query.py:633: DoesNotExist
----------------------------- Captured stdout call -----------------------------

🎯 Test final du système pour le technicien : ballo@gmail.com

📊 Vérification des données en base :
_____________________________ test_reviews_system ______________________________

    def test_reviews_system():
        """Test complet du système d'avis"""
    
        print("🧪 Test complet du système d'avis")
        print("=" * 50)
    
        # 1. Test de connexion client
        print("\n1️⃣ Test de connexion client...")
        client_response = requests.post(
            f"{BASE_URL}/users/login/",
            json={"email": "client2@example.com", "password": "client123"}
        )
    
        if client_response.status_code == 200:
            client_token = client_response.json().get('access')
            print("✅ Connexion client réussie")
    
            # Test API avis reçus (doit échouer pour un client)
            headers = {"Authorization": f"Bearer {client_token}"}
            response = requests.get(
                f"{BASE_URL}/depannage/api/reviews/received/",
                headers=headers
            )
            print(f"📊 Test /reviews/received/ (client): {response.status_code}")
            if response.status_code == 403:
                print("✅ Correct: Client ne peut pas accéder aux avis reçus")
            else:
                print(f"❌ Problème: Status inattendu {response.status_code}")
    
            # Test API statistiques (doit fonctionner pour un client)
            response = requests.get(
                f"{BASE_URL}/depannage/api/reviews/statistics/",
                headers=headers
            )
            print(f"📈 Test /reviews/statistics/ (client): {response.status_code}")
            if response.status_code == 200:
                data = response.json()
                print(f"✅ Statistiques client: {data}")
            else:
                print(f"❌ Problème: {response.text}")
        else:
            print(f"❌ Échec connexion client: {client_response.status_code}")
    
        # 2. Test de création d'un avis (si possible)
        print("\n2️⃣ Test de création d'avis...")
    
        # Chercher une demande terminée pour créer un avis
        response = requests.get(
            f"{BASE_URL}/depannage/api/repair-requests/",
>           headers=headers
                    ^^^^^^^
        )
E       UnboundLocalError: cannot access local variable 'headers' where it is not associated with a value

test_reviews_complete.py:61: UnboundLocalError
----------------------------- Captured stdout call -----------------------------
🧪 Test complet du système d'avis
==================================================

1️⃣ Test de connexion client...
❌ Échec connexion client: 401

2️⃣ Test de création d'avis...
__________________________ test_simple_deduplication ___________________________

    def test_simple_deduplication():
        print(f"\n🔄 Test simple de déduplication pour : {TECHNICIAN_EMAIL}")
    
        # 1. Vérifier l'état initial
        user = User.objects.get(email=TECHNICIAN_EMAIL)
>       technician = Technician.objects.get(user=user)
                     ^^^^^^^^^^^^^^^^^^^^^^^^^^^^^^^^^

test_simple_deduplication.py:33: 
_ _ _ _ _ _ _ _ _ _ _ _ _ _ _ _ _ _ _ _ _ _ _ _ _ _ _ _ _ _ _ _ _ _ _ _ _ _ _ _ 
venv/lib/python3.13/site-packages/django/db/models/manager.py:87: in manager_method
    return getattr(self.get_queryset(), name)(*args, **kwargs)
           ^^^^^^^^^^^^^^^^^^^^^^^^^^^^^^^^^^^^^^^^^^^^^^^^^^^
_ _ _ _ _ _ _ _ _ _ _ _ _ _ _ _ _ _ _ _ _ _ _ _ _ _ _ _ _ _ _ _ _ _ _ _ _ _ _ _ 

self = <QuerySet []>, args = ()
kwargs = {'user': <User: ballo_plombier (Technicien)>}, clone = <QuerySet []>
limit = 21, num = 0

    def get(self, *args, **kwargs):
        """
        Perform the query and return a single object matching the given
        keyword arguments.
        """
        if self.query.combinator and (args or kwargs):
            raise NotSupportedError(
                "Calling QuerySet.get(...) with filters after %s() is not "
                "supported." % self.query.combinator
            )
        clone = self._chain() if self.query.combinator else self.filter(*args, **kwargs)
        if self.query.can_filter() and not self.query.distinct_fields:
            clone = clone.order_by()
        limit = None
        if (
            not clone.query.select_for_update
            or connections[clone.db].features.supports_select_for_update_with_limit
        ):
            limit = MAX_GET_RESULTS
            clone.query.set_limits(high=limit)
        num = len(clone)
        if num == 1:
            return clone._result_cache[0]
        if not num:
>           raise self.model.DoesNotExist(
                "%s matching query does not exist." % self.model._meta.object_name
            )
E           depannage.models.Technician.DoesNotExist: Technician matching query does not exist.

venv/lib/python3.13/site-packages/django/db/models/query.py:633: DoesNotExist
----------------------------- Captured stdout call -----------------------------

🔄 Test simple de déduplication pour : ballo@gmail.com
=========================== short test summary info ============================
FAILED Backend/test_notification.py::test_websocket_notification - django.db....
FAILED Backend/test_token_expiry.py::TokenExpiryTest::test_expired_token - dj...
FAILED Backend/test_user.py::test_login - ModuleNotFoundError: No module name...
FAILED Backend/test_user.py::test_register_and_login_mali_client - ModuleNotF...
FAILED Backend/test_user.py::test_register_and_login_mali_technician - Module...
FAILED Backend/test_user.py::test_create_repair_request_for_existing_client
FAILED Backend/test_user.py::test_create_repair_request_with_new_client - Ass...
FAILED Backend/test_websocket.py::test_websocket - Failed: async def function...
FAILED test_final_success.py::test_final_success - depannage.models.Technicia...
FAILED test_reviews_complete.py::test_reviews_system - UnboundLocalError: can...
FAILED test_simple_deduplication.py::test_simple_deduplication - depannage.mo...
ERROR Backend/test_admin_notifications.py::test_admin_notifications - Asserti...
ERROR Backend/test_statistics.py::test_dashboard_stats - AssertionError: Éche...
ERROR Backend/test_statistics.py::test_project_statistics - AssertionError: É...
ERROR Backend/test_statistics.py::test_available_technicians - AssertionError...
ERROR Backend/test_stats_simple.py::test_with_token - AssertionError: Échec d...
ERROR test_admin_stats_debug.py::test_stats_endpoint - AssertionError: Échec ...
ERROR test_admin_stats_debug.py::test_user_info - AssertionError: Échec de la...
ERROR test_chat_debug.py::test_chat_endpoint - AssertionError: Échec de la co...
ERROR test_chat_debug.py::test_other_endpoints - AssertionError: Échec de la ...
ERROR test_chat_with_auth.py::test_websocket_with_auth - AssertionError: Éche...
ERROR test_correctifs_appliques.py::test_endpoint
ERROR test_correctifs_appliques.py::test_pagination
ERROR test_enhanced_review_system.py::test_review_statistics
ERROR test_enhanced_review_system.py::test_review_analytics
ERROR test_enhanced_review_system.py::test_quality_metrics
ERROR test_enhanced_review_system.py::test_popular_tags
ERROR test_enhanced_review_system.py::test_review_moderation
ERROR test_enhanced_review_system.py::test_review_flagging
ERROR test_enhanced_review_system.py::test_review_update
ERROR test_enhanced_review_system.py::test_review_received
ERROR test_enhanced_review_system.py::test_review_given
ERROR test_technician_request_receiver.py::test_request_creation_and_notification
ERROR test_technician_request_receiver.py::test_technician_notifications
ERROR test_technician_request_receiver.py::test_request_assignment
ERROR test_technician_request_receiver.py::test_dashboard_integration
ERROR test_verification_complete.py::test_technician_dashboard - AssertionErr...
11 failed, 100 passed, 67 warnings, 26 errors in 26.45s
